Archive member included to satisfy reference by file (symbol)

.\CortexM0\ARM_GCC_541\Debug\start_v11.a(CyLib.o)
                              .\CortexM0\ARM_GCC_541\Debug\cyfitter_cfg.o (CySysClkWriteImoFreq)
.\CortexM0\ARM_GCC_541\Debug\start_v11.a(CyLFClk.o)
                              .\CortexM0\ARM_GCC_541\Debug\cyfitter_cfg.o (CySysClkWcoStart)
.\CortexM0\ARM_GCC_541\Debug\start_v11.a(RTC.o)
                              .\CortexM0\ARM_GCC_541\Debug\RTC_WDT.o (RTC_Start)
.\CortexM0\ARM_GCC_541\Debug\start_v11.a(GatePin.o)
                              .\CortexM0\ARM_GCC_541\Debug\gate.o (GatePin_ClearInterrupt)
.\CortexM0\ARM_GCC_541\Debug\start_v11.a(Timer_LED.o)
                              .\CortexM0\ARM_GCC_541\Debug\LED.o (Timer_LED_Init)
.\CortexM0\ARM_GCC_541\Debug\start_v11.a(Int_Timer_Led.o)
                              .\CortexM0\ARM_GCC_541\Debug\LED.o (Int_Timer_Led_StartEx)
.\CortexM0\ARM_GCC_541\Debug\start_v11.a(UART_XB.o)
                              .\CortexM0\ARM_GCC_541\Debug\network.o (UART_XB_Start)
.\CortexM0\ARM_GCC_541\Debug\start_v11.a(UART_XB_SPI_UART.o)
                              .\CortexM0\ARM_GCC_541\Debug\network.o (UART_XB_SpiUartGetRxBufferSize)
.\CortexM0\ARM_GCC_541\Debug\start_v11.a(UART_XB_UART.o)
                              .\CortexM0\ARM_GCC_541\Debug\start_v11.a(UART_XB.o) (UART_XB_UartInit)
.\CortexM0\ARM_GCC_541\Debug\start_v11.a(SwSPI_Master.o)
                              .\CortexM0\ARM_GCC_541\Debug\LCD5110_Graph.o (SwSPI_Master_SendByte)
.\CortexM0\ARM_GCC_541\Debug\start_v11.a(GATE_INT.o)
                              .\CortexM0\ARM_GCC_541\Debug\gate.o (GATE_INT_Disable)
.\CortexM0\ARM_GCC_541\Debug\start_v11.a(debug.o)
                              .\CortexM0\ARM_GCC_541\Debug\RTC_WDT.o (debug_Write)
.\CortexM0\ARM_GCC_541\Debug\start_v11.a(ADC.o)
                              .\CortexM0\ARM_GCC_541\Debug\batt.o (ADC_Start)
.\CortexM0\ARM_GCC_541\Debug\start_v11.a(ADC_INT.o)
                              .\CortexM0\ARM_GCC_541\Debug\start_v11.a(ADC.o) (ADC_ISR)
.\CortexM0\ARM_GCC_541\Debug\start_v11.a(CE.o)
                              .\CortexM0\ARM_GCC_541\Debug\LCD5110_Graph.o (CE_Write)
.\CortexM0\ARM_GCC_541\Debug\start_v11.a(RST.o)
                              .\CortexM0\ARM_GCC_541\Debug\LCD5110_Graph.o (RST_Write)
.\CortexM0\ARM_GCC_541\Debug\start_v11.a(DC.o)
                              .\CortexM0\ARM_GCC_541\Debug\LCD5110_Graph.o (DC_Write)
.\CortexM0\ARM_GCC_541\Debug\start_v11.a(LCD_BL.o)
                              .\CortexM0\ARM_GCC_541\Debug\display.o (LCD_BL_Write)
.\CortexM0\ARM_GCC_541\Debug\start_v11.a(TimerTestMode.o)
                              .\CortexM0\ARM_GCC_541\Debug\testMode.o (TimerTestMode_WriteCompare)
.\CortexM0\ARM_GCC_541\Debug\start_v11.a(Int_timerTestMode.o)
                              .\CortexM0\ARM_GCC_541\Debug\testMode.o (Int_timerTestMode_StartEx)
.\CortexM0\ARM_GCC_541\Debug\start_v11.a(Pin_testMode.o)
                              .\CortexM0\ARM_GCC_541\Debug\testMode.o (Pin_testMode_Write)
.\CortexM0\ARM_GCC_541\Debug\start_v11.a(SW_RunTestMode.o)
                              .\CortexM0\ARM_GCC_541\Debug\testMode.o (SW_RunTestMode_Read)
.\CortexM0\ARM_GCC_541\Debug\start_v11.a(LED_RED_PIN.o)
                              .\CortexM0\ARM_GCC_541\Debug\LED.o (LED_RED_PIN_Write)
.\CortexM0\ARM_GCC_541\Debug\start_v11.a(LED_GREEN_PIN.o)
                              .\CortexM0\ARM_GCC_541\Debug\LED.o (LED_GREEN_PIN_Write)
.\CortexM0\ARM_GCC_541\Debug\start_v11.a(Timer.o)
                              .\CortexM0\ARM_GCC_541\Debug\taskAutomat.o (Timer_Start)
.\CortexM0\ARM_GCC_541\Debug\start_v11.a(isr_timer.o)
                              .\CortexM0\ARM_GCC_541\Debug\taskAutomat.o (isr_timer_StartEx)
.\CortexM0\ARM_GCC_541\Debug\start_v11.a(BtnUp.o)
                              .\CortexM0\ARM_GCC_541\Debug\IDskier.o (BtnUp_Read)
.\CortexM0\ARM_GCC_541\Debug\start_v11.a(BtnDown.o)
                              .\CortexM0\ARM_GCC_541\Debug\IDskier.o (BtnDown_Read)
.\CortexM0\ARM_GCC_541\Debug\start_v11.a(BUTT_DOWN_INT.o)
                              .\CortexM0\ARM_GCC_541\Debug\IDskier.o (BUTT_DOWN_INT_Disable)
.\CortexM0\ARM_GCC_541\Debug\start_v11.a(BUTT_UP_INT.o)
                              .\CortexM0\ARM_GCC_541\Debug\IDskier.o (BUTT_UP_INT_Disable)
.\CortexM0\ARM_GCC_541\Debug\start_v11.a(CyBootAsmGnu.o)
                              .\CortexM0\ARM_GCC_541\Debug\cyfitter_cfg.o (CyDelayCycles)
.\CortexM0\ARM_GCC_541\Debug\start_v11.a(UART_XB_SPI_UART_INT.o)
                              .\CortexM0\ARM_GCC_541\Debug\start_v11.a(UART_XB_UART.o) (UART_XB_SPI_UART_ISR)
c:/program files (x86)/cypress/psoc creator/4.1/psoc creator/import/gnu/arm/5.4.1/bin/../lib/gcc/arm-none-eabi/5.4.1/armv6-m\libgcc.a(_udivsi3.o)
                              .\CortexM0\ARM_GCC_541\Debug\display.o (__aeabi_uidiv)
[...]
Memory Configuration

Name             Origin             Length             Attributes
rom              0x00000000         0x00020000         xr
ram              0x20000000         0x00004000         xrw
*default*        0x00000000         0xffffffff

Linker script and memory map

LOAD c:/program files (x86)/cypress/psoc creator/4.1/psoc creator/import/gnu/arm/5.4.1/bin/../lib/gcc/arm-none-eabi/5.4.1/armv6-m/crti.o
LOAD c:/program files (x86)/cypress/psoc creator/4.1/psoc creator/import/gnu/arm/5.4.1/bin/../lib/gcc/arm-none-eabi/5.4.1/armv6-m/crtbegin.o
LOAD c:/program files (x86)/cypress/psoc creator/4.1/psoc creator/import/gnu/arm/5.4.1/bin/../lib/gcc/arm-none-eabi/5.4.1/../../../../arm-none-eabi/lib/armv6-m/crt0.o
START GROUP
LOAD .\CortexM0\ARM_GCC_541\Debug\RTC_WDT.o
LOAD .\CortexM0\ARM_GCC_541\Debug\display.o
LOAD .\CortexM0\ARM_GCC_541\Debug\DefaultFonts.o
LOAD .\CortexM0\ARM_GCC_541\Debug\Graphics.o
LOAD .\CortexM0\ARM_GCC_541\Debug\LCD5110_Graph.o
LOAD .\CortexM0\ARM_GCC_541\Debug\gate.o
LOAD .\CortexM0\ARM_GCC_541\Debug\LED.o
LOAD .\CortexM0\ARM_GCC_541\Debug\crc32.o
LOAD .\CortexM0\ARM_GCC_541\Debug\svt.o
LOAD .\CortexM0\ARM_GCC_541\Debug\ntp.o
LOAD .\CortexM0\ARM_GCC_541\Debug\network.o
LOAD .\CortexM0\ARM_GCC_541\Debug\batt.o
LOAD .\CortexM0\ARM_GCC_541\Debug\testMode.o
LOAD .\CortexM0\ARM_GCC_541\Debug\taskAutomat.o
LOAD .\CortexM0\ARM_GCC_541\Debug\IDskier.o
LOAD .\CortexM0\ARM_GCC_541\Debug\main.o
LOAD .\CortexM0\ARM_GCC_541\Debug\cyfitter_cfg.o
LOAD .\CortexM0\ARM_GCC_541\Debug\cymetadata.o
LOAD .\CortexM0\ARM_GCC_541\Debug\Cm0Start.o
LOAD .\CortexM0\ARM_GCC_541\Debug\start_v11.a
LOAD C:\Program Files (x86)\Cypress\PSoC Creator\4.1\PSoC Creator\psoc\content\cycomponentlibrary\CyComponentLibrary.cylib\CortexM0\ARM_GCC_541\Debug\CyComponentLibrary.a
END GROUP
START GROUP
LOAD c:/program files (x86)/cypress/psoc creator/4.1/psoc creator/import/gnu/arm/5.4.1/bin/../lib/gcc/arm-none-eabi/5.4.1/armv6-m\libgcc.a
LOAD c:/program files (x86)/cypress/psoc creator/4.1/psoc creator/import/gnu/arm/5.4.1/bin/../lib/gcc/arm-none-eabi/5.4.1/../../../../arm-none-eabi/lib/armv6-m\libg.a
LOAD c:/program files (x86)/cypress/psoc creator/4.1/psoc creator/import/gnu/arm/5.4.1/bin/../lib/gcc/arm-none-eabi/5.4.1/../../../../arm-none-eabi/lib/armv6-m\libc.a
END GROUP
LOAD c:/program files (x86)/cypress/psoc creator/4.1/psoc creator/import/gnu/arm/5.4.1/bin/../lib/gcc/arm-none-eabi/5.4.1/armv6-m/crtend.o
LOAD c:/program files (x86)/cypress/psoc creator/4.1/psoc creator/import/gnu/arm/5.4.1/bin/../lib/gcc/arm-none-eabi/5.4.1/armv6-m/crtn.o
START GROUP
LOAD c:/program files (x86)/cypress/psoc creator/4.1/psoc creator/import/gnu/arm/5.4.1/bin/../lib/gcc/arm-none-eabi/5.4.1/armv6-m\libgcc.a
LOAD c:/program files (x86)/cypress/psoc creator/4.1/psoc creator/import/gnu/arm/5.4.1/bin/../lib/gcc/arm-none-eabi/5.4.1/../../../../arm-none-eabi/lib/armv6-m\libc.a
LOAD c:/program files (x86)/cypress/psoc creator/4.1/psoc creator/import/gnu/arm/5.4.1/bin/../lib/gcc/arm-none-eabi/5.4.1/../../../../arm-none-eabi/lib/armv6-m\libnosys.a
END GROUP
                0x00000000                CY_APPL_ORIGIN = 0x0
                0x00000080                CY_FLASH_ROW_SIZE = 0x80
                0x00000001                CY_APPL_NUM = 0x1
                0x00000001                CY_APPL_MAX = 0x1
                0x00000040                CY_METADATA_SIZE = 0x40
                0x00000000                CY_APPL_LOADABLE = 0x0
                0x00000000                CY_CHECKSUM_EXCLUDE_SIZE = ALIGN (0x0, CY_FLASH_ROW_SIZE)
                0x00000000                CY_APP_FOR_STACK_AND_COPIER = 0x0
                [!provide]                PROVIDE (__cy_heap_start, _end)
                0x00000001                PROVIDE (__cy_region_num, ((__cy_regions_end - __cy_regions) / 0x10))
                0x20004000                PROVIDE (__cy_stack, (ORIGIN (ram) + LENGTH (ram)))
                [!provide]                PROVIDE (__cy_heap_end, (__cy_stack - 0x800))

.cybootloader   0x00000000        0x0
 *(.cybootloader)
                0x00000000                appl1_start = CY_APPL_ORIGIN?CY_APPL_ORIGIN:ALIGN (CY_FLASH_ROW_SIZE)
                0x0000ff80                appl2_start = (appl1_start + ALIGN ((((LENGTH (rom) - appl1_start) - (0x2 * CY_FLASH_ROW_SIZE)) / 0x2), CY_FLASH_ROW_SIZE))
                0x00000000                appl_start = (CY_APPL_NUM == 0x1)?appl1_start:appl2_start
                0x00000001                cy_project_type_bootloader = (appl_start == 0x0)?0x1:0x0
                0x00000000                cy_project_type_app_for_stack_and_copier = (CY_APP_FOR_STACK_AND_COPIER == 0x1)?0x1:0x0

.text           0x00000000    0x13678
 CREATE_OBJECT_SYMBOLS
                0x00000000                PROVIDE (__cy_interrupt_vector, RomVectors)
 *(.romvectors)
 .romvectors    0x00000000       0x10 .\CortexM0\ARM_GCC_541\Debug\Cm0Start.o
                0x00000000                RomVectors
                0x00000001                ASSERT ((. != __cy_interrupt_vector), No interrupt vector)
                0x00000001                ASSERT (CY_APPL_ORIGIN?(SIZEOF (.cybootloader) <= CY_APPL_ORIGIN):0x1, Wrong image location)
                0x00000010                PROVIDE (__cy_reset, Reset)
 *(.text.Reset)
 .text.Reset    0x00000010        0x8 .\CortexM0\ARM_GCC_541\Debug\Cm0Start.o
                0x00000010                Reset
                0x00000001                ASSERT ((. != __cy_reset), No reset code)
 *(.psocinit)
 .psocinit      0x00000018      0x320 .\CortexM0\ARM_GCC_541\Debug\cyfitter_cfg.o
                0x000001b4                cyfitter_cfg
                0x00000338                . = MAX (., 0x100)
 *(.text .text.* .gnu.linkonce.t.*)
 .text          0x00000338        0x0 c:/program files (x86)/cypress/psoc creator/4.1/psoc creator/import/gnu/arm/5.4.1/bin/../lib/gcc/arm-none-eabi/5.4.1/armv6-m/crti.o
 .text          0x00000338       0x60 c:/program files (x86)/cypress/psoc creator/4.1/psoc creator/import/gnu/arm/5.4.1/bin/../lib/gcc/arm-none-eabi/5.4.1/armv6-m/crtbegin.o
 .text          0x00000398       0x78 c:/program files (x86)/cypress/psoc creator/4.1/psoc creator/import/gnu/arm/5.4.1/bin/../lib/gcc/arm-none-eabi/5.4.1/../../../../arm-none-eabi/lib/armv6-m/crt0.o
                0x00000398                _start
                0x00000398                _mainCRTStartup
 .text          0x00000410        0x0 .\CortexM0\ARM_GCC_541\Debug\RTC_WDT.o
 .text.RTC_IsBitSet
                0x00000410       0x24 .\CortexM0\ARM_GCC_541\Debug\RTC_WDT.o
 .text.RTC_GetSecond
                0x00000434       0x30 .\CortexM0\ARM_GCC_541\Debug\RTC_WDT.o
 .text.RTC_GetMinutes
                0x00000464       0x34 .\CortexM0\ARM_GCC_541\Debug\RTC_WDT.o
 .text.RTC_GetHours
                0x00000498       0x34 .\CortexM0\ARM_GCC_541\Debug\RTC_WDT.o
 .text.RTC_GetAmPm
                0x000004cc       0x20 .\CortexM0\ARM_GCC_541\Debug\RTC_WDT.o
 .text.CallBackCounter
                0x000004ec       0x3c .\CortexM0\ARM_GCC_541\Debug\RTC_WDT.o
                0x000004ec                CallBackCounter
 .text.RTC_WDT_Init
                0x00000528       0x24 .\CortexM0\ARM_GCC_541\Debug\RTC_WDT.o
                0x00000528                RTC_WDT_Init
 .text.RTCgetTime
                0x0000054c      0x3c0 .\CortexM0\ARM_GCC_541\Debug\RTC_WDT.o
                0x0000054c                RTCgetTime
 .text.RTCGetUnixTime
                0x0000090c       0x14 .\CortexM0\ARM_GCC_541\Debug\RTC_WDT.o
                0x0000090c                RTCGetUnixTime
 .text.RTCgetHours
                0x00000920       0x78 .\CortexM0\ARM_GCC_541\Debug\RTC_WDT.o
                0x00000920                RTCgetHours
 .text.RTCgetMinutes
                0x00000998       0x84 .\CortexM0\ARM_GCC_541\Debug\RTC_WDT.o
                0x00000998                RTCgetMinutes
 .text.RTCgetSecond
                0x00000a1c       0x4c .\CortexM0\ARM_GCC_541\Debug\RTC_WDT.o
                0x00000a1c                RTCgetSecond
 .text.RTCgetMiliecond
                0x00000a68       0x60 .\CortexM0\ARM_GCC_541\Debug\RTC_WDT.o
                0x00000a68                RTCgetMiliecond
 .text.RTCgetRecentMs
                0x00000ac8       0x14 .\CortexM0\ARM_GCC_541\Debug\RTC_WDT.o
                0x00000ac8                RTCgetRecentMs
 .text.RTCSync  0x00000adc       0x34 .\CortexM0\ARM_GCC_541\Debug\RTC_WDT.o
                0x00000adc                RTCSync
 .text          0x00000b10        0x0 .\CortexM0\ARM_GCC_541\Debug\display.o
 .text.RTC_GetSecond
                0x00000b10       0x30 .\CortexM0\ARM_GCC_541\Debug\display.o
 .text.RTC_GetMinutes
                0x00000b40       0x34 .\CortexM0\ARM_GCC_541\Debug\display.o
 .text.RTC_GetHours
                0x00000b74       0x34 .\CortexM0\ARM_GCC_541\Debug\display.o
 .text.DisplayStart
                0x00000ba8       0x40 .\CortexM0\ARM_GCC_541\Debug\display.o
                0x00000ba8                DisplayStart
 .text.Display  0x00000be8       0x84 .\CortexM0\ARM_GCC_541\Debug\display.o
                0x00000be8                Display
 .text.DisplayIndicatorSD
                0x00000c6c       0x4c .\CortexM0\ARM_GCC_541\Debug\display.o
                0x00000c6c                DisplayIndicatorSD
 .text.DisplayIndicatorNetwork
                0x00000cb8       0x68 .\CortexM0\ARM_GCC_541\Debug\display.o
                0x00000cb8                DisplayIndicatorNetwork
 .text.DisplayNetworkQuality
                0x00000d20       0xf8 .\CortexM0\ARM_GCC_541\Debug\display.o
                0x00000d20                DisplayNetworkQuality
 .text.DisplayRealTime
                0x00000e18       0x68 .\CortexM0\ARM_GCC_541\Debug\display.o
                0x00000e18                DisplayRealTime
 .text.DisplayLoading
                0x00000e80       0x10 .\CortexM0\ARM_GCC_541\Debug\display.o
                0x00000e80                DisplayLoading
 .text.DisplayBattVoltage
                0x00000e90      0x158 .\CortexM0\ARM_GCC_541\Debug\display.o
                0x00000e90                DisplayBattVoltage
 .text.DisplayLastSkierTime
                0x00000fe8       0x88 .\CortexM0\ARM_GCC_541\Debug\display.o
                0x00000fe8                DisplayLastSkierTime
 .text.DisplayNumSkierOnWay
                0x00001070       0x40 .\CortexM0\ARM_GCC_541\Debug\display.o
                0x00001070                DisplayNumSkierOnWay
 .text.DisplayTestMode
                0x000010b0       0x4c .\CortexM0\ARM_GCC_541\Debug\display.o
                0x000010b0                DisplayTestMode
 .text.DisplaBacklightOn
                0x000010fc       0x10 .\CortexM0\ARM_GCC_541\Debug\display.o
                0x000010fc                DisplaBacklightOn
 .text.DisplaBacklightOff
                0x0000110c       0x10 .\CortexM0\ARM_GCC_541\Debug\display.o
                0x0000110c                DisplaBacklightOff
 .text.DisplayIDskier
                0x0000111c       0xd0 .\CortexM0\ARM_GCC_541\Debug\display.o
                0x0000111c                DisplayIDskier
 .text          0x000011ec        0x0 .\CortexM0\ARM_GCC_541\Debug\DefaultFonts.o
 .text          0x000011ec        0x0 .\CortexM0\ARM_GCC_541\Debug\Graphics.o
 .text          0x000011ec        0x0 .\CortexM0\ARM_GCC_541\Debug\LCD5110_Graph.o
 .text._convert_float
                0x000011ec       0x3c .\CortexM0\ARM_GCC_541\Debug\LCD5110_Graph.o
                0x000011ec                _convert_float
 .text._LCD_Write
                0x00001228       0x48 .\CortexM0\ARM_GCC_541\Debug\LCD5110_Graph.o
                0x00001228                _LCD_Write
 .text.InitLCD  0x00001270       0xa4 .\CortexM0\ARM_GCC_541\Debug\LCD5110_Graph.o
                0x00001270                InitLCD
 .text.setContrast
                0x00001314       0x54 .\CortexM0\ARM_GCC_541\Debug\LCD5110_Graph.o
                0x00001314                setContrast
 .text.enableSleep
                0x00001368       0x50 .\CortexM0\ARM_GCC_541\Debug\LCD5110_Graph.o
                0x00001368                enableSleep
 .text.disableSleep
                0x000013b8       0x5c .\CortexM0\ARM_GCC_541\Debug\LCD5110_Graph.o
                0x000013b8                disableSleep
 .text.update   0x00001414       0x5c .\CortexM0\ARM_GCC_541\Debug\LCD5110_Graph.o
                0x00001414                update
 .text.clrScr   0x00001470       0x34 .\CortexM0\ARM_GCC_541\Debug\LCD5110_Graph.o
                0x00001470                clrScr
 .text.fillScr  0x000014a4       0x34 .\CortexM0\ARM_GCC_541\Debug\LCD5110_Graph.o
                0x000014a4                fillScr
 .text.invert   0x000014d8       0x30 .\CortexM0\ARM_GCC_541\Debug\LCD5110_Graph.o
                0x000014d8                invert
 .text.setPixel
                0x00001508       0x74 .\CortexM0\ARM_GCC_541\Debug\LCD5110_Graph.o
                0x00001508                setPixel
 .text.clrPixel
                0x0000157c       0x78 .\CortexM0\ARM_GCC_541\Debug\LCD5110_Graph.o
                0x0000157c                clrPixel
 .text.invPixel
                0x000015f4       0xb4 .\CortexM0\ARM_GCC_541\Debug\LCD5110_Graph.o
                0x000015f4                invPixel
 .text.invertText
                0x000016a8       0x30 .\CortexM0\ARM_GCC_541\Debug\LCD5110_Graph.o
                0x000016a8                invertText
 .text.print    0x000016d8       0x94 .\CortexM0\ARM_GCC_541\Debug\LCD5110_Graph.o
                0x000016d8                print
 .text.prints   0x0000176c       0x20 .\CortexM0\ARM_GCC_541\Debug\LCD5110_Graph.o
                0x0000176c                prints
 .text.printNumI
                0x0000178c      0x1a8 .\CortexM0\ARM_GCC_541\Debug\LCD5110_Graph.o
                0x0000178c                printNumI
 .text.printNumF
                0x00001934      0x154 .\CortexM0\ARM_GCC_541\Debug\LCD5110_Graph.o
                0x00001934                printNumF
 .text._print_char
                0x00001a88      0x2a8 .\CortexM0\ARM_GCC_541\Debug\LCD5110_Graph.o
                0x00001a88                _print_char
 .text.setFont  0x00001d30       0x48 .\CortexM0\ARM_GCC_541\Debug\LCD5110_Graph.o
                0x00001d30                setFont
 .text.drawHLine
                0x00001d78       0x98 .\CortexM0\ARM_GCC_541\Debug\LCD5110_Graph.o
                0x00001d78                drawHLine
 .text.clrHLine
                0x00001e10       0x9c .\CortexM0\ARM_GCC_541\Debug\LCD5110_Graph.o
                0x00001e10                clrHLine
 .text.drawVLine
                0x00001eac       0x58 .\CortexM0\ARM_GCC_541\Debug\LCD5110_Graph.o
                0x00001eac                drawVLine
 .text.clrVLine
                0x00001f04       0x58 .\CortexM0\ARM_GCC_541\Debug\LCD5110_Graph.o
                0x00001f04                clrVLine
 .text.drawLine
                0x00001f5c      0x2b8 .\CortexM0\ARM_GCC_541\Debug\LCD5110_Graph.o
                0x00001f5c                drawLine
 .text.clrLine  0x00002214      0x2b8 .\CortexM0\ARM_GCC_541\Debug\LCD5110_Graph.o
                0x00002214                clrLine
 .text.drawRect
                0x000024cc       0x80 .\CortexM0\ARM_GCC_541\Debug\LCD5110_Graph.o
                0x000024cc                drawRect
 .text.clrRect  0x0000254c       0x80 .\CortexM0\ARM_GCC_541\Debug\LCD5110_Graph.o
                0x0000254c                clrRect
 .text.drawRoundRect
                0x000025cc      0x104 .\CortexM0\ARM_GCC_541\Debug\LCD5110_Graph.o
                0x000025cc                drawRoundRect
 .text.clrRoundRect
                0x000026d0      0x104 .\CortexM0\ARM_GCC_541\Debug\LCD5110_Graph.o
                0x000026d0                clrRoundRect
 .text.drawCircle
                0x000027d4      0x1bc .\CortexM0\ARM_GCC_541\Debug\LCD5110_Graph.o
                0x000027d4                drawCircle
 .text.clrCircle
                0x00002990      0x1bc .\CortexM0\ARM_GCC_541\Debug\LCD5110_Graph.o
                0x00002990                clrCircle
 .text.drawBitmap
                0x00002b4c       0xcc .\CortexM0\ARM_GCC_541\Debug\LCD5110_Graph.o
                0x00002b4c                drawBitmap
 .text          0x00002c18        0x0 .\CortexM0\ARM_GCC_541\Debug\gate.o
 .text.GATE_INTERRUPT
                0x00002c18       0x3c .\CortexM0\ARM_GCC_541\Debug\gate.o
                0x00002c18                GATE_INTERRUPT
 .text.GateInit
                0x00002c54       0x28 .\CortexM0\ARM_GCC_541\Debug\gate.o
                0x00002c54                GateInit
 .text.GateIsOpen
                0x00002c7c       0x20 .\CortexM0\ARM_GCC_541\Debug\gate.o
                0x00002c7c                GateIsOpen
 .text.AllowNextSkier
                0x00002c9c       0x14 .\CortexM0\ARM_GCC_541\Debug\gate.o
                0x00002c9c                AllowNextSkier
 .text.DisAllowNextSkier
                0x00002cb0       0x20 .\CortexM0\ARM_GCC_541\Debug\gate.o
                0x00002cb0                DisAllowNextSkier
 .text.GetStartTime
                0x00002cd0       0x30 .\CortexM0\ARM_GCC_541\Debug\gate.o
                0x00002cd0                GetStartTime
 .text          0x00002d00        0x0 .\CortexM0\ARM_GCC_541\Debug\LED.o
 .text.LedInit  0x00002d00       0x2c .\CortexM0\ARM_GCC_541\Debug\LED.o
                0x00002d00                LedInit
 .text.LedHandler
                0x00002d2c       0x20 .\CortexM0\ARM_GCC_541\Debug\LED.o
                0x00002d2c                LedHandler
 .text.LedRedBlink
                0x00002d4c       0x34 .\CortexM0\ARM_GCC_541\Debug\LED.o
                0x00002d4c                LedRedBlink
 .text.SetLedsState
                0x00002d80       0x34 .\CortexM0\ARM_GCC_541\Debug\LED.o
                0x00002d80                SetLedsState
 .text          0x00002db4        0x0 .\CortexM0\ARM_GCC_541\Debug\crc32.o
 .text.crc32_update
                0x00002db4       0x50 .\CortexM0\ARM_GCC_541\Debug\crc32.o
                0x00002db4                crc32_update
 .text.crc32_calc_block
                0x00002e04       0x44 .\CortexM0\ARM_GCC_541\Debug\crc32.o
                0x00002e04                crc32_calc_block
 .text.crc32_calc
                0x00002e48       0x2c .\CortexM0\ARM_GCC_541\Debug\crc32.o
                0x00002e48                crc32_calc
 .text.crc32_init_tab
                0x00002e74       0x6c .\CortexM0\ARM_GCC_541\Debug\crc32.o
 .text          0x00002ee0        0x0 .\CortexM0\ARM_GCC_541\Debug\svt.o
 .text.UnpackData
                0x00002ee0      0x468 .\CortexM0\ARM_GCC_541\Debug\svt.o
                0x00002ee0                UnpackData
 .text.DecodeByte
                0x00003348       0x50 .\CortexM0\ARM_GCC_541\Debug\svt.o
                0x00003348                DecodeByte
 .text.CheckSymb
                0x00003398       0x34 .\CortexM0\ARM_GCC_541\Debug\svt.o
                0x00003398                CheckSymb
 .text.ResetPacket
                0x000033cc       0x40 .\CortexM0\ARM_GCC_541\Debug\svt.o
                0x000033cc                ResetPacket
 .text.PackData
                0x0000340c      0x13c .\CortexM0\ARM_GCC_541\Debug\svt.o
                0x0000340c                PackData
 .text          0x00003548        0x0 .\CortexM0\ARM_GCC_541\Debug\ntp.o
 .text.NtpUnpackData
                0x00003548      0x26c .\CortexM0\ARM_GCC_541\Debug\ntp.o
                0x00003548                NtpUnpackData
 .text.NtpDecodeByte
                0x000037b4       0x50 .\CortexM0\ARM_GCC_541\Debug\ntp.o
                0x000037b4                NtpDecodeByte
 .text.NtpCheckSymb
                0x00003804       0x34 .\CortexM0\ARM_GCC_541\Debug\ntp.o
                0x00003804                NtpCheckSymb
 .text.NtpResetPacket
                0x00003838       0x30 .\CortexM0\ARM_GCC_541\Debug\ntp.o
                0x00003838                NtpResetPacket
 .text          0x00003868        0x0 .\CortexM0\ARM_GCC_541\Debug\network.o
 .text.CallBackNetworkCounter
                0x00003868       0x54 .\CortexM0\ARM_GCC_541\Debug\network.o
                0x00003868                CallBackNetworkCounter
 .text.InitNetwork
                0x000038bc       0x58 .\CortexM0\ARM_GCC_541\Debug\network.o
                0x000038bc                InitNetwork
 .text.CustomInterruptHandler
                0x00003914      0x164 .\CortexM0\ARM_GCC_541\Debug\network.o
                0x00003914                CustomInterruptHandler
 .text.SendData
                0x00003a78       0xfc .\CortexM0\ARM_GCC_541\Debug\network.o
                0x00003a78                SendData
 .text.NetworkStatus
                0x00003b74       0x14 .\CortexM0\ARM_GCC_541\Debug\network.o
                0x00003b74                NetworkStatus
 .text.SendSkierStart
                0x00003b88       0x30 .\CortexM0\ARM_GCC_541\Debug\network.o
                0x00003b88                SendSkierStart
 .text.FinReady
                0x00003bb8       0x14 .\CortexM0\ARM_GCC_541\Debug\network.o
                0x00003bb8                FinReady
 .text.FinWriteInDB
                0x00003bcc       0x28 .\CortexM0\ARM_GCC_541\Debug\network.o
                0x00003bcc                FinWriteInDB
 .text.IsRebootFinishFlag
                0x00003bf4       0x44 .\CortexM0\ARM_GCC_541\Debug\network.o
                0x00003bf4                IsRebootFinishFlag
 .text.SetRebootFlag
                0x00003c38       0x14 .\CortexM0\ARM_GCC_541\Debug\network.o
                0x00003c38                SetRebootFlag
 .text.ClearRebootFlag
                0x00003c4c       0x20 .\CortexM0\ARM_GCC_541\Debug\network.o
                0x00003c4c                ClearRebootFlag
 .text.NetworkReadTestModeStatus
                0x00003c6c       0x14 .\CortexM0\ARM_GCC_541\Debug\network.o
                0x00003c6c                NetworkReadTestModeStatus
 .text.NetworkSendTestModeStatus
                0x00003c80       0x30 .\CortexM0\ARM_GCC_541\Debug\network.o
                0x00003c80                NetworkSendTestModeStatus
 .text.NetworkQuality
                0x00003cb0       0x60 .\CortexM0\ARM_GCC_541\Debug\network.o
                0x00003cb0                NetworkQuality
 .text.NTPsync  0x00003d10      0x274 .\CortexM0\ARM_GCC_541\Debug\network.o
                0x00003d10                NTPsync
 .text.NTPsendTime
                0x00003f84       0x64 .\CortexM0\ARM_GCC_541\Debug\network.o
                0x00003f84                NTPsendTime
 .text          0x00003fe8        0x0 .\CortexM0\ARM_GCC_541\Debug\batt.o
 .text.BattADC_Init
                0x00003fe8       0x18 .\CortexM0\ARM_GCC_541\Debug\batt.o
                0x00003fe8                BattADC_Init
 .text.ReadBattVoltage
                0x00004000       0x34 .\CortexM0\ARM_GCC_541\Debug\batt.o
                0x00004000                ReadBattVoltage
 .text          0x00004034        0x0 .\CortexM0\ARM_GCC_541\Debug\testMode.o
 .text.testModeHandler
                0x00004034       0x30 .\CortexM0\ARM_GCC_541\Debug\testMode.o
                0x00004034                testModeHandler
 .text.TestMode
                0x00004064      0x10c .\CortexM0\ARM_GCC_541\Debug\testMode.o
                0x00004064                TestMode
 .text.TestMode_UpdateNewRandomTime
                0x00004170       0x40 .\CortexM0\ARM_GCC_541\Debug\testMode.o
                0x00004170                TestMode_UpdateNewRandomTime
 .text.ReadSwitchState
                0x000041b0       0x80 .\CortexM0\ARM_GCC_541\Debug\testMode.o
                0x000041b0                ReadSwitchState
 .text.ReadNetworkState
                0x00004230       0x74 .\CortexM0\ARM_GCC_541\Debug\testMode.o
                0x00004230                ReadNetworkState
 .text.AllowNextTestSkier
                0x000042a4       0x14 .\CortexM0\ARM_GCC_541\Debug\testMode.o
                0x000042a4                AllowNextTestSkier
 .text          0x000042b8        0x0 .\CortexM0\ARM_GCC_541\Debug\taskAutomat.o
 .text.TIMER_HANDLER
                0x000042b8       0x94 .\CortexM0\ARM_GCC_541\Debug\taskAutomat.o
                0x000042b8                TIMER_HANDLER
 .text.TaskCheck
                0x0000434c       0x4c .\CortexM0\ARM_GCC_541\Debug\taskAutomat.o
                0x0000434c                TaskCheck
 .text.TaskTimerInit
                0x00004398       0x40 .\CortexM0\ARM_GCC_541\Debug\taskAutomat.o
                0x00004398                TaskTimerInit
 .text.SetTaskTimer
                0x000043d8       0x90 .\CortexM0\ARM_GCC_541\Debug\taskAutomat.o
                0x000043d8                SetTaskTimer
 .text.Action1  0x00004468       0x24 .\CortexM0\ARM_GCC_541\Debug\taskAutomat.o
                0x00004468                Action1
 .text.Action2  0x0000448c       0x3c .\CortexM0\ARM_GCC_541\Debug\taskAutomat.o
                0x0000448c                Action2
 .text.Action3  0x000044c8       0x2c .\CortexM0\ARM_GCC_541\Debug\taskAutomat.o
                0x000044c8                Action3
 .text.Action4  0x000044f4       0x14 .\CortexM0\ARM_GCC_541\Debug\taskAutomat.o
                0x000044f4                Action4
 .text.Action5  0x00004508       0x14 .\CortexM0\ARM_GCC_541\Debug\taskAutomat.o
                0x00004508                Action5
 .text          0x0000451c        0x0 .\CortexM0\ARM_GCC_541\Debug\IDskier.o
 .text.BUTT_UP_INTERRUPT
                0x0000451c       0x1c .\CortexM0\ARM_GCC_541\Debug\IDskier.o
                0x0000451c                BUTT_UP_INTERRUPT
 .text.BUTT_DOWN_INTERRUPT
                0x00004538       0x1c .\CortexM0\ARM_GCC_541\Debug\IDskier.o
                0x00004538                BUTT_DOWN_INTERRUPT
 .text.ButtInit
                0x00004554       0x34 .\CortexM0\ARM_GCC_541\Debug\IDskier.o
                0x00004554                ButtInit
 .text.ButtCheck
                0x00004588       0xf0 .\CortexM0\ARM_GCC_541\Debug\IDskier.o
                0x00004588                ButtCheck
 .text.ReadIdSkier
                0x00004678       0x14 .\CortexM0\ARM_GCC_541\Debug\IDskier.o
                0x00004678                ReadIdSkier
 .text.IncrementIDskier
                0x0000468c       0x30 .\CortexM0\ARM_GCC_541\Debug\IDskier.o
                0x0000468c                IncrementIDskier
 .text          0x000046bc        0x0 .\CortexM0\ARM_GCC_541\Debug\main.o
 .text.main     0x000046bc       0xb4 .\CortexM0\ARM_GCC_541\Debug\main.o
                0x000046bc                main
 .text.SystemInit
                0x00004770       0x68 .\CortexM0\ARM_GCC_541\Debug\main.o
                0x00004770                SystemInit
 .text.TimeSynchronize
                0x000047d8       0x8c .\CortexM0\ARM_GCC_541\Debug\main.o
                0x000047d8                TimeSynchronize
 .text.GetFinishStatus
                0x00004864       0x68 .\CortexM0\ARM_GCC_541\Debug\main.o
                0x00004864                GetFinishStatus
 .text.CheckGate
                0x000048cc       0x60 .\CortexM0\ARM_GCC_541\Debug\main.o
                0x000048cc                CheckGate
 .text.SaveResult
                0x0000492c       0x68 .\CortexM0\ARM_GCC_541\Debug\main.o
                0x0000492c                SaveResult
 .text.Delay    0x00004994       0x28 .\CortexM0\ARM_GCC_541\Debug\main.o
                0x00004994                Delay
 .text          0x000049bc        0x0 .\CortexM0\ARM_GCC_541\Debug\cyfitter_cfg.o
 .text.CYMEMZERO
                0x000049bc       0x20 .\CortexM0\ARM_GCC_541\Debug\cyfitter_cfg.o
 .text.CYCONFIGCPY
                0x000049dc       0x20 .\CortexM0\ARM_GCC_541\Debug\cyfitter_cfg.o
 .text.CYCONFIGCPYCODE
                0x000049fc       0x20 .\CortexM0\ARM_GCC_541\Debug\cyfitter_cfg.o
 .text.cfg_write_bytes32
                0x00004a1c       0x84 .\CortexM0\ARM_GCC_541\Debug\cyfitter_cfg.o
 .text.AnalogSetDefault
                0x00004aa0       0x44 .\CortexM0\ARM_GCC_541\Debug\cyfitter_cfg.o
 .text.SetAnalogRoutingPumps
                0x00004ae4       0x40 .\CortexM0\ARM_GCC_541\Debug\cyfitter_cfg.o
                0x00004ae4                SetAnalogRoutingPumps
 .text          0x00004b24        0x0 .\CortexM0\ARM_GCC_541\Debug\cymetadata.o
 .text          0x00004b24        0x0 .\CortexM0\ARM_GCC_541\Debug\Cm0Start.o
 .text.IntDefaultHandler
                0x00004b24        0x8 .\CortexM0\ARM_GCC_541\Debug\Cm0Start.o
                0x00004b24                IntDefaultHandler
 .text._exit    0x00004b2c       0x14 .\CortexM0\ARM_GCC_541\Debug\Cm0Start.o
                0x00004b2c                _exit
 .text._sbrk    0x00004b40       0x54 .\CortexM0\ARM_GCC_541\Debug\Cm0Start.o
                0x00004b40                _sbrk
 .text.Start_c  0x00004b94       0x98 .\CortexM0\ARM_GCC_541\Debug\Cm0Start.o
                0x00004b94                Start_c
 .text.initialize_psoc
                0x00004c2c       0x70 .\CortexM0\ARM_GCC_541\Debug\Cm0Start.o
                0x00004c2c                initialize_psoc
 .text          0x00004c9c        0x0 .\CortexM0\ARM_GCC_541\Debug\start_v11.a(CyLib.o)
 .text.CySysClkImoStart
                0x00004c9c       0x1c .\CortexM0\ARM_GCC_541\Debug\start_v11.a(CyLib.o)
                0x00004c9c                CySysClkImoStart
 .text.CySysClkImoStop
                0x00004cb8       0x1c .\CortexM0\ARM_GCC_541\Debug\start_v11.a(CyLib.o)
                0x00004cb8                CySysClkImoStop
 .text.CySysClkWriteHfclkDirect
                0x00004cd4       0x48 .\CortexM0\ARM_GCC_541\Debug\start_v11.a(CyLib.o)
                0x00004cd4                CySysClkWriteHfclkDirect
 .text.CySysClkGetSysclkSource
                0x00004d1c       0x34 .\CortexM0\ARM_GCC_541\Debug\start_v11.a(CyLib.o)
                0x00004d1c                CySysClkGetSysclkSource
 .text.CySysClkWriteSysclkDiv
                0x00004d50       0x48 .\CortexM0\ARM_GCC_541\Debug\start_v11.a(CyLib.o)
                0x00004d50                CySysClkWriteSysclkDiv
 .text.CySysClkWriteImoFreq
                0x00004d98       0x9c .\CortexM0\ARM_GCC_541\Debug\start_v11.a(CyLib.o)
                0x00004d98                CySysClkWriteImoFreq
 .text.CySysClkEcoStart
                0x00004e34       0x74 .\CortexM0\ARM_GCC_541\Debug\start_v11.a(CyLib.o)
                0x00004e34                CySysClkEcoStart
 .text.CySysClkEcoStop
                0x00004ea8       0x30 .\CortexM0\ARM_GCC_541\Debug\start_v11.a(CyLib.o)
                0x00004ea8                CySysClkEcoStop
 .text.CySysClkEcoReadStatus
                0x00004ed8       0x20 .\CortexM0\ARM_GCC_541\Debug\start_v11.a(CyLib.o)
                0x00004ed8                CySysClkEcoReadStatus
 .text.CySysClkWriteEcoDiv
                0x00004ef8       0x58 .\CortexM0\ARM_GCC_541\Debug\start_v11.a(CyLib.o)
                0x00004ef8                CySysClkWriteEcoDiv
 .text.CySysLvdEnable
                0x00004f50       0x64 .\CortexM0\ARM_GCC_541\Debug\start_v11.a(CyLib.o)
                0x00004f50                CySysLvdEnable
 .text.CySysLvdDisable
                0x00004fb4       0x2c .\CortexM0\ARM_GCC_541\Debug\start_v11.a(CyLib.o)
                0x00004fb4                CySysLvdDisable
 .text.CySysLvdGetInterruptSource
                0x00004fe0       0x18 .\CortexM0\ARM_GCC_541\Debug\start_v11.a(CyLib.o)
                0x00004fe0                CySysLvdGetInterruptSource
 .text.CySysLvdClearInterrupt
                0x00004ff8       0x14 .\CortexM0\ARM_GCC_541\Debug\start_v11.a(CyLib.o)
                0x00004ff8                CySysLvdClearInterrupt
 .text.CySysGetResetReason
                0x0000500c       0x30 .\CortexM0\ARM_GCC_541\Debug\start_v11.a(CyLib.o)
                0x0000500c                CySysGetResetReason
 .text.CyDisableInts
                0x0000503c       0x24 .\CortexM0\ARM_GCC_541\Debug\start_v11.a(CyLib.o)
                0x0000503c                CyDisableInts
 .text.CyEnableInts
                0x00005060       0x1c .\CortexM0\ARM_GCC_541\Debug\start_v11.a(CyLib.o)
                0x00005060                CyEnableInts
 .text.CyIntSetSysVector
                0x0000507c       0x48 .\CortexM0\ARM_GCC_541\Debug\start_v11.a(CyLib.o)
                0x0000507c                CyIntSetSysVector
 .text.CyIntGetSysVector
                0x000050c4       0x34 .\CortexM0\ARM_GCC_541\Debug\start_v11.a(CyLib.o)
                0x000050c4                CyIntGetSysVector
 .text.CyIntSetVector
                0x000050f8       0x4c .\CortexM0\ARM_GCC_541\Debug\start_v11.a(CyLib.o)
                0x000050f8                CyIntSetVector
 .text.CyIntGetVector
                0x00005144       0x38 .\CortexM0\ARM_GCC_541\Debug\start_v11.a(CyLib.o)
                0x00005144                CyIntGetVector
 .text.CyIntSetPriority
                0x0000517c       0xa8 .\CortexM0\ARM_GCC_541\Debug\start_v11.a(CyLib.o)
                0x0000517c                CyIntSetPriority
 .text.CyIntGetPriority
                0x00005224       0x58 .\CortexM0\ARM_GCC_541\Debug\start_v11.a(CyLib.o)
                0x00005224                CyIntGetPriority
 .text.CyIntEnable
                0x0000527c       0x2c .\CortexM0\ARM_GCC_541\Debug\start_v11.a(CyLib.o)
                0x0000527c                CyIntEnable
 .text.CyIntGetState
                0x000052a8       0x30 .\CortexM0\ARM_GCC_541\Debug\start_v11.a(CyLib.o)
                0x000052a8                CyIntGetState
 .text.CyIntDisable
                0x000052d8       0x2c .\CortexM0\ARM_GCC_541\Debug\start_v11.a(CyLib.o)
                0x000052d8                CyIntDisable
 .text.CyIntSetPending
                0x00005304       0x2c .\CortexM0\ARM_GCC_541\Debug\start_v11.a(CyLib.o)
                0x00005304                CyIntSetPending
 .text.CyIntClearPending
                0x00005330       0x2c .\CortexM0\ARM_GCC_541\Debug\start_v11.a(CyLib.o)
                0x00005330                CyIntClearPending
 .text.CyHalt   0x0000535c       0x18 .\CortexM0\ARM_GCC_541\Debug\start_v11.a(CyLib.o)
                0x0000535c                CyHalt
 .text.CySoftwareReset
                0x00005374       0x24 .\CortexM0\ARM_GCC_541\Debug\start_v11.a(CyLib.o)
                0x00005374                CySoftwareReset
 .text.CyDelay  0x00005398       0x4c .\CortexM0\ARM_GCC_541\Debug\start_v11.a(CyLib.o)
                0x00005398                CyDelay
 .text.CyDelayUs
                0x000053e4       0x28 .\CortexM0\ARM_GCC_541\Debug\start_v11.a(CyLib.o)
                0x000053e4                CyDelayUs
 .text.CyDelayFreq
                0x0000540c       0x84 .\CortexM0\ARM_GCC_541\Debug\start_v11.a(CyLib.o)
                0x0000540c                CyDelayFreq
 .text.CySysTickStart
                0x00005490       0x24 .\CortexM0\ARM_GCC_541\Debug\start_v11.a(CyLib.o)
                0x00005490                CySysTickStart
 .text.CySysTickInit
                0x000054b4       0x68 .\CortexM0\ARM_GCC_541\Debug\start_v11.a(CyLib.o)
                0x000054b4                CySysTickInit
 .text.CySysTickEnable
                0x0000551c       0x20 .\CortexM0\ARM_GCC_541\Debug\start_v11.a(CyLib.o)
                0x0000551c                CySysTickEnable
 .text.CySysTickStop
                0x0000553c       0x1c .\CortexM0\ARM_GCC_541\Debug\start_v11.a(CyLib.o)
                0x0000553c                CySysTickStop
 .text.CySysTickEnableInterrupt
                0x00005558       0x1c .\CortexM0\ARM_GCC_541\Debug\start_v11.a(CyLib.o)
                0x00005558                CySysTickEnableInterrupt
 .text.CySysTickDisableInterrupt
                0x00005574       0x1c .\CortexM0\ARM_GCC_541\Debug\start_v11.a(CyLib.o)
                0x00005574                CySysTickDisableInterrupt
 .text.CySysTickSetReload
                0x00005590       0x20 .\CortexM0\ARM_GCC_541\Debug\start_v11.a(CyLib.o)
                0x00005590                CySysTickSetReload
 .text.CySysTickGetReload
                0x000055b0       0x18 .\CortexM0\ARM_GCC_541\Debug\start_v11.a(CyLib.o)
                0x000055b0                CySysTickGetReload
 .text.CySysTickGetValue
                0x000055c8       0x18 .\CortexM0\ARM_GCC_541\Debug\start_v11.a(CyLib.o)
                0x000055c8                CySysTickGetValue
 .text.CySysTickSetClockSource
                0x000055e0       0x34 .\CortexM0\ARM_GCC_541\Debug\start_v11.a(CyLib.o)
                0x000055e0                CySysTickSetClockSource
 .text.CySysTickGetCountFlag
                0x00005614       0x18 .\CortexM0\ARM_GCC_541\Debug\start_v11.a(CyLib.o)
                0x00005614                CySysTickGetCountFlag
 .text.CySysTickClear
                0x0000562c       0x14 .\CortexM0\ARM_GCC_541\Debug\start_v11.a(CyLib.o)
                0x0000562c                CySysTickClear
 .text.CySysTickSetCallback
                0x00005640       0x2c .\CortexM0\ARM_GCC_541\Debug\start_v11.a(CyLib.o)
                0x00005640                CySysTickSetCallback
 .text.CySysTickGetCallback
                0x0000566c       0x1c .\CortexM0\ARM_GCC_541\Debug\start_v11.a(CyLib.o)
                0x0000566c                CySysTickGetCallback
 .text.CySysTickServiceCallbacks
                0x00005688       0x44 .\CortexM0\ARM_GCC_541\Debug\start_v11.a(CyLib.o)
 .text.CyGetUniqueId
                0x000056cc       0xc0 .\CortexM0\ARM_GCC_541\Debug\start_v11.a(CyLib.o)
                0x000056cc                CyGetUniqueId
 .text          0x0000578c        0x0 .\CortexM0\ARM_GCC_541\Debug\start_v11.a(CyLFClk.o)
 .text.CySysClkWcoSetHighPowerMode
                0x0000578c       0x4c .\CortexM0\ARM_GCC_541\Debug\start_v11.a(CyLFClk.o)
 .text.CySysClkWcoSetLowPowerMode
                0x000057d8       0x4c .\CortexM0\ARM_GCC_541\Debug\start_v11.a(CyLFClk.o)
 .text.CySysClkIloStart
                0x00005824       0x1c .\CortexM0\ARM_GCC_541\Debug\start_v11.a(CyLFClk.o)
                0x00005824                CySysClkIloStart
 .text.CySysClkIloStop
                0x00005840       0x60 .\CortexM0\ARM_GCC_541\Debug\start_v11.a(CyLFClk.o)
                0x00005840                CySysClkIloStop
 .text.CySysClkIloStartMeasurement
                0x000058a0       0x6c .\CortexM0\ARM_GCC_541\Debug\start_v11.a(CyLFClk.o)
                0x000058a0                CySysClkIloStartMeasurement
 .text.CySysClkIloStopMeasurement
                0x0000590c       0x20 .\CortexM0\ARM_GCC_541\Debug\start_v11.a(CyLFClk.o)
                0x0000590c                CySysClkIloStopMeasurement
 .text.CySysClkIloCompensate
                0x0000592c      0x158 .\CortexM0\ARM_GCC_541\Debug\start_v11.a(CyLFClk.o)
                0x0000592c                CySysClkIloCompensate
 .text.CySysClkIloEnabled
                0x00005a84       0x1c .\CortexM0\ARM_GCC_541\Debug\start_v11.a(CyLFClk.o)
 .text.CySysClkIloTrim
                0x00005aa0      0x124 .\CortexM0\ARM_GCC_541\Debug\start_v11.a(CyLFClk.o)
                0x00005aa0                CySysClkIloTrim
 .text.CySysClkIloUpdateTrimReg
                0x00005bc4       0xfc .\CortexM0\ARM_GCC_541\Debug\start_v11.a(CyLFClk.o)
                0x00005bc4                CySysClkIloUpdateTrimReg
 .text.CySysClkIloRestoreFactoryTrim
                0x00005cc0       0x4c .\CortexM0\ARM_GCC_541\Debug\start_v11.a(CyLFClk.o)
                0x00005cc0                CySysClkIloRestoreFactoryTrim
 .text.CySysClkGetLfclkSource
                0x00005d0c       0x20 .\CortexM0\ARM_GCC_541\Debug\start_v11.a(CyLFClk.o)
 .text.CySysClkSetLfclkSource
                0x00005d2c       0x54 .\CortexM0\ARM_GCC_541\Debug\start_v11.a(CyLFClk.o)
                0x00005d2c                CySysClkSetLfclkSource
 .text.CySysClkWcoStart
                0x00005d80       0x20 .\CortexM0\ARM_GCC_541\Debug\start_v11.a(CyLFClk.o)
                0x00005d80                CySysClkWcoStart
 .text.CySysClkWcoStop
                0x00005da0       0x60 .\CortexM0\ARM_GCC_541\Debug\start_v11.a(CyLFClk.o)
                0x00005da0                CySysClkWcoStop
 .text.CySysClkWcoEnabled
                0x00005e00       0x1c .\CortexM0\ARM_GCC_541\Debug\start_v11.a(CyLFClk.o)
                0x00005e00                CySysClkWcoEnabled
 .text.CySysClkWcoSetPowerMode
                0x00005e1c       0x40 .\CortexM0\ARM_GCC_541\Debug\start_v11.a(CyLFClk.o)
                0x00005e1c                CySysClkWcoSetPowerMode
 .text.CySysClkWcoClockOutSelect
                0x00005e5c       0x40 .\CortexM0\ARM_GCC_541\Debug\start_v11.a(CyLFClk.o)
                0x00005e5c                CySysClkWcoClockOutSelect
 .text.CySysWdtLock
                0x00005e9c       0x34 .\CortexM0\ARM_GCC_541\Debug\start_v11.a(CyLFClk.o)
                0x00005e9c                CySysWdtLock
 .text.CySysWdtLocked
                0x00005ed0       0x20 .\CortexM0\ARM_GCC_541\Debug\start_v11.a(CyLFClk.o)
 .text.CySysWdtUnlock
                0x00005ef0       0x50 .\CortexM0\ARM_GCC_541\Debug\start_v11.a(CyLFClk.o)
                0x00005ef0                CySysWdtUnlock
 .text.CySysWdtGetEnabledStatus
                0x00005f40       0x34 .\CortexM0\ARM_GCC_541\Debug\start_v11.a(CyLFClk.o)
                0x00005f40                CySysWdtGetEnabledStatus
 .text.CySysWdtSetMode
                0x00005f74       0x5c .\CortexM0\ARM_GCC_541\Debug\start_v11.a(CyLFClk.o)
                0x00005f74                CySysWdtSetMode
 .text.CySysWdtGetMode
                0x00005fd0       0x24 .\CortexM0\ARM_GCC_541\Debug\start_v11.a(CyLFClk.o)
                0x00005fd0                CySysWdtGetMode
 .text.CySysWdtSetClearOnMatch
                0x00005ff4       0x6c .\CortexM0\ARM_GCC_541\Debug\start_v11.a(CyLFClk.o)
                0x00005ff4                CySysWdtSetClearOnMatch
 .text.CySysWdtGetClearOnMatch
                0x00006060       0x44 .\CortexM0\ARM_GCC_541\Debug\start_v11.a(CyLFClk.o)
                0x00006060                CySysWdtGetClearOnMatch
 .text.CySysWdtEnable
                0x000060a4       0x60 .\CortexM0\ARM_GCC_541\Debug\start_v11.a(CyLFClk.o)
                0x000060a4                CySysWdtEnable
 .text.CySysWdtDisable
                0x00006104       0x6c .\CortexM0\ARM_GCC_541\Debug\start_v11.a(CyLFClk.o)
                0x00006104                CySysWdtDisable
 .text.CySysWdtSetCascade
                0x00006170       0x58 .\CortexM0\ARM_GCC_541\Debug\start_v11.a(CyLFClk.o)
                0x00006170                CySysWdtSetCascade
 .text.CySysWdtGetCascade
                0x000061c8       0x1c .\CortexM0\ARM_GCC_541\Debug\start_v11.a(CyLFClk.o)
                0x000061c8                CySysWdtGetCascade
 .text.CySysWdtSetMatch
                0x000061e4       0x90 .\CortexM0\ARM_GCC_541\Debug\start_v11.a(CyLFClk.o)
                0x000061e4                CySysWdtSetMatch
 .text.CySysWdtSetToggleBit
                0x00006274       0x48 .\CortexM0\ARM_GCC_541\Debug\start_v11.a(CyLFClk.o)
                0x00006274                CySysWdtSetToggleBit
 .text.CySysWdtGetToggleBit
                0x000062bc       0x18 .\CortexM0\ARM_GCC_541\Debug\start_v11.a(CyLFClk.o)
                0x000062bc                CySysWdtGetToggleBit
 .text.CySysWdtGetMatch
                0x000062d4       0x40 .\CortexM0\ARM_GCC_541\Debug\start_v11.a(CyLFClk.o)
                0x000062d4                CySysWdtGetMatch
 .text.CySysWdtGetCount
                0x00006314       0x54 .\CortexM0\ARM_GCC_541\Debug\start_v11.a(CyLFClk.o)
                0x00006314                CySysWdtGetCount
 .text.CySysWdtGetInterruptSource
                0x00006368       0x1c .\CortexM0\ARM_GCC_541\Debug\start_v11.a(CyLFClk.o)
                0x00006368                CySysWdtGetInterruptSource
 .text.CySysWdtClearInterrupt
                0x00006384       0x70 .\CortexM0\ARM_GCC_541\Debug\start_v11.a(CyLFClk.o)
                0x00006384                CySysWdtClearInterrupt
 .text.CySysWdtResetCounters
                0x000063f4       0x34 .\CortexM0\ARM_GCC_541\Debug\start_v11.a(CyLFClk.o)
                0x000063f4                CySysWdtResetCounters
 .text.CySysWdtSetInterruptCallback
                0x00006428       0x40 .\CortexM0\ARM_GCC_541\Debug\start_v11.a(CyLFClk.o)
                0x00006428                CySysWdtSetInterruptCallback
 .text.CySysWdtGetInterruptCallback
                0x00006468       0x34 .\CortexM0\ARM_GCC_541\Debug\start_v11.a(CyLFClk.o)
                0x00006468                CySysWdtGetInterruptCallback
 .text.CySysWdtEnableCounterIsr
                0x0000649c       0x50 .\CortexM0\ARM_GCC_541\Debug\start_v11.a(CyLFClk.o)
                0x0000649c                CySysWdtEnableCounterIsr
 .text.CySysWdtDisableCounterIsr
                0x000064ec       0x3c .\CortexM0\ARM_GCC_541\Debug\start_v11.a(CyLFClk.o)
                0x000064ec                CySysWdtDisableCounterIsr
 .text.CySysWdtIsr
                0x00006528       0xec .\CortexM0\ARM_GCC_541\Debug\start_v11.a(CyLFClk.o)
                0x00006528                CySysWdtIsr
 .text.CySysWatchdogFeed
                0x00006614       0x8c .\CortexM0\ARM_GCC_541\Debug\start_v11.a(CyLFClk.o)
                0x00006614                CySysWatchdogFeed
 .text.CySysClkLfclkPosedgeCatch
                0x000066a0       0x98 .\CortexM0\ARM_GCC_541\Debug\start_v11.a(CyLFClk.o)
 .text.CySysClkLfclkPosedgeRestore
                0x00006738       0x3c .\CortexM0\ARM_GCC_541\Debug\start_v11.a(CyLFClk.o)
 .text.CySysTimerDelay
                0x00006774       0x68 .\CortexM0\ARM_GCC_541\Debug\start_v11.a(CyLFClk.o)
                0x00006774                CySysTimerDelay
 .text.CySysTimerDelayUntilMatch
                0x000067dc       0xb0 .\CortexM0\ARM_GCC_541\Debug\start_v11.a(CyLFClk.o)
                0x000067dc                CySysTimerDelayUntilMatch
 .text          0x0000688c        0x0 .\CortexM0\ARM_GCC_541\Debug\start_v11.a(RTC.o)
 .text.RTC_IsBitSet
                0x0000688c       0x24 .\CortexM0\ARM_GCC_541\Debug\start_v11.a(RTC.o)
 .text.RTC_LeapYear
                0x000068b0       0x44 .\CortexM0\ARM_GCC_541\Debug\start_v11.a(RTC.o)
 .text.RTC_GetSecond
                0x000068f4       0x30 .\CortexM0\ARM_GCC_541\Debug\start_v11.a(RTC.o)
 .text.RTC_GetMinutes
                0x00006924       0x34 .\CortexM0\ARM_GCC_541\Debug\start_v11.a(RTC.o)
 .text.RTC_GetHours
                0x00006958       0x34 .\CortexM0\ARM_GCC_541\Debug\start_v11.a(RTC.o)
 .text.RTC_GetAmPm
                0x0000698c       0x20 .\CortexM0\ARM_GCC_541\Debug\start_v11.a(RTC.o)
 .text.RTC_GetDay
                0x000069ac       0x34 .\CortexM0\ARM_GCC_541\Debug\start_v11.a(RTC.o)
 .text.RTC_GetMonth
                0x000069e0       0x34 .\CortexM0\ARM_GCC_541\Debug\start_v11.a(RTC.o)
 .text.RTC_GetYear
                0x00006a14       0x58 .\CortexM0\ARM_GCC_541\Debug\start_v11.a(RTC.o)
 .text.RTC_GetTimeFormat
                0x00006a6c       0x20 .\CortexM0\ARM_GCC_541\Debug\start_v11.a(RTC.o)
 .text.RTC_ConstructTime
                0x00006a8c       0xa0 .\CortexM0\ARM_GCC_541\Debug\start_v11.a(RTC.o)
 .text.RTC_ConstructDate
                0x00006b2c       0xd8 .\CortexM0\ARM_GCC_541\Debug\start_v11.a(RTC.o)
 .text.RTC_GetDayOfWeek
                0x00006c04       0x88 .\CortexM0\ARM_GCC_541\Debug\start_v11.a(RTC.o)
 .text.RTC_Start
                0x00006c8c       0x1c .\CortexM0\ARM_GCC_541\Debug\start_v11.a(RTC.o)
                0x00006c8c                RTC_Start
 .text.RTC_Stop
                0x00006ca8        0xc .\CortexM0\ARM_GCC_541\Debug\start_v11.a(RTC.o)
                0x00006ca8                RTC_Stop
 .text.RTC_Init
                0x00006cb4       0x74 .\CortexM0\ARM_GCC_541\Debug\start_v11.a(RTC.o)
                0x00006cb4                RTC_Init
 .text.RTC_SetDateAndTime
                0x00006d28       0x74 .\CortexM0\ARM_GCC_541\Debug\start_v11.a(RTC.o)
                0x00006d28                RTC_SetDateAndTime
 .text.RTC_SetUnixTime
                0x00006d9c       0x38 .\CortexM0\ARM_GCC_541\Debug\start_v11.a(RTC.o)
                0x00006d9c                RTC_SetUnixTime
 .text.RTC_GetUnixTime
                0x00006dd4       0x18 .\CortexM0\ARM_GCC_541\Debug\start_v11.a(RTC.o)
                0x00006dd4                RTC_GetUnixTime
 .text.RTC_SetPeriod
                0x00006dec       0x28 .\CortexM0\ARM_GCC_541\Debug\start_v11.a(RTC.o)
                0x00006dec                RTC_SetPeriod
 .text.RTC_GetPeriod
                0x00006e14       0x14 .\CortexM0\ARM_GCC_541\Debug\start_v11.a(RTC.o)
                0x00006e14                RTC_GetPeriod
 .text.RTC_GetRefOneSec
                0x00006e28       0x14 .\CortexM0\ARM_GCC_541\Debug\start_v11.a(RTC.o)
                0x00006e28                RTC_GetRefOneSec
 .text.RTC_GetDateAndTime
                0x00006e3c       0x3c .\CortexM0\ARM_GCC_541\Debug\start_v11.a(RTC.o)
                0x00006e3c                RTC_GetDateAndTime
 .text.RTC_GetTime
                0x00006e78       0x44 .\CortexM0\ARM_GCC_541\Debug\start_v11.a(RTC.o)
                0x00006e78                RTC_GetTime
 .text.RTC_GetDate
                0x00006ebc       0x44 .\CortexM0\ARM_GCC_541\Debug\start_v11.a(RTC.o)
                0x00006ebc                RTC_GetDate
 .text.RTC_ReadStatus
                0x00006f00       0x80 .\CortexM0\ARM_GCC_541\Debug\start_v11.a(RTC.o)
                0x00006f00                RTC_ReadStatus
 .text.RTC_ConvertBCDToDec
                0x00006f80       0x50 .\CortexM0\ARM_GCC_541\Debug\start_v11.a(RTC.o)
                0x00006f80                RTC_ConvertBCDToDec
 .text.RTC_ConvertDecToBCD
                0x00006fd0       0x60 .\CortexM0\ARM_GCC_541\Debug\start_v11.a(RTC.o)
                0x00006fd0                RTC_ConvertDecToBCD
 .text.RTC_Update
                0x00007030       0x50 .\CortexM0\ARM_GCC_541\Debug\start_v11.a(RTC.o)
                0x00007030                RTC_Update
 .text.RTC_DateTimeToUnix
                0x00007080      0x190 .\CortexM0\ARM_GCC_541\Debug\start_v11.a(RTC.o)
                0x00007080                RTC_DateTimeToUnix
 .text.RTC_UnixToDateTime
                0x00007210      0x298 .\CortexM0\ARM_GCC_541\Debug\start_v11.a(RTC.o)
                0x00007210                RTC_UnixToDateTime
 .text.RTC_RelativeToFixed
                0x000074a8       0x7c .\CortexM0\ARM_GCC_541\Debug\start_v11.a(RTC.o)
                0x000074a8                RTC_RelativeToFixed
 .text.RTC_DaysInMonth
                0x00007524       0x3c .\CortexM0\ARM_GCC_541\Debug\start_v11.a(RTC.o)
                0x00007524                RTC_DaysInMonth
 .text.RTC_DaysBeforeMonth
                0x00007560       0x3c .\CortexM0\ARM_GCC_541\Debug\start_v11.a(RTC.o)
                0x00007560                RTC_DaysBeforeMonth
 .text          0x0000759c        0x0 .\CortexM0\ARM_GCC_541\Debug\start_v11.a(GatePin.o)
 .text.GatePin_SetDriveMode
                0x0000759c       0x30 .\CortexM0\ARM_GCC_541\Debug\start_v11.a(GatePin.o)
                0x0000759c                GatePin_SetDriveMode
 .text.GatePin_Write
                0x000075cc       0x50 .\CortexM0\ARM_GCC_541\Debug\start_v11.a(GatePin.o)
                0x000075cc                GatePin_Write
 .text.GatePin_Read
                0x0000761c       0x1c .\CortexM0\ARM_GCC_541\Debug\start_v11.a(GatePin.o)
                0x0000761c                GatePin_Read
 .text.GatePin_ReadDataReg
                0x00007638       0x1c .\CortexM0\ARM_GCC_541\Debug\start_v11.a(GatePin.o)
                0x00007638                GatePin_ReadDataReg
 .text.GatePin_SetInterruptMode
                0x00007654       0x44 .\CortexM0\ARM_GCC_541\Debug\start_v11.a(GatePin.o)
                0x00007654                GatePin_SetInterruptMode
 .text.GatePin_ClearInterrupt
                0x00007698       0x30 .\CortexM0\ARM_GCC_541\Debug\start_v11.a(GatePin.o)
                0x00007698                GatePin_ClearInterrupt
 .text          0x000076c8        0x0 .\CortexM0\ARM_GCC_541\Debug\start_v11.a(Timer_LED.o)
 .text.Timer_LED_Init
                0x000076c8       0x40 .\CortexM0\ARM_GCC_541\Debug\start_v11.a(Timer_LED.o)
                0x000076c8                Timer_LED_Init
 .text.Timer_LED_Enable
                0x00007708       0x3c .\CortexM0\ARM_GCC_541\Debug\start_v11.a(Timer_LED.o)
                0x00007708                Timer_LED_Enable
 .text.Timer_LED_Start
                0x00007744       0x24 .\CortexM0\ARM_GCC_541\Debug\start_v11.a(Timer_LED.o)
                0x00007744                Timer_LED_Start
 .text.Timer_LED_Stop
                0x00007768       0x34 .\CortexM0\ARM_GCC_541\Debug\start_v11.a(Timer_LED.o)
                0x00007768                Timer_LED_Stop
 .text.Timer_LED_SetMode
                0x0000779c       0x48 .\CortexM0\ARM_GCC_541\Debug\start_v11.a(Timer_LED.o)
                0x0000779c                Timer_LED_SetMode
 .text.Timer_LED_SetQDMode
                0x000077e4       0x48 .\CortexM0\ARM_GCC_541\Debug\start_v11.a(Timer_LED.o)
                0x000077e4                Timer_LED_SetQDMode
 .text.Timer_LED_SetPrescaler
                0x0000782c       0x48 .\CortexM0\ARM_GCC_541\Debug\start_v11.a(Timer_LED.o)
                0x0000782c                Timer_LED_SetPrescaler
 .text.Timer_LED_SetOneShot
                0x00007874       0x50 .\CortexM0\ARM_GCC_541\Debug\start_v11.a(Timer_LED.o)
                0x00007874                Timer_LED_SetOneShot
 .text.Timer_LED_SetPWMMode
                0x000078c4       0x20 .\CortexM0\ARM_GCC_541\Debug\start_v11.a(Timer_LED.o)
                0x000078c4                Timer_LED_SetPWMMode
 .text.Timer_LED_SetPWMSyncKill
                0x000078e4       0x4c .\CortexM0\ARM_GCC_541\Debug\start_v11.a(Timer_LED.o)
                0x000078e4                Timer_LED_SetPWMSyncKill
 .text.Timer_LED_SetPWMStopOnKill
                0x00007930       0x4c .\CortexM0\ARM_GCC_541\Debug\start_v11.a(Timer_LED.o)
                0x00007930                Timer_LED_SetPWMStopOnKill
 .text.Timer_LED_SetPWMDeadTime
                0x0000797c       0x50 .\CortexM0\ARM_GCC_541\Debug\start_v11.a(Timer_LED.o)
                0x0000797c                Timer_LED_SetPWMDeadTime
 .text.Timer_LED_SetPWMInvert
                0x000079cc       0x48 .\CortexM0\ARM_GCC_541\Debug\start_v11.a(Timer_LED.o)
                0x000079cc                Timer_LED_SetPWMInvert
 .text.Timer_LED_WriteCounter
                0x00007a14       0x20 .\CortexM0\ARM_GCC_541\Debug\start_v11.a(Timer_LED.o)
                0x00007a14                Timer_LED_WriteCounter
 .text.Timer_LED_ReadCounter
                0x00007a34       0x18 .\CortexM0\ARM_GCC_541\Debug\start_v11.a(Timer_LED.o)
                0x00007a34                Timer_LED_ReadCounter
 .text.Timer_LED_SetCounterMode
                0x00007a4c       0x48 .\CortexM0\ARM_GCC_541\Debug\start_v11.a(Timer_LED.o)
                0x00007a4c                Timer_LED_SetCounterMode
 .text.Timer_LED_WritePeriod
                0x00007a94       0x20 .\CortexM0\ARM_GCC_541\Debug\start_v11.a(Timer_LED.o)
                0x00007a94                Timer_LED_WritePeriod
 .text.Timer_LED_ReadPeriod
                0x00007ab4       0x18 .\CortexM0\ARM_GCC_541\Debug\start_v11.a(Timer_LED.o)
                0x00007ab4                Timer_LED_ReadPeriod
 .text.Timer_LED_SetCompareSwap
                0x00007acc       0x48 .\CortexM0\ARM_GCC_541\Debug\start_v11.a(Timer_LED.o)
                0x00007acc                Timer_LED_SetCompareSwap
 .text.Timer_LED_WritePeriodBuf
                0x00007b14       0x20 .\CortexM0\ARM_GCC_541\Debug\start_v11.a(Timer_LED.o)
                0x00007b14                Timer_LED_WritePeriodBuf
 .text.Timer_LED_ReadPeriodBuf
                0x00007b34       0x18 .\CortexM0\ARM_GCC_541\Debug\start_v11.a(Timer_LED.o)
                0x00007b34                Timer_LED_ReadPeriodBuf
 .text.Timer_LED_SetPeriodSwap
                0x00007b4c       0x4c .\CortexM0\ARM_GCC_541\Debug\start_v11.a(Timer_LED.o)
                0x00007b4c                Timer_LED_SetPeriodSwap
 .text.Timer_LED_WriteCompare
                0x00007b98       0x20 .\CortexM0\ARM_GCC_541\Debug\start_v11.a(Timer_LED.o)
                0x00007b98                Timer_LED_WriteCompare
 .text.Timer_LED_ReadCompare
                0x00007bb8       0x18 .\CortexM0\ARM_GCC_541\Debug\start_v11.a(Timer_LED.o)
                0x00007bb8                Timer_LED_ReadCompare
 .text.Timer_LED_WriteCompareBuf
                0x00007bd0       0x20 .\CortexM0\ARM_GCC_541\Debug\start_v11.a(Timer_LED.o)
                0x00007bd0                Timer_LED_WriteCompareBuf
 .text.Timer_LED_ReadCompareBuf
                0x00007bf0       0x18 .\CortexM0\ARM_GCC_541\Debug\start_v11.a(Timer_LED.o)
                0x00007bf0                Timer_LED_ReadCompareBuf
 .text.Timer_LED_ReadCapture
                0x00007c08       0x18 .\CortexM0\ARM_GCC_541\Debug\start_v11.a(Timer_LED.o)
                0x00007c08                Timer_LED_ReadCapture
 .text.Timer_LED_ReadCaptureBuf
                0x00007c20       0x18 .\CortexM0\ARM_GCC_541\Debug\start_v11.a(Timer_LED.o)
                0x00007c20                Timer_LED_ReadCaptureBuf
 .text.Timer_LED_SetCaptureMode
                0x00007c38       0x44 .\CortexM0\ARM_GCC_541\Debug\start_v11.a(Timer_LED.o)
                0x00007c38                Timer_LED_SetCaptureMode
 .text.Timer_LED_SetReloadMode
                0x00007c7c       0x48 .\CortexM0\ARM_GCC_541\Debug\start_v11.a(Timer_LED.o)
                0x00007c7c                Timer_LED_SetReloadMode
 .text.Timer_LED_SetStartMode
                0x00007cc4       0x4c .\CortexM0\ARM_GCC_541\Debug\start_v11.a(Timer_LED.o)
                0x00007cc4                Timer_LED_SetStartMode
 .text.Timer_LED_SetStopMode
                0x00007d10       0x48 .\CortexM0\ARM_GCC_541\Debug\start_v11.a(Timer_LED.o)
                0x00007d10                Timer_LED_SetStopMode
 .text.Timer_LED_SetCountMode
                0x00007d58       0x48 .\CortexM0\ARM_GCC_541\Debug\start_v11.a(Timer_LED.o)
                0x00007d58                Timer_LED_SetCountMode
 .text.Timer_LED_TriggerCommand
                0x00007da0       0x3c .\CortexM0\ARM_GCC_541\Debug\start_v11.a(Timer_LED.o)
                0x00007da0                Timer_LED_TriggerCommand
 .text.Timer_LED_ReadStatus
                0x00007ddc       0x20 .\CortexM0\ARM_GCC_541\Debug\start_v11.a(Timer_LED.o)
                0x00007ddc                Timer_LED_ReadStatus
 .text.Timer_LED_SetInterruptMode
                0x00007dfc       0x1c .\CortexM0\ARM_GCC_541\Debug\start_v11.a(Timer_LED.o)
                0x00007dfc                Timer_LED_SetInterruptMode
 .text.Timer_LED_GetInterruptSourceMasked
                0x00007e18       0x14 .\CortexM0\ARM_GCC_541\Debug\start_v11.a(Timer_LED.o)
                0x00007e18                Timer_LED_GetInterruptSourceMasked
 .text.Timer_LED_GetInterruptSource
                0x00007e2c       0x14 .\CortexM0\ARM_GCC_541\Debug\start_v11.a(Timer_LED.o)
                0x00007e2c                Timer_LED_GetInterruptSource
 .text.Timer_LED_ClearInterrupt
                0x00007e40       0x1c .\CortexM0\ARM_GCC_541\Debug\start_v11.a(Timer_LED.o)
                0x00007e40                Timer_LED_ClearInterrupt
 .text.Timer_LED_SetInterrupt
                0x00007e5c       0x1c .\CortexM0\ARM_GCC_541\Debug\start_v11.a(Timer_LED.o)
                0x00007e5c                Timer_LED_SetInterrupt
 .text          0x00007e78        0x0 .\CortexM0\ARM_GCC_541\Debug\start_v11.a(Int_Timer_Led.o)
 .text.Int_Timer_Led_Start
                0x00007e78       0x24 .\CortexM0\ARM_GCC_541\Debug\start_v11.a(Int_Timer_Led.o)
                0x00007e78                Int_Timer_Led_Start
 .text.Int_Timer_Led_StartEx
                0x00007e9c       0x28 .\CortexM0\ARM_GCC_541\Debug\start_v11.a(Int_Timer_Led.o)
                0x00007e9c                Int_Timer_Led_StartEx
 .text.Int_Timer_Led_Stop
                0x00007ec4       0x1c .\CortexM0\ARM_GCC_541\Debug\start_v11.a(Int_Timer_Led.o)
                0x00007ec4                Int_Timer_Led_Stop
 .text.Int_Timer_Led_Interrupt
                0x00007ee0        0xc .\CortexM0\ARM_GCC_541\Debug\start_v11.a(Int_Timer_Led.o)
                0x00007ee0                Int_Timer_Led_Interrupt
 .text.Int_Timer_Led_SetVector
                0x00007eec       0x1c .\CortexM0\ARM_GCC_541\Debug\start_v11.a(Int_Timer_Led.o)
                0x00007eec                Int_Timer_Led_SetVector
 .text.Int_Timer_Led_GetVector
                0x00007f08       0x14 .\CortexM0\ARM_GCC_541\Debug\start_v11.a(Int_Timer_Led.o)
                0x00007f08                Int_Timer_Led_GetVector
 .text.Int_Timer_Led_SetPriority
                0x00007f1c       0x50 .\CortexM0\ARM_GCC_541\Debug\start_v11.a(Int_Timer_Led.o)
                0x00007f1c                Int_Timer_Led_SetPriority
 .text.Int_Timer_Led_GetPriority
                0x00007f6c       0x2c .\CortexM0\ARM_GCC_541\Debug\start_v11.a(Int_Timer_Led.o)
                0x00007f6c                Int_Timer_Led_GetPriority
 .text.Int_Timer_Led_Enable
                0x00007f98       0x18 .\CortexM0\ARM_GCC_541\Debug\start_v11.a(Int_Timer_Led.o)
                0x00007f98                Int_Timer_Led_Enable
 .text.Int_Timer_Led_GetState
                0x00007fb0       0x20 .\CortexM0\ARM_GCC_541\Debug\start_v11.a(Int_Timer_Led.o)
                0x00007fb0                Int_Timer_Led_GetState
 .text.Int_Timer_Led_Disable
                0x00007fd0       0x18 .\CortexM0\ARM_GCC_541\Debug\start_v11.a(Int_Timer_Led.o)
                0x00007fd0                Int_Timer_Led_Disable
 .text.Int_Timer_Led_SetPending
                0x00007fe8       0x18 .\CortexM0\ARM_GCC_541\Debug\start_v11.a(Int_Timer_Led.o)
                0x00007fe8                Int_Timer_Led_SetPending
 .text.Int_Timer_Led_ClearPending
                0x00008000       0x18 .\CortexM0\ARM_GCC_541\Debug\start_v11.a(Int_Timer_Led.o)
                0x00008000                Int_Timer_Led_ClearPending
 .text          0x00008018        0x0 .\CortexM0\ARM_GCC_541\Debug\start_v11.a(UART_XB.o)
 .text.UART_XB_Init
                0x00008018       0x10 .\CortexM0\ARM_GCC_541\Debug\start_v11.a(UART_XB.o)
                0x00008018                UART_XB_Init
 .text.UART_XB_Enable
                0x00008028       0x24 .\CortexM0\ARM_GCC_541\Debug\start_v11.a(UART_XB.o)
                0x00008028                UART_XB_Enable
 .text.UART_XB_Start
                0x0000804c       0x24 .\CortexM0\ARM_GCC_541\Debug\start_v11.a(UART_XB.o)
                0x0000804c                UART_XB_Start
 .text.UART_XB_Stop
                0x00008070       0x34 .\CortexM0\ARM_GCC_541\Debug\start_v11.a(UART_XB.o)
                0x00008070                UART_XB_Stop
 .text.UART_XB_SetRxFifoLevel
                0x000080a4       0x34 .\CortexM0\ARM_GCC_541\Debug\start_v11.a(UART_XB.o)
                0x000080a4                UART_XB_SetRxFifoLevel
 .text.UART_XB_SetTxFifoLevel
                0x000080d8       0x34 .\CortexM0\ARM_GCC_541\Debug\start_v11.a(UART_XB.o)
                0x000080d8                UART_XB_SetTxFifoLevel
 .text.UART_XB_SetCustomInterruptHandler
                0x0000810c       0x1c .\CortexM0\ARM_GCC_541\Debug\start_v11.a(UART_XB.o)
                0x0000810c                UART_XB_SetCustomInterruptHandler
 .text.UART_XB_ScbEnableIntr
                0x00008128       0x10 .\CortexM0\ARM_GCC_541\Debug\start_v11.a(UART_XB.o)
 .text.UART_XB_ScbModePostEnable
                0x00008138       0x10 .\CortexM0\ARM_GCC_541\Debug\start_v11.a(UART_XB.o)
 .text.UART_XB_ScbModeStop
                0x00008148       0x10 .\CortexM0\ARM_GCC_541\Debug\start_v11.a(UART_XB.o)
 .text          0x00008158        0x0 .\CortexM0\ARM_GCC_541\Debug\start_v11.a(UART_XB_SPI_UART.o)
 .text.UART_XB_SpiUartReadRxData
                0x00008158       0x50 .\CortexM0\ARM_GCC_541\Debug\start_v11.a(UART_XB_SPI_UART.o)
                0x00008158                UART_XB_SpiUartReadRxData
 .text.UART_XB_SpiUartGetRxBufferSize
                0x000081a8       0x40 .\CortexM0\ARM_GCC_541\Debug\start_v11.a(UART_XB_SPI_UART.o)
                0x000081a8                UART_XB_SpiUartGetRxBufferSize
 .text.UART_XB_SpiUartClearRxBuffer
                0x000081e8       0x60 .\CortexM0\ARM_GCC_541\Debug\start_v11.a(UART_XB_SPI_UART.o)
                0x000081e8                UART_XB_SpiUartClearRxBuffer
 .text.UART_XB_SpiUartWriteTxData
                0x00008248       0x9c .\CortexM0\ARM_GCC_541\Debug\start_v11.a(UART_XB_SPI_UART.o)
                0x00008248                UART_XB_SpiUartWriteTxData
 .text.UART_XB_SpiUartPutArray
                0x000082e4       0x34 .\CortexM0\ARM_GCC_541\Debug\start_v11.a(UART_XB_SPI_UART.o)
                0x000082e4                UART_XB_SpiUartPutArray
 .text.UART_XB_SpiUartGetTxBufferSize
                0x00008318       0x40 .\CortexM0\ARM_GCC_541\Debug\start_v11.a(UART_XB_SPI_UART.o)
                0x00008318                UART_XB_SpiUartGetTxBufferSize
 .text.UART_XB_SpiUartClearTxBuffer
                0x00008358       0x68 .\CortexM0\ARM_GCC_541\Debug\start_v11.a(UART_XB_SPI_UART.o)
                0x00008358                UART_XB_SpiUartClearTxBuffer
 .text.UART_XB_SpiUartDisableIntRx
                0x000083c0       0x20 .\CortexM0\ARM_GCC_541\Debug\start_v11.a(UART_XB_SPI_UART.o)
                0x000083c0                UART_XB_SpiUartDisableIntRx
 .text.UART_XB_SpiUartDisableIntTx
                0x000083e0       0x20 .\CortexM0\ARM_GCC_541\Debug\start_v11.a(UART_XB_SPI_UART.o)
                0x000083e0                UART_XB_SpiUartDisableIntTx
 .text          0x00008400        0x0 .\CortexM0\ARM_GCC_541\Debug\start_v11.a(UART_XB_UART.o)
 .text.UART_XB_UartInit
                0x00008400      0x110 .\CortexM0\ARM_GCC_541\Debug\start_v11.a(UART_XB_UART.o)
                0x00008400                UART_XB_UartInit
 .text.UART_XB_UartPostEnable
                0x00008510       0x34 .\CortexM0\ARM_GCC_541\Debug\start_v11.a(UART_XB_UART.o)
                0x00008510                UART_XB_UartPostEnable
 .text.UART_XB_UartStop
                0x00008544       0x38 .\CortexM0\ARM_GCC_541\Debug\start_v11.a(UART_XB_UART.o)
                0x00008544                UART_XB_UartStop
 .text.UART_XB_UartSetRxAddress
                0x0000857c       0x34 .\CortexM0\ARM_GCC_541\Debug\start_v11.a(UART_XB_UART.o)
                0x0000857c                UART_XB_UartSetRxAddress
 .text.UART_XB_UartSetRxAddressMask
                0x000085b0       0x38 .\CortexM0\ARM_GCC_541\Debug\start_v11.a(UART_XB_UART.o)
                0x000085b0                UART_XB_UartSetRxAddressMask
 .text.UART_XB_UartGetChar
                0x000085e8       0x40 .\CortexM0\ARM_GCC_541\Debug\start_v11.a(UART_XB_UART.o)
                0x000085e8                UART_XB_UartGetChar
 .text.UART_XB_UartGetByte
                0x00008628       0x68 .\CortexM0\ARM_GCC_541\Debug\start_v11.a(UART_XB_UART.o)
                0x00008628                UART_XB_UartGetByte
 .text.UART_XB_UartSetRtsPolarity
                0x00008690       0x3c .\CortexM0\ARM_GCC_541\Debug\start_v11.a(UART_XB_UART.o)
                0x00008690                UART_XB_UartSetRtsPolarity
 .text.UART_XB_UartSetRtsFifoLevel
                0x000086cc       0x34 .\CortexM0\ARM_GCC_541\Debug\start_v11.a(UART_XB_UART.o)
                0x000086cc                UART_XB_UartSetRtsFifoLevel
 .text.UART_XB_UartPutString
                0x00008700       0x38 .\CortexM0\ARM_GCC_541\Debug\start_v11.a(UART_XB_UART.o)
                0x00008700                UART_XB_UartPutString
 .text.UART_XB_UartPutCRLF
                0x00008738       0x24 .\CortexM0\ARM_GCC_541\Debug\start_v11.a(UART_XB_UART.o)
                0x00008738                UART_XB_UartPutCRLF
 .text.UART_XB_UartEnableCts
                0x0000875c       0x1c .\CortexM0\ARM_GCC_541\Debug\start_v11.a(UART_XB_UART.o)
                0x0000875c                UART_XB_UartEnableCts
 .text.UART_XB_UartDisableCts
                0x00008778       0x20 .\CortexM0\ARM_GCC_541\Debug\start_v11.a(UART_XB_UART.o)
                0x00008778                UART_XB_UartDisableCts
 .text.UART_XB_UartSetCtsPolarity
                0x00008798       0x3c .\CortexM0\ARM_GCC_541\Debug\start_v11.a(UART_XB_UART.o)
                0x00008798                UART_XB_UartSetCtsPolarity
 .text          0x000087d4        0x0 .\CortexM0\ARM_GCC_541\Debug\start_v11.a(SwSPI_Master.o)
 .text.SwSPI_Master_Init
                0x000087d4       0x34 .\CortexM0\ARM_GCC_541\Debug\start_v11.a(SwSPI_Master.o)
                0x000087d4                SwSPI_Master_Init
 .text.SwSPI_Master_ChipSelect
                0x00008808        0xc .\CortexM0\ARM_GCC_541\Debug\start_v11.a(SwSPI_Master.o)
                0x00008808                SwSPI_Master_ChipSelect
 .text.SwSPI_Master_ChipDeselect
                0x00008814        0xc .\CortexM0\ARM_GCC_541\Debug\start_v11.a(SwSPI_Master.o)
                0x00008814                SwSPI_Master_ChipDeselect
 .text.SwSPI_Master_SendByte
                0x00008820       0x98 .\CortexM0\ARM_GCC_541\Debug\start_v11.a(SwSPI_Master.o)
                0x00008820                SwSPI_Master_SendByte
 .text.SwSPI_Master_SendBuff
                0x000088b8       0x50 .\CortexM0\ARM_GCC_541\Debug\start_v11.a(SwSPI_Master.o)
                0x000088b8                SwSPI_Master_SendBuff
 .text.SwSPI_Master_RecvByte
                0x00008908       0x98 .\CortexM0\ARM_GCC_541\Debug\start_v11.a(SwSPI_Master.o)
                0x00008908                SwSPI_Master_RecvByte
 .text.SwSPI_Master_RecvBuff
                0x000089a0       0x50 .\CortexM0\ARM_GCC_541\Debug\start_v11.a(SwSPI_Master.o)
                0x000089a0                SwSPI_Master_RecvBuff
 .text.SwSPI_Master_ReadAndWriteByte
                0x000089f0       0xc8 .\CortexM0\ARM_GCC_541\Debug\start_v11.a(SwSPI_Master.o)
                0x000089f0                SwSPI_Master_ReadAndWriteByte
 .text          0x00008ab8        0x0 .\CortexM0\ARM_GCC_541\Debug\start_v11.a(GATE_INT.o)
 .text.GATE_INT_Start
                0x00008ab8       0x24 .\CortexM0\ARM_GCC_541\Debug\start_v11.a(GATE_INT.o)
                0x00008ab8                GATE_INT_Start
 .text.GATE_INT_StartEx
                0x00008adc       0x28 .\CortexM0\ARM_GCC_541\Debug\start_v11.a(GATE_INT.o)
                0x00008adc                GATE_INT_StartEx
 .text.GATE_INT_Stop
                0x00008b04       0x1c .\CortexM0\ARM_GCC_541\Debug\start_v11.a(GATE_INT.o)
                0x00008b04                GATE_INT_Stop
 .text.GATE_INT_Interrupt
                0x00008b20        0xc .\CortexM0\ARM_GCC_541\Debug\start_v11.a(GATE_INT.o)
                0x00008b20                GATE_INT_Interrupt
 .text.GATE_INT_SetVector
                0x00008b2c       0x1c .\CortexM0\ARM_GCC_541\Debug\start_v11.a(GATE_INT.o)
                0x00008b2c                GATE_INT_SetVector
 .text.GATE_INT_GetVector
                0x00008b48       0x14 .\CortexM0\ARM_GCC_541\Debug\start_v11.a(GATE_INT.o)
                0x00008b48                GATE_INT_GetVector
 .text.GATE_INT_SetPriority
                0x00008b5c       0x4c .\CortexM0\ARM_GCC_541\Debug\start_v11.a(GATE_INT.o)
                0x00008b5c                GATE_INT_SetPriority
 .text.GATE_INT_GetPriority
                0x00008ba8       0x2c .\CortexM0\ARM_GCC_541\Debug\start_v11.a(GATE_INT.o)
                0x00008ba8                GATE_INT_GetPriority
 .text.GATE_INT_Enable
                0x00008bd4       0x14 .\CortexM0\ARM_GCC_541\Debug\start_v11.a(GATE_INT.o)
                0x00008bd4                GATE_INT_Enable
 .text.GATE_INT_GetState
                0x00008be8       0x20 .\CortexM0\ARM_GCC_541\Debug\start_v11.a(GATE_INT.o)
                0x00008be8                GATE_INT_GetState
 .text.GATE_INT_Disable
                0x00008c08       0x14 .\CortexM0\ARM_GCC_541\Debug\start_v11.a(GATE_INT.o)
                0x00008c08                GATE_INT_Disable
 .text.GATE_INT_SetPending
                0x00008c1c       0x14 .\CortexM0\ARM_GCC_541\Debug\start_v11.a(GATE_INT.o)
                0x00008c1c                GATE_INT_SetPending
 .text.GATE_INT_ClearPending
                0x00008c30       0x14 .\CortexM0\ARM_GCC_541\Debug\start_v11.a(GATE_INT.o)
                0x00008c30                GATE_INT_ClearPending
 .text          0x00008c44        0x0 .\CortexM0\ARM_GCC_541\Debug\start_v11.a(debug.o)
 .text.debug_SetDriveMode
                0x00008c44       0x2c .\CortexM0\ARM_GCC_541\Debug\start_v11.a(debug.o)
                0x00008c44                debug_SetDriveMode
 .text.debug_Write
                0x00008c70       0x4c .\CortexM0\ARM_GCC_541\Debug\start_v11.a(debug.o)
                0x00008c70                debug_Write
 .text.debug_Read
                0x00008cbc       0x1c .\CortexM0\ARM_GCC_541\Debug\start_v11.a(debug.o)
                0x00008cbc                debug_Read
 .text.debug_ReadDataReg
                0x00008cd8       0x1c .\CortexM0\ARM_GCC_541\Debug\start_v11.a(debug.o)
                0x00008cd8                debug_ReadDataReg
 .text.debug_SetInterruptMode
                0x00008cf4       0x44 .\CortexM0\ARM_GCC_541\Debug\start_v11.a(debug.o)
                0x00008cf4                debug_SetInterruptMode
 .text.debug_ClearInterrupt
                0x00008d38       0x2c .\CortexM0\ARM_GCC_541\Debug\start_v11.a(debug.o)
                0x00008d38                debug_ClearInterrupt
 .text          0x00008d64        0x0 .\CortexM0\ARM_GCC_541\Debug\start_v11.a(ADC.o)
 .text.ADC_Start
                0x00008d64       0x24 .\CortexM0\ARM_GCC_541\Debug\start_v11.a(ADC.o)
                0x00008d64                ADC_Start
 .text.ADC_Init
                0x00008d88      0x1d4 .\CortexM0\ARM_GCC_541\Debug\start_v11.a(ADC.o)
                0x00008d88                ADC_Init
 .text.ADC_Enable
                0x00008f5c       0x38 .\CortexM0\ARM_GCC_541\Debug\start_v11.a(ADC.o)
                0x00008f5c                ADC_Enable
 .text.ADC_Stop
                0x00008f94       0x1c .\CortexM0\ARM_GCC_541\Debug\start_v11.a(ADC.o)
                0x00008f94                ADC_Stop
 .text.ADC_StartConvert
                0x00008fb0       0x1c .\CortexM0\ARM_GCC_541\Debug\start_v11.a(ADC.o)
                0x00008fb0                ADC_StartConvert
 .text.ADC_StopConvert
                0x00008fcc       0x20 .\CortexM0\ARM_GCC_541\Debug\start_v11.a(ADC.o)
                0x00008fcc                ADC_StopConvert
 .text.ADC_IsEndConversion
                0x00008fec       0x48 .\CortexM0\ARM_GCC_541\Debug\start_v11.a(ADC.o)
                0x00008fec                ADC_IsEndConversion
 .text.ADC_GetResult16
                0x00009034       0x44 .\CortexM0\ARM_GCC_541\Debug\start_v11.a(ADC.o)
                0x00009034                ADC_GetResult16
 .text.ADC_SetChanMask
                0x00009078       0x20 .\CortexM0\ARM_GCC_541\Debug\start_v11.a(ADC.o)
                0x00009078                ADC_SetChanMask
 .text.ADC_SetLowLimit
                0x00009098       0x30 .\CortexM0\ARM_GCC_541\Debug\start_v11.a(ADC.o)
                0x00009098                ADC_SetLowLimit
 .text.ADC_SetHighLimit
                0x000090c8       0x30 .\CortexM0\ARM_GCC_541\Debug\start_v11.a(ADC.o)
                0x000090c8                ADC_SetHighLimit
 .text.ADC_SetLimitMask
                0x000090f8       0x20 .\CortexM0\ARM_GCC_541\Debug\start_v11.a(ADC.o)
                0x000090f8                ADC_SetLimitMask
 .text.ADC_SetSatMask
                0x00009118       0x20 .\CortexM0\ARM_GCC_541\Debug\start_v11.a(ADC.o)
                0x00009118                ADC_SetSatMask
 .text.ADC_SetOffset
                0x00009138       0x34 .\CortexM0\ARM_GCC_541\Debug\start_v11.a(ADC.o)
                0x00009138                ADC_SetOffset
 .text.ADC_SetGain
                0x0000916c       0x2c .\CortexM0\ARM_GCC_541\Debug\start_v11.a(ADC.o)
                0x0000916c                ADC_SetGain
 .text.ADC_CountsTo_mVolts
                0x00009198       0xa0 .\CortexM0\ARM_GCC_541\Debug\start_v11.a(ADC.o)
                0x00009198                ADC_CountsTo_mVolts
 .text.ADC_CountsTo_uVolts
                0x00009238       0x90 .\CortexM0\ARM_GCC_541\Debug\start_v11.a(ADC.o)
                0x00009238                ADC_CountsTo_uVolts
 .text.ADC_CountsTo_Volts
                0x000092c8       0x80 .\CortexM0\ARM_GCC_541\Debug\start_v11.a(ADC.o)
                0x000092c8                ADC_CountsTo_Volts
 .text          0x00009348        0x0 .\CortexM0\ARM_GCC_541\Debug\start_v11.a(ADC_INT.o)
 .text.ADC_ISR  0x00009348       0x20 .\CortexM0\ARM_GCC_541\Debug\start_v11.a(ADC_INT.o)
                0x00009348                ADC_ISR
 .text          0x00009368        0x0 .\CortexM0\ARM_GCC_541\Debug\start_v11.a(CE.o)
 .text.CE_SetDriveMode
                0x00009368       0x30 .\CortexM0\ARM_GCC_541\Debug\start_v11.a(CE.o)
                0x00009368                CE_SetDriveMode
 .text.CE_Write
                0x00009398       0x50 .\CortexM0\ARM_GCC_541\Debug\start_v11.a(CE.o)
                0x00009398                CE_Write
 .text.CE_Read  0x000093e8       0x1c .\CortexM0\ARM_GCC_541\Debug\start_v11.a(CE.o)
                0x000093e8                CE_Read
 .text.CE_ReadDataReg
                0x00009404       0x1c .\CortexM0\ARM_GCC_541\Debug\start_v11.a(CE.o)
                0x00009404                CE_ReadDataReg
 .text.CE_SetInterruptMode
                0x00009420       0x44 .\CortexM0\ARM_GCC_541\Debug\start_v11.a(CE.o)
                0x00009420                CE_SetInterruptMode
 .text.CE_ClearInterrupt
                0x00009464       0x30 .\CortexM0\ARM_GCC_541\Debug\start_v11.a(CE.o)
                0x00009464                CE_ClearInterrupt
 .text          0x00009494        0x0 .\CortexM0\ARM_GCC_541\Debug\start_v11.a(RST.o)
 .text.RST_SetDriveMode
                0x00009494       0x30 .\CortexM0\ARM_GCC_541\Debug\start_v11.a(RST.o)
                0x00009494                RST_SetDriveMode
 .text.RST_Write
                0x000094c4       0x50 .\CortexM0\ARM_GCC_541\Debug\start_v11.a(RST.o)
                0x000094c4                RST_Write
 .text.RST_Read
                0x00009514       0x1c .\CortexM0\ARM_GCC_541\Debug\start_v11.a(RST.o)
                0x00009514                RST_Read
 .text.RST_ReadDataReg
                0x00009530       0x1c .\CortexM0\ARM_GCC_541\Debug\start_v11.a(RST.o)
                0x00009530                RST_ReadDataReg
 .text.RST_SetInterruptMode
                0x0000954c       0x44 .\CortexM0\ARM_GCC_541\Debug\start_v11.a(RST.o)
                0x0000954c                RST_SetInterruptMode
 .text.RST_ClearInterrupt
                0x00009590       0x30 .\CortexM0\ARM_GCC_541\Debug\start_v11.a(RST.o)
                0x00009590                RST_ClearInterrupt
 .text          0x000095c0        0x0 .\CortexM0\ARM_GCC_541\Debug\start_v11.a(DC.o)
 .text.DC_SetDriveMode
                0x000095c0       0x30 .\CortexM0\ARM_GCC_541\Debug\start_v11.a(DC.o)
                0x000095c0                DC_SetDriveMode
 .text.DC_Write
                0x000095f0       0x50 .\CortexM0\ARM_GCC_541\Debug\start_v11.a(DC.o)
                0x000095f0                DC_Write
 .text.DC_Read  0x00009640       0x1c .\CortexM0\ARM_GCC_541\Debug\start_v11.a(DC.o)
                0x00009640                DC_Read
 .text.DC_ReadDataReg
                0x0000965c       0x1c .\CortexM0\ARM_GCC_541\Debug\start_v11.a(DC.o)
                0x0000965c                DC_ReadDataReg
 .text.DC_SetInterruptMode
                0x00009678       0x44 .\CortexM0\ARM_GCC_541\Debug\start_v11.a(DC.o)
                0x00009678                DC_SetInterruptMode
 .text.DC_ClearInterrupt
                0x000096bc       0x30 .\CortexM0\ARM_GCC_541\Debug\start_v11.a(DC.o)
                0x000096bc                DC_ClearInterrupt
 .text          0x000096ec        0x0 .\CortexM0\ARM_GCC_541\Debug\start_v11.a(LCD_BL.o)
 .text.LCD_BL_SetDriveMode
                0x000096ec       0x30 .\CortexM0\ARM_GCC_541\Debug\start_v11.a(LCD_BL.o)
                0x000096ec                LCD_BL_SetDriveMode
 .text.LCD_BL_Write
                0x0000971c       0x50 .\CortexM0\ARM_GCC_541\Debug\start_v11.a(LCD_BL.o)
                0x0000971c                LCD_BL_Write
 .text.LCD_BL_Read
                0x0000976c       0x1c .\CortexM0\ARM_GCC_541\Debug\start_v11.a(LCD_BL.o)
                0x0000976c                LCD_BL_Read
 .text.LCD_BL_ReadDataReg
                0x00009788       0x1c .\CortexM0\ARM_GCC_541\Debug\start_v11.a(LCD_BL.o)
                0x00009788                LCD_BL_ReadDataReg
 .text.LCD_BL_SetInterruptMode
                0x000097a4       0x44 .\CortexM0\ARM_GCC_541\Debug\start_v11.a(LCD_BL.o)
                0x000097a4                LCD_BL_SetInterruptMode
 .text.LCD_BL_ClearInterrupt
                0x000097e8       0x30 .\CortexM0\ARM_GCC_541\Debug\start_v11.a(LCD_BL.o)
                0x000097e8                LCD_BL_ClearInterrupt
 .text          0x00009818        0x0 .\CortexM0\ARM_GCC_541\Debug\start_v11.a(TimerTestMode.o)
 .text.TimerTestMode_Init
                0x00009818       0x44 .\CortexM0\ARM_GCC_541\Debug\start_v11.a(TimerTestMode.o)
                0x00009818                TimerTestMode_Init
 .text.TimerTestMode_Enable
                0x0000985c       0x3c .\CortexM0\ARM_GCC_541\Debug\start_v11.a(TimerTestMode.o)
                0x0000985c                TimerTestMode_Enable
 .text.TimerTestMode_Start
                0x00009898       0x24 .\CortexM0\ARM_GCC_541\Debug\start_v11.a(TimerTestMode.o)
                0x00009898                TimerTestMode_Start
 .text.TimerTestMode_Stop
                0x000098bc       0x34 .\CortexM0\ARM_GCC_541\Debug\start_v11.a(TimerTestMode.o)
                0x000098bc                TimerTestMode_Stop
 .text.TimerTestMode_SetMode
                0x000098f0       0x48 .\CortexM0\ARM_GCC_541\Debug\start_v11.a(TimerTestMode.o)
                0x000098f0                TimerTestMode_SetMode
 .text.TimerTestMode_SetQDMode
                0x00009938       0x48 .\CortexM0\ARM_GCC_541\Debug\start_v11.a(TimerTestMode.o)
                0x00009938                TimerTestMode_SetQDMode
 .text.TimerTestMode_SetPrescaler
                0x00009980       0x48 .\CortexM0\ARM_GCC_541\Debug\start_v11.a(TimerTestMode.o)
                0x00009980                TimerTestMode_SetPrescaler
 .text.TimerTestMode_SetOneShot
                0x000099c8       0x50 .\CortexM0\ARM_GCC_541\Debug\start_v11.a(TimerTestMode.o)
                0x000099c8                TimerTestMode_SetOneShot
 .text.TimerTestMode_SetPWMMode
                0x00009a18       0x20 .\CortexM0\ARM_GCC_541\Debug\start_v11.a(TimerTestMode.o)
                0x00009a18                TimerTestMode_SetPWMMode
 .text.TimerTestMode_SetPWMSyncKill
                0x00009a38       0x4c .\CortexM0\ARM_GCC_541\Debug\start_v11.a(TimerTestMode.o)
                0x00009a38                TimerTestMode_SetPWMSyncKill
 .text.TimerTestMode_SetPWMStopOnKill
                0x00009a84       0x4c .\CortexM0\ARM_GCC_541\Debug\start_v11.a(TimerTestMode.o)
                0x00009a84                TimerTestMode_SetPWMStopOnKill
 .text.TimerTestMode_SetPWMDeadTime
                0x00009ad0       0x50 .\CortexM0\ARM_GCC_541\Debug\start_v11.a(TimerTestMode.o)
                0x00009ad0                TimerTestMode_SetPWMDeadTime
 .text.TimerTestMode_SetPWMInvert
                0x00009b20       0x48 .\CortexM0\ARM_GCC_541\Debug\start_v11.a(TimerTestMode.o)
                0x00009b20                TimerTestMode_SetPWMInvert
 .text.TimerTestMode_WriteCounter
                0x00009b68       0x20 .\CortexM0\ARM_GCC_541\Debug\start_v11.a(TimerTestMode.o)
                0x00009b68                TimerTestMode_WriteCounter
 .text.TimerTestMode_ReadCounter
                0x00009b88       0x18 .\CortexM0\ARM_GCC_541\Debug\start_v11.a(TimerTestMode.o)
                0x00009b88                TimerTestMode_ReadCounter
 .text.TimerTestMode_SetCounterMode
                0x00009ba0       0x48 .\CortexM0\ARM_GCC_541\Debug\start_v11.a(TimerTestMode.o)
                0x00009ba0                TimerTestMode_SetCounterMode
 .text.TimerTestMode_WritePeriod
                0x00009be8       0x20 .\CortexM0\ARM_GCC_541\Debug\start_v11.a(TimerTestMode.o)
                0x00009be8                TimerTestMode_WritePeriod
 .text.TimerTestMode_ReadPeriod
                0x00009c08       0x18 .\CortexM0\ARM_GCC_541\Debug\start_v11.a(TimerTestMode.o)
                0x00009c08                TimerTestMode_ReadPeriod
 .text.TimerTestMode_SetCompareSwap
                0x00009c20       0x48 .\CortexM0\ARM_GCC_541\Debug\start_v11.a(TimerTestMode.o)
                0x00009c20                TimerTestMode_SetCompareSwap
 .text.TimerTestMode_WritePeriodBuf
                0x00009c68       0x20 .\CortexM0\ARM_GCC_541\Debug\start_v11.a(TimerTestMode.o)
                0x00009c68                TimerTestMode_WritePeriodBuf
 .text.TimerTestMode_ReadPeriodBuf
                0x00009c88       0x18 .\CortexM0\ARM_GCC_541\Debug\start_v11.a(TimerTestMode.o)
                0x00009c88                TimerTestMode_ReadPeriodBuf
 .text.TimerTestMode_SetPeriodSwap
                0x00009ca0       0x4c .\CortexM0\ARM_GCC_541\Debug\start_v11.a(TimerTestMode.o)
                0x00009ca0                TimerTestMode_SetPeriodSwap
 .text.TimerTestMode_WriteCompare
                0x00009cec       0x20 .\CortexM0\ARM_GCC_541\Debug\start_v11.a(TimerTestMode.o)
                0x00009cec                TimerTestMode_WriteCompare
 .text.TimerTestMode_ReadCompare
                0x00009d0c       0x18 .\CortexM0\ARM_GCC_541\Debug\start_v11.a(TimerTestMode.o)
                0x00009d0c                TimerTestMode_ReadCompare
 .text.TimerTestMode_WriteCompareBuf
                0x00009d24       0x20 .\CortexM0\ARM_GCC_541\Debug\start_v11.a(TimerTestMode.o)
                0x00009d24                TimerTestMode_WriteCompareBuf
 .text.TimerTestMode_ReadCompareBuf
                0x00009d44       0x18 .\CortexM0\ARM_GCC_541\Debug\start_v11.a(TimerTestMode.o)
                0x00009d44                TimerTestMode_ReadCompareBuf
 .text.TimerTestMode_ReadCapture
                0x00009d5c       0x18 .\CortexM0\ARM_GCC_541\Debug\start_v11.a(TimerTestMode.o)
                0x00009d5c                TimerTestMode_ReadCapture
 .text.TimerTestMode_ReadCaptureBuf
                0x00009d74       0x18 .\CortexM0\ARM_GCC_541\Debug\start_v11.a(TimerTestMode.o)
                0x00009d74                TimerTestMode_ReadCaptureBuf
 .text.TimerTestMode_SetCaptureMode
                0x00009d8c       0x44 .\CortexM0\ARM_GCC_541\Debug\start_v11.a(TimerTestMode.o)
                0x00009d8c                TimerTestMode_SetCaptureMode
 .text.TimerTestMode_SetReloadMode
                0x00009dd0       0x48 .\CortexM0\ARM_GCC_541\Debug\start_v11.a(TimerTestMode.o)
                0x00009dd0                TimerTestMode_SetReloadMode
 .text.TimerTestMode_SetStartMode
                0x00009e18       0x4c .\CortexM0\ARM_GCC_541\Debug\start_v11.a(TimerTestMode.o)
                0x00009e18                TimerTestMode_SetStartMode
 .text.TimerTestMode_SetStopMode
                0x00009e64       0x48 .\CortexM0\ARM_GCC_541\Debug\start_v11.a(TimerTestMode.o)
                0x00009e64                TimerTestMode_SetStopMode
 .text.TimerTestMode_SetCountMode
                0x00009eac       0x48 .\CortexM0\ARM_GCC_541\Debug\start_v11.a(TimerTestMode.o)
                0x00009eac                TimerTestMode_SetCountMode
 .text.TimerTestMode_TriggerCommand
                0x00009ef4       0x3c .\CortexM0\ARM_GCC_541\Debug\start_v11.a(TimerTestMode.o)
                0x00009ef4                TimerTestMode_TriggerCommand
 .text.TimerTestMode_ReadStatus
                0x00009f30       0x20 .\CortexM0\ARM_GCC_541\Debug\start_v11.a(TimerTestMode.o)
                0x00009f30                TimerTestMode_ReadStatus
 .text.TimerTestMode_SetInterruptMode
                0x00009f50       0x1c .\CortexM0\ARM_GCC_541\Debug\start_v11.a(TimerTestMode.o)
                0x00009f50                TimerTestMode_SetInterruptMode
 .text.TimerTestMode_GetInterruptSourceMasked
                0x00009f6c       0x14 .\CortexM0\ARM_GCC_541\Debug\start_v11.a(TimerTestMode.o)
                0x00009f6c                TimerTestMode_GetInterruptSourceMasked
 .text.TimerTestMode_GetInterruptSource
                0x00009f80       0x14 .\CortexM0\ARM_GCC_541\Debug\start_v11.a(TimerTestMode.o)
                0x00009f80                TimerTestMode_GetInterruptSource
 .text.TimerTestMode_ClearInterrupt
                0x00009f94       0x1c .\CortexM0\ARM_GCC_541\Debug\start_v11.a(TimerTestMode.o)
                0x00009f94                TimerTestMode_ClearInterrupt
 .text.TimerTestMode_SetInterrupt
                0x00009fb0       0x1c .\CortexM0\ARM_GCC_541\Debug\start_v11.a(TimerTestMode.o)
                0x00009fb0                TimerTestMode_SetInterrupt
 .text          0x00009fcc        0x0 .\CortexM0\ARM_GCC_541\Debug\start_v11.a(Int_timerTestMode.o)
 .text.Int_timerTestMode_Start
                0x00009fcc       0x24 .\CortexM0\ARM_GCC_541\Debug\start_v11.a(Int_timerTestMode.o)
                0x00009fcc                Int_timerTestMode_Start
 .text.Int_timerTestMode_StartEx
                0x00009ff0       0x28 .\CortexM0\ARM_GCC_541\Debug\start_v11.a(Int_timerTestMode.o)
                0x00009ff0                Int_timerTestMode_StartEx
 .text.Int_timerTestMode_Stop
                0x0000a018       0x1c .\CortexM0\ARM_GCC_541\Debug\start_v11.a(Int_timerTestMode.o)
                0x0000a018                Int_timerTestMode_Stop
 .text.Int_timerTestMode_Interrupt
                0x0000a034        0xc .\CortexM0\ARM_GCC_541\Debug\start_v11.a(Int_timerTestMode.o)
                0x0000a034                Int_timerTestMode_Interrupt
 .text.Int_timerTestMode_SetVector
                0x0000a040       0x1c .\CortexM0\ARM_GCC_541\Debug\start_v11.a(Int_timerTestMode.o)
                0x0000a040                Int_timerTestMode_SetVector
 .text.Int_timerTestMode_GetVector
                0x0000a05c       0x14 .\CortexM0\ARM_GCC_541\Debug\start_v11.a(Int_timerTestMode.o)
                0x0000a05c                Int_timerTestMode_GetVector
 .text.Int_timerTestMode_SetPriority
                0x0000a070       0x50 .\CortexM0\ARM_GCC_541\Debug\start_v11.a(Int_timerTestMode.o)
                0x0000a070                Int_timerTestMode_SetPriority
 .text.Int_timerTestMode_GetPriority
                0x0000a0c0       0x2c .\CortexM0\ARM_GCC_541\Debug\start_v11.a(Int_timerTestMode.o)
                0x0000a0c0                Int_timerTestMode_GetPriority
 .text.Int_timerTestMode_Enable
                0x0000a0ec       0x18 .\CortexM0\ARM_GCC_541\Debug\start_v11.a(Int_timerTestMode.o)
                0x0000a0ec                Int_timerTestMode_Enable
 .text.Int_timerTestMode_GetState
                0x0000a104       0x20 .\CortexM0\ARM_GCC_541\Debug\start_v11.a(Int_timerTestMode.o)
                0x0000a104                Int_timerTestMode_GetState
 .text.Int_timerTestMode_Disable
                0x0000a124       0x18 .\CortexM0\ARM_GCC_541\Debug\start_v11.a(Int_timerTestMode.o)
                0x0000a124                Int_timerTestMode_Disable
 .text.Int_timerTestMode_SetPending
                0x0000a13c       0x18 .\CortexM0\ARM_GCC_541\Debug\start_v11.a(Int_timerTestMode.o)
                0x0000a13c                Int_timerTestMode_SetPending
 .text.Int_timerTestMode_ClearPending
                0x0000a154       0x18 .\CortexM0\ARM_GCC_541\Debug\start_v11.a(Int_timerTestMode.o)
                0x0000a154                Int_timerTestMode_ClearPending
 .text          0x0000a16c        0x0 .\CortexM0\ARM_GCC_541\Debug\start_v11.a(Pin_testMode.o)
 .text.Pin_testMode_SetDriveMode
                0x0000a16c       0x30 .\CortexM0\ARM_GCC_541\Debug\start_v11.a(Pin_testMode.o)
                0x0000a16c                Pin_testMode_SetDriveMode
 .text.Pin_testMode_Write
                0x0000a19c       0x48 .\CortexM0\ARM_GCC_541\Debug\start_v11.a(Pin_testMode.o)
                0x0000a19c                Pin_testMode_Write
 .text.Pin_testMode_Read
                0x0000a1e4       0x1c .\CortexM0\ARM_GCC_541\Debug\start_v11.a(Pin_testMode.o)
                0x0000a1e4                Pin_testMode_Read
 .text.Pin_testMode_ReadDataReg
                0x0000a200       0x1c .\CortexM0\ARM_GCC_541\Debug\start_v11.a(Pin_testMode.o)
                0x0000a200                Pin_testMode_ReadDataReg
 .text.Pin_testMode_SetInterruptMode
                0x0000a21c       0x44 .\CortexM0\ARM_GCC_541\Debug\start_v11.a(Pin_testMode.o)
                0x0000a21c                Pin_testMode_SetInterruptMode
 .text.Pin_testMode_ClearInterrupt
                0x0000a260       0x30 .\CortexM0\ARM_GCC_541\Debug\start_v11.a(Pin_testMode.o)
                0x0000a260                Pin_testMode_ClearInterrupt
 .text          0x0000a290        0x0 .\CortexM0\ARM_GCC_541\Debug\start_v11.a(SW_RunTestMode.o)
 .text.SW_RunTestMode_SetDriveMode
                0x0000a290       0x30 .\CortexM0\ARM_GCC_541\Debug\start_v11.a(SW_RunTestMode.o)
                0x0000a290                SW_RunTestMode_SetDriveMode
 .text.SW_RunTestMode_Write
                0x0000a2c0       0x50 .\CortexM0\ARM_GCC_541\Debug\start_v11.a(SW_RunTestMode.o)
                0x0000a2c0                SW_RunTestMode_Write
 .text.SW_RunTestMode_Read
                0x0000a310       0x1c .\CortexM0\ARM_GCC_541\Debug\start_v11.a(SW_RunTestMode.o)
                0x0000a310                SW_RunTestMode_Read
 .text.SW_RunTestMode_ReadDataReg
                0x0000a32c       0x1c .\CortexM0\ARM_GCC_541\Debug\start_v11.a(SW_RunTestMode.o)
                0x0000a32c                SW_RunTestMode_ReadDataReg
 .text.SW_RunTestMode_SetInterruptMode
                0x0000a348       0x44 .\CortexM0\ARM_GCC_541\Debug\start_v11.a(SW_RunTestMode.o)
                0x0000a348                SW_RunTestMode_SetInterruptMode
 .text.SW_RunTestMode_ClearInterrupt
                0x0000a38c       0x30 .\CortexM0\ARM_GCC_541\Debug\start_v11.a(SW_RunTestMode.o)
                0x0000a38c                SW_RunTestMode_ClearInterrupt
 .text          0x0000a3bc        0x0 .\CortexM0\ARM_GCC_541\Debug\start_v11.a(LED_RED_PIN.o)
 .text.LED_RED_PIN_SetDriveMode
                0x0000a3bc       0x30 .\CortexM0\ARM_GCC_541\Debug\start_v11.a(LED_RED_PIN.o)
                0x0000a3bc                LED_RED_PIN_SetDriveMode
 .text.LED_RED_PIN_Write
                0x0000a3ec       0x50 .\CortexM0\ARM_GCC_541\Debug\start_v11.a(LED_RED_PIN.o)
                0x0000a3ec                LED_RED_PIN_Write
 .text.LED_RED_PIN_Read