Archive member included to satisfy reference by file (symbol)

.\CortexM0\ARM_GCC_541\Debug\start_v11.a(CyLib.o)
                              .\CortexM0\ARM_GCC_541\Debug\cyfitter_cfg.o (CySysClkWriteImoFreq)
.\CortexM0\ARM_GCC_541\Debug\start_v11.a(CyLFClk.o)
                              .\CortexM0\ARM_GCC_541\Debug\cyfitter_cfg.o (CySysClkWcoStart)
.\CortexM0\ARM_GCC_541\Debug\start_v11.a(RTC.o)
                              .\CortexM0\ARM_GCC_541\Debug\RTC_WDT.o (RTC_Start)
.\CortexM0\ARM_GCC_541\Debug\start_v11.a(GatePin.o)
                              .\CortexM0\ARM_GCC_541\Debug\gate.o (GatePin_ClearInterrupt)
.\CortexM0\ARM_GCC_541\Debug\start_v11.a(Timer_LED.o)
                              .\CortexM0\ARM_GCC_541\Debug\LED.o (Timer_LED_Init)
.\CortexM0\ARM_GCC_541\Debug\start_v11.a(Int_Timer_Led.o)
                              .\CortexM0\ARM_GCC_541\Debug\LED.o (Int_Timer_Led_StartEx)
.\CortexM0\ARM_GCC_541\Debug\start_v11.a(UART_XB.o)
                              .\CortexM0\ARM_GCC_541\Debug\network.o (UART_XB_Start)
.\CortexM0\ARM_GCC_541\Debug\start_v11.a(UART_XB_SPI_UART.o)
                              .\CortexM0\ARM_GCC_541\Debug\network.o (UART_XB_SpiUartGetRxBufferSize)
.\CortexM0\ARM_GCC_541\Debug\start_v11.a(UART_XB_UART.o)
                              .\CortexM0\ARM_GCC_541\Debug\start_v11.a(UART_XB.o) (UART_XB_UartInit)
.\CortexM0\ARM_GCC_541\Debug\start_v11.a(SwSPI_Master.o)
                              .\CortexM0\ARM_GCC_541\Debug\LCD5110_Graph.o (SwSPI_Master_SendByte)
.\CortexM0\ARM_GCC_541\Debug\start_v11.a(GATE_INT.o)
                              .\CortexM0\ARM_GCC_541\Debug\gate.o (GATE_INT_Disable)
.\CortexM0\ARM_GCC_541\Debug\start_v11.a(debug.o)
                              .\CortexM0\ARM_GCC_541\Debug\RTC_WDT.o (debug_Write)
.\CortexM0\ARM_GCC_541\Debug\start_v11.a(ADC.o)
                              .\CortexM0\ARM_GCC_541\Debug\batt.o (ADC_Start)
.\CortexM0\ARM_GCC_541\Debug\start_v11.a(ADC_INT.o)
                              .\CortexM0\ARM_GCC_541\Debug\start_v11.a(ADC.o) (ADC_ISR)
.\CortexM0\ARM_GCC_541\Debug\start_v11.a(CE.o)
                              .\CortexM0\ARM_GCC_541\Debug\LCD5110_Graph.o (CE_Write)
.\CortexM0\ARM_GCC_541\Debug\start_v11.a(RST.o)
                              .\CortexM0\ARM_GCC_541\Debug\LCD5110_Graph.o (RST_Write)
.\CortexM0\ARM_GCC_541\Debug\start_v11.a(DC.o)
                              .\CortexM0\ARM_GCC_541\Debug\LCD5110_Graph.o (DC_Write)
.\CortexM0\ARM_GCC_541\Debug\start_v11.a(LCD_BL.o)
                              .\CortexM0\ARM_GCC_541\Debug\display.o (LCD_BL_Write)
.\CortexM0\ARM_GCC_541\Debug\start_v11.a(TimerTestMode.o)
                              .\CortexM0\ARM_GCC_541\Debug\testMode.o (TimerTestMode_WriteCompare)
.\CortexM0\ARM_GCC_541\Debug\start_v11.a(Int_timerTestMode.o)
                              .\CortexM0\ARM_GCC_541\Debug\testMode.o (Int_timerTestMode_StartEx)
.\CortexM0\ARM_GCC_541\Debug\start_v11.a(Pin_testMode.o)
                              .\CortexM0\ARM_GCC_541\Debug\testMode.o (Pin_testMode_Write)
.\CortexM0\ARM_GCC_541\Debug\start_v11.a(SW_RunTestMode.o)
                              .\CortexM0\ARM_GCC_541\Debug\testMode.o (SW_RunTestMode_Read)
.\CortexM0\ARM_GCC_541\Debug\start_v11.a(LED_RED_PIN.o)
                              .\CortexM0\ARM_GCC_541\Debug\LED.o (LED_RED_PIN_Write)
.\CortexM0\ARM_GCC_541\Debug\start_v11.a(LED_GREEN_PIN.o)
                              .\CortexM0\ARM_GCC_541\Debug\LED.o (LED_GREEN_PIN_Write)
.\CortexM0\ARM_GCC_541\Debug\start_v11.a(Timer.o)
                              .\CortexM0\ARM_GCC_541\Debug\taskAutomat.o (Timer_Start)
.\CortexM0\ARM_GCC_541\Debug\start_v11.a(isr_timer.o)
                              .\CortexM0\ARM_GCC_541\Debug\taskAutomat.o (isr_timer_StartEx)
.\CortexM0\ARM_GCC_541\Debug\start_v11.a(BtnUp.o)
                              .\CortexM0\ARM_GCC_541\Debug\IDskier.o (BtnUp_Read)
.\CortexM0\ARM_GCC_541\Debug\start_v11.a(BtnDown.o)
                              .\CortexM0\ARM_GCC_541\Debug\IDskier.o (BtnDown_Read)
.\CortexM0\ARM_GCC_541\Debug\start_v11.a(BUTT_DOWN_INT.o)
                              .\CortexM0\ARM_GCC_541\Debug\IDskier.o (BUTT_DOWN_INT_Disable)
.\CortexM0\ARM_GCC_541\Debug\start_v11.a(BUTT_UP_INT.o)
                              .\CortexM0\ARM_GCC_541\Debug\IDskier.o (BUTT_UP_INT_Disable)
.\CortexM0\ARM_GCC_541\Debug\start_v11.a(CyBootAsmGnu.o)
                              .\CortexM0\ARM_GCC_541\Debug\cyfitter_cfg.o (CyDelayCycles)
.\CortexM0\ARM_GCC_541\Debug\start_v11.a(UART_XB_SPI_UART_INT.o)
                              .\CortexM0\ARM_GCC_541\Debug\start_v11.a(UART_XB_UART.o) (UART_XB_SPI_UART_ISR)
c:/program files (x86)/cypress/psoc creator/4.1/psoc creator/import/gnu/arm/5.4.1/bin/../lib/gcc/arm-none-eabi/5.4.1/armv6-m\libgcc.a(_udivsi3.o)
                              .\CortexM0\ARM_GCC_541\Debug\display.o (__aeabi_uidiv)
[...]
Memory Configuration

Name             Origin             Length             Attributes
rom              0x00000000         0x00020000         xr
ram              0x20000000         0x00004000         xrw
*default*        0x00000000         0xffffffff

Linker script and memory map

LOAD c:/program files (x86)/cypress/psoc creator/4.1/psoc creator/import/gnu/arm/5.4.1/bin/../lib/gcc/arm-none-eabi/5.4.1/armv6-m/crti.o
LOAD c:/program files (x86)/cypress/psoc creator/4.1/psoc creator/import/gnu/arm/5.4.1/bin/../lib/gcc/arm-none-eabi/5.4.1/armv6-m/crtbegin.o
LOAD c:/program files (x86)/cypress/psoc creator/4.1/psoc creator/import/gnu/arm/5.4.1/bin/../lib/gcc/arm-none-eabi/5.4.1/../../../../arm-none-eabi/lib/armv6-m/crt0.o
START GROUP
LOAD .\CortexM0\ARM_GCC_541\Debug\RTC_WDT.o
LOAD .\CortexM0\ARM_GCC_541\Debug\display.o
LOAD .\CortexM0\ARM_GCC_541\Debug\DefaultFonts.o
LOAD .\CortexM0\ARM_GCC_541\Debug\Graphics.o
LOAD .\CortexM0\ARM_GCC_541\Debug\LCD5110_Graph.o
LOAD .\CortexM0\ARM_GCC_541\Debug\gate.o
LOAD .\CortexM0\ARM_GCC_541\Debug\LED.o
LOAD .\CortexM0\ARM_GCC_541\Debug\crc32.o
LOAD .\CortexM0\ARM_GCC_541\Debug\svt.o
LOAD .\CortexM0\ARM_GCC_541\Debug\ntp.o
LOAD .\CortexM0\ARM_GCC_541\Debug\network.o
LOAD .\CortexM0\ARM_GCC_541\Debug\batt.o
LOAD .\CortexM0\ARM_GCC_541\Debug\testMode.o
LOAD .\CortexM0\ARM_GCC_541\Debug\taskAutomat.o
LOAD .\CortexM0\ARM_GCC_541\Debug\IDskier.o
LOAD .\CortexM0\ARM_GCC_541\Debug\main.o
LOAD .\CortexM0\ARM_GCC_541\Debug\cyfitter_cfg.o
LOAD .\CortexM0\ARM_GCC_541\Debug\cymetadata.o
LOAD .\CortexM0\ARM_GCC_541\Debug\Cm0Start.o
LOAD .\CortexM0\ARM_GCC_541\Debug\start_v11.a
LOAD C:\Program Files (x86)\Cypress\PSoC Creator\4.1\PSoC Creator\psoc\content\cycomponentlibrary\CyComponentLibrary.cylib\CortexM0\ARM_GCC_541\Debug\CyComponentLibrary.a
END GROUP
START GROUP
LOAD c:/program files (x86)/cypress/psoc creator/4.1/psoc creator/import/gnu/arm/5.4.1/bin/../lib/gcc/arm-none-eabi/5.4.1/armv6-m\libgcc.a
LOAD c:/program files (x86)/cypress/psoc creator/4.1/psoc creator/import/gnu/arm/5.4.1/bin/../lib/gcc/arm-none-eabi/5.4.1/../../../../arm-none-eabi/lib/armv6-m\libg.a
LOAD c:/program files (x86)/cypress/psoc creator/4.1/psoc creator/import/gnu/arm/5.4.1/bin/../lib/gcc/arm-none-eabi/5.4.1/../../../../arm-none-eabi/lib/armv6-m\libc.a
END GROUP
LOAD c:/program files (x86)/cypress/psoc creator/4.1/psoc creator/import/gnu/arm/5.4.1/bin/../lib/gcc/arm-none-eabi/5.4.1/armv6-m/crtend.o
LOAD c:/program files (x86)/cypress/psoc creator/4.1/psoc creator/import/gnu/arm/5.4.1/bin/../lib/gcc/arm-none-eabi/5.4.1/armv6-m/crtn.o
START GROUP
LOAD c:/program files (x86)/cypress/psoc creator/4.1/psoc creator/import/gnu/arm/5.4.1/bin/../lib/gcc/arm-none-eabi/5.4.1/armv6-m\libgcc.a
LOAD c:/program files (x86)/cypress/psoc creator/4.1/psoc creator/import/gnu/arm/5.4.1/bin/../lib/gcc/arm-none-eabi/5.4.1/../../../../arm-none-eabi/lib/armv6-m\libc.a
LOAD c:/program files (x86)/cypress/psoc creator/4.1/psoc creator/import/gnu/arm/5.4.1/bin/../lib/gcc/arm-none-eabi/5.4.1/../../../../arm-none-eabi/lib/armv6-m\libnosys.a
END GROUP
                0x00000000                CY_APPL_ORIGIN = 0x0
                0x00000080                CY_FLASH_ROW_SIZE = 0x80
                0x00000001                CY_APPL_NUM = 0x1
                0x00000001                CY_APPL_MAX = 0x1
                0x00000040                CY_METADATA_SIZE = 0x40
                0x00000000                CY_APPL_LOADABLE = 0x0
                0x00000000                CY_CHECKSUM_EXCLUDE_SIZE = ALIGN (0x0, CY_FLASH_ROW_SIZE)
                0x00000000                CY_APP_FOR_STACK_AND_COPIER = 0x0
                [!provide]                PROVIDE (__cy_heap_start, _end)
                0x00000001                PROVIDE (__cy_region_num, ((__cy_regions_end - __cy_regions) / 0x10))
                0x20004000                PROVIDE (__cy_stack, (ORIGIN (ram) + LENGTH (ram)))
                [!provide]                PROVIDE (__cy_heap_end, (__cy_stack - 0x800))

.cybootloader   0x00000000        0x0
 *(.cybootloader)
                0x00000000                appl1_start = CY_APPL_ORIGIN?CY_APPL_ORIGIN:ALIGN (CY_FLASH_ROW_SIZE)
                0x0000ff80                appl2_start = (appl1_start + ALIGN ((((LENGTH (rom) - appl1_start) - (0x2 * CY_FLASH_ROW_SIZE)) / 0x2), CY_FLASH_ROW_SIZE))
                0x00000000                appl_start = (CY_APPL_NUM == 0x1)?appl1_start:appl2_start
                0x00000001                cy_project_type_bootloader = (appl_start == 0x0)?0x1:0x0
                0x00000000                cy_project_type_app_for_stack_and_copier = (CY_APP_FOR_STACK_AND_COPIER == 0x1)?0x1:0x0

.text           0x00000000    0x13618
 CREATE_OBJECT_SYMBOLS
                0x00000000                PROVIDE (__cy_interrupt_vector, RomVectors)
 *(.romvectors)
 .romvectors    0x00000000       0x10 .\CortexM0\ARM_GCC_541\Debug\Cm0Start.o
                0x00000000                RomVectors
                0x00000001                ASSERT ((. != __cy_interrupt_vector), No interrupt vector)
                0x00000001                ASSERT (CY_APPL_ORIGIN?(SIZEOF (.cybootloader) <= CY_APPL_ORIGIN):0x1, Wrong image location)
                0x00000010                PROVIDE (__cy_reset, Reset)
 *(.text.Reset)
 .text.Reset    0x00000010        0x8 .\CortexM0\ARM_GCC_541\Debug\Cm0Start.o
                0x00000010                Reset
                0x00000001                ASSERT ((. != __cy_reset), No reset code)
 *(.psocinit)
 .psocinit      0x00000018      0x320 .\CortexM0\ARM_GCC_541\Debug\cyfitter_cfg.o
                0x000001b4                cyfitter_cfg
                0x00000338                . = MAX (., 0x100)
 *(.text .text.* .gnu.linkonce.t.*)
 .text          0x00000338        0x0 c:/program files (x86)/cypress/psoc creator/4.1/psoc creator/import/gnu/arm/5.4.1/bin/../lib/gcc/arm-none-eabi/5.4.1/armv6-m/crti.o
 .text          0x00000338       0x60 c:/program files (x86)/cypress/psoc creator/4.1/psoc creator/import/gnu/arm/5.4.1/bin/../lib/gcc/arm-none-eabi/5.4.1/armv6-m/crtbegin.o
 .text          0x00000398       0x78 c:/program files (x86)/cypress/psoc creator/4.1/psoc creator/import/gnu/arm/5.4.1/bin/../lib/gcc/arm-none-eabi/5.4.1/../../../../arm-none-eabi/lib/armv6-m/crt0.o
                0x00000398                _start
                0x00000398                _mainCRTStartup
 .text          0x00000410        0x0 .\CortexM0\ARM_GCC_541\Debug\RTC_WDT.o
 .text.RTC_IsBitSet
                0x00000410       0x24 .\CortexM0\ARM_GCC_541\Debug\RTC_WDT.o
 .text.RTC_GetSecond
                0x00000434       0x30 .\CortexM0\ARM_GCC_541\Debug\RTC_WDT.o
 .text.RTC_GetMinutes
                0x00000464       0x34 .\CortexM0\ARM_GCC_541\Debug\RTC_WDT.o
 .text.RTC_GetHours
                0x00000498       0x34 .\CortexM0\ARM_GCC_541\Debug\RTC_WDT.o
 .text.RTC_GetAmPm
                0x000004cc       0x20 .\CortexM0\ARM_GCC_541\Debug\RTC_WDT.o
 .text.CallBackCounter
                0x000004ec       0x3c .\CortexM0\ARM_GCC_541\Debug\RTC_WDT.o
                0x000004ec                CallBackCounter
 .text.RTC_WDT_Init
                0x00000528       0x24 .\CortexM0\ARM_GCC_541\Debug\RTC_WDT.o
                0x00000528                RTC_WDT_Init
 .text.RTCgetTime
                0x0000054c      0x3c0 .\CortexM0\ARM_GCC_541\Debug\RTC_WDT.o
                0x0000054c                RTCgetTime
 .text.RTCGetUnixTime
                0x0000090c       0x14 .\CortexM0\ARM_GCC_541\Debug\RTC_WDT.o
                0x0000090c                RTCGetUnixTime
 .text.RTCgetHours
                0x00000920       0x78 .\CortexM0\ARM_GCC_541\Debug\RTC_WDT.o
                0x00000920                RTCgetHours
 .text.RTCgetMinutes
                0x00000998       0x84 .\CortexM0\ARM_GCC_541\Debug\RTC_WDT.o
                0x00000998                RTCgetMinutes
 .text.RTCgetSecond
                0x00000a1c       0x4c .\CortexM0\ARM_GCC_541\Debug\RTC_WDT.o
                0x00000a1c                RTCgetSecond
 .text.RTCgetMiliecond
                0x00000a68       0x60 .\CortexM0\ARM_GCC_541\Debug\RTC_WDT.o
                0x00000a68                RTCgetMiliecond
 .text.RTCgetRecentMs
                0x00000ac8       0x14 .\CortexM0\ARM_GCC_541\Debug\RTC_WDT.o
                0x00000ac8                RTCgetRecentMs
 .text.RTCSync  0x00000adc       0x34 .\CortexM0\ARM_GCC_541\Debug\RTC_WDT.o
                0x00000adc                RTCSync
 .text          0x00000b10        0x0 .\CortexM0\ARM_GCC_541\Debug\display.o
 .text.RTC_GetSecond
                0x00000b10       0x30 .\CortexM0\ARM_GCC_541\Debug\display.o
 .text.RTC_GetMinutes
                0x00000b40       0x34 .\CortexM0\ARM_GCC_541\Debug\display.o
 .text.RTC_GetHours
                0x00000b74       0x34 .\CortexM0\ARM_GCC_541\Debug\display.o
 .text.DisplayStart
                0x00000ba8       0x40 .\CortexM0\ARM_GCC_541\Debug\display.o
                0x00000ba8                DisplayStart
 .text.Display  0x00000be8       0x84 .\CortexM0\ARM_GCC_541\Debug\display.o
                0x00000be8                Display
 .text.DisplayIndicatorSD
                0x00000c6c       0x4c .\CortexM0\ARM_GCC_541\Debug\display.o
                0x00000c6c                DisplayIndicatorSD
 .text.DisplayIndicatorNetwork
                0x00000cb8       0x68 .\CortexM0\ARM_GCC_541\Debug\display.o
                0x00000cb8                DisplayIndicatorNetwork
 .text.DisplayNetworkQuality
                0x00000d20       0xf8 .\CortexM0\ARM_GCC_541\Debug\display.o
                0x00000d20                DisplayNetworkQuality
 .text.DisplayRealTime
                0x00000e18       0x68 .\CortexM0\ARM_GCC_541\Debug\display.o
                0x00000e18                DisplayRealTime
 .text.DisplayLoading
                0x00000e80       0x10 .\CortexM0\ARM_GCC_541\Debug\display.o
                0x00000e80                DisplayLoading
 .text.DisplayBattVoltage
                0x00000e90      0x158 .\CortexM0\ARM_GCC_541\Debug\display.o
                0x00000e90                DisplayBattVoltage
 .text.DisplayLastSkierTime
                0x00000fe8       0x88 .\CortexM0\ARM_GCC_541\Debug\display.o
                0x00000fe8                DisplayLastSkierTime
 .text.DisplayNumSkierOnWay
                0x00001070       0x40 .\CortexM0\ARM_GCC_541\Debug\display.o
                0x00001070                DisplayNumSkierOnWay
 .text.DisplayTestMode
                0x000010b0       0x4c .\CortexM0\ARM_GCC_541\Debug\display.o
                0x000010b0                DisplayTestMode
 .text.DisplaBacklightOn
                0x000010fc       0x10 .\CortexM0\ARM_GCC_541\Debug\display.o
                0x000010fc                DisplaBacklightOn
 .text.DisplaBacklightOff
                0x0000110c       0x10 .\CortexM0\ARM_GCC_541\Debug\display.o
                0x0000110c                DisplaBacklightOff
 .text.DisplayIDskier
                0x0000111c       0xd0 .\CortexM0\ARM_GCC_541\Debug\display.o
                0x0000111c                DisplayIDskier
 .text          0x000011ec        0x0 .\CortexM0\ARM_GCC_541\Debug\DefaultFonts.o
 .text          0x000011ec        0x0 .\CortexM0\ARM_GCC_541\Debug\Graphics.o
 .text          0x000011ec        0x0 .\CortexM0\ARM_GCC_541\Debug\LCD5110_Graph.o
 .text._convert_float
                0x000011ec       0x3c .\CortexM0\ARM_GCC_541\Debug\LCD5110_Graph.o
                0x000011ec                _convert_float
 .text._LCD_Write
                0x00001228       0x48 .\CortexM0\ARM_GCC_541\Debug\LCD5110_Graph.o
                0x00001228                _LCD_Write
 .text.InitLCD  0x00001270       0xa4 .\CortexM0\ARM_GCC_541\Debug\LCD5110_Graph.o
                0x00001270                InitLCD
 .text.setContrast
                0x00001314       0x54 .\CortexM0\ARM_GCC_541\Debug\LCD5110_Graph.o
                0x00001314                setContrast
 .text.enableSleep
                0x00001368       0x50 .\CortexM0\ARM_GCC_541\Debug\LCD5110_Graph.o
                0x00001368                enableSleep
 .text.disableSleep
                0x000013b8       0x5c .\CortexM0\ARM_GCC_541\Debug\LCD5110_Graph.o
                0x000013b8                disableSleep
 .text.update   0x00001414       0x5c .\CortexM0\ARM_GCC_541\Debug\LCD5110_Graph.o
                0x00001414                update
 .text.clrScr   0x00001470       0x34 .\CortexM0\ARM_GCC_541\Debug\LCD5110_Graph.o
                0x00001470                clrScr
 .text.fillScr  0x000014a4       0x34 .\CortexM0\ARM_GCC_541\Debug\LCD5110_Graph.o
                0x000014a4                fillScr
 .text.invert   0x000014d8       0x30 .\CortexM0\ARM_GCC_541\Debug\LCD5110_Graph.o
                0x000014d8                invert
 .text.setPixel
                0x00001508       0x74 .\CortexM0\ARM_GCC_541\Debug\LCD5110_Graph.o
                0x00001508                setPixel
 .text.clrPixel
                0x0000157c       0x78 .\CortexM0\ARM_GCC_541\Debug\LCD5110_Graph.o
                0x0000157c                clrPixel
 .text.invPixel
                0x000015f4       0xb4 .\CortexM0\ARM_GCC_541\Debug\LCD5110_Graph.o
                0x000015f4                invPixel
 .text.invertText
                0x000016a8       0x30 .\CortexM0\ARM_GCC_541\Debug\LCD5110_Graph.o
                0x000016a8                invertText
 .text.print    0x000016d8       0x94 .\CortexM0\ARM_GCC_541\Debug\LCD5110_Graph.o
                0x000016d8                print
 .text.prints   0x0000176c       0x20 .\CortexM0\ARM_GCC_541\Debug\LCD5110_Graph.o
                0x0000176c                prints
 .text.printNumI
                0x0000178c      0x1a8 .\CortexM0\ARM_GCC_541\Debug\LCD5110_Graph.o
                0x0000178c                printNumI
 .text.printNumF
                0x00001934      0x154 .\CortexM0\ARM_GCC_541\Debug\LCD5110_Graph.o
                0x00001934                printNumF
 .text._print_char
                0x00001a88      0x2a8 .\CortexM0\ARM_GCC_541\Debug\LCD5110_Graph.o
                0x00001a88                _print_char
 .text.setFont  0x00001d30       0x48 .\CortexM0\ARM_GCC_541\Debug\LCD5110_Graph.o
                0x00001d30                setFont
 .text.drawHLine
                0x00001d78       0x98 .\CortexM0\ARM_GCC_541\Debug\LCD5110_Graph.o
                0x00001d78                drawHLine
 .text.clrHLine
                0x00001e10       0x9c .\CortexM0\ARM_GCC_541\Debug\LCD5110_Graph.o
                0x00001e10                clrHLine
 .text.drawVLine
                0x00001eac       0x58 .\CortexM0\ARM_GCC_541\Debug\LCD5110_Graph.o
                0x00001eac                drawVLine
 .text.clrVLine
                0x00001f04       0x58 .\CortexM0\ARM_GCC_541\Debug\LCD5110_Graph.o
                0x00001f04                clrVLine
 .text.drawLine
                0x00001f5c      0x2b8 .\CortexM0\ARM_GCC_541\Debug\LCD5110_Graph.o
                0x00001f5c                drawLine
 .text.clrLine  0x00002214      0x2b8 .\CortexM0\ARM_GCC_541\Debug\LCD5110_Graph.o
                0x00002214                clrLine
 .text.drawRect
                0x000024cc       0x80 .\CortexM0\ARM_GCC_541\Debug\LCD5110_Graph.o
                0x000024cc                drawRect
 .text.clrRect  0x0000254c       0x80 .\CortexM0\ARM_GCC_541\Debug\LCD5110_Graph.o
                0x0000254c                clrRect
 .text.drawRoundRect
                0x000025cc      0x104 .\CortexM0\ARM_GCC_541\Debug\LCD5110_Graph.o
                0x000025cc                drawRoundRect
 .text.clrRoundRect
                0x000026d0      0x104 .\CortexM0\ARM_GCC_541\Debug\LCD5110_Graph.o
                0x000026d0                clrRoundRect
 .text.drawCircle
                0x000027d4      0x1bc .\CortexM0\ARM_GCC_541\Debug\LCD5110_Graph.o
                0x000027d4                drawCircle
 .text.clrCircle
                0x00002990      0x1bc .\CortexM0\ARM_GCC_541\Debug\LCD5110_Graph.o
                0x00002990                clrCircle
 .text.drawBitmap
                0x00002b4c       0xcc .\CortexM0\ARM_GCC_541\Debug\LCD5110_Graph.o
                0x00002b4c                drawBitmap
 .text          0x00002c18        0x0 .\CortexM0\ARM_GCC_541\Debug\gate.o
 .text.GATE_INTERRUPT
                0x00002c18       0x3c .\CortexM0\ARM_GCC_541\Debug\gate.o
                0x00002c18                GATE_INTERRUPT
 .text.GateInit
                0x00002c54       0x28 .\CortexM0\ARM_GCC_541\Debug\gate.o
                0x00002c54                GateInit
 .text.GateIsOpen
                0x00002c7c       0x20 .\CortexM0\ARM_GCC_541\Debug\gate.o
                0x00002c7c                GateIsOpen
 .text.AllowNextSkier
                0x00002c9c       0x14 .\CortexM0\ARM_GCC_541\Debug\gate.o
                0x00002c9c                AllowNextSkier
 .text.DisAllowNextSkier
                0x00002cb0       0x20 .\CortexM0\ARM_GCC_541\Debug\gate.o
                0x00002cb0                DisAllowNextSkier
 .text.GetStartTime
                0x00002cd0       0x30 .\CortexM0\ARM_GCC_541\Debug\gate.o
                0x00002cd0                GetStartTime
 .text          0x00002d00        0x0 .\CortexM0\ARM_GCC_541\Debug\LED.o
 .text.LedInit  0x00002d00       0x2c .\CortexM0\ARM_GCC_541\Debug\LED.o
                0x00002d00                LedInit
 .text.LedHandler
                0x00002d2c       0x20 .\CortexM0\ARM_GCC_541\Debug\LED.o
                0x00002d2c                LedHandler
 .text.LedRedBlink
                0x00002d4c       0x34 .\CortexM0\ARM_GCC_541\Debug\LED.o
                0x00002d4c                LedRedBlink
 .text.SetLedsState
                0x00002d80       0x34 .\CortexM0\ARM_GCC_541\Debug\LED.o
                0x00002d80                SetLedsState
 .text          0x00002db4        0x0 .\CortexM0\ARM_GCC_541\Debug\crc32.o
 .text.crc32_update
                0x00002db4       0x50 .\CortexM0\ARM_GCC_541\Debug\crc32.o
                0x00002db4                crc32_update
 .text.crc32_calc_block
                0x00002e04       0x44 .\CortexM0\ARM_GCC_541\Debug\crc32.o
                0x00002e04                crc32_calc_block
 .text.crc32_calc
                0x00002e48       0x2c .\CortexM0\ARM_GCC_541\Debug\crc32.o
                0x00002e48                crc32_calc
 .text.crc32_init_tab
                0x00002e74       0x6c .\CortexM0\ARM_GCC_541\Debug\crc32.o
 .text          0x00002ee0        0x0 .\CortexM0\ARM_GCC_541\Debug\svt.o
 .text.UnpackData
                0x00002ee0      0x468 .\CortexM0\ARM_GCC_541\Debug\svt.o
                0x00002ee0                UnpackData
 .text.DecodeByte
                0x00003348       0x50 .\CortexM0\ARM_GCC_541\Debug\svt.o
                0x00003348                DecodeByte
 .text.CheckSymb
                0x00003398       0x34 .\CortexM0\ARM_GCC_541\Debug\svt.o
                0x00003398                CheckSymb
 .text.ResetPacket
                0x000033cc       0x40 .\CortexM0\ARM_GCC_541\Debug\svt.o
                0x000033cc                ResetPacket
 .text.PackData
                0x0000340c      0x13c .\CortexM0\ARM_GCC_541\Debug\svt.o
                0x0000340c                PackData
 .text          0x00003548        0x0 .\CortexM0\ARM_GCC_541\Debug\ntp.o
 .text.NtpUnpackData
                0x00003548      0x26c .\CortexM0\ARM_GCC_541\Debug\ntp.o
                0x00003548                NtpUnpackData
 .text.NtpDecodeByte
                0x000037b4       0x50 .\CortexM0\ARM_GCC_541\Debug\ntp.o
                0x000037b4                NtpDecodeByte
 .text.NtpCheckSymb
                0x00003804       0x34 .\CortexM0\ARM_GCC_541\Debug\ntp.o
                0x00003804                NtpCheckSymb
 .text.NtpResetPacket
                0x00003838       0x30 .\CortexM0\ARM_GCC_541\Debug\ntp.o
                0x00003838                NtpResetPacket
 .text          0x00003868        0x0 .\CortexM0\ARM_GCC_541\Debug\network.o
 .text.CallBackNetworkCounter
                0x00003868       0x54 .\CortexM0\ARM_GCC_541\Debug\network.o
                0x00003868                CallBackNetworkCounter
 .text.InitNetwork
                0x000038bc       0x58 .\CortexM0\ARM_GCC_541\Debug\network.o
                0x000038bc                InitNetwork
 .text.CustomInterruptHandler
                0x00003914      0x164 .\CortexM0\ARM_GCC_541\Debug\network.o
                0x00003914                CustomInterruptHandler
 .text.SendData
                0x00003a78       0xfc .\CortexM0\ARM_GCC_541\Debug\network.o
                0x00003a78                SendData
 .text.NetworkStatus
                0x00003b74       0x14 .\CortexM0\ARM_GCC_541\Debug\network.o
                0x00003b74                NetworkStatus
 .text.SendSkierStart
                0x00003b88       0x30 .\CortexM0\ARM_GCC_541\Debug\network.o
                0x00003b88                SendSkierStart
 .text.FinReady
                0x00003bb8       0x14 .\CortexM0\ARM_GCC_541\Debug\network.o
                0x00003bb8                FinReady
 .text.FinWriteInDB
                0x00003bcc       0x28 .\CortexM0\ARM_GCC_541\Debug\network.o
                0x00003bcc                FinWriteInDB
 .text.IsRebootFinishFlag
                0x00003bf4       0x44 .\CortexM0\ARM_GCC_541\Debug\network.o
                0x00003bf4                IsRebootFinishFlag
 .text.SetRebootFlag
                0x00003c38       0x14 .\CortexM0\ARM_GCC_541\Debug\network.o
                0x00003c38                SetRebootFlag
 .text.ClearRebootFlag
                0x00003c4c       0x20 .\CortexM0\ARM_GCC_541\Debug\network.o
                0x00003c4c                ClearRebootFlag
 .text.NetworkReadTestModeStatus
                0x00003c6c       0x14 .\CortexM0\ARM_GCC_541\Debug\network.o
                0x00003c6c                NetworkReadTestModeStatus
 .text.NetworkSendTestModeStatus
                0x00003c80       0x30 .\CortexM0\ARM_GCC_541\Debug\network.o
                0x00003c80                NetworkSendTestModeStatus
 .text.NetworkQuality
                0x00003cb0       0x60 .\CortexM0\ARM_GCC_541\Debug\network.o
                0x00003cb0                NetworkQuality
 .text.NTPsync  0x00003d10      0x274 .\CortexM0\ARM_GCC_541\Debug\network.o
                0x00003d10                NTPsync
 .text.NTPsendTime
                0x00003f84       0x64 .\CortexM0\ARM_GCC_541\Debug\network.o
                0x00003f84                NTPsendTime
 .text          0x00003fe8        0x0 .\CortexM0\ARM_GCC_541\Debug\batt.o
 .text.BattADC_Init
                0x00003fe8       0x18 .\CortexM0\ARM_GCC_541\Debug\batt.o
                0x00003fe8                BattADC_Init
 .text.ReadBattVoltage
                0x00004000       0x34 .\CortexM0\ARM_GCC_541\Debug\batt.o
                0x00004000                ReadBattVoltage
 .text          0x00004034        0x0 .\CortexM0\ARM_GCC_541\Debug\testMode.o
 .text.testModeHandler
                0x00004034       0x30 .\CortexM0\ARM_GCC_541\Debug\testMode.o
                0x00004034                testModeHandler
 .text.TestMode
                0x00004064      0x10c .\CortexM0\ARM_GCC_541\Debug\testMode.o
                0x00004064                TestMode
 .text.TestMode_UpdateNewRandomTime
                0x00004170       0x40 .\CortexM0\ARM_GCC_541\Debug\testMode.o
                0x00004170                TestMode_UpdateNewRandomTime
 .text.ReadSwitchState
                0x000041b0       0x80 .\CortexM0\ARM_GCC_541\Debug\testMode.o
                0x000041b0                ReadSwitchState
 .text.ReadNetworkState
                0x00004230       0x74 .\CortexM0\ARM_GCC_541\Debug\testMode.o
                0x00004230                ReadNetworkState
 .text.AllowNextTestSkier
                0x000042a4       0x14 .\CortexM0\ARM_GCC_541\Debug\testMode.o
                0x000042a4                AllowNextTestSkier
 .text          0x000042b8        0x0 .\CortexM0\ARM_GCC_541\Debug\taskAutomat.o
 .text.TIMER_HANDLER
                0x000042b8       0x94 .\CortexM0\ARM_GCC_541\Debug\taskAutomat.o
                0x000042b8                TIMER_HANDLER
 .text.TaskCheck
                0x0000434c       0x4c .\CortexM0\ARM_GCC_541\Debug\taskAutomat.o
                0x0000434c                TaskCheck
 .text.TaskTimerInit
                0x00004398       0x40 .\CortexM0\ARM_GCC_541\Debug\taskAutomat.o
                0x00004398                TaskTimerInit
 .text.SetTaskTimer
                0x000043d8       0x90 .\CortexM0\ARM_GCC_541\Debug\taskAutomat.o
                0x000043d8                SetTaskTimer
 .text.Action1  0x00004468       0x24 .\CortexM0\ARM_GCC_541\Debug\taskAutomat.o
                0x00004468                Action1
 .text.Action2  0x0000448c       0x3c .\CortexM0\ARM_GCC_541\Debug\taskAutomat.o
                0x0000448c                Action2
 .text.Action3  0x000044c8       0x2c .\CortexM0\ARM_GCC_541\Debug\taskAutomat.o
                0x000044c8                Action3
 .text.Action4  0x000044f4       0x14 .\CortexM0\ARM_GCC_541\Debug\taskAutomat.o
                0x000044f4                Action4
 .text.Action5  0x00004508       0x14 .\CortexM0\ARM_GCC_541\Debug\taskAutomat.o
                0x00004508                Action5
 .text          0x0000451c        0x0 .\CortexM0\ARM_GCC_541\Debug\IDskier.o
 .text.BUTT_UP_INTERRUPT
                0x0000451c       0x1c .\CortexM0\ARM_GCC_541\Debug\IDskier.o
                0x0000451c                BUTT_UP_INTERRUPT
 .text.BUTT_DOWN_INTERRUPT
                0x00004538       0x1c .\CortexM0\ARM_GCC_541\Debug\IDskier.o
                0x00004538                BUTT_DOWN_INTERRUPT
 .text.ButtInit
                0x00004554       0x34 .\CortexM0\ARM_GCC_541\Debug\IDskier.o
                0x00004554                ButtInit
 .text.ButtCheck
                0x00004588       0xc8 .\CortexM0\ARM_GCC_541\Debug\IDskier.o
                0x00004588                ButtCheck
 .text.ReadIdSkier
                0x00004650       0x14 .\CortexM0\ARM_GCC_541\Debug\IDskier.o
                0x00004650                ReadIdSkier
 .text          0x00004664        0x0 .\CortexM0\ARM_GCC_541\Debug\main.o
 .text.main     0x00004664       0xb4 .\CortexM0\ARM_GCC_541\Debug\main.o
                0x00004664                main
 .text.SystemInit
                0x00004718       0x68 .\CortexM0\ARM_GCC_541\Debug\main.o
                0x00004718                SystemInit
 .text.TimeSynchronize
                0x00004780       0x8c .\CortexM0\ARM_GCC_541\Debug\main.o
                0x00004780                TimeSynchronize
 .text.GetFinishStatus
                0x0000480c       0x68 .\CortexM0\ARM_GCC_541\Debug\main.o
                0x0000480c                GetFinishStatus
 .text.CheckGate
                0x00004874       0x5c .\CortexM0\ARM_GCC_541\Debug\main.o
                0x00004874                CheckGate
 .text.SaveResult
                0x000048d0       0x68 .\CortexM0\ARM_GCC_541\Debug\main.o
                0x000048d0                SaveResult
 .text.Delay    0x00004938       0x28 .\CortexM0\ARM_GCC_541\Debug\main.o
                0x00004938                Delay
 .text          0x00004960        0x0 .\CortexM0\ARM_GCC_541\Debug\cyfitter_cfg.o
 .text.CYMEMZERO
                0x00004960       0x20 .\CortexM0\ARM_GCC_541\Debug\cyfitter_cfg.o
 .text.CYCONFIGCPY
                0x00004980       0x20 .\CortexM0\ARM_GCC_541\Debug\cyfitter_cfg.o
 .text.CYCONFIGCPYCODE
                0x000049a0       0x20 .\CortexM0\ARM_GCC_541\Debug\cyfitter_cfg.o
 .text.cfg_write_bytes32
                0x000049c0       0x84 .\CortexM0\ARM_GCC_541\Debug\cyfitter_cfg.o
 .text.AnalogSetDefault
                0x00004a44       0x44 .\CortexM0\ARM_GCC_541\Debug\cyfitter_cfg.o
 .text.SetAnalogRoutingPumps
                0x00004a88       0x40 .\CortexM0\ARM_GCC_541\Debug\cyfitter_cfg.o
                0x00004a88                SetAnalogRoutingPumps
 .text          0x00004ac8        0x0 .\CortexM0\ARM_GCC_541\Debug\cymetadata.o
 .text          0x00004ac8        0x0 .\CortexM0\ARM_GCC_541\Debug\Cm0Start.o
 .text.IntDefaultHandler
                0x00004ac8        0x8 .\CortexM0\ARM_GCC_541\Debug\Cm0Start.o
                0x00004ac8                IntDefaultHandler
 .text._exit    0x00004ad0       0x14 .\CortexM0\ARM_GCC_541\Debug\Cm0Start.o
                0x00004ad0                _exit
 .text._sbrk    0x00004ae4       0x54 .\CortexM0\ARM_GCC_541\Debug\Cm0Start.o
                0x00004ae4                _sbrk
 .text.Start_c  0x00004b38       0x98 .\CortexM0\ARM_GCC_541\Debug\Cm0Start.o
                0x00004b38                Start_c
 .text.initialize_psoc
                0x00004bd0       0x70 .\CortexM0\ARM_GCC_541\Debug\Cm0Start.o
                0x00004bd0                initialize_psoc
 .text          0x00004c40        0x0 .\CortexM0\ARM_GCC_541\Debug\start_v11.a(CyLib.o)
 .text.CySysClkImoStart
                0x00004c40       0x1c .\CortexM0\ARM_GCC_541\Debug\start_v11.a(CyLib.o)
                0x00004c40                CySysClkImoStart
 .text.CySysClkImoStop
                0x00004c5c       0x1c .\CortexM0\ARM_GCC_541\Debug\start_v11.a(CyLib.o)
                0x00004c5c                CySysClkImoStop
 .text.CySysClkWriteHfclkDirect
                0x00004c78       0x48 .\CortexM0\ARM_GCC_541\Debug\start_v11.a(CyLib.o)
                0x00004c78                CySysClkWriteHfclkDirect
 .text.CySysClkGetSysclkSource
                0x00004cc0       0x34 .\CortexM0\ARM_GCC_541\Debug\start_v11.a(CyLib.o)
                0x00004cc0                CySysClkGetSysclkSource
 .text.CySysClkWriteSysclkDiv
                0x00004cf4       0x48 .\CortexM0\ARM_GCC_541\Debug\start_v11.a(CyLib.o)
                0x00004cf4                CySysClkWriteSysclkDiv
 .text.CySysClkWriteImoFreq
                0x00004d3c       0x9c .\CortexM0\ARM_GCC_541\Debug\start_v11.a(CyLib.o)
                0x00004d3c                CySysClkWriteImoFreq
 .text.CySysClkEcoStart
                0x00004dd8       0x74 .\CortexM0\ARM_GCC_541\Debug\start_v11.a(CyLib.o)
                0x00004dd8                CySysClkEcoStart
 .text.CySysClkEcoStop
                0x00004e4c       0x30 .\CortexM0\ARM_GCC_541\Debug\start_v11.a(CyLib.o)
                0x00004e4c                CySysClkEcoStop
 .text.CySysClkEcoReadStatus
                0x00004e7c       0x20 .\CortexM0\ARM_GCC_541\Debug\start_v11.a(CyLib.o)
                0x00004e7c                CySysClkEcoReadStatus
 .text.CySysClkWriteEcoDiv
                0x00004e9c       0x58 .\CortexM0\ARM_GCC_541\Debug\start_v11.a(CyLib.o)
                0x00004e9c                CySysClkWriteEcoDiv
 .text.CySysLvdEnable
                0x00004ef4       0x64 .\CortexM0\ARM_GCC_541\Debug\start_v11.a(CyLib.o)
                0x00004ef4                CySysLvdEnable
 .text.CySysLvdDisable
                0x00004f58       0x2c .\CortexM0\ARM_GCC_541\Debug\start_v11.a(CyLib.o)
                0x00004f58                CySysLvdDisable
 .text.CySysLvdGetInterruptSource
                0x00004f84       0x18 .\CortexM0\ARM_GCC_541\Debug\start_v11.a(CyLib.o)
                0x00004f84                CySysLvdGetInterruptSource
 .text.CySysLvdClearInterrupt
                0x00004f9c       0x14 .\CortexM0\ARM_GCC_541\Debug\start_v11.a(CyLib.o)
                0x00004f9c                CySysLvdClearInterrupt
 .text.CySysGetResetReason
                0x00004fb0       0x30 .\CortexM0\ARM_GCC_541\Debug\start_v11.a(CyLib.o)
                0x00004fb0                CySysGetResetReason
 .text.CyDisableInts
                0x00004fe0       0x24 .\CortexM0\ARM_GCC_541\Debug\start_v11.a(CyLib.o)
                0x00004fe0                CyDisableInts
 .text.CyEnableInts
                0x00005004       0x1c .\CortexM0\ARM_GCC_541\Debug\start_v11.a(CyLib.o)
                0x00005004                CyEnableInts
 .text.CyIntSetSysVector
                0x00005020       0x48 .\CortexM0\ARM_GCC_541\Debug\start_v11.a(CyLib.o)
                0x00005020                CyIntSetSysVector
 .text.CyIntGetSysVector
                0x00005068       0x34 .\CortexM0\ARM_GCC_541\Debug\start_v11.a(CyLib.o)
                0x00005068                CyIntGetSysVector
 .text.CyIntSetVector
                0x0000509c       0x4c .\CortexM0\ARM_GCC_541\Debug\start_v11.a(CyLib.o)
                0x0000509c                CyIntSetVector
 .text.CyIntGetVector
                0x000050e8       0x38 .\CortexM0\ARM_GCC_541\Debug\start_v11.a(CyLib.o)
                0x000050e8                CyIntGetVector
 .text.CyIntSetPriority
                0x00005120       0xa8 .\CortexM0\ARM_GCC_541\Debug\start_v11.a(CyLib.o)
                0x00005120                CyIntSetPriority
 .text.CyIntGetPriority
                0x000051c8       0x58 .\CortexM0\ARM_GCC_541\Debug\start_v11.a(CyLib.o)
                0x000051c8                CyIntGetPriority
 .text.CyIntEnable
                0x00005220       0x2c .\CortexM0\ARM_GCC_541\Debug\start_v11.a(CyLib.o)
                0x00005220                CyIntEnable
 .text.CyIntGetState
                0x0000524c       0x30 .\CortexM0\ARM_GCC_541\Debug\start_v11.a(CyLib.o)
                0x0000524c                CyIntGetState
 .text.CyIntDisable
                0x0000527c       0x2c .\CortexM0\ARM_GCC_541\Debug\start_v11.a(CyLib.o)
                0x0000527c                CyIntDisable
 .text.CyIntSetPending
                0x000052a8       0x2c .\CortexM0\ARM_GCC_541\Debug\start_v11.a(CyLib.o)
                0x000052a8                CyIntSetPending
 .text.CyIntClearPending
                0x000052d4       0x2c .\CortexM0\ARM_GCC_541\Debug\start_v11.a(CyLib.o)
                0x000052d4                CyIntClearPending
 .text.CyHalt   0x00005300       0x18 .\CortexM0\ARM_GCC_541\Debug\start_v11.a(CyLib.o)
                0x00005300                CyHalt
 .text.CySoftwareReset
                0x00005318       0x24 .\CortexM0\ARM_GCC_541\Debug\start_v11.a(CyLib.o)
                0x00005318                CySoftwareReset
 .text.CyDelay  0x0000533c       0x4c .\CortexM0\ARM_GCC_541\Debug\start_v11.a(CyLib.o)
                0x0000533c                CyDelay
 .text.CyDelayUs
                0x00005388       0x28 .\CortexM0\ARM_GCC_541\Debug\start_v11.a(CyLib.o)
                0x00005388                CyDelayUs
 .text.CyDelayFreq
                0x000053b0       0x84 .\CortexM0\ARM_GCC_541\Debug\start_v11.a(CyLib.o)
                0x000053b0                CyDelayFreq
 .text.CySysTickStart
                0x00005434       0x24 .\CortexM0\ARM_GCC_541\Debug\start_v11.a(CyLib.o)
                0x00005434                CySysTickStart
 .text.CySysTickInit
                0x00005458       0x68 .\CortexM0\ARM_GCC_541\Debug\start_v11.a(CyLib.o)
                0x00005458                CySysTickInit
 .text.CySysTickEnable
                0x000054c0       0x20 .\CortexM0\ARM_GCC_541\Debug\start_v11.a(CyLib.o)
                0x000054c0                CySysTickEnable
 .text.CySysTickStop
                0x000054e0       0x1c .\CortexM0\ARM_GCC_541\Debug\start_v11.a(CyLib.o)
                0x000054e0                CySysTickStop
 .text.CySysTickEnableInterrupt
                0x000054fc       0x1c .\CortexM0\ARM_GCC_541\Debug\start_v11.a(CyLib.o)
                0x000054fc                CySysTickEnableInterrupt
 .text.CySysTickDisableInterrupt
                0x00005518       0x1c .\CortexM0\ARM_GCC_541\Debug\start_v11.a(CyLib.o)
                0x00005518                CySysTickDisableInterrupt
 .text.CySysTickSetReload
                0x00005534       0x20 .\CortexM0\ARM_GCC_541\Debug\start_v11.a(CyLib.o)
                0x00005534                CySysTickSetReload
 .text.CySysTickGetReload
                0x00005554       0x18 .\CortexM0\ARM_GCC_541\Debug\start_v11.a(CyLib.o)
                0x00005554                CySysTickGetReload
 .text.CySysTickGetValue
                0x0000556c       0x18 .\CortexM0\ARM_GCC_541\Debug\start_v11.a(CyLib.o)
                0x0000556c                CySysTickGetValue
 .text.CySysTickSetClockSource
                0x00005584       0x34 .\CortexM0\ARM_GCC_541\Debug\start_v11.a(CyLib.o)
                0x00005584                CySysTickSetClockSource
 .text.CySysTickGetCountFlag
                0x000055b8       0x18 .\CortexM0\ARM_GCC_541\Debug\start_v11.a(CyLib.o)
                0x000055b8                CySysTickGetCountFlag
 .text.CySysTickClear
                0x000055d0       0x14 .\CortexM0\ARM_GCC_541\Debug\start_v11.a(CyLib.o)
                0x000055d0                CySysTickClear
 .text.CySysTickSetCallback
                0x000055e4       0x2c .\CortexM0\ARM_GCC_541\Debug\start_v11.a(CyLib.o)
                0x000055e4                CySysTickSetCallback
 .text.CySysTickGetCallback
                0x00005610       0x1c .\CortexM0\ARM_GCC_541\Debug\start_v11.a(CyLib.o)
                0x00005610                CySysTickGetCallback
 .text.CySysTickServiceCallbacks
                0x0000562c       0x44 .\CortexM0\ARM_GCC_541\Debug\start_v11.a(CyLib.o)
 .text.CyGetUniqueId
                0x00005670       0xc0 .\CortexM0\ARM_GCC_541\Debug\start_v11.a(CyLib.o)
                0x00005670                CyGetUniqueId
 .text          0x00005730        0x0 .\CortexM0\ARM_GCC_541\Debug\start_v11.a(CyLFClk.o)
 .text.CySysClkWcoSetHighPowerMode
                0x00005730       0x4c .\CortexM0\ARM_GCC_541\Debug\start_v11.a(CyLFClk.o)
 .text.CySysClkWcoSetLowPowerMode
                0x0000577c       0x4c .\CortexM0\ARM_GCC_541\Debug\start_v11.a(CyLFClk.o)
 .text.CySysClkIloStart
                0x000057c8       0x1c .\CortexM0\ARM_GCC_541\Debug\start_v11.a(CyLFClk.o)
                0x000057c8                CySysClkIloStart
 .text.CySysClkIloStop
                0x000057e4       0x60 .\CortexM0\ARM_GCC_541\Debug\start_v11.a(CyLFClk.o)
                0x000057e4                CySysClkIloStop
 .text.CySysClkIloStartMeasurement
                0x00005844       0x6c .\CortexM0\ARM_GCC_541\Debug\start_v11.a(CyLFClk.o)
                0x00005844                CySysClkIloStartMeasurement
 .text.CySysClkIloStopMeasurement
                0x000058b0       0x20 .\CortexM0\ARM_GCC_541\Debug\start_v11.a(CyLFClk.o)
                0x000058b0                CySysClkIloStopMeasurement
 .text.CySysClkIloCompensate
                0x000058d0      0x158 .\CortexM0\ARM_GCC_541\Debug\start_v11.a(CyLFClk.o)
                0x000058d0                CySysClkIloCompensate
 .text.CySysClkIloEnabled
                0x00005a28       0x1c .\CortexM0\ARM_GCC_541\Debug\start_v11.a(CyLFClk.o)
 .text.CySysClkIloTrim
                0x00005a44      0x124 .\CortexM0\ARM_GCC_541\Debug\start_v11.a(CyLFClk.o)
                0x00005a44                CySysClkIloTrim
 .text.CySysClkIloUpdateTrimReg
                0x00005b68       0xfc .\CortexM0\ARM_GCC_541\Debug\start_v11.a(CyLFClk.o)
                0x00005b68                CySysClkIloUpdateTrimReg
 .text.CySysClkIloRestoreFactoryTrim
                0x00005c64       0x4c .\CortexM0\ARM_GCC_541\Debug\start_v11.a(CyLFClk.o)
                0x00005c64                CySysClkIloRestoreFactoryTrim
 .text.CySysClkGetLfclkSource
                0x00005cb0       0x20 .\CortexM0\ARM_GCC_541\Debug\start_v11.a(CyLFClk.o)
 .text.CySysClkSetLfclkSource
                0x00005cd0       0x54 .\CortexM0\ARM_GCC_541\Debug\start_v11.a(CyLFClk.o)
                0x00005cd0                CySysClkSetLfclkSource
 .text.CySysClkWcoStart
                0x00005d24       0x20 .\CortexM0\ARM_GCC_541\Debug\start_v11.a(CyLFClk.o)
                0x00005d24                CySysClkWcoStart
 .text.CySysClkWcoStop
                0x00005d44       0x60 .\CortexM0\ARM_GCC_541\Debug\start_v11.a(CyLFClk.o)
                0x00005d44                CySysClkWcoStop
 .text.CySysClkWcoEnabled
                0x00005da4       0x1c .\CortexM0\ARM_GCC_541\Debug\start_v11.a(CyLFClk.o)
                0x00005da4                CySysClkWcoEnabled
 .text.CySysClkWcoSetPowerMode
                0x00005dc0       0x40 .\CortexM0\ARM_GCC_541\Debug\start_v11.a(CyLFClk.o)
                0x00005dc0                CySysClkWcoSetPowerMode
 .text.CySysClkWcoClockOutSelect
                0x00005e00       0x40 .\CortexM0\ARM_GCC_541\Debug\start_v11.a(CyLFClk.o)
                0x00005e00                CySysClkWcoClockOutSelect
 .text.CySysWdtLock
                0x00005e40       0x34 .\CortexM0\ARM_GCC_541\Debug\start_v11.a(CyLFClk.o)
                0x00005e40                CySysWdtLock
 .text.CySysWdtLocked
                0x00005e74       0x20 .\CortexM0\ARM_GCC_541\Debug\start_v11.a(CyLFClk.o)
 .text.CySysWdtUnlock
                0x00005e94       0x50 .\CortexM0\ARM_GCC_541\Debug\start_v11.a(CyLFClk.o)
                0x00005e94                CySysWdtUnlock
 .text.CySysWdtGetEnabledStatus
                0x00005ee4       0x34 .\CortexM0\ARM_GCC_541\Debug\start_v11.a(CyLFClk.o)
                0x00005ee4                CySysWdtGetEnabledStatus
 .text.CySysWdtSetMode
                0x00005f18       0x5c .\CortexM0\ARM_GCC_541\Debug\start_v11.a(CyLFClk.o)
                0x00005f18                CySysWdtSetMode
 .text.CySysWdtGetMode
                0x00005f74       0x24 .\CortexM0\ARM_GCC_541\Debug\start_v11.a(CyLFClk.o)
                0x00005f74                CySysWdtGetMode
 .text.CySysWdtSetClearOnMatch
                0x00005f98       0x6c .\CortexM0\ARM_GCC_541\Debug\start_v11.a(CyLFClk.o)
                0x00005f98                CySysWdtSetClearOnMatch
 .text.CySysWdtGetClearOnMatch
                0x00006004       0x44 .\CortexM0\ARM_GCC_541\Debug\start_v11.a(CyLFClk.o)
                0x00006004                CySysWdtGetClearOnMatch
 .text.CySysWdtEnable
                0x00006048       0x60 .\CortexM0\ARM_GCC_541\Debug\start_v11.a(CyLFClk.o)
                0x00006048                CySysWdtEnable
 .text.CySysWdtDisable
                0x000060a8       0x6c .\CortexM0\ARM_GCC_541\Debug\start_v11.a(CyLFClk.o)
                0x000060a8                CySysWdtDisable
 .text.CySysWdtSetCascade
                0x00006114       0x58 .\CortexM0\ARM_GCC_541\Debug\start_v11.a(CyLFClk.o)
                0x00006114                CySysWdtSetCascade
 .text.CySysWdtGetCascade
                0x0000616c       0x1c .\CortexM0\ARM_GCC_541\Debug\start_v11.a(CyLFClk.o)
                0x0000616c                CySysWdtGetCascade
 .text.CySysWdtSetMatch
                0x00006188       0x90 .\CortexM0\ARM_GCC_541\Debug\start_v11.a(CyLFClk.o)
                0x00006188                CySysWdtSetMatch
 .text.CySysWdtSetToggleBit
                0x00006218       0x48 .\CortexM0\ARM_GCC_541\Debug\start_v11.a(CyLFClk.o)
                0x00006218                CySysWdtSetToggleBit
 .text.CySysWdtGetToggleBit
                0x00006260       0x18 .\CortexM0\ARM_GCC_541\Debug\start_v11.a(CyLFClk.o)
                0x00006260                CySysWdtGetToggleBit
 .text.CySysWdtGetMatch
                0x00006278       0x40 .\CortexM0\ARM_GCC_541\Debug\start_v11.a(CyLFClk.o)
                0x00006278                CySysWdtGetMatch
 .text.CySysWdtGetCount
                0x000062b8       0x54 .\CortexM0\ARM_GCC_541\Debug\start_v11.a(CyLFClk.o)
                0x000062b8                CySysWdtGetCount
 .text.CySysWdtGetInterruptSource
                0x0000630c       0x1c .\CortexM0\ARM_GCC_541\Debug\start_v11.a(CyLFClk.o)
                0x0000630c                CySysWdtGetInterruptSource
 .text.CySysWdtClearInterrupt
                0x00006328       0x70 .\CortexM0\ARM_GCC_541\Debug\start_v11.a(CyLFClk.o)
                0x00006328                CySysWdtClearInterrupt
 .text.CySysWdtResetCounters
                0x00006398       0x34 .\CortexM0\ARM_GCC_541\Debug\start_v11.a(CyLFClk.o)
                0x00006398                CySysWdtResetCounters
 .text.CySysWdtSetInterruptCallback
                0x000063cc       0x40 .\CortexM0\ARM_GCC_541\Debug\start_v11.a(CyLFClk.o)
                0x000063cc                CySysWdtSetInterruptCallback
 .text.CySysWdtGetInterruptCallback
                0x0000640c       0x34 .\CortexM0\ARM_GCC_541\Debug\start_v11.a(CyLFClk.o)
                0x0000640c                CySysWdtGetInterruptCallback
 .text.CySysWdtEnableCounterIsr
                0x00006440       0x50 .\CortexM0\ARM_GCC_541\Debug\start_v11.a(CyLFClk.o)
                0x00006440                CySysWdtEnableCounterIsr
 .text.CySysWdtDisableCounterIsr
                0x00006490       0x3c .\CortexM0\ARM_GCC_541\Debug\start_v11.a(CyLFClk.o)
                0x00006490                CySysWdtDisableCounterIsr
 .text.CySysWdtIsr
                0x000064cc       0xec .\CortexM0\ARM_GCC_541\Debug\start_v11.a(CyLFClk.o)
                0x000064cc                CySysWdtIsr
 .text.CySysWatchdogFeed
                0x000065b8       0x8c .\CortexM0\ARM_GCC_541\Debug\start_v11.a(CyLFClk.o)
                0x000065b8                CySysWatchdogFeed
 .text.CySysClkLfclkPosedgeCatch
                0x00006644       0x98 .\CortexM0\ARM_GCC_541\Debug\start_v11.a(CyLFClk.o)
 .text.CySysClkLfclkPosedgeRestore
                0x000066dc       0x3c .\CortexM0\ARM_GCC_541\Debug\start_v11.a(CyLFClk.o)
 .text.CySysTimerDelay
                0x00006718       0x68 .\CortexM0\ARM_GCC_541\Debug\start_v11.a(CyLFClk.o)
                0x00006718                CySysTimerDelay
 .text.CySysTimerDelayUntilMatch
                0x00006780       0xb0 .\CortexM0\ARM_GCC_541\Debug\start_v11.a(CyLFClk.o)
                0x00006780                CySysTimerDelayUntilMatch
 .text          0x00006830        0x0 .\CortexM0\ARM_GCC_541\Debug\start_v11.a(RTC.o)
 .text.RTC_IsBitSet
                0x00006830       0x24 .\CortexM0\ARM_GCC_541\Debug\start_v11.a(RTC.o)
 .text.RTC_LeapYear
                0x00006854       0x44 .\CortexM0\ARM_GCC_541\Debug\start_v11.a(RTC.o)
 .text.RTC_GetSecond
                0x00006898       0x30 .\CortexM0\ARM_GCC_541\Debug\start_v11.a(RTC.o)
 .text.RTC_GetMinutes
                0x000068c8       0x34 .\CortexM0\ARM_GCC_541\Debug\start_v11.a(RTC.o)
 .text.RTC_GetHours
                0x000068fc       0x34 .\CortexM0\ARM_GCC_541\Debug\start_v11.a(RTC.o)
 .text.RTC_GetAmPm
                0x00006930       0x20 .\CortexM0\ARM_GCC_541\Debug\start_v11.a(RTC.o)
 .text.RTC_GetDay
                0x00006950       0x34 .\CortexM0\ARM_GCC_541\Debug\start_v11.a(RTC.o)
 .text.RTC_GetMonth
                0x00006984       0x34 .\CortexM0\ARM_GCC_541\Debug\start_v11.a(RTC.o)
 .text.RTC_GetYear
                0x000069b8       0x58 .\CortexM0\ARM_GCC_541\Debug\start_v11.a(RTC.o)
 .text.RTC_GetTimeFormat
                0x00006a10       0x20 .\CortexM0\ARM_GCC_541\Debug\start_v11.a(RTC.o)
 .text.RTC_ConstructTime
                0x00006a30       0xa0 .\CortexM0\ARM_GCC_541\Debug\start_v11.a(RTC.o)
 .text.RTC_ConstructDate
                0x00006ad0       0xd8 .\CortexM0\ARM_GCC_541\Debug\start_v11.a(RTC.o)
 .text.RTC_GetDayOfWeek
                0x00006ba8       0x88 .\CortexM0\ARM_GCC_541\Debug\start_v11.a(RTC.o)
 .text.RTC_Start
                0x00006c30       0x1c .\CortexM0\ARM_GCC_541\Debug\start_v11.a(RTC.o)
                0x00006c30                RTC_Start
 .text.RTC_Stop
                0x00006c4c        0xc .\CortexM0\ARM_GCC_541\Debug\start_v11.a(RTC.o)
                0x00006c4c                RTC_Stop
 .text.RTC_Init
                0x00006c58       0x74 .\CortexM0\ARM_GCC_541\Debug\start_v11.a(RTC.o)
                0x00006c58                RTC_Init
 .text.RTC_SetDateAndTime
                0x00006ccc       0x74 .\CortexM0\ARM_GCC_541\Debug\start_v11.a(RTC.o)
                0x00006ccc                RTC_SetDateAndTime
 .text.RTC_SetUnixTime
                0x00006d40       0x38 .\CortexM0\ARM_GCC_541\Debug\start_v11.a(RTC.o)
                0x00006d40                RTC_SetUnixTime
 .text.RTC_GetUnixTime
                0x00006d78       0x18 .\CortexM0\ARM_GCC_541\Debug\start_v11.a(RTC.o)
                0x00006d78                RTC_GetUnixTime
 .text.RTC_SetPeriod
                0x00006d90       0x28 .\CortexM0\ARM_GCC_541\Debug\start_v11.a(RTC.o)
                0x00006d90                RTC_SetPeriod
 .text.RTC_GetPeriod
                0x00006db8       0x14 .\CortexM0\ARM_GCC_541\Debug\start_v11.a(RTC.o)
                0x00006db8                RTC_GetPeriod
 .text.RTC_GetRefOneSec
                0x00006dcc       0x14 .\CortexM0\ARM_GCC_541\Debug\start_v11.a(RTC.o)
                0x00006dcc                RTC_GetRefOneSec
 .text.RTC_GetDateAndTime
                0x00006de0       0x3c .\CortexM0\ARM_GCC_541\Debug\start_v11.a(RTC.o)
                0x00006de0                RTC_GetDateAndTime
 .text.RTC_GetTime
                0x00006e1c       0x44 .\CortexM0\ARM_GCC_541\Debug\start_v11.a(RTC.o)
                0x00006e1c                RTC_GetTime
 .text.RTC_GetDate
                0x00006e60       0x44 .\CortexM0\ARM_GCC_541\Debug\start_v11.a(RTC.o)
                0x00006e60                RTC_GetDate
 .text.RTC_ReadStatus
                0x00006ea4       0x80 .\CortexM0\ARM_GCC_541\Debug\start_v11.a(RTC.o)
                0x00006ea4                RTC_ReadStatus
 .text.RTC_ConvertBCDToDec
                0x00006f24       0x50 .\CortexM0\ARM_GCC_541\Debug\start_v11.a(RTC.o)
                0x00006f24                RTC_ConvertBCDToDec
 .text.RTC_ConvertDecToBCD
                0x00006f74       0x60 .\CortexM0\ARM_GCC_541\Debug\start_v11.a(RTC.o)
                0x00006f74                RTC_ConvertDecToBCD
 .text.RTC_Update
                0x00006fd4       0x50 .\CortexM0\ARM_GCC_541\Debug\start_v11.a(RTC.o)
                0x00006fd4                RTC_Update
 .text.RTC_DateTimeToUnix
                0x00007024      0x190 .\CortexM0\ARM_GCC_541\Debug\start_v11.a(RTC.o)
                0x00007024                RTC_DateTimeToUnix
 .text.RTC_UnixToDateTime
                0x000071b4      0x298 .\CortexM0\ARM_GCC_541\Debug\start_v11.a(RTC.o)
                0x000071b4                RTC_UnixToDateTime
 .text.RTC_RelativeToFixed
                0x0000744c       0x7c .\CortexM0\ARM_GCC_541\Debug\start_v11.a(RTC.o)
                0x0000744c                RTC_RelativeToFixed
 .text.RTC_DaysInMonth
                0x000074c8       0x3c .\CortexM0\ARM_GCC_541\Debug\start_v11.a(RTC.o)
                0x000074c8                RTC_DaysInMonth
 .text.RTC_DaysBeforeMonth
                0x00007504       0x3c .\CortexM0\ARM_GCC_541\Debug\start_v11.a(RTC.o)
                0x00007504                RTC_DaysBeforeMonth
 .text          0x00007540        0x0 .\CortexM0\ARM_GCC_541\Debug\start_v11.a(GatePin.o)
 .text.GatePin_SetDriveMode
                0x00007540       0x30 .\CortexM0\ARM_GCC_541\Debug\start_v11.a(GatePin.o)
                0x00007540                GatePin_SetDriveMode
 .text.GatePin_Write
                0x00007570       0x50 .\CortexM0\ARM_GCC_541\Debug\start_v11.a(GatePin.o)
                0x00007570                GatePin_Write
 .text.GatePin_Read
                0x000075c0       0x1c .\CortexM0\ARM_GCC_541\Debug\start_v11.a(GatePin.o)
                0x000075c0                GatePin_Read
 .text.GatePin_ReadDataReg
                0x000075dc       0x1c .\CortexM0\ARM_GCC_541\Debug\start_v11.a(GatePin.o)
                0x000075dc                GatePin_ReadDataReg
 .text.GatePin_SetInterruptMode
                0x000075f8       0x44 .\CortexM0\ARM_GCC_541\Debug\start_v11.a(GatePin.o)
                0x000075f8                GatePin_SetInterruptMode
 .text.GatePin_ClearInterrupt
                0x0000763c       0x30 .\CortexM0\ARM_GCC_541\Debug\start_v11.a(GatePin.o)
                0x0000763c                GatePin_ClearInterrupt
 .text          0x0000766c        0x0 .\CortexM0\ARM_GCC_541\Debug\start_v11.a(Timer_LED.o)
 .text.Timer_LED_Init
                0x0000766c       0x40 .\CortexM0\ARM_GCC_541\Debug\start_v11.a(Timer_LED.o)
                0x0000766c                Timer_LED_Init
 .text.Timer_LED_Enable
                0x000076ac       0x3c .\CortexM0\ARM_GCC_541\Debug\start_v11.a(Timer_LED.o)
                0x000076ac                Timer_LED_Enable
 .text.Timer_LED_Start
                0x000076e8       0x24 .\CortexM0\ARM_GCC_541\Debug\start_v11.a(Timer_LED.o)
                0x000076e8                Timer_LED_Start
 .text.Timer_LED_Stop
                0x0000770c       0x34 .\CortexM0\ARM_GCC_541\Debug\start_v11.a(Timer_LED.o)
                0x0000770c                Timer_LED_Stop
 .text.Timer_LED_SetMode
                0x00007740       0x48 .\CortexM0\ARM_GCC_541\Debug\start_v11.a(Timer_LED.o)
                0x00007740                Timer_LED_SetMode
 .text.Timer_LED_SetQDMode
                0x00007788       0x48 .\CortexM0\ARM_GCC_541\Debug\start_v11.a(Timer_LED.o)
                0x00007788                Timer_LED_SetQDMode
 .text.Timer_LED_SetPrescaler
                0x000077d0       0x48 .\CortexM0\ARM_GCC_541\Debug\start_v11.a(Timer_LED.o)
                0x000077d0                Timer_LED_SetPrescaler
 .text.Timer_LED_SetOneShot
                0x00007818       0x50 .\CortexM0\ARM_GCC_541\Debug\start_v11.a(Timer_LED.o)
                0x00007818                Timer_LED_SetOneShot
 .text.Timer_LED_SetPWMMode
                0x00007868       0x20 .\CortexM0\ARM_GCC_541\Debug\start_v11.a(Timer_LED.o)
                0x00007868                Timer_LED_SetPWMMode
 .text.Timer_LED_SetPWMSyncKill
                0x00007888       0x4c .\CortexM0\ARM_GCC_541\Debug\start_v11.a(Timer_LED.o)
                0x00007888                Timer_LED_SetPWMSyncKill
 .text.Timer_LED_SetPWMStopOnKill
                0x000078d4       0x4c .\CortexM0\ARM_GCC_541\Debug\start_v11.a(Timer_LED.o)
                0x000078d4                Timer_LED_SetPWMStopOnKill
 .text.Timer_LED_SetPWMDeadTime
                0x00007920       0x50 .\CortexM0\ARM_GCC_541\Debug\start_v11.a(Timer_LED.o)
                0x00007920                Timer_LED_SetPWMDeadTime
 .text.Timer_LED_SetPWMInvert
                0x00007970       0x48 .\CortexM0\ARM_GCC_541\Debug\start_v11.a(Timer_LED.o)
                0x00007970                Timer_LED_SetPWMInvert
 .text.Timer_LED_WriteCounter
                0x000079b8       0x20 .\CortexM0\ARM_GCC_541\Debug\start_v11.a(Timer_LED.o)
                0x000079b8                Timer_LED_WriteCounter
 .text.Timer_LED_ReadCounter
                0x000079d8       0x18 .\CortexM0\ARM_GCC_541\Debug\start_v11.a(Timer_LED.o)
                0x000079d8                Timer_LED_ReadCounter
 .text.Timer_LED_SetCounterMode
                0x000079f0       0x48 .\CortexM0\ARM_GCC_541\Debug\start_v11.a(Timer_LED.o)
                0x000079f0                Timer_LED_SetCounterMode
 .text.Timer_LED_WritePeriod
                0x00007a38       0x20 .\CortexM0\ARM_GCC_541\Debug\start_v11.a(Timer_LED.o)
                0x00007a38                Timer_LED_WritePeriod
 .text.Timer_LED_ReadPeriod
                0x00007a58       0x18 .\CortexM0\ARM_GCC_541\Debug\start_v11.a(Timer_LED.o)
                0x00007a58                Timer_LED_ReadPeriod
 .text.Timer_LED_SetCompareSwap
                0x00007a70       0x48 .\CortexM0\ARM_GCC_541\Debug\start_v11.a(Timer_LED.o)
                0x00007a70                Timer_LED_SetCompareSwap
 .text.Timer_LED_WritePeriodBuf
                0x00007ab8       0x20 .\CortexM0\ARM_GCC_541\Debug\start_v11.a(Timer_LED.o)
                0x00007ab8                Timer_LED_WritePeriodBuf
 .text.Timer_LED_ReadPeriodBuf
                0x00007ad8       0x18 .\CortexM0\ARM_GCC_541\Debug\start_v11.a(Timer_LED.o)
                0x00007ad8                Timer_LED_ReadPeriodBuf
 .text.Timer_LED_SetPeriodSwap
                0x00007af0       0x4c .\CortexM0\ARM_GCC_541\Debug\start_v11.a(Timer_LED.o)
                0x00007af0                Timer_LED_SetPeriodSwap
 .text.Timer_LED_WriteCompare
                0x00007b3c       0x20 .\CortexM0\ARM_GCC_541\Debug\start_v11.a(Timer_LED.o)
                0x00007b3c                Timer_LED_WriteCompare
 .text.Timer_LED_ReadCompare
                0x00007b5c       0x18 .\CortexM0\ARM_GCC_541\Debug\start_v11.a(Timer_LED.o)
                0x00007b5c                Timer_LED_ReadCompare
 .text.Timer_LED_WriteCompareBuf
                0x00007b74       0x20 .\CortexM0\ARM_GCC_541\Debug\start_v11.a(Timer_LED.o)
                0x00007b74                Timer_LED_WriteCompareBuf
 .text.Timer_LED_ReadCompareBuf
                0x00007b94       0x18 .\CortexM0\ARM_GCC_541\Debug\start_v11.a(Timer_LED.o)
                0x00007b94                Timer_LED_ReadCompareBuf
 .text.Timer_LED_ReadCapture
                0x00007bac       0x18 .\CortexM0\ARM_GCC_541\Debug\start_v11.a(Timer_LED.o)
                0x00007bac                Timer_LED_ReadCapture
 .text.Timer_LED_ReadCaptureBuf
                0x00007bc4       0x18 .\CortexM0\ARM_GCC_541\Debug\start_v11.a(Timer_LED.o)
                0x00007bc4                Timer_LED_ReadCaptureBuf
 .text.Timer_LED_SetCaptureMode
                0x00007bdc       0x44 .\CortexM0\ARM_GCC_541\Debug\start_v11.a(Timer_LED.o)
                0x00007bdc                Timer_LED_SetCaptureMode
 .text.Timer_LED_SetReloadMode
                0x00007c20       0x48 .\CortexM0\ARM_GCC_541\Debug\start_v11.a(Timer_LED.o)
                0x00007c20                Timer_LED_SetReloadMode
 .text.Timer_LED_SetStartMode
                0x00007c68       0x4c .\CortexM0\ARM_GCC_541\Debug\start_v11.a(Timer_LED.o)
                0x00007c68                Timer_LED_SetStartMode
 .text.Timer_LED_SetStopMode
                0x00007cb4       0x48 .\CortexM0\ARM_GCC_541\Debug\start_v11.a(Timer_LED.o)
                0x00007cb4                Timer_LED_SetStopMode
 .text.Timer_LED_SetCountMode
                0x00007cfc       0x48 .\CortexM0\ARM_GCC_541\Debug\start_v11.a(Timer_LED.o)
                0x00007cfc                Timer_LED_SetCountMode
 .text.Timer_LED_TriggerCommand
                0x00007d44       0x3c .\CortexM0\ARM_GCC_541\Debug\start_v11.a(Timer_LED.o)
                0x00007d44                Timer_LED_TriggerCommand
 .text.Timer_LED_ReadStatus
                0x00007d80       0x20 .\CortexM0\ARM_GCC_541\Debug\start_v11.a(Timer_LED.o)
                0x00007d80                Timer_LED_ReadStatus
 .text.Timer_LED_SetInterruptMode
                0x00007da0       0x1c .\CortexM0\ARM_GCC_541\Debug\start_v11.a(Timer_LED.o)
                0x00007da0                Timer_LED_SetInterruptMode
 .text.Timer_LED_GetInterruptSourceMasked
                0x00007dbc       0x14 .\CortexM0\ARM_GCC_541\Debug\start_v11.a(Timer_LED.o)
                0x00007dbc                Timer_LED_GetInterruptSourceMasked
 .text.Timer_LED_GetInterruptSource
                0x00007dd0       0x14 .\CortexM0\ARM_GCC_541\Debug\start_v11.a(Timer_LED.o)
                0x00007dd0                Timer_LED_GetInterruptSource
 .text.Timer_LED_ClearInterrupt
                0x00007de4       0x1c .\CortexM0\ARM_GCC_541\Debug\start_v11.a(Timer_LED.o)
                0x00007de4                Timer_LED_ClearInterrupt
 .text.Timer_LED_SetInterrupt
                0x00007e00       0x1c .\CortexM0\ARM_GCC_541\Debug\start_v11.a(Timer_LED.o)
                0x00007e00                Timer_LED_SetInterrupt
 .text          0x00007e1c        0x0 .\CortexM0\ARM_GCC_541\Debug\start_v11.a(Int_Timer_Led.o)
 .text.Int_Timer_Led_Start
                0x00007e1c       0x24 .\CortexM0\ARM_GCC_541\Debug\start_v11.a(Int_Timer_Led.o)
                0x00007e1c                Int_Timer_Led_Start
 .text.Int_Timer_Led_StartEx
                0x00007e40       0x28 .\CortexM0\ARM_GCC_541\Debug\start_v11.a(Int_Timer_Led.o)
                0x00007e40                Int_Timer_Led_StartEx
 .text.Int_Timer_Led_Stop
                0x00007e68       0x1c .\CortexM0\ARM_GCC_541\Debug\start_v11.a(Int_Timer_Led.o)
                0x00007e68                Int_Timer_Led_Stop
 .text.Int_Timer_Led_Interrupt
                0x00007e84        0xc .\CortexM0\ARM_GCC_541\Debug\start_v11.a(Int_Timer_Led.o)
                0x00007e84                Int_Timer_Led_Interrupt
 .text.Int_Timer_Led_SetVector
                0x00007e90       0x1c .\CortexM0\ARM_GCC_541\Debug\start_v11.a(Int_Timer_Led.o)
                0x00007e90                Int_Timer_Led_SetVector
 .text.Int_Timer_Led_GetVector
                0x00007eac       0x14 .\CortexM0\ARM_GCC_541\Debug\start_v11.a(Int_Timer_Led.o)
                0x00007eac                Int_Timer_Led_GetVector
 .text.Int_Timer_Led_SetPriority
                0x00007ec0       0x50 .\CortexM0\ARM_GCC_541\Debug\start_v11.a(Int_Timer_Led.o)
                0x00007ec0                Int_Timer_Led_SetPriority
 .text.Int_Timer_Led_GetPriority
                0x00007f10       0x2c .\CortexM0\ARM_GCC_541\Debug\start_v11.a(Int_Timer_Led.o)
                0x00007f10                Int_Timer_Led_GetPriority
 .text.Int_Timer_Led_Enable
                0x00007f3c       0x18 .\CortexM0\ARM_GCC_541\Debug\start_v11.a(Int_Timer_Led.o)
                0x00007f3c                Int_Timer_Led_Enable
 .text.Int_Timer_Led_GetState
                0x00007f54       0x20 .\CortexM0\ARM_GCC_541\Debug\start_v11.a(Int_Timer_Led.o)
                0x00007f54                Int_Timer_Led_GetState
 .text.Int_Timer_Led_Disable
                0x00007f74       0x18 .\CortexM0\ARM_GCC_541\Debug\start_v11.a(Int_Timer_Led.o)
                0x00007f74                Int_Timer_Led_Disable
 .text.Int_Timer_Led_SetPending
                0x00007f8c       0x18 .\CortexM0\ARM_GCC_541\Debug\start_v11.a(Int_Timer_Led.o)
                0x00007f8c                Int_Timer_Led_SetPending
 .text.Int_Timer_Led_ClearPending
                0x00007fa4       0x18 .\CortexM0\ARM_GCC_541\Debug\start_v11.a(Int_Timer_Led.o)
                0x00007fa4                Int_Timer_Led_ClearPending
 .text          0x00007fbc        0x0 .\CortexM0\ARM_GCC_541\Debug\start_v11.a(UART_XB.o)
 .text.UART_XB_Init
                0x00007fbc       0x10 .\CortexM0\ARM_GCC_541\Debug\start_v11.a(UART_XB.o)
                0x00007fbc                UART_XB_Init
 .text.UART_XB_Enable
                0x00007fcc       0x24 .\CortexM0\ARM_GCC_541\Debug\start_v11.a(UART_XB.o)
                0x00007fcc                UART_XB_Enable
 .text.UART_XB_Start
                0x00007ff0       0x24 .\CortexM0\ARM_GCC_541\Debug\start_v11.a(UART_XB.o)
                0x00007ff0                UART_XB_Start
 .text.UART_XB_Stop
                0x00008014       0x34 .\CortexM0\ARM_GCC_541\Debug\start_v11.a(UART_XB.o)
                0x00008014                UART_XB_Stop
 .text.UART_XB_SetRxFifoLevel
                0x00008048       0x34 .\CortexM0\ARM_GCC_541\Debug\start_v11.a(UART_XB.o)
                0x00008048                UART_XB_SetRxFifoLevel
 .text.UART_XB_SetTxFifoLevel
                0x0000807c       0x34 .\CortexM0\ARM_GCC_541\Debug\start_v11.a(UART_XB.o)
                0x0000807c                UART_XB_SetTxFifoLevel
 .text.UART_XB_SetCustomInterruptHandler
                0x000080b0       0x1c .\CortexM0\ARM_GCC_541\Debug\start_v11.a(UART_XB.o)
                0x000080b0                UART_XB_SetCustomInterruptHandler
 .text.UART_XB_ScbEnableIntr
                0x000080cc       0x10 .\CortexM0\ARM_GCC_541\Debug\start_v11.a(UART_XB.o)
 .text.UART_XB_ScbModePostEnable
                0x000080dc       0x10 .\CortexM0\ARM_GCC_541\Debug\start_v11.a(UART_XB.o)
 .text.UART_XB_ScbModeStop
                0x000080ec       0x10 .\CortexM0\ARM_GCC_541\Debug\start_v11.a(UART_XB.o)
 .text          0x000080fc        0x0 .\CortexM0\ARM_GCC_541\Debug\start_v11.a(UART_XB_SPI_UART.o)
 .text.UART_XB_SpiUartReadRxData
                0x000080fc       0x50 .\CortexM0\ARM_GCC_541\Debug\start_v11.a(UART_XB_SPI_UART.o)
                0x000080fc                UART_XB_SpiUartReadRxData
 .text.UART_XB_SpiUartGetRxBufferSize
                0x0000814c       0x40 .\CortexM0\ARM_GCC_541\Debug\start_v11.a(UART_XB_SPI_UART.o)
                0x0000814c                UART_XB_SpiUartGetRxBufferSize
 .text.UART_XB_SpiUartClearRxBuffer
                0x0000818c       0x60 .\CortexM0\ARM_GCC_541\Debug\start_v11.a(UART_XB_SPI_UART.o)
                0x0000818c                UART_XB_SpiUartClearRxBuffer
 .text.UART_XB_SpiUartWriteTxData
                0x000081ec       0x9c .\CortexM0\ARM_GCC_541\Debug\start_v11.a(UART_XB_SPI_UART.o)
                0x000081ec                UART_XB_SpiUartWriteTxData
 .text.UART_XB_SpiUartPutArray
                0x00008288       0x34 .\CortexM0\ARM_GCC_541\Debug\start_v11.a(UART_XB_SPI_UART.o)
                0x00008288                UART_XB_SpiUartPutArray
 .text.UART_XB_SpiUartGetTxBufferSize
                0x000082bc       0x40 .\CortexM0\ARM_GCC_541\Debug\start_v11.a(UART_XB_SPI_UART.o)
                0x000082bc                UART_XB_SpiUartGetTxBufferSize
 .text.UART_XB_SpiUartClearTxBuffer
                0x000082fc       0x68 .\CortexM0\ARM_GCC_541\Debug\start_v11.a(UART_XB_SPI_UART.o)
                0x000082fc                UART_XB_SpiUartClearTxBuffer
 .text.UART_XB_SpiUartDisableIntRx
                0x00008364       0x20 .\CortexM0\ARM_GCC_541\Debug\start_v11.a(UART_XB_SPI_UART.o)
                0x00008364                UART_XB_SpiUartDisableIntRx
 .text.UART_XB_SpiUartDisableIntTx
                0x00008384       0x20 .\CortexM0\ARM_GCC_541\Debug\start_v11.a(UART_XB_SPI_UART.o)
                0x00008384                UART_XB_SpiUartDisableIntTx
 .text          0x000083a4        0x0 .\CortexM0\ARM_GCC_541\Debug\start_v11.a(UART_XB_UART.o)
 .text.UART_XB_UartInit
                0x000083a4      0x110 .\CortexM0\ARM_GCC_541\Debug\start_v11.a(UART_XB_UART.o)
                0x000083a4                UART_XB_UartInit
 .text.UART_XB_UartPostEnable
                0x000084b4       0x34 .\CortexM0\ARM_GCC_541\Debug\start_v11.a(UART_XB_UART.o)
                0x000084b4                UART_XB_UartPostEnable
 .text.UART_XB_UartStop
                0x000084e8       0x38 .\CortexM0\ARM_GCC_541\Debug\start_v11.a(UART_XB_UART.o)
                0x000084e8                UART_XB_UartStop
 .text.UART_XB_UartSetRxAddress
                0x00008520       0x34 .\CortexM0\ARM_GCC_541\Debug\start_v11.a(UART_XB_UART.o)
                0x00008520                UART_XB_UartSetRxAddress
 .text.UART_XB_UartSetRxAddressMask
                0x00008554       0x38 .\CortexM0\ARM_GCC_541\Debug\start_v11.a(UART_XB_UART.o)
                0x00008554                UART_XB_UartSetRxAddressMask
 .text.UART_XB_UartGetChar
                0x0000858c       0x40 .\CortexM0\ARM_GCC_541\Debug\start_v11.a(UART_XB_UART.o)
                0x0000858c                UART_XB_UartGetChar
 .text.UART_XB_UartGetByte
                0x000085cc       0x68 .\CortexM0\ARM_GCC_541\Debug\start_v11.a(UART_XB_UART.o)
                0x000085cc                UART_XB_UartGetByte
 .text.UART_XB_UartSetRtsPolarity
                0x00008634       0x3c .\CortexM0\ARM_GCC_541\Debug\start_v11.a(UART_XB_UART.o)
                0x00008634                UART_XB_UartSetRtsPolarity
 .text.UART_XB_UartSetRtsFifoLevel
                0x00008670       0x34 .\CortexM0\ARM_GCC_541\Debug\start_v11.a(UART_XB_UART.o)
                0x00008670                UART_XB_UartSetRtsFifoLevel
 .text.UART_XB_UartPutString
                0x000086a4       0x38 .\CortexM0\ARM_GCC_541\Debug\start_v11.a(UART_XB_UART.o)
                0x000086a4                UART_XB_UartPutString
 .text.UART_XB_UartPutCRLF
                0x000086dc       0x24 .\CortexM0\ARM_GCC_541\Debug\start_v11.a(UART_XB_UART.o)
                0x000086dc                UART_XB_UartPutCRLF
 .text.UART_XB_UartEnableCts
                0x00008700       0x1c .\CortexM0\ARM_GCC_541\Debug\start_v11.a(UART_XB_UART.o)
                0x00008700                UART_XB_UartEnableCts
 .text.UART_XB_UartDisableCts
                0x0000871c       0x20 .\CortexM0\ARM_GCC_541\Debug\start_v11.a(UART_XB_UART.o)
                0x0000871c                UART_XB_UartDisableCts
 .text.UART_XB_UartSetCtsPolarity
                0x0000873c       0x3c .\CortexM0\ARM_GCC_541\Debug\start_v11.a(UART_XB_UART.o)
                0x0000873c                UART_XB_UartSetCtsPolarity
 .text          0x00008778        0x0 .\CortexM0\ARM_GCC_541\Debug\start_v11.a(SwSPI_Master.o)
 .text.SwSPI_Master_Init
                0x00008778       0x34 .\CortexM0\ARM_GCC_541\Debug\start_v11.a(SwSPI_Master.o)
                0x00008778                SwSPI_Master_Init
 .text.SwSPI_Master_ChipSelect
                0x000087ac        0xc .\CortexM0\ARM_GCC_541\Debug\start_v11.a(SwSPI_Master.o)
                0x000087ac                SwSPI_Master_ChipSelect
 .text.SwSPI_Master_ChipDeselect
                0x000087b8        0xc .\CortexM0\ARM_GCC_541\Debug\start_v11.a(SwSPI_Master.o)
                0x000087b8                SwSPI_Master_ChipDeselect
 .text.SwSPI_Master_SendByte
                0x000087c4       0x98 .\CortexM0\ARM_GCC_541\Debug\start_v11.a(SwSPI_Master.o)
                0x000087c4                SwSPI_Master_SendByte
 .text.SwSPI_Master_SendBuff
                0x0000885c       0x50 .\CortexM0\ARM_GCC_541\Debug\start_v11.a(SwSPI_Master.o)
                0x0000885c                SwSPI_Master_SendBuff
 .text.SwSPI_Master_RecvByte
                0x000088ac       0x98 .\CortexM0\ARM_GCC_541\Debug\start_v11.a(SwSPI_Master.o)
                0x000088ac                SwSPI_Master_RecvByte
 .text.SwSPI_Master_RecvBuff
                0x00008944       0x50 .\CortexM0\ARM_GCC_541\Debug\start_v11.a(SwSPI_Master.o)
                0x00008944                SwSPI_Master_RecvBuff
 .text.SwSPI_Master_ReadAndWriteByte
                0x00008994       0xc8 .\CortexM0\ARM_GCC_541\Debug\start_v11.a(SwSPI_Master.o)
                0x00008994                SwSPI_Master_ReadAndWriteByte
 .text          0x00008a5c        0x0 .\CortexM0\ARM_GCC_541\Debug\start_v11.a(GATE_INT.o)
 .text.GATE_INT_Start
                0x00008a5c       0x24 .\CortexM0\ARM_GCC_541\Debug\start_v11.a(GATE_INT.o)
                0x00008a5c                GATE_INT_Start
 .text.GATE_INT_StartEx
                0x00008a80       0x28 .\CortexM0\ARM_GCC_541\Debug\start_v11.a(GATE_INT.o)
                0x00008a80                GATE_INT_StartEx
 .text.GATE_INT_Stop
                0x00008aa8       0x1c .\CortexM0\ARM_GCC_541\Debug\start_v11.a(GATE_INT.o)
                0x00008aa8                GATE_INT_Stop
 .text.GATE_INT_Interrupt
                0x00008ac4        0xc .\CortexM0\ARM_GCC_541\Debug\start_v11.a(GATE_INT.o)
                0x00008ac4                GATE_INT_Interrupt
 .text.GATE_INT_SetVector
                0x00008ad0       0x1c .\CortexM0\ARM_GCC_541\Debug\start_v11.a(GATE_INT.o)
                0x00008ad0                GATE_INT_SetVector
 .text.GATE_INT_GetVector
                0x00008aec       0x14 .\CortexM0\ARM_GCC_541\Debug\start_v11.a(GATE_INT.o)
                0x00008aec                GATE_INT_GetVector
 .text.GATE_INT_SetPriority
                0x00008b00       0x4c .\CortexM0\ARM_GCC_541\Debug\start_v11.a(GATE_INT.o)
                0x00008b00                GATE_INT_SetPriority
 .text.GATE_INT_GetPriority
                0x00008b4c       0x2c .\CortexM0\ARM_GCC_541\Debug\start_v11.a(GATE_INT.o)
                0x00008b4c                GATE_INT_GetPriority
 .text.GATE_INT_Enable
                0x00008b78       0x14 .\CortexM0\ARM_GCC_541\Debug\start_v11.a(GATE_INT.o)
                0x00008b78                GATE_INT_Enable
 .text.GATE_INT_GetState
                0x00008b8c       0x20 .\CortexM0\ARM_GCC_541\Debug\start_v11.a(GATE_INT.o)
                0x00008b8c                GATE_INT_GetState
 .text.GATE_INT_Disable
                0x00008bac       0x14 .\CortexM0\ARM_GCC_541\Debug\start_v11.a(GATE_INT.o)
                0x00008bac                GATE_INT_Disable
 .text.GATE_INT_SetPending
                0x00008bc0       0x14 .\CortexM0\ARM_GCC_541\Debug\start_v11.a(GATE_INT.o)
                0x00008bc0                GATE_INT_SetPending
 .text.GATE_INT_ClearPending
                0x00008bd4       0x14 .\CortexM0\ARM_GCC_541\Debug\start_v11.a(GATE_INT.o)
                0x00008bd4                GATE_INT_ClearPending
 .text          0x00008be8        0x0 .\CortexM0\ARM_GCC_541\Debug\start_v11.a(debug.o)
 .text.debug_SetDriveMode
                0x00008be8       0x2c .\CortexM0\ARM_GCC_541\Debug\start_v11.a(debug.o)
                0x00008be8                debug_SetDriveMode
 .text.debug_Write
                0x00008c14       0x4c .\CortexM0\ARM_GCC_541\Debug\start_v11.a(debug.o)
                0x00008c14                debug_Write
 .text.debug_Read
                0x00008c60       0x1c .\CortexM0\ARM_GCC_541\Debug\start_v11.a(debug.o)
                0x00008c60                debug_Read
 .text.debug_ReadDataReg
                0x00008c7c       0x1c .\CortexM0\ARM_GCC_541\Debug\start_v11.a(debug.o)
                0x00008c7c                debug_ReadDataReg
 .text.debug_SetInterruptMode
                0x00008c98       0x44 .\CortexM0\ARM_GCC_541\Debug\start_v11.a(debug.o)
                0x00008c98                debug_SetInterruptMode
 .text.debug_ClearInterrupt
                0x00008cdc       0x2c .\CortexM0\ARM_GCC_541\Debug\start_v11.a(debug.o)
                0x00008cdc                debug_ClearInterrupt
 .text          0x00008d08        0x0 .\CortexM0\ARM_GCC_541\Debug\start_v11.a(ADC.o)
 .text.ADC_Start
                0x00008d08       0x24 .\CortexM0\ARM_GCC_541\Debug\start_v11.a(ADC.o)
                0x00008d08                ADC_Start
 .text.ADC_Init
                0x00008d2c      0x1d4 .\CortexM0\ARM_GCC_541\Debug\start_v11.a(ADC.o)
                0x00008d2c                ADC_Init
 .text.ADC_Enable
                0x00008f00       0x38 .\CortexM0\ARM_GCC_541\Debug\start_v11.a(ADC.o)
                0x00008f00                ADC_Enable
 .text.ADC_Stop
                0x00008f38       0x1c .\CortexM0\ARM_GCC_541\Debug\start_v11.a(ADC.o)
                0x00008f38                ADC_Stop
 .text.ADC_StartConvert
                0x00008f54       0x1c .\CortexM0\ARM_GCC_541\Debug\start_v11.a(ADC.o)
                0x00008f54                ADC_StartConvert
 .text.ADC_StopConvert
                0x00008f70       0x20 .\CortexM0\ARM_GCC_541\Debug\start_v11.a(ADC.o)
                0x00008f70                ADC_StopConvert
 .text.ADC_IsEndConversion
                0x00008f90       0x48 .\CortexM0\ARM_GCC_541\Debug\start_v11.a(ADC.o)
                0x00008f90                ADC_IsEndConversion
 .text.ADC_GetResult16
                0x00008fd8       0x44 .\CortexM0\ARM_GCC_541\Debug\start_v11.a(ADC.o)
                0x00008fd8                ADC_GetResult16
 .text.ADC_SetChanMask
                0x0000901c       0x20 .\CortexM0\ARM_GCC_541\Debug\start_v11.a(ADC.o)
                0x0000901c                ADC_SetChanMask
 .text.ADC_SetLowLimit
                0x0000903c       0x30 .\CortexM0\ARM_GCC_541\Debug\start_v11.a(ADC.o)
                0x0000903c                ADC_SetLowLimit
 .text.ADC_SetHighLimit
                0x0000906c       0x30 .\CortexM0\ARM_GCC_541\Debug\start_v11.a(ADC.o)
                0x0000906c                ADC_SetHighLimit
 .text.ADC_SetLimitMask
                0x0000909c       0x20 .\CortexM0\ARM_GCC_541\Debug\start_v11.a(ADC.o)
                0x0000909c                ADC_SetLimitMask
 .text.ADC_SetSatMask
                0x000090bc       0x20 .\CortexM0\ARM_GCC_541\Debug\start_v11.a(ADC.o)
                0x000090bc                ADC_SetSatMask
 .text.ADC_SetOffset
                0x000090dc       0x34 .\CortexM0\ARM_GCC_541\Debug\start_v11.a(ADC.o)
                0x000090dc                ADC_SetOffset
 .text.ADC_SetGain
                0x00009110       0x2c .\CortexM0\ARM_GCC_541\Debug\start_v11.a(ADC.o)
                0x00009110                ADC_SetGain
 .text.ADC_CountsTo_mVolts
                0x0000913c       0xa0 .\CortexM0\ARM_GCC_541\Debug\start_v11.a(ADC.o)
                0x0000913c                ADC_CountsTo_mVolts
 .text.ADC_CountsTo_uVolts
                0x000091dc       0x90 .\CortexM0\ARM_GCC_541\Debug\start_v11.a(ADC.o)
                0x000091dc                ADC_CountsTo_uVolts
 .text.ADC_CountsTo_Volts
                0x0000926c       0x80 .\CortexM0\ARM_GCC_541\Debug\start_v11.a(ADC.o)
                0x0000926c                ADC_CountsTo_Volts
 .text          0x000092ec        0x0 .\CortexM0\ARM_GCC_541\Debug\start_v11.a(ADC_INT.o)
 .text.ADC_ISR  0x000092ec       0x20 .\CortexM0\ARM_GCC_541\Debug\start_v11.a(ADC_INT.o)
                0x000092ec                ADC_ISR
 .text          0x0000930c        0x0 .\CortexM0\ARM_GCC_541\Debug\start_v11.a(CE.o)
 .text.CE_SetDriveMode
                0x0000930c       0x30 .\CortexM0\ARM_GCC_541\Debug\start_v11.a(CE.o)
                0x0000930c                CE_SetDriveMode
 .text.CE_Write
                0x0000933c       0x50 .\CortexM0\ARM_GCC_541\Debug\start_v11.a(CE.o)
                0x0000933c                CE_Write
 .text.CE_Read  0x0000938c       0x1c .\CortexM0\ARM_GCC_541\Debug\start_v11.a(CE.o)
                0x0000938c                CE_Read
 .text.CE_ReadDataReg
                0x000093a8       0x1c .\CortexM0\ARM_GCC_541\Debug\start_v11.a(CE.o)
                0x000093a8                CE_ReadDataReg
 .text.CE_SetInterruptMode
                0x000093c4       0x44 .\CortexM0\ARM_GCC_541\Debug\start_v11.a(CE.o)
                0x000093c4                CE_SetInterruptMode
 .text.CE_ClearInterrupt
                0x00009408       0x30 .\CortexM0\ARM_GCC_541\Debug\start_v11.a(CE.o)
                0x00009408                CE_ClearInterrupt
 .text          0x00009438        0x0 .\CortexM0\ARM_GCC_541\Debug\start_v11.a(RST.o)
 .text.RST_SetDriveMode
                0x00009438       0x30 .\CortexM0\ARM_GCC_541\Debug\start_v11.a(RST.o)
                0x00009438                RST_SetDriveMode
 .text.RST_Write
                0x00009468       0x50 .\CortexM0\ARM_GCC_541\Debug\start_v11.a(RST.o)
                0x00009468                RST_Write
 .text.RST_Read
                0x000094b8       0x1c .\CortexM0\ARM_GCC_541\Debug\start_v11.a(RST.o)
                0x000094b8                RST_Read
 .text.RST_ReadDataReg
                0x000094d4       0x1c .\CortexM0\ARM_GCC_541\Debug\start_v11.a(RST.o)
                0x000094d4                RST_ReadDataReg
 .text.RST_SetInterruptMode
                0x000094f0       0x44 .\CortexM0\ARM_GCC_541\Debug\start_v11.a(RST.o)
                0x000094f0                RST_SetInterruptMode
 .text.RST_ClearInterrupt
                0x00009534       0x30 .\CortexM0\ARM_GCC_541\Debug\start_v11.a(RST.o)
                0x00009534                RST_ClearInterrupt
 .text          0x00009564        0x0 .\CortexM0\ARM_GCC_541\Debug\start_v11.a(DC.o)
 .text.DC_SetDriveMode
                0x00009564       0x30 .\CortexM0\ARM_GCC_541\Debug\start_v11.a(DC.o)
                0x00009564                DC_SetDriveMode
 .text.DC_Write
                0x00009594       0x50 .\CortexM0\ARM_GCC_541\Debug\start_v11.a(DC.o)
                0x00009594                DC_Write
 .text.DC_Read  0x000095e4       0x1c .\CortexM0\ARM_GCC_541\Debug\start_v11.a(DC.o)
                0x000095e4                DC_Read
 .text.DC_ReadDataReg
                0x00009600       0x1c .\CortexM0\ARM_GCC_541\Debug\start_v11.a(DC.o)
                0x00009600                DC_ReadDataReg
 .text.DC_SetInterruptMode
                0x0000961c       0x44 .\CortexM0\ARM_GCC_541\Debug\start_v11.a(DC.o)
                0x0000961c                DC_SetInterruptMode
 .text.DC_ClearInterrupt
                0x00009660       0x30 .\CortexM0\ARM_GCC_541\Debug\start_v11.a(DC.o)
                0x00009660                DC_ClearInterrupt
 .text          0x00009690        0x0 .\CortexM0\ARM_GCC_541\Debug\start_v11.a(LCD_BL.o)
 .text.LCD_BL_SetDriveMode
                0x00009690       0x30 .\CortexM0\ARM_GCC_541\Debug\start_v11.a(LCD_BL.o)
                0x00009690                LCD_BL_SetDriveMode
 .text.LCD_BL_Write
                0x000096c0       0x50 .\CortexM0\ARM_GCC_541\Debug\start_v11.a(LCD_BL.o)
                0x000096c0                LCD_BL_Write
 .text.LCD_BL_Read
                0x00009710       0x1c .\CortexM0\ARM_GCC_541\Debug\start_v11.a(LCD_BL.o)
                0x00009710                LCD_BL_Read
 .text.LCD_BL_ReadDataReg
                0x0000972c       0x1c .\CortexM0\ARM_GCC_541\Debug\start_v11.a(LCD_BL.o)
                0x0000972c                LCD_BL_ReadDataReg
 .text.LCD_BL_SetInterruptMode
                0x00009748       0x44 .\CortexM0\ARM_GCC_541\Debug\start_v11.a(LCD_BL.o)
                0x00009748                LCD_BL_SetInterruptMode
 .text.LCD_BL_ClearInterrupt
                0x0000978c       0x30 .\CortexM0\ARM_GCC_541\Debug\start_v11.a(LCD_BL.o)
                0x0000978c                LCD_BL_ClearInterrupt
 .text          0x000097bc        0x0 .\CortexM0\ARM_GCC_541\Debug\start_v11.a(TimerTestMode.o)
 .text.TimerTestMode_Init
                0x000097bc       0x44 .\CortexM0\ARM_GCC_541\Debug\start_v11.a(TimerTestMode.o)
                0x000097bc                TimerTestMode_Init
 .text.TimerTestMode_Enable
                0x00009800       0x3c .\CortexM0\ARM_GCC_541\Debug\start_v11.a(TimerTestMode.o)
                0x00009800                TimerTestMode_Enable
 .text.TimerTestMode_Start
                0x0000983c       0x24 .\CortexM0\ARM_GCC_541\Debug\start_v11.a(TimerTestMode.o)
                0x0000983c                TimerTestMode_Start
 .text.TimerTestMode_Stop
                0x00009860       0x34 .\CortexM0\ARM_GCC_541\Debug\start_v11.a(TimerTestMode.o)
                0x00009860                TimerTestMode_Stop
 .text.TimerTestMode_SetMode
                0x00009894       0x48 .\CortexM0\ARM_GCC_541\Debug\start_v11.a(TimerTestMode.o)
                0x00009894                TimerTestMode_SetMode
 .text.TimerTestMode_SetQDMode
                0x000098dc       0x48 .\CortexM0\ARM_GCC_541\Debug\start_v11.a(TimerTestMode.o)
                0x000098dc                TimerTestMode_SetQDMode
 .text.TimerTestMode_SetPrescaler
                0x00009924       0x48 .\CortexM0\ARM_GCC_541\Debug\start_v11.a(TimerTestMode.o)
                0x00009924                TimerTestMode_SetPrescaler
 .text.TimerTestMode_SetOneShot
                0x0000996c       0x50 .\CortexM0\ARM_GCC_541\Debug\start_v11.a(TimerTestMode.o)
                0x0000996c                TimerTestMode_SetOneShot
 .text.TimerTestMode_SetPWMMode
                0x000099bc       0x20 .\CortexM0\ARM_GCC_541\Debug\start_v11.a(TimerTestMode.o)
                0x000099bc                TimerTestMode_SetPWMMode
 .text.TimerTestMode_SetPWMSyncKill
                0x000099dc       0x4c .\CortexM0\ARM_GCC_541\Debug\start_v11.a(TimerTestMode.o)
                0x000099dc                TimerTestMode_SetPWMSyncKill
 .text.TimerTestMode_SetPWMStopOnKill
                0x00009a28       0x4c .\CortexM0\ARM_GCC_541\Debug\start_v11.a(TimerTestMode.o)
                0x00009a28                TimerTestMode_SetPWMStopOnKill
 .text.TimerTestMode_SetPWMDeadTime
                0x00009a74       0x50 .\CortexM0\ARM_GCC_541\Debug\start_v11.a(TimerTestMode.o)
                0x00009a74                TimerTestMode_SetPWMDeadTime
 .text.TimerTestMode_SetPWMInvert
                0x00009ac4       0x48 .\CortexM0\ARM_GCC_541\Debug\start_v11.a(TimerTestMode.o)
                0x00009ac4                TimerTestMode_SetPWMInvert
 .text.TimerTestMode_WriteCounter
                0x00009b0c       0x20 .\CortexM0\ARM_GCC_541\Debug\start_v11.a(TimerTestMode.o)
                0x00009b0c                TimerTestMode_WriteCounter
 .text.TimerTestMode_ReadCounter
                0x00009b2c       0x18 .\CortexM0\ARM_GCC_541\Debug\start_v11.a(TimerTestMode.o)
                0x00009b2c                TimerTestMode_ReadCounter
 .text.TimerTestMode_SetCounterMode
                0x00009b44       0x48 .\CortexM0\ARM_GCC_541\Debug\start_v11.a(TimerTestMode.o)
                0x00009b44                TimerTestMode_SetCounterMode
 .text.TimerTestMode_WritePeriod
                0x00009b8c       0x20 .\CortexM0\ARM_GCC_541\Debug\start_v11.a(TimerTestMode.o)
                0x00009b8c                TimerTestMode_WritePeriod
 .text.TimerTestMode_ReadPeriod
                0x00009bac       0x18 .\CortexM0\ARM_GCC_541\Debug\start_v11.a(TimerTestMode.o)
                0x00009bac                TimerTestMode_ReadPeriod
 .text.TimerTestMode_SetCompareSwap
                0x00009bc4       0x48 .\CortexM0\ARM_GCC_541\Debug\start_v11.a(TimerTestMode.o)
                0x00009bc4                TimerTestMode_SetCompareSwap
 .text.TimerTestMode_WritePeriodBuf
                0x00009c0c       0x20 .\CortexM0\ARM_GCC_541\Debug\start_v11.a(TimerTestMode.o)
                0x00009c0c                TimerTestMode_WritePeriodBuf
 .text.TimerTestMode_ReadPeriodBuf
                0x00009c2c       0x18 .\CortexM0\ARM_GCC_541\Debug\start_v11.a(TimerTestMode.o)
                0x00009c2c                TimerTestMode_ReadPeriodBuf
 .text.TimerTestMode_SetPeriodSwap
                0x00009c44       0x4c .\CortexM0\ARM_GCC_541\Debug\start_v11.a(TimerTestMode.o)
                0x00009c44                TimerTestMode_SetPeriodSwap
 .text.TimerTestMode_WriteCompare
                0x00009c90       0x20 .\CortexM0\ARM_GCC_541\Debug\start_v11.a(TimerTestMode.o)
                0x00009c90                TimerTestMode_WriteCompare
 .text.TimerTestMode_ReadCompare
                0x00009cb0       0x18 .\CortexM0\ARM_GCC_541\Debug\start_v11.a(TimerTestMode.o)
                0x00009cb0                TimerTestMode_ReadCompare
 .text.TimerTestMode_WriteCompareBuf
                0x00009cc8       0x20 .\CortexM0\ARM_GCC_541\Debug\start_v11.a(TimerTestMode.o)
                0x00009cc8                TimerTestMode_WriteCompareBuf
 .text.TimerTestMode_ReadCompareBuf
                0x00009ce8       0x18 .\CortexM0\ARM_GCC_541\Debug\start_v11.a(TimerTestMode.o)
                0x00009ce8                TimerTestMode_ReadCompareBuf
 .text.TimerTestMode_ReadCapture
                0x00009d00       0x18 .\CortexM0\ARM_GCC_541\Debug\start_v11.a(TimerTestMode.o)
                0x00009d00                TimerTestMode_ReadCapture
 .text.TimerTestMode_ReadCaptureBuf
                0x00009d18       0x18 .\CortexM0\ARM_GCC_541\Debug\start_v11.a(TimerTestMode.o)
                0x00009d18                TimerTestMode_ReadCaptureBuf
 .text.TimerTestMode_SetCaptureMode
                0x00009d30       0x44 .\CortexM0\ARM_GCC_541\Debug\start_v11.a(TimerTestMode.o)
                0x00009d30                TimerTestMode_SetCaptureMode
 .text.TimerTestMode_SetReloadMode
                0x00009d74       0x48 .\CortexM0\ARM_GCC_541\Debug\start_v11.a(TimerTestMode.o)
                0x00009d74                TimerTestMode_SetReloadMode
 .text.TimerTestMode_SetStartMode
                0x00009dbc       0x4c .\CortexM0\ARM_GCC_541\Debug\start_v11.a(TimerTestMode.o)
                0x00009dbc                TimerTestMode_SetStartMode
 .text.TimerTestMode_SetStopMode
                0x00009e08       0x48 .\CortexM0\ARM_GCC_541\Debug\start_v11.a(TimerTestMode.o)
                0x00009e08                TimerTestMode_SetStopMode
 .text.TimerTestMode_SetCountMode
                0x00009e50       0x48 .\CortexM0\ARM_GCC_541\Debug\start_v11.a(TimerTestMode.o)
                0x00009e50                TimerTestMode_SetCountMode
 .text.TimerTestMode_TriggerCommand
                0x00009e98       0x3c .\CortexM0\ARM_GCC_541\Debug\start_v11.a(TimerTestMode.o)
                0x00009e98                TimerTestMode_TriggerCommand
 .text.TimerTestMode_ReadStatus
                0x00009ed4       0x20 .\CortexM0\ARM_GCC_541\Debug\start_v11.a(TimerTestMode.o)
                0x00009ed4                TimerTestMode_ReadStatus
 .text.TimerTestMode_SetInterruptMode
                0x00009ef4       0x1c .\CortexM0\ARM_GCC_541\Debug\start_v11.a(TimerTestMode.o)
                0x00009ef4                TimerTestMode_SetInterruptMode
 .text.TimerTestMode_GetInterruptSourceMasked
                0x00009f10       0x14 .\CortexM0\ARM_GCC_541\Debug\start_v11.a(TimerTestMode.o)
                0x00009f10                TimerTestMode_GetInterruptSourceMasked
 .text.TimerTestMode_GetInterruptSource
                0x00009f24       0x14 .\CortexM0\ARM_GCC_541\Debug\start_v11.a(TimerTestMode.o)
                0x00009f24                TimerTestMode_GetInterruptSource
 .text.TimerTestMode_ClearInterrupt
                0x00009f38       0x1c .\CortexM0\ARM_GCC_541\Debug\start_v11.a(TimerTestMode.o)
                0x00009f38                TimerTestMode_ClearInterrupt
 .text.TimerTestMode_SetInterrupt
                0x00009f54       0x1c .\CortexM0\ARM_GCC_541\Debug\start_v11.a(TimerTestMode.o)
                0x00009f54                TimerTestMode_SetInterrupt
 .text          0x00009f70        0x0 .\CortexM0\ARM_GCC_541\Debug\start_v11.a(Int_timerTestMode.o)
 .text.Int_timerTestMode_Start
                0x00009f70       0x24 .\CortexM0\ARM_GCC_541\Debug\start_v11.a(Int_timerTestMode.o)
                0x00009f70                Int_timerTestMode_Start
 .text.Int_timerTestMode_StartEx
                0x00009f94       0x28 .\CortexM0\ARM_GCC_541\Debug\start_v11.a(Int_timerTestMode.o)
                0x00009f94                Int_timerTestMode_StartEx
 .text.Int_timerTestMode_Stop
                0x00009fbc       0x1c .\CortexM0\ARM_GCC_541\Debug\start_v11.a(Int_timerTestMode.o)
                0x00009fbc                Int_timerTestMode_Stop
 .text.Int_timerTestMode_Interrupt
                0x00009fd8        0xc .\CortexM0\ARM_GCC_541\Debug\start_v11.a(Int_timerTestMode.o)
                0x00009fd8                Int_timerTestMode_Interrupt
 .text.Int_timerTestMode_SetVector
                0x00009fe4       0x1c .\CortexM0\ARM_GCC_541\Debug\start_v11.a(Int_timerTestMode.o)
                0x00009fe4                Int_timerTestMode_SetVector
 .text.Int_timerTestMode_GetVector
                0x0000a000       0x14 .\CortexM0\ARM_GCC_541\Debug\start_v11.a(Int_timerTestMode.o)
                0x0000a000                Int_timerTestMode_GetVector
 .text.Int_timerTestMode_SetPriority
                0x0000a014       0x50 .\CortexM0\ARM_GCC_541\Debug\start_v11.a(Int_timerTestMode.o)
                0x0000a014                Int_timerTestMode_SetPriority
 .text.Int_timerTestMode_GetPriority
                0x0000a064       0x2c .\CortexM0\ARM_GCC_541\Debug\start_v11.a(Int_timerTestMode.o)
                0x0000a064                Int_timerTestMode_GetPriority
 .text.Int_timerTestMode_Enable
                0x0000a090       0x18 .\CortexM0\ARM_GCC_541\Debug\start_v11.a(Int_timerTestMode.o)
                0x0000a090                Int_timerTestMode_Enable
 .text.Int_timerTestMode_GetState
                0x0000a0a8       0x20 .\CortexM0\ARM_GCC_541\Debug\start_v11.a(Int_timerTestMode.o)
                0x0000a0a8                Int_timerTestMode_GetState
 .text.Int_timerTestMode_Disable
                0x0000a0c8       0x18 .\CortexM0\ARM_GCC_541\Debug\start_v11.a(Int_timerTestMode.o)
                0x0000a0c8                Int_timerTestMode_Disable
 .text.Int_timerTestMode_SetPending
                0x0000a0e0       0x18 .\CortexM0\ARM_GCC_541\Debug\start_v11.a(Int_timerTestMode.o)
                0x0000a0e0                Int_timerTestMode_SetPending
 .text.Int_timerTestMode_ClearPending
                0x0000a0f8       0x18 .\CortexM0\ARM_GCC_541\Debug\start_v11.a(Int_timerTestMode.o)
                0x0000a0f8                Int_timerTestMode_ClearPending
 .text          0x0000a110        0x0 .\CortexM0\ARM_GCC_541\Debug\start_v11.a(Pin_testMode.o)
 .text.Pin_testMode_SetDriveMode
                0x0000a110       0x30 .\CortexM0\ARM_GCC_541\Debug\start_v11.a(Pin_testMode.o)
                0x0000a110                Pin_testMode_SetDriveMode
 .text.Pin_testMode_Write
                0x0000a140       0x48 .\CortexM0\ARM_GCC_541\Debug\start_v11.a(Pin_testMode.o)
                0x0000a140                Pin_testMode_Write
 .text.Pin_testMode_Read
                0x0000a188       0x1c .\CortexM0\ARM_GCC_541\Debug\start_v11.a(Pin_testMode.o)
                0x0000a188                Pin_testMode_Read
 .text.Pin_testMode_ReadDataReg
                0x0000a1a4       0x1c .\CortexM0\ARM_GCC_541\Debug\start_v11.a(Pin_testMode.o)
                0x0000a1a4                Pin_testMode_ReadDataReg
 .text.Pin_testMode_SetInterruptMode
                0x0000a1c0       0x44 .\CortexM0\ARM_GCC_541\Debug\start_v11.a(Pin_testMode.o)
                0x0000a1c0                Pin_testMode_SetInterruptMode
 .text.Pin_testMode_ClearInterrupt
                0x0000a204       0x30 .\CortexM0\ARM_GCC_541\Debug\start_v11.a(Pin_testMode.o)
                0x0000a204                Pin_testMode_ClearInterrupt
 .text          0x0000a234        0x0 .\CortexM0\ARM_GCC_541\Debug\start_v11.a(SW_RunTestMode.o)
 .text.SW_RunTestMode_SetDriveMode
                0x0000a234       0x30 .\CortexM0\ARM_GCC_541\Debug\start_v11.a(SW_RunTestMode.o)
                0x0000a234                SW_RunTestMode_SetDriveMode
 .text.SW_RunTestMode_Write
                0x0000a264       0x50 .\CortexM0\ARM_GCC_541\Debug\start_v11.a(SW_RunTestMode.o)
                0x0000a264                SW_RunTestMode_Write
 .text.SW_RunTestMode_Read
                0x0000a2b4       0x1c .\CortexM0\ARM_GCC_541\Debug\start_v11.a(SW_RunTestMode.o)
                0x0000a2b4                SW_RunTestMode_Read
 .text.SW_RunTestMode_ReadDataReg
                0x0000a2d0       0x1c .\CortexM0\ARM_GCC_541\Debug\start_v11.a(SW_RunTestMode.o)
                0x0000a2d0                SW_RunTestMode_ReadDataReg
 .text.SW_RunTestMode_SetInterruptMode
                0x0000a2ec       0x44 .\CortexM0\ARM_GCC_541\Debug\start_v11.a(SW_RunTestMode.o)
                0x0000a2ec                SW_RunTestMode_SetInterruptMode
 .text.SW_RunTestMode_ClearInterrupt
                0x0000a330       0x30 .\CortexM0\ARM_GCC_541\Debug\start_v11.a(SW_RunTestMode.o)
                0x0000a330                SW_RunTestMode_ClearInterrupt
 .text          0x0000a360        0x0 .\CortexM0\ARM_GCC_541\Debug\start_v11.a(LED_RED_PIN.o)
 .text.LED_RED_PIN_SetDriveMode
                0x0000a360       0x30 .\CortexM0\ARM_GCC_541\Debug\start_v11.a(LED_RED_PIN.o)
                0x0000a360                LED_RED_PIN_SetDriveMode
 .text.LED_RED_PIN_Write
                0x0000a390       0x50 .\CortexM0\ARM_GCC_541\Debug\start_v11.a(LED_RED_PIN.o)
                0x0000a390                LED_RED_PIN_Write
 .text.LED_RED_PIN_Read
                0x0000a3e0       0x1c .\CortexM0\ARM_GCC_541\Debug\start_v11.a(LED_RED_PIN.o)
                0x0000a3e0                LED_RED_PIN_Read
 .text.LED_RED_PIN_ReadDataReg