Archive member included to satisfy reference by file (symbol)

.\CortexM0\ARM_GCC_541\Debug\start_v11.a(CyLib.o)
                              .\CortexM0\ARM_GCC_541\Debug\cyfitter_cfg.o (CySysClkWriteImoFreq)
.\CortexM0\ARM_GCC_541\Debug\start_v11.a(CyLFClk.o)
                              .\CortexM0\ARM_GCC_541\Debug\cyfitter_cfg.o (CySysClkWcoStart)
.\CortexM0\ARM_GCC_541\Debug\start_v11.a(RTC.o)
                              .\CortexM0\ARM_GCC_541\Debug\RTC_WDT.o (RTC_Start)
.\CortexM0\ARM_GCC_541\Debug\start_v11.a(GatePin.o)
                              .\CortexM0\ARM_GCC_541\Debug\gate.o (GatePin_ClearInterrupt)
.\CortexM0\ARM_GCC_541\Debug\start_v11.a(Timer_LED.o)
                              .\CortexM0\ARM_GCC_541\Debug\LED.o (Timer_LED_Init)
.\CortexM0\ARM_GCC_541\Debug\start_v11.a(Int_Timer_Led.o)
                              .\CortexM0\ARM_GCC_541\Debug\LED.o (Int_Timer_Led_StartEx)
.\CortexM0\ARM_GCC_541\Debug\start_v11.a(UART_XB.o)
                              .\CortexM0\ARM_GCC_541\Debug\network.o (UART_XB_Start)
.\CortexM0\ARM_GCC_541\Debug\start_v11.a(UART_XB_SPI_UART.o)
                              .\CortexM0\ARM_GCC_541\Debug\network.o (UART_XB_SpiUartGetRxBufferSize)
.\CortexM0\ARM_GCC_541\Debug\start_v11.a(UART_XB_UART.o)
                              .\CortexM0\ARM_GCC_541\Debug\start_v11.a(UART_XB.o) (UART_XB_UartInit)
.\CortexM0\ARM_GCC_541\Debug\start_v11.a(SwSPI_Master.o)
                              .\CortexM0\ARM_GCC_541\Debug\LCD5110_Graph.o (SwSPI_Master_SendByte)
.\CortexM0\ARM_GCC_541\Debug\start_v11.a(GATE_INT.o)
                              .\CortexM0\ARM_GCC_541\Debug\gate.o (GATE_INT_Disable)
.\CortexM0\ARM_GCC_541\Debug\start_v11.a(debug.o)
                              .\CortexM0\ARM_GCC_541\Debug\RTC_WDT.o (debug_Write)
.\CortexM0\ARM_GCC_541\Debug\start_v11.a(ADC.o)
                              .\CortexM0\ARM_GCC_541\Debug\batt.o (ADC_Start)
.\CortexM0\ARM_GCC_541\Debug\start_v11.a(ADC_INT.o)
                              .\CortexM0\ARM_GCC_541\Debug\start_v11.a(ADC.o) (ADC_ISR)
.\CortexM0\ARM_GCC_541\Debug\start_v11.a(CE.o)
                              .\CortexM0\ARM_GCC_541\Debug\LCD5110_Graph.o (CE_Write)
.\CortexM0\ARM_GCC_541\Debug\start_v11.a(RST.o)
                              .\CortexM0\ARM_GCC_541\Debug\LCD5110_Graph.o (RST_Write)
.\CortexM0\ARM_GCC_541\Debug\start_v11.a(DC.o)
                              .\CortexM0\ARM_GCC_541\Debug\LCD5110_Graph.o (DC_Write)
.\CortexM0\ARM_GCC_541\Debug\start_v11.a(LCD_BL.o)
                              .\CortexM0\ARM_GCC_541\Debug\display.o (LCD_BL_Write)
.\CortexM0\ARM_GCC_541\Debug\start_v11.a(TimerTestMode.o)
                              .\CortexM0\ARM_GCC_541\Debug\testMode.o (TimerTestMode_WriteCompare)
.\CortexM0\ARM_GCC_541\Debug\start_v11.a(Int_timerTestMode.o)
                              .\CortexM0\ARM_GCC_541\Debug\testMode.o (Int_timerTestMode_StartEx)
.\CortexM0\ARM_GCC_541\Debug\start_v11.a(Pin_testMode.o)
                              .\CortexM0\ARM_GCC_541\Debug\testMode.o (Pin_testMode_Write)
.\CortexM0\ARM_GCC_541\Debug\start_v11.a(SW_RunTestMode.o)
                              .\CortexM0\ARM_GCC_541\Debug\testMode.o (SW_RunTestMode_Read)
.\CortexM0\ARM_GCC_541\Debug\start_v11.a(LED_RED_PIN.o)
                              .\CortexM0\ARM_GCC_541\Debug\LED.o (LED_RED_PIN_Write)
.\CortexM0\ARM_GCC_541\Debug\start_v11.a(LED_GREEN_PIN.o)
                              .\CortexM0\ARM_GCC_541\Debug\LED.o (LED_GREEN_PIN_Write)
.\CortexM0\ARM_GCC_541\Debug\start_v11.a(Timer.o)
                              .\CortexM0\ARM_GCC_541\Debug\taskAutomat.o (Timer_Start)
.\CortexM0\ARM_GCC_541\Debug\start_v11.a(isr_timer.o)
                              .\CortexM0\ARM_GCC_541\Debug\taskAutomat.o (isr_timer_StartEx)
.\CortexM0\ARM_GCC_541\Debug\start_v11.a(BtnUp.o)
                              .\CortexM0\ARM_GCC_541\Debug\IDskier.o (BtnUp_Read)
.\CortexM0\ARM_GCC_541\Debug\start_v11.a(BtnDown.o)
                              .\CortexM0\ARM_GCC_541\Debug\IDskier.o (BtnDown_Read)
.\CortexM0\ARM_GCC_541\Debug\start_v11.a(BUTT_DOWN_INT.o)
                              .\CortexM0\ARM_GCC_541\Debug\IDskier.o (BUTT_DOWN_INT_Disable)
.\CortexM0\ARM_GCC_541\Debug\start_v11.a(BUTT_UP_INT.o)
                              .\CortexM0\ARM_GCC_541\Debug\IDskier.o (BUTT_UP_INT_Disable)
.\CortexM0\ARM_GCC_541\Debug\start_v11.a(CyBootAsmGnu.o)
                              .\CortexM0\ARM_GCC_541\Debug\cyfitter_cfg.o (CyDelayCycles)
.\CortexM0\ARM_GCC_541\Debug\start_v11.a(UART_XB_SPI_UART_INT.o)
                              .\CortexM0\ARM_GCC_541\Debug\start_v11.a(UART_XB_UART.o) (UART_XB_SPI_UART_ISR)
c:/program files (x86)/cypress/psoc creator/4.1/psoc creator/import/gnu/arm/5.4.1/bin/../lib/gcc/arm-none-eabi/5.4.1/armv6-m\libgcc.a(_udivsi3.o)
                              .\CortexM0\ARM_GCC_541\Debug\display.o (__aeabi_uidiv)
[...]
Memory Configuration

Name             Origin             Length             Attributes
rom              0x00000000         0x00020000         xr
ram              0x20000000         0x00004000         xrw
*default*        0x00000000         0xffffffff

Linker script and memory map

LOAD c:/program files (x86)/cypress/psoc creator/4.1/psoc creator/import/gnu/arm/5.4.1/bin/../lib/gcc/arm-none-eabi/5.4.1/armv6-m/crti.o
LOAD c:/program files (x86)/cypress/psoc creator/4.1/psoc creator/import/gnu/arm/5.4.1/bin/../lib/gcc/arm-none-eabi/5.4.1/armv6-m/crtbegin.o
LOAD c:/program files (x86)/cypress/psoc creator/4.1/psoc creator/import/gnu/arm/5.4.1/bin/../lib/gcc/arm-none-eabi/5.4.1/../../../../arm-none-eabi/lib/armv6-m/crt0.o
START GROUP
LOAD .\CortexM0\ARM_GCC_541\Debug\RTC_WDT.o
LOAD .\CortexM0\ARM_GCC_541\Debug\display.o
LOAD .\CortexM0\ARM_GCC_541\Debug\DefaultFonts.o
LOAD .\CortexM0\ARM_GCC_541\Debug\Graphics.o
LOAD .\CortexM0\ARM_GCC_541\Debug\LCD5110_Graph.o
LOAD .\CortexM0\ARM_GCC_541\Debug\gate.o
LOAD .\CortexM0\ARM_GCC_541\Debug\LED.o
LOAD .\CortexM0\ARM_GCC_541\Debug\crc32.o
LOAD .\CortexM0\ARM_GCC_541\Debug\svt.o
LOAD .\CortexM0\ARM_GCC_541\Debug\ntp.o
LOAD .\CortexM0\ARM_GCC_541\Debug\network.o
LOAD .\CortexM0\ARM_GCC_541\Debug\batt.o
LOAD .\CortexM0\ARM_GCC_541\Debug\testMode.o
LOAD .\CortexM0\ARM_GCC_541\Debug\taskAutomat.o
LOAD .\CortexM0\ARM_GCC_541\Debug\IDskier.o
LOAD .\CortexM0\ARM_GCC_541\Debug\main.o
LOAD .\CortexM0\ARM_GCC_541\Debug\cyfitter_cfg.o
LOAD .\CortexM0\ARM_GCC_541\Debug\cymetadata.o
LOAD .\CortexM0\ARM_GCC_541\Debug\Cm0Start.o
LOAD .\CortexM0\ARM_GCC_541\Debug\start_v11.a
LOAD C:\Program Files (x86)\Cypress\PSoC Creator\4.1\PSoC Creator\psoc\content\cycomponentlibrary\CyComponentLibrary.cylib\CortexM0\ARM_GCC_541\Debug\CyComponentLibrary.a
END GROUP
START GROUP
LOAD c:/program files (x86)/cypress/psoc creator/4.1/psoc creator/import/gnu/arm/5.4.1/bin/../lib/gcc/arm-none-eabi/5.4.1/armv6-m\libgcc.a
LOAD c:/program files (x86)/cypress/psoc creator/4.1/psoc creator/import/gnu/arm/5.4.1/bin/../lib/gcc/arm-none-eabi/5.4.1/../../../../arm-none-eabi/lib/armv6-m\libg.a
LOAD c:/program files (x86)/cypress/psoc creator/4.1/psoc creator/import/gnu/arm/5.4.1/bin/../lib/gcc/arm-none-eabi/5.4.1/../../../../arm-none-eabi/lib/armv6-m\libc.a
END GROUP
LOAD c:/program files (x86)/cypress/psoc creator/4.1/psoc creator/import/gnu/arm/5.4.1/bin/../lib/gcc/arm-none-eabi/5.4.1/armv6-m/crtend.o
LOAD c:/program files (x86)/cypress/psoc creator/4.1/psoc creator/import/gnu/arm/5.4.1/bin/../lib/gcc/arm-none-eabi/5.4.1/armv6-m/crtn.o
START GROUP
LOAD c:/program files (x86)/cypress/psoc creator/4.1/psoc creator/import/gnu/arm/5.4.1/bin/../lib/gcc/arm-none-eabi/5.4.1/armv6-m\libgcc.a
LOAD c:/program files (x86)/cypress/psoc creator/4.1/psoc creator/import/gnu/arm/5.4.1/bin/../lib/gcc/arm-none-eabi/5.4.1/../../../../arm-none-eabi/lib/armv6-m\libc.a
LOAD c:/program files (x86)/cypress/psoc creator/4.1/psoc creator/import/gnu/arm/5.4.1/bin/../lib/gcc/arm-none-eabi/5.4.1/../../../../arm-none-eabi/lib/armv6-m\libnosys.a
END GROUP
                0x00000000                CY_APPL_ORIGIN = 0x0
                0x00000080                CY_FLASH_ROW_SIZE = 0x80
                0x00000001                CY_APPL_NUM = 0x1
                0x00000001                CY_APPL_MAX = 0x1
                0x00000040                CY_METADATA_SIZE = 0x40
                0x00000000                CY_APPL_LOADABLE = 0x0
                0x00000000                CY_CHECKSUM_EXCLUDE_SIZE = ALIGN (0x0, CY_FLASH_ROW_SIZE)
                0x00000000                CY_APP_FOR_STACK_AND_COPIER = 0x0
                [!provide]                PROVIDE (__cy_heap_start, _end)
                0x00000001                PROVIDE (__cy_region_num, ((__cy_regions_end - __cy_regions) / 0x10))
                0x20004000                PROVIDE (__cy_stack, (ORIGIN (ram) + LENGTH (ram)))
                [!provide]                PROVIDE (__cy_heap_end, (__cy_stack - 0x800))

.cybootloader   0x00000000        0x0
 *(.cybootloader)
                0x00000000                appl1_start = CY_APPL_ORIGIN?CY_APPL_ORIGIN:ALIGN (CY_FLASH_ROW_SIZE)
                0x0000ff80                appl2_start = (appl1_start + ALIGN ((((LENGTH (rom) - appl1_start) - (0x2 * CY_FLASH_ROW_SIZE)) / 0x2), CY_FLASH_ROW_SIZE))
                0x00000000                appl_start = (CY_APPL_NUM == 0x1)?appl1_start:appl2_start
                0x00000001                cy_project_type_bootloader = (appl_start == 0x0)?0x1:0x0
                0x00000000                cy_project_type_app_for_stack_and_copier = (CY_APP_FOR_STACK_AND_COPIER == 0x1)?0x1:0x0

.text           0x00000000    0x136b8
 CREATE_OBJECT_SYMBOLS
                0x00000000                PROVIDE (__cy_interrupt_vector, RomVectors)
 *(.romvectors)
 .romvectors    0x00000000       0x10 .\CortexM0\ARM_GCC_541\Debug\Cm0Start.o
                0x00000000                RomVectors
                0x00000001                ASSERT ((. != __cy_interrupt_vector), No interrupt vector)
                0x00000001                ASSERT (CY_APPL_ORIGIN?(SIZEOF (.cybootloader) <= CY_APPL_ORIGIN):0x1, Wrong image location)
                0x00000010                PROVIDE (__cy_reset, Reset)
 *(.text.Reset)
 .text.Reset    0x00000010        0x8 .\CortexM0\ARM_GCC_541\Debug\Cm0Start.o
                0x00000010                Reset
                0x00000001                ASSERT ((. != __cy_reset), No reset code)
 *(.psocinit)
 .psocinit      0x00000018      0x320 .\CortexM0\ARM_GCC_541\Debug\cyfitter_cfg.o
                0x000001b4                cyfitter_cfg
                0x00000338                . = MAX (., 0x100)
 *(.text .text.* .gnu.linkonce.t.*)
 .text          0x00000338        0x0 c:/program files (x86)/cypress/psoc creator/4.1/psoc creator/import/gnu/arm/5.4.1/bin/../lib/gcc/arm-none-eabi/5.4.1/armv6-m/crti.o
 .text          0x00000338       0x60 c:/program files (x86)/cypress/psoc creator/4.1/psoc creator/import/gnu/arm/5.4.1/bin/../lib/gcc/arm-none-eabi/5.4.1/armv6-m/crtbegin.o
 .text          0x00000398       0x78 c:/program files (x86)/cypress/psoc creator/4.1/psoc creator/import/gnu/arm/5.4.1/bin/../lib/gcc/arm-none-eabi/5.4.1/../../../../arm-none-eabi/lib/armv6-m/crt0.o
                0x00000398                _start
                0x00000398                _mainCRTStartup
 .text          0x00000410        0x0 .\CortexM0\ARM_GCC_541\Debug\RTC_WDT.o
 .text.RTC_IsBitSet
                0x00000410       0x24 .\CortexM0\ARM_GCC_541\Debug\RTC_WDT.o
 .text.RTC_GetSecond
                0x00000434       0x30 .\CortexM0\ARM_GCC_541\Debug\RTC_WDT.o
 .text.RTC_GetMinutes
                0x00000464       0x34 .\CortexM0\ARM_GCC_541\Debug\RTC_WDT.o
 .text.RTC_GetHours
                0x00000498       0x34 .\CortexM0\ARM_GCC_541\Debug\RTC_WDT.o
 .text.RTC_GetAmPm
                0x000004cc       0x20 .\CortexM0\ARM_GCC_541\Debug\RTC_WDT.o
 .text.CallBackCounter
                0x000004ec       0x3c .\CortexM0\ARM_GCC_541\Debug\RTC_WDT.o
                0x000004ec                CallBackCounter
 .text.RTC_WDT_Init
                0x00000528       0x24 .\CortexM0\ARM_GCC_541\Debug\RTC_WDT.o
                0x00000528                RTC_WDT_Init
 .text.RTCgetTime
                0x0000054c      0x3c0 .\CortexM0\ARM_GCC_541\Debug\RTC_WDT.o
                0x0000054c                RTCgetTime
 .text.RTCGetUnixTime
                0x0000090c       0x14 .\CortexM0\ARM_GCC_541\Debug\RTC_WDT.o
                0x0000090c                RTCGetUnixTime
 .text.RTCgetHours
                0x00000920       0x78 .\CortexM0\ARM_GCC_541\Debug\RTC_WDT.o
                0x00000920                RTCgetHours
 .text.RTCgetMinutes
                0x00000998       0x84 .\CortexM0\ARM_GCC_541\Debug\RTC_WDT.o
                0x00000998                RTCgetMinutes
 .text.RTCgetSecond
                0x00000a1c       0x4c .\CortexM0\ARM_GCC_541\Debug\RTC_WDT.o
                0x00000a1c                RTCgetSecond
 .text.RTCgetMiliecond
                0x00000a68       0x60 .\CortexM0\ARM_GCC_541\Debug\RTC_WDT.o
                0x00000a68                RTCgetMiliecond
 .text.RTCgetRecentMs
                0x00000ac8       0x14 .\CortexM0\ARM_GCC_541\Debug\RTC_WDT.o
                0x00000ac8                RTCgetRecentMs
 .text.RTCSync  0x00000adc       0x34 .\CortexM0\ARM_GCC_541\Debug\RTC_WDT.o
                0x00000adc                RTCSync
 .text          0x00000b10        0x0 .\CortexM0\ARM_GCC_541\Debug\display.o
 .text.RTC_GetSecond
                0x00000b10       0x30 .\CortexM0\ARM_GCC_541\Debug\display.o
 .text.RTC_GetMinutes
                0x00000b40       0x34 .\CortexM0\ARM_GCC_541\Debug\display.o
 .text.RTC_GetHours
                0x00000b74       0x34 .\CortexM0\ARM_GCC_541\Debug\display.o
 .text.DisplayStart
                0x00000ba8       0x40 .\CortexM0\ARM_GCC_541\Debug\display.o
                0x00000ba8                DisplayStart
 .text.Display  0x00000be8       0x84 .\CortexM0\ARM_GCC_541\Debug\display.o
                0x00000be8                Display
 .text.DisplayIndicatorSD
                0x00000c6c       0x4c .\CortexM0\ARM_GCC_541\Debug\display.o
                0x00000c6c                DisplayIndicatorSD
 .text.DisplayIndicatorNetwork
                0x00000cb8       0x68 .\CortexM0\ARM_GCC_541\Debug\display.o
                0x00000cb8                DisplayIndicatorNetwork
 .text.DisplayNetworkQuality
                0x00000d20       0xf8 .\CortexM0\ARM_GCC_541\Debug\display.o
                0x00000d20                DisplayNetworkQuality
 .text.DisplayRealTime
                0x00000e18       0x68 .\CortexM0\ARM_GCC_541\Debug\display.o
                0x00000e18                DisplayRealTime
 .text.DisplayLoading
                0x00000e80       0x10 .\CortexM0\ARM_GCC_541\Debug\display.o
                0x00000e80                DisplayLoading
 .text.DisplayBattVoltage
                0x00000e90      0x158 .\CortexM0\ARM_GCC_541\Debug\display.o
                0x00000e90                DisplayBattVoltage
 .text.DisplayLastSkierTime
                0x00000fe8       0x88 .\CortexM0\ARM_GCC_541\Debug\display.o
                0x00000fe8                DisplayLastSkierTime
 .text.DisplayNumSkierOnWay
                0x00001070       0x40 .\CortexM0\ARM_GCC_541\Debug\display.o
                0x00001070                DisplayNumSkierOnWay
 .text.DisplayTestMode
                0x000010b0       0x4c .\CortexM0\ARM_GCC_541\Debug\display.o
                0x000010b0                DisplayTestMode
 .text.DisplaBacklightOn
                0x000010fc       0x10 .\CortexM0\ARM_GCC_541\Debug\display.o
                0x000010fc                DisplaBacklightOn
 .text.DisplaBacklightOff
                0x0000110c       0x10 .\CortexM0\ARM_GCC_541\Debug\display.o
                0x0000110c                DisplaBacklightOff
 .text.DisplayIDskier
                0x0000111c       0xd0 .\CortexM0\ARM_GCC_541\Debug\display.o
                0x0000111c                DisplayIDskier
 .text          0x000011ec        0x0 .\CortexM0\ARM_GCC_541\Debug\DefaultFonts.o
 .text          0x000011ec        0x0 .\CortexM0\ARM_GCC_541\Debug\Graphics.o
 .text          0x000011ec        0x0 .\CortexM0\ARM_GCC_541\Debug\LCD5110_Graph.o
 .text._convert_float
                0x000011ec       0x3c .\CortexM0\ARM_GCC_541\Debug\LCD5110_Graph.o
                0x000011ec                _convert_float
 .text._LCD_Write
                0x00001228       0x48 .\CortexM0\ARM_GCC_541\Debug\LCD5110_Graph.o
                0x00001228                _LCD_Write
 .text.InitLCD  0x00001270       0xa4 .\CortexM0\ARM_GCC_541\Debug\LCD5110_Graph.o
                0x00001270                InitLCD
 .text.setContrast
                0x00001314       0x54 .\CortexM0\ARM_GCC_541\Debug\LCD5110_Graph.o
                0x00001314                setContrast
 .text.enableSleep
                0x00001368       0x50 .\CortexM0\ARM_GCC_541\Debug\LCD5110_Graph.o
                0x00001368                enableSleep
 .text.disableSleep
                0x000013b8       0x5c .\CortexM0\ARM_GCC_541\Debug\LCD5110_Graph.o
                0x000013b8                disableSleep
 .text.update   0x00001414       0x5c .\CortexM0\ARM_GCC_541\Debug\LCD5110_Graph.o
                0x00001414                update
 .text.clrScr   0x00001470       0x34 .\CortexM0\ARM_GCC_541\Debug\LCD5110_Graph.o
                0x00001470                clrScr
 .text.fillScr  0x000014a4       0x34 .\CortexM0\ARM_GCC_541\Debug\LCD5110_Graph.o
                0x000014a4                fillScr
 .text.invert   0x000014d8       0x30 .\CortexM0\ARM_GCC_541\Debug\LCD5110_Graph.o
                0x000014d8                invert
 .text.setPixel
                0x00001508       0x74 .\CortexM0\ARM_GCC_541\Debug\LCD5110_Graph.o
                0x00001508                setPixel
 .text.clrPixel
                0x0000157c       0x78 .\CortexM0\ARM_GCC_541\Debug\LCD5110_Graph.o
                0x0000157c                clrPixel
 .text.invPixel
                0x000015f4       0xb4 .\CortexM0\ARM_GCC_541\Debug\LCD5110_Graph.o
                0x000015f4                invPixel
 .text.invertText
                0x000016a8       0x30 .\CortexM0\ARM_GCC_541\Debug\LCD5110_Graph.o
                0x000016a8                invertText
 .text.print    0x000016d8       0x94 .\CortexM0\ARM_GCC_541\Debug\LCD5110_Graph.o
                0x000016d8                print
 .text.prints   0x0000176c       0x20 .\CortexM0\ARM_GCC_541\Debug\LCD5110_Graph.o
                0x0000176c                prints
 .text.printNumI
                0x0000178c      0x1a8 .\CortexM0\ARM_GCC_541\Debug\LCD5110_Graph.o
                0x0000178c                printNumI
 .text.printNumF
                0x00001934      0x154 .\CortexM0\ARM_GCC_541\Debug\LCD5110_Graph.o
                0x00001934                printNumF
 .text._print_char
                0x00001a88      0x2a8 .\CortexM0\ARM_GCC_541\Debug\LCD5110_Graph.o
                0x00001a88                _print_char
 .text.setFont  0x00001d30       0x48 .\CortexM0\ARM_GCC_541\Debug\LCD5110_Graph.o
                0x00001d30                setFont
 .text.drawHLine
                0x00001d78       0x98 .\CortexM0\ARM_GCC_541\Debug\LCD5110_Graph.o
                0x00001d78                drawHLine
 .text.clrHLine
                0x00001e10       0x9c .\CortexM0\ARM_GCC_541\Debug\LCD5110_Graph.o
                0x00001e10                clrHLine
 .text.drawVLine
                0x00001eac       0x58 .\CortexM0\ARM_GCC_541\Debug\LCD5110_Graph.o
                0x00001eac                drawVLine
 .text.clrVLine
                0x00001f04       0x58 .\CortexM0\ARM_GCC_541\Debug\LCD5110_Graph.o
                0x00001f04                clrVLine
 .text.drawLine
                0x00001f5c      0x2b8 .\CortexM0\ARM_GCC_541\Debug\LCD5110_Graph.o
                0x00001f5c                drawLine
 .text.clrLine  0x00002214      0x2b8 .\CortexM0\ARM_GCC_541\Debug\LCD5110_Graph.o
                0x00002214                clrLine
 .text.drawRect
                0x000024cc       0x80 .\CortexM0\ARM_GCC_541\Debug\LCD5110_Graph.o
                0x000024cc                drawRect
 .text.clrRect  0x0000254c       0x80 .\CortexM0\ARM_GCC_541\Debug\LCD5110_Graph.o
                0x0000254c                clrRect
 .text.drawRoundRect
                0x000025cc      0x104 .\CortexM0\ARM_GCC_541\Debug\LCD5110_Graph.o
                0x000025cc                drawRoundRect
 .text.clrRoundRect
                0x000026d0      0x104 .\CortexM0\ARM_GCC_541\Debug\LCD5110_Graph.o
                0x000026d0                clrRoundRect
 .text.drawCircle
                0x000027d4      0x1bc .\CortexM0\ARM_GCC_541\Debug\LCD5110_Graph.o
                0x000027d4                drawCircle
 .text.clrCircle
                0x00002990      0x1bc .\CortexM0\ARM_GCC_541\Debug\LCD5110_Graph.o
                0x00002990                clrCircle
 .text.drawBitmap
                0x00002b4c       0xcc .\CortexM0\ARM_GCC_541\Debug\LCD5110_Graph.o
                0x00002b4c                drawBitmap
 .text          0x00002c18        0x0 .\CortexM0\ARM_GCC_541\Debug\gate.o
 .text.GATE_INTERRUPT
                0x00002c18       0x4c .\CortexM0\ARM_GCC_541\Debug\gate.o
                0x00002c18                GATE_INTERRUPT
 .text.GateInit
                0x00002c64       0x28 .\CortexM0\ARM_GCC_541\Debug\gate.o
                0x00002c64                GateInit
 .text.GateIsOpen
                0x00002c8c       0x20 .\CortexM0\ARM_GCC_541\Debug\gate.o
                0x00002c8c                GateIsOpen
 .text.AllowNextSkier
                0x00002cac       0x14 .\CortexM0\ARM_GCC_541\Debug\gate.o
                0x00002cac                AllowNextSkier
 .text.DisAllowNextSkier
                0x00002cc0       0x20 .\CortexM0\ARM_GCC_541\Debug\gate.o
                0x00002cc0                DisAllowNextSkier
 .text.GetStartTime
                0x00002ce0       0x3c .\CortexM0\ARM_GCC_541\Debug\gate.o
                0x00002ce0                GetStartTime
 .text          0x00002d1c        0x0 .\CortexM0\ARM_GCC_541\Debug\LED.o
 .text.LedInit  0x00002d1c       0x2c .\CortexM0\ARM_GCC_541\Debug\LED.o
                0x00002d1c                LedInit
 .text.LedHandler
                0x00002d48       0x20 .\CortexM0\ARM_GCC_541\Debug\LED.o
                0x00002d48                LedHandler
 .text.LedRedBlink
                0x00002d68       0x34 .\CortexM0\ARM_GCC_541\Debug\LED.o
                0x00002d68                LedRedBlink
 .text.SetLedsState
                0x00002d9c       0x34 .\CortexM0\ARM_GCC_541\Debug\LED.o
                0x00002d9c                SetLedsState
 .text          0x00002dd0        0x0 .\CortexM0\ARM_GCC_541\Debug\crc32.o
 .text.crc32_update
                0x00002dd0       0x50 .\CortexM0\ARM_GCC_541\Debug\crc32.o
                0x00002dd0                crc32_update
 .text.crc32_calc_block
                0x00002e20       0x44 .\CortexM0\ARM_GCC_541\Debug\crc32.o
                0x00002e20                crc32_calc_block
 .text.crc32_calc
                0x00002e64       0x2c .\CortexM0\ARM_GCC_541\Debug\crc32.o
                0x00002e64                crc32_calc
 .text.crc32_init_tab
                0x00002e90       0x6c .\CortexM0\ARM_GCC_541\Debug\crc32.o
 .text          0x00002efc        0x0 .\CortexM0\ARM_GCC_541\Debug\svt.o
 .text.UnpackData
                0x00002efc      0x468 .\CortexM0\ARM_GCC_541\Debug\svt.o
                0x00002efc                UnpackData
 .text.DecodeByte
                0x00003364       0x50 .\CortexM0\ARM_GCC_541\Debug\svt.o
                0x00003364                DecodeByte
 .text.CheckSymb
                0x000033b4       0x34 .\CortexM0\ARM_GCC_541\Debug\svt.o
                0x000033b4                CheckSymb
 .text.ResetPacket
                0x000033e8       0x40 .\CortexM0\ARM_GCC_541\Debug\svt.o
                0x000033e8                ResetPacket
 .text.PackData
                0x00003428      0x13c .\CortexM0\ARM_GCC_541\Debug\svt.o
                0x00003428                PackData
 .text          0x00003564        0x0 .\CortexM0\ARM_GCC_541\Debug\ntp.o
 .text.NtpUnpackData
                0x00003564      0x26c .\CortexM0\ARM_GCC_541\Debug\ntp.o
                0x00003564                NtpUnpackData
 .text.NtpDecodeByte
                0x000037d0       0x50 .\CortexM0\ARM_GCC_541\Debug\ntp.o
                0x000037d0                NtpDecodeByte
 .text.NtpCheckSymb
                0x00003820       0x34 .\CortexM0\ARM_GCC_541\Debug\ntp.o
                0x00003820                NtpCheckSymb
 .text.NtpResetPacket
                0x00003854       0x30 .\CortexM0\ARM_GCC_541\Debug\ntp.o
                0x00003854                NtpResetPacket
 .text          0x00003884        0x0 .\CortexM0\ARM_GCC_541\Debug\network.o
 .text.CallBackNetworkCounter
                0x00003884       0x54 .\CortexM0\ARM_GCC_541\Debug\network.o
                0x00003884                CallBackNetworkCounter
 .text.InitNetwork
                0x000038d8       0x58 .\CortexM0\ARM_GCC_541\Debug\network.o
                0x000038d8                InitNetwork
 .text.CustomInterruptHandler
                0x00003930      0x164 .\CortexM0\ARM_GCC_541\Debug\network.o
                0x00003930                CustomInterruptHandler
 .text.SendData
                0x00003a94      0x104 .\CortexM0\ARM_GCC_541\Debug\network.o
                0x00003a94                SendData
 .text.NetworkStatus
                0x00003b98       0x14 .\CortexM0\ARM_GCC_541\Debug\network.o
                0x00003b98                NetworkStatus
 .text.SendSkierStart
                0x00003bac       0x44 .\CortexM0\ARM_GCC_541\Debug\network.o
                0x00003bac                SendSkierStart
 .text.FinReady
                0x00003bf0       0x14 .\CortexM0\ARM_GCC_541\Debug\network.o
                0x00003bf0                FinReady
 .text.FinWriteInDB
                0x00003c04       0x28 .\CortexM0\ARM_GCC_541\Debug\network.o
                0x00003c04                FinWriteInDB
 .text.IsRebootFinishFlag
                0x00003c2c       0x44 .\CortexM0\ARM_GCC_541\Debug\network.o
                0x00003c2c                IsRebootFinishFlag
 .text.SetRebootFlag
                0x00003c70       0x14 .\CortexM0\ARM_GCC_541\Debug\network.o
                0x00003c70                SetRebootFlag
 .text.ClearRebootFlag
                0x00003c84       0x20 .\CortexM0\ARM_GCC_541\Debug\network.o
                0x00003c84                ClearRebootFlag
 .text.NetworkReadTestModeStatus
                0x00003ca4       0x14 .\CortexM0\ARM_GCC_541\Debug\network.o
                0x00003ca4                NetworkReadTestModeStatus
 .text.NetworkSendTestModeStatus
                0x00003cb8       0x30 .\CortexM0\ARM_GCC_541\Debug\network.o
                0x00003cb8                NetworkSendTestModeStatus
 .text.NetworkQuality
                0x00003ce8       0x60 .\CortexM0\ARM_GCC_541\Debug\network.o
                0x00003ce8                NetworkQuality
 .text.NTPsync  0x00003d48      0x274 .\CortexM0\ARM_GCC_541\Debug\network.o
                0x00003d48                NTPsync
 .text.NTPsendTime
                0x00003fbc       0x64 .\CortexM0\ARM_GCC_541\Debug\network.o
                0x00003fbc                NTPsendTime
 .text          0x00004020        0x0 .\CortexM0\ARM_GCC_541\Debug\batt.o
 .text.BattADC_Init
                0x00004020       0x18 .\CortexM0\ARM_GCC_541\Debug\batt.o
                0x00004020                BattADC_Init
 .text.ReadBattVoltage
                0x00004038       0x34 .\CortexM0\ARM_GCC_541\Debug\batt.o
                0x00004038                ReadBattVoltage
 .text          0x0000406c        0x0 .\CortexM0\ARM_GCC_541\Debug\testMode.o
 .text.testModeHandler
                0x0000406c       0x30 .\CortexM0\ARM_GCC_541\Debug\testMode.o
                0x0000406c                testModeHandler
 .text.TestMode
                0x0000409c      0x10c .\CortexM0\ARM_GCC_541\Debug\testMode.o
                0x0000409c                TestMode
 .text.TestMode_UpdateNewRandomTime
                0x000041a8       0x40 .\CortexM0\ARM_GCC_541\Debug\testMode.o
                0x000041a8                TestMode_UpdateNewRandomTime
 .text.ReadSwitchState
                0x000041e8       0x80 .\CortexM0\ARM_GCC_541\Debug\testMode.o
                0x000041e8                ReadSwitchState
 .text.ReadNetworkState
                0x00004268       0x74 .\CortexM0\ARM_GCC_541\Debug\testMode.o
                0x00004268                ReadNetworkState
 .text.AllowNextTestSkier
                0x000042dc       0x14 .\CortexM0\ARM_GCC_541\Debug\testMode.o
                0x000042dc                AllowNextTestSkier
 .text          0x000042f0        0x0 .\CortexM0\ARM_GCC_541\Debug\taskAutomat.o
 .text.TIMER_HANDLER
                0x000042f0       0x94 .\CortexM0\ARM_GCC_541\Debug\taskAutomat.o
                0x000042f0                TIMER_HANDLER
 .text.TaskCheck
                0x00004384       0x4c .\CortexM0\ARM_GCC_541\Debug\taskAutomat.o
                0x00004384                TaskCheck
 .text.TaskTimerInit
                0x000043d0       0x40 .\CortexM0\ARM_GCC_541\Debug\taskAutomat.o
                0x000043d0                TaskTimerInit
 .text.SetTaskTimer
                0x00004410       0x90 .\CortexM0\ARM_GCC_541\Debug\taskAutomat.o
                0x00004410                SetTaskTimer
 .text.Action1  0x000044a0       0x24 .\CortexM0\ARM_GCC_541\Debug\taskAutomat.o
                0x000044a0                Action1
 .text.Action2  0x000044c4       0x3c .\CortexM0\ARM_GCC_541\Debug\taskAutomat.o
                0x000044c4                Action2
 .text.Action3  0x00004500       0x2c .\CortexM0\ARM_GCC_541\Debug\taskAutomat.o
                0x00004500                Action3
 .text.Action4  0x0000452c       0x14 .\CortexM0\ARM_GCC_541\Debug\taskAutomat.o
                0x0000452c                Action4
 .text.Action5  0x00004540       0x14 .\CortexM0\ARM_GCC_541\Debug\taskAutomat.o
                0x00004540                Action5
 .text          0x00004554        0x0 .\CortexM0\ARM_GCC_541\Debug\IDskier.o
 .text.BUTT_UP_INTERRUPT
                0x00004554       0x1c .\CortexM0\ARM_GCC_541\Debug\IDskier.o
                0x00004554                BUTT_UP_INTERRUPT
 .text.BUTT_DOWN_INTERRUPT
                0x00004570       0x1c .\CortexM0\ARM_GCC_541\Debug\IDskier.o
                0x00004570                BUTT_DOWN_INTERRUPT
 .text.ButtInit
                0x0000458c       0x34 .\CortexM0\ARM_GCC_541\Debug\IDskier.o
                0x0000458c                ButtInit
 .text.ButtCheck
                0x000045c0       0xf0 .\CortexM0\ARM_GCC_541\Debug\IDskier.o
                0x000045c0                ButtCheck
 .text.ReadIdSkier
                0x000046b0       0x14 .\CortexM0\ARM_GCC_541\Debug\IDskier.o
                0x000046b0                ReadIdSkier
 .text.IncrementIDskier
                0x000046c4       0x30 .\CortexM0\ARM_GCC_541\Debug\IDskier.o
                0x000046c4                IncrementIDskier
 .text          0x000046f4        0x0 .\CortexM0\ARM_GCC_541\Debug\main.o
 .text.main     0x000046f4       0xb4 .\CortexM0\ARM_GCC_541\Debug\main.o
                0x000046f4                main
 .text.SystemInit
                0x000047a8       0x68 .\CortexM0\ARM_GCC_541\Debug\main.o
                0x000047a8                SystemInit
 .text.TimeSynchronize
                0x00004810       0x8c .\CortexM0\ARM_GCC_541\Debug\main.o
                0x00004810                TimeSynchronize
 .text.GetFinishStatus
                0x0000489c       0x68 .\CortexM0\ARM_GCC_541\Debug\main.o
                0x0000489c                GetFinishStatus
 .text.CheckGate
                0x00004904       0x60 .\CortexM0\ARM_GCC_541\Debug\main.o
                0x00004904                CheckGate
 .text.SaveResult
                0x00004964       0x74 .\CortexM0\ARM_GCC_541\Debug\main.o
                0x00004964                SaveResult
 .text.Delay    0x000049d8       0x28 .\CortexM0\ARM_GCC_541\Debug\main.o
                0x000049d8                Delay
 .text          0x00004a00        0x0 .\CortexM0\ARM_GCC_541\Debug\cyfitter_cfg.o
 .text.CYMEMZERO
                0x00004a00       0x20 .\CortexM0\ARM_GCC_541\Debug\cyfitter_cfg.o
 .text.CYCONFIGCPY
                0x00004a20       0x20 .\CortexM0\ARM_GCC_541\Debug\cyfitter_cfg.o
 .text.CYCONFIGCPYCODE
                0x00004a40       0x20 .\CortexM0\ARM_GCC_541\Debug\cyfitter_cfg.o
 .text.cfg_write_bytes32
                0x00004a60       0x84 .\CortexM0\ARM_GCC_541\Debug\cyfitter_cfg.o
 .text.AnalogSetDefault
                0x00004ae4       0x44 .\CortexM0\ARM_GCC_541\Debug\cyfitter_cfg.o
 .text.SetAnalogRoutingPumps
                0x00004b28       0x40 .\CortexM0\ARM_GCC_541\Debug\cyfitter_cfg.o
                0x00004b28                SetAnalogRoutingPumps
 .text          0x00004b68        0x0 .\CortexM0\ARM_GCC_541\Debug\cymetadata.o
 .text          0x00004b68        0x0 .\CortexM0\ARM_GCC_541\Debug\Cm0Start.o
 .text.IntDefaultHandler
                0x00004b68        0x8 .\CortexM0\ARM_GCC_541\Debug\Cm0Start.o
                0x00004b68                IntDefaultHandler
 .text._exit    0x00004b70       0x14 .\CortexM0\ARM_GCC_541\Debug\Cm0Start.o
                0x00004b70                _exit
 .text._sbrk    0x00004b84       0x54 .\CortexM0\ARM_GCC_541\Debug\Cm0Start.o
                0x00004b84                _sbrk
 .text.Start_c  0x00004bd8       0x98 .\CortexM0\ARM_GCC_541\Debug\Cm0Start.o
                0x00004bd8                Start_c
 .text.initialize_psoc
                0x00004c70       0x70 .\CortexM0\ARM_GCC_541\Debug\Cm0Start.o
                0x00004c70                initialize_psoc
 .text          0x00004ce0        0x0 .\CortexM0\ARM_GCC_541\Debug\start_v11.a(CyLib.o)
 .text.CySysClkImoStart
                0x00004ce0       0x1c .\CortexM0\ARM_GCC_541\Debug\start_v11.a(CyLib.o)
                0x00004ce0                CySysClkImoStart
 .text.CySysClkImoStop
                0x00004cfc       0x1c .\CortexM0\ARM_GCC_541\Debug\start_v11.a(CyLib.o)
                0x00004cfc                CySysClkImoStop
 .text.CySysClkWriteHfclkDirect
                0x00004d18       0x48 .\CortexM0\ARM_GCC_541\Debug\start_v11.a(CyLib.o)
                0x00004d18                CySysClkWriteHfclkDirect
 .text.CySysClkGetSysclkSource
                0x00004d60       0x34 .\CortexM0\ARM_GCC_541\Debug\start_v11.a(CyLib.o)
                0x00004d60                CySysClkGetSysclkSource
 .text.CySysClkWriteSysclkDiv
                0x00004d94       0x48 .\CortexM0\ARM_GCC_541\Debug\start_v11.a(CyLib.o)
                0x00004d94                CySysClkWriteSysclkDiv
 .text.CySysClkWriteImoFreq
                0x00004ddc       0x9c .\CortexM0\ARM_GCC_541\Debug\start_v11.a(CyLib.o)
                0x00004ddc                CySysClkWriteImoFreq
 .text.CySysClkEcoStart
                0x00004e78       0x74 .\CortexM0\ARM_GCC_541\Debug\start_v11.a(CyLib.o)
                0x00004e78                CySysClkEcoStart
 .text.CySysClkEcoStop
                0x00004eec       0x30 .\CortexM0\ARM_GCC_541\Debug\start_v11.a(CyLib.o)
                0x00004eec                CySysClkEcoStop
 .text.CySysClkEcoReadStatus
                0x00004f1c       0x20 .\CortexM0\ARM_GCC_541\Debug\start_v11.a(CyLib.o)
                0x00004f1c                CySysClkEcoReadStatus
 .text.CySysClkWriteEcoDiv
                0x00004f3c       0x58 .\CortexM0\ARM_GCC_541\Debug\start_v11.a(CyLib.o)
                0x00004f3c                CySysClkWriteEcoDiv
 .text.CySysLvdEnable
                0x00004f94       0x64 .\CortexM0\ARM_GCC_541\Debug\start_v11.a(CyLib.o)
                0x00004f94                CySysLvdEnable
 .text.CySysLvdDisable
                0x00004ff8       0x2c .\CortexM0\ARM_GCC_541\Debug\start_v11.a(CyLib.o)
                0x00004ff8                CySysLvdDisable
 .text.CySysLvdGetInterruptSource
                0x00005024       0x18 .\CortexM0\ARM_GCC_541\Debug\start_v11.a(CyLib.o)
                0x00005024                CySysLvdGetInterruptSource
 .text.CySysLvdClearInterrupt
                0x0000503c       0x14 .\CortexM0\ARM_GCC_541\Debug\start_v11.a(CyLib.o)
                0x0000503c                CySysLvdClearInterrupt
 .text.CySysGetResetReason
                0x00005050       0x30 .\CortexM0\ARM_GCC_541\Debug\start_v11.a(CyLib.o)
                0x00005050                CySysGetResetReason
 .text.CyDisableInts
                0x00005080       0x24 .\CortexM0\ARM_GCC_541\Debug\start_v11.a(CyLib.o)
                0x00005080                CyDisableInts
 .text.CyEnableInts
                0x000050a4       0x1c .\CortexM0\ARM_GCC_541\Debug\start_v11.a(CyLib.o)
                0x000050a4                CyEnableInts
 .text.CyIntSetSysVector
                0x000050c0       0x48 .\CortexM0\ARM_GCC_541\Debug\start_v11.a(CyLib.o)
                0x000050c0                CyIntSetSysVector
 .text.CyIntGetSysVector
                0x00005108       0x34 .\CortexM0\ARM_GCC_541\Debug\start_v11.a(CyLib.o)
                0x00005108                CyIntGetSysVector
 .text.CyIntSetVector
                0x0000513c       0x4c .\CortexM0\ARM_GCC_541\Debug\start_v11.a(CyLib.o)
                0x0000513c                CyIntSetVector
 .text.CyIntGetVector
                0x00005188       0x38 .\CortexM0\ARM_GCC_541\Debug\start_v11.a(CyLib.o)
                0x00005188                CyIntGetVector
 .text.CyIntSetPriority
                0x000051c0       0xa8 .\CortexM0\ARM_GCC_541\Debug\start_v11.a(CyLib.o)
                0x000051c0                CyIntSetPriority
 .text.CyIntGetPriority
                0x00005268       0x58 .\CortexM0\ARM_GCC_541\Debug\start_v11.a(CyLib.o)
                0x00005268                CyIntGetPriority
 .text.CyIntEnable
                0x000052c0       0x2c .\CortexM0\ARM_GCC_541\Debug\start_v11.a(CyLib.o)
                0x000052c0                CyIntEnable
 .text.CyIntGetState
                0x000052ec       0x30 .\CortexM0\ARM_GCC_541\Debug\start_v11.a(CyLib.o)
                0x000052ec                CyIntGetState
 .text.CyIntDisable
                0x0000531c       0x2c .\CortexM0\ARM_GCC_541\Debug\start_v11.a(CyLib.o)
                0x0000531c                CyIntDisable
 .text.CyIntSetPending
                0x00005348       0x2c .\CortexM0\ARM_GCC_541\Debug\start_v11.a(CyLib.o)
                0x00005348                CyIntSetPending
 .text.CyIntClearPending
                0x00005374       0x2c .\CortexM0\ARM_GCC_541\Debug\start_v11.a(CyLib.o)
                0x00005374                CyIntClearPending
 .text.CyHalt   0x000053a0       0x18 .\CortexM0\ARM_GCC_541\Debug\start_v11.a(CyLib.o)
                0x000053a0                CyHalt
 .text.CySoftwareReset
                0x000053b8       0x24 .\CortexM0\ARM_GCC_541\Debug\start_v11.a(CyLib.o)
                0x000053b8                CySoftwareReset
 .text.CyDelay  0x000053dc       0x4c .\CortexM0\ARM_GCC_541\Debug\start_v11.a(CyLib.o)
                0x000053dc                CyDelay
 .text.CyDelayUs
                0x00005428       0x28 .\CortexM0\ARM_GCC_541\Debug\start_v11.a(CyLib.o)
                0x00005428                CyDelayUs
 .text.CyDelayFreq
                0x00005450       0x84 .\CortexM0\ARM_GCC_541\Debug\start_v11.a(CyLib.o)
                0x00005450                CyDelayFreq
 .text.CySysTickStart
                0x000054d4       0x24 .\CortexM0\ARM_GCC_541\Debug\start_v11.a(CyLib.o)
                0x000054d4                CySysTickStart
 .text.CySysTickInit
                0x000054f8       0x68 .\CortexM0\ARM_GCC_541\Debug\start_v11.a(CyLib.o)
                0x000054f8                CySysTickInit
 .text.CySysTickEnable
                0x00005560       0x20 .\CortexM0\ARM_GCC_541\Debug\start_v11.a(CyLib.o)
                0x00005560                CySysTickEnable
 .text.CySysTickStop
                0x00005580       0x1c .\CortexM0\ARM_GCC_541\Debug\start_v11.a(CyLib.o)
                0x00005580                CySysTickStop
 .text.CySysTickEnableInterrupt
                0x0000559c       0x1c .\CortexM0\ARM_GCC_541\Debug\start_v11.a(CyLib.o)
                0x0000559c                CySysTickEnableInterrupt
 .text.CySysTickDisableInterrupt
                0x000055b8       0x1c .\CortexM0\ARM_GCC_541\Debug\start_v11.a(CyLib.o)
                0x000055b8                CySysTickDisableInterrupt
 .text.CySysTickSetReload
                0x000055d4       0x20 .\CortexM0\ARM_GCC_541\Debug\start_v11.a(CyLib.o)
                0x000055d4                CySysTickSetReload
 .text.CySysTickGetReload
                0x000055f4       0x18 .\CortexM0\ARM_GCC_541\Debug\start_v11.a(CyLib.o)
                0x000055f4                CySysTickGetReload
 .text.CySysTickGetValue
                0x0000560c       0x18 .\CortexM0\ARM_GCC_541\Debug\start_v11.a(CyLib.o)
                0x0000560c                CySysTickGetValue
 .text.CySysTickSetClockSource
                0x00005624       0x34 .\CortexM0\ARM_GCC_541\Debug\start_v11.a(CyLib.o)
                0x00005624                CySysTickSetClockSource
 .text.CySysTickGetCountFlag
                0x00005658       0x18 .\CortexM0\ARM_GCC_541\Debug\start_v11.a(CyLib.o)
                0x00005658                CySysTickGetCountFlag
 .text.CySysTickClear
                0x00005670       0x14 .\CortexM0\ARM_GCC_541\Debug\start_v11.a(CyLib.o)
                0x00005670                CySysTickClear
 .text.CySysTickSetCallback
                0x00005684       0x2c .\CortexM0\ARM_GCC_541\Debug\start_v11.a(CyLib.o)
                0x00005684                CySysTickSetCallback
 .text.CySysTickGetCallback
                0x000056b0       0x1c .\CortexM0\ARM_GCC_541\Debug\start_v11.a(CyLib.o)
                0x000056b0                CySysTickGetCallback
 .text.CySysTickServiceCallbacks
                0x000056cc       0x44 .\CortexM0\ARM_GCC_541\Debug\start_v11.a(CyLib.o)
 .text.CyGetUniqueId
                0x00005710       0xc0 .\CortexM0\ARM_GCC_541\Debug\start_v11.a(CyLib.o)
                0x00005710                CyGetUniqueId
 .text          0x000057d0        0x0 .\CortexM0\ARM_GCC_541\Debug\start_v11.a(CyLFClk.o)
 .text.CySysClkWcoSetHighPowerMode
                0x000057d0       0x4c .\CortexM0\ARM_GCC_541\Debug\start_v11.a(CyLFClk.o)
 .text.CySysClkWcoSetLowPowerMode
                0x0000581c       0x4c .\CortexM0\ARM_GCC_541\Debug\start_v11.a(CyLFClk.o)
 .text.CySysClkIloStart
                0x00005868       0x1c .\CortexM0\ARM_GCC_541\Debug\start_v11.a(CyLFClk.o)
                0x00005868                CySysClkIloStart
 .text.CySysClkIloStop
                0x00005884       0x60 .\CortexM0\ARM_GCC_541\Debug\start_v11.a(CyLFClk.o)
                0x00005884                CySysClkIloStop
 .text.CySysClkIloStartMeasurement
                0x000058e4       0x6c .\CortexM0\ARM_GCC_541\Debug\start_v11.a(CyLFClk.o)
                0x000058e4                CySysClkIloStartMeasurement
 .text.CySysClkIloStopMeasurement
                0x00005950       0x20 .\CortexM0\ARM_GCC_541\Debug\start_v11.a(CyLFClk.o)
                0x00005950                CySysClkIloStopMeasurement
 .text.CySysClkIloCompensate
                0x00005970      0x158 .\CortexM0\ARM_GCC_541\Debug\start_v11.a(CyLFClk.o)
                0x00005970                CySysClkIloCompensate
 .text.CySysClkIloEnabled
                0x00005ac8       0x1c .\CortexM0\ARM_GCC_541\Debug\start_v11.a(CyLFClk.o)
 .text.CySysClkIloTrim
                0x00005ae4      0x124 .\CortexM0\ARM_GCC_541\Debug\start_v11.a(CyLFClk.o)
                0x00005ae4                CySysClkIloTrim
 .text.CySysClkIloUpdateTrimReg
                0x00005c08       0xfc .\CortexM0\ARM_GCC_541\Debug\start_v11.a(CyLFClk.o)
                0x00005c08                CySysClkIloUpdateTrimReg
 .text.CySysClkIloRestoreFactoryTrim
                0x00005d04       0x4c .\CortexM0\ARM_GCC_541\Debug\start_v11.a(CyLFClk.o)
                0x00005d04                CySysClkIloRestoreFactoryTrim
 .text.CySysClkGetLfclkSource
                0x00005d50       0x20 .\CortexM0\ARM_GCC_541\Debug\start_v11.a(CyLFClk.o)
 .text.CySysClkSetLfclkSource
                0x00005d70       0x54 .\CortexM0\ARM_GCC_541\Debug\start_v11.a(CyLFClk.o)
                0x00005d70                CySysClkSetLfclkSource
 .text.CySysClkWcoStart
                0x00005dc4       0x20 .\CortexM0\ARM_GCC_541\Debug\start_v11.a(CyLFClk.o)
                0x00005dc4                CySysClkWcoStart
 .text.CySysClkWcoStop
                0x00005de4       0x60 .\CortexM0\ARM_GCC_541\Debug\start_v11.a(CyLFClk.o)
                0x00005de4                CySysClkWcoStop
 .text.CySysClkWcoEnabled
                0x00005e44       0x1c .\CortexM0\ARM_GCC_541\Debug\start_v11.a(CyLFClk.o)
                0x00005e44                CySysClkWcoEnabled
 .text.CySysClkWcoSetPowerMode
                0x00005e60       0x40 .\CortexM0\ARM_GCC_541\Debug\start_v11.a(CyLFClk.o)
                0x00005e60                CySysClkWcoSetPowerMode
 .text.CySysClkWcoClockOutSelect
                0x00005ea0       0x40 .\CortexM0\ARM_GCC_541\Debug\start_v11.a(CyLFClk.o)
                0x00005ea0                CySysClkWcoClockOutSelect
 .text.CySysWdtLock
                0x00005ee0       0x34 .\CortexM0\ARM_GCC_541\Debug\start_v11.a(CyLFClk.o)
                0x00005ee0                CySysWdtLock
 .text.CySysWdtLocked
                0x00005f14       0x20 .\CortexM0\ARM_GCC_541\Debug\start_v11.a(CyLFClk.o)
 .text.CySysWdtUnlock
                0x00005f34       0x50 .\CortexM0\ARM_GCC_541\Debug\start_v11.a(CyLFClk.o)
                0x00005f34                CySysWdtUnlock
 .text.CySysWdtGetEnabledStatus
                0x00005f84       0x34 .\CortexM0\ARM_GCC_541\Debug\start_v11.a(CyLFClk.o)
                0x00005f84                CySysWdtGetEnabledStatus
 .text.CySysWdtSetMode
                0x00005fb8       0x5c .\CortexM0\ARM_GCC_541\Debug\start_v11.a(CyLFClk.o)
                0x00005fb8                CySysWdtSetMode
 .text.CySysWdtGetMode
                0x00006014       0x24 .\CortexM0\ARM_GCC_541\Debug\start_v11.a(CyLFClk.o)
                0x00006014                CySysWdtGetMode
 .text.CySysWdtSetClearOnMatch
                0x00006038       0x6c .\CortexM0\ARM_GCC_541\Debug\start_v11.a(CyLFClk.o)
                0x00006038                CySysWdtSetClearOnMatch
 .text.CySysWdtGetClearOnMatch
                0x000060a4       0x44 .\CortexM0\ARM_GCC_541\Debug\start_v11.a(CyLFClk.o)
                0x000060a4                CySysWdtGetClearOnMatch
 .text.CySysWdtEnable
                0x000060e8       0x60 .\CortexM0\ARM_GCC_541\Debug\start_v11.a(CyLFClk.o)
                0x000060e8                CySysWdtEnable
 .text.CySysWdtDisable
                0x00006148       0x6c .\CortexM0\ARM_GCC_541\Debug\start_v11.a(CyLFClk.o)
                0x00006148                CySysWdtDisable
 .text.CySysWdtSetCascade
                0x000061b4       0x58 .\CortexM0\ARM_GCC_541\Debug\start_v11.a(CyLFClk.o)
                0x000061b4                CySysWdtSetCascade
 .text.CySysWdtGetCascade
                0x0000620c       0x1c .\CortexM0\ARM_GCC_541\Debug\start_v11.a(CyLFClk.o)
                0x0000620c                CySysWdtGetCascade
 .text.CySysWdtSetMatch
                0x00006228       0x90 .\CortexM0\ARM_GCC_541\Debug\start_v11.a(CyLFClk.o)
                0x00006228                CySysWdtSetMatch
 .text.CySysWdtSetToggleBit
                0x000062b8       0x48 .\CortexM0\ARM_GCC_541\Debug\start_v11.a(CyLFClk.o)
                0x000062b8                CySysWdtSetToggleBit
 .text.CySysWdtGetToggleBit
                0x00006300       0x18 .\CortexM0\ARM_GCC_541\Debug\start_v11.a(CyLFClk.o)
                0x00006300                CySysWdtGetToggleBit
 .text.CySysWdtGetMatch
                0x00006318       0x40 .\CortexM0\ARM_GCC_541\Debug\start_v11.a(CyLFClk.o)
                0x00006318                CySysWdtGetMatch
 .text.CySysWdtGetCount
                0x00006358       0x54 .\CortexM0\ARM_GCC_541\Debug\start_v11.a(CyLFClk.o)
                0x00006358                CySysWdtGetCount
 .text.CySysWdtGetInterruptSource
                0x000063ac       0x1c .\CortexM0\ARM_GCC_541\Debug\start_v11.a(CyLFClk.o)
                0x000063ac                CySysWdtGetInterruptSource
 .text.CySysWdtClearInterrupt
                0x000063c8       0x70 .\CortexM0\ARM_GCC_541\Debug\start_v11.a(CyLFClk.o)
                0x000063c8                CySysWdtClearInterrupt
 .text.CySysWdtResetCounters
                0x00006438       0x34 .\CortexM0\ARM_GCC_541\Debug\start_v11.a(CyLFClk.o)
                0x00006438                CySysWdtResetCounters
 .text.CySysWdtSetInterruptCallback
                0x0000646c       0x40 .\CortexM0\ARM_GCC_541\Debug\start_v11.a(CyLFClk.o)
                0x0000646c                CySysWdtSetInterruptCallback
 .text.CySysWdtGetInterruptCallback
                0x000064ac       0x34 .\CortexM0\ARM_GCC_541\Debug\start_v11.a(CyLFClk.o)
                0x000064ac                CySysWdtGetInterruptCallback
 .text.CySysWdtEnableCounterIsr
                0x000064e0       0x50 .\CortexM0\ARM_GCC_541\Debug\start_v11.a(CyLFClk.o)
                0x000064e0                CySysWdtEnableCounterIsr
 .text.CySysWdtDisableCounterIsr
                0x00006530       0x3c .\CortexM0\ARM_GCC_541\Debug\start_v11.a(CyLFClk.o)
                0x00006530                CySysWdtDisableCounterIsr
 .text.CySysWdtIsr
                0x0000656c       0xec .\CortexM0\ARM_GCC_541\Debug\start_v11.a(CyLFClk.o)
                0x0000656c                CySysWdtIsr
 .text.CySysWatchdogFeed
                0x00006658       0x8c .\CortexM0\ARM_GCC_541\Debug\start_v11.a(CyLFClk.o)
                0x00006658                CySysWatchdogFeed
 .text.CySysClkLfclkPosedgeCatch
                0x000066e4       0x98 .\CortexM0\ARM_GCC_541\Debug\start_v11.a(CyLFClk.o)
 .text.CySysClkLfclkPosedgeRestore
                0x0000677c       0x3c .\CortexM0\ARM_GCC_541\Debug\start_v11.a(CyLFClk.o)
 .text.CySysTimerDelay
                0x000067b8       0x68 .\CortexM0\ARM_GCC_541\Debug\start_v11.a(CyLFClk.o)
                0x000067b8                CySysTimerDelay
 .text.CySysTimerDelayUntilMatch
                0x00006820       0xb0 .\CortexM0\ARM_GCC_541\Debug\start_v11.a(CyLFClk.o)
                0x00006820                CySysTimerDelayUntilMatch
 .text          0x000068d0        0x0 .\CortexM0\ARM_GCC_541\Debug\start_v11.a(RTC.o)
 .text.RTC_IsBitSet
                0x000068d0       0x24 .\CortexM0\ARM_GCC_541\Debug\start_v11.a(RTC.o)
 .text.RTC_LeapYear
                0x000068f4       0x44 .\CortexM0\ARM_GCC_541\Debug\start_v11.a(RTC.o)
 .text.RTC_GetSecond
                0x00006938       0x30 .\CortexM0\ARM_GCC_541\Debug\start_v11.a(RTC.o)
 .text.RTC_GetMinutes
                0x00006968       0x34 .\CortexM0\ARM_GCC_541\Debug\start_v11.a(RTC.o)
 .text.RTC_GetHours
                0x0000699c       0x34 .\CortexM0\ARM_GCC_541\Debug\start_v11.a(RTC.o)
 .text.RTC_GetAmPm
                0x000069d0       0x20 .\CortexM0\ARM_GCC_541\Debug\start_v11.a(RTC.o)
 .text.RTC_GetDay
                0x000069f0       0x34 .\CortexM0\ARM_GCC_541\Debug\start_v11.a(RTC.o)
 .text.RTC_GetMonth
                0x00006a24       0x34 .\CortexM0\ARM_GCC_541\Debug\start_v11.a(RTC.o)
 .text.RTC_GetYear
                0x00006a58       0x58 .\CortexM0\ARM_GCC_541\Debug\start_v11.a(RTC.o)
 .text.RTC_GetTimeFormat
                0x00006ab0       0x20 .\CortexM0\ARM_GCC_541\Debug\start_v11.a(RTC.o)
 .text.RTC_ConstructTime
                0x00006ad0       0xa0 .\CortexM0\ARM_GCC_541\Debug\start_v11.a(RTC.o)
 .text.RTC_ConstructDate
                0x00006b70       0xd8 .\CortexM0\ARM_GCC_541\Debug\start_v11.a(RTC.o)
 .text.RTC_GetDayOfWeek
                0x00006c48       0x88 .\CortexM0\ARM_GCC_541\Debug\start_v11.a(RTC.o)
 .text.RTC_Start
                0x00006cd0       0x1c .\CortexM0\ARM_GCC_541\Debug\start_v11.a(RTC.o)
                0x00006cd0                RTC_Start
 .text.RTC_Stop
                0x00006cec        0xc .\CortexM0\ARM_GCC_541\Debug\start_v11.a(RTC.o)
                0x00006cec                RTC_Stop
 .text.RTC_Init
                0x00006cf8       0x74 .\CortexM0\ARM_GCC_541\Debug\start_v11.a(RTC.o)
                0x00006cf8                RTC_Init
 .text.RTC_SetDateAndTime
                0x00006d6c       0x74 .\CortexM0\ARM_GCC_541\Debug\start_v11.a(RTC.o)
                0x00006d6c                RTC_SetDateAndTime
 .text.RTC_SetUnixTime
                0x00006de0       0x38 .\CortexM0\ARM_GCC_541\Debug\start_v11.a(RTC.o)
                0x00006de0                RTC_SetUnixTime
 .text.RTC_GetUnixTime
                0x00006e18       0x18 .\CortexM0\ARM_GCC_541\Debug\start_v11.a(RTC.o)
                0x00006e18                RTC_GetUnixTime
 .text.RTC_SetPeriod
                0x00006e30       0x28 .\CortexM0\ARM_GCC_541\Debug\start_v11.a(RTC.o)
                0x00006e30                RTC_SetPeriod
 .text.RTC_GetPeriod
                0x00006e58       0x14 .\CortexM0\ARM_GCC_541\Debug\start_v11.a(RTC.o)
                0x00006e58                RTC_GetPeriod
 .text.RTC_GetRefOneSec
                0x00006e6c       0x14 .\CortexM0\ARM_GCC_541\Debug\start_v11.a(RTC.o)
                0x00006e6c                RTC_GetRefOneSec
 .text.RTC_GetDateAndTime
                0x00006e80       0x3c .\CortexM0\ARM_GCC_541\Debug\start_v11.a(RTC.o)
                0x00006e80                RTC_GetDateAndTime
 .text.RTC_GetTime
                0x00006ebc       0x44 .\CortexM0\ARM_GCC_541\Debug\start_v11.a(RTC.o)
                0x00006ebc                RTC_GetTime
 .text.RTC_GetDate
                0x00006f00       0x44 .\CortexM0\ARM_GCC_541\Debug\start_v11.a(RTC.o)
                0x00006f00                RTC_GetDate
 .text.RTC_ReadStatus
                0x00006f44       0x80 .\CortexM0\ARM_GCC_541\Debug\start_v11.a(RTC.o)
                0x00006f44                RTC_ReadStatus
 .text.RTC_ConvertBCDToDec
                0x00006fc4       0x50 .\CortexM0\ARM_GCC_541\Debug\start_v11.a(RTC.o)
                0x00006fc4                RTC_ConvertBCDToDec
 .text.RTC_ConvertDecToBCD
                0x00007014       0x60 .\CortexM0\ARM_GCC_541\Debug\start_v11.a(RTC.o)
                0x00007014                RTC_ConvertDecToBCD
 .text.RTC_Update
                0x00007074       0x50 .\CortexM0\ARM_GCC_541\Debug\start_v11.a(RTC.o)
                0x00007074                RTC_Update
 .text.RTC_DateTimeToUnix
                0x000070c4      0x190 .\CortexM0\ARM_GCC_541\Debug\start_v11.a(RTC.o)
                0x000070c4                RTC_DateTimeToUnix
 .text.RTC_UnixToDateTime
                0x00007254      0x298 .\CortexM0\ARM_GCC_541\Debug\start_v11.a(RTC.o)
                0x00007254                RTC_UnixToDateTime
 .text.RTC_RelativeToFixed
                0x000074ec       0x7c .\CortexM0\ARM_GCC_541\Debug\start_v11.a(RTC.o)
                0x000074ec                RTC_RelativeToFixed
 .text.RTC_DaysInMonth
                0x00007568       0x3c .\CortexM0\ARM_GCC_541\Debug\start_v11.a(RTC.o)
                0x00007568                RTC_DaysInMonth
 .text.RTC_DaysBeforeMonth
                0x000075a4       0x3c .\CortexM0\ARM_GCC_541\Debug\start_v11.a(RTC.o)
                0x000075a4                RTC_DaysBeforeMonth
 .text          0x000075e0        0x0 .\CortexM0\ARM_GCC_541\Debug\start_v11.a(GatePin.o)
 .text.GatePin_SetDriveMode
                0x000075e0       0x30 .\CortexM0\ARM_GCC_541\Debug\start_v11.a(GatePin.o)
                0x000075e0                GatePin_SetDriveMode
 .text.GatePin_Write
                0x00007610       0x50 .\CortexM0\ARM_GCC_541\Debug\start_v11.a(GatePin.o)
                0x00007610                GatePin_Write
 .text.GatePin_Read
                0x00007660       0x1c .\CortexM0\ARM_GCC_541\Debug\start_v11.a(GatePin.o)
                0x00007660                GatePin_Read
 .text.GatePin_ReadDataReg
                0x0000767c       0x1c .\CortexM0\ARM_GCC_541\Debug\start_v11.a(GatePin.o)
                0x0000767c                GatePin_ReadDataReg
 .text.GatePin_SetInterruptMode
                0x00007698       0x44 .\CortexM0\ARM_GCC_541\Debug\start_v11.a(GatePin.o)
                0x00007698                GatePin_SetInterruptMode
 .text.GatePin_ClearInterrupt
                0x000076dc       0x30 .\CortexM0\ARM_GCC_541\Debug\start_v11.a(GatePin.o)
                0x000076dc                GatePin_ClearInterrupt
 .text          0x0000770c        0x0 .\CortexM0\ARM_GCC_541\Debug\start_v11.a(Timer_LED.o)
 .text.Timer_LED_Init
                0x0000770c       0x40 .\CortexM0\ARM_GCC_541\Debug\start_v11.a(Timer_LED.o)
                0x0000770c                Timer_LED_Init
 .text.Timer_LED_Enable
                0x0000774c       0x3c .\CortexM0\ARM_GCC_541\Debug\start_v11.a(Timer_LED.o)
                0x0000774c                Timer_LED_Enable
 .text.Timer_LED_Start
                0x00007788       0x24 .\CortexM0\ARM_GCC_541\Debug\start_v11.a(Timer_LED.o)
                0x00007788                Timer_LED_Start
 .text.Timer_LED_Stop
                0x000077ac       0x34 .\CortexM0\ARM_GCC_541\Debug\start_v11.a(Timer_LED.o)
                0x000077ac                Timer_LED_Stop
 .text.Timer_LED_SetMode
                0x000077e0       0x48 .\CortexM0\ARM_GCC_541\Debug\start_v11.a(Timer_LED.o)
                0x000077e0                Timer_LED_SetMode
 .text.Timer_LED_SetQDMode
                0x00007828       0x48 .\CortexM0\ARM_GCC_541\Debug\start_v11.a(Timer_LED.o)
                0x00007828                Timer_LED_SetQDMode
 .text.Timer_LED_SetPrescaler
                0x00007870       0x48 .\CortexM0\ARM_GCC_541\Debug\start_v11.a(Timer_LED.o)
                0x00007870                Timer_LED_SetPrescaler
 .text.Timer_LED_SetOneShot
                0x000078b8       0x50 .\CortexM0\ARM_GCC_541\Debug\start_v11.a(Timer_LED.o)
                0x000078b8                Timer_LED_SetOneShot
 .text.Timer_LED_SetPWMMode
                0x00007908       0x20 .\CortexM0\ARM_GCC_541\Debug\start_v11.a(Timer_LED.o)
                0x00007908                Timer_LED_SetPWMMode
 .text.Timer_LED_SetPWMSyncKill
                0x00007928       0x4c .\CortexM0\ARM_GCC_541\Debug\start_v11.a(Timer_LED.o)
                0x00007928                Timer_LED_SetPWMSyncKill
 .text.Timer_LED_SetPWMStopOnKill
                0x00007974       0x4c .\CortexM0\ARM_GCC_541\Debug\start_v11.a(Timer_LED.o)
                0x00007974                Timer_LED_SetPWMStopOnKill
 .text.Timer_LED_SetPWMDeadTime
                0x000079c0       0x50 .\CortexM0\ARM_GCC_541\Debug\start_v11.a(Timer_LED.o)
                0x000079c0                Timer_LED_SetPWMDeadTime
 .text.Timer_LED_SetPWMInvert
                0x00007a10       0x48 .\CortexM0\ARM_GCC_541\Debug\start_v11.a(Timer_LED.o)
                0x00007a10                Timer_LED_SetPWMInvert
 .text.Timer_LED_WriteCounter
                0x00007a58       0x20 .\CortexM0\ARM_GCC_541\Debug\start_v11.a(Timer_LED.o)
                0x00007a58                Timer_LED_WriteCounter
 .text.Timer_LED_ReadCounter
                0x00007a78       0x18 .\CortexM0\ARM_GCC_541\Debug\start_v11.a(Timer_LED.o)
                0x00007a78                Timer_LED_ReadCounter
 .text.Timer_LED_SetCounterMode
                0x00007a90       0x48 .\CortexM0\ARM_GCC_541\Debug\start_v11.a(Timer_LED.o)
                0x00007a90                Timer_LED_SetCounterMode
 .text.Timer_LED_WritePeriod
                0x00007ad8       0x20 .\CortexM0\ARM_GCC_541\Debug\start_v11.a(Timer_LED.o)
                0x00007ad8                Timer_LED_WritePeriod
 .text.Timer_LED_ReadPeriod
                0x00007af8       0x18 .\CortexM0\ARM_GCC_541\Debug\start_v11.a(Timer_LED.o)
                0x00007af8                Timer_LED_ReadPeriod
 .text.Timer_LED_SetCompareSwap
                0x00007b10       0x48 .\CortexM0\ARM_GCC_541\Debug\start_v11.a(Timer_LED.o)
                0x00007b10                Timer_LED_SetCompareSwap
 .text.Timer_LED_WritePeriodBuf
                0x00007b58       0x20 .\CortexM0\ARM_GCC_541\Debug\start_v11.a(Timer_LED.o)
                0x00007b58                Timer_LED_WritePeriodBuf
 .text.Timer_LED_ReadPeriodBuf
                0x00007b78       0x18 .\CortexM0\ARM_GCC_541\Debug\start_v11.a(Timer_LED.o)
                0x00007b78                Timer_LED_ReadPeriodBuf
 .text.Timer_LED_SetPeriodSwap
                0x00007b90       0x4c .\CortexM0\ARM_GCC_541\Debug\start_v11.a(Timer_LED.o)
                0x00007b90                Timer_LED_SetPeriodSwap
 .text.Timer_LED_WriteCompare
                0x00007bdc       0x20 .\CortexM0\ARM_GCC_541\Debug\start_v11.a(Timer_LED.o)
                0x00007bdc                Timer_LED_WriteCompare
 .text.Timer_LED_ReadCompare
                0x00007bfc       0x18 .\CortexM0\ARM_GCC_541\Debug\start_v11.a(Timer_LED.o)
                0x00007bfc                Timer_LED_ReadCompare
 .text.Timer_LED_WriteCompareBuf
                0x00007c14       0x20 .\CortexM0\ARM_GCC_541\Debug\start_v11.a(Timer_LED.o)
                0x00007c14                Timer_LED_WriteCompareBuf
 .text.Timer_LED_ReadCompareBuf
                0x00007c34       0x18 .\CortexM0\ARM_GCC_541\Debug\start_v11.a(Timer_LED.o)
                0x00007c34                Timer_LED_ReadCompareBuf
 .text.Timer_LED_ReadCapture
                0x00007c4c       0x18 .\CortexM0\ARM_GCC_541\Debug\start_v11.a(Timer_LED.o)
                0x00007c4c                Timer_LED_ReadCapture
 .text.Timer_LED_ReadCaptureBuf
                0x00007c64       0x18 .\CortexM0\ARM_GCC_541\Debug\start_v11.a(Timer_LED.o)
                0x00007c64                Timer_LED_ReadCaptureBuf
 .text.Timer_LED_SetCaptureMode
                0x00007c7c       0x44 .\CortexM0\ARM_GCC_541\Debug\start_v11.a(Timer_LED.o)
                0x00007c7c                Timer_LED_SetCaptureMode
 .text.Timer_LED_SetReloadMode
                0x00007cc0       0x48 .\CortexM0\ARM_GCC_541\Debug\start_v11.a(Timer_LED.o)
                0x00007cc0                Timer_LED_SetReloadMode
 .text.Timer_LED_SetStartMode
                0x00007d08       0x4c .\CortexM0\ARM_GCC_541\Debug\start_v11.a(Timer_LED.o)
                0x00007d08                Timer_LED_SetStartMode
 .text.Timer_LED_SetStopMode
                0x00007d54       0x48 .\CortexM0\ARM_GCC_541\Debug\start_v11.a(Timer_LED.o)
                0x00007d54                Timer_LED_SetStopMode
 .text.Timer_LED_SetCountMode
                0x00007d9c       0x48 .\CortexM0\ARM_GCC_541\Debug\start_v11.a(Timer_LED.o)
                0x00007d9c                Timer_LED_SetCountMode
 .text.Timer_LED_TriggerCommand
                0x00007de4       0x3c .\CortexM0\ARM_GCC_541\Debug\start_v11.a(Timer_LED.o)
                0x00007de4                Timer_LED_TriggerCommand
 .text.Timer_LED_ReadStatus
                0x00007e20       0x20 .\CortexM0\ARM_GCC_541\Debug\start_v11.a(Timer_LED.o)
                0x00007e20                Timer_LED_ReadStatus
 .text.Timer_LED_SetInterruptMode
                0x00007e40       0x1c .\CortexM0\ARM_GCC_541\Debug\start_v11.a(Timer_LED.o)
                0x00007e40                Timer_LED_SetInterruptMode
 .text.Timer_LED_GetInterruptSourceMasked
                0x00007e5c       0x14 .\CortexM0\ARM_GCC_541\Debug\start_v11.a(Timer_LED.o)
                0x00007e5c                Timer_LED_GetInterruptSourceMasked
 .text.Timer_LED_GetInterruptSource
                0x00007e70       0x14 .\CortexM0\ARM_GCC_541\Debug\start_v11.a(Timer_LED.o)
                0x00007e70                Timer_LED_GetInterruptSource
 .text.Timer_LED_ClearInterrupt
                0x00007e84       0x1c .\CortexM0\ARM_GCC_541\Debug\start_v11.a(Timer_LED.o)
                0x00007e84                Timer_LED_ClearInterrupt
 .text.Timer_LED_SetInterrupt
                0x00007ea0       0x1c .\CortexM0\ARM_GCC_541\Debug\start_v11.a(Timer_LED.o)
                0x00007ea0                Timer_LED_SetInterrupt
 .text          0x00007ebc        0x0 .\CortexM0\ARM_GCC_541\Debug\start_v11.a(Int_Timer_Led.o)
 .text.Int_Timer_Led_Start
                0x00007ebc       0x24 .\CortexM0\ARM_GCC_541\Debug\start_v11.a(Int_Timer_Led.o)
                0x00007ebc                Int_Timer_Led_Start
 .text.Int_Timer_Led_StartEx
                0x00007ee0       0x28 .\CortexM0\ARM_GCC_541\Debug\start_v11.a(Int_Timer_Led.o)
                0x00007ee0                Int_Timer_Led_StartEx
 .text.Int_Timer_Led_Stop
                0x00007f08       0x1c .\CortexM0\ARM_GCC_541\Debug\start_v11.a(Int_Timer_Led.o)
                0x00007f08                Int_Timer_Led_Stop
 .text.Int_Timer_Led_Interrupt
                0x00007f24        0xc .\CortexM0\ARM_GCC_541\Debug\start_v11.a(Int_Timer_Led.o)
                0x00007f24                Int_Timer_Led_Interrupt
 .text.Int_Timer_Led_SetVector
                0x00007f30       0x1c .\CortexM0\ARM_GCC_541\Debug\start_v11.a(Int_Timer_Led.o)
                0x00007f30                Int_Timer_Led_SetVector
 .text.Int_Timer_Led_GetVector
                0x00007f4c       0x14 .\CortexM0\ARM_GCC_541\Debug\start_v11.a(Int_Timer_Led.o)
                0x00007f4c                Int_Timer_Led_GetVector
 .text.Int_Timer_Led_SetPriority
                0x00007f60       0x50 .\CortexM0\ARM_GCC_541\Debug\start_v11.a(Int_Timer_Led.o)
                0x00007f60                Int_Timer_Led_SetPriority
 .text.Int_Timer_Led_GetPriority
                0x00007fb0       0x2c .\CortexM0\ARM_GCC_541\Debug\start_v11.a(Int_Timer_Led.o)
                0x00007fb0                Int_Timer_Led_GetPriority
 .text.Int_Timer_Led_Enable
                0x00007fdc       0x18 .\CortexM0\ARM_GCC_541\Debug\start_v11.a(Int_Timer_Led.o)
                0x00007fdc                Int_Timer_Led_Enable
 .text.Int_Timer_Led_GetState
                0x00007ff4       0x20 .\CortexM0\ARM_GCC_541\Debug\start_v11.a(Int_Timer_Led.o)
                0x00007ff4                Int_Timer_Led_GetState
 .text.Int_Timer_Led_Disable
                0x00008014       0x18 .\CortexM0\ARM_GCC_541\Debug\start_v11.a(Int_Timer_Led.o)
                0x00008014                Int_Timer_Led_Disable
 .text.Int_Timer_Led_SetPending
                0x0000802c       0x18 .\CortexM0\ARM_GCC_541\Debug\start_v11.a(Int_Timer_Led.o)
                0x0000802c                Int_Timer_Led_SetPending
 .text.Int_Timer_Led_ClearPending
                0x00008044       0x18 .\CortexM0\ARM_GCC_541\Debug\start_v11.a(Int_Timer_Led.o)
                0x00008044                Int_Timer_Led_ClearPending
 .text          0x0000805c        0x0 .\CortexM0\ARM_GCC_541\Debug\start_v11.a(UART_XB.o)
 .text.UART_XB_Init
                0x0000805c       0x10 .\CortexM0\ARM_GCC_541\Debug\start_v11.a(UART_XB.o)
                0x0000805c                UART_XB_Init
 .text.UART_XB_Enable
                0x0000806c       0x24 .\CortexM0\ARM_GCC_541\Debug\start_v11.a(UART_XB.o)
                0x0000806c                UART_XB_Enable
 .text.UART_XB_Start
                0x00008090       0x24 .\CortexM0\ARM_GCC_541\Debug\start_v11.a(UART_XB.o)
                0x00008090                UART_XB_Start
 .text.UART_XB_Stop
                0x000080b4       0x34 .\CortexM0\ARM_GCC_541\Debug\start_v11.a(UART_XB.o)
                0x000080b4                UART_XB_Stop
 .text.UART_XB_SetRxFifoLevel
                0x000080e8       0x34 .\CortexM0\ARM_GCC_541\Debug\start_v11.a(UART_XB.o)
                0x000080e8                UART_XB_SetRxFifoLevel
 .text.UART_XB_SetTxFifoLevel
                0x0000811c       0x34 .\CortexM0\ARM_GCC_541\Debug\start_v11.a(UART_XB.o)
                0x0000811c                UART_XB_SetTxFifoLevel
 .text.UART_XB_SetCustomInterruptHandler
                0x00008150       0x1c .\CortexM0\ARM_GCC_541\Debug\start_v11.a(UART_XB.o)
                0x00008150                UART_XB_SetCustomInterruptHandler
 .text.UART_XB_ScbEnableIntr
                0x0000816c       0x10 .\CortexM0\ARM_GCC_541\Debug\start_v11.a(UART_XB.o)
 .text.UART_XB_ScbModePostEnable
                0x0000817c       0x10 .\CortexM0\ARM_GCC_541\Debug\start_v11.a(UART_XB.o)
 .text.UART_XB_ScbModeStop
                0x0000818c       0x10 .\CortexM0\ARM_GCC_541\Debug\start_v11.a(UART_XB.o)
 .text          0x0000819c        0x0 .\CortexM0\ARM_GCC_541\Debug\start_v11.a(UART_XB_SPI_UART.o)
 .text.UART_XB_SpiUartReadRxData
                0x0000819c       0x50 .\CortexM0\ARM_GCC_541\Debug\start_v11.a(UART_XB_SPI_UART.o)
                0x0000819c                UART_XB_SpiUartReadRxData
 .text.UART_XB_SpiUartGetRxBufferSize
                0x000081ec       0x40 .\CortexM0\ARM_GCC_541\Debug\start_v11.a(UART_XB_SPI_UART.o)
                0x000081ec                UART_XB_SpiUartGetRxBufferSize
 .text.UART_XB_SpiUartClearRxBuffer
                0x0000822c       0x60 .\CortexM0\ARM_GCC_541\Debug\start_v11.a(UART_XB_SPI_UART.o)
                0x0000822c                UART_XB_SpiUartClearRxBuffer
 .text.UART_XB_SpiUartWriteTxData
                0x0000828c       0x9c .\CortexM0\ARM_GCC_541\Debug\start_v11.a(UART_XB_SPI_UART.o)
                0x0000828c                UART_XB_SpiUartWriteTxData
 .text.UART_XB_SpiUartPutArray
                0x00008328       0x34 .\CortexM0\ARM_GCC_541\Debug\start_v11.a(UART_XB_SPI_UART.o)
                0x00008328                UART_XB_SpiUartPutArray
 .text.UART_XB_SpiUartGetTxBufferSize
                0x0000835c       0x40 .\CortexM0\ARM_GCC_541\Debug\start_v11.a(UART_XB_SPI_UART.o)
                0x0000835c                UART_XB_SpiUartGetTxBufferSize
 .text.UART_XB_SpiUartClearTxBuffer
                0x0000839c       0x68 .\CortexM0\ARM_GCC_541\Debug\start_v11.a(UART_XB_SPI_UART.o)
                0x0000839c                UART_XB_SpiUartClearTxBuffer
 .text.UART_XB_SpiUartDisableIntRx
                0x00008404       0x20 .\CortexM0\ARM_GCC_541\Debug\start_v11.a(UART_XB_SPI_UART.o)
                0x00008404                UART_XB_SpiUartDisableIntRx
 .text.UART_XB_SpiUartDisableIntTx
                0x00008424       0x20 .\CortexM0\ARM_GCC_541\Debug\start_v11.a(UART_XB_SPI_UART.o)
                0x00008424                UART_XB_SpiUartDisableIntTx
 .text          0x00008444        0x0 .\CortexM0\ARM_GCC_541\Debug\start_v11.a(UART_XB_UART.o)
 .text.UART_XB_UartInit
                0x00008444      0x110 .\CortexM0\ARM_GCC_541\Debug\start_v11.a(UART_XB_UART.o)
                0x00008444                UART_XB_UartInit
 .text.UART_XB_UartPostEnable
                0x00008554       0x34 .\CortexM0\ARM_GCC_541\Debug\start_v11.a(UART_XB_UART.o)
                0x00008554                UART_XB_UartPostEnable
 .text.UART_XB_UartStop
                0x00008588       0x38 .\CortexM0\ARM_GCC_541\Debug\start_v11.a(UART_XB_UART.o)
                0x00008588                UART_XB_UartStop
 .text.UART_XB_UartSetRxAddress
                0x000085c0       0x34 .\CortexM0\ARM_GCC_541\Debug\start_v11.a(UART_XB_UART.o)
                0x000085c0                UART_XB_UartSetRxAddress
 .text.UART_XB_UartSetRxAddressMask
                0x000085f4       0x38 .\CortexM0\ARM_GCC_541\Debug\start_v11.a(UART_XB_UART.o)
                0x000085f4                UART_XB_UartSetRxAddressMask
 .text.UART_XB_UartGetChar
                0x0000862c       0x40 .\CortexM0\ARM_GCC_541\Debug\start_v11.a(UART_XB_UART.o)
                0x0000862c                UART_XB_UartGetChar
 .text.UART_XB_UartGetByte
                0x0000866c       0x68 .\CortexM0\ARM_GCC_541\Debug\start_v11.a(UART_XB_UART.o)
                0x0000866c                UART_XB_UartGetByte
 .text.UART_XB_UartSetRtsPolarity
                0x000086d4       0x3c .\CortexM0\ARM_GCC_541\Debug\start_v11.a(UART_XB_UART.o)
                0x000086d4                UART_XB_UartSetRtsPolarity
 .text.UART_XB_UartSetRtsFifoLevel
                0x00008710       0x34 .\CortexM0\ARM_GCC_541\Debug\start_v11.a(UART_XB_UART.o)
                0x00008710                UART_XB_UartSetRtsFifoLevel
 .text.UART_XB_UartPutString
                0x00008744       0x38 .\CortexM0\ARM_GCC_541\Debug\start_v11.a(UART_XB_UART.o)
                0x00008744                UART_XB_UartPutString
 .text.UART_XB_UartPutCRLF
                0x0000877c       0x24 .\CortexM0\ARM_GCC_541\Debug\start_v11.a(UART_XB_UART.o)
                0x0000877c                UART_XB_UartPutCRLF
 .text.UART_XB_UartEnableCts
                0x000087a0       0x1c .\CortexM0\ARM_GCC_541\Debug\start_v11.a(UART_XB_UART.o)
                0x000087a0                UART_XB_UartEnableCts
 .text.UART_XB_UartDisableCts
                0x000087bc       0x20 .\CortexM0\ARM_GCC_541\Debug\start_v11.a(UART_XB_UART.o)
                0x000087bc                UART_XB_UartDisableCts
 .text.UART_XB_UartSetCtsPolarity
                0x000087dc       0x3c .\CortexM0\ARM_GCC_541\Debug\start_v11.a(UART_XB_UART.o)
                0x000087dc                UART_XB_UartSetCtsPolarity
 .text          0x00008818        0x0 .\CortexM0\ARM_GCC_541\Debug\start_v11.a(SwSPI_Master.o)
 .text.SwSPI_Master_Init
                0x00008818       0x34 .\CortexM0\ARM_GCC_541\Debug\start_v11.a(SwSPI_Master.o)
                0x00008818                SwSPI_Master_Init
 .text.SwSPI_Master_ChipSelect
                0x0000884c        0xc .\CortexM0\ARM_GCC_541\Debug\start_v11.a(SwSPI_Master.o)
                0x0000884c                SwSPI_Master_ChipSelect
 .text.SwSPI_Master_ChipDeselect
                0x00008858        0xc .\CortexM0\ARM_GCC_541\Debug\start_v11.a(SwSPI_Master.o)
                0x00008858                SwSPI_Master_ChipDeselect
 .text.SwSPI_Master_SendByte
                0x00008864       0x98 .\CortexM0\ARM_GCC_541\Debug\start_v11.a(SwSPI_Master.o)
                0x00008864                SwSPI_Master_SendByte
 .text.SwSPI_Master_SendBuff
                0x000088fc       0x50 .\CortexM0\ARM_GCC_541\Debug\start_v11.a(SwSPI_Master.o)
                0x000088fc                SwSPI_Master_SendBuff
 .text.SwSPI_Master_RecvByte
                0x0000894c       0x98 .\CortexM0\ARM_GCC_541\Debug\start_v11.a(SwSPI_Master.o)
                0x0000894c                SwSPI_Master_RecvByte
 .text.SwSPI_Master_RecvBuff
                0x000089e4       0x50 .\CortexM0\ARM_GCC_541\Debug\start_v11.a(SwSPI_Master.o)
                0x000089e4                SwSPI_Master_RecvBuff
 .text.SwSPI_Master_ReadAndWriteByte
                0x00008a34       0xc8 .\CortexM0\ARM_GCC_541\Debug\start_v11.a(SwSPI_Master.o)
                0x00008a34                SwSPI_Master_ReadAndWriteByte
 .text          0x00008afc        0x0 .\CortexM0\ARM_GCC_541\Debug\start_v11.a(GATE_INT.o)
 .text.GATE_INT_Start
                0x00008afc       0x24 .\CortexM0\ARM_GCC_541\Debug\start_v11.a(GATE_INT.o)
                0x00008afc                GATE_INT_Start
 .text.GATE_INT_StartEx
                0x00008b20       0x28 .\CortexM0\ARM_GCC_541\Debug\start_v11.a(GATE_INT.o)
                0x00008b20                GATE_INT_StartEx
 .text.GATE_INT_Stop
                0x00008b48       0x1c .\CortexM0\ARM_GCC_541\Debug\start_v11.a(GATE_INT.o)
                0x00008b48                GATE_INT_Stop
 .text.GATE_INT_Interrupt
                0x00008b64        0xc .\CortexM0\ARM_GCC_541\Debug\start_v11.a(GATE_INT.o)
                0x00008b64                GATE_INT_Interrupt
 .text.GATE_INT_SetVector
                0x00008b70       0x1c .\CortexM0\ARM_GCC_541\Debug\start_v11.a(GATE_INT.o)
                0x00008b70                GATE_INT_SetVector
 .text.GATE_INT_GetVector
                0x00008b8c       0x14 .\CortexM0\ARM_GCC_541\Debug\start_v11.a(GATE_INT.o)
                0x00008b8c                GATE_INT_GetVector
 .text.GATE_INT_SetPriority
                0x00008ba0       0x4c .\CortexM0\ARM_GCC_541\Debug\start_v11.a(GATE_INT.o)
                0x00008ba0                GATE_INT_SetPriority
 .text.GATE_INT_GetPriority
                0x00008bec       0x2c .\CortexM0\ARM_GCC_541\Debug\start_v11.a(GATE_INT.o)
                0x00008bec                GATE_INT_GetPriority
 .text.GATE_INT_Enable
                0x00008c18       0x14 .\CortexM0\ARM_GCC_541\Debug\start_v11.a(GATE_INT.o)
                0x00008c18                GATE_INT_Enable
 .text.GATE_INT_GetState
                0x00008c2c       0x20 .\CortexM0\ARM_GCC_541\Debug\start_v11.a(GATE_INT.o)
                0x00008c2c                GATE_INT_GetState
 .text.GATE_INT_Disable
                0x00008c4c       0x14 .\CortexM0\ARM_GCC_541\Debug\start_v11.a(GATE_INT.o)
                0x00008c4c                GATE_INT_Disable
 .text.GATE_INT_SetPending
                0x00008c60       0x14 .\CortexM0\ARM_GCC_541\Debug\start_v11.a(GATE_INT.o)
                0x00008c60                GATE_INT_SetPending
 .text.GATE_INT_ClearPending
                0x00008c74       0x14 .\CortexM0\ARM_GCC_541\Debug\start_v11.a(GATE_INT.o)
                0x00008c74                GATE_INT_ClearPending
 .text          0x00008c88        0x0 .\CortexM0\ARM_GCC_541\Debug\start_v11.a(debug.o)
 .text.debug_SetDriveMode
                0x00008c88       0x2c .\CortexM0\ARM_GCC_541\Debug\start_v11.a(debug.o)
                0x00008c88                debug_SetDriveMode
 .text.debug_Write
                0x00008cb4       0x4c .\CortexM0\ARM_GCC_541\Debug\start_v11.a(debug.o)
                0x00008cb4                debug_Write
 .text.debug_Read
                0x00008d00       0x1c .\CortexM0\ARM_GCC_541\Debug\start_v11.a(debug.o)
                0x00008d00                debug_Read
 .text.debug_ReadDataReg
                0x00008d1c       0x1c .\CortexM0\ARM_GCC_541\Debug\start_v11.a(debug.o)
                0x00008d1c                debug_ReadDataReg
 .text.debug_SetInterruptMode
                0x00008d38       0x44 .\CortexM0\ARM_GCC_541\Debug\start_v11.a(debug.o)
                0x00008d38                debug_SetInterruptMode
 .text.debug_ClearInterrupt
                0x00008d7c       0x2c .\CortexM0\ARM_GCC_541\Debug\start_v11.a(debug.o)
                0x00008d7c                debug_ClearInterrupt
 .text          0x00008da8        0x0 .\CortexM0\ARM_GCC_541\Debug\start_v11.a(ADC.o)
 .text.ADC_Start
                0x00008da8       0x24 .\CortexM0\ARM_GCC_541\Debug\start_v11.a(ADC.o)
                0x00008da8                ADC_Start
 .text.ADC_Init
                0x00008dcc      0x1d4 .\CortexM0\ARM_GCC_541\Debug\start_v11.a(ADC.o)
                0x00008dcc                ADC_Init
 .text.ADC_Enable
                0x00008fa0       0x38 .\CortexM0\ARM_GCC_541\Debug\start_v11.a(ADC.o)
                0x00008fa0                ADC_Enable
 .text.ADC_Stop
                0x00008fd8       0x1c .\CortexM0\ARM_GCC_541\Debug\start_v11.a(ADC.o)
                0x00008fd8                ADC_Stop
 .text.ADC_StartConvert
                0x00008ff4       0x1c .\CortexM0\ARM_GCC_541\Debug\start_v11.a(ADC.o)
                0x00008ff4                ADC_StartConvert
 .text.ADC_StopConvert
                0x00009010       0x20 .\CortexM0\ARM_GCC_541\Debug\start_v11.a(ADC.o)
                0x00009010                ADC_StopConvert
 .text.ADC_IsEndConversion
                0x00009030       0x48 .\CortexM0\ARM_GCC_541\Debug\start_v11.a(ADC.o)
                0x00009030                ADC_IsEndConversion
 .text.ADC_GetResult16
                0x00009078       0x44 .\CortexM0\ARM_GCC_541\Debug\start_v11.a(ADC.o)
                0x00009078                ADC_GetResult16
 .text.ADC_SetChanMask
                0x000090bc       0x20 .\CortexM0\ARM_GCC_541\Debug\start_v11.a(ADC.o)
                0x000090bc                ADC_SetChanMask
 .text.ADC_SetLowLimit
                0x000090dc       0x30 .\CortexM0\ARM_GCC_541\Debug\start_v11.a(ADC.o)
                0x000090dc                ADC_SetLowLimit
 .text.ADC_SetHighLimit
                0x0000910c       0x30 .\CortexM0\ARM_GCC_541\Debug\start_v11.a(ADC.o)
                0x0000910c                ADC_SetHighLimit
 .text.ADC_SetLimitMask
                0x0000913c       0x20 .\CortexM0\ARM_GCC_541\Debug\start_v11.a(ADC.o)
                0x0000913c                ADC_SetLimitMask
 .text.ADC_SetSatMask
                0x0000915c       0x20 .\CortexM0\ARM_GCC_541\Debug\start_v11.a(ADC.o)
                0x0000915c                ADC_SetSatMask
 .text.ADC_SetOffset
                0x0000917c       0x34 .\CortexM0\ARM_GCC_541\Debug\start_v11.a(ADC.o)
                0x0000917c                ADC_SetOffset
 .text.ADC_SetGain
                0x000091b0       0x2c .\CortexM0\ARM_GCC_541\Debug\start_v11.a(ADC.o)
                0x000091b0                ADC_SetGain
 .text.ADC_CountsTo_mVolts
                0x000091dc       0xa0 .\CortexM0\ARM_GCC_541\Debug\start_v11.a(ADC.o)
                0x000091dc                ADC_CountsTo_mVolts
 .text.ADC_CountsTo_uVolts
                0x0000927c       0x90 .\CortexM0\ARM_GCC_541\Debug\start_v11.a(ADC.o)
                0x0000927c                ADC_CountsTo_uVolts
 .text.ADC_CountsTo_Volts
                0x0000930c       0x80 .\CortexM0\ARM_GCC_541\Debug\start_v11.a(ADC.o)
                0x0000930c                ADC_CountsTo_Volts
 .text          0x0000938c        0x0 .\CortexM0\ARM_GCC_541\Debug\start_v11.a(ADC_INT.o)
 .text.ADC_ISR  0x0000938c       0x20 .\CortexM0\ARM_GCC_541\Debug\start_v11.a(ADC_INT.o)
                0x0000938c                ADC_ISR
 .text          0x000093ac        0x0 .\CortexM0\ARM_GCC_541\Debug\start_v11.a(CE.o)
 .text.CE_SetDriveMode
                0x000093ac       0x30 .\CortexM0\ARM_GCC_541\Debug\start_v11.a(CE.o)
                0x000093ac                CE_SetDriveMode
 .text.CE_Write
                0x000093dc       0x50 .\CortexM0\ARM_GCC_541\Debug\start_v11.a(CE.o)
                0x000093dc                CE_Write
 .text.CE_Read  0x0000942c       0x1c .\CortexM0\ARM_GCC_541\Debug\start_v11.a(CE.o)
                0x0000942c                CE_Read
 .text.CE_ReadDataReg
                0x00009448       0x1c .\CortexM0\ARM_GCC_541\Debug\start_v11.a(CE.o)
                0x00009448                CE_ReadDataReg
 .text.CE_SetInterruptMode
                0x00009464       0x44 .\CortexM0\ARM_GCC_541\Debug\start_v11.a(CE.o)
                0x00009464                CE_SetInterruptMode
 .text.CE_ClearInterrupt
                0x000094a8       0x30 .\CortexM0\ARM_GCC_541\Debug\start_v11.a(CE.o)
                0x000094a8                CE_ClearInterrupt
 .text          0x000094d8        0x0 .\CortexM0\ARM_GCC_541\Debug\start_v11.a(RST.o)
 .text.RST_SetDriveMode
                0x000094d8       0x30 .\CortexM0\ARM_GCC_541\Debug\start_v11.a(RST.o)
                0x000094d8                RST_SetDriveMode
 .text.RST_Write
                0x00009508       0x50 .\CortexM0\ARM_GCC_541\Debug\start_v11.a(RST.o)
                0x00009508                RST_Write
 .text.RST_Read
                0x00009558       0x1c .\CortexM0\ARM_GCC_541\Debug\start_v11.a(RST.o)
                0x00009558                RST_Read
 .text.RST_ReadDataReg
                0x00009574       0x1c .\CortexM0\ARM_GCC_541\Debug\start_v11.a(RST.o)
                0x00009574                RST_ReadDataReg
 .text.RST_SetInterruptMode
                0x00009590       0x44 .\CortexM0\ARM_GCC_541\Debug\start_v11.a(RST.o)
                0x00009590                RST_SetInterruptMode
 .text.RST_ClearInterrupt
                0x000095d4       0x30 .\CortexM0\ARM_GCC_541\Debug\start_v11.a(RST.o)
                0x000095d4                RST_ClearInterrupt
 .text          0x00009604        0x0 .\CortexM0\ARM_GCC_541\Debug\start_v11.a(DC.o)
 .text.DC_SetDriveMode
                0x00009604       0x30 .\CortexM0\ARM_GCC_541\Debug\start_v11.a(DC.o)
                0x00009604                DC_SetDriveMode
 .text.DC_Write
                0x00009634       0x50 .\CortexM0\ARM_GCC_541\Debug\start_v11.a(DC.o)
                0x00009634                DC_Write
 .text.DC_Read  0x00009684       0x1c .\CortexM0\ARM_GCC_541\Debug\start_v11.a(DC.o)
                0x00009684                DC_Read
 .text.DC_ReadDataReg
                0x000096a0       0x1c .\CortexM0\ARM_GCC_541\Debug\start_v11.a(DC.o)
                0x000096a0                DC_ReadDataReg
 .text.DC_SetInterruptMode
                0x000096bc       0x44 .\CortexM0\ARM_GCC_541\Debug\start_v11.a(DC.o)
                0x000096bc                DC_SetInterruptMode
 .text.DC_ClearInterrupt
                0x00009700       0x30 .\CortexM0\ARM_GCC_541\Debug\start_v11.a(DC.o)
                0x00009700                DC_ClearInterrupt
 .text          0x00009730        0x0 .\CortexM0\ARM_GCC_541\Debug\start_v11.a(LCD_BL.o)
 .text.LCD_BL_SetDriveMode
                0x00009730       0x30 .\CortexM0\ARM_GCC_541\Debug\start_v11.a(LCD_BL.o)
                0x00009730                LCD_BL_SetDriveMode
 .text.LCD_BL_Write
                0x00009760       0x50 .\CortexM0\ARM_GCC_541\Debug\start_v11.a(LCD_BL.o)
                0x00009760                LCD_BL_Write
 .text.LCD_BL_Read
                0x000097b0       0x1c .\CortexM0\ARM_GCC_541\Debug\start_v11.a(LCD_BL.o)
                0x000097b0                LCD_BL_Read
 .text.LCD_BL_ReadDataReg
                0x000097cc       0x1c .\CortexM0\ARM_GCC_541\Debug\start_v11.a(LCD_BL.o)
                0x000097cc                LCD_BL_ReadDataReg
 .text.LCD_BL_SetInterruptMode
                0x000097e8       0x44 .\CortexM0\ARM_GCC_541\Debug\start_v11.a(LCD_BL.o)
                0x000097e8                LCD_BL_SetInterruptMode
 .text.LCD_BL_ClearInterrupt
                0x0000982c       0x30 .\CortexM0\ARM_GCC_541\Debug\start_v11.a(LCD_BL.o)
                0x0000982c                LCD_BL_ClearInterrupt
 .text          0x0000985c        0x0 .\CortexM0\ARM_GCC_541\Debug\start_v11.a(TimerTestMode.o)
 .text.TimerTestMode_Init
                0x0000985c       0x44 .\CortexM0\ARM_GCC_541\Debug\start_v11.a(TimerTestMode.o)
                0x0000985c                TimerTestMode_Init
 .text.TimerTestMode_Enable
                0x000098a0       0x3c .\CortexM0\ARM_GCC_541\Debug\start_v11.a(TimerTestMode.o)
                0x000098a0                TimerTestMode_Enable
 .text.TimerTestMode_Start
                0x000098dc       0x24 .\CortexM0\ARM_GCC_541\Debug\start_v11.a(TimerTestMode.o)
                0x000098dc                TimerTestMode_Start
 .text.TimerTestMode_Stop
                0x00009900       0x34 .\CortexM0\ARM_GCC_541\Debug\start_v11.a(TimerTestMode.o)
                0x00009900                TimerTestMode_Stop
 .text.TimerTestMode_SetMode
                0x00009934       0x48 .\CortexM0\ARM_GCC_541\Debug\start_v11.a(TimerTestMode.o)
                0x00009934                TimerTestMode_SetMode
 .text.TimerTestMode_SetQDMode
                0x0000997c       0x48 .\CortexM0\ARM_GCC_541\Debug\start_v11.a(TimerTestMode.o)
                0x0000997c                TimerTestMode_SetQDMode
 .text.TimerTestMode_SetPrescaler
                0x000099c4       0x48 .\CortexM0\ARM_GCC_541\Debug\start_v11.a(TimerTestMode.o)
                0x000099c4                TimerTestMode_SetPrescaler
 .text.TimerTestMode_SetOneShot
                0x00009a0c       0x50 .\CortexM0\ARM_GCC_541\Debug\start_v11.a(TimerTestMode.o)
                0x00009a0c                TimerTestMode_SetOneShot
 .text.TimerTestMode_SetPWMMode
                0x00009a5c       0x20 .\CortexM0\ARM_GCC_541\Debug\start_v11.a(TimerTestMode.o)
                0x00009a5c                TimerTestMode_SetPWMMode
 .text.TimerTestMode_SetPWMSyncKill
                0x00009a7c       0x4c .\CortexM0\ARM_GCC_541\Debug\start_v11.a(TimerTestMode.o)
                0x00009a7c                TimerTestMode_SetPWMSyncKill
 .text.TimerTestMode_SetPWMStopOnKill
                0x00009ac8       0x4c .\CortexM0\ARM_GCC_541\Debug\start_v11.a(TimerTestMode.o)
                0x00009ac8                TimerTestMode_SetPWMStopOnKill
 .text.TimerTestMode_SetPWMDeadTime
                0x00009b14       0x50 .\CortexM0\ARM_GCC_541\Debug\start_v11.a(TimerTestMode.o)
                0x00009b14                TimerTestMode_SetPWMDeadTime
 .text.TimerTestMode_SetPWMInvert
                0x00009b64       0x48 .\CortexM0\ARM_GCC_541\Debug\start_v11.a(TimerTestMode.o)
                0x00009b64                TimerTestMode_SetPWMInvert
 .text.TimerTestMode_WriteCounter
                0x00009bac       0x20 .\CortexM0\ARM_GCC_541\Debug\start_v11.a(TimerTestMode.o)
                0x00009bac                TimerTestMode_WriteCounter
 .text.TimerTestMode_ReadCounter
                0x00009bcc       0x18 .\CortexM0\ARM_GCC_541\Debug\start_v11.a(TimerTestMode.o)
                0x00009bcc                TimerTestMode_ReadCounter
 .text.TimerTestMode_SetCounterMode
                0x00009be4       0x48 .\CortexM0\ARM_GCC_541\Debug\start_v11.a(TimerTestMode.o)
                0x00009be4                TimerTestMode_SetCounterMode
 .text.TimerTestMode_WritePeriod
                0x00009c2c       0x20 .\CortexM0\ARM_GCC_541\Debug\start_v11.a(TimerTestMode.o)
                0x00009c2c                TimerTestMode_WritePeriod
 .text.TimerTestMode_ReadPeriod
                0x00009c4c       0x18 .\CortexM0\ARM_GCC_541\Debug\start_v11.a(TimerTestMode.o)
                0x00009c4c                TimerTestMode_ReadPeriod
 .text.TimerTestMode_SetCompareSwap
                0x00009c64       0x48 .\CortexM0\ARM_GCC_541\Debug\start_v11.a(TimerTestMode.o)
                0x00009c64                TimerTestMode_SetCompareSwap
 .text.TimerTestMode_WritePeriodBuf
                0x00009cac       0x20 .\CortexM0\ARM_GCC_541\Debug\start_v11.a(TimerTestMode.o)
                0x00009cac                TimerTestMode_WritePeriodBuf
 .text.TimerTestMode_ReadPeriodBuf
                0x00009ccc       0x18 .\CortexM0\ARM_GCC_541\Debug\start_v11.a(TimerTestMode.o)
                0x00009ccc                TimerTestMode_ReadPeriodBuf
 .text.TimerTestMode_SetPeriodSwap
                0x00009ce4       0x4c .\CortexM0\ARM_GCC_541\Debug\start_v11.a(TimerTestMode.o)
                0x00009ce4                TimerTestMode_SetPeriodSwap
 .text.TimerTestMode_WriteCompare
                0x00009d30       0x20 .\CortexM0\ARM_GCC_541\Debug\start_v11.a(TimerTestMode.o)
                0x00009d30                TimerTestMode_WriteCompare
 .text.TimerTestMode_ReadCompare
                0x00009d50       0x18 .\CortexM0\ARM_GCC_541\Debug\start_v11.a(TimerTestMode.o)
                0x00009d50                TimerTestMode_ReadCompare
 .text.TimerTestMode_WriteCompareBuf
                0x00009d68       0x20 .\CortexM0\ARM_GCC_541\Debug\start_v11.a(TimerTestMode.o)
                0x00009d68                TimerTestMode_WriteCompareBuf
 .text.TimerTestMode_ReadCompareBuf
                0x00009d88       0x18 .\CortexM0\ARM_GCC_541\Debug\start_v11.a(TimerTestMode.o)
                0x00009d88                TimerTestMode_ReadCompareBuf
 .text.TimerTestMode_ReadCapture
                0x00009da0       0x18 .\CortexM0\ARM_GCC_541\Debug\start_v11.a(TimerTestMode.o)
                0x00009da0                TimerTestMode_ReadCapture
 .text.TimerTestMode_ReadCaptureBuf
                0x00009db8       0x18 .\CortexM0\ARM_GCC_541\Debug\start_v11.a(TimerTestMode.o)
                0x00009db8                TimerTestMode_ReadCaptureBuf
 .text.TimerTestMode_SetCaptureMode
                0x00009dd0       0x44 .\CortexM0\ARM_GCC_541\Debug\start_v11.a(TimerTestMode.o)
                0x00009dd0                TimerTestMode_SetCaptureMode
 .text.TimerTestMode_SetReloadMode
                0x00009e14       0x48 .\CortexM0\ARM_GCC_541\Debug\start_v11.a(TimerTestMode.o)
                0x00009e14                TimerTestMode_SetReloadMode
 .text.TimerTestMode_SetStartMode
                0x00009e5c       0x4c .\CortexM0\ARM_GCC_541\Debug\start_v11.a(TimerTestMode.o)
                0x00009e5c                TimerTestMode_SetStartMode
 .text.TimerTestMode_SetStopMode
                0x00009ea8       0x48 .\CortexM0\ARM_GCC_541\Debug\start_v11.a(TimerTestMode.o)
                0x00009ea8                TimerTestMode_SetStopMode
 .text.TimerTestMode_SetCountMode
                0x00009ef0       0x48 .\CortexM0\ARM_GCC_541\Debug\start_v11.a(TimerTestMode.o)
                0x00009ef0                TimerTestMode_SetCountMode
 .text.TimerTestMode_TriggerCommand
                0x00009f38       0x3c .\CortexM0\ARM_GCC_541\Debug\start_v11.a(TimerTestMode.o)
                0x00009f38                TimerTestMode_TriggerCommand
 .text.TimerTestMode_ReadStatus
                0x00009f74       0x20 .\CortexM0\ARM_GCC_541\Debug\start_v11.a(TimerTestMode.o)
                0x00009f74                TimerTestMode_ReadStatus
 .text.TimerTestMode_SetInterruptMode
                0x00009f94       0x1c .\CortexM0\ARM_GCC_541\Debug\start_v11.a(TimerTestMode.o)
                0x00009f94                TimerTestMode_SetInterruptMode
 .text.TimerTestMode_GetInterruptSourceMasked
                0x00009fb0       0x14 .\CortexM0\ARM_GCC_541\Debug\start_v11.a(TimerTestMode.o)
                0x00009fb0                TimerTestMode_GetInterruptSourceMasked
 .text.TimerTestMode_GetInterruptSource
                0x00009fc4       0x14 .\CortexM0\ARM_GCC_541\Debug\start_v11.a(TimerTestMode.o)
                0x00009fc4                TimerTestMode_GetInterruptSource
 .text.TimerTestMode_ClearInterrupt
                0x00009fd8       0x1c .\CortexM0\ARM_GCC_541\Debug\start_v11.a(TimerTestMode.o)
                0x00009fd8                TimerTestMode_ClearInterrupt
 .text.TimerTestMode_SetInterrupt
                0x00009ff4       0x1c .\CortexM0\ARM_GCC_541\Debug\start_v11.a(TimerTestMode.o)
                0x00009ff4                TimerTestMode_SetInterrupt
 .text          0x0000a010        0x0 .\CortexM0\ARM_GCC_541\Debug\start_v11.a(Int_timerTestMode.o)
 .text.Int_timerTestMode_Start
                0x0000a010       0x24 .\CortexM0\ARM_GCC_541\Debug\start_v11.a(Int_timerTestMode.o)
                0x0000a010                Int_timerTestMode_Start
 .text.Int_timerTestMode_StartEx
                0x0000a034       0x28 .\CortexM0\ARM_GCC_541\Debug\start_v11.a(Int_timerTestMode.o)
                0x0000a034                Int_timerTestMode_StartEx
 .text.Int_timerTestMode_Stop
                0x0000a05c       0x1c .\CortexM0\ARM_GCC_541\Debug\start_v11.a(Int_timerTestMode.o)
                0x0000a05c                Int_timerTestMode_Stop
 .text.Int_timerTestMode_Interrupt
                0x0000a078        0xc .\CortexM0\ARM_GCC_541\Debug\start_v11.a(Int_timerTestMode.o)
                0x0000a078                Int_timerTestMode_Interrupt
 .text.Int_timerTestMode_SetVector
                0x0000a084       0x1c .\CortexM0\ARM_GCC_541\Debug\start_v11.a(Int_timerTestMode.o)
                0x0000a084                Int_timerTestMode_SetVector
 .text.Int_timerTestMode_GetVector
                0x0000a0a0       0x14 .\CortexM0\ARM_GCC_541\Debug\start_v11.a(Int_timerTestMode.o)
                0x0000a0a0                Int_timerTestMode_GetVector
 .text.Int_timerTestMode_SetPriority
                0x0000a0b4       0x50 .\CortexM0\ARM_GCC_541\Debug\start_v11.a(Int_timerTestMode.o)
                0x0000a0b4                Int_timerTestMode_SetPriority
 .text.Int_timerTestMode_GetPriority
                0x0000a104       0x2c .\CortexM0\ARM_GCC_541\Debug\start_v11.a(Int_timerTestMode.o)
                0x0000a104                Int_timerTestMode_GetPriority
 .text.Int_timerTestMode_Enable
                0x0000a130       0x18 .\CortexM0\ARM_GCC_541\Debug\start_v11.a(Int_timerTestMode.o)
                0x0000a130                Int_timerTestMode_Enable
 .text.Int_timerTestMode_GetState
                0x0000a148       0x20 .\CortexM0\ARM_GCC_541\Debug\start_v11.a(Int_timerTestMode.o)
                0x0000a148                Int_timerTestMode_GetState
 .text.Int_timerTestMode_Disable
                0x0000a168       0x18 .\CortexM0\ARM_GCC_541\Debug\start_v11.a(Int_timerTestMode.o)
                0x0000a168                Int_timerTestMode_Disable
 .text.Int_timerTestMode_SetPending
                0x0000a180       0x18 .\CortexM0\ARM_GCC_541\Debug\start_v11.a(Int_timerTestMode.o)
                0x0000a180                Int_timerTestMode_SetPending
 .text.Int_timerTestMode_ClearPending
                0x0000a198       0x18 .\CortexM0\ARM_GCC_541\Debug\start_v11.a(Int_timerTestMode.o)
                0x0000a198                Int_timerTestMode_ClearPending
 .text          0x0000a1b0        0x0 .\CortexM0\ARM_GCC_541\Debug\start_v11.a(Pin_testMode.o)
 .text.Pin_testMode_SetDriveMode
                0x0000a1b0       0x30 .\CortexM0\ARM_GCC_541\Debug\start_v11.a(Pin_testMode.o)
                0x0000a1b0                Pin_testMode_SetDriveMode
 .text.Pin_testMode_Write
                0x0000a1e0       0x48 .\CortexM0\ARM_GCC_541\Debug\start_v11.a(Pin_testMode.o)
                0x0000a1e0                Pin_testMode_Write
 .text.Pin_testMode_Read
                0x0000a228       0x1c .\CortexM0\ARM_GCC_541\Debug\start_v11.a(Pin_testMode.o)
                0x0000a228                Pin_testMode_Read
 .text.Pin_testMode_ReadDataReg
                0x0000a244       0x1c .\CortexM0\ARM_GCC_541\Debug\start_v11.a(Pin_testMode.o)
                0x0000a244                Pin_testMode_ReadDataReg
 .text.Pin_testMode_SetInterruptMode
                0x0000a260       0x44 .\CortexM0\ARM_GCC_541\Debug\start_v11.a(Pin_testMode.o)
                0x0000a260                Pin_testMode_SetInterruptMode
 .text.Pin_testMode_ClearInterrupt
                0x0000a2a4       0x30 .\CortexM0\ARM_GCC_541\Debug\start_v11.a(Pin_testMode.o)
                0x0000a2a4                Pin_testMode_ClearInterrupt
 .text          0x0000a2d4        0x0 .\CortexM0\ARM_GCC_541\Debug\start_v11.a(SW_RunTestMode.o)
 .text.SW_RunTestMode_SetDriveMode
                0x0000a2d4       0x30 .\CortexM0\ARM_GCC_541\Debug\start_v11.a(SW_RunTestMode.o)
                0x0000a2d4                SW_RunTestMode_SetDriveMode
 .text.SW_RunTestMode_Write
                0x0000a304       0x50 .\CortexM0\ARM_GCC_541\Debug\start_v11.a(SW_RunTestMode.o)
                0x0000a304                SW_RunTestMode_Write
 .text.SW_RunTestMode_Read
                0x0000a354       0x1c .\CortexM0\ARM_GCC_541\Debug\start_v11.a(SW_RunTestMode.o)
                0x0000a354                SW_RunTestMode_Read
 .text.SW_RunTestMode_ReadDataReg
                0x0000a370       0x1c .\CortexM0\ARM_GCC_541\Debug\start_v11.a(SW_RunTestMode.o)
                0x0000a370                SW_RunTestMode_ReadDataReg
 .text.SW_RunTestMode_SetInterruptMode
                0x0000a38c       0x44 .\CortexM0\ARM_GCC_541\Debug\start_v11.a(SW_RunTestMode.o)
                0x0000a38c                SW_RunTestMode_SetInterruptMode
 .text.SW_RunTestMode_ClearInterrupt
                0x0000a3d0       0x30 .\CortexM0\ARM_GCC_541\Debug\start_v11.a(SW_RunTestMode.o)
                0x0000a3d0                SW_RunTestMode_ClearInterrupt
 .text          0x0000a400        0x0 .\CortexM0\ARM_GCC_541\Debug\start_v11.a(LED_RED_PIN.o)
 .text.LED_RED_PIN_SetDriveMode
                0x0000a400       0x30 .\CortexM0\ARM_GCC_541\Debug\start_v11.a(LED_RED_PIN.o)
                0x0000a400                LED_RED_PIN_SetDriveMode
 .text.LED_RED_PIN_Write
                0x0000a430       0x50 .\CortexM0\ARM_GCC_541\Debug\start_v11.a(LED_RED_PIN.o)
                0x0000a430                LED_RED_PIN_Write
 .text.LED_RED_PIN_Read