Archive member included because of file (symbol)

.\CortexM0\ARM_GCC_493\Debug\debug_ntp.a(cyfitter_cfg.o)
                              .\CortexM0\ARM_GCC_493\Debug\Cm0Start.o (cyfitter_cfg)
.\CortexM0\ARM_GCC_493\Debug\debug_ntp.a(RTC.o)
                              .\CortexM0\ARM_GCC_493\Debug\network.o (RTC_GetUnixTime)
.\CortexM0\ARM_GCC_493\Debug\debug_ntp.a(UART_XB.o)
                              .\CortexM0\ARM_GCC_493\Debug\network.o (UART_XB_Start)
.\CortexM0\ARM_GCC_493\Debug\debug_ntp.a(UART_XB_SPI_UART.o)
                              .\CortexM0\ARM_GCC_493\Debug\network.o (UART_XB_SpiUartGetRxBufferSize)
.\CortexM0\ARM_GCC_493\Debug\debug_ntp.a(UART_XB_UART.o)
                              .\CortexM0\ARM_GCC_493\Debug\debug_ntp.a(UART_XB.o) (UART_XB_UartInit)
.\CortexM0\ARM_GCC_493\Debug\debug_ntp.a(LCD.o)
                              .\CortexM0\ARM_GCC_493\Debug\display.o (LCD_PrintString)
.\CortexM0\ARM_GCC_493\Debug\debug_ntp.a(LCD_CustChars.o)
                              .\CortexM0\ARM_GCC_493\Debug\debug_ntp.a(LCD.o) (LCD_LoadCustomFonts)
.\CortexM0\ARM_GCC_493\Debug\debug_ntp.a(CyLib.o)
                              .\CortexM0\ARM_GCC_493\Debug\debug_ntp.a(cyfitter_cfg.o) (CySysClkWriteImoFreq)
.\CortexM0\ARM_GCC_493\Debug\debug_ntp.a(CyLFClk.o)
                              .\CortexM0\ARM_GCC_493\Debug\debug_ntp.a(cyfitter_cfg.o) (CySysClkWcoStart)
.\CortexM0\ARM_GCC_493\Debug\debug_ntp.a(debug.o)
                              .\CortexM0\ARM_GCC_493\Debug\RTC_WDT.o (debug_Write)
.\CortexM0\ARM_GCC_493\Debug\debug_ntp.a(pinDebugNtp.o)
                              .\CortexM0\ARM_GCC_493\Debug\network.o (pinDebugNtp_Write)
.\CortexM0\ARM_GCC_493\Debug\debug_ntp.a(isr_tx.o)
                              .\CortexM0\ARM_GCC_493\Debug\main.o (isr_tx_StartEx)
.\CortexM0\ARM_GCC_493\Debug\debug_ntp.a(isr_rx.o)
                              .\CortexM0\ARM_GCC_493\Debug\main.o (isr_rx_StartEx)
.\CortexM0\ARM_GCC_493\Debug\debug_ntp.a(UART_XB2.o)
                              .\CortexM0\ARM_GCC_493\Debug\main.o (UART_XB2_GetChar)
.\CortexM0\ARM_GCC_493\Debug\debug_ntp.a(UART_XB2_INT.o)
                              .\CortexM0\ARM_GCC_493\Debug\debug_ntp.a(UART_XB2.o) (UART_XB2_RXISR)
.\CortexM0\ARM_GCC_493\Debug\debug_ntp.a(UART_XB2_IntClock.o)
                              .\CortexM0\ARM_GCC_493\Debug\debug_ntp.a(UART_XB2.o) (UART_XB2_IntClock_StartEx)
.\CortexM0\ARM_GCC_493\Debug\debug_ntp.a(SW_uartDebug.o)
                              .\CortexM0\ARM_GCC_493\Debug\network.o (SW_uartDebug_Start)
.\CortexM0\ARM_GCC_493\Debug\debug_ntp.a(CyBootAsmGnu.o)
                              .\CortexM0\ARM_GCC_493\Debug\debug_ntp.a(cyfitter_cfg.o) (CyDelayCycles)
.\CortexM0\ARM_GCC_493\Debug\debug_ntp.a(SW_uartDebug_AsmGnu.o)
                              .\CortexM0\ARM_GCC_493\Debug\debug_ntp.a(SW_uartDebug.o) (SW_uartDebug_PutChar)
.\CortexM0\ARM_GCC_493\Debug\debug_ntp.a(UART_XB_SPI_UART_INT.o)
                              .\CortexM0\ARM_GCC_493\Debug\debug_ntp.a(UART_XB_UART.o) (UART_XB_SPI_UART_ISR)
c:/program files (x86)/cypress/psoc creator/4.0/psoc creator/import/gnu/arm/4.9.3/bin/../lib/gcc/arm-none-eabi/4.9.3/armv6-m\libgcc.a(_udivsi3.o)
                              .\CortexM0\ARM_GCC_493\Debug\debug_ntp.a(RTC.o) (__aeabi_uidiv)
c:/program files (x86)/cypress/psoc creator/4.0/psoc creator/import/gnu/arm/4.9.3/bin/../lib/gcc/arm-none-eabi/4.9.3/armv6-m\libgcc.a(_divsi3.o)
                              .\CortexM0\ARM_GCC_493\Debug\debug_ntp.a(CyLFClk.o) (__aeabi_idiv)
c:/program files (x86)/cypress/psoc creator/4.0/psoc creator/import/gnu/arm/4.9.3/bin/../lib/gcc/arm-none-eabi/4.9.3/armv6-m\libgcc.a(_dvmd_tls.o)
                              c:/program files (x86)/cypress/psoc creator/4.0/psoc creator/import/gnu/arm/4.9.3/bin/../lib/gcc/arm-none-eabi/4.9.3/armv6-m\libgcc.a(_udivsi3.o) (__aeabi_idiv0)
c:/program files (x86)/cypress/psoc creator/4.0/psoc creator/import/gnu/arm/4.9.3/bin/../lib/gcc/arm-none-eabi/4.9.3/armv6-m\libgcc.a(_aeabi_uldivmod.o)
                              .\CortexM0\ARM_GCC_493\Debug\RTC_WDT.o (__aeabi_uldivmod)
c:/program files (x86)/cypress/psoc creator/4.0/psoc creator/import/gnu/arm/4.9.3/bin/../lib/gcc/arm-none-eabi/4.9.3/armv6-m\libgcc.a(bpabi.o)
                              c:/program files (x86)/cypress/psoc creator/4.0/psoc creator/import/gnu/arm/4.9.3/bin/../lib/gcc/arm-none-eabi/4.9.3/armv6-m\libgcc.a(_aeabi_uldivmod.o) (__gnu_uldivmod_helper)
c:/program files (x86)/cypress/psoc creator/4.0/psoc creator/import/gnu/arm/4.9.3/bin/../lib/gcc/arm-none-eabi/4.9.3/armv6-m\libgcc.a(_muldi3.o)
                              c:/program files (x86)/cypress/psoc creator/4.0/psoc creator/import/gnu/arm/4.9.3/bin/../lib/gcc/arm-none-eabi/4.9.3/armv6-m\libgcc.a(bpabi.o) (__aeabi_lmul)
c:/program files (x86)/cypress/psoc creator/4.0/psoc creator/import/gnu/arm/4.9.3/bin/../lib/gcc/arm-none-eabi/4.9.3/armv6-m\libgcc.a(_divdi3.o)
[...]
Memory Configuration

Name             Origin             Length             Attributes
rom              0x00000000         0x00020000         xr
ram              0x20000000         0x00004000         xrw
*default*        0x00000000         0xffffffff

Linker script and memory map

LOAD c:/program files (x86)/cypress/psoc creator/4.0/psoc creator/import/gnu/arm/4.9.3/bin/../lib/gcc/arm-none-eabi/4.9.3/armv6-m/crti.o
LOAD c:/program files (x86)/cypress/psoc creator/4.0/psoc creator/import/gnu/arm/4.9.3/bin/../lib/gcc/arm-none-eabi/4.9.3/armv6-m/crtbegin.o
LOAD c:/program files (x86)/cypress/psoc creator/4.0/psoc creator/import/gnu/arm/4.9.3/bin/../lib/gcc/arm-none-eabi/4.9.3/../../../../arm-none-eabi/lib/armv6-m/crt0.o
START GROUP
LOAD .\CortexM0\ARM_GCC_493\Debug\display.o
LOAD .\CortexM0\ARM_GCC_493\Debug\crc32.o
LOAD .\CortexM0\ARM_GCC_493\Debug\network.o
LOAD .\CortexM0\ARM_GCC_493\Debug\svt.o
LOAD .\CortexM0\ARM_GCC_493\Debug\ntp.o
LOAD .\CortexM0\ARM_GCC_493\Debug\RTC_WDT.o
LOAD .\CortexM0\ARM_GCC_493\Debug\main.o
LOAD .\CortexM0\ARM_GCC_493\Debug\cymetadata.o
LOAD .\CortexM0\ARM_GCC_493\Debug\Cm0Start.o
LOAD .\CortexM0\ARM_GCC_493\Debug\debug_ntp.a
LOAD C:\Program Files (x86)\Cypress\PSoC Creator\4.0\PSoC Creator\psoc\content\cycomponentlibrary\CyComponentLibrary.cylib\CortexM0\ARM_GCC_493\Debug\CyComponentLibrary.a
END GROUP
START GROUP
LOAD c:/program files (x86)/cypress/psoc creator/4.0/psoc creator/import/gnu/arm/4.9.3/bin/../lib/gcc/arm-none-eabi/4.9.3/armv6-m\libgcc.a
LOAD c:/program files (x86)/cypress/psoc creator/4.0/psoc creator/import/gnu/arm/4.9.3/bin/../lib/gcc/arm-none-eabi/4.9.3/../../../../arm-none-eabi/lib/armv6-m\libg_nano.a
LOAD c:/program files (x86)/cypress/psoc creator/4.0/psoc creator/import/gnu/arm/4.9.3/bin/../lib/gcc/arm-none-eabi/4.9.3/../../../../arm-none-eabi/lib/armv6-m\libc_nano.a
END GROUP
START GROUP
LOAD c:/program files (x86)/cypress/psoc creator/4.0/psoc creator/import/gnu/arm/4.9.3/bin/../lib/gcc/arm-none-eabi/4.9.3/armv6-m\libgcc.a
LOAD c:/program files (x86)/cypress/psoc creator/4.0/psoc creator/import/gnu/arm/4.9.3/bin/../lib/gcc/arm-none-eabi/4.9.3/../../../../arm-none-eabi/lib/armv6-m\libc_nano.a
END GROUP
LOAD c:/program files (x86)/cypress/psoc creator/4.0/psoc creator/import/gnu/arm/4.9.3/bin/../lib/gcc/arm-none-eabi/4.9.3/armv6-m/crtend.o
LOAD c:/program files (x86)/cypress/psoc creator/4.0/psoc creator/import/gnu/arm/4.9.3/bin/../lib/gcc/arm-none-eabi/4.9.3/armv6-m/crtn.o
START GROUP
LOAD c:/program files (x86)/cypress/psoc creator/4.0/psoc creator/import/gnu/arm/4.9.3/bin/../lib/gcc/arm-none-eabi/4.9.3/armv6-m\libgcc.a
LOAD c:/program files (x86)/cypress/psoc creator/4.0/psoc creator/import/gnu/arm/4.9.3/bin/../lib/gcc/arm-none-eabi/4.9.3/../../../../arm-none-eabi/lib/armv6-m\libc.a
LOAD c:/program files (x86)/cypress/psoc creator/4.0/psoc creator/import/gnu/arm/4.9.3/bin/../lib/gcc/arm-none-eabi/4.9.3/../../../../arm-none-eabi/lib/armv6-m\libnosys.a
END GROUP
                0x00000000                CY_APPL_ORIGIN = 0x0
                0x00000080                CY_FLASH_ROW_SIZE = 0x80
                0x00000001                CY_APPL_NUM = 0x1
                0x00000001                CY_APPL_MAX = 0x1
                0x00000040                CY_METADATA_SIZE = 0x40
                0x00000000                CY_APPL_LOADABLE = 0x0
                0x00000000                CY_CHECKSUM_EXCLUDE_SIZE = ALIGN (0x0, CY_FLASH_ROW_SIZE)
                0x00000000                CY_APP_FOR_STACK_AND_COPIER = 0x0
                0x20000998                PROVIDE (__cy_heap_start, _end)
                0x00000001                PROVIDE (__cy_region_num, ((__cy_regions_end - __cy_regions) / 0x10))
                0x20004000                PROVIDE (__cy_stack, (ORIGIN (ram) + 0x4000))
                0x20003800                PROVIDE (__cy_heap_end, (__cy_stack - 0x800))

.cybootloader   0x00000000        0x0
 *(.cybootloader)
                0x00000000                appl1_start = CY_APPL_ORIGIN?CY_APPL_ORIGIN:ALIGN (CY_FLASH_ROW_SIZE)
                0x0000ff80                appl2_start = (appl1_start + ALIGN ((((0x20000 - appl1_start) - (0x2 * CY_FLASH_ROW_SIZE)) / 0x2), CY_FLASH_ROW_SIZE))
                0x00000000                appl_start = (CY_APPL_NUM == 0x1)?appl1_start:appl2_start
                0x00000001                cy_project_type_bootloader = (appl_start == 0x0)?0x1:0x0
                0x00000000                cy_project_type_app_for_stack_and_copier = (CY_APP_FOR_STACK_AND_COPIER == 0x1)?0x1:0x0

.text           0x00000000     0x2c46
 CREATE_OBJECT_SYMBOLS
                0x00000000                PROVIDE (__cy_interrupt_vector, RomVectors)
 *(.romvectors)
 .romvectors    0x00000000       0x10 .\CortexM0\ARM_GCC_493\Debug\Cm0Start.o
                0x00000000                RomVectors
                0x00000001                ASSERT ((. != __cy_interrupt_vector), No interrupt vector)
                0x00000001                ASSERT (CY_APPL_ORIGIN?(SIZEOF (.cybootloader) <= CY_APPL_ORIGIN):0x1, Wrong image location)
                0x00000010                PROVIDE (__cy_reset, Reset)
 *(.text.Reset)
 .text.Reset    0x00000010        0x8 .\CortexM0\ARM_GCC_493\Debug\Cm0Start.o
                0x00000010                Reset
                0x00000001                ASSERT ((. != __cy_reset), No reset code)
 *(.psocinit)
 .psocinit      0x00000018      0x2a4 .\CortexM0\ARM_GCC_493\Debug\debug_ntp.a(cyfitter_cfg.o)
                0x00000134                cyfitter_cfg
                0x000002bc                . = MAX (., 0x100)
 *(.text .text.* .gnu.linkonce.t.*)
 .text          0x000002bc       0x60 c:/program files (x86)/cypress/psoc creator/4.0/psoc creator/import/gnu/arm/4.9.3/bin/../lib/gcc/arm-none-eabi/4.9.3/armv6-m/crtbegin.o
 .text.DisplayStart
                0x0000031c        0x8 .\CortexM0\ARM_GCC_493\Debug\display.o
                0x0000031c                DisplayStart
 .text.Display  0x00000324       0x20 .\CortexM0\ARM_GCC_493\Debug\display.o
                0x00000324                Display
 .text.DisplayRealTime
                0x00000344       0x60 .\CortexM0\ARM_GCC_493\Debug\display.o
                0x00000344                DisplayRealTime
 .text.crc32_init_tab
                0x000003a4       0x40 .\CortexM0\ARM_GCC_493\Debug\crc32.o
 .text.crc32_update
                0x000003e4       0x2c .\CortexM0\ARM_GCC_493\Debug\crc32.o
                0x000003e4                crc32_update
 .text.crc32_calc_block
                0x00000410       0x1c .\CortexM0\ARM_GCC_493\Debug\crc32.o
                0x00000410                crc32_calc_block
 .text.CustomInterruptHandler
                0x0000042c       0x78 .\CortexM0\ARM_GCC_493\Debug\network.o
                0x0000042c                CustomInterruptHandler
 .text.InitNetwork
                0x000004a4       0x44 .\CortexM0\ARM_GCC_493\Debug\network.o
                0x000004a4                InitNetwork
 .text.NTPsendTime
                0x000004e8       0x3c .\CortexM0\ARM_GCC_493\Debug\network.o
                0x000004e8                NTPsendTime
 .text.NTPsync  0x00000524      0x120 .\CortexM0\ARM_GCC_493\Debug\network.o
                0x00000524                NTPsync
 .text.PackData
                0x00000644       0xc0 .\CortexM0\ARM_GCC_493\Debug\svt.o
                0x00000644                PackData
 .text.NtpDecodeByte
                0x00000704       0x20 .\CortexM0\ARM_GCC_493\Debug\ntp.o
                0x00000704                NtpDecodeByte
 .text.NtpCheckSymb
                0x00000724        0xc .\CortexM0\ARM_GCC_493\Debug\ntp.o
                0x00000724                NtpCheckSymb
 .text.NtpResetPacket
                0x00000730       0x10 .\CortexM0\ARM_GCC_493\Debug\ntp.o
                0x00000730                NtpResetPacket
 .text.NtpUnpackData
                0x00000740      0x1b8 .\CortexM0\ARM_GCC_493\Debug\ntp.o
                0x00000740                NtpUnpackData
 .text.CallBackCounter
                0x000008f8       0x30 .\CortexM0\ARM_GCC_493\Debug\RTC_WDT.o
                0x000008f8                CallBackCounter
 .text.RTC_WDT_Init
                0x00000928       0x14 .\CortexM0\ARM_GCC_493\Debug\RTC_WDT.o
                0x00000928                RTC_WDT_Init
 .text.RTCgetRecentMs
                0x0000093c        0xc .\CortexM0\ARM_GCC_493\Debug\RTC_WDT.o
                0x0000093c                RTCgetRecentMs
 .text.RTCSync  0x00000948       0x14 .\CortexM0\ARM_GCC_493\Debug\RTC_WDT.o
                0x00000948                RTCSync
 .text.TX_ISR   0x0000095c        0x4 .\CortexM0\ARM_GCC_493\Debug\main.o
                0x0000095c                TX_ISR
 .text.RX_ISR   0x00000960        0x8 .\CortexM0\ARM_GCC_493\Debug\main.o
                0x00000960                RX_ISR
 .text.main     0x00000968       0x68 .\CortexM0\ARM_GCC_493\Debug\main.o
                0x00000968                main
 .text.IntDefaultHandler
                0x000009d0       0x10 .\CortexM0\ARM_GCC_493\Debug\Cm0Start.o
                0x000009d0                IntDefaultHandler
 .text._sbrk    0x000009e0       0x30 .\CortexM0\ARM_GCC_493\Debug\Cm0Start.o
                0x000009e0                _sbrk
 .text.Start_c  0x00000a10       0x48 .\CortexM0\ARM_GCC_493\Debug\Cm0Start.o
                0x00000a10                Start_c
 .text.initialize_psoc
                0x00000a58       0x54 .\CortexM0\ARM_GCC_493\Debug\Cm0Start.o
                0x00000a58                initialize_psoc
 .text.cfg_write_bytes32
                0x00000aac       0x34 .\CortexM0\ARM_GCC_493\Debug\debug_ntp.a(cyfitter_cfg.o)
 .text.AnalogSetDefault
                0x00000ae0       0x20 .\CortexM0\ARM_GCC_493\Debug\debug_ntp.a(cyfitter_cfg.o)
 .text.CYMEMZERO
                0x00000b00        0xc .\CortexM0\ARM_GCC_493\Debug\debug_ntp.a(cyfitter_cfg.o)
 .text.CYCONFIGCPYCODE
                0x00000b0c        0x8 .\CortexM0\ARM_GCC_493\Debug\debug_ntp.a(cyfitter_cfg.o)
 .text.RTC_GetUnixTime
                0x00000b14        0xc .\CortexM0\ARM_GCC_493\Debug\debug_ntp.a(RTC.o)
                0x00000b14                RTC_GetUnixTime
 .text.RTC_Update
                0x00000b20       0x38 .\CortexM0\ARM_GCC_493\Debug\debug_ntp.a(RTC.o)
                0x00000b20                RTC_Update
 .text.RTC_DateTimeToUnix
                0x00000b58      0x1b0 .\CortexM0\ARM_GCC_493\Debug\debug_ntp.a(RTC.o)
                0x00000b58                RTC_DateTimeToUnix
 .text.RTC_SetDateAndTime
                0x00000d08       0xbc .\CortexM0\ARM_GCC_493\Debug\debug_ntp.a(RTC.o)
                0x00000d08                RTC_SetDateAndTime
 .text.RTC_Init
                0x00000dc4       0x40 .\CortexM0\ARM_GCC_493\Debug\debug_ntp.a(RTC.o)
                0x00000dc4                RTC_Init
 .text.RTC_Start
                0x00000e04       0x14 .\CortexM0\ARM_GCC_493\Debug\debug_ntp.a(RTC.o)
                0x00000e04                RTC_Start
 .text.RTC_DaysInMonth
                0x00000e18       0x44 .\CortexM0\ARM_GCC_493\Debug\debug_ntp.a(RTC.o)
                0x00000e18                RTC_DaysInMonth
 .text.RTC_UnixToDateTime
                0x00000e5c      0x294 .\CortexM0\ARM_GCC_493\Debug\debug_ntp.a(RTC.o)
                0x00000e5c                RTC_UnixToDateTime
 .text.RTC_SetUnixTime
                0x000010f0       0x20 .\CortexM0\ARM_GCC_493\Debug\debug_ntp.a(RTC.o)
                0x000010f0                RTC_SetUnixTime
 .text.RTC_GetTime
                0x00001110       0x30 .\CortexM0\ARM_GCC_493\Debug\debug_ntp.a(RTC.o)
                0x00001110                RTC_GetTime
 .text.UART_XB_ScbEnableIntr
                0x00001140        0xc .\CortexM0\ARM_GCC_493\Debug\debug_ntp.a(UART_XB.o)
 .text.UART_XB_ScbModePostEnable
                0x0000114c        0x8 .\CortexM0\ARM_GCC_493\Debug\debug_ntp.a(UART_XB.o)
 .text.UART_XB_Init
                0x00001154        0x8 .\CortexM0\ARM_GCC_493\Debug\debug_ntp.a(UART_XB.o)
                0x00001154                UART_XB_Init
 .text.UART_XB_Enable
                0x0000115c       0x1c .\CortexM0\ARM_GCC_493\Debug\debug_ntp.a(UART_XB.o)
                0x0000115c                UART_XB_Enable
 .text.UART_XB_Start
                0x00001178       0x20 .\CortexM0\ARM_GCC_493\Debug\debug_ntp.a(UART_XB.o)
                0x00001178                UART_XB_Start
 .text.UART_XB_SetCustomInterruptHandler
                0x00001198        0xc .\CortexM0\ARM_GCC_493\Debug\debug_ntp.a(UART_XB.o)
                0x00001198                UART_XB_SetCustomInterruptHandler
 .text.UART_XB_SpiUartReadRxData
                0x000011a4       0x34 .\CortexM0\ARM_GCC_493\Debug\debug_ntp.a(UART_XB_SPI_UART.o)
                0x000011a4                UART_XB_SpiUartReadRxData
 .text.UART_XB_SpiUartGetRxBufferSize
                0x000011d8       0x28 .\CortexM0\ARM_GCC_493\Debug\debug_ntp.a(UART_XB_SPI_UART.o)
                0x000011d8                UART_XB_SpiUartGetRxBufferSize
 .text.UART_XB_SpiUartClearRxBuffer
                0x00001200       0x54 .\CortexM0\ARM_GCC_493\Debug\debug_ntp.a(UART_XB_SPI_UART.o)
                0x00001200                UART_XB_SpiUartClearRxBuffer
 .text.UART_XB_SpiUartWriteTxData
                0x00001254       0x70 .\CortexM0\ARM_GCC_493\Debug\debug_ntp.a(UART_XB_SPI_UART.o)
                0x00001254                UART_XB_SpiUartWriteTxData
 .text.UART_XB_UartInit
                0x000012c4       0xe4 .\CortexM0\ARM_GCC_493\Debug\debug_ntp.a(UART_XB_UART.o)
                0x000012c4                UART_XB_UartInit
 .text.UART_XB_UartPostEnable
                0x000013a8       0x24 .\CortexM0\ARM_GCC_493\Debug\debug_ntp.a(UART_XB_UART.o)
                0x000013a8                UART_XB_UartPostEnable
 .text.UART_XB_UartGetChar
                0x000013cc       0x2c .\CortexM0\ARM_GCC_493\Debug\debug_ntp.a(UART_XB_UART.o)
                0x000013cc                UART_XB_UartGetChar
 .text.UART_XB_UartPutString
                0x000013f8       0x18 .\CortexM0\ARM_GCC_493\Debug\debug_ntp.a(UART_XB_UART.o)
                0x000013f8                UART_XB_UartPutString
 .text.LCD_WrCntrlNib
                0x00001410       0x34 .\CortexM0\ARM_GCC_493\Debug\debug_ntp.a(LCD.o)
 .text.LCD_WrDatNib
                0x00001444       0x44 .\CortexM0\ARM_GCC_493\Debug\debug_ntp.a(LCD.o)
 .text.LCD_IsReady
                0x00001488       0xb4 .\CortexM0\ARM_GCC_493\Debug\debug_ntp.a(LCD.o)
                0x00001488                LCD_IsReady
 .text.LCD_WriteData
                0x0000153c       0x18 .\CortexM0\ARM_GCC_493\Debug\debug_ntp.a(LCD.o)
                0x0000153c                LCD_WriteData
 .text.LCD_PrintString
                0x00001554       0x1c .\CortexM0\ARM_GCC_493\Debug\debug_ntp.a(LCD.o)
                0x00001554                LCD_PrintString
 .text.LCD_WriteControl
                0x00001570       0x18 .\CortexM0\ARM_GCC_493\Debug\debug_ntp.a(LCD.o)
                0x00001570                LCD_WriteControl
 .text.LCD_Init
                0x00001588       0x74 .\CortexM0\ARM_GCC_493\Debug\debug_ntp.a(LCD.o)
                0x00001588                LCD_Init
 .text.LCD_Enable
                0x000015fc       0x14 .\CortexM0\ARM_GCC_493\Debug\debug_ntp.a(LCD.o)
                0x000015fc                LCD_Enable
 .text.LCD_Start
                0x00001610       0x20 .\CortexM0\ARM_GCC_493\Debug\debug_ntp.a(LCD.o)
                0x00001610                LCD_Start
 .text.LCD_Position
                0x00001630       0x3c .\CortexM0\ARM_GCC_493\Debug\debug_ntp.a(LCD.o)
                0x00001630                LCD_Position
 .text.LCD_LoadCustomFonts
                0x0000166c       0x2c .\CortexM0\ARM_GCC_493\Debug\debug_ntp.a(LCD_CustChars.o)
                0x0000166c                LCD_LoadCustomFonts
 .text.CySysClkWriteImoFreq
                0x00001698       0x64 .\CortexM0\ARM_GCC_493\Debug\debug_ntp.a(CyLib.o)
                0x00001698                CySysClkWriteImoFreq
 .text.CySysClkEcoReadStatus
                0x000016fc       0x10 .\CortexM0\ARM_GCC_493\Debug\debug_ntp.a(CyLib.o)
                0x000016fc                CySysClkEcoReadStatus
 .text.CyIntEnable
                0x0000170c       0x14 .\CortexM0\ARM_GCC_493\Debug\debug_ntp.a(CyLib.o)
                0x0000170c                CyIntEnable
 .text.CyIntDisable
                0x00001720       0x14 .\CortexM0\ARM_GCC_493\Debug\debug_ntp.a(CyLib.o)
                0x00001720                CyIntDisable
 .text.CyHalt   0x00001734        0x4 .\CortexM0\ARM_GCC_493\Debug\debug_ntp.a(CyLib.o)
                0x00001734                CyHalt
 .text.CyIntSetVector
                0x00001738       0x24 .\CortexM0\ARM_GCC_493\Debug\debug_ntp.a(CyLib.o)
                0x00001738                CyIntSetVector
 .text.CyIntSetPriority
                0x0000175c       0x4c .\CortexM0\ARM_GCC_493\Debug\debug_ntp.a(CyLib.o)
                0x0000175c                CyIntSetPriority
 .text.CyDelay  0x000017a8       0x30 .\CortexM0\ARM_GCC_493\Debug\debug_ntp.a(CyLib.o)
                0x000017a8                CyDelay
 .text.CyDelayUs
                0x000017d8       0x14 .\CortexM0\ARM_GCC_493\Debug\debug_ntp.a(CyLib.o)
                0x000017d8                CyDelayUs
 .text.CySysClkEcoStart
                0x000017ec       0x54 .\CortexM0\ARM_GCC_493\Debug\debug_ntp.a(CyLib.o)
                0x000017ec                CySysClkEcoStart
 .text.CySysWdtLocked
                0x00001840       0x14 .\CortexM0\ARM_GCC_493\Debug\debug_ntp.a(CyLFClk.o)
 .text.CySysClkWcoStart
                0x00001854       0x40 .\CortexM0\ARM_GCC_493\Debug\debug_ntp.a(CyLFClk.o)
                0x00001854                CySysClkWcoStart
 .text.CySysClkWcoSetPowerMode
                0x00001894       0x80 .\CortexM0\ARM_GCC_493\Debug\debug_ntp.a(CyLFClk.o)
                0x00001894                CySysClkWcoSetPowerMode
 .text.CySysWdtLock
                0x00001914       0x1c .\CortexM0\ARM_GCC_493\Debug\debug_ntp.a(CyLFClk.o)
                0x00001914                CySysWdtLock
 .text.CySysWdtUnlock
                0x00001930       0x30 .\CortexM0\ARM_GCC_493\Debug\debug_ntp.a(CyLFClk.o)
                0x00001930                CySysWdtUnlock
 .text.CySysWdtClearInterrupt
                0x00001960       0x4c .\CortexM0\ARM_GCC_493\Debug\debug_ntp.a(CyLFClk.o)
                0x00001960                CySysWdtClearInterrupt
 .text.CySysWdtSetInterruptCallback
                0x000019ac       0x20 .\CortexM0\ARM_GCC_493\Debug\debug_ntp.a(CyLFClk.o)
                0x000019ac                CySysWdtSetInterruptCallback
 .text.CySysWdtIsr
                0x000019cc       0xa4 .\CortexM0\ARM_GCC_493\Debug\debug_ntp.a(CyLFClk.o)
                0x000019cc                CySysWdtIsr
 .text.debug_Write
                0x00001a70       0x18 .\CortexM0\ARM_GCC_493\Debug\debug_ntp.a(debug.o)
                0x00001a70                debug_Write
 .text.pinDebugNtp_Write
                0x00001a88       0x18 .\CortexM0\ARM_GCC_493\Debug\debug_ntp.a(pinDebugNtp.o)
                0x00001a88                pinDebugNtp_Write
 .text.isr_tx_SetVector
                0x00001aa0        0xc .\CortexM0\ARM_GCC_493\Debug\debug_ntp.a(isr_tx.o)
                0x00001aa0                isr_tx_SetVector
 .text.isr_tx_SetPriority
                0x00001aac       0x20 .\CortexM0\ARM_GCC_493\Debug\debug_ntp.a(isr_tx.o)
                0x00001aac                isr_tx_SetPriority
 .text.isr_tx_Enable
                0x00001acc        0xc .\CortexM0\ARM_GCC_493\Debug\debug_ntp.a(isr_tx.o)
                0x00001acc                isr_tx_Enable
 .text.isr_tx_Disable
                0x00001ad8        0xc .\CortexM0\ARM_GCC_493\Debug\debug_ntp.a(isr_tx.o)
                0x00001ad8                isr_tx_Disable
 .text.isr_tx_StartEx
                0x00001ae4       0x1c .\CortexM0\ARM_GCC_493\Debug\debug_ntp.a(isr_tx.o)
                0x00001ae4                isr_tx_StartEx
 .text.isr_rx_SetVector
                0x00001b00        0xc .\CortexM0\ARM_GCC_493\Debug\debug_ntp.a(isr_rx.o)
                0x00001b00                isr_rx_SetVector
 .text.isr_rx_SetPriority
                0x00001b0c       0x20 .\CortexM0\ARM_GCC_493\Debug\debug_ntp.a(isr_rx.o)
                0x00001b0c                isr_rx_SetPriority
 .text.isr_rx_Enable
                0x00001b2c        0xc .\CortexM0\ARM_GCC_493\Debug\debug_ntp.a(isr_rx.o)
                0x00001b2c                isr_rx_Enable
 .text.isr_rx_Disable
                0x00001b38        0xc .\CortexM0\ARM_GCC_493\Debug\debug_ntp.a(isr_rx.o)
                0x00001b38                isr_rx_Disable
 .text.isr_rx_StartEx
                0x00001b44       0x1c .\CortexM0\ARM_GCC_493\Debug\debug_ntp.a(isr_rx.o)
                0x00001b44                isr_rx_StartEx
 .text.UART_XB2_GetChar
                0x00001b60       0x78 .\CortexM0\ARM_GCC_493\Debug\debug_ntp.a(UART_XB2.o)
                0x00001b60                UART_XB2_GetChar
 .text.SW_uartDebug_Start
                0x00001bd8        0x4 .\CortexM0\ARM_GCC_493\Debug\debug_ntp.a(SW_uartDebug.o)
                0x00001bd8                SW_uartDebug_Start
 .text.SW_uartDebug_PutString
                0x00001bdc       0x1c .\CortexM0\ARM_GCC_493\Debug\debug_ntp.a(SW_uartDebug.o)
                0x00001bdc                SW_uartDebug_PutString
 .text          0x00001bf8       0x20 .\CortexM0\ARM_GCC_493\Debug\debug_ntp.a(CyBootAsmGnu.o)
                0x00001bf8                CyDelayCycles
                0x00001c0a                CyEnterCriticalSection
                0x00001c12                CyExitCriticalSection
 *fill*         0x00001c18        0x8 
 .text          0x00001c20       0xe0 .\CortexM0\ARM_GCC_493\Debug\debug_ntp.a(SW_uartDebug_AsmGnu.o)
                0x00001c20                SW_uartDebug_PutChar
 .text.UART_XB_SPI_UART_ISR
                0x00001d00       0xe4 .\CortexM0\ARM_GCC_493\Debug\debug_ntp.a(UART_XB_SPI_UART_INT.o)
                0x00001d00                UART_XB_SPI_UART_ISR
 .text          0x00001de4      0x120 c:/program files (x86)/cypress/psoc creator/4.0/psoc creator/import/gnu/arm/4.9.3/bin/../lib/gcc/arm-none-eabi/4.9.3/armv6-m\libgcc.a(_udivsi3.o)
                0x00001de4                __aeabi_uidiv
                0x00001de4                __udivsi3
                0x00001ef0                __aeabi_uidivmod
 .text          0x00001f04        0x4 c:/program files (x86)/cypress/psoc creator/4.0/psoc creator/import/gnu/arm/4.9.3/bin/../lib/gcc/arm-none-eabi/4.9.3/armv6-m\libgcc.a(_dvmd_tls.o)
                0x00001f04                __aeabi_idiv0
                0x00001f04                __aeabi_ldiv0
 .text          0x00001f08       0x40 c:/program files (x86)/cypress/psoc creator/4.0/psoc creator/import/gnu/arm/4.9.3/bin/../lib/gcc/arm-none-eabi/4.9.3/armv6-m\libgcc.a(_aeabi_uldivmod.o)
                0x00001f08                __aeabi_uldivmod
 .text          0x00001f48       0x6c c:/program files (x86)/cypress/psoc creator/4.0/psoc creator/import/gnu/arm/4.9.3/bin/../lib/gcc/arm-none-eabi/4.9.3/armv6-m\libgcc.a(bpabi.o)
                0x00001f48                __gnu_ldivmod_helper
                0x00001f80                __gnu_uldivmod_helper
 .text          0x00001fb4       0x54 c:/program files (x86)/cypress/psoc creator/4.0/psoc creator/import/gnu/arm/4.9.3/bin/../lib/gcc/arm-none-eabi/4.9.3/armv6-m\libgcc.a(_muldi3.o)
                0x00001fb4                __muldi3
                0x00001fb4                __aeabi_lmul
 .text          0x00002008      0x1f0 c:/program files (x86)/cypress/psoc creator/4.0/psoc creator/import/gnu/arm/4.9.3/bin/../lib/gcc/arm-none-eabi/4.9.3/armv6-m\libgcc.a(_divdi3.o)
                0x00002008                __divdi3
 .text          0x000021f8      0x158 c:/program files (x86)/cypress/psoc creator/4.0/psoc creator/import/gnu/arm/4.9.3/bin/../lib/gcc/arm-none-eabi/4.9.3/armv6-m\libgcc.a(_udivdi3.o)
                0x000021f8                __udivdi3
 .text          0x00002350       0x18 c:/program files (x86)/cypress/psoc creator/4.0/psoc creator/import/gnu/arm/4.9.3/bin/../lib/gcc/arm-none-eabi/4.9.3/armv6-m\libgcc.a(_clzdi2.o)
                0x00002350                __clzdi2
 .text          0x00002368       0x3c c:/program files (x86)/cypress/psoc creator/4.0/psoc creator/import/gnu/arm/4.9.3/bin/../lib/gcc/arm-none-eabi/4.9.3/armv6-m\libgcc.a(_clzsi2.o)
                0x00002368                __clzsi2
 .text.__errno  0x000023a4        0xc c:/program files (x86)/cypress/psoc creator/4.0/psoc creator/import/gnu/arm/4.9.3/bin/../lib/gcc/arm-none-eabi/4.9.3/../../../../arm-none-eabi/lib/armv6-m\libg_nano.a(lib_a-errno.o)
                0x000023a4                __errno
 .text.__libc_init_array
                0x000023b0       0x4c c:/program files (x86)/cypress/psoc creator/4.0/psoc creator/import/gnu/arm/4.9.3/bin/../lib/gcc/arm-none-eabi/4.9.3/../../../../arm-none-eabi/lib/armv6-m\libg_nano.a(lib_a-init.o)
                0x000023b0                __libc_init_array
 .text.memcpy   0x000023fc       0x12 c:/program files (x86)/cypress/psoc creator/4.0/psoc creator/import/gnu/arm/4.9.3/bin/../lib/gcc/arm-none-eabi/4.9.3/../../../../arm-none-eabi/lib/armv6-m\libg_nano.a(lib_a-memcpy.o)
                0x000023fc                memcpy
 .text.memset   0x0000240e       0x10 c:/program files (x86)/cypress/psoc creator/4.0/psoc creator/import/gnu/arm/4.9.3/bin/../lib/gcc/arm-none-eabi/4.9.3/../../../../arm-none-eabi/lib/armv6-m\libg_nano.a(lib_a-memset.o)
                0x0000240e                memset
 *fill*         0x0000241e        0x2 
 .text.sprintf  0x00002420       0x44 c:/program files (x86)/cypress/psoc creator/4.0/psoc creator/import/gnu/arm/4.9.3/bin/../lib/gcc/arm-none-eabi/4.9.3/../../../../arm-none-eabi/lib/armv6-m\libg_nano.a(lib_a-sprintf.o)
                0x00002420                siprintf
                0x00002420                sprintf
 .text.strcat   0x00002464       0x1a c:/program files (x86)/cypress/psoc creator/4.0/psoc creator/import/gnu/arm/4.9.3/bin/../lib/gcc/arm-none-eabi/4.9.3/../../../../arm-none-eabi/lib/armv6-m\libg_nano.a(lib_a-strcat.o)
                0x00002464                strcat
 .text.strlen   0x0000247e        0xe c:/program files (x86)/cypress/psoc creator/4.0/psoc creator/import/gnu/arm/4.9.3/bin/../lib/gcc/arm-none-eabi/4.9.3/../../../../arm-none-eabi/lib/armv6-m\libg_nano.a(lib_a-strlen.o)
                0x0000247e                strlen
 .text.__ssputs_r
                0x0000248c       0xc0 c:/program files (x86)/cypress/psoc creator/4.0/psoc creator/import/gnu/arm/4.9.3/bin/../lib/gcc/arm-none-eabi/4.9.3/../../../../arm-none-eabi/lib/armv6-m\libg_nano.a(lib_a-nano-svfprintf.o)
                0x0000248c                __ssputs_r
 .text._svfprintf_r
                0x0000254c      0x1ec c:/program files (x86)/cypress/psoc creator/4.0/psoc creator/import/gnu/arm/4.9.3/bin/../lib/gcc/arm-none-eabi/4.9.3/../../../../arm-none-eabi/lib/armv6-m\libg_nano.a(lib_a-nano-svfprintf.o)
                0x0000254c                _svfiprintf_r
                0x0000254c                _svfprintf_r
 .text._printf_common
                0x00002738       0xdc c:/program files (x86)/cypress/psoc creator/4.0/psoc creator/import/gnu/arm/4.9.3/bin/../lib/gcc/arm-none-eabi/4.9.3/../../../../arm-none-eabi/lib/armv6-m\libg_nano.a(lib_a-nano-vfprintf_i.o)
                0x00002738                _printf_common
 .text._printf_i
                0x00002814      0x230 c:/program files (x86)/cypress/psoc creator/4.0/psoc creator/import/gnu/arm/4.9.3/bin/../lib/gcc/arm-none-eabi/4.9.3/../../../../arm-none-eabi/lib/armv6-m\libg_nano.a(lib_a-nano-vfprintf_i.o)
                0x00002814                _printf_i
 .text.memchr   0x00002a44       0x16 c:/program files (x86)/cypress/psoc creator/4.0/psoc creator/import/gnu/arm/4.9.3/bin/../lib/gcc/arm-none-eabi/4.9.3/../../../../arm-none-eabi/lib/armv6-m\libg_nano.a(lib_a-memchr.o)
                0x00002a44                memchr
 .text.memmove  0x00002a5a       0x28 c:/program files (x86)/cypress/psoc creator/4.0/psoc creator/import/gnu/arm/4.9.3/bin/../lib/gcc/arm-none-eabi/4.9.3/../../../../arm-none-eabi/lib/armv6-m\libg_nano.a(lib_a-memmove.o)
                0x00002a5a                memmove
 *fill*         0x00002a82        0x2 
 .text._free_r  0x00002a84       0x8c c:/program files (x86)/cypress/psoc creator/4.0/psoc creator/import/gnu/arm/4.9.3/bin/../lib/gcc/arm-none-eabi/4.9.3/../../../../arm-none-eabi/lib/armv6-m\libg_nano.a(lib_a-nano-freer.o)
                0x00002a84                _free_r
 .text._malloc_r
                0x00002b10       0xb0 c:/program files (x86)/cypress/psoc creator/4.0/psoc creator/import/gnu/arm/4.9.3/bin/../lib/gcc/arm-none-eabi/4.9.3/../../../../arm-none-eabi/lib/armv6-m\libg_nano.a(lib_a-nano-mallocr.o)
                0x00002b10                _malloc_r
 .text._realloc_r
                0x00002bc0       0x4c c:/program files (x86)/cypress/psoc creator/4.0/psoc creator/import/gnu/arm/4.9.3/bin/../lib/gcc/arm-none-eabi/4.9.3/../../../../arm-none-eabi/lib/armv6-m\libg_nano.a(lib_a-nano-reallocr.o)
                0x00002bc0                _realloc_r
 .text._sbrk_r  0x00002c0c       0x24 c:/program files (x86)/cypress/psoc creator/4.0/psoc creator/import/gnu/arm/4.9.3/bin/../lib/gcc/arm-none-eabi/4.9.3/../../../../arm-none-eabi/lib/armv6-m\libg_nano.a(lib_a-sbrkr.o)
                0x00002c0c                _sbrk_r
 .text._malloc_usable_size_r
                0x00002c30       0x16 c:/program files (x86)/cypress/psoc creator/4.0/psoc creator/import/gnu/arm/4.9.3/bin/../lib/gcc/arm-none-eabi/4.9.3/../../../../arm-none-eabi/lib/armv6-m\libg_nano.a(lib_a-nano-msizer.o)
                0x00002c30                _malloc_usable_size_r
 *(.plt)
 *(.gnu.warning)
 *(.glue_7t)
 .glue_7t       0x00000000        0x0 linker stubs
 *(.glue_7)
 .glue_7        0x00000000        0x0 linker stubs
 *(.vfp11_veneer)
 .vfp11_veneer  0x00000000        0x0 linker stubs
 *(.bootloader)
 *(.ARM.extab* .gnu.linkonce.armextab.*)
 *(.gcc_except_table)

.v4_bx          0x00002c48        0x0
 .v4_bx         0x00000000        0x0 linker stubs

.iplt           0x00002c48        0x0
 .iplt          0x00000000        0x0 c:/program files (x86)/cypress/psoc creator/4.0/psoc creator/import/gnu/arm/4.9.3/bin/../lib/gcc/arm-none-eabi/4.9.3/armv6-m/crtbegin.o

.eh_frame_hdr
 *(.eh_frame_hdr)

.eh_frame       0x00002c48        0x4
 *(.eh_frame)
 .eh_frame      0x00002c48        0x0 c:/program files (x86)/cypress/psoc creator/4.0/psoc creator/import/gnu/arm/4.9.3/bin/../lib/gcc/arm-none-eabi/4.9.3/armv6-m/crtbegin.o
 .eh_frame      0x00002c48        0x4 c:/program files (x86)/cypress/psoc creator/4.0/psoc creator/import/gnu/arm/4.9.3/bin/../lib/gcc/arm-none-eabi/4.9.3/armv6-m/crtend.o
                0x00002c4c                PROVIDE (__exidx_start, .)

.ARM.exidx      0x00002c4c        0x8
 *(.ARM.exidx* .gnu.linkonce.armexidx.*)
 .ARM.exidx     0x00002c4c        0x8 c:/program files (x86)/cypress/psoc creator/4.0/psoc creator/import/gnu/arm/4.9.3/bin/../lib/gcc/arm-none-eabi/4.9.3/armv6-m\libgcc.a(_divdi3.o)
 .ARM.exidx     0x00002c54        0x0 c:/program files (x86)/cypress/psoc creator/4.0/psoc creator/import/gnu/arm/4.9.3/bin/../lib/gcc/arm-none-eabi/4.9.3/armv6-m\libgcc.a(_udivdi3.o)
                                  0x8 (size before relaxing)
                0x00002c54                __exidx_end = .

.rodata         0x00002c54      0x51c
 *(.rodata .rodata.* .gnu.linkonce.r.*)
 .rodata.str1.4
                0x00002c54       0x32 .\CortexM0\ARM_GCC_493\Debug\display.o
                                 0x34 (size before relaxing)
 *fill*         0x00002c86        0x2 
 .rodata.str1.4
                0x00002c88       0x49 .\CortexM0\ARM_GCC_493\Debug\network.o
                                 0x4c (size before relaxing)
 *fill*         0x00002cd1        0x3 
 .rodata.str1.4
                0x00002cd4       0x3e .\CortexM0\ARM_GCC_493\Debug\svt.o
                                 0x40 (size before relaxing)
 *fill*         0x00002d12        0x2 
 .rodata        0x00002d14       0x20 .\CortexM0\ARM_GCC_493\Debug\ntp.o
 .rodata.str1.4
                0x00002d34       0x28 .\CortexM0\ARM_GCC_493\Debug\main.o
 .rodata        0x00002d5c      0x310 .\CortexM0\ARM_GCC_493\Debug\debug_ntp.a(cyfitter_cfg.o)
 .rodata        0x0000306c       0x24 .\CortexM0\ARM_GCC_493\Debug\debug_ntp.a(RTC.o)
                0x0000306c                RTC_daysBeforeMonthTbl
                0x00003084                RTC_daysInMonthTbl
 .rodata        0x00003090       0x40 .\CortexM0\ARM_GCC_493\Debug\debug_ntp.a(LCD_CustChars.o)
                0x00003090                LCD_customFonts
 .rodata        0x000030d0       0x30 .\CortexM0\ARM_GCC_493\Debug\debug_ntp.a(CyLib.o)
                0x000030d0                cyImoFreqMhz2Reg
 .rodata.str1.1
                0x00003100        0x2 c:/program files (x86)/cypress/psoc creator/4.0/psoc creator/import/gnu/arm/4.9.3/bin/../lib/gcc/arm-none-eabi/4.9.3/../../../../arm-none-eabi/lib/armv6-m\libg_nano.a(lib_a-impure.o)
 .rodata.str1.1
                0x00003102       0x11 c:/program files (x86)/cypress/psoc creator/4.0/psoc creator/import/gnu/arm/4.9.3/bin/../lib/gcc/arm-none-eabi/4.9.3/../../../../arm-none-eabi/lib/armv6-m\libg_nano.a(lib_a-nano-svfprintf.o)
 .rodata.str1.1
                0x00003113       0x22 c:/program files (x86)/cypress/psoc creator/4.0/psoc creator/import/gnu/arm/4.9.3/bin/../lib/gcc/arm-none-eabi/4.9.3/../../../../arm-none-eabi/lib/armv6-m\libg_nano.a(lib_a-nano-vfprintf_i.o)
                0x00003138                . = ALIGN (0x4)
 *fill*         0x00003135        0x3 
 *(.init)
 .init          0x00003138        0x4 c:/program files (x86)/cypress/psoc creator/4.0/psoc creator/import/gnu/arm/4.9.3/bin/../lib/gcc/arm-none-eabi/4.9.3/armv6-m/crti.o
                0x00003138                _init
 .init          0x0000313c        0x8 c:/program files (x86)/cypress/psoc creator/4.0/psoc creator/import/gnu/arm/4.9.3/bin/../lib/gcc/arm-none-eabi/4.9.3/armv6-m/crtn.o
                0x00003144                . = ALIGN (0x4)
                0x00003144                __preinit_array_start = .
 *(.preinit_array)
                0x00003144                __preinit_array_end = .
                0x00003144                . = ALIGN (0x4)
                0x00003144                __init_array_start = .
 *(SORT(.init_array.*))
 *(.init_array)
 .init_array    0x00003144        0x4 c:/program files (x86)/cypress/psoc creator/4.0/psoc creator/import/gnu/arm/4.9.3/bin/../lib/gcc/arm-none-eabi/4.9.3/armv6-m/crtbegin.o
 .init_array    0x00003148        0x4 .\CortexM0\ARM_GCC_493\Debug\Cm0Start.o
                0x0000314c                __init_array_end = .
                0x0000314c                . = ALIGN (0x4)
 *(.fini)
 .fini          0x0000314c        0x4 c:/program files (x86)/cypress/psoc creator/4.0/psoc creator/import/gnu/arm/4.9.3/bin/../lib/gcc/arm-none-eabi/4.9.3/armv6-m/crti.o
                0x0000314c                _fini
 .fini          0x00003150        0x8 c:/program files (x86)/cypress/psoc creator/4.0/psoc creator/import/gnu/arm/4.9.3/bin/../lib/gcc/arm-none-eabi/4.9.3/armv6-m/crtn.o
                0x00003158                . = ALIGN (0x4)
                0x00003158                __fini_array_start = .
 *(.fini_array)
 .fini_array    0x00003158        0x4 c:/program files (x86)/cypress/psoc creator/4.0/psoc creator/import/gnu/arm/4.9.3/bin/../lib/gcc/arm-none-eabi/4.9.3/armv6-m/crtbegin.o
 *(SORT(.fini_array.*))
                0x0000315c                __fini_array_end = .
                0x0000315c                . = ALIGN (0x4)
 *crtbegin.o(.ctors)
 *(EXCLUDE_FILE(*crtend.o) .ctors)
 *(SORT(.ctors.*))
 *crtend.o(.ctors)
                0x0000315c                . = ALIGN (0x4)
 *crtbegin.o(.dtors)
 *(EXCLUDE_FILE(*crtend.o) .dtors)
 *(SORT(.dtors.*))
 *crtend.o(.dtors)
                0x0000315c                . = ALIGN (0x4)
                0x0000315c                __cy_regions = .
                0x0000315c        0x4 LONG 0x3170 __cy_region_init_ram
                0x00003160        0x4 LONG 0x200000c8 __cy_region_start_data
                0x00003164        0x4 LONG 0x98 __cy_region_init_size_ram
                0x00003168        0x4 LONG 0x838 __cy_region_zero_size_ram
                0x0000316c                __cy_regions_end = .
                0x00003170                . = ALIGN (0x8)
 *fill*         0x0000316c        0x4 
                0x00003170                _etext = .

.cy_checksum_exclude
                0x00003170        0x0
 *(.cy_checksum_exclude)

.ramvectors     0x20000000       0xc0
                0x20000000                __cy_region_start_ram = .
 *(.ramvectors)
 .ramvectors    0x20000000       0xc0 .\CortexM0\ARM_GCC_493\Debug\Cm0Start.o
                0x20000000                CyRamVectors

.noinit         0x200000c0        0x4
 *(.noinit)
 .noinit        0x200000c0        0x4 .\CortexM0\ARM_GCC_493\Debug\Cm0Start.o

.data           0x200000c8       0x98 load address 0x00003170
                0x200000c8                __cy_region_start_data = .
 *(.jcr)
 .jcr           0x200000c8        0x0 c:/program files (x86)/cypress/psoc creator/4.0/psoc creator/import/gnu/arm/4.9.3/bin/../lib/gcc/arm-none-eabi/4.9.3/armv6-m/crtbegin.o
 .jcr           0x200000c8        0x4 c:/program files (x86)/cypress/psoc creator/4.0/psoc creator/import/gnu/arm/4.9.3/bin/../lib/gcc/arm-none-eabi/4.9.3/armv6-m/crtend.o
 *(.got.plt)
 *(.got)
 *(.shdata)
 *(.data .data.* .gnu.linkonce.d.*)
 .data          0x200000cc        0x4 .\CortexM0\ARM_GCC_493\Debug\Cm0Start.o
 .data          0x200000d0       0x14 .\CortexM0\ARM_GCC_493\Debug\debug_ntp.a(CyLib.o)
                0x200000d0                CySysClkPumpConfig
                0x200000d4                cydelay32kMs
                0x200000d8                cydelayFreqKhz
                0x200000dc                cydelayFreqMhz
                0x200000e0                cydelayFreqHz
 .data          0x200000e4        0x8 .\CortexM0\ARM_GCC_493\Debug\debug_ntp.a(CyLFClk.o)
 .data          0x200000ec        0xc .\CortexM0\ARM_GCC_493\Debug\debug_ntp.a(SW_uartDebug.o)
                0x200000ec                SW_uartDebug_pinDrAdress
                0x200000f0                SW_uartDebug_pinPortNumber
                0x200000f4                SW_uartDebug_pinNumber
 .data.impure_data
                0x200000f8       0x60 c:/program files (x86)/cypress/psoc creator/4.0/psoc creator/import/gnu/arm/4.9.3/bin/../lib/gcc/arm-none-eabi/4.9.3/../../../../arm-none-eabi/lib/armv6-m\libg_nano.a(lib_a-impure.o)
 .data._impure_ptr
                0x20000158        0x4 c:/program files (x86)/cypress/psoc creator/4.0/psoc creator/import/gnu/arm/4.9.3/bin/../lib/gcc/arm-none-eabi/4.9.3/../../../../arm-none-eabi/lib/armv6-m\libg_nano.a(lib_a-impure.o)
                0x20000158                _impure_ptr
                0x20000160                . = ALIGN (0x8)
 *fill*         0x2000015c        0x4 
 *(.ram)
                0x20000160                _edata = .

.igot.plt       0x20000160        0x0 load address 0x00003208
 .igot.plt      0x00000000        0x0 c:/program files (x86)/cypress/psoc creator/4.0/psoc creator/import/gnu/arm/4.9.3/bin/../lib/gcc/arm-none-eabi/4.9.3/armv6-m/crtbegin.o

.bss            0x20000160      0x838 load address 0x00003208
                0x20000160                PROVIDE (__bss_start__, .)
 *(.shbss)
 *(.bss .bss.* .gnu.linkonce.b.*)
 .bss           0x20000160       0x1c c:/program files (x86)/cypress/psoc creator/4.0/psoc creator/import/gnu/arm/4.9.3/bin/../lib/gcc/arm-none-eabi/4.9.3/armv6-m/crtbegin.o
 .bss           0x2000017c       0x64 .\CortexM0\ARM_GCC_493\Debug\display.o
 .bss           0x200001e0      0x404 .\CortexM0\ARM_GCC_493\Debug\crc32.o
 .bss           0x200005e4        0xc .\CortexM0\ARM_GCC_493\Debug\network.o
                0x200005ec                flagStartSendPacket
                0x200005ed                pointerMas
                0x200005ee                flagFinSendPacket
                0x200005ef                onNtpSync
 .bss           0x200005f0        0x1 .\CortexM0\ARM_GCC_493\Debug\ntp.o
                0x200005f0                NTP_STATE
 *fill*         0x200005f1        0x7 
 .bss           0x200005f8       0x10 .\CortexM0\ARM_GCC_493\Debug\RTC_WDT.o
 .bss           0x20000608       0x10 .\CortexM0\ARM_GCC_493\Debug\debug_ntp.a(RTC.o)
 .bss           0x20000618        0xc .\CortexM0\ARM_GCC_493\Debug\debug_ntp.a(UART_XB.o)
                0x20000618                UART_XB_initVar
                0x2000061c                UART_XB_customIntrHandler
                0x20000620                UART_XB_IntrTxMask
 .bss           0x20000624        0x2 .\CortexM0\ARM_GCC_493\Debug\debug_ntp.a(LCD.o)
                0x20000624                LCD_enableState
                0x20000625                LCD_initVar
 *fill*         0x20000626        0x2 
 .bss           0x20000628       0x28 .\CortexM0\ARM_GCC_493\Debug\debug_ntp.a(CyLFClk.o)
 .bss           0x20000650        0x9 .\CortexM0\ARM_GCC_493\Debug\debug_ntp.a(UART_XB2.o)
                0x20000650                UART_XB2_errorStatus
                0x20000651                UART_XB2_initVar
                0x20000652                UART_XB2_rxBufferRead
                0x20000653                UART_XB2_rxBufferWrite
                0x20000654                UART_XB2_rxBufferLoopDetect
                0x20000655                UART_XB2_rxBufferOverflow
                0x20000656                UART_XB2_txBufferRead
                0x20000657                UART_XB2_txBufferWrite
 *fill*         0x20000659        0x3 
 .bss.__malloc_sbrk_start
                0x2000065c        0x4 c:/program files (x86)/cypress/psoc creator/4.0/psoc creator/import/gnu/arm/4.9.3/bin/../lib/gcc/arm-none-eabi/4.9.3/../../../../arm-none-eabi/lib/armv6-m\libg_nano.a(lib_a-nano-mallocr.o)
                0x2000065c                __malloc_sbrk_start
 .bss.__malloc_free_list
                0x20000660        0x4 c:/program files (x86)/cypress/psoc creator/4.0/psoc creator/import/gnu/arm/4.9.3/bin/../lib/gcc/arm-none-eabi/4.9.3/../../../../arm-none-eabi/lib/armv6-m\libg_nano.a(lib_a-nano-mallocr.o)
                0x20000660                __malloc_free_list
 *(COMMON)
 *fill*         0x20000664        0x4 
 COMMON         0x20000668      0x150 .\CortexM0\ARM_GCC_493\Debug\network.o
                0x20000668                IDreceivePacket
                0x2000066c                mas
                0x20000688                outData
                0x200006a0                recvDataNTP
                0x200006b4                ntpFlagReadyForReceive
                0x200006b8                inData
                0x200006d0                unixTime
                0x200006e0                resultReceive
                0x200006e4                ntpFlagEndReceivePacket
                0x200006e8                millisTime
                0x200006f0                uartBuff
                0x20000754                previousData
 COMMON         0x200007b8        0x4 .\CortexM0\ARM_GCC_493\Debug\ntp.o
                0x200007b8                NtpLenChS
                0x200007b9                NtpLenMsD1
                0x200007ba                NtpLenId
                0x200007bb                NtpLenD1
 COMMON         0x200007bc        0x4 .\CortexM0\ARM_GCC_493\Debug\main.o
                0x200007bc                result
 COMMON         0x200007c0       0x28 .\CortexM0\ARM_GCC_493\Debug\debug_ntp.a(RTC.o)
                0x200007c0                RTC_initVar
                0x200007c4                RTC_currentTimeDate
                0x200007d4                RTC_alarmCurStatus
                0x200007d8                RTC_dstStatus
                0x200007e0                RTC_unixTime
 COMMON         0x200007e8       0xe0 .\CortexM0\ARM_GCC_493\Debug\debug_ntp.a(UART_XB_SPI_UART.o)
                0x200007e8                UART_XB_rxBufferTail
                0x200007ec                UART_XB_rxBufferOverflow
                0x200007f0                UART_XB_txBufferHead
                0x200007f4                UART_XB_txBufferInternal
                0x20000858                UART_XB_rxBufferInternal
                0x200008c0                UART_XB_rxBufferHead
                0x200008c4                UART_XB_txBufferTail
 COMMON         0x200008c8       0xc8 .\CortexM0\ARM_GCC_493\Debug\debug_ntp.a(UART_XB2.o)
                0x200008c8                UART_XB2_txBuffer
                0x2000092c                UART_XB2_rxBuffer
 COMMON         0x20000990        0x4 c:/program files (x86)/cypress/psoc creator/4.0/psoc creator/import/gnu/arm/4.9.3/bin/../lib/gcc/arm-none-eabi/4.9.3/../../../../arm-none-eabi/lib/armv6-m\libg_nano.a(lib_a-reent.o)
                0x20000990                errno
                0x20000998                . = ALIGN (0x8)
 *fill*         0x20000994        0x4 
 *(.ram.b)
                0x20000998                _end = .
                0x20000998                __end = .
                0x20000998                PROVIDE (end, .)
                0x20000998                PROVIDE (__bss_end__, .)
                0x00003170                __cy_region_init_ram = LOADADDR (.data)
                0x00000098                __cy_region_init_size_ram = (_edata - ADDR (.data))
                0x00000838                __cy_region_zero_size_ram = (_end - _edata)

.heap           0x20000998       0x80 load address 0x00003208
                0x20000998                . = _end
                0x20000a18                . = (. + 0x80)
 *fill*         0x20000998       0x80 
                0x20000a18                __cy_heap_limit = .

.stack          0x20003800      0x800
                0x20003800                __cy_stack_limit = .
                0x20004000                . = (. + 0x800)
 *fill*         0x20003800      0x800 
                0x00000001                ASSERT ((__cy_stack_limit >= __cy_heap_limit), region RAM overflowed with stack)
                0x00000000                cy_checksum_exclude_size = (CY_APPL_LOADABLE == 0x1)?SIZEOF (.cy_checksum_exclude):0x0
                0x00000001                ASSERT ((cy_checksum_exclude_size <= CY_CHECKSUM_EXCLUDE_SIZE), CY_BOOT: Section .cy_checksum_exclude size exceedes specified limit.)
                0x0001ffc0                cyloadermeta_start = (cy_project_type_bootloader || cy_project_type_app_for_stack_and_copier)?(0x20000 - CY_METADATA_SIZE):0xf0000000

.cyloadermeta
 *(.cyloadermeta)
                0x0001ffc0                cyloadablemeta_start = cy_project_type_app_for_stack_and_copier?((0x20000 - CY_FLASH_ROW_SIZE) - CY_METADATA_SIZE):((0x20000 - (CY_FLASH_ROW_SIZE * (CY_APPL_NUM - 0x1))) - CY_METADATA_SIZE)

.cyloadablemeta
 *(.cyloadablemeta)

.cyflashprotect
                0x90400000       0x80
 *(.cyflashprotect)
 .cyflashprotect
                0x90400000       0x80 .\CortexM0\ARM_GCC_493\Debug\cymetadata.o
                0x90400000                cy_meta_flashprotect

.cymeta         0x90500000        0xc
 *(.cymeta)
 .cymeta        0x90500000        0xc .\CortexM0\ARM_GCC_493\Debug\cymetadata.o
                0x90500000                cy_metadata

.cychipprotect  0x90600000        0x4
 *(.cychipprotect)
 .cychipprotect
                0x90600000        0x4 .\CortexM0\ARM_GCC_493\Debug\cymetadata.o
                0x90600000                cy_meta_chipprotect

.rel.dyn        0x00003208        0x0 load address 0x90600004
 .rel.iplt      0x00000000        0x0 c:/program files (x86)/cypress/psoc creator/4.0/psoc creator/import/gnu/arm/4.9.3/bin/../lib/gcc/arm-none-eabi/4.9.3/armv6-m/crtbegin.o

.stab
 *(.stab)

.stabstr
 *(.stabstr)

.debug
 *(.debug)

.line
 *(.line)

.debug_srcinfo
 *(.debug_srcinfo)

.debug_sfnames
 *(.debug_sfnames)

.debug_aranges  0x00000000      0xc28
 *(.debug_aranges)
 .debug_aranges
                0x00000000       0x48 .\CortexM0\ARM_GCC_493\Debug\display.o
 .debug_aranges
                0x00000048       0x38 .\CortexM0\ARM_GCC_493\Debug\crc32.o
 .debug_aranges
                0x00000080       0x58 .\CortexM0\ARM_GCC_493\Debug\network.o
 .debug_aranges
                0x000000d8       0x40 .\CortexM0\ARM_GCC_493\Debug\svt.o
 .debug_aranges
                0x00000118       0x38 .\CortexM0\ARM_GCC_493\Debug\ntp.o
 .debug_aranges
                0x00000150       0x68 .\CortexM0\ARM_GCC_493\Debug\RTC_WDT.o
 .debug_aranges
                0x000001b8       0x30 .\CortexM0\ARM_GCC_493\Debug\main.o
 .debug_aranges
                0x000001e8       0x18 .\CortexM0\ARM_GCC_493\Debug\cymetadata.o
 .debug_aranges
                0x00000200       0x48 .\CortexM0\ARM_GCC_493\Debug\Cm0Start.o
 .debug_aranges
                0x00000248       0x48 .\CortexM0\ARM_GCC_493\Debug\debug_ntp.a(cyfitter_cfg.o)
 .debug_aranges
                0x00000290       0xc0 .\CortexM0\ARM_GCC_493\Debug\debug_ntp.a(RTC.o)
 .debug_aranges
                0x00000350       0x68 .\CortexM0\ARM_GCC_493\Debug\debug_ntp.a(UART_XB.o)
 .debug_aranges
                0x000003b8       0x60 .\CortexM0\ARM_GCC_493\Debug\debug_ntp.a(UART_XB_SPI_UART.o)
 .debug_aranges
                0x00000418       0x88 .\CortexM0\ARM_GCC_493\Debug\debug_ntp.a(UART_XB_UART.o)
 .debug_aranges
                0x000004a0       0x98 .\CortexM0\ARM_GCC_493\Debug\debug_ntp.a(LCD.o)
 .debug_aranges
                0x00000538       0x20 .\CortexM0\ARM_GCC_493\Debug\debug_ntp.a(LCD_CustChars.o)
 .debug_aranges
                0x00000558      0x1b0 .\CortexM0\ARM_GCC_493\Debug\debug_ntp.a(CyLib.o)
 .debug_aranges
                0x00000708      0x188 .\CortexM0\ARM_GCC_493\Debug\debug_ntp.a(CyLFClk.o)
 .debug_aranges
                0x00000890       0x48 .\CortexM0\ARM_GCC_493\Debug\debug_ntp.a(debug.o)
 .debug_aranges
                0x000008d8       0x48 .\CortexM0\ARM_GCC_493\Debug\debug_ntp.a(pinDebugNtp.o)
 .debug_aranges
                0x00000920       0x80 .\CortexM0\ARM_GCC_493\Debug\debug_ntp.a(isr_tx.o)
 .debug_aranges
                0x000009a0       0x80 .\CortexM0\ARM_GCC_493\Debug\debug_ntp.a(isr_rx.o)
 .debug_aranges
                0x00000a20       0xf0 .\CortexM0\ARM_GCC_493\Debug\debug_ntp.a(UART_XB2.o)
 .debug_aranges
                0x00000b10       0x28 .\CortexM0\ARM_GCC_493\Debug\debug_ntp.a(UART_XB2_INT.o)
 .debug_aranges
                0x00000b38       0x40 .\CortexM0\ARM_GCC_493\Debug\debug_ntp.a(UART_XB2_IntClock.o)
 .debug_aranges
                0x00000b78       0x50 .\CortexM0\ARM_GCC_493\Debug\debug_ntp.a(SW_uartDebug.o)
 .debug_aranges
                0x00000bc8       0x20 .\CortexM0\ARM_GCC_493\Debug\debug_ntp.a(CyBootAsmGnu.o)
 .debug_aranges
                0x00000be8       0x20 .\CortexM0\ARM_GCC_493\Debug\debug_ntp.a(SW_uartDebug_AsmGnu.o)
 .debug_aranges
                0x00000c08       0x20 .\CortexM0\ARM_GCC_493\Debug\debug_ntp.a(UART_XB_SPI_UART_INT.o)

.debug_pubnames
 *(.debug_pubnames)

.debug_info     0x00000000     0x8c6f
 *(.debug_info .gnu.linkonce.wi.*)
 .debug_info    0x00000000      0x4df .\CortexM0\ARM_GCC_493\Debug\display.o
 .debug_info    0x000004df      0x244 .\CortexM0\ARM_GCC_493\Debug\crc32.o
 .debug_info    0x00000723      0xbe0 .\CortexM0\ARM_GCC_493\Debug\network.o
 .debug_info    0x00001303      0x819 .\CortexM0\ARM_GCC_493\Debug\svt.o
 .debug_info    0x00001b1c      0x36f .\CortexM0\ARM_GCC_493\Debug\ntp.o
 .debug_info    0x00001e8b      0x578 .\CortexM0\ARM_GCC_493\Debug\RTC_WDT.o
 .debug_info    0x00002403      0x26b .\CortexM0\ARM_GCC_493\Debug\main.o
 .debug_info    0x0000266e       0xfe .\CortexM0\ARM_GCC_493\Debug\cymetadata.o
 .debug_info    0x0000276c      0x39a .\CortexM0\ARM_GCC_493\Debug\Cm0Start.o
 .debug_info    0x00002b06      0x620 .\CortexM0\ARM_GCC_493\Debug\debug_ntp.a(cyfitter_cfg.o)
 .debug_info    0x00003126      0xfd3 .\CortexM0\ARM_GCC_493\Debug\debug_ntp.a(RTC.o)
 .debug_info    0x000040f9      0x2e4 .\CortexM0\ARM_GCC_493\Debug\debug_ntp.a(UART_XB.o)
 .debug_info    0x000043dd      0x373 .\CortexM0\ARM_GCC_493\Debug\debug_ntp.a(UART_XB_SPI_UART.o)
 .debug_info    0x00004750      0x48a .\CortexM0\ARM_GCC_493\Debug\debug_ntp.a(UART_XB_UART.o)
 .debug_info    0x00004bda      0x76f .\CortexM0\ARM_GCC_493\Debug\debug_ntp.a(LCD.o)
 .debug_info    0x00005349      0x15d .\CortexM0\ARM_GCC_493\Debug\debug_ntp.a(LCD_CustChars.o)
 .debug_info    0x000054a6      0xbdb .\CortexM0\ARM_GCC_493\Debug\debug_ntp.a(CyLib.o)
 .debug_info    0x00006081     0x106f .\CortexM0\ARM_GCC_493\Debug\debug_ntp.a(CyLFClk.o)
 .debug_info    0x000070f0      0x19d .\CortexM0\ARM_GCC_493\Debug\debug_ntp.a(debug.o)
 .debug_info    0x0000728d      0x19d .\CortexM0\ARM_GCC_493\Debug\debug_ntp.a(pinDebugNtp.o)
 .debug_info    0x0000742a      0x300 .\CortexM0\ARM_GCC_493\Debug\debug_ntp.a(isr_tx.o)
 .debug_info    0x0000772a      0x300 .\CortexM0\ARM_GCC_493\Debug\debug_ntp.a(isr_rx.o)
 .debug_info    0x00007a2a      0x9a2 .\CortexM0\ARM_GCC_493\Debug\debug_ntp.a(UART_XB2.o)
 .debug_info    0x000083cc      0x17f .\CortexM0\ARM_GCC_493\Debug\debug_ntp.a(UART_XB2_INT.o)
 .debug_info    0x0000854b      0x166 .\CortexM0\ARM_GCC_493\Debug\debug_ntp.a(UART_XB2_IntClock.o)
 .debug_info    0x000086b1      0x2c6 .\CortexM0\ARM_GCC_493\Debug\debug_ntp.a(SW_uartDebug.o)
 .debug_info    0x00008977       0xb9 .\CortexM0\ARM_GCC_493\Debug\debug_ntp.a(CyBootAsmGnu.o)
 .debug_info    0x00008a30       0xc0 .\CortexM0\ARM_GCC_493\Debug\debug_ntp.a(SW_uartDebug_AsmGnu.o)
 .debug_info    0x00008af0      0x17f .\CortexM0\ARM_GCC_493\Debug\debug_ntp.a(UART_XB_SPI_UART_INT.o)

.debug_abbrev   0x00000000     0x284a
 *(.debug_abbrev)
 .debug_abbrev  0x00000000      0x1a1 .\CortexM0\ARM_GCC_493\Debug\display.o
 .debug_abbrev  0x000001a1       0xf3 .\CortexM0\ARM_GCC_493\Debug\crc32.o
 .debug_abbrev  0x00000294      0x29b .\CortexM0\ARM_GCC_493\Debug\network.o
 .debug_abbrev  0x0000052f      0x217 .\CortexM0\ARM_GCC_493\Debug\svt.o
 .debug_abbrev  0x00000746      0x144 .\CortexM0\ARM_GCC_493\Debug\ntp.o
 .debug_abbrev  0x0000088a      0x218 .\CortexM0\ARM_GCC_493\Debug\RTC_WDT.o
 .debug_abbrev  0x00000aa2      0x136 .\CortexM0\ARM_GCC_493\Debug\main.o
 .debug_abbrev  0x00000bd8       0x5d .\CortexM0\ARM_GCC_493\Debug\cymetadata.o
 .debug_abbrev  0x00000c35      0x1e6 .\CortexM0\ARM_GCC_493\Debug\Cm0Start.o
 .debug_abbrev  0x00000e1b      0x237 .\CortexM0\ARM_GCC_493\Debug\debug_ntp.a(cyfitter_cfg.o)
 .debug_abbrev  0x00001052      0x2b2 .\CortexM0\ARM_GCC_493\Debug\debug_ntp.a(RTC.o)
 .debug_abbrev  0x00001304      0x143 .\CortexM0\ARM_GCC_493\Debug\debug_ntp.a(UART_XB.o)
 .debug_abbrev  0x00001447      0x182 .\CortexM0\ARM_GCC_493\Debug\debug_ntp.a(UART_XB_SPI_UART.o)
 .debug_abbrev  0x000015c9      0x17d .\CortexM0\ARM_GCC_493\Debug\debug_ntp.a(UART_XB_UART.o)
 .debug_abbrev  0x00001746      0x18b .\CortexM0\ARM_GCC_493\Debug\debug_ntp.a(LCD.o)
 .debug_abbrev  0x000018d1      0x10d .\CortexM0\ARM_GCC_493\Debug\debug_ntp.a(LCD_CustChars.o)
 .debug_abbrev  0x000019de      0x20d .\CortexM0\ARM_GCC_493\Debug\debug_ntp.a(CyLib.o)
 .debug_abbrev  0x00001beb      0x273 .\CortexM0\ARM_GCC_493\Debug\debug_ntp.a(CyLFClk.o)
 .debug_abbrev  0x00001e5e       0xc8 .\CortexM0\ARM_GCC_493\Debug\debug_ntp.a(debug.o)
 .debug_abbrev  0x00001f26       0xc8 .\CortexM0\ARM_GCC_493\Debug\debug_ntp.a(pinDebugNtp.o)
 .debug_abbrev  0x00001fee      0x1b4 .\CortexM0\ARM_GCC_493\Debug\debug_ntp.a(isr_tx.o)
 .debug_abbrev  0x000021a2      0x1b4 .\CortexM0\ARM_GCC_493\Debug\debug_ntp.a(isr_rx.o)
 .debug_abbrev  0x00002356      0x1c9 .\CortexM0\ARM_GCC_493\Debug\debug_ntp.a(UART_XB2.o)
 .debug_abbrev  0x0000251f       0xa2 .\CortexM0\ARM_GCC_493\Debug\debug_ntp.a(UART_XB2_INT.o)
 .debug_abbrev  0x000025c1       0xb7 .\CortexM0\ARM_GCC_493\Debug\debug_ntp.a(UART_XB2_IntClock.o)
 .debug_abbrev  0x00002678      0x110 .\CortexM0\ARM_GCC_493\Debug\debug_ntp.a(SW_uartDebug.o)
 .debug_abbrev  0x00002788       0x14 .\CortexM0\ARM_GCC_493\Debug\debug_ntp.a(CyBootAsmGnu.o)
 .debug_abbrev  0x0000279c       0x14 .\CortexM0\ARM_GCC_493\Debug\debug_ntp.a(SW_uartDebug_AsmGnu.o)
 .debug_abbrev  0x000027b0       0x9a .\CortexM0\ARM_GCC_493\Debug\debug_ntp.a(UART_XB_SPI_UART_INT.o)

.debug_line     0x00000000     0x3665
 *(.debug_line)
 .debug_line    0x00000000      0x1fd .\CortexM0\ARM_GCC_493\Debug\display.o
 .debug_line    0x000001fd      0x1ac .\CortexM0\ARM_GCC_493\Debug\crc32.o
 .debug_line    0x000003a9      0x341 .\CortexM0\ARM_GCC_493\Debug\network.o
 .debug_line    0x000006ea      0x31b .\CortexM0\ARM_GCC_493\Debug\svt.o
 .debug_line    0x00000a05      0x1ff .\CortexM0\ARM_GCC_493\Debug\ntp.o
 .debug_line    0x00000c04      0x253 .\CortexM0\ARM_GCC_493\Debug\RTC_WDT.o
 .debug_line    0x00000e57      0x1ef .\CortexM0\ARM_GCC_493\Debug\main.o
 .debug_line    0x00001046       0x51 .\CortexM0\ARM_GCC_493\Debug\cymetadata.o
 .debug_line    0x00001097      0x24f .\CortexM0\ARM_GCC_493\Debug\Cm0Start.o
 .debug_line    0x000012e6      0x1d6 .\CortexM0\ARM_GCC_493\Debug\debug_ntp.a(cyfitter_cfg.o)
 .debug_line    0x000014bc      0x45b .\CortexM0\ARM_GCC_493\Debug\debug_ntp.a(RTC.o)
 .debug_line    0x00001917      0x142 .\CortexM0\ARM_GCC_493\Debug\debug_ntp.a(UART_XB.o)
 .debug_line    0x00001a59      0x155 .\CortexM0\ARM_GCC_493\Debug\debug_ntp.a(UART_XB_SPI_UART.o)
 .debug_line    0x00001bae      0x1e2 .\CortexM0\ARM_GCC_493\Debug\debug_ntp.a(UART_XB_UART.o)
 .debug_line    0x00001d90      0x1f0 .\CortexM0\ARM_GCC_493\Debug\debug_ntp.a(LCD.o)
 .debug_line    0x00001f80       0x84 .\CortexM0\ARM_GCC_493\Debug\debug_ntp.a(LCD_CustChars.o)
 .debug_line    0x00002004      0x4cd .\CortexM0\ARM_GCC_493\Debug\debug_ntp.a(CyLib.o)
 .debug_line    0x000024d1      0x5dc .\CortexM0\ARM_GCC_493\Debug\debug_ntp.a(CyLFClk.o)
 .debug_line    0x00002aad       0xbd .\CortexM0\ARM_GCC_493\Debug\debug_ntp.a(debug.o)
 .debug_line    0x00002b6a       0xc3 .\CortexM0\ARM_GCC_493\Debug\debug_ntp.a(pinDebugNtp.o)
 .debug_line    0x00002c2d      0x152 .\CortexM0\ARM_GCC_493\Debug\debug_ntp.a(isr_tx.o)
 .debug_line    0x00002d7f      0x152 .\CortexM0\ARM_GCC_493\Debug\debug_ntp.a(isr_rx.o)
 .debug_line    0x00002ed1      0x361 .\CortexM0\ARM_GCC_493\Debug\debug_ntp.a(UART_XB2.o)
 .debug_line    0x00003232       0xaf .\CortexM0\ARM_GCC_493\Debug\debug_ntp.a(UART_XB2_INT.o)
 .debug_line    0x000032e1       0xc6 .\CortexM0\ARM_GCC_493\Debug\debug_ntp.a(UART_XB2_IntClock.o)
 .debug_line    0x000033a7       0xfa .\CortexM0\ARM_GCC_493\Debug\debug_ntp.a(SW_uartDebug.o)
 .debug_line    0x000034a1       0x68 .\CortexM0\ARM_GCC_493\Debug\debug_ntp.a(CyBootAsmGnu.o)
 .debug_line    0x00003509       0xa5 .\CortexM0\ARM_GCC_493\Debug\debug_ntp.a(SW_uartDebug_AsmGnu.o)
 .debug_line    0x000035ae       0xb7 .\CortexM0\ARM_GCC_493\Debug\debug_ntp.a(UART_XB_SPI_UART_INT.o)

.debug_frame    0x00000000     0x22a8
 *(.debug_frame)
 .debug_frame   0x00000000       0xb8 .\CortexM0\ARM_GCC_493\Debug\display.o
 .debug_frame   0x000000b8       0x7c .\CortexM0\ARM_GCC_493\Debug\crc32.o
 .debug_frame   0x00000134      0x10c .\CortexM0\ARM_GCC_493\Debug\network.o
 .debug_frame   0x00000240       0x90 .\CortexM0\ARM_GCC_493\Debug\svt.o
 .debug_frame   0x000002d0       0x60 .\CortexM0\ARM_GCC_493\Debug\ntp.o
 .debug_frame   0x00000330      0x118 .\CortexM0\ARM_GCC_493\Debug\RTC_WDT.o
 .debug_frame   0x00000448       0x58 .\CortexM0\ARM_GCC_493\Debug\main.o
 .debug_frame   0x000004a0       0xbc .\CortexM0\ARM_GCC_493\Debug\Cm0Start.o
 .debug_frame   0x0000055c       0xbc .\CortexM0\ARM_GCC_493\Debug\debug_ntp.a(cyfitter_cfg.o)
 .debug_frame   0x00000618      0x288 .\CortexM0\ARM_GCC_493\Debug\debug_ntp.a(RTC.o)
 .debug_frame   0x000008a0      0x104 .\CortexM0\ARM_GCC_493\Debug\debug_ntp.a(UART_XB.o)
 .debug_frame   0x000009a4       0xc8 .\CortexM0\ARM_GCC_493\Debug\debug_ntp.a(UART_XB_SPI_UART.o)
 .debug_frame   0x00000a6c      0x134 .\CortexM0\ARM_GCC_493\Debug\debug_ntp.a(UART_XB_UART.o)
 .debug_frame   0x00000ba0      0x1f0 .\CortexM0\ARM_GCC_493\Debug\debug_ntp.a(LCD.o)
 .debug_frame   0x00000d90       0x30 .\CortexM0\ARM_GCC_493\Debug\debug_ntp.a(LCD_CustChars.o)
 .debug_frame   0x00000dc0      0x444 .\CortexM0\ARM_GCC_493\Debug\debug_ntp.a(CyLib.o)
 .debug_frame   0x00001204      0x4a8 .\CortexM0\ARM_GCC_493\Debug\debug_ntp.a(CyLFClk.o)
 .debug_frame   0x000016ac       0x70 .\CortexM0\ARM_GCC_493\Debug\debug_ntp.a(debug.o)
 .debug_frame   0x0000171c       0x70 .\CortexM0\ARM_GCC_493\Debug\debug_ntp.a(pinDebugNtp.o)
 .debug_frame   0x0000178c      0x110 .\CortexM0\ARM_GCC_493\Debug\debug_ntp.a(isr_tx.o)
 .debug_frame   0x0000189c      0x110 .\CortexM0\ARM_GCC_493\Debug\debug_ntp.a(isr_rx.o)
 .debug_frame   0x000019ac      0x290 .\CortexM0\ARM_GCC_493\Debug\debug_ntp.a(UART_XB2.o)
 .debug_frame   0x00001c3c       0x30 .\CortexM0\ARM_GCC_493\Debug\debug_ntp.a(UART_XB2_INT.o)
 .debug_frame   0x00001c6c       0x6c .\CortexM0\ARM_GCC_493\Debug\debug_ntp.a(UART_XB2_IntClock.o)
 .debug_frame   0x00001cd8       0xc8 .\CortexM0\ARM_GCC_493\Debug\debug_ntp.a(SW_uartDebug.o)
 .debug_frame   0x00001da0       0x2c .\CortexM0\ARM_GCC_493\Debug\debug_ntp.a(UART_XB_SPI_UART_INT.o)
 .debug_frame   0x00001dcc       0x20 c:/program files (x86)/cypress/psoc creator/4.0/psoc creator/import/gnu/arm/4.9.3/bin/../lib/gcc/arm-none-eabi/4.9.3/armv6-m\libgcc.a(_udivsi3.o)
 .debug_frame   0x00001dec       0x20 c:/program files (x86)/cypress/psoc creator/4.0/psoc creator/import/gnu/arm/4.9.3/bin/../lib/gcc/arm-none-eabi/4.9.3/armv6-m\libgcc.a(_divsi3.o)
 .debug_frame   0x00001e0c       0x50 c:/program files (x86)/cypress/psoc creator/4.0/psoc creator/import/gnu/arm/4.9.3/bin/../lib/gcc/arm-none-eabi/4.9.3/armv6-m\libgcc.a(bpabi.o)
 .debug_frame   0x00001e5c       0x34 c:/program files (x86)/cypress/psoc creator/4.0/psoc creator/import/gnu/arm/4.9.3/bin/../lib/gcc/arm-none-eabi/4.9.3/armv6-m\libgcc.a(_muldi3.o)
 .debug_frame   0x00001e90       0x3c c:/program files (x86)/cypress/psoc creator/4.0/psoc creator/import/gnu/arm/4.9.3/bin/../lib/gcc/arm-none-eabi/4.9.3/armv6-m\libgcc.a(_divdi3.o)
 .debug_frame   0x00001ecc       0x3c c:/program files (x86)/cypress/psoc creator/4.0/psoc creator/import/gnu/arm/4.9.3/bin/../lib/gcc/arm-none-eabi/4.9.3/armv6-m\libgcc.a(_udivdi3.o)
 .debug_frame   0x00001f08       0x20 c:/program files (x86)/cypress/psoc creator/4.0/psoc creator/import/gnu/arm/4.9.3/bin/../lib/gcc/arm-none-eabi/4.9.3/../../../../arm-none-eabi/lib/armv6-m\libg_nano.a(lib_a-errno.o)
 .debug_frame   0x00001f28       0x28 c:/program files (x86)/cypress/psoc creator/4.0/psoc creator/import/gnu/arm/4.9.3/bin/../lib/gcc/arm-none-eabi/4.9.3/../../../../arm-none-eabi/lib/armv6-m\libg_nano.a(lib_a-exit.o)
 .debug_frame   0x00001f50       0x2c c:/program files (x86)/cypress/psoc creator/4.0/psoc creator/import/gnu/arm/4.9.3/bin/../lib/gcc/arm-none-eabi/4.9.3/../../../../arm-none-eabi/lib/armv6-m\libg_nano.a(lib_a-init.o)
 .debug_frame   0x00001f7c       0x28 c:/program files (x86)/cypress/psoc creator/4.0/psoc creator/import/gnu/arm/4.9.3/bin/../lib/gcc/arm-none-eabi/4.9.3/../../../../arm-none-eabi/lib/armv6-m\libg_nano.a(lib_a-memcpy.o)
 .debug_frame   0x00001fa4       0x20 c:/program files (x86)/cypress/psoc creator/4.0/psoc creator/import/gnu/arm/4.9.3/bin/../lib/gcc/arm-none-eabi/4.9.3/../../../../arm-none-eabi/lib/armv6-m\libg_nano.a(lib_a-memset.o)
 .debug_frame   0x00001fc4       0x50 c:/program files (x86)/cypress/psoc creator/4.0/psoc creator/import/gnu/arm/4.9.3/bin/../lib/gcc/arm-none-eabi/4.9.3/../../../../arm-none-eabi/lib/armv6-m\libg_nano.a(lib_a-sprintf.o)
 .debug_frame   0x00002014       0x28 c:/program files (x86)/cypress/psoc creator/4.0/psoc creator/import/gnu/arm/4.9.3/bin/../lib/gcc/arm-none-eabi/4.9.3/../../../../arm-none-eabi/lib/armv6-m\libg_nano.a(lib_a-strcat.o)
 .debug_frame   0x0000203c       0x20 c:/program files (x86)/cypress/psoc creator/4.0/psoc creator/import/gnu/arm/4.9.3/bin/../lib/gcc/arm-none-eabi/4.9.3/../../../../arm-none-eabi/lib/armv6-m\libg_nano.a(lib_a-strcpy.o)
 .debug_frame   0x0000205c       0x20 c:/program files (x86)/cypress/psoc creator/4.0/psoc creator/import/gnu/arm/4.9.3/bin/../lib/gcc/arm-none-eabi/4.9.3/../../../../arm-none-eabi/lib/armv6-m\libg_nano.a(lib_a-strlen.o)
 .debug_frame   0x0000207c       0x74 c:/program files (x86)/cypress/psoc creator/4.0/psoc creator/import/gnu/arm/4.9.3/bin/../lib/gcc/arm-none-eabi/4.9.3/../../../../arm-none-eabi/lib/armv6-m\libg_nano.a(lib_a-nano-svfprintf.o)
 .debug_frame   0x000020f0       0x54 c:/program files (x86)/cypress/psoc creator/4.0/psoc creator/import/gnu/arm/4.9.3/bin/../lib/gcc/arm-none-eabi/4.9.3/../../../../arm-none-eabi/lib/armv6-m\libg_nano.a(lib_a-nano-vfprintf_i.o)
 .debug_frame   0x00002144       0x20 c:/program files (x86)/cypress/psoc creator/4.0/psoc creator/import/gnu/arm/4.9.3/bin/../lib/gcc/arm-none-eabi/4.9.3/../../../../arm-none-eabi/lib/armv6-m\libg_nano.a(lib_a-memchr.o)
 .debug_frame   0x00002164       0x28 c:/program files (x86)/cypress/psoc creator/4.0/psoc creator/import/gnu/arm/4.9.3/bin/../lib/gcc/arm-none-eabi/4.9.3/../../../../arm-none-eabi/lib/armv6-m\libg_nano.a(lib_a-memmove.o)
 .debug_frame   0x0000218c       0x2c c:/program files (x86)/cypress/psoc creator/4.0/psoc creator/import/gnu/arm/4.9.3/bin/../lib/gcc/arm-none-eabi/4.9.3/../../../../arm-none-eabi/lib/armv6-m\libg_nano.a(lib_a-nano-freer.o)
 .debug_frame   0x000021b8       0x2c c:/program files (x86)/cypress/psoc creator/4.0/psoc creator/import/gnu/arm/4.9.3/bin/../lib/gcc/arm-none-eabi/4.9.3/../../../../arm-none-eabi/lib/armv6-m\libg_nano.a(lib_a-nano-mallocr.o)
 .debug_frame   0x000021e4       0x30 c:/program files (x86)/cypress/psoc creator/4.0/psoc creator/import/gnu/arm/4.9.3/bin/../lib/gcc/arm-none-eabi/4.9.3/../../../../arm-none-eabi/lib/armv6-m\libg_nano.a(lib_a-nano-reallocr.o)
 .debug_frame   0x00002214       0x2c c:/program files (x86)/cypress/psoc creator/4.0/psoc creator/import/gnu/arm/4.9.3/bin/../lib/gcc/arm-none-eabi/4.9.3/../../../../arm-none-eabi/lib/armv6-m\libg_nano.a(lib_a-sbrkr.o)
 .debug_frame   0x00002240       0x20 c:/program files (x86)/cypress/psoc creator/4.0/psoc creator/import/gnu/arm/4.9.3/bin/../lib/gcc/arm-none-eabi/4.9.3/../../../../arm-none-eabi/lib/armv6-m\libg_nano.a(lib_a-nano-msizer.o)
 .debug_frame   0x00002260       0x48 c:/program files (x86)/cypress/psoc creator/4.0/psoc creator/import/gnu/arm/4.9.3/bin/../lib/gcc/arm-none-eabi/4.9.3/../../../../arm-none-eabi/lib/armv6-m\libg_nano.a(lib_a-reent.o)

.debug_str      0x00000000     0x2d67
 *(.debug_str)
 .debug_str     0x00000000      0x2c1 .\CortexM0\ARM_GCC_493\Debug\display.o
                                0x315 (size before relaxing)
 .debug_str     0x000002c1       0xda .\CortexM0\ARM_GCC_493\Debug\crc32.o
                                0x21b (size before relaxing)
 .debug_str     0x0000039b      0x3db .\CortexM0\ARM_GCC_493\Debug\network.o
                                0x5ff (size before relaxing)
 .debug_str     0x00000776       0xf5 .\CortexM0\ARM_GCC_493\Debug\svt.o
                                0x3ed (size before relaxing)
 .debug_str     0x0000086b      0x147 .\CortexM0\ARM_GCC_493\Debug\ntp.o
                                0x358 (size before relaxing)
 .debug_str     0x000009b2      0x131 .\CortexM0\ARM_GCC_493\Debug\RTC_WDT.o
                                0x395 (size before relaxing)
 .debug_str     0x00000ae3       0x56 .\CortexM0\ARM_GCC_493\Debug\main.o
                                0x264 (size before relaxing)
 .debug_str     0x00000b39       0x59 .\CortexM0\ARM_GCC_493\Debug\cymetadata.o
                                0x1f7 (size before relaxing)
 .debug_str     0x00000b92      0x141 .\CortexM0\ARM_GCC_493\Debug\Cm0Start.o
                                0x31e (size before relaxing)
 .debug_str     0x00000cd3      0x1ce .\CortexM0\ARM_GCC_493\Debug\debug_ntp.a(cyfitter_cfg.o)
                                0x3ca (size before relaxing)
 .debug_str     0x00000ea1      0x360 .\CortexM0\ARM_GCC_493\Debug\debug_ntp.a(RTC.o)
                                0x5e9 (size before relaxing)
 .debug_str     0x00001201      0x172 .\CortexM0\ARM_GCC_493\Debug\debug_ntp.a(UART_XB.o)
                                0x360 (size before relaxing)
 .debug_str     0x00001373      0x1ab .\CortexM0\ARM_GCC_493\Debug\debug_ntp.a(UART_XB_SPI_UART.o)
                                0x3d1 (size before relaxing)
 .debug_str     0x0000151e      0x164 .\CortexM0\ARM_GCC_493\Debug\debug_ntp.a(UART_XB_UART.o)
                                0x49d (size before relaxing)
 .debug_str     0x00001682      0x15d .\CortexM0\ARM_GCC_493\Debug\debug_ntp.a(LCD.o)
                                0x36d (size before relaxing)
 .debug_str     0x000017df       0x32 .\CortexM0\ARM_GCC_493\Debug\debug_ntp.a(LCD_CustChars.o)
                                0x227 (size before relaxing)
 .debug_str     0x00001811      0x4c0 .\CortexM0\ARM_GCC_493\Debug\debug_ntp.a(CyLib.o)
                                0x758 (size before relaxing)
 .debug_str     0x00001cd1      0x6c8 .\CortexM0\ARM_GCC_493\Debug\debug_ntp.a(CyLFClk.o)
                                0x955 (size before relaxing)
 .debug_str     0x00002399       0x9f .\CortexM0\ARM_GCC_493\Debug\debug_ntp.a(debug.o)
                                0x25f (size before relaxing)
 .debug_str     0x00002438       0x9f .\CortexM0\ARM_GCC_493\Debug\debug_ntp.a(pinDebugNtp.o)
                                0x289 (size before relaxing)
 .debug_str     0x000024d7       0xf4 .\CortexM0\ARM_GCC_493\Debug\debug_ntp.a(isr_tx.o)
                                0x315 (size before relaxing)
 .debug_str     0x000025cb       0xe5 .\CortexM0\ARM_GCC_493\Debug\debug_ntp.a(isr_rx.o)
                                0x315 (size before relaxing)
 .debug_str     0x000026b0      0x406 .\CortexM0\ARM_GCC_493\Debug\debug_ntp.a(UART_XB2.o)
                                0x699 (size before relaxing)
 .debug_str     0x00002ab6       0x5f .\CortexM0\ARM_GCC_493\Debug\debug_ntp.a(UART_XB2_INT.o)
                                0x2d6 (size before relaxing)
 .debug_str     0x00002b15       0xe2 .\CortexM0\ARM_GCC_493\Debug\debug_ntp.a(UART_XB2_IntClock.o)
                                0x2bc (size before relaxing)
 .debug_str     0x00002bf7      0x12d .\CortexM0\ARM_GCC_493\Debug\debug_ntp.a(SW_uartDebug.o)
                                0x328 (size before relaxing)
 .debug_str     0x00002d24       0x43 .\CortexM0\ARM_GCC_493\Debug\debug_ntp.a(UART_XB_SPI_UART_INT.o)
                                0x2c4 (size before relaxing)

.debug_loc      0x00000000     0x491f
 *(.debug_loc)
 .debug_loc     0x00000000      0x139 .\CortexM0\ARM_GCC_493\Debug\display.o
 .debug_loc     0x00000139      0x216 .\CortexM0\ARM_GCC_493\Debug\crc32.o
 .debug_loc     0x0000034f      0x2b3 .\CortexM0\ARM_GCC_493\Debug\network.o
 .debug_loc     0x00000602      0x411 .\CortexM0\ARM_GCC_493\Debug\svt.o
 .debug_loc     0x00000a13      0x25f .\CortexM0\ARM_GCC_493\Debug\ntp.o
 .debug_loc     0x00000c72      0x236 .\CortexM0\ARM_GCC_493\Debug\RTC_WDT.o
 .debug_loc     0x00000ea8      0x14f .\CortexM0\ARM_GCC_493\Debug\Cm0Start.o
 .debug_loc     0x00000ff7      0x1fe .\CortexM0\ARM_GCC_493\Debug\debug_ntp.a(cyfitter_cfg.o)
 .debug_loc     0x000011f5     0x13ee .\CortexM0\ARM_GCC_493\Debug\debug_ntp.a(RTC.o)
 .debug_loc     0x000025e3       0x7e .\CortexM0\ARM_GCC_493\Debug\debug_ntp.a(UART_XB.o)
 .debug_loc     0x00002661      0x170 .\CortexM0\ARM_GCC_493\Debug\debug_ntp.a(UART_XB_SPI_UART.o)
 .debug_loc     0x000027d1      0x1bd .\CortexM0\ARM_GCC_493\Debug\debug_ntp.a(UART_XB_UART.o)
 .debug_loc     0x0000298e      0x3e3 .\CortexM0\ARM_GCC_493\Debug\debug_ntp.a(LCD.o)
 .debug_loc     0x00002d71       0x56 .\CortexM0\ARM_GCC_493\Debug\debug_ntp.a(LCD_CustChars.o)
 .debug_loc     0x00002dc7      0x53e .\CortexM0\ARM_GCC_493\Debug\debug_ntp.a(CyLib.o)
 .debug_loc     0x00003305      0xdb4 .\CortexM0\ARM_GCC_493\Debug\debug_ntp.a(CyLFClk.o)
 .debug_loc     0x000040b9       0xa2 .\CortexM0\ARM_GCC_493\Debug\debug_ntp.a(debug.o)
 .debug_loc     0x0000415b       0xa2 .\CortexM0\ARM_GCC_493\Debug\debug_ntp.a(pinDebugNtp.o)
 .debug_loc     0x000041fd       0x82 .\CortexM0\ARM_GCC_493\Debug\debug_ntp.a(isr_tx.o)
 .debug_loc     0x0000427f       0x82 .\CortexM0\ARM_GCC_493\Debug\debug_ntp.a(isr_rx.o)
 .debug_loc     0x00004301      0x3f9 .\CortexM0\ARM_GCC_493\Debug\debug_ntp.a(UART_XB2.o)
 .debug_loc     0x000046fa       0x45 .\CortexM0\ARM_GCC_493\Debug\debug_ntp.a(UART_XB2_INT.o)
 .debug_loc     0x0000473f       0x76 .\CortexM0\ARM_GCC_493\Debug\debug_ntp.a(UART_XB2_IntClock.o)
 .debug_loc     0x000047b5      0x12d .\CortexM0\ARM_GCC_493\Debug\debug_ntp.a(SW_uartDebug.o)
 .debug_loc     0x000048e2       0x3d .\CortexM0\ARM_GCC_493\Debug\debug_ntp.a(UART_XB_SPI_UART_INT.o)

.debug_macinfo
 *(.debug_macinfo)

.debug_ranges   0x00000000      0xa30
 *(.debug_ranges)
 .debug_ranges  0x00000000       0x38 .\CortexM0\ARM_GCC_493\Debug\display.o
 .debug_ranges  0x00000038       0x28 .\CortexM0\ARM_GCC_493\Debug\crc32.o
 .debug_ranges  0x00000060       0x48 .\CortexM0\ARM_GCC_493\Debug\network.o
 .debug_ranges  0x000000a8       0x30 .\CortexM0\ARM_GCC_493\Debug\svt.o
 .debug_ranges  0x000000d8       0x28 .\CortexM0\ARM_GCC_493\Debug\ntp.o
 .debug_ranges  0x00000100       0x58 .\CortexM0\ARM_GCC_493\Debug\RTC_WDT.o
 .debug_ranges  0x00000158       0x20 .\CortexM0\ARM_GCC_493\Debug\main.o
 .debug_ranges  0x00000178       0x38 .\CortexM0\ARM_GCC_493\Debug\Cm0Start.o
 .debug_ranges  0x000001b0       0x38 .\CortexM0\ARM_GCC_493\Debug\debug_ntp.a(cyfitter_cfg.o)
 .debug_ranges  0x000001e8       0xb0 .\CortexM0\ARM_GCC_493\Debug\debug_ntp.a(RTC.o)
 .debug_ranges  0x00000298       0x58 .\CortexM0\ARM_GCC_493\Debug\debug_ntp.a(UART_XB.o)
 .debug_ranges  0x000002f0       0x50 .\CortexM0\ARM_GCC_493\Debug\debug_ntp.a(UART_XB_SPI_UART.o)
 .debug_ranges  0x00000340       0x78 .\CortexM0\ARM_GCC_493\Debug\debug_ntp.a(UART_XB_UART.o)
 .debug_ranges  0x000003b8       0x88 .\CortexM0\ARM_GCC_493\Debug\debug_ntp.a(LCD.o)
 .debug_ranges  0x00000440       0x10 .\CortexM0\ARM_GCC_493\Debug\debug_ntp.a(LCD_CustChars.o)
 .debug_ranges  0x00000450      0x1a0 .\CortexM0\ARM_GCC_493\Debug\debug_ntp.a(CyLib.o)
 .debug_ranges  0x000005f0      0x178 .\CortexM0\ARM_GCC_493\Debug\debug_ntp.a(CyLFClk.o)
 .debug_ranges  0x00000768       0x38 .\CortexM0\ARM_GCC_493\Debug\debug_ntp.a(debug.o)
 .debug_ranges  0x000007a0       0x38 .\CortexM0\ARM_GCC_493\Debug\debug_ntp.a(pinDebugNtp.o)
 .debug_ranges  0x000007d8       0x70 .\CortexM0\ARM_GCC_493\Debug\debug_ntp.a(isr_tx.o)
 .debug_ranges  0x00000848       0x70 .\CortexM0\ARM_GCC_493\Debug\debug_ntp.a(isr_rx.o)
 .debug_ranges  0x000008b8       0xe0 .\CortexM0\ARM_GCC_493\Debug\debug_ntp.a(UART_XB2.o)
 .debug_ranges  0x00000998       0x18 .\CortexM0\ARM_GCC_493\Debug\debug_ntp.a(UART_XB2_INT.o)
 .debug_ranges  0x000009b0       0x30 .\CortexM0\ARM_GCC_493\Debug\debug_ntp.a(UART_XB2_IntClock.o)
 .debug_ranges  0x000009e0       0x40 .\CortexM0\ARM_GCC_493\Debug\debug_ntp.a(SW_uartDebug.o)
 .debug_ranges  0x00000a20       0x10 .\CortexM0\ARM_GCC_493\Debug\debug_ntp.a(UART_XB_SPI_UART_INT.o)

.comment        0x00000000       0x70
 .comment       0x00000000       0x70 .\CortexM0\ARM_GCC_493\Debug\display.o
                                 0x71 (size before relaxing)
 .comment       0x00000000       0x71 .\CortexM0\ARM_GCC_493\Debug\crc32.o
 .comment       0x00000000       0x71 .\CortexM0\ARM_GCC_493\Debug\network.o
 .comment       0x00000000       0x71 .\CortexM0\ARM_GCC_493\Debug\svt.o
 .comment       0x00000000       0x71 .\CortexM0\ARM_GCC_493\Debug\ntp.o
 .comment       0x00000000       0x71 .\CortexM0\ARM_GCC_493\Debug\RTC_WDT.o
 .comment       0x00000000       0x71 .\CortexM0\ARM_GCC_493\Debug\main.o
 .comment       0x00000000       0x71 .\CortexM0\ARM_GCC_493\Debug\cymetadata.o
 .comment       0x00000000       0x71 .\CortexM0\ARM_GCC_493\Debug\Cm0Start.o
 .comment       0x00000000       0x71 .\CortexM0\ARM_GCC_493\Debug\debug_ntp.a(cyfitter_cfg.o)
 .comment       0x00000000       0x71 .\CortexM0\ARM_GCC_493\Debug\debug_ntp.a(RTC.o)
 .comment       0x00000000       0x71 .\CortexM0\ARM_GCC_493\Debug\debug_ntp.a(UART_XB.o)
 .comment       0x00000000       0x71 .\CortexM0\ARM_GCC_493\Debug\debug_ntp.a(UART_XB_SPI_UART.o)
 .comment       0x00000000       0x71 .\CortexM0\ARM_GCC_493\Debug\debug_ntp.a(UART_XB_UART.o)
 .comment       0x00000000       0x71 .\CortexM0\ARM_GCC_493\Debug\debug_ntp.a(LCD.o)
 .comment       0x00000000       0x71 .\CortexM0\ARM_GCC_493\Debug\debug_ntp.a(LCD_CustChars.o)
 .comment       0x00000000       0x71 .\CortexM0\ARM_GCC_493\Debug\debug_ntp.a(CyLib.o)
 .comment       0x00000000       0x71 .\CortexM0\ARM_GCC_493\Debug\debug_ntp.a(CyLFClk.o)
 .comment       0x00000000       0x71 .\CortexM0\ARM_GCC_493\Debug\debug_ntp.a(debug.o)
 .comment       0x00000000       0x71 .\CortexM0\ARM_GCC_493\Debug\debug_ntp.a(pinDebugNtp.o)
 .comment       0x00000000       0x71 .\CortexM0\ARM_GCC_493\Debug\debug_ntp.a(isr_tx.o)
 .comment       0x00000000       0x71 .\CortexM0\ARM_GCC_493\Debug\debug_ntp.a(isr_rx.o)
 .comment       0x00000000       0x71 .\CortexM0\ARM_GCC_493\Debug\debug_ntp.a(UART_XB2.o)
 .comment       0x00000000       0x71 .\CortexM0\ARM_GCC_493\Debug\debug_ntp.a(UART_XB2_INT.o)
 .comment       0x00000000       0x71 .\CortexM0\ARM_GCC_493\Debug\debug_ntp.a(UART_XB2_IntClock.o)
 .comment       0x00000000       0x71 .\CortexM0\ARM_GCC_493\Debug\debug_ntp.a(SW_uartDebug.o)
 .comment       0x00000000       0x71 .\CortexM0\ARM_GCC_493\Debug\debug_ntp.a(UART_XB_SPI_UART_INT.o)

.debug_weaknames
 *(.debug_weaknames)

.debug_funcnames
 *(.debug_funcnames)

.debug_typenames
 *(.debug_typenames)

.debug_varnames
 *(.debug_varnames)

.note.gnu.arm.ident
 *(.note.gnu.arm.ident)

.ARM.attributes
                0x00000000       0x28
 *(.ARM.attributes)
 .ARM.attributes
                0x00000000       0x1e c:/program files (x86)/cypress/psoc creator/4.0/psoc creator/import/gnu/arm/4.9.3/bin/../lib/gcc/arm-none-eabi/4.9.3/armv6-m/crti.o
 .ARM.attributes
                0x0000001e       0x2c c:/program files (x86)/cypress/psoc creator/4.0/psoc creator/import/gnu/arm/4.9.3/bin/../lib/gcc/arm-none-eabi/4.9.3/armv6-m/crtbegin.o
 .ARM.attributes
                0x0000004a       0x1b c:/program files (x86)/cypress/psoc creator/4.0/psoc creator/import/gnu/arm/4.9.3/bin/../lib/gcc/arm-none-eabi/4.9.3/../../../../arm-none-eabi/lib/armv6-m/crt0.o
 .ARM.attributes
                0x00000065       0x31 .\CortexM0\ARM_GCC_493\Debug\display.o
 .ARM.attributes
                0x00000096       0x31 .\CortexM0\ARM_GCC_493\Debug\crc32.o
 .ARM.attributes
                0x000000c7       0x31 .\CortexM0\ARM_GCC_493\Debug\network.o
 .ARM.attributes
                0x000000f8       0x31 .\CortexM0\ARM_GCC_493\Debug\svt.o
 .ARM.attributes
                0x00000129       0x31 .\CortexM0\ARM_GCC_493\Debug\ntp.o
 .ARM.attributes
                0x0000015a       0x31 .\CortexM0\ARM_GCC_493\Debug\RTC_WDT.o
 .ARM.attributes
                0x0000018b       0x31 .\CortexM0\ARM_GCC_493\Debug\main.o
 .ARM.attributes
                0x000001bc       0x31 .\CortexM0\ARM_GCC_493\Debug\cymetadata.o
 .ARM.attributes
                0x000001ed       0x31 .\CortexM0\ARM_GCC_493\Debug\Cm0Start.o
 .ARM.attributes
                0x0000021e       0x31 .\CortexM0\ARM_GCC_493\Debug\debug_ntp.a(cyfitter_cfg.o)
 .ARM.attributes
                0x0000024f       0x31 .\CortexM0\ARM_GCC_493\Debug\debug_ntp.a(RTC.o)
 .ARM.attributes
                0x00000280       0x31 .\CortexM0\ARM_GCC_493\Debug\debug_ntp.a(UART_XB.o)
 .ARM.attributes
                0x000002b1       0x31 .\CortexM0\ARM_GCC_493\Debug\debug_ntp.a(UART_XB_SPI_UART.o)
 .ARM.attributes
                0x000002e2       0x31 .\CortexM0\ARM_GCC_493\Debug\debug_ntp.a(UART_XB_UART.o)
 .ARM.attributes
                0x00000313       0x31 .\CortexM0\ARM_GCC_493\Debug\debug_ntp.a(LCD.o)
 .ARM.attributes
                0x00000344       0x31 .\CortexM0\ARM_GCC_493\Debug\debug_ntp.a(LCD_CustChars.o)
 .ARM.attributes
                0x00000375       0x31 .\CortexM0\ARM_GCC_493\Debug\debug_ntp.a(CyLib.o)
 .ARM.attributes
                0x000003a6       0x31 .\CortexM0\ARM_GCC_493\Debug\debug_ntp.a(CyLFClk.o)
 .ARM.attributes
                0x000003d7       0x31 .\CortexM0\ARM_GCC_493\Debug\debug_ntp.a(debug.o)
 .ARM.attributes
                0x00000408       0x31 .\CortexM0\ARM_GCC_493\Debug\debug_ntp.a(pinDebugNtp.o)
 .ARM.attributes
                0x00000439       0x31 .\CortexM0\ARM_GCC_493\Debug\debug_ntp.a(isr_tx.o)
 .ARM.attributes
                0x0000046a       0x31 .\CortexM0\ARM_GCC_493\Debug\debug_ntp.a(isr_rx.o)
 .ARM.attributes
                0x0000049b       0x31 .\CortexM0\ARM_GCC_493\Debug\debug_ntp.a(UART_XB2.o)
 .ARM.attributes
                0x000004cc       0x31 .\CortexM0\ARM_GCC_493\Debug\debug_ntp.a(UART_XB2_INT.o)
 .ARM.attributes
                0x000004fd       0x31 .\CortexM0\ARM_GCC_493\Debug\debug_ntp.a(UART_XB2_IntClock.o)
 .ARM.attributes
                0x0000052e       0x31 .\CortexM0\ARM_GCC_493\Debug\debug_ntp.a(SW_uartDebug.o)
 .ARM.attributes
                0x0000055f       0x21 .\CortexM0\ARM_GCC_493\Debug\debug_ntp.a(CyBootAsmGnu.o)
 .ARM.attributes
                0x00000580       0x21 .\CortexM0\ARM_GCC_493\Debug\debug_ntp.a(SW_uartDebug_AsmGnu.o)
 .ARM.attributes
                0x000005a1       0x31 .\CortexM0\ARM_GCC_493\Debug\debug_ntp.a(UART_XB_SPI_UART_INT.o)
 .ARM.attributes
                0x000005d2       0x1e c:/program files (x86)/cypress/psoc creator/4.0/psoc creator/import/gnu/arm/4.9.3/bin/../lib/gcc/arm-none-eabi/4.9.3/armv6-m\libgcc.a(_udivsi3.o)
 .ARM.attributes
                0x000005f0       0x1e c:/program files (x86)/cypress/psoc creator/4.0/psoc creator/import/gnu/arm/4.9.3/bin/../lib/gcc/arm-none-eabi/4.9.3/armv6-m\libgcc.a(_divsi3.o)
 .ARM.attributes
                0x0000060e       0x1e c:/program files (x86)/cypress/psoc creator/4.0/psoc creator/import/gnu/arm/4.9.3/bin/../lib/gcc/arm-none-eabi/4.9.3/armv6-m\libgcc.a(_dvmd_tls.o)
 .ARM.attributes
                0x0000062c       0x1e c:/program files (x86)/cypress/psoc creator/4.0/psoc creator/import/gnu/arm/4.9.3/bin/../lib/gcc/arm-none-eabi/4.9.3/armv6-m\libgcc.a(_aeabi_uldivmod.o)
 .ARM.attributes
                0x0000064a       0x2c c:/program files (x86)/cypress/psoc creator/4.0/psoc creator/import/gnu/arm/4.9.3/bin/../lib/gcc/arm-none-eabi/4.9.3/armv6-m\libgcc.a(bpabi.o)
 .ARM.attributes
                0x00000676       0x2c c:/program files (x86)/cypress/psoc creator/4.0/psoc creator/import/gnu/arm/4.9.3/bin/../lib/gcc/arm-none-eabi/4.9.3/armv6-m\libgcc.a(_muldi3.o)
 .ARM.attributes
                0x000006a2       0x2c c:/program files (x86)/cypress/psoc creator/4.0/psoc creator/import/gnu/arm/4.9.3/bin/../lib/gcc/arm-none-eabi/4.9.3/armv6-m\libgcc.a(_divdi3.o)
 .ARM.attributes
                0x000006ce       0x2c c:/program files (x86)/cypress/psoc creator/4.0/psoc creator/import/gnu/arm/4.9.3/bin/../lib/gcc/arm-none-eabi/4.9.3/armv6-m\libgcc.a(_udivdi3.o)
 .ARM.attributes
                0x000006fa       0x1e c:/program files (x86)/cypress/psoc creator/4.0/psoc creator/import/gnu/arm/4.9.3/bin/../lib/gcc/arm-none-eabi/4.9.3/armv6-m\libgcc.a(_clzdi2.o)
 .ARM.attributes
                0x00000718       0x1e c:/program files (x86)/cypress/psoc creator/4.0/psoc creator/import/gnu/arm/4.9.3/bin/../lib/gcc/arm-none-eabi/4.9.3/armv6-m\libgcc.a(_clzsi2.o)
 .ARM.attributes
                0x00000736       0x2c c:/program files (x86)/cypress/psoc creator/4.0/psoc creator/import/gnu/arm/4.9.3/bin/../lib/gcc/arm-none-eabi/4.9.3/../../../../arm-none-eabi/lib/armv6-m\libg_nano.a(lib_a-errno.o)
 .ARM.attributes
                0x00000762       0x2c c:/program files (x86)/cypress/psoc creator/4.0/psoc creator/import/gnu/arm/4.9.3/bin/../lib/gcc/arm-none-eabi/4.9.3/../../../../arm-none-eabi/lib/armv6-m\libg_nano.a(lib_a-exit.o)
 .ARM.attributes
                0x0000078e       0x2c c:/program files (x86)/cypress/psoc creator/4.0/psoc creator/import/gnu/arm/4.9.3/bin/../lib/gcc/arm-none-eabi/4.9.3/../../../../arm-none-eabi/lib/armv6-m\libg_nano.a(lib_a-impure.o)
 .ARM.attributes
                0x000007ba       0x2c c:/program files (x86)/cypress/psoc creator/4.0/psoc creator/import/gnu/arm/4.9.3/bin/../lib/gcc/arm-none-eabi/4.9.3/../../../../arm-none-eabi/lib/armv6-m\libg_nano.a(lib_a-init.o)
 .ARM.attributes
                0x000007e6       0x2c c:/program files (x86)/cypress/psoc creator/4.0/psoc creator/import/gnu/arm/4.9.3/bin/../lib/gcc/arm-none-eabi/4.9.3/../../../../arm-none-eabi/lib/armv6-m\libg_nano.a(lib_a-memcpy.o)
 .ARM.attributes
                0x00000812       0x2c c:/program files (x86)/cypress/psoc creator/4.0/psoc creator/import/gnu/arm/4.9.3/bin/../lib/gcc/arm-none-eabi/4.9.3/../../../../arm-none-eabi/lib/armv6-m\libg_nano.a(lib_a-memset.o)
 .ARM.attributes
                0x0000083e       0x2c c:/program files (x86)/cypress/psoc creator/4.0/psoc creator/import/gnu/arm/4.9.3/bin/../lib/gcc/arm-none-eabi/4.9.3/../../../../arm-none-eabi/lib/armv6-m\libg_nano.a(lib_a-sprintf.o)
 .ARM.attributes
                0x0000086a       0x2c c:/program files (x86)/cypress/psoc creator/4.0/psoc creator/import/gnu/arm/4.9.3/bin/../lib/gcc/arm-none-eabi/4.9.3/../../../../arm-none-eabi/lib/armv6-m\libg_nano.a(lib_a-strcat.o)
 .ARM.attributes
                0x00000896       0x2c c:/program files (x86)/cypress/psoc creator/4.0/psoc creator/import/gnu/arm/4.9.3/bin/../lib/gcc/arm-none-eabi/4.9.3/../../../../arm-none-eabi/lib/armv6-m\libg_nano.a(lib_a-strcpy.o)
 .ARM.attributes
                0x000008c2       0x2c c:/program files (x86)/cypress/psoc creator/4.0/psoc creator/import/gnu/arm/4.9.3/bin/../lib/gcc/arm-none-eabi/4.9.3/../../../../arm-none-eabi/lib/armv6-m\libg_nano.a(lib_a-strlen.o)
 .ARM.attributes
                0x000008ee       0x2c c:/program files (x86)/cypress/psoc creator/4.0/psoc creator/import/gnu/arm/4.9.3/bin/../lib/gcc/arm-none-eabi/4.9.3/../../../../arm-none-eabi/lib/armv6-m\libg_nano.a(lib_a-nano-svfprintf.o)
 .ARM.attributes
                0x0000091a       0x2c c:/program files (x86)/cypress/psoc creator/4.0/psoc creator/import/gnu/arm/4.9.3/bin/../lib/gcc/arm-none-eabi/4.9.3/../../../../arm-none-eabi/lib/armv6-m\libg_nano.a(lib_a-nano-vfprintf_i.o)
 .ARM.attributes
                0x00000946       0x2c c:/program files (x86)/cypress/psoc creator/4.0/psoc creator/import/gnu/arm/4.9.3/bin/../lib/gcc/arm-none-eabi/4.9.3/../../../../arm-none-eabi/lib/armv6-m\libg_nano.a(lib_a-memchr.o)
 .ARM.attributes
                0x00000972       0x2c c:/program files (x86)/cypress/psoc creator/4.0/psoc creator/import/gnu/arm/4.9.3/bin/../lib/gcc/arm-none-eabi/4.9.3/../../../../arm-none-eabi/lib/armv6-m\libg_nano.a(lib_a-memmove.o)
 .ARM.attributes
                0x0000099e       0x2c c:/program files (x86)/cypress/psoc creator/4.0/psoc creator/import/gnu/arm/4.9.3/bin/../lib/gcc/arm-none-eabi/4.9.3/../../../../arm-none-eabi/lib/armv6-m\libg_nano.a(lib_a-nano-freer.o)
 .ARM.attributes
                0x000009ca       0x2c c:/program files (x86)/cypress/psoc creator/4.0/psoc creator/import/gnu/arm/4.9.3/bin/../lib/gcc/arm-none-eabi/4.9.3/../../../../arm-none-eabi/lib/armv6-m\libg_nano.a(lib_a-nano-mallocr.o)
 .ARM.attributes
                0x000009f6       0x2c c:/program files (x86)/cypress/psoc creator/4.0/psoc creator/import/gnu/arm/4.9.3/bin/../lib/gcc/arm-none-eabi/4.9.3/../../../../arm-none-eabi/lib/armv6-m\libg_nano.a(lib_a-nano-reallocr.o)
 .ARM.attributes
                0x00000a22       0x2c c:/program files (x86)/cypress/psoc creator/4.0/psoc creator/import/gnu/arm/4.9.3/bin/../lib/gcc/arm-none-eabi/4.9.3/../../../../arm-none-eabi/lib/armv6-m\libg_nano.a(lib_a-sbrkr.o)
 .ARM.attributes
                0x00000a4e       0x2c c:/program files (x86)/cypress/psoc creator/4.0/psoc creator/import/gnu/arm/4.9.3/bin/../lib/gcc/arm-none-eabi/4.9.3/../../../../arm-none-eabi/lib/armv6-m\libg_nano.a(lib_a-nano-msizer.o)
 .ARM.attributes
                0x00000a7a       0x2c c:/program files (x86)/cypress/psoc creator/4.0/psoc creator/import/gnu/arm/4.9.3/bin/../lib/gcc/arm-none-eabi/4.9.3/../../../../arm-none-eabi/lib/armv6-m\libg_nano.a(lib_a-reent.o)
 .ARM.attributes
                0x00000aa6       0x2c c:/program files (x86)/cypress/psoc creator/4.0/psoc creator/import/gnu/arm/4.9.3/bin/../lib/gcc/arm-none-eabi/4.9.3/armv6-m/crtend.o
 .ARM.attributes
                0x00000ad2       0x1e c:/program files (x86)/cypress/psoc creator/4.0/psoc creator/import/gnu/arm/4.9.3/bin/../lib/gcc/arm-none-eabi/4.9.3/armv6-m/crtn.o

/DISCARD/
 *(.note.GNU-stack)
OUTPUT(.\CortexM0\ARM_GCC_493\Debug\debug_ntp.elf elf32-littlearm)
