Archive member included because of file (symbol)

.\CortexM0\ARM_GCC_493\Debug\debug_ntp.a(cyfitter_cfg.o)
                              .\CortexM0\ARM_GCC_493\Debug\Cm0Start.o (cyfitter_cfg)
.\CortexM0\ARM_GCC_493\Debug\debug_ntp.a(RTC.o)
                              .\CortexM0\ARM_GCC_493\Debug\network.o (RTC_GetUnixTime)
.\CortexM0\ARM_GCC_493\Debug\debug_ntp.a(UART_XB.o)
                              .\CortexM0\ARM_GCC_493\Debug\network.o (UART_XB_Start)
.\CortexM0\ARM_GCC_493\Debug\debug_ntp.a(UART_XB_SPI_UART.o)
                              .\CortexM0\ARM_GCC_493\Debug\network.o (UART_XB_SpiUartGetRxBufferSize)
.\CortexM0\ARM_GCC_493\Debug\debug_ntp.a(UART_XB_UART.o)
                              .\CortexM0\ARM_GCC_493\Debug\debug_ntp.a(UART_XB.o) (UART_XB_UartInit)
.\CortexM0\ARM_GCC_493\Debug\debug_ntp.a(LCD.o)
                              .\CortexM0\ARM_GCC_493\Debug\display.o (LCD_PrintString)
.\CortexM0\ARM_GCC_493\Debug\debug_ntp.a(LCD_CustChars.o)
                              .\CortexM0\ARM_GCC_493\Debug\debug_ntp.a(LCD.o) (LCD_LoadCustomFonts)
.\CortexM0\ARM_GCC_493\Debug\debug_ntp.a(CyLib.o)
                              .\CortexM0\ARM_GCC_493\Debug\debug_ntp.a(cyfitter_cfg.o) (CySysClkWriteImoFreq)
.\CortexM0\ARM_GCC_493\Debug\debug_ntp.a(CyLFClk.o)
                              .\CortexM0\ARM_GCC_493\Debug\debug_ntp.a(cyfitter_cfg.o) (CySysClkWcoStart)
.\CortexM0\ARM_GCC_493\Debug\debug_ntp.a(debug.o)
                              .\CortexM0\ARM_GCC_493\Debug\RTC_WDT.o (debug_Write)
.\CortexM0\ARM_GCC_493\Debug\debug_ntp.a(pinDebugNtp.o)
                              .\CortexM0\ARM_GCC_493\Debug\network.o (pinDebugNtp_Write)
.\CortexM0\ARM_GCC_493\Debug\debug_ntp.a(uartDebug.o)
                              .\CortexM0\ARM_GCC_493\Debug\network.o (uartDebug_Start)
.\CortexM0\ARM_GCC_493\Debug\debug_ntp.a(uartDebug_UART.o)
                              .\CortexM0\ARM_GCC_493\Debug\debug_ntp.a(uartDebug.o) (uartDebug_UartInit)
.\CortexM0\ARM_GCC_493\Debug\debug_ntp.a(CyBootAsmGnu.o)
                              .\CortexM0\ARM_GCC_493\Debug\debug_ntp.a(cyfitter_cfg.o) (CyDelayCycles)
.\CortexM0\ARM_GCC_493\Debug\debug_ntp.a(UART_XB_SPI_UART_INT.o)
                              .\CortexM0\ARM_GCC_493\Debug\debug_ntp.a(UART_XB_UART.o) (UART_XB_SPI_UART_ISR)
.\CortexM0\ARM_GCC_493\Debug\debug_ntp.a(uartDebug_SPI_UART.o)
                              .\CortexM0\ARM_GCC_493\Debug\debug_ntp.a(uartDebug_UART.o) (uartDebug_SpiUartReadRxData)
c:/program files (x86)/cypress/psoc creator/4.0/psoc creator/import/gnu/arm/4.9.3/bin/../lib/gcc/arm-none-eabi/4.9.3/armv6-m\libgcc.a(_udivsi3.o)
                              .\CortexM0\ARM_GCC_493\Debug\debug_ntp.a(RTC.o) (__aeabi_uidiv)
c:/program files (x86)/cypress/psoc creator/4.0/psoc creator/import/gnu/arm/4.9.3/bin/../lib/gcc/arm-none-eabi/4.9.3/armv6-m\libgcc.a(_divsi3.o)
                              .\CortexM0\ARM_GCC_493\Debug\debug_ntp.a(CyLFClk.o) (__aeabi_idiv)
c:/program files (x86)/cypress/psoc creator/4.0/psoc creator/import/gnu/arm/4.9.3/bin/../lib/gcc/arm-none-eabi/4.9.3/armv6-m\libgcc.a(_dvmd_tls.o)
                              c:/program files (x86)/cypress/psoc creator/4.0/psoc creator/import/gnu/arm/4.9.3/bin/../lib/gcc/arm-none-eabi/4.9.3/armv6-m\libgcc.a(_udivsi3.o) (__aeabi_idiv0)
c:/program files (x86)/cypress/psoc creator/4.0/psoc creator/import/gnu/arm/4.9.3/bin/../lib/gcc/arm-none-eabi/4.9.3/armv6-m\libgcc.a(_aeabi_uldivmod.o)
                              .\CortexM0\ARM_GCC_493\Debug\RTC_WDT.o (__aeabi_uldivmod)
c:/program files (x86)/cypress/psoc creator/4.0/psoc creator/import/gnu/arm/4.9.3/bin/../lib/gcc/arm-none-eabi/4.9.3/armv6-m\libgcc.a(bpabi.o)
                              c:/program files (x86)/cypress/psoc creator/4.0/psoc creator/import/gnu/arm/4.9.3/bin/../lib/gcc/arm-none-eabi/4.9.3/armv6-m\libgcc.a(_aeabi_uldivmod.o) (__gnu_uldivmod_helper)
c:/program files (x86)/cypress/psoc creator/4.0/psoc creator/import/gnu/arm/4.9.3/bin/../lib/gcc/arm-none-eabi/4.9.3/armv6-m\libgcc.a(_muldi3.o)
                              c:/program files (x86)/cypress/psoc creator/4.0/psoc creator/import/gnu/arm/4.9.3/bin/../lib/gcc/arm-none-eabi/4.9.3/armv6-m\libgcc.a(bpabi.o) (__aeabi_lmul)
c:/program files (x86)/cypress/psoc creator/4.0/psoc creator/import/gnu/arm/4.9.3/bin/../lib/gcc/arm-none-eabi/4.9.3/armv6-m\libgcc.a(_divdi3.o)
                              c:/program files (x86)/cypress/psoc creator/4.0/psoc creator/import/gnu/arm/4.9.3/bin/../lib/gcc/arm-none-eabi/4.9.3/armv6-m\libgcc.a(bpabi.o) (__divdi3)
c:/program files (x86)/cypress/psoc creator/4.0/psoc creator/import/gnu/arm/4.9.3/bin/../lib/gcc/arm-none-eabi/4.9.3/armv6-m\libgcc.a(_udivdi3.o)
                              c:/program files (x86)/cypress/psoc creator/4.0/psoc creator/import/gnu/arm/4.9.3/bin/../lib/gcc/arm-none-eabi/4.9.3/armv6-m\libgcc.a(bpabi.o) (__udivdi3)
[...]
Memory Configuration

Name             Origin             Length             Attributes
rom              0x00000000         0x00020000         xr
ram              0x20000000         0x00004000         xrw
*default*        0x00000000         0xffffffff

Linker script and memory map

LOAD c:/program files (x86)/cypress/psoc creator/4.0/psoc creator/import/gnu/arm/4.9.3/bin/../lib/gcc/arm-none-eabi/4.9.3/armv6-m/crti.o
LOAD c:/program files (x86)/cypress/psoc creator/4.0/psoc creator/import/gnu/arm/4.9.3/bin/../lib/gcc/arm-none-eabi/4.9.3/armv6-m/crtbegin.o
LOAD c:/program files (x86)/cypress/psoc creator/4.0/psoc creator/import/gnu/arm/4.9.3/bin/../lib/gcc/arm-none-eabi/4.9.3/../../../../arm-none-eabi/lib/armv6-m/crt0.o
START GROUP
LOAD .\CortexM0\ARM_GCC_493\Debug\display.o
LOAD .\CortexM0\ARM_GCC_493\Debug\crc32.o
LOAD .\CortexM0\ARM_GCC_493\Debug\network.o
LOAD .\CortexM0\ARM_GCC_493\Debug\svt.o
LOAD .\CortexM0\ARM_GCC_493\Debug\ntp.o
LOAD .\CortexM0\ARM_GCC_493\Debug\RTC_WDT.o
LOAD .\CortexM0\ARM_GCC_493\Debug\main.o
LOAD .\CortexM0\ARM_GCC_493\Debug\cymetadata.o
LOAD .\CortexM0\ARM_GCC_493\Debug\Cm0Start.o
LOAD .\CortexM0\ARM_GCC_493\Debug\debug_ntp.a
LOAD C:\Program Files (x86)\Cypress\PSoC Creator\4.0\PSoC Creator\psoc\content\cycomponentlibrary\CyComponentLibrary.cylib\CortexM0\ARM_GCC_493\Debug\CyComponentLibrary.a
END GROUP
START GROUP
LOAD c:/program files (x86)/cypress/psoc creator/4.0/psoc creator/import/gnu/arm/4.9.3/bin/../lib/gcc/arm-none-eabi/4.9.3/armv6-m\libgcc.a
LOAD c:/program files (x86)/cypress/psoc creator/4.0/psoc creator/import/gnu/arm/4.9.3/bin/../lib/gcc/arm-none-eabi/4.9.3/../../../../arm-none-eabi/lib/armv6-m\libg_nano.a
LOAD c:/program files (x86)/cypress/psoc creator/4.0/psoc creator/import/gnu/arm/4.9.3/bin/../lib/gcc/arm-none-eabi/4.9.3/../../../../arm-none-eabi/lib/armv6-m\libc_nano.a
END GROUP
START GROUP
LOAD c:/program files (x86)/cypress/psoc creator/4.0/psoc creator/import/gnu/arm/4.9.3/bin/../lib/gcc/arm-none-eabi/4.9.3/armv6-m\libgcc.a
LOAD c:/program files (x86)/cypress/psoc creator/4.0/psoc creator/import/gnu/arm/4.9.3/bin/../lib/gcc/arm-none-eabi/4.9.3/../../../../arm-none-eabi/lib/armv6-m\libc_nano.a
END GROUP
LOAD c:/program files (x86)/cypress/psoc creator/4.0/psoc creator/import/gnu/arm/4.9.3/bin/../lib/gcc/arm-none-eabi/4.9.3/armv6-m/crtend.o
LOAD c:/program files (x86)/cypress/psoc creator/4.0/psoc creator/import/gnu/arm/4.9.3/bin/../lib/gcc/arm-none-eabi/4.9.3/armv6-m/crtn.o
START GROUP
LOAD c:/program files (x86)/cypress/psoc creator/4.0/psoc creator/import/gnu/arm/4.9.3/bin/../lib/gcc/arm-none-eabi/4.9.3/armv6-m\libgcc.a
LOAD c:/program files (x86)/cypress/psoc creator/4.0/psoc creator/import/gnu/arm/4.9.3/bin/../lib/gcc/arm-none-eabi/4.9.3/../../../../arm-none-eabi/lib/armv6-m\libc.a
LOAD c:/program files (x86)/cypress/psoc creator/4.0/psoc creator/import/gnu/arm/4.9.3/bin/../lib/gcc/arm-none-eabi/4.9.3/../../../../arm-none-eabi/lib/armv6-m\libnosys.a
END GROUP
                0x00000000                CY_APPL_ORIGIN = 0x0
                0x00000080                CY_FLASH_ROW_SIZE = 0x80
                0x00000001                CY_APPL_NUM = 0x1
                0x00000001                CY_APPL_MAX = 0x1
                0x00000040                CY_METADATA_SIZE = 0x40
                0x00000000                CY_APPL_LOADABLE = 0x0
                0x00000000                CY_CHECKSUM_EXCLUDE_SIZE = ALIGN (0x0, CY_FLASH_ROW_SIZE)
                0x00000000                CY_APP_FOR_STACK_AND_COPIER = 0x0
                0x20000870                PROVIDE (__cy_heap_start, _end)
                0x00000001                PROVIDE (__cy_region_num, ((__cy_regions_end - __cy_regions) / 0x10))
                0x20004000                PROVIDE (__cy_stack, (ORIGIN (ram) + 0x4000))
                0x20003800                PROVIDE (__cy_heap_end, (__cy_stack - 0x800))

.cybootloader   0x00000000        0x0
 *(.cybootloader)
                0x00000000                appl1_start = CY_APPL_ORIGIN?CY_APPL_ORIGIN:ALIGN (CY_FLASH_ROW_SIZE)
                0x0000ff80                appl2_start = (appl1_start + ALIGN ((((0x20000 - appl1_start) - (0x2 * CY_FLASH_ROW_SIZE)) / 0x2), CY_FLASH_ROW_SIZE))
                0x00000000                appl_start = (CY_APPL_NUM == 0x1)?appl1_start:appl2_start
                0x00000001                cy_project_type_bootloader = (appl_start == 0x0)?0x1:0x0
                0x00000000                cy_project_type_app_for_stack_and_copier = (CY_APP_FOR_STACK_AND_COPIER == 0x1)?0x1:0x0

.text           0x00000000     0x2aaa
 CREATE_OBJECT_SYMBOLS
                0x00000000                PROVIDE (__cy_interrupt_vector, RomVectors)
 *(.romvectors)
 .romvectors    0x00000000       0x10 .\CortexM0\ARM_GCC_493\Debug\Cm0Start.o
                0x00000000                RomVectors
                0x00000001                ASSERT ((. != __cy_interrupt_vector), No interrupt vector)
                0x00000001                ASSERT (CY_APPL_ORIGIN?(SIZEOF (.cybootloader) <= CY_APPL_ORIGIN):0x1, Wrong image location)
                0x00000010                PROVIDE (__cy_reset, Reset)
 *(.text.Reset)
 .text.Reset    0x00000010        0x8 .\CortexM0\ARM_GCC_493\Debug\Cm0Start.o
                0x00000010                Reset
                0x00000001                ASSERT ((. != __cy_reset), No reset code)
 *(.psocinit)
 .psocinit      0x00000018      0x1fc .\CortexM0\ARM_GCC_493\Debug\debug_ntp.a(cyfitter_cfg.o)
                0x00000130                cyfitter_cfg
                0x00000214                . = MAX (., 0x100)
 *(.text .text.* .gnu.linkonce.t.*)
 .text          0x00000214       0x60 c:/program files (x86)/cypress/psoc creator/4.0/psoc creator/import/gnu/arm/4.9.3/bin/../lib/gcc/arm-none-eabi/4.9.3/armv6-m/crtbegin.o
 .text.DisplayStart
                0x00000274        0x8 .\CortexM0\ARM_GCC_493\Debug\display.o
                0x00000274                DisplayStart
 .text.Display  0x0000027c       0x20 .\CortexM0\ARM_GCC_493\Debug\display.o
                0x0000027c                Display
 .text.DisplayRealTime
                0x0000029c       0x60 .\CortexM0\ARM_GCC_493\Debug\display.o
                0x0000029c                DisplayRealTime
 .text.DisplayLoading
                0x000002fc       0x30 .\CortexM0\ARM_GCC_493\Debug\display.o
                0x000002fc                DisplayLoading
 .text.crc32_init_tab
                0x0000032c       0x40 .\CortexM0\ARM_GCC_493\Debug\crc32.o
 .text.crc32_update
                0x0000036c       0x2c .\CortexM0\ARM_GCC_493\Debug\crc32.o
                0x0000036c                crc32_update
 .text.crc32_calc_block
                0x00000398       0x1c .\CortexM0\ARM_GCC_493\Debug\crc32.o
                0x00000398                crc32_calc_block
 .text.InitNetwork
                0x000003b4       0x3c .\CortexM0\ARM_GCC_493\Debug\network.o
                0x000003b4                InitNetwork
 .text.NTPreceiveTime
                0x000003f0       0x8c .\CortexM0\ARM_GCC_493\Debug\network.o
                0x000003f0                NTPreceiveTime
 .text.NTPsendTime
                0x0000047c       0x34 .\CortexM0\ARM_GCC_493\Debug\network.o
                0x0000047c                NTPsendTime
 .text.NTPsync  0x000004b0      0x13c .\CortexM0\ARM_GCC_493\Debug\network.o
                0x000004b0                NTPsync
 .text.PackData
                0x000005ec       0xc0 .\CortexM0\ARM_GCC_493\Debug\svt.o
                0x000005ec                PackData
 .text.NtpDecodeByte
                0x000006ac       0x20 .\CortexM0\ARM_GCC_493\Debug\ntp.o
                0x000006ac                NtpDecodeByte
 .text.NtpCheckSymb
                0x000006cc        0xc .\CortexM0\ARM_GCC_493\Debug\ntp.o
                0x000006cc                NtpCheckSymb
 .text.NtpResetPacket
                0x000006d8       0x10 .\CortexM0\ARM_GCC_493\Debug\ntp.o
                0x000006d8                NtpResetPacket
 .text.NtpUnpackData
                0x000006e8      0x1b8 .\CortexM0\ARM_GCC_493\Debug\ntp.o
                0x000006e8                NtpUnpackData
 .text.CallBackCounter
                0x000008a0       0x30 .\CortexM0\ARM_GCC_493\Debug\RTC_WDT.o
                0x000008a0                CallBackCounter
 .text.RTC_WDT_Init
                0x000008d0       0x14 .\CortexM0\ARM_GCC_493\Debug\RTC_WDT.o
                0x000008d0                RTC_WDT_Init
 .text.RTCGetUnixTime
                0x000008e4        0x8 .\CortexM0\ARM_GCC_493\Debug\RTC_WDT.o
                0x000008e4                RTCGetUnixTime
 .text.RTCgetRecentMs
                0x000008ec        0xc .\CortexM0\ARM_GCC_493\Debug\RTC_WDT.o
                0x000008ec                RTCgetRecentMs
 .text.RTCSync  0x000008f8       0x14 .\CortexM0\ARM_GCC_493\Debug\RTC_WDT.o
                0x000008f8                RTCSync
 .text.main     0x0000090c       0x54 .\CortexM0\ARM_GCC_493\Debug\main.o
                0x0000090c                main
 .text.IntDefaultHandler
                0x00000960       0x10 .\CortexM0\ARM_GCC_493\Debug\Cm0Start.o
                0x00000960                IntDefaultHandler
 .text._sbrk    0x00000970       0x30 .\CortexM0\ARM_GCC_493\Debug\Cm0Start.o
                0x00000970                _sbrk
 .text.Start_c  0x000009a0       0x48 .\CortexM0\ARM_GCC_493\Debug\Cm0Start.o
                0x000009a0                Start_c
 .text.initialize_psoc
                0x000009e8       0x54 .\CortexM0\ARM_GCC_493\Debug\Cm0Start.o
                0x000009e8                initialize_psoc
 .text.AnalogSetDefault
                0x00000a3c       0x20 .\CortexM0\ARM_GCC_493\Debug\debug_ntp.a(cyfitter_cfg.o)
 .text.CYMEMZERO
                0x00000a5c        0xc .\CortexM0\ARM_GCC_493\Debug\debug_ntp.a(cyfitter_cfg.o)
 .text.RTC_GetUnixTime
                0x00000a68        0xc .\CortexM0\ARM_GCC_493\Debug\debug_ntp.a(RTC.o)
                0x00000a68                RTC_GetUnixTime
 .text.RTC_Update
                0x00000a74       0x38 .\CortexM0\ARM_GCC_493\Debug\debug_ntp.a(RTC.o)
                0x00000a74                RTC_Update
 .text.RTC_DateTimeToUnix
                0x00000aac      0x1b0 .\CortexM0\ARM_GCC_493\Debug\debug_ntp.a(RTC.o)
                0x00000aac                RTC_DateTimeToUnix
 .text.RTC_SetDateAndTime
                0x00000c5c       0xbc .\CortexM0\ARM_GCC_493\Debug\debug_ntp.a(RTC.o)
                0x00000c5c                RTC_SetDateAndTime
 .text.RTC_Init
                0x00000d18       0x40 .\CortexM0\ARM_GCC_493\Debug\debug_ntp.a(RTC.o)
                0x00000d18                RTC_Init
 .text.RTC_Start
                0x00000d58       0x14 .\CortexM0\ARM_GCC_493\Debug\debug_ntp.a(RTC.o)
                0x00000d58                RTC_Start
 .text.RTC_DaysInMonth
                0x00000d6c       0x44 .\CortexM0\ARM_GCC_493\Debug\debug_ntp.a(RTC.o)
                0x00000d6c                RTC_DaysInMonth
 .text.RTC_UnixToDateTime
                0x00000db0      0x294 .\CortexM0\ARM_GCC_493\Debug\debug_ntp.a(RTC.o)
                0x00000db0                RTC_UnixToDateTime
 .text.RTC_SetUnixTime
                0x00001044       0x20 .\CortexM0\ARM_GCC_493\Debug\debug_ntp.a(RTC.o)
                0x00001044                RTC_SetUnixTime
 .text.RTC_GetTime
                0x00001064       0x30 .\CortexM0\ARM_GCC_493\Debug\debug_ntp.a(RTC.o)
                0x00001064                RTC_GetTime
 .text.UART_XB_ScbEnableIntr
                0x00001094        0xc .\CortexM0\ARM_GCC_493\Debug\debug_ntp.a(UART_XB.o)
 .text.UART_XB_ScbModePostEnable
                0x000010a0        0x8 .\CortexM0\ARM_GCC_493\Debug\debug_ntp.a(UART_XB.o)
 .text.UART_XB_Init
                0x000010a8        0x8 .\CortexM0\ARM_GCC_493\Debug\debug_ntp.a(UART_XB.o)
                0x000010a8                UART_XB_Init
 .text.UART_XB_Enable
                0x000010b0       0x1c .\CortexM0\ARM_GCC_493\Debug\debug_ntp.a(UART_XB.o)
                0x000010b0                UART_XB_Enable
 .text.UART_XB_Start
                0x000010cc       0x20 .\CortexM0\ARM_GCC_493\Debug\debug_ntp.a(UART_XB.o)
                0x000010cc                UART_XB_Start
 .text.UART_XB_SpiUartReadRxData
                0x000010ec       0x34 .\CortexM0\ARM_GCC_493\Debug\debug_ntp.a(UART_XB_SPI_UART.o)
                0x000010ec                UART_XB_SpiUartReadRxData
 .text.UART_XB_SpiUartGetRxBufferSize
                0x00001120       0x28 .\CortexM0\ARM_GCC_493\Debug\debug_ntp.a(UART_XB_SPI_UART.o)
                0x00001120                UART_XB_SpiUartGetRxBufferSize
 .text.UART_XB_SpiUartClearRxBuffer
                0x00001148       0x54 .\CortexM0\ARM_GCC_493\Debug\debug_ntp.a(UART_XB_SPI_UART.o)
                0x00001148                UART_XB_SpiUartClearRxBuffer
 .text.UART_XB_SpiUartWriteTxData
                0x0000119c       0x70 .\CortexM0\ARM_GCC_493\Debug\debug_ntp.a(UART_XB_SPI_UART.o)
                0x0000119c                UART_XB_SpiUartWriteTxData
 .text.UART_XB_UartInit
                0x0000120c       0xe8 .\CortexM0\ARM_GCC_493\Debug\debug_ntp.a(UART_XB_UART.o)
                0x0000120c                UART_XB_UartInit
 .text.UART_XB_UartPostEnable
                0x000012f4       0x24 .\CortexM0\ARM_GCC_493\Debug\debug_ntp.a(UART_XB_UART.o)
                0x000012f4                UART_XB_UartPostEnable
 .text.UART_XB_UartGetChar
                0x00001318       0x2c .\CortexM0\ARM_GCC_493\Debug\debug_ntp.a(UART_XB_UART.o)
                0x00001318                UART_XB_UartGetChar
 .text.UART_XB_UartPutString
                0x00001344       0x18 .\CortexM0\ARM_GCC_493\Debug\debug_ntp.a(UART_XB_UART.o)
                0x00001344                UART_XB_UartPutString
 .text.LCD_WrCntrlNib
                0x0000135c       0x34 .\CortexM0\ARM_GCC_493\Debug\debug_ntp.a(LCD.o)
 .text.LCD_WrDatNib
                0x00001390       0x44 .\CortexM0\ARM_GCC_493\Debug\debug_ntp.a(LCD.o)
 .text.LCD_IsReady
                0x000013d4       0xb4 .\CortexM0\ARM_GCC_493\Debug\debug_ntp.a(LCD.o)
                0x000013d4                LCD_IsReady
 .text.LCD_WriteData
                0x00001488       0x18 .\CortexM0\ARM_GCC_493\Debug\debug_ntp.a(LCD.o)
                0x00001488                LCD_WriteData
 .text.LCD_PrintString
                0x000014a0       0x1c .\CortexM0\ARM_GCC_493\Debug\debug_ntp.a(LCD.o)
                0x000014a0                LCD_PrintString
 .text.LCD_PutChar
                0x000014bc        0x8 .\CortexM0\ARM_GCC_493\Debug\debug_ntp.a(LCD.o)
                0x000014bc                LCD_PutChar
 .text.LCD_WriteControl
                0x000014c4       0x18 .\CortexM0\ARM_GCC_493\Debug\debug_ntp.a(LCD.o)
                0x000014c4                LCD_WriteControl
 .text.LCD_Init
                0x000014dc       0x74 .\CortexM0\ARM_GCC_493\Debug\debug_ntp.a(LCD.o)
                0x000014dc                LCD_Init
 .text.LCD_Enable
                0x00001550       0x14 .\CortexM0\ARM_GCC_493\Debug\debug_ntp.a(LCD.o)
                0x00001550                LCD_Enable
 .text.LCD_Start
                0x00001564       0x20 .\CortexM0\ARM_GCC_493\Debug\debug_ntp.a(LCD.o)
                0x00001564                LCD_Start
 .text.LCD_Position
                0x00001584       0x3c .\CortexM0\ARM_GCC_493\Debug\debug_ntp.a(LCD.o)
                0x00001584                LCD_Position
 .text.LCD_LoadCustomFonts
                0x000015c0       0x2c .\CortexM0\ARM_GCC_493\Debug\debug_ntp.a(LCD_CustChars.o)
                0x000015c0                LCD_LoadCustomFonts
 .text.CySysClkWriteImoFreq
                0x000015ec       0x64 .\CortexM0\ARM_GCC_493\Debug\debug_ntp.a(CyLib.o)
                0x000015ec                CySysClkWriteImoFreq
 .text.CySysClkEcoReadStatus
                0x00001650       0x10 .\CortexM0\ARM_GCC_493\Debug\debug_ntp.a(CyLib.o)
                0x00001650                CySysClkEcoReadStatus
 .text.CyIntEnable
                0x00001660       0x14 .\CortexM0\ARM_GCC_493\Debug\debug_ntp.a(CyLib.o)
                0x00001660                CyIntEnable
 .text.CyIntDisable
                0x00001674       0x14 .\CortexM0\ARM_GCC_493\Debug\debug_ntp.a(CyLib.o)
                0x00001674                CyIntDisable
 .text.CyHalt   0x00001688        0x4 .\CortexM0\ARM_GCC_493\Debug\debug_ntp.a(CyLib.o)
                0x00001688                CyHalt
 .text.CyIntSetVector
                0x0000168c       0x24 .\CortexM0\ARM_GCC_493\Debug\debug_ntp.a(CyLib.o)
                0x0000168c                CyIntSetVector
 .text.CyIntSetPriority
                0x000016b0       0x4c .\CortexM0\ARM_GCC_493\Debug\debug_ntp.a(CyLib.o)
                0x000016b0                CyIntSetPriority
 .text.CyDelay  0x000016fc       0x30 .\CortexM0\ARM_GCC_493\Debug\debug_ntp.a(CyLib.o)
                0x000016fc                CyDelay
 .text.CyDelayUs
                0x0000172c       0x14 .\CortexM0\ARM_GCC_493\Debug\debug_ntp.a(CyLib.o)
                0x0000172c                CyDelayUs
 .text.CySysClkEcoStart
                0x00001740       0x54 .\CortexM0\ARM_GCC_493\Debug\debug_ntp.a(CyLib.o)
                0x00001740                CySysClkEcoStart
 .text.CySysWdtLocked
                0x00001794       0x14 .\CortexM0\ARM_GCC_493\Debug\debug_ntp.a(CyLFClk.o)
 .text.CySysClkWcoStart
                0x000017a8       0x40 .\CortexM0\ARM_GCC_493\Debug\debug_ntp.a(CyLFClk.o)
                0x000017a8                CySysClkWcoStart
 .text.CySysClkWcoSetPowerMode
                0x000017e8       0x80 .\CortexM0\ARM_GCC_493\Debug\debug_ntp.a(CyLFClk.o)
                0x000017e8                CySysClkWcoSetPowerMode
 .text.CySysWdtLock
                0x00001868       0x1c .\CortexM0\ARM_GCC_493\Debug\debug_ntp.a(CyLFClk.o)
                0x00001868                CySysWdtLock
 .text.CySysWdtUnlock
                0x00001884       0x30 .\CortexM0\ARM_GCC_493\Debug\debug_ntp.a(CyLFClk.o)
                0x00001884                CySysWdtUnlock
 .text.CySysWdtClearInterrupt
                0x000018b4       0x4c .\CortexM0\ARM_GCC_493\Debug\debug_ntp.a(CyLFClk.o)
                0x000018b4                CySysWdtClearInterrupt
 .text.CySysWdtSetInterruptCallback
                0x00001900       0x20 .\CortexM0\ARM_GCC_493\Debug\debug_ntp.a(CyLFClk.o)
                0x00001900                CySysWdtSetInterruptCallback
 .text.CySysWdtIsr
                0x00001920       0xa4 .\CortexM0\ARM_GCC_493\Debug\debug_ntp.a(CyLFClk.o)
                0x00001920                CySysWdtIsr
 .text.debug_Write
                0x000019c4       0x18 .\CortexM0\ARM_GCC_493\Debug\debug_ntp.a(debug.o)
                0x000019c4                debug_Write
 .text.pinDebugNtp_Write
                0x000019dc       0x18 .\CortexM0\ARM_GCC_493\Debug\debug_ntp.a(pinDebugNtp.o)
                0x000019dc                pinDebugNtp_Write
 .text.uartDebug_ScbModePostEnable
                0x000019f4        0x8 .\CortexM0\ARM_GCC_493\Debug\debug_ntp.a(uartDebug.o)
 .text.uartDebug_Init
                0x000019fc        0x8 .\CortexM0\ARM_GCC_493\Debug\debug_ntp.a(uartDebug.o)
                0x000019fc                uartDebug_Init
 .text.uartDebug_Enable
                0x00001a04       0x18 .\CortexM0\ARM_GCC_493\Debug\debug_ntp.a(uartDebug.o)
                0x00001a04                uartDebug_Enable
 .text.uartDebug_Start
                0x00001a1c       0x20 .\CortexM0\ARM_GCC_493\Debug\debug_ntp.a(uartDebug.o)
                0x00001a1c                uartDebug_Start
 .text.uartDebug_UartInit
                0x00001a3c       0xa4 .\CortexM0\ARM_GCC_493\Debug\debug_ntp.a(uartDebug_UART.o)
                0x00001a3c                uartDebug_UartInit
 .text.uartDebug_UartPostEnable
                0x00001ae0       0x2c .\CortexM0\ARM_GCC_493\Debug\debug_ntp.a(uartDebug_UART.o)
                0x00001ae0                uartDebug_UartPostEnable
 .text.uartDebug_UartPutString
                0x00001b0c       0x18 .\CortexM0\ARM_GCC_493\Debug\debug_ntp.a(uartDebug_UART.o)
                0x00001b0c                uartDebug_UartPutString
 *fill*         0x00001b24        0x4 
 .text          0x00001b28       0x20 .\CortexM0\ARM_GCC_493\Debug\debug_ntp.a(CyBootAsmGnu.o)
                0x00001b28                CyDelayCycles
                0x00001b3a                CyEnterCriticalSection
                0x00001b42                CyExitCriticalSection
 .text.UART_XB_SPI_UART_ISR
                0x00001b48       0xe4 .\CortexM0\ARM_GCC_493\Debug\debug_ntp.a(UART_XB_SPI_UART_INT.o)
                0x00001b48                UART_XB_SPI_UART_ISR
 .text.uartDebug_SpiUartWriteTxData
                0x00001c2c       0x1c .\CortexM0\ARM_GCC_493\Debug\debug_ntp.a(uartDebug_SPI_UART.o)
                0x00001c2c                uartDebug_SpiUartWriteTxData
 .text          0x00001c48      0x120 c:/program files (x86)/cypress/psoc creator/4.0/psoc creator/import/gnu/arm/4.9.3/bin/../lib/gcc/arm-none-eabi/4.9.3/armv6-m\libgcc.a(_udivsi3.o)
                0x00001c48                __aeabi_uidiv
                0x00001c48                __udivsi3
                0x00001d54                __aeabi_uidivmod
 .text          0x00001d68        0x4 c:/program files (x86)/cypress/psoc creator/4.0/psoc creator/import/gnu/arm/4.9.3/bin/../lib/gcc/arm-none-eabi/4.9.3/armv6-m\libgcc.a(_dvmd_tls.o)
                0x00001d68                __aeabi_idiv0
                0x00001d68                __aeabi_ldiv0
 .text          0x00001d6c       0x40 c:/program files (x86)/cypress/psoc creator/4.0/psoc creator/import/gnu/arm/4.9.3/bin/../lib/gcc/arm-none-eabi/4.9.3/armv6-m\libgcc.a(_aeabi_uldivmod.o)
                0x00001d6c                __aeabi_uldivmod
 .text          0x00001dac       0x6c c:/program files (x86)/cypress/psoc creator/4.0/psoc creator/import/gnu/arm/4.9.3/bin/../lib/gcc/arm-none-eabi/4.9.3/armv6-m\libgcc.a(bpabi.o)
                0x00001dac                __gnu_ldivmod_helper
                0x00001de4                __gnu_uldivmod_helper
 .text          0x00001e18       0x54 c:/program files (x86)/cypress/psoc creator/4.0/psoc creator/import/gnu/arm/4.9.3/bin/../lib/gcc/arm-none-eabi/4.9.3/armv6-m\libgcc.a(_muldi3.o)
                0x00001e18                __muldi3
                0x00001e18                __aeabi_lmul
 .text          0x00001e6c      0x1f0 c:/program files (x86)/cypress/psoc creator/4.0/psoc creator/import/gnu/arm/4.9.3/bin/../lib/gcc/arm-none-eabi/4.9.3/armv6-m\libgcc.a(_divdi3.o)
                0x00001e6c                __divdi3
 .text          0x0000205c      0x158 c:/program files (x86)/cypress/psoc creator/4.0/psoc creator/import/gnu/arm/4.9.3/bin/../lib/gcc/arm-none-eabi/4.9.3/armv6-m\libgcc.a(_udivdi3.o)
                0x0000205c                __udivdi3
 .text          0x000021b4       0x18 c:/program files (x86)/cypress/psoc creator/4.0/psoc creator/import/gnu/arm/4.9.3/bin/../lib/gcc/arm-none-eabi/4.9.3/armv6-m\libgcc.a(_clzdi2.o)
                0x000021b4                __clzdi2
 .text          0x000021cc       0x3c c:/program files (x86)/cypress/psoc creator/4.0/psoc creator/import/gnu/arm/4.9.3/bin/../lib/gcc/arm-none-eabi/4.9.3/armv6-m\libgcc.a(_clzsi2.o)
                0x000021cc                __clzsi2
 .text.__errno  0x00002208        0xc c:/program files (x86)/cypress/psoc creator/4.0/psoc creator/import/gnu/arm/4.9.3/bin/../lib/gcc/arm-none-eabi/4.9.3/../../../../arm-none-eabi/lib/armv6-m\libg_nano.a(lib_a-errno.o)
                0x00002208                __errno
 .text.__libc_init_array
                0x00002214       0x4c c:/program files (x86)/cypress/psoc creator/4.0/psoc creator/import/gnu/arm/4.9.3/bin/../lib/gcc/arm-none-eabi/4.9.3/../../../../arm-none-eabi/lib/armv6-m\libg_nano.a(lib_a-init.o)
                0x00002214                __libc_init_array
 .text.memcpy   0x00002260       0x12 c:/program files (x86)/cypress/psoc creator/4.0/psoc creator/import/gnu/arm/4.9.3/bin/../lib/gcc/arm-none-eabi/4.9.3/../../../../arm-none-eabi/lib/armv6-m\libg_nano.a(lib_a-memcpy.o)
                0x00002260                memcpy
 .text.memset   0x00002272       0x10 c:/program files (x86)/cypress/psoc creator/4.0/psoc creator/import/gnu/arm/4.9.3/bin/../lib/gcc/arm-none-eabi/4.9.3/../../../../arm-none-eabi/lib/armv6-m\libg_nano.a(lib_a-memset.o)
                0x00002272                memset
 *fill*         0x00002282        0x2 
 .text.sprintf  0x00002284       0x44 c:/program files (x86)/cypress/psoc creator/4.0/psoc creator/import/gnu/arm/4.9.3/bin/../lib/gcc/arm-none-eabi/4.9.3/../../../../arm-none-eabi/lib/armv6-m\libg_nano.a(lib_a-sprintf.o)
                0x00002284                siprintf
                0x00002284                sprintf
 .text.strcat   0x000022c8       0x1a c:/program files (x86)/cypress/psoc creator/4.0/psoc creator/import/gnu/arm/4.9.3/bin/../lib/gcc/arm-none-eabi/4.9.3/../../../../arm-none-eabi/lib/armv6-m\libg_nano.a(lib_a-strcat.o)
                0x000022c8                strcat
 .text.strlen   0x000022e2        0xe c:/program files (x86)/cypress/psoc creator/4.0/psoc creator/import/gnu/arm/4.9.3/bin/../lib/gcc/arm-none-eabi/4.9.3/../../../../arm-none-eabi/lib/armv6-m\libg_nano.a(lib_a-strlen.o)
                0x000022e2                strlen
 .text.__ssputs_r
                0x000022f0       0xc0 c:/program files (x86)/cypress/psoc creator/4.0/psoc creator/import/gnu/arm/4.9.3/bin/../lib/gcc/arm-none-eabi/4.9.3/../../../../arm-none-eabi/lib/armv6-m\libg_nano.a(lib_a-nano-svfprintf.o)
                0x000022f0                __ssputs_r
 .text._svfprintf_r
                0x000023b0      0x1ec c:/program files (x86)/cypress/psoc creator/4.0/psoc creator/import/gnu/arm/4.9.3/bin/../lib/gcc/arm-none-eabi/4.9.3/../../../../arm-none-eabi/lib/armv6-m\libg_nano.a(lib_a-nano-svfprintf.o)
                0x000023b0                _svfiprintf_r
                0x000023b0                _svfprintf_r
 .text._printf_common
                0x0000259c       0xdc c:/program files (x86)/cypress/psoc creator/4.0/psoc creator/import/gnu/arm/4.9.3/bin/../lib/gcc/arm-none-eabi/4.9.3/../../../../arm-none-eabi/lib/armv6-m\libg_nano.a(lib_a-nano-vfprintf_i.o)
                0x0000259c                _printf_common
 .text._printf_i
                0x00002678      0x230 c:/program files (x86)/cypress/psoc creator/4.0/psoc creator/import/gnu/arm/4.9.3/bin/../lib/gcc/arm-none-eabi/4.9.3/../../../../arm-none-eabi/lib/armv6-m\libg_nano.a(lib_a-nano-vfprintf_i.o)
                0x00002678                _printf_i
 .text.memchr   0x000028a8       0x16 c:/program files (x86)/cypress/psoc creator/4.0/psoc creator/import/gnu/arm/4.9.3/bin/../lib/gcc/arm-none-eabi/4.9.3/../../../../arm-none-eabi/lib/armv6-m\libg_nano.a(lib_a-memchr.o)
                0x000028a8                memchr
 .text.memmove  0x000028be       0x28 c:/program files (x86)/cypress/psoc creator/4.0/psoc creator/import/gnu/arm/4.9.3/bin/../lib/gcc/arm-none-eabi/4.9.3/../../../../arm-none-eabi/lib/armv6-m\libg_nano.a(lib_a-memmove.o)
                0x000028be                memmove
 *fill*         0x000028e6        0x2 
 .text._free_r  0x000028e8       0x8c c:/program files (x86)/cypress/psoc creator/4.0/psoc creator/import/gnu/arm/4.9.3/bin/../lib/gcc/arm-none-eabi/4.9.3/../../../../arm-none-eabi/lib/armv6-m\libg_nano.a(lib_a-nano-freer.o)
                0x000028e8                _free_r
 .text._malloc_r
                0x00002974       0xb0 c:/program files (x86)/cypress/psoc creator/4.0/psoc creator/import/gnu/arm/4.9.3/bin/../lib/gcc/arm-none-eabi/4.9.3/../../../../arm-none-eabi/lib/armv6-m\libg_nano.a(lib_a-nano-mallocr.o)
                0x00002974                _malloc_r
 .text._realloc_r
                0x00002a24       0x4c c:/program files (x86)/cypress/psoc creator/4.0/psoc creator/import/gnu/arm/4.9.3/bin/../lib/gcc/arm-none-eabi/4.9.3/../../../../arm-none-eabi/lib/armv6-m\libg_nano.a(lib_a-nano-reallocr.o)
                0x00002a24                _realloc_r
 .text._sbrk_r  0x00002a70       0x24 c:/program files (x86)/cypress/psoc creator/4.0/psoc creator/import/gnu/arm/4.9.3/bin/../lib/gcc/arm-none-eabi/4.9.3/../../../../arm-none-eabi/lib/armv6-m\libg_nano.a(lib_a-sbrkr.o)
                0x00002a70                _sbrk_r
 .text._malloc_usable_size_r
                0x00002a94       0x16 c:/program files (x86)/cypress/psoc creator/4.0/psoc creator/import/gnu/arm/4.9.3/bin/../lib/gcc/arm-none-eabi/4.9.3/../../../../arm-none-eabi/lib/armv6-m\libg_nano.a(lib_a-nano-msizer.o)
                0x00002a94                _malloc_usable_size_r
 *(.plt)
 *(.gnu.warning)
 *(.glue_7t)
 .glue_7t       0x00000000        0x0 linker stubs
 *(.glue_7)
 .glue_7        0x00000000        0x0 linker stubs
 *(.vfp11_veneer)
 .vfp11_veneer  0x00000000        0x0 linker stubs
 *(.bootloader)
 *(.ARM.extab* .gnu.linkonce.armextab.*)
 *(.gcc_except_table)

.v4_bx          0x00002aac        0x0
 .v4_bx         0x00000000        0x0 linker stubs

.iplt           0x00002aac        0x0
 .iplt          0x00000000        0x0 c:/program files (x86)/cypress/psoc creator/4.0/psoc creator/import/gnu/arm/4.9.3/bin/../lib/gcc/arm-none-eabi/4.9.3/armv6-m/crtbegin.o

.eh_frame_hdr
 *(.eh_frame_hdr)

.eh_frame       0x00002aac        0x4
 *(.eh_frame)
 .eh_frame      0x00002aac        0x0 c:/program files (x86)/cypress/psoc creator/4.0/psoc creator/import/gnu/arm/4.9.3/bin/../lib/gcc/arm-none-eabi/4.9.3/armv6-m/crtbegin.o
 .eh_frame      0x00002aac        0x4 c:/program files (x86)/cypress/psoc creator/4.0/psoc creator/import/gnu/arm/4.9.3/bin/../lib/gcc/arm-none-eabi/4.9.3/armv6-m/crtend.o
                0x00002ab0                PROVIDE (__exidx_start, .)

.ARM.exidx      0x00002ab0        0x8
 *(.ARM.exidx* .gnu.linkonce.armexidx.*)
 .ARM.exidx     0x00002ab0        0x8 c:/program files (x86)/cypress/psoc creator/4.0/psoc creator/import/gnu/arm/4.9.3/bin/../lib/gcc/arm-none-eabi/4.9.3/armv6-m\libgcc.a(_divdi3.o)
 .ARM.exidx     0x00002ab8        0x0 c:/program files (x86)/cypress/psoc creator/4.0/psoc creator/import/gnu/arm/4.9.3/bin/../lib/gcc/arm-none-eabi/4.9.3/armv6-m\libgcc.a(_udivdi3.o)
                                  0x8 (size before relaxing)
                0x00002ab8                __exidx_end = .

.rodata         0x00002ab8      0x220
 *(.rodata .rodata.* .gnu.linkonce.r.*)
 .rodata.str1.4
                0x00002ab8       0x32 .\CortexM0\ARM_GCC_493\Debug\display.o
                                 0x34 (size before relaxing)
 *fill*         0x00002aea        0x2 
 .rodata.str1.4
                0x00002aec       0x51 .\CortexM0\ARM_GCC_493\Debug\network.o
                                 0x54 (size before relaxing)
 *fill*         0x00002b3d        0x3 
 .rodata.str1.4
                0x00002b40       0x3e .\CortexM0\ARM_GCC_493\Debug\svt.o
                                 0x40 (size before relaxing)
 *fill*         0x00002b7e        0x2 
 .rodata        0x00002b80       0x20 .\CortexM0\ARM_GCC_493\Debug\ntp.o
 .rodata.str1.4
                0x00002ba0       0x28 .\CortexM0\ARM_GCC_493\Debug\main.o
 .rodata        0x00002bc8        0xc .\CortexM0\ARM_GCC_493\Debug\debug_ntp.a(cyfitter_cfg.o)
 .rodata        0x00002bd4       0x24 .\CortexM0\ARM_GCC_493\Debug\debug_ntp.a(RTC.o)
                0x00002bd4                RTC_daysBeforeMonthTbl
                0x00002bec                RTC_daysInMonthTbl
 .rodata        0x00002bf8       0x40 .\CortexM0\ARM_GCC_493\Debug\debug_ntp.a(LCD_CustChars.o)
                0x00002bf8                LCD_customFonts
 .rodata        0x00002c38       0x30 .\CortexM0\ARM_GCC_493\Debug\debug_ntp.a(CyLib.o)
                0x00002c38                cyImoFreqMhz2Reg
 .rodata.str1.1
                0x00002c68        0x2 c:/program files (x86)/cypress/psoc creator/4.0/psoc creator/import/gnu/arm/4.9.3/bin/../lib/gcc/arm-none-eabi/4.9.3/../../../../arm-none-eabi/lib/armv6-m\libg_nano.a(lib_a-impure.o)
 .rodata.str1.1
                0x00002c6a       0x11 c:/program files (x86)/cypress/psoc creator/4.0/psoc creator/import/gnu/arm/4.9.3/bin/../lib/gcc/arm-none-eabi/4.9.3/../../../../arm-none-eabi/lib/armv6-m\libg_nano.a(lib_a-nano-svfprintf.o)
 .rodata.str1.1
                0x00002c7b       0x22 c:/program files (x86)/cypress/psoc creator/4.0/psoc creator/import/gnu/arm/4.9.3/bin/../lib/gcc/arm-none-eabi/4.9.3/../../../../arm-none-eabi/lib/armv6-m\libg_nano.a(lib_a-nano-vfprintf_i.o)
                0x00002ca0                . = ALIGN (0x4)
 *fill*         0x00002c9d        0x3 
 *(.init)
 .init          0x00002ca0        0x4 c:/program files (x86)/cypress/psoc creator/4.0/psoc creator/import/gnu/arm/4.9.3/bin/../lib/gcc/arm-none-eabi/4.9.3/armv6-m/crti.o
                0x00002ca0                _init
 .init          0x00002ca4        0x8 c:/program files (x86)/cypress/psoc creator/4.0/psoc creator/import/gnu/arm/4.9.3/bin/../lib/gcc/arm-none-eabi/4.9.3/armv6-m/crtn.o
                0x00002cac                . = ALIGN (0x4)
                0x00002cac                __preinit_array_start = .
 *(.preinit_array)
                0x00002cac                __preinit_array_end = .
                0x00002cac                . = ALIGN (0x4)
                0x00002cac                __init_array_start = .
 *(SORT(.init_array.*))
 *(.init_array)
 .init_array    0x00002cac        0x4 c:/program files (x86)/cypress/psoc creator/4.0/psoc creator/import/gnu/arm/4.9.3/bin/../lib/gcc/arm-none-eabi/4.9.3/armv6-m/crtbegin.o
 .init_array    0x00002cb0        0x4 .\CortexM0\ARM_GCC_493\Debug\Cm0Start.o
                0x00002cb4                __init_array_end = .
                0x00002cb4                . = ALIGN (0x4)
 *(.fini)
 .fini          0x00002cb4        0x4 c:/program files (x86)/cypress/psoc creator/4.0/psoc creator/import/gnu/arm/4.9.3/bin/../lib/gcc/arm-none-eabi/4.9.3/armv6-m/crti.o
                0x00002cb4                _fini
 .fini          0x00002cb8        0x8 c:/program files (x86)/cypress/psoc creator/4.0/psoc creator/import/gnu/arm/4.9.3/bin/../lib/gcc/arm-none-eabi/4.9.3/armv6-m/crtn.o
                0x00002cc0                . = ALIGN (0x4)
                0x00002cc0                __fini_array_start = .
 *(.fini_array)
 .fini_array    0x00002cc0        0x4 c:/program files (x86)/cypress/psoc creator/4.0/psoc creator/import/gnu/arm/4.9.3/bin/../lib/gcc/arm-none-eabi/4.9.3/armv6-m/crtbegin.o
 *(SORT(.fini_array.*))
                0x00002cc4                __fini_array_end = .
                0x00002cc4                . = ALIGN (0x4)
 *crtbegin.o(.ctors)
 *(EXCLUDE_FILE(*crtend.o) .ctors)
 *(SORT(.ctors.*))
 *crtend.o(.ctors)
                0x00002cc4                . = ALIGN (0x4)
 *crtbegin.o(.dtors)
 *(EXCLUDE_FILE(*crtend.o) .dtors)
 *(SORT(.dtors.*))
 *crtend.o(.dtors)
                0x00002cc4                . = ALIGN (0x4)
                0x00002cc4                __cy_regions = .
                0x00002cc4        0x4 LONG 0x2cd8 __cy_region_init_ram
                0x00002cc8        0x4 LONG 0x200000c8 __cy_region_start_data
                0x00002ccc        0x4 LONG 0x88 __cy_region_init_size_ram
                0x00002cd0        0x4 LONG 0x720 __cy_region_zero_size_ram
                0x00002cd4                __cy_regions_end = .
                0x00002cd8                . = ALIGN (0x8)
 *fill*         0x00002cd4        0x4 
                0x00002cd8                _etext = .

.cy_checksum_exclude
                0x00002cd8        0x0
 *(.cy_checksum_exclude)

.ramvectors     0x20000000       0xc0
                0x20000000                __cy_region_start_ram = .
 *(.ramvectors)
 .ramvectors    0x20000000       0xc0 .\CortexM0\ARM_GCC_493\Debug\Cm0Start.o
                0x20000000                CyRamVectors

.noinit         0x200000c0        0x4
 *(.noinit)
 .noinit        0x200000c0        0x4 .\CortexM0\ARM_GCC_493\Debug\Cm0Start.o

.data           0x200000c8       0x88 load address 0x00002cd8
                0x200000c8                __cy_region_start_data = .
 *(.jcr)
 .jcr           0x200000c8        0x0 c:/program files (x86)/cypress/psoc creator/4.0/psoc creator/import/gnu/arm/4.9.3/bin/../lib/gcc/arm-none-eabi/4.9.3/armv6-m/crtbegin.o
 .jcr           0x200000c8        0x4 c:/program files (x86)/cypress/psoc creator/4.0/psoc creator/import/gnu/arm/4.9.3/bin/../lib/gcc/arm-none-eabi/4.9.3/armv6-m/crtend.o
 *(.got.plt)
 *(.got)
 *(.shdata)
 *(.data .data.* .gnu.linkonce.d.*)
 .data          0x200000cc        0x4 .\CortexM0\ARM_GCC_493\Debug\Cm0Start.o
 .data          0x200000d0       0x14 .\CortexM0\ARM_GCC_493\Debug\debug_ntp.a(CyLib.o)
                0x200000d0                CySysClkPumpConfig
                0x200000d4                cydelay32kMs
                0x200000d8                cydelayFreqKhz
                0x200000dc                cydelayFreqMhz
                0x200000e0                cydelayFreqHz
 .data          0x200000e4        0x8 .\CortexM0\ARM_GCC_493\Debug\debug_ntp.a(CyLFClk.o)
 .data.impure_data
                0x200000ec       0x60 c:/program files (x86)/cypress/psoc creator/4.0/psoc creator/import/gnu/arm/4.9.3/bin/../lib/gcc/arm-none-eabi/4.9.3/../../../../arm-none-eabi/lib/armv6-m\libg_nano.a(lib_a-impure.o)
 .data._impure_ptr
                0x2000014c        0x4 c:/program files (x86)/cypress/psoc creator/4.0/psoc creator/import/gnu/arm/4.9.3/bin/../lib/gcc/arm-none-eabi/4.9.3/../../../../arm-none-eabi/lib/armv6-m\libg_nano.a(lib_a-impure.o)
                0x2000014c                _impure_ptr
                0x20000150                . = ALIGN (0x8)
 *(.ram)
                0x20000150                _edata = .

.igot.plt       0x20000150        0x0 load address 0x00002d60
 .igot.plt      0x00000000        0x0 c:/program files (x86)/cypress/psoc creator/4.0/psoc creator/import/gnu/arm/4.9.3/bin/../lib/gcc/arm-none-eabi/4.9.3/armv6-m/crtbegin.o

.bss            0x20000150      0x720 load address 0x00002d60
                0x20000150                PROVIDE (__bss_start__, .)
 *(.shbss)
 *(.bss .bss.* .gnu.linkonce.b.*)
 .bss           0x20000150       0x1c c:/program files (x86)/cypress/psoc creator/4.0/psoc creator/import/gnu/arm/4.9.3/bin/../lib/gcc/arm-none-eabi/4.9.3/armv6-m/crtbegin.o
 .bss           0x2000016c       0x64 .\CortexM0\ARM_GCC_493\Debug\display.o
 .bss           0x200001d0      0x404 .\CortexM0\ARM_GCC_493\Debug\crc32.o
 .bss           0x200005d4        0x8 .\CortexM0\ARM_GCC_493\Debug\network.o
 .bss           0x200005dc        0x1 .\CortexM0\ARM_GCC_493\Debug\ntp.o
                0x200005dc                NTP_STATE
 *fill*         0x200005dd        0x3 
 .bss           0x200005e0       0x10 .\CortexM0\ARM_GCC_493\Debug\RTC_WDT.o
 .bss           0x200005f0       0x10 .\CortexM0\ARM_GCC_493\Debug\debug_ntp.a(RTC.o)
 .bss           0x20000600        0xc .\CortexM0\ARM_GCC_493\Debug\debug_ntp.a(UART_XB.o)
                0x20000600                UART_XB_initVar
                0x20000604                UART_XB_customIntrHandler
                0x20000608                UART_XB_IntrTxMask
 .bss           0x2000060c        0x2 .\CortexM0\ARM_GCC_493\Debug\debug_ntp.a(LCD.o)
                0x2000060c                LCD_enableState
                0x2000060d                LCD_initVar
 *fill*         0x2000060e        0x2 
 .bss           0x20000610       0x28 .\CortexM0\ARM_GCC_493\Debug\debug_ntp.a(CyLFClk.o)
 .bss           0x20000638        0x4 .\CortexM0\ARM_GCC_493\Debug\debug_ntp.a(uartDebug.o)
                0x20000638                uartDebug_initVar
                0x2000063a                uartDebug_IntrTxMask
 .bss.__malloc_sbrk_start
                0x2000063c        0x4 c:/program files (x86)/cypress/psoc creator/4.0/psoc creator/import/gnu/arm/4.9.3/bin/../lib/gcc/arm-none-eabi/4.9.3/../../../../arm-none-eabi/lib/armv6-m\libg_nano.a(lib_a-nano-mallocr.o)
                0x2000063c                __malloc_sbrk_start
 .bss.__malloc_free_list
                0x20000640        0x4 c:/program files (x86)/cypress/psoc creator/4.0/psoc creator/import/gnu/arm/4.9.3/bin/../lib/gcc/arm-none-eabi/4.9.3/../../../../arm-none-eabi/lib/armv6-m\libg_nano.a(lib_a-nano-mallocr.o)
                0x20000640                __malloc_free_list
 *(COMMON)
 *fill*         0x20000644        0x4 
 COMMON         0x20000648      0x110 .\CortexM0\ARM_GCC_493\Debug\network.o
                0x20000648                outData
                0x20000660                inData
                0x20000678                unixTime
                0x20000688                buffer
                0x200006ec                millisTime
                0x200006f4                previousData
 COMMON         0x20000758        0x4 .\CortexM0\ARM_GCC_493\Debug\ntp.o
                0x20000758                NtpLenChS
                0x20000759                NtpLenMsD1
                0x2000075a                NtpLenId
                0x2000075b                NtpLenD1
 COMMON         0x2000075c        0x4 .\CortexM0\ARM_GCC_493\Debug\main.o
                0x2000075c                result
 COMMON         0x20000760       0x28 .\CortexM0\ARM_GCC_493\Debug\debug_ntp.a(RTC.o)
                0x20000760                RTC_initVar
                0x20000764                RTC_currentTimeDate
                0x20000774                RTC_alarmCurStatus
                0x20000778                RTC_dstStatus
                0x20000780                RTC_unixTime
 COMMON         0x20000788       0xe0 .\CortexM0\ARM_GCC_493\Debug\debug_ntp.a(UART_XB_SPI_UART.o)
                0x20000788                UART_XB_rxBufferTail
                0x2000078c                UART_XB_rxBufferOverflow
                0x20000790                UART_XB_txBufferHead
                0x20000794                UART_XB_txBufferInternal
                0x200007f8                UART_XB_rxBufferInternal
                0x20000860                UART_XB_rxBufferHead
                0x20000864                UART_XB_txBufferTail
 COMMON         0x20000868        0x4 c:/program files (x86)/cypress/psoc creator/4.0/psoc creator/import/gnu/arm/4.9.3/bin/../lib/gcc/arm-none-eabi/4.9.3/../../../../arm-none-eabi/lib/armv6-m\libg_nano.a(lib_a-reent.o)
                0x20000868                errno
                0x20000870                . = ALIGN (0x8)
 *fill*         0x2000086c        0x4 
 *(.ram.b)
                0x20000870                _end = .
                0x20000870                __end = .
                0x20000870                PROVIDE (end, .)
                0x20000870                PROVIDE (__bss_end__, .)
                0x00002cd8                __cy_region_init_ram = LOADADDR (.data)
                0x00000088                __cy_region_init_size_ram = (_edata - ADDR (.data))
                0x00000720                __cy_region_zero_size_ram = (_end - _edata)

.heap           0x20000870       0x80 load address 0x00002d60
                0x20000870                . = _end
                0x200008f0                . = (. + 0x80)
 *fill*         0x20000870       0x80 
                0x200008f0                __cy_heap_limit = .

.stack          0x20003800      0x800
                0x20003800                __cy_stack_limit = .
                0x20004000                . = (. + 0x800)
 *fill*         0x20003800      0x800 
                0x00000001                ASSERT ((__cy_stack_limit >= __cy_heap_limit), region RAM overflowed with stack)
                0x00000000                cy_checksum_exclude_size = (CY_APPL_LOADABLE == 0x1)?SIZEOF (.cy_checksum_exclude):0x0
                0x00000001                ASSERT ((cy_checksum_exclude_size <= CY_CHECKSUM_EXCLUDE_SIZE), CY_BOOT: Section .cy_checksum_exclude size exceedes specified limit.)
                0x0001ffc0                cyloadermeta_start = (cy_project_type_bootloader || cy_project_type_app_for_stack_and_copier)?(0x20000 - CY_METADATA_SIZE):0xf0000000

.cyloadermeta
 *(.cyloadermeta)
                0x0001ffc0                cyloadablemeta_start = cy_project_type_app_for_stack_and_copier?((0x20000 - CY_FLASH_ROW_SIZE) - CY_METADATA_SIZE):((0x20000 - (CY_FLASH_ROW_SIZE * (CY_APPL_NUM - 0x1))) - CY_METADATA_SIZE)

.cyloadablemeta
 *(.cyloadablemeta)

.cyflashprotect
                0x90400000       0x80
 *(.cyflashprotect)
 .cyflashprotect
                0x90400000       0x80 .\CortexM0\ARM_GCC_493\Debug\cymetadata.o
                0x90400000                cy_meta_flashprotect

.cymeta         0x90500000        0xc
 *(.cymeta)
 .cymeta        0x90500000        0xc .\CortexM0\ARM_GCC_493\Debug\cymetadata.o
                0x90500000                cy_metadata

.cychipprotect  0x90600000        0x4
 *(.cychipprotect)
 .cychipprotect
                0x90600000        0x4 .\CortexM0\ARM_GCC_493\Debug\cymetadata.o
                0x90600000                cy_meta_chipprotect

.rel.dyn        0x00002d60        0x0 load address 0x90600004
 .rel.iplt      0x00000000        0x0 c:/program files (x86)/cypress/psoc creator/4.0/psoc creator/import/gnu/arm/4.9.3/bin/../lib/gcc/arm-none-eabi/4.9.3/armv6-m/crtbegin.o

.stab
 *(.stab)

.stabstr
 *(.stabstr)

.debug
 *(.debug)

.line
 *(.line)

.debug_srcinfo
 *(.debug_srcinfo)

.debug_sfnames
 *(.debug_sfnames)

.debug_aranges  0x00000000      0xa78
 *(.debug_aranges)
 .debug_aranges
                0x00000000       0x48 .\CortexM0\ARM_GCC_493\Debug\display.o
 .debug_aranges
                0x00000048       0x38 .\CortexM0\ARM_GCC_493\Debug\crc32.o
 .debug_aranges
                0x00000080       0x50 .\CortexM0\ARM_GCC_493\Debug\network.o
 .debug_aranges
                0x000000d0       0x40 .\CortexM0\ARM_GCC_493\Debug\svt.o
 .debug_aranges
                0x00000110       0x38 .\CortexM0\ARM_GCC_493\Debug\ntp.o
 .debug_aranges
                0x00000148       0x68 .\CortexM0\ARM_GCC_493\Debug\RTC_WDT.o
 .debug_aranges
                0x000001b0       0x20 .\CortexM0\ARM_GCC_493\Debug\main.o
 .debug_aranges
                0x000001d0       0x18 .\CortexM0\ARM_GCC_493\Debug\cymetadata.o
 .debug_aranges
                0x000001e8       0x48 .\CortexM0\ARM_GCC_493\Debug\Cm0Start.o
 .debug_aranges
                0x00000230       0x38 .\CortexM0\ARM_GCC_493\Debug\debug_ntp.a(cyfitter_cfg.o)
 .debug_aranges
                0x00000268       0xc0 .\CortexM0\ARM_GCC_493\Debug\debug_ntp.a(RTC.o)
 .debug_aranges
                0x00000328       0x68 .\CortexM0\ARM_GCC_493\Debug\debug_ntp.a(UART_XB.o)
 .debug_aranges
                0x00000390       0x60 .\CortexM0\ARM_GCC_493\Debug\debug_ntp.a(UART_XB_SPI_UART.o)
 .debug_aranges
                0x000003f0       0x88 .\CortexM0\ARM_GCC_493\Debug\debug_ntp.a(UART_XB_UART.o)
 .debug_aranges
                0x00000478       0x98 .\CortexM0\ARM_GCC_493\Debug\debug_ntp.a(LCD.o)
 .debug_aranges
                0x00000510       0x20 .\CortexM0\ARM_GCC_493\Debug\debug_ntp.a(LCD_CustChars.o)
 .debug_aranges
                0x00000530      0x1b0 .\CortexM0\ARM_GCC_493\Debug\debug_ntp.a(CyLib.o)
 .debug_aranges
                0x000006e0      0x188 .\CortexM0\ARM_GCC_493\Debug\debug_ntp.a(CyLFClk.o)
 .debug_aranges
                0x00000868       0x48 .\CortexM0\ARM_GCC_493\Debug\debug_ntp.a(debug.o)
 .debug_aranges
                0x000008b0       0x48 .\CortexM0\ARM_GCC_493\Debug\debug_ntp.a(pinDebugNtp.o)
 .debug_aranges
                0x000008f8       0x58 .\CortexM0\ARM_GCC_493\Debug\debug_ntp.a(uartDebug.o)
 .debug_aranges
                0x00000950       0x88 .\CortexM0\ARM_GCC_493\Debug\debug_ntp.a(uartDebug_UART.o)
 .debug_aranges
                0x000009d8       0x20 .\CortexM0\ARM_GCC_493\Debug\debug_ntp.a(CyBootAsmGnu.o)
 .debug_aranges
                0x000009f8       0x20 .\CortexM0\ARM_GCC_493\Debug\debug_ntp.a(UART_XB_SPI_UART_INT.o)
 .debug_aranges
                0x00000a18       0x60 .\CortexM0\ARM_GCC_493\Debug\debug_ntp.a(uartDebug_SPI_UART.o)

.debug_pubnames
 *(.debug_pubnames)

.debug_info     0x00000000     0x79ba
 *(.debug_info .gnu.linkonce.wi.*)
 .debug_info    0x00000000      0x4df .\CortexM0\ARM_GCC_493\Debug\display.o
 .debug_info    0x000004df      0x244 .\CortexM0\ARM_GCC_493\Debug\crc32.o
 .debug_info    0x00000723      0xae5 .\CortexM0\ARM_GCC_493\Debug\network.o
 .debug_info    0x00001208      0x819 .\CortexM0\ARM_GCC_493\Debug\svt.o
 .debug_info    0x00001a21      0x36f .\CortexM0\ARM_GCC_493\Debug\ntp.o
 .debug_info    0x00001d90      0x578 .\CortexM0\ARM_GCC_493\Debug\RTC_WDT.o
 .debug_info    0x00002308      0x1c1 .\CortexM0\ARM_GCC_493\Debug\main.o
 .debug_info    0x000024c9       0xfe .\CortexM0\ARM_GCC_493\Debug\cymetadata.o
 .debug_info    0x000025c7      0x39a .\CortexM0\ARM_GCC_493\Debug\Cm0Start.o
 .debug_info    0x00002961      0x374 .\CortexM0\ARM_GCC_493\Debug\debug_ntp.a(cyfitter_cfg.o)
 .debug_info    0x00002cd5      0xfd3 .\CortexM0\ARM_GCC_493\Debug\debug_ntp.a(RTC.o)
 .debug_info    0x00003ca8      0x2e4 .\CortexM0\ARM_GCC_493\Debug\debug_ntp.a(UART_XB.o)
 .debug_info    0x00003f8c      0x373 .\CortexM0\ARM_GCC_493\Debug\debug_ntp.a(UART_XB_SPI_UART.o)
 .debug_info    0x000042ff      0x48a .\CortexM0\ARM_GCC_493\Debug\debug_ntp.a(UART_XB_UART.o)
 .debug_info    0x00004789      0x76f .\CortexM0\ARM_GCC_493\Debug\debug_ntp.a(LCD.o)
 .debug_info    0x00004ef8      0x15d .\CortexM0\ARM_GCC_493\Debug\debug_ntp.a(LCD_CustChars.o)
 .debug_info    0x00005055      0xbdb .\CortexM0\ARM_GCC_493\Debug\debug_ntp.a(CyLib.o)
 .debug_info    0x00005c30     0x106f .\CortexM0\ARM_GCC_493\Debug\debug_ntp.a(CyLFClk.o)
 .debug_info    0x00006c9f      0x19d .\CortexM0\ARM_GCC_493\Debug\debug_ntp.a(debug.o)
 .debug_info    0x00006e3c      0x19d .\CortexM0\ARM_GCC_493\Debug\debug_ntp.a(pinDebugNtp.o)
 .debug_info    0x00006fd9      0x227 .\CortexM0\ARM_GCC_493\Debug\debug_ntp.a(uartDebug.o)
 .debug_info    0x00007200      0x369 .\CortexM0\ARM_GCC_493\Debug\debug_ntp.a(uartDebug_UART.o)
 .debug_info    0x00007569       0xb9 .\CortexM0\ARM_GCC_493\Debug\debug_ntp.a(CyBootAsmGnu.o)
 .debug_info    0x00007622      0x17f .\CortexM0\ARM_GCC_493\Debug\debug_ntp.a(UART_XB_SPI_UART_INT.o)
 .debug_info    0x000077a1      0x219 .\CortexM0\ARM_GCC_493\Debug\debug_ntp.a(uartDebug_SPI_UART.o)

.debug_abbrev   0x00000000     0x2328
 *(.debug_abbrev)
 .debug_abbrev  0x00000000      0x1a1 .\CortexM0\ARM_GCC_493\Debug\display.o
 .debug_abbrev  0x000001a1       0xf3 .\CortexM0\ARM_GCC_493\Debug\crc32.o
 .debug_abbrev  0x00000294      0x274 .\CortexM0\ARM_GCC_493\Debug\network.o
 .debug_abbrev  0x00000508      0x217 .\CortexM0\ARM_GCC_493\Debug\svt.o
 .debug_abbrev  0x0000071f      0x144 .\CortexM0\ARM_GCC_493\Debug\ntp.o
 .debug_abbrev  0x00000863      0x218 .\CortexM0\ARM_GCC_493\Debug\RTC_WDT.o
 .debug_abbrev  0x00000a7b       0xfd .\CortexM0\ARM_GCC_493\Debug\main.o
 .debug_abbrev  0x00000b78       0x5d .\CortexM0\ARM_GCC_493\Debug\cymetadata.o
 .debug_abbrev  0x00000bd5      0x1e6 .\CortexM0\ARM_GCC_493\Debug\Cm0Start.o
 .debug_abbrev  0x00000dbb      0x1b3 .\CortexM0\ARM_GCC_493\Debug\debug_ntp.a(cyfitter_cfg.o)
 .debug_abbrev  0x00000f6e      0x2b2 .\CortexM0\ARM_GCC_493\Debug\debug_ntp.a(RTC.o)
 .debug_abbrev  0x00001220      0x143 .\CortexM0\ARM_GCC_493\Debug\debug_ntp.a(UART_XB.o)
 .debug_abbrev  0x00001363      0x182 .\CortexM0\ARM_GCC_493\Debug\debug_ntp.a(UART_XB_SPI_UART.o)
 .debug_abbrev  0x000014e5      0x17d .\CortexM0\ARM_GCC_493\Debug\debug_ntp.a(UART_XB_UART.o)
 .debug_abbrev  0x00001662      0x18b .\CortexM0\ARM_GCC_493\Debug\debug_ntp.a(LCD.o)
 .debug_abbrev  0x000017ed      0x10d .\CortexM0\ARM_GCC_493\Debug\debug_ntp.a(LCD_CustChars.o)
 .debug_abbrev  0x000018fa      0x20d .\CortexM0\ARM_GCC_493\Debug\debug_ntp.a(CyLib.o)
 .debug_abbrev  0x00001b07      0x273 .\CortexM0\ARM_GCC_493\Debug\debug_ntp.a(CyLFClk.o)
 .debug_abbrev  0x00001d7a       0xc8 .\CortexM0\ARM_GCC_493\Debug\debug_ntp.a(debug.o)
 .debug_abbrev  0x00001e42       0xc8 .\CortexM0\ARM_GCC_493\Debug\debug_ntp.a(pinDebugNtp.o)
 .debug_abbrev  0x00001f0a       0xd5 .\CortexM0\ARM_GCC_493\Debug\debug_ntp.a(uartDebug.o)
 .debug_abbrev  0x00001fdf      0x14c .\CortexM0\ARM_GCC_493\Debug\debug_ntp.a(uartDebug_UART.o)
 .debug_abbrev  0x0000212b       0x14 .\CortexM0\ARM_GCC_493\Debug\debug_ntp.a(CyBootAsmGnu.o)
 .debug_abbrev  0x0000213f       0x9a .\CortexM0\ARM_GCC_493\Debug\debug_ntp.a(UART_XB_SPI_UART_INT.o)
 .debug_abbrev  0x000021d9      0x14f .\CortexM0\ARM_GCC_493\Debug\debug_ntp.a(uartDebug_SPI_UART.o)

.debug_line     0x00000000     0x30b8
 *(.debug_line)
 .debug_line    0x00000000      0x1fd .\CortexM0\ARM_GCC_493\Debug\display.o
 .debug_line    0x000001fd      0x1ac .\CortexM0\ARM_GCC_493\Debug\crc32.o
 .debug_line    0x000003a9      0x36f .\CortexM0\ARM_GCC_493\Debug\network.o
 .debug_line    0x00000718      0x31b .\CortexM0\ARM_GCC_493\Debug\svt.o
 .debug_line    0x00000a33      0x1ff .\CortexM0\ARM_GCC_493\Debug\ntp.o
 .debug_line    0x00000c32      0x253 .\CortexM0\ARM_GCC_493\Debug\RTC_WDT.o
 .debug_line    0x00000e85      0x1a6 .\CortexM0\ARM_GCC_493\Debug\main.o
 .debug_line    0x0000102b       0x51 .\CortexM0\ARM_GCC_493\Debug\cymetadata.o
 .debug_line    0x0000107c      0x24f .\CortexM0\ARM_GCC_493\Debug\Cm0Start.o
 .debug_line    0x000012cb      0x16f .\CortexM0\ARM_GCC_493\Debug\debug_ntp.a(cyfitter_cfg.o)
 .debug_line    0x0000143a      0x45b .\CortexM0\ARM_GCC_493\Debug\debug_ntp.a(RTC.o)
 .debug_line    0x00001895      0x142 .\CortexM0\ARM_GCC_493\Debug\debug_ntp.a(UART_XB.o)
 .debug_line    0x000019d7      0x155 .\CortexM0\ARM_GCC_493\Debug\debug_ntp.a(UART_XB_SPI_UART.o)
 .debug_line    0x00001b2c      0x1e2 .\CortexM0\ARM_GCC_493\Debug\debug_ntp.a(UART_XB_UART.o)
 .debug_line    0x00001d0e      0x1f0 .\CortexM0\ARM_GCC_493\Debug\debug_ntp.a(LCD.o)
 .debug_line    0x00001efe       0x84 .\CortexM0\ARM_GCC_493\Debug\debug_ntp.a(LCD_CustChars.o)
 .debug_line    0x00001f82      0x4cd .\CortexM0\ARM_GCC_493\Debug\debug_ntp.a(CyLib.o)
 .debug_line    0x0000244f      0x5dc .\CortexM0\ARM_GCC_493\Debug\debug_ntp.a(CyLFClk.o)
 .debug_line    0x00002a2b       0xbd .\CortexM0\ARM_GCC_493\Debug\debug_ntp.a(debug.o)
 .debug_line    0x00002ae8       0xc3 .\CortexM0\ARM_GCC_493\Debug\debug_ntp.a(pinDebugNtp.o)
 .debug_line    0x00002bab      0x112 .\CortexM0\ARM_GCC_493\Debug\debug_ntp.a(uartDebug.o)
 .debug_line    0x00002cbd      0x1bd .\CortexM0\ARM_GCC_493\Debug\debug_ntp.a(uartDebug_UART.o)
 .debug_line    0x00002e7a       0x68 .\CortexM0\ARM_GCC_493\Debug\debug_ntp.a(CyBootAsmGnu.o)
 .debug_line    0x00002ee2       0xb7 .\CortexM0\ARM_GCC_493\Debug\debug_ntp.a(UART_XB_SPI_UART_INT.o)
 .debug_line    0x00002f99      0x11f .\CortexM0\ARM_GCC_493\Debug\debug_ntp.a(uartDebug_SPI_UART.o)

.debug_frame    0x00000000     0x1ec4
 *(.debug_frame)
 .debug_frame   0x00000000       0xb8 .\CortexM0\ARM_GCC_493\Debug\display.o
 .debug_frame   0x000000b8       0x7c .\CortexM0\ARM_GCC_493\Debug\crc32.o
 .debug_frame   0x00000134       0xf8 .\CortexM0\ARM_GCC_493\Debug\network.o
 .debug_frame   0x0000022c       0x90 .\CortexM0\ARM_GCC_493\Debug\svt.o
 .debug_frame   0x000002bc       0x60 .\CortexM0\ARM_GCC_493\Debug\ntp.o
 .debug_frame   0x0000031c      0x118 .\CortexM0\ARM_GCC_493\Debug\RTC_WDT.o
 .debug_frame   0x00000434       0x2c .\CortexM0\ARM_GCC_493\Debug\main.o
 .debug_frame   0x00000460       0xbc .\CortexM0\ARM_GCC_493\Debug\Cm0Start.o
 .debug_frame   0x0000051c       0x78 .\CortexM0\ARM_GCC_493\Debug\debug_ntp.a(cyfitter_cfg.o)
 .debug_frame   0x00000594      0x288 .\CortexM0\ARM_GCC_493\Debug\debug_ntp.a(RTC.o)
 .debug_frame   0x0000081c      0x104 .\CortexM0\ARM_GCC_493\Debug\debug_ntp.a(UART_XB.o)
 .debug_frame   0x00000920       0xc8 .\CortexM0\ARM_GCC_493\Debug\debug_ntp.a(UART_XB_SPI_UART.o)
 .debug_frame   0x000009e8      0x130 .\CortexM0\ARM_GCC_493\Debug\debug_ntp.a(UART_XB_UART.o)
 .debug_frame   0x00000b18      0x1f0 .\CortexM0\ARM_GCC_493\Debug\debug_ntp.a(LCD.o)
 .debug_frame   0x00000d08       0x30 .\CortexM0\ARM_GCC_493\Debug\debug_ntp.a(LCD_CustChars.o)
 .debug_frame   0x00000d38      0x444 .\CortexM0\ARM_GCC_493\Debug\debug_ntp.a(CyLib.o)
 .debug_frame   0x0000117c      0x4a8 .\CortexM0\ARM_GCC_493\Debug\debug_ntp.a(CyLFClk.o)
 .debug_frame   0x00001624       0x70 .\CortexM0\ARM_GCC_493\Debug\debug_ntp.a(debug.o)
 .debug_frame   0x00001694       0x70 .\CortexM0\ARM_GCC_493\Debug\debug_ntp.a(pinDebugNtp.o)
 .debug_frame   0x00001704       0xd8 .\CortexM0\ARM_GCC_493\Debug\debug_ntp.a(uartDebug.o)
 .debug_frame   0x000017dc      0x130 .\CortexM0\ARM_GCC_493\Debug\debug_ntp.a(uartDebug_UART.o)
 .debug_frame   0x0000190c       0x2c .\CortexM0\ARM_GCC_493\Debug\debug_ntp.a(UART_XB_SPI_UART_INT.o)
 .debug_frame   0x00001938       0xb0 .\CortexM0\ARM_GCC_493\Debug\debug_ntp.a(uartDebug_SPI_UART.o)
 .debug_frame   0x000019e8       0x20 c:/program files (x86)/cypress/psoc creator/4.0/psoc creator/import/gnu/arm/4.9.3/bin/../lib/gcc/arm-none-eabi/4.9.3/armv6-m\libgcc.a(_udivsi3.o)
 .debug_frame   0x00001a08       0x20 c:/program files (x86)/cypress/psoc creator/4.0/psoc creator/import/gnu/arm/4.9.3/bin/../lib/gcc/arm-none-eabi/4.9.3/armv6-m\libgcc.a(_divsi3.o)
 .debug_frame   0x00001a28       0x50 c:/program files (x86)/cypress/psoc creator/4.0/psoc creator/import/gnu/arm/4.9.3/bin/../lib/gcc/arm-none-eabi/4.9.3/armv6-m\libgcc.a(bpabi.o)
 .debug_frame   0x00001a78       0x34 c:/program files (x86)/cypress/psoc creator/4.0/psoc creator/import/gnu/arm/4.9.3/bin/../lib/gcc/arm-none-eabi/4.9.3/armv6-m\libgcc.a(_muldi3.o)
 .debug_frame   0x00001aac       0x3c c:/program files (x86)/cypress/psoc creator/4.0/psoc creator/import/gnu/arm/4.9.3/bin/../lib/gcc/arm-none-eabi/4.9.3/armv6-m\libgcc.a(_divdi3.o)
 .debug_frame   0x00001ae8       0x3c c:/program files (x86)/cypress/psoc creator/4.0/psoc creator/import/gnu/arm/4.9.3/bin/../lib/gcc/arm-none-eabi/4.9.3/armv6-m\libgcc.a(_udivdi3.o)
 .debug_frame   0x00001b24       0x20 c:/program files (x86)/cypress/psoc creator/4.0/psoc creator/import/gnu/arm/4.9.3/bin/../lib/gcc/arm-none-eabi/4.9.3/../../../../arm-none-eabi/lib/armv6-m\libg_nano.a(lib_a-errno.o)
 .debug_frame   0x00001b44       0x28 c:/program files (x86)/cypress/psoc creator/4.0/psoc creator/import/gnu/arm/4.9.3/bin/../lib/gcc/arm-none-eabi/4.9.3/../../../../arm-none-eabi/lib/armv6-m\libg_nano.a(lib_a-exit.o)
 .debug_frame   0x00001b6c       0x2c c:/program files (x86)/cypress/psoc creator/4.0/psoc creator/import/gnu/arm/4.9.3/bin/../lib/gcc/arm-none-eabi/4.9.3/../../../../arm-none-eabi/lib/armv6-m\libg_nano.a(lib_a-init.o)
 .debug_frame   0x00001b98       0x28 c:/program files (x86)/cypress/psoc creator/4.0/psoc creator/import/gnu/arm/4.9.3/bin/../lib/gcc/arm-none-eabi/4.9.3/../../../../arm-none-eabi/lib/armv6-m\libg_nano.a(lib_a-memcpy.o)
 .debug_frame   0x00001bc0       0x20 c:/program files (x86)/cypress/psoc creator/4.0/psoc creator/import/gnu/arm/4.9.3/bin/../lib/gcc/arm-none-eabi/4.9.3/../../../../arm-none-eabi/lib/armv6-m\libg_nano.a(lib_a-memset.o)
 .debug_frame   0x00001be0       0x50 c:/program files (x86)/cypress/psoc creator/4.0/psoc creator/import/gnu/arm/4.9.3/bin/../lib/gcc/arm-none-eabi/4.9.3/../../../../arm-none-eabi/lib/armv6-m\libg_nano.a(lib_a-sprintf.o)
 .debug_frame   0x00001c30       0x28 c:/program files (x86)/cypress/psoc creator/4.0/psoc creator/import/gnu/arm/4.9.3/bin/../lib/gcc/arm-none-eabi/4.9.3/../../../../arm-none-eabi/lib/armv6-m\libg_nano.a(lib_a-strcat.o)
 .debug_frame   0x00001c58       0x20 c:/program files (x86)/cypress/psoc creator/4.0/psoc creator/import/gnu/arm/4.9.3/bin/../lib/gcc/arm-none-eabi/4.9.3/../../../../arm-none-eabi/lib/armv6-m\libg_nano.a(lib_a-strcpy.o)
 .debug_frame   0x00001c78       0x20 c:/program files (x86)/cypress/psoc creator/4.0/psoc creator/import/gnu/arm/4.9.3/bin/../lib/gcc/arm-none-eabi/4.9.3/../../../../arm-none-eabi/lib/armv6-m\libg_nano.a(lib_a-strlen.o)
 .debug_frame   0x00001c98       0x74 c:/program files (x86)/cypress/psoc creator/4.0/psoc creator/import/gnu/arm/4.9.3/bin/../lib/gcc/arm-none-eabi/4.9.3/../../../../arm-none-eabi/lib/armv6-m\libg_nano.a(lib_a-nano-svfprintf.o)
 .debug_frame   0x00001d0c       0x54 c:/program files (x86)/cypress/psoc creator/4.0/psoc creator/import/gnu/arm/4.9.3/bin/../lib/gcc/arm-none-eabi/4.9.3/../../../../arm-none-eabi/lib/armv6-m\libg_nano.a(lib_a-nano-vfprintf_i.o)
 .debug_frame   0x00001d60       0x20 c:/program files (x86)/cypress/psoc creator/4.0/psoc creator/import/gnu/arm/4.9.3/bin/../lib/gcc/arm-none-eabi/4.9.3/../../../../arm-none-eabi/lib/armv6-m\libg_nano.a(lib_a-memchr.o)
 .debug_frame   0x00001d80       0x28 c:/program files (x86)/cypress/psoc creator/4.0/psoc creator/import/gnu/arm/4.9.3/bin/../lib/gcc/arm-none-eabi/4.9.3/../../../../arm-none-eabi/lib/armv6-m\libg_nano.a(lib_a-memmove.o)
 .debug_frame   0x00001da8       0x2c c:/program files (x86)/cypress/psoc creator/4.0/psoc creator/import/gnu/arm/4.9.3/bin/../lib/gcc/arm-none-eabi/4.9.3/../../../../arm-none-eabi/lib/armv6-m\libg_nano.a(lib_a-nano-freer.o)
 .debug_frame   0x00001dd4       0x2c c:/program files (x86)/cypress/psoc creator/4.0/psoc creator/import/gnu/arm/4.9.3/bin/../lib/gcc/arm-none-eabi/4.9.3/../../../../arm-none-eabi/lib/armv6-m\libg_nano.a(lib_a-nano-mallocr.o)
 .debug_frame   0x00001e00       0x30 c:/program files (x86)/cypress/psoc creator/4.0/psoc creator/import/gnu/arm/4.9.3/bin/../lib/gcc/arm-none-eabi/4.9.3/../../../../arm-none-eabi/lib/armv6-m\libg_nano.a(lib_a-nano-reallocr.o)
 .debug_frame   0x00001e30       0x2c c:/program files (x86)/cypress/psoc creator/4.0/psoc creator/import/gnu/arm/4.9.3/bin/../lib/gcc/arm-none-eabi/4.9.3/../../../../arm-none-eabi/lib/armv6-m\libg_nano.a(lib_a-sbrkr.o)
 .debug_frame   0x00001e5c       0x20 c:/program files (x86)/cypress/psoc creator/4.0/psoc creator/import/gnu/arm/4.9.3/bin/../lib/gcc/arm-none-eabi/4.9.3/../../../../arm-none-eabi/lib/armv6-m\libg_nano.a(lib_a-nano-msizer.o)
 .debug_frame   0x00001e7c       0x48 c:/program files (x86)/cypress/psoc creator/4.0/psoc creator/import/gnu/arm/4.9.3/bin/../lib/gcc/arm-none-eabi/4.9.3/../../../../arm-none-eabi/lib/armv6-m\libg_nano.a(lib_a-reent.o)

.debug_str      0x00000000     0x26cb
 *(.debug_str)
 .debug_str     0x00000000      0x2c1 .\CortexM0\ARM_GCC_493\Debug\display.o
                                0x315 (size before relaxing)
 .debug_str     0x000002c1       0x6f .\CortexM0\ARM_GCC_493\Debug\crc32.o
                                0x21b (size before relaxing)
 .debug_str     0x00000330      0x343 .\CortexM0\ARM_GCC_493\Debug\network.o
                                0x568 (size before relaxing)
 .debug_str     0x00000673       0xf5 .\CortexM0\ARM_GCC_493\Debug\svt.o
                                0x3ed (size before relaxing)
 .debug_str     0x00000768      0x147 .\CortexM0\ARM_GCC_493\Debug\ntp.o
                                0x358 (size before relaxing)
 .debug_str     0x000008af      0x122 .\CortexM0\ARM_GCC_493\Debug\RTC_WDT.o
                                0x395 (size before relaxing)
 .debug_str     0x000009d1        0xc .\CortexM0\ARM_GCC_493\Debug\main.o
                                0x214 (size before relaxing)
 .debug_str     0x000009dd       0x59 .\CortexM0\ARM_GCC_493\Debug\cymetadata.o
                                0x1f7 (size before relaxing)
 .debug_str     0x00000a36      0x14e .\CortexM0\ARM_GCC_493\Debug\Cm0Start.o
                                0x31e (size before relaxing)
 .debug_str     0x00000b84      0x107 .\CortexM0\ARM_GCC_493\Debug\debug_ntp.a(cyfitter_cfg.o)
                                0x2e0 (size before relaxing)
 .debug_str     0x00000c8b      0x360 .\CortexM0\ARM_GCC_493\Debug\debug_ntp.a(RTC.o)
                                0x5e9 (size before relaxing)
 .debug_str     0x00000feb      0x194 .\CortexM0\ARM_GCC_493\Debug\debug_ntp.a(UART_XB.o)
                                0x360 (size before relaxing)
 .debug_str     0x0000117f      0x1c6 .\CortexM0\ARM_GCC_493\Debug\debug_ntp.a(UART_XB_SPI_UART.o)
                                0x3d1 (size before relaxing)
 .debug_str     0x00001345      0x164 .\CortexM0\ARM_GCC_493\Debug\debug_ntp.a(UART_XB_UART.o)
                                0x49d (size before relaxing)
 .debug_str     0x000014a9      0x163 .\CortexM0\ARM_GCC_493\Debug\debug_ntp.a(LCD.o)
                                0x36d (size before relaxing)
 .debug_str     0x0000160c       0x32 .\CortexM0\ARM_GCC_493\Debug\debug_ntp.a(LCD_CustChars.o)
                                0x227 (size before relaxing)
 .debug_str     0x0000163e      0x4c0 .\CortexM0\ARM_GCC_493\Debug\debug_ntp.a(CyLib.o)
                                0x758 (size before relaxing)
 .debug_str     0x00001afe      0x6c8 .\CortexM0\ARM_GCC_493\Debug\debug_ntp.a(CyLFClk.o)
                                0x955 (size before relaxing)
 .debug_str     0x000021c6       0x9f .\CortexM0\ARM_GCC_493\Debug\debug_ntp.a(debug.o)
                                0x25f (size before relaxing)
 .debug_str     0x00002265       0x9f .\CortexM0\ARM_GCC_493\Debug\debug_ntp.a(pinDebugNtp.o)
                                0x289 (size before relaxing)
 .debug_str     0x00002304      0x11c .\CortexM0\ARM_GCC_493\Debug\debug_ntp.a(uartDebug.o)
                                0x2fa (size before relaxing)
 .debug_str     0x00002420      0x187 .\CortexM0\ARM_GCC_493\Debug\debug_ntp.a(uartDebug_UART.o)
                                0x40a (size before relaxing)
 .debug_str     0x000025a7       0x43 .\CortexM0\ARM_GCC_493\Debug\debug_ntp.a(UART_XB_SPI_UART_INT.o)
                                0x2c4 (size before relaxing)
 .debug_str     0x000025ea       0xe1 .\CortexM0\ARM_GCC_493\Debug\debug_ntp.a(uartDebug_SPI_UART.o)
                                0x31d (size before relaxing)

.debug_loc      0x00000000     0x4409
 *(.debug_loc)
 .debug_loc     0x00000000      0x139 .\CortexM0\ARM_GCC_493\Debug\display.o
 .debug_loc     0x00000139      0x216 .\CortexM0\ARM_GCC_493\Debug\crc32.o
 .debug_loc     0x0000034f      0x311 .\CortexM0\ARM_GCC_493\Debug\network.o
 .debug_loc     0x00000660      0x411 .\CortexM0\ARM_GCC_493\Debug\svt.o
 .debug_loc     0x00000a71      0x25f .\CortexM0\ARM_GCC_493\Debug\ntp.o
 .debug_loc     0x00000cd0      0x236 .\CortexM0\ARM_GCC_493\Debug\RTC_WDT.o
 .debug_loc     0x00000f06      0x14f .\CortexM0\ARM_GCC_493\Debug\Cm0Start.o
 .debug_loc     0x00001055       0xa9 .\CortexM0\ARM_GCC_493\Debug\debug_ntp.a(cyfitter_cfg.o)
 .debug_loc     0x000010fe     0x13ee .\CortexM0\ARM_GCC_493\Debug\debug_ntp.a(RTC.o)
 .debug_loc     0x000024ec       0x7e .\CortexM0\ARM_GCC_493\Debug\debug_ntp.a(UART_XB.o)
 .debug_loc     0x0000256a      0x170 .\CortexM0\ARM_GCC_493\Debug\debug_ntp.a(UART_XB_SPI_UART.o)
 .debug_loc     0x000026da      0x1bd .\CortexM0\ARM_GCC_493\Debug\debug_ntp.a(UART_XB_UART.o)
 .debug_loc     0x00002897      0x3e3 .\CortexM0\ARM_GCC_493\Debug\debug_ntp.a(LCD.o)
 .debug_loc     0x00002c7a       0x56 .\CortexM0\ARM_GCC_493\Debug\debug_ntp.a(LCD_CustChars.o)
 .debug_loc     0x00002cd0      0x53e .\CortexM0\ARM_GCC_493\Debug\debug_ntp.a(CyLib.o)
 .debug_loc     0x0000320e      0xdb4 .\CortexM0\ARM_GCC_493\Debug\debug_ntp.a(CyLFClk.o)
 .debug_loc     0x00003fc2       0xa2 .\CortexM0\ARM_GCC_493\Debug\debug_ntp.a(debug.o)
 .debug_loc     0x00004064       0xa2 .\CortexM0\ARM_GCC_493\Debug\debug_ntp.a(pinDebugNtp.o)
 .debug_loc     0x00004106       0x7e .\CortexM0\ARM_GCC_493\Debug\debug_ntp.a(uartDebug.o)
 .debug_loc     0x00004184      0x1b2 .\CortexM0\ARM_GCC_493\Debug\debug_ntp.a(uartDebug_UART.o)
 .debug_loc     0x00004336       0x3d .\CortexM0\ARM_GCC_493\Debug\debug_ntp.a(UART_XB_SPI_UART_INT.o)
 .debug_loc     0x00004373       0x96 .\CortexM0\ARM_GCC_493\Debug\debug_ntp.a(uartDebug_SPI_UART.o)

.debug_macinfo
 *(.debug_macinfo)

.debug_ranges   0x00000000      0x8d0
 *(.debug_ranges)
 .debug_ranges  0x00000000       0x38 .\CortexM0\ARM_GCC_493\Debug\display.o
 .debug_ranges  0x00000038       0x28 .\CortexM0\ARM_GCC_493\Debug\crc32.o
 .debug_ranges  0x00000060       0x40 .\CortexM0\ARM_GCC_493\Debug\network.o
 .debug_ranges  0x000000a0       0x30 .\CortexM0\ARM_GCC_493\Debug\svt.o
 .debug_ranges  0x000000d0       0x28 .\CortexM0\ARM_GCC_493\Debug\ntp.o
 .debug_ranges  0x000000f8       0x58 .\CortexM0\ARM_GCC_493\Debug\RTC_WDT.o
 .debug_ranges  0x00000150       0x10 .\CortexM0\ARM_GCC_493\Debug\main.o
 .debug_ranges  0x00000160       0x38 .\CortexM0\ARM_GCC_493\Debug\Cm0Start.o
 .debug_ranges  0x00000198       0x28 .\CortexM0\ARM_GCC_493\Debug\debug_ntp.a(cyfitter_cfg.o)
 .debug_ranges  0x000001c0       0xb0 .\CortexM0\ARM_GCC_493\Debug\debug_ntp.a(RTC.o)
 .debug_ranges  0x00000270       0x58 .\CortexM0\ARM_GCC_493\Debug\debug_ntp.a(UART_XB.o)
 .debug_ranges  0x000002c8       0x50 .\CortexM0\ARM_GCC_493\Debug\debug_ntp.a(UART_XB_SPI_UART.o)
 .debug_ranges  0x00000318       0x78 .\CortexM0\ARM_GCC_493\Debug\debug_ntp.a(UART_XB_UART.o)
 .debug_ranges  0x00000390       0x88 .\CortexM0\ARM_GCC_493\Debug\debug_ntp.a(LCD.o)
 .debug_ranges  0x00000418       0x10 .\CortexM0\ARM_GCC_493\Debug\debug_ntp.a(LCD_CustChars.o)
 .debug_ranges  0x00000428      0x1a0 .\CortexM0\ARM_GCC_493\Debug\debug_ntp.a(CyLib.o)
 .debug_ranges  0x000005c8      0x178 .\CortexM0\ARM_GCC_493\Debug\debug_ntp.a(CyLFClk.o)
 .debug_ranges  0x00000740       0x38 .\CortexM0\ARM_GCC_493\Debug\debug_ntp.a(debug.o)
 .debug_ranges  0x00000778       0x38 .\CortexM0\ARM_GCC_493\Debug\debug_ntp.a(pinDebugNtp.o)
 .debug_ranges  0x000007b0       0x48 .\CortexM0\ARM_GCC_493\Debug\debug_ntp.a(uartDebug.o)
 .debug_ranges  0x000007f8       0x78 .\CortexM0\ARM_GCC_493\Debug\debug_ntp.a(uartDebug_UART.o)
 .debug_ranges  0x00000870       0x10 .\CortexM0\ARM_GCC_493\Debug\debug_ntp.a(UART_XB_SPI_UART_INT.o)
 .debug_ranges  0x00000880       0x50 .\CortexM0\ARM_GCC_493\Debug\debug_ntp.a(uartDebug_SPI_UART.o)

.comment        0x00000000       0x70
 .comment       0x00000000       0x70 .\CortexM0\ARM_GCC_493\Debug\display.o
                                 0x71 (size before relaxing)
 .comment       0x00000000       0x71 .\CortexM0\ARM_GCC_493\Debug\crc32.o
 .comment       0x00000000       0x71 .\CortexM0\ARM_GCC_493\Debug\network.o
 .comment       0x00000000       0x71 .\CortexM0\ARM_GCC_493\Debug\svt.o
 .comment       0x00000000       0x71 .\CortexM0\ARM_GCC_493\Debug\ntp.o
 .comment       0x00000000       0x71 .\CortexM0\ARM_GCC_493\Debug\RTC_WDT.o
 .comment       0x00000000       0x71 .\CortexM0\ARM_GCC_493\Debug\main.o
 .comment       0x00000000       0x71 .\CortexM0\ARM_GCC_493\Debug\cymetadata.o
 .comment       0x00000000       0x71 .\CortexM0\ARM_GCC_493\Debug\Cm0Start.o
 .comment       0x00000000       0x71 .\CortexM0\ARM_GCC_493\Debug\debug_ntp.a(cyfitter_cfg.o)
 .comment       0x00000000       0x71 .\CortexM0\ARM_GCC_493\Debug\debug_ntp.a(RTC.o)
 .comment       0x00000000       0x71 .\CortexM0\ARM_GCC_493\Debug\debug_ntp.a(UART_XB.o)
 .comment       0x00000000       0x71 .\CortexM0\ARM_GCC_493\Debug\debug_ntp.a(UART_XB_SPI_UART.o)
 .comment       0x00000000       0x71 .\CortexM0\ARM_GCC_493\Debug\debug_ntp.a(UART_XB_UART.o)
 .comment       0x00000000       0x71 .\CortexM0\ARM_GCC_493\Debug\debug_ntp.a(LCD.o)
 .comment       0x00000000       0x71 .\CortexM0\ARM_GCC_493\Debug\debug_ntp.a(LCD_CustChars.o)
 .comment       0x00000000       0x71 .\CortexM0\ARM_GCC_493\Debug\debug_ntp.a(CyLib.o)
 .comment       0x00000000       0x71 .\CortexM0\ARM_GCC_493\Debug\debug_ntp.a(CyLFClk.o)
 .comment       0x00000000       0x71 .\CortexM0\ARM_GCC_493\Debug\debug_ntp.a(debug.o)
 .comment       0x00000000       0x71 .\CortexM0\ARM_GCC_493\Debug\debug_ntp.a(pinDebugNtp.o)
 .comment       0x00000000       0x71 .\CortexM0\ARM_GCC_493\Debug\debug_ntp.a(uartDebug.o)
 .comment       0x00000000       0x71 .\CortexM0\ARM_GCC_493\Debug\debug_ntp.a(uartDebug_UART.o)
 .comment       0x00000000       0x71 .\CortexM0\ARM_GCC_493\Debug\debug_ntp.a(UART_XB_SPI_UART_INT.o)
 .comment       0x00000000       0x71 .\CortexM0\ARM_GCC_493\Debug\debug_ntp.a(uartDebug_SPI_UART.o)

.debug_weaknames
 *(.debug_weaknames)

.debug_funcnames
 *(.debug_funcnames)

.debug_typenames
 *(.debug_typenames)

.debug_varnames
 *(.debug_varnames)

.note.gnu.arm.ident
 *(.note.gnu.arm.ident)

.ARM.attributes
                0x00000000       0x28
 *(.ARM.attributes)
 .ARM.attributes
                0x00000000       0x1e c:/program files (x86)/cypress/psoc creator/4.0/psoc creator/import/gnu/arm/4.9.3/bin/../lib/gcc/arm-none-eabi/4.9.3/armv6-m/crti.o
 .ARM.attributes
                0x0000001e       0x2c c:/program files (x86)/cypress/psoc creator/4.0/psoc creator/import/gnu/arm/4.9.3/bin/../lib/gcc/arm-none-eabi/4.9.3/armv6-m/crtbegin.o
 .ARM.attributes
                0x0000004a       0x1b c:/program files (x86)/cypress/psoc creator/4.0/psoc creator/import/gnu/arm/4.9.3/bin/../lib/gcc/arm-none-eabi/4.9.3/../../../../arm-none-eabi/lib/armv6-m/crt0.o
 .ARM.attributes
                0x00000065       0x31 .\CortexM0\ARM_GCC_493\Debug\display.o
 .ARM.attributes
                0x00000096       0x31 .\CortexM0\ARM_GCC_493\Debug\crc32.o
 .ARM.attributes
                0x000000c7       0x31 .\CortexM0\ARM_GCC_493\Debug\network.o
 .ARM.attributes
                0x000000f8       0x31 .\CortexM0\ARM_GCC_493\Debug\svt.o
 .ARM.attributes
                0x00000129       0x31 .\CortexM0\ARM_GCC_493\Debug\ntp.o
 .ARM.attributes
                0x0000015a       0x31 .\CortexM0\ARM_GCC_493\Debug\RTC_WDT.o
 .ARM.attributes
                0x0000018b       0x31 .\CortexM0\ARM_GCC_493\Debug\main.o
 .ARM.attributes
                0x000001bc       0x31 .\CortexM0\ARM_GCC_493\Debug\cymetadata.o
 .ARM.attributes
                0x000001ed       0x31 .\CortexM0\ARM_GCC_493\Debug\Cm0Start.o
 .ARM.attributes
                0x0000021e       0x31 .\CortexM0\ARM_GCC_493\Debug\debug_ntp.a(cyfitter_cfg.o)
 .ARM.attributes
                0x0000024f       0x31 .\CortexM0\ARM_GCC_493\Debug\debug_ntp.a(RTC.o)
 .ARM.attributes
                0x00000280       0x31 .\CortexM0\ARM_GCC_493\Debug\debug_ntp.a(UART_XB.o)
 .ARM.attributes
                0x000002b1       0x31 .\CortexM0\ARM_GCC_493\Debug\debug_ntp.a(UART_XB_SPI_UART.o)
 .ARM.attributes
                0x000002e2       0x31 .\CortexM0\ARM_GCC_493\Debug\debug_ntp.a(UART_XB_UART.o)
 .ARM.attributes
                0x00000313       0x31 .\CortexM0\ARM_GCC_493\Debug\debug_ntp.a(LCD.o)
 .ARM.attributes
                0x00000344       0x31 .\CortexM0\ARM_GCC_493\Debug\debug_ntp.a(LCD_CustChars.o)
 .ARM.attributes
                0x00000375       0x31 .\CortexM0\ARM_GCC_493\Debug\debug_ntp.a(CyLib.o)
 .ARM.attributes
                0x000003a6       0x31 .\CortexM0\ARM_GCC_493\Debug\debug_ntp.a(CyLFClk.o)
 .ARM.attributes
                0x000003d7       0x31 .\CortexM0\ARM_GCC_493\Debug\debug_ntp.a(debug.o)
 .ARM.attributes
                0x00000408       0x31 .\CortexM0\ARM_GCC_493\Debug\debug_ntp.a(pinDebugNtp.o)
 .ARM.attributes
                0x00000439       0x31 .\CortexM0\ARM_GCC_493\Debug\debug_ntp.a(uartDebug.o)
 .ARM.attributes
                0x0000046a       0x31 .\CortexM0\ARM_GCC_493\Debug\debug_ntp.a(uartDebug_UART.o)
 .ARM.attributes
                0x0000049b       0x21 .\CortexM0\ARM_GCC_493\Debug\debug_ntp.a(CyBootAsmGnu.o)
 .ARM.attributes
                0x000004bc       0x31 .\CortexM0\ARM_GCC_493\Debug\debug_ntp.a(UART_XB_SPI_UART_INT.o)
 .ARM.attributes
                0x000004ed       0x31 .\CortexM0\ARM_GCC_493\Debug\debug_ntp.a(uartDebug_SPI_UART.o)
 .ARM.attributes
                0x0000051e       0x1e c:/program files (x86)/cypress/psoc creator/4.0/psoc creator/import/gnu/arm/4.9.3/bin/../lib/gcc/arm-none-eabi/4.9.3/armv6-m\libgcc.a(_udivsi3.o)
 .ARM.attributes
                0x0000053c       0x1e c:/program files (x86)/cypress/psoc creator/4.0/psoc creator/import/gnu/arm/4.9.3/bin/../lib/gcc/arm-none-eabi/4.9.3/armv6-m\libgcc.a(_divsi3.o)
 .ARM.attributes
                0x0000055a       0x1e c:/program files (x86)/cypress/psoc creator/4.0/psoc creator/import/gnu/arm/4.9.3/bin/../lib/gcc/arm-none-eabi/4.9.3/armv6-m\libgcc.a(_dvmd_tls.o)
 .ARM.attributes
                0x00000578       0x1e c:/program files (x86)/cypress/psoc creator/4.0/psoc creator/import/gnu/arm/4.9.3/bin/../lib/gcc/arm-none-eabi/4.9.3/armv6-m\libgcc.a(_aeabi_uldivmod.o)
 .ARM.attributes
                0x00000596       0x2c c:/program files (x86)/cypress/psoc creator/4.0/psoc creator/import/gnu/arm/4.9.3/bin/../lib/gcc/arm-none-eabi/4.9.3/armv6-m\libgcc.a(bpabi.o)
 .ARM.attributes
                0x000005c2       0x2c c:/program files (x86)/cypress/psoc creator/4.0/psoc creator/import/gnu/arm/4.9.3/bin/../lib/gcc/arm-none-eabi/4.9.3/armv6-m\libgcc.a(_muldi3.o)
 .ARM.attributes
                0x000005ee       0x2c c:/program files (x86)/cypress/psoc creator/4.0/psoc creator/import/gnu/arm/4.9.3/bin/../lib/gcc/arm-none-eabi/4.9.3/armv6-m\libgcc.a(_divdi3.o)
 .ARM.attributes
                0x0000061a       0x2c c:/program files (x86)/cypress/psoc creator/4.0/psoc creator/import/gnu/arm/4.9.3/bin/../lib/gcc/arm-none-eabi/4.9.3/armv6-m\libgcc.a(_udivdi3.o)
 .ARM.attributes
                0x00000646       0x1e c:/program files (x86)/cypress/psoc creator/4.0/psoc creator/import/gnu/arm/4.9.3/bin/../lib/gcc/arm-none-eabi/4.9.3/armv6-m\libgcc.a(_clzdi2.o)
 .ARM.attributes
                0x00000664       0x1e c:/program files (x86)/cypress/psoc creator/4.0/psoc creator/import/gnu/arm/4.9.3/bin/../lib/gcc/arm-none-eabi/4.9.3/armv6-m\libgcc.a(_clzsi2.o)
 .ARM.attributes
                0x00000682       0x2c c:/program files (x86)/cypress/psoc creator/4.0/psoc creator/import/gnu/arm/4.9.3/bin/../lib/gcc/arm-none-eabi/4.9.3/../../../../arm-none-eabi/lib/armv6-m\libg_nano.a(lib_a-errno.o)
 .ARM.attributes
                0x000006ae       0x2c c:/program files (x86)/cypress/psoc creator/4.0/psoc creator/import/gnu/arm/4.9.3/bin/../lib/gcc/arm-none-eabi/4.9.3/../../../../arm-none-eabi/lib/armv6-m\libg_nano.a(lib_a-exit.o)
 .ARM.attributes
                0x000006da       0x2c c:/program files (x86)/cypress/psoc creator/4.0/psoc creator/import/gnu/arm/4.9.3/bin/../lib/gcc/arm-none-eabi/4.9.3/../../../../arm-none-eabi/lib/armv6-m\libg_nano.a(lib_a-impure.o)
 .ARM.attributes
                0x00000706       0x2c c:/program files (x86)/cypress/psoc creator/4.0/psoc creator/import/gnu/arm/4.9.3/bin/../lib/gcc/arm-none-eabi/4.9.3/../../../../arm-none-eabi/lib/armv6-m\libg_nano.a(lib_a-init.o)
 .ARM.attributes
                0x00000732       0x2c c:/program files (x86)/cypress/psoc creator/4.0/psoc creator/import/gnu/arm/4.9.3/bin/../lib/gcc/arm-none-eabi/4.9.3/../../../../arm-none-eabi/lib/armv6-m\libg_nano.a(lib_a-memcpy.o)
 .ARM.attributes
                0x0000075e       0x2c c:/program files (x86)/cypress/psoc creator/4.0/psoc creator/import/gnu/arm/4.9.3/bin/../lib/gcc/arm-none-eabi/4.9.3/../../../../arm-none-eabi/lib/armv6-m\libg_nano.a(lib_a-memset.o)
 .ARM.attributes
                0x0000078a       0x2c c:/program files (x86)/cypress/psoc creator/4.0/psoc creator/import/gnu/arm/4.9.3/bin/../lib/gcc/arm-none-eabi/4.9.3/../../../../arm-none-eabi/lib/armv6-m\libg_nano.a(lib_a-sprintf.o)
 .ARM.attributes
                0x000007b6       0x2c c:/program files (x86)/cypress/psoc creator/4.0/psoc creator/import/gnu/arm/4.9.3/bin/../lib/gcc/arm-none-eabi/4.9.3/../../../../arm-none-eabi/lib/armv6-m\libg_nano.a(lib_a-strcat.o)
 .ARM.attributes
                0x000007e2       0x2c c:/program files (x86)/cypress/psoc creator/4.0/psoc creator/import/gnu/arm/4.9.3/bin/../lib/gcc/arm-none-eabi/4.9.3/../../../../arm-none-eabi/lib/armv6-m\libg_nano.a(lib_a-strcpy.o)
 .ARM.attributes
                0x0000080e       0x2c c:/program files (x86)/cypress/psoc creator/4.0/psoc creator/import/gnu/arm/4.9.3/bin/../lib/gcc/arm-none-eabi/4.9.3/../../../../arm-none-eabi/lib/armv6-m\libg_nano.a(lib_a-strlen.o)
 .ARM.attributes
                0x0000083a       0x2c c:/program files (x86)/cypress/psoc creator/4.0/psoc creator/import/gnu/arm/4.9.3/bin/../lib/gcc/arm-none-eabi/4.9.3/../../../../arm-none-eabi/lib/armv6-m\libg_nano.a(lib_a-nano-svfprintf.o)
 .ARM.attributes
                0x00000866       0x2c c:/program files (x86)/cypress/psoc creator/4.0/psoc creator/import/gnu/arm/4.9.3/bin/../lib/gcc/arm-none-eabi/4.9.3/../../../../arm-none-eabi/lib/armv6-m\libg_nano.a(lib_a-nano-vfprintf_i.o)
 .ARM.attributes
                0x00000892       0x2c c:/program files (x86)/cypress/psoc creator/4.0/psoc creator/import/gnu/arm/4.9.3/bin/../lib/gcc/arm-none-eabi/4.9.3/../../../../arm-none-eabi/lib/armv6-m\libg_nano.a(lib_a-memchr.o)
 .ARM.attributes
                0x000008be       0x2c c:/program files (x86)/cypress/psoc creator/4.0/psoc creator/import/gnu/arm/4.9.3/bin/../lib/gcc/arm-none-eabi/4.9.3/../../../../arm-none-eabi/lib/armv6-m\libg_nano.a(lib_a-memmove.o)
 .ARM.attributes
                0x000008ea       0x2c c:/program files (x86)/cypress/psoc creator/4.0/psoc creator/import/gnu/arm/4.9.3/bin/../lib/gcc/arm-none-eabi/4.9.3/../../../../arm-none-eabi/lib/armv6-m\libg_nano.a(lib_a-nano-freer.o)
 .ARM.attributes
                0x00000916       0x2c c:/program files (x86)/cypress/psoc creator/4.0/psoc creator/import/gnu/arm/4.9.3/bin/../lib/gcc/arm-none-eabi/4.9.3/../../../../arm-none-eabi/lib/armv6-m\libg_nano.a(lib_a-nano-mallocr.o)
 .ARM.attributes
                0x00000942       0x2c c:/program files (x86)/cypress/psoc creator/4.0/psoc creator/import/gnu/arm/4.9.3/bin/../lib/gcc/arm-none-eabi/4.9.3/../../../../arm-none-eabi/lib/armv6-m\libg_nano.a(lib_a-nano-reallocr.o)
 .ARM.attributes
                0x0000096e       0x2c c:/program files (x86)/cypress/psoc creator/4.0/psoc creator/import/gnu/arm/4.9.3/bin/../lib/gcc/arm-none-eabi/4.9.3/../../../../arm-none-eabi/lib/armv6-m\libg_nano.a(lib_a-sbrkr.o)
 .ARM.attributes
                0x0000099a       0x2c c:/program files (x86)/cypress/psoc creator/4.0/psoc creator/import/gnu/arm/4.9.3/bin/../lib/gcc/arm-none-eabi/4.9.3/../../../../arm-none-eabi/lib/armv6-m\libg_nano.a(lib_a-nano-msizer.o)
 .ARM.attributes
                0x000009c6       0x2c c:/program files (x86)/cypress/psoc creator/4.0/psoc creator/import/gnu/arm/4.9.3/bin/../lib/gcc/arm-none-eabi/4.9.3/../../../../arm-none-eabi/lib/armv6-m\libg_nano.a(lib_a-reent.o)
 .ARM.attributes
                0x000009f2       0x2c c:/program files (x86)/cypress/psoc creator/4.0/psoc creator/import/gnu/arm/4.9.3/bin/../lib/gcc/arm-none-eabi/4.9.3/armv6-m/crtend.o
 .ARM.attributes
                0x00000a1e       0x1e c:/program files (x86)/cypress/psoc creator/4.0/psoc creator/import/gnu/arm/4.9.3/bin/../lib/gcc/arm-none-eabi/4.9.3/armv6-m/crtn.o

/DISCARD/
 *(.note.GNU-stack)
OUTPUT(.\CortexM0\ARM_GCC_493\Debug\debug_ntp.elf elf32-littlearm)
