Archive member included because of file (symbol)

.\CortexM0\ARM_GCC_493\Debug\debug_ntp.a(cyfitter_cfg.o)
                              .\CortexM0\ARM_GCC_493\Debug\Cm0Start.o (cyfitter_cfg)
.\CortexM0\ARM_GCC_493\Debug\debug_ntp.a(RTC.o)
                              .\CortexM0\ARM_GCC_493\Debug\network.o (RTC_GetUnixTime)
.\CortexM0\ARM_GCC_493\Debug\debug_ntp.a(UART_XB.o)
                              .\CortexM0\ARM_GCC_493\Debug\network.o (UART_XB_Start)
.\CortexM0\ARM_GCC_493\Debug\debug_ntp.a(UART_XB_SPI_UART.o)
                              .\CortexM0\ARM_GCC_493\Debug\network.o (UART_XB_SpiUartGetRxBufferSize)
.\CortexM0\ARM_GCC_493\Debug\debug_ntp.a(UART_XB_UART.o)
                              .\CortexM0\ARM_GCC_493\Debug\debug_ntp.a(UART_XB.o) (UART_XB_UartInit)
.\CortexM0\ARM_GCC_493\Debug\debug_ntp.a(LCD.o)
                              .\CortexM0\ARM_GCC_493\Debug\display.o (LCD_PrintString)
.\CortexM0\ARM_GCC_493\Debug\debug_ntp.a(LCD_CustChars.o)
                              .\CortexM0\ARM_GCC_493\Debug\debug_ntp.a(LCD.o) (LCD_LoadCustomFonts)
.\CortexM0\ARM_GCC_493\Debug\debug_ntp.a(CyLib.o)
                              .\CortexM0\ARM_GCC_493\Debug\debug_ntp.a(cyfitter_cfg.o) (CySysClkWriteImoFreq)
.\CortexM0\ARM_GCC_493\Debug\debug_ntp.a(CyLFClk.o)
                              .\CortexM0\ARM_GCC_493\Debug\debug_ntp.a(cyfitter_cfg.o) (CySysClkWcoStart)
.\CortexM0\ARM_GCC_493\Debug\debug_ntp.a(debug.o)
                              .\CortexM0\ARM_GCC_493\Debug\RTC_WDT.o (debug_Write)
.\CortexM0\ARM_GCC_493\Debug\debug_ntp.a(pinDebugNtp.o)
                              .\CortexM0\ARM_GCC_493\Debug\network.o (pinDebugNtp_Write)
.\CortexM0\ARM_GCC_493\Debug\debug_ntp.a(CyBootAsmGnu.o)
                              .\CortexM0\ARM_GCC_493\Debug\debug_ntp.a(cyfitter_cfg.o) (CyDelayCycles)
.\CortexM0\ARM_GCC_493\Debug\debug_ntp.a(UART_XB_SPI_UART_INT.o)
                              .\CortexM0\ARM_GCC_493\Debug\debug_ntp.a(UART_XB_UART.o) (UART_XB_SPI_UART_ISR)
c:/program files (x86)/cypress/psoc creator/4.0/psoc creator/import/gnu/arm/4.9.3/bin/../lib/gcc/arm-none-eabi/4.9.3/armv6-m\libgcc.a(_udivsi3.o)
                              .\CortexM0\ARM_GCC_493\Debug\debug_ntp.a(RTC.o) (__aeabi_uidiv)
c:/program files (x86)/cypress/psoc creator/4.0/psoc creator/import/gnu/arm/4.9.3/bin/../lib/gcc/arm-none-eabi/4.9.3/armv6-m\libgcc.a(_divsi3.o)
                              .\CortexM0\ARM_GCC_493\Debug\debug_ntp.a(CyLFClk.o) (__aeabi_idiv)
c:/program files (x86)/cypress/psoc creator/4.0/psoc creator/import/gnu/arm/4.9.3/bin/../lib/gcc/arm-none-eabi/4.9.3/armv6-m\libgcc.a(_dvmd_tls.o)
                              c:/program files (x86)/cypress/psoc creator/4.0/psoc creator/import/gnu/arm/4.9.3/bin/../lib/gcc/arm-none-eabi/4.9.3/armv6-m\libgcc.a(_udivsi3.o) (__aeabi_idiv0)
c:/program files (x86)/cypress/psoc creator/4.0/psoc creator/import/gnu/arm/4.9.3/bin/../lib/gcc/arm-none-eabi/4.9.3/armv6-m\libgcc.a(_aeabi_uldivmod.o)
                              .\CortexM0\ARM_GCC_493\Debug\RTC_WDT.o (__aeabi_uldivmod)
c:/program files (x86)/cypress/psoc creator/4.0/psoc creator/import/gnu/arm/4.9.3/bin/../lib/gcc/arm-none-eabi/4.9.3/armv6-m\libgcc.a(bpabi.o)
                              c:/program files (x86)/cypress/psoc creator/4.0/psoc creator/import/gnu/arm/4.9.3/bin/../lib/gcc/arm-none-eabi/4.9.3/armv6-m\libgcc.a(_aeabi_uldivmod.o) (__gnu_uldivmod_helper)
c:/program files (x86)/cypress/psoc creator/4.0/psoc creator/import/gnu/arm/4.9.3/bin/../lib/gcc/arm-none-eabi/4.9.3/armv6-m\libgcc.a(_muldi3.o)
                              c:/program files (x86)/cypress/psoc creator/4.0/psoc creator/import/gnu/arm/4.9.3/bin/../lib/gcc/arm-none-eabi/4.9.3/armv6-m\libgcc.a(bpabi.o) (__aeabi_lmul)
c:/program files (x86)/cypress/psoc creator/4.0/psoc creator/import/gnu/arm/4.9.3/bin/../lib/gcc/arm-none-eabi/4.9.3/armv6-m\libgcc.a(_divdi3.o)
                              c:/program files (x86)/cypress/psoc creator/4.0/psoc creator/import/gnu/arm/4.9.3/bin/../lib/gcc/arm-none-eabi/4.9.3/armv6-m\libgcc.a(bpabi.o) (__divdi3)
c:/program files (x86)/cypress/psoc creator/4.0/psoc creator/import/gnu/arm/4.9.3/bin/../lib/gcc/arm-none-eabi/4.9.3/armv6-m\libgcc.a(_udivdi3.o)
                              c:/program files (x86)/cypress/psoc creator/4.0/psoc creator/import/gnu/arm/4.9.3/bin/../lib/gcc/arm-none-eabi/4.9.3/armv6-m\libgcc.a(bpabi.o) (__udivdi3)
c:/program files (x86)/cypress/psoc creator/4.0/psoc creator/import/gnu/arm/4.9.3/bin/../lib/gcc/arm-none-eabi/4.9.3/armv6-m\libgcc.a(_clzdi2.o)
                              c:/program files (x86)/cypress/psoc creator/4.0/psoc creator/import/gnu/arm/4.9.3/bin/../lib/gcc/arm-none-eabi/4.9.3/armv6-m\libgcc.a(_divdi3.o) (__clzdi2)
c:/program files (x86)/cypress/psoc creator/4.0/psoc creator/import/gnu/arm/4.9.3/bin/../lib/gcc/arm-none-eabi/4.9.3/armv6-m\libgcc.a(_clzsi2.o)
[...]
Memory Configuration

Name             Origin             Length             Attributes
rom              0x00000000         0x00020000         xr
ram              0x20000000         0x00004000         xrw
*default*        0x00000000         0xffffffff

Linker script and memory map

LOAD c:/program files (x86)/cypress/psoc creator/4.0/psoc creator/import/gnu/arm/4.9.3/bin/../lib/gcc/arm-none-eabi/4.9.3/armv6-m/crti.o
LOAD c:/program files (x86)/cypress/psoc creator/4.0/psoc creator/import/gnu/arm/4.9.3/bin/../lib/gcc/arm-none-eabi/4.9.3/armv6-m/crtbegin.o
LOAD c:/program files (x86)/cypress/psoc creator/4.0/psoc creator/import/gnu/arm/4.9.3/bin/../lib/gcc/arm-none-eabi/4.9.3/../../../../arm-none-eabi/lib/armv6-m/crt0.o
START GROUP
LOAD .\CortexM0\ARM_GCC_493\Debug\display.o
LOAD .\CortexM0\ARM_GCC_493\Debug\crc32.o
LOAD .\CortexM0\ARM_GCC_493\Debug\network.o
LOAD .\CortexM0\ARM_GCC_493\Debug\svt.o
LOAD .\CortexM0\ARM_GCC_493\Debug\ntp.o
LOAD .\CortexM0\ARM_GCC_493\Debug\RTC_WDT.o
LOAD .\CortexM0\ARM_GCC_493\Debug\main.o
LOAD .\CortexM0\ARM_GCC_493\Debug\cymetadata.o
LOAD .\CortexM0\ARM_GCC_493\Debug\Cm0Start.o
LOAD .\CortexM0\ARM_GCC_493\Debug\debug_ntp.a
LOAD C:\Program Files (x86)\Cypress\PSoC Creator\4.0\PSoC Creator\psoc\content\cycomponentlibrary\CyComponentLibrary.cylib\CortexM0\ARM_GCC_493\Debug\CyComponentLibrary.a
END GROUP
START GROUP
LOAD c:/program files (x86)/cypress/psoc creator/4.0/psoc creator/import/gnu/arm/4.9.3/bin/../lib/gcc/arm-none-eabi/4.9.3/armv6-m\libgcc.a
LOAD c:/program files (x86)/cypress/psoc creator/4.0/psoc creator/import/gnu/arm/4.9.3/bin/../lib/gcc/arm-none-eabi/4.9.3/../../../../arm-none-eabi/lib/armv6-m\libg_nano.a
LOAD c:/program files (x86)/cypress/psoc creator/4.0/psoc creator/import/gnu/arm/4.9.3/bin/../lib/gcc/arm-none-eabi/4.9.3/../../../../arm-none-eabi/lib/armv6-m\libc_nano.a
END GROUP
START GROUP
LOAD c:/program files (x86)/cypress/psoc creator/4.0/psoc creator/import/gnu/arm/4.9.3/bin/../lib/gcc/arm-none-eabi/4.9.3/armv6-m\libgcc.a
LOAD c:/program files (x86)/cypress/psoc creator/4.0/psoc creator/import/gnu/arm/4.9.3/bin/../lib/gcc/arm-none-eabi/4.9.3/../../../../arm-none-eabi/lib/armv6-m\libc_nano.a
END GROUP
LOAD c:/program files (x86)/cypress/psoc creator/4.0/psoc creator/import/gnu/arm/4.9.3/bin/../lib/gcc/arm-none-eabi/4.9.3/armv6-m/crtend.o
LOAD c:/program files (x86)/cypress/psoc creator/4.0/psoc creator/import/gnu/arm/4.9.3/bin/../lib/gcc/arm-none-eabi/4.9.3/armv6-m/crtn.o
START GROUP
LOAD c:/program files (x86)/cypress/psoc creator/4.0/psoc creator/import/gnu/arm/4.9.3/bin/../lib/gcc/arm-none-eabi/4.9.3/armv6-m\libgcc.a
LOAD c:/program files (x86)/cypress/psoc creator/4.0/psoc creator/import/gnu/arm/4.9.3/bin/../lib/gcc/arm-none-eabi/4.9.3/../../../../arm-none-eabi/lib/armv6-m\libc.a
LOAD c:/program files (x86)/cypress/psoc creator/4.0/psoc creator/import/gnu/arm/4.9.3/bin/../lib/gcc/arm-none-eabi/4.9.3/../../../../arm-none-eabi/lib/armv6-m\libnosys.a
END GROUP
                0x00000000                CY_APPL_ORIGIN = 0x0
                0x00000080                CY_FLASH_ROW_SIZE = 0x80
                0x00000001                CY_APPL_NUM = 0x1
                0x00000001                CY_APPL_MAX = 0x1
                0x00000040                CY_METADATA_SIZE = 0x40
                0x00000000                CY_APPL_LOADABLE = 0x0
                0x00000000                CY_CHECKSUM_EXCLUDE_SIZE = ALIGN (0x0, CY_FLASH_ROW_SIZE)
                0x00000000                CY_APP_FOR_STACK_AND_COPIER = 0x0
                0x20000850                PROVIDE (__cy_heap_start, _end)
                0x00000001                PROVIDE (__cy_region_num, ((__cy_regions_end - __cy_regions) / 0x10))
                0x20004000                PROVIDE (__cy_stack, (ORIGIN (ram) + 0x4000))
                0x20003800                PROVIDE (__cy_heap_end, (__cy_stack - 0x800))

.cybootloader   0x00000000        0x0
 *(.cybootloader)
                0x00000000                appl1_start = CY_APPL_ORIGIN?CY_APPL_ORIGIN:ALIGN (CY_FLASH_ROW_SIZE)
                0x0000ff80                appl2_start = (appl1_start + ALIGN ((((0x20000 - appl1_start) - (0x2 * CY_FLASH_ROW_SIZE)) / 0x2), CY_FLASH_ROW_SIZE))
                0x00000000                appl_start = (CY_APPL_NUM == 0x1)?appl1_start:appl2_start
                0x00000001                cy_project_type_bootloader = (appl_start == 0x0)?0x1:0x0
                0x00000000                cy_project_type_app_for_stack_and_copier = (CY_APP_FOR_STACK_AND_COPIER == 0x1)?0x1:0x0

.text           0x00000000     0x2946
 CREATE_OBJECT_SYMBOLS
                0x00000000                PROVIDE (__cy_interrupt_vector, RomVectors)
 *(.romvectors)
 .romvectors    0x00000000       0x10 .\CortexM0\ARM_GCC_493\Debug\Cm0Start.o
                0x00000000                RomVectors
                0x00000001                ASSERT ((. != __cy_interrupt_vector), No interrupt vector)
                0x00000001                ASSERT (CY_APPL_ORIGIN?(SIZEOF (.cybootloader) <= CY_APPL_ORIGIN):0x1, Wrong image location)
                0x00000010                PROVIDE (__cy_reset, Reset)
 *(.text.Reset)
 .text.Reset    0x00000010        0x8 .\CortexM0\ARM_GCC_493\Debug\Cm0Start.o
                0x00000010                Reset
                0x00000001                ASSERT ((. != __cy_reset), No reset code)
 *(.psocinit)
 .psocinit      0x00000018      0x1f0 .\CortexM0\ARM_GCC_493\Debug\debug_ntp.a(cyfitter_cfg.o)
                0x00000118                cyfitter_cfg
                0x00000208                . = MAX (., 0x100)
 *(.text .text.* .gnu.linkonce.t.*)
 .text          0x00000208       0x60 c:/program files (x86)/cypress/psoc creator/4.0/psoc creator/import/gnu/arm/4.9.3/bin/../lib/gcc/arm-none-eabi/4.9.3/armv6-m/crtbegin.o
 .text.DisplayStart
                0x00000268        0x8 .\CortexM0\ARM_GCC_493\Debug\display.o
                0x00000268                DisplayStart
 .text.Display  0x00000270       0x20 .\CortexM0\ARM_GCC_493\Debug\display.o
                0x00000270                Display
 .text.DisplayRealTime
                0x00000290       0x60 .\CortexM0\ARM_GCC_493\Debug\display.o
                0x00000290                DisplayRealTime
 .text.crc32_init_tab
                0x000002f0       0x40 .\CortexM0\ARM_GCC_493\Debug\crc32.o
 .text.crc32_update
                0x00000330       0x2c .\CortexM0\ARM_GCC_493\Debug\crc32.o
                0x00000330                crc32_update
 .text.crc32_calc_block
                0x0000035c       0x1c .\CortexM0\ARM_GCC_493\Debug\crc32.o
                0x0000035c                crc32_calc_block
 .text.CustomInterruptHandler
                0x00000378       0x78 .\CortexM0\ARM_GCC_493\Debug\network.o
                0x00000378                CustomInterruptHandler
 .text.InitNetwork
                0x000003f0       0x38 .\CortexM0\ARM_GCC_493\Debug\network.o
                0x000003f0                InitNetwork
 .text.NTPsendTime
                0x00000428       0x3c .\CortexM0\ARM_GCC_493\Debug\network.o
                0x00000428                NTPsendTime
 .text.NTPsync  0x00000464      0x164 .\CortexM0\ARM_GCC_493\Debug\network.o
                0x00000464                NTPsync
 .text.PackData
                0x000005c8       0xc0 .\CortexM0\ARM_GCC_493\Debug\svt.o
                0x000005c8                PackData
 .text.NtpDecodeByte
                0x00000688       0x20 .\CortexM0\ARM_GCC_493\Debug\ntp.o
                0x00000688                NtpDecodeByte
 .text.NtpCheckSymb
                0x000006a8        0xc .\CortexM0\ARM_GCC_493\Debug\ntp.o
                0x000006a8                NtpCheckSymb
 .text.NtpResetPacket
                0x000006b4       0x10 .\CortexM0\ARM_GCC_493\Debug\ntp.o
                0x000006b4                NtpResetPacket
 .text.NtpUnpackData
                0x000006c4      0x1b8 .\CortexM0\ARM_GCC_493\Debug\ntp.o
                0x000006c4                NtpUnpackData
 .text.CallBackCounter
                0x0000087c       0x30 .\CortexM0\ARM_GCC_493\Debug\RTC_WDT.o
                0x0000087c                CallBackCounter
 .text.RTC_WDT_Init
                0x000008ac       0x14 .\CortexM0\ARM_GCC_493\Debug\RTC_WDT.o
                0x000008ac                RTC_WDT_Init
 .text.RTCGetUnixTime
                0x000008c0        0x8 .\CortexM0\ARM_GCC_493\Debug\RTC_WDT.o
                0x000008c0                RTCGetUnixTime
 .text.RTCgetRecentMs
                0x000008c8        0xc .\CortexM0\ARM_GCC_493\Debug\RTC_WDT.o
                0x000008c8                RTCgetRecentMs
 .text.RTCSync  0x000008d4       0x14 .\CortexM0\ARM_GCC_493\Debug\RTC_WDT.o
                0x000008d4                RTCSync
 .text.main     0x000008e8       0x60 .\CortexM0\ARM_GCC_493\Debug\main.o
                0x000008e8                main
 .text.IntDefaultHandler
                0x00000948       0x10 .\CortexM0\ARM_GCC_493\Debug\Cm0Start.o
                0x00000948                IntDefaultHandler
 .text._sbrk    0x00000958       0x30 .\CortexM0\ARM_GCC_493\Debug\Cm0Start.o
                0x00000958                _sbrk
 .text.Start_c  0x00000988       0x48 .\CortexM0\ARM_GCC_493\Debug\Cm0Start.o
                0x00000988                Start_c
 .text.initialize_psoc
                0x000009d0       0x54 .\CortexM0\ARM_GCC_493\Debug\Cm0Start.o
                0x000009d0                initialize_psoc
 .text.AnalogSetDefault
                0x00000a24       0x20 .\CortexM0\ARM_GCC_493\Debug\debug_ntp.a(cyfitter_cfg.o)
 .text.CYMEMZERO
                0x00000a44        0xc .\CortexM0\ARM_GCC_493\Debug\debug_ntp.a(cyfitter_cfg.o)
 .text.RTC_GetUnixTime
                0x00000a50        0xc .\CortexM0\ARM_GCC_493\Debug\debug_ntp.a(RTC.o)
                0x00000a50                RTC_GetUnixTime
 .text.RTC_Update
                0x00000a5c       0x38 .\CortexM0\ARM_GCC_493\Debug\debug_ntp.a(RTC.o)
                0x00000a5c                RTC_Update
 .text.RTC_DateTimeToUnix
                0x00000a94      0x1b0 .\CortexM0\ARM_GCC_493\Debug\debug_ntp.a(RTC.o)
                0x00000a94                RTC_DateTimeToUnix
 .text.RTC_SetDateAndTime
                0x00000c44       0xbc .\CortexM0\ARM_GCC_493\Debug\debug_ntp.a(RTC.o)
                0x00000c44                RTC_SetDateAndTime
 .text.RTC_Init
                0x00000d00       0x40 .\CortexM0\ARM_GCC_493\Debug\debug_ntp.a(RTC.o)
                0x00000d00                RTC_Init
 .text.RTC_Start
                0x00000d40       0x14 .\CortexM0\ARM_GCC_493\Debug\debug_ntp.a(RTC.o)
                0x00000d40                RTC_Start
 .text.RTC_DaysInMonth
                0x00000d54       0x44 .\CortexM0\ARM_GCC_493\Debug\debug_ntp.a(RTC.o)
                0x00000d54                RTC_DaysInMonth
 .text.RTC_UnixToDateTime
                0x00000d98      0x294 .\CortexM0\ARM_GCC_493\Debug\debug_ntp.a(RTC.o)
                0x00000d98                RTC_UnixToDateTime
 .text.RTC_SetUnixTime
                0x0000102c       0x20 .\CortexM0\ARM_GCC_493\Debug\debug_ntp.a(RTC.o)
                0x0000102c                RTC_SetUnixTime
 .text.RTC_GetTime
                0x0000104c       0x30 .\CortexM0\ARM_GCC_493\Debug\debug_ntp.a(RTC.o)
                0x0000104c                RTC_GetTime
 .text.UART_XB_ScbEnableIntr
                0x0000107c        0xc .\CortexM0\ARM_GCC_493\Debug\debug_ntp.a(UART_XB.o)
 .text.UART_XB_ScbModePostEnable
                0x00001088        0x8 .\CortexM0\ARM_GCC_493\Debug\debug_ntp.a(UART_XB.o)
 .text.UART_XB_Init
                0x00001090        0x8 .\CortexM0\ARM_GCC_493\Debug\debug_ntp.a(UART_XB.o)
                0x00001090                UART_XB_Init
 .text.UART_XB_Enable
                0x00001098       0x1c .\CortexM0\ARM_GCC_493\Debug\debug_ntp.a(UART_XB.o)
                0x00001098                UART_XB_Enable
 .text.UART_XB_Start
                0x000010b4       0x20 .\CortexM0\ARM_GCC_493\Debug\debug_ntp.a(UART_XB.o)
                0x000010b4                UART_XB_Start
 .text.UART_XB_SetCustomInterruptHandler
                0x000010d4        0xc .\CortexM0\ARM_GCC_493\Debug\debug_ntp.a(UART_XB.o)
                0x000010d4                UART_XB_SetCustomInterruptHandler
 .text.UART_XB_SpiUartReadRxData
                0x000010e0       0x34 .\CortexM0\ARM_GCC_493\Debug\debug_ntp.a(UART_XB_SPI_UART.o)
                0x000010e0                UART_XB_SpiUartReadRxData
 .text.UART_XB_SpiUartGetRxBufferSize
                0x00001114       0x28 .\CortexM0\ARM_GCC_493\Debug\debug_ntp.a(UART_XB_SPI_UART.o)
                0x00001114                UART_XB_SpiUartGetRxBufferSize
 .text.UART_XB_SpiUartClearRxBuffer
                0x0000113c       0x54 .\CortexM0\ARM_GCC_493\Debug\debug_ntp.a(UART_XB_SPI_UART.o)
                0x0000113c                UART_XB_SpiUartClearRxBuffer
 .text.UART_XB_SpiUartWriteTxData
                0x00001190       0x70 .\CortexM0\ARM_GCC_493\Debug\debug_ntp.a(UART_XB_SPI_UART.o)
                0x00001190                UART_XB_SpiUartWriteTxData
 .text.UART_XB_UartInit
                0x00001200       0xe4 .\CortexM0\ARM_GCC_493\Debug\debug_ntp.a(UART_XB_UART.o)
                0x00001200                UART_XB_UartInit
 .text.UART_XB_UartPostEnable
                0x000012e4       0x24 .\CortexM0\ARM_GCC_493\Debug\debug_ntp.a(UART_XB_UART.o)
                0x000012e4                UART_XB_UartPostEnable
 .text.UART_XB_UartGetChar
                0x00001308       0x2c .\CortexM0\ARM_GCC_493\Debug\debug_ntp.a(UART_XB_UART.o)
                0x00001308                UART_XB_UartGetChar
 .text.UART_XB_UartPutString
                0x00001334       0x18 .\CortexM0\ARM_GCC_493\Debug\debug_ntp.a(UART_XB_UART.o)
                0x00001334                UART_XB_UartPutString
 .text.LCD_WrCntrlNib
                0x0000134c       0x34 .\CortexM0\ARM_GCC_493\Debug\debug_ntp.a(LCD.o)
 .text.LCD_WrDatNib
                0x00001380       0x44 .\CortexM0\ARM_GCC_493\Debug\debug_ntp.a(LCD.o)
 .text.LCD_IsReady
                0x000013c4       0xb4 .\CortexM0\ARM_GCC_493\Debug\debug_ntp.a(LCD.o)
                0x000013c4                LCD_IsReady
 .text.LCD_WriteData
                0x00001478       0x18 .\CortexM0\ARM_GCC_493\Debug\debug_ntp.a(LCD.o)
                0x00001478                LCD_WriteData
 .text.LCD_PrintString
                0x00001490       0x1c .\CortexM0\ARM_GCC_493\Debug\debug_ntp.a(LCD.o)
                0x00001490                LCD_PrintString
 .text.LCD_WriteControl
                0x000014ac       0x18 .\CortexM0\ARM_GCC_493\Debug\debug_ntp.a(LCD.o)
                0x000014ac                LCD_WriteControl
 .text.LCD_Init
                0x000014c4       0x74 .\CortexM0\ARM_GCC_493\Debug\debug_ntp.a(LCD.o)
                0x000014c4                LCD_Init
 .text.LCD_Enable
                0x00001538       0x14 .\CortexM0\ARM_GCC_493\Debug\debug_ntp.a(LCD.o)
                0x00001538                LCD_Enable
 .text.LCD_Start
                0x0000154c       0x20 .\CortexM0\ARM_GCC_493\Debug\debug_ntp.a(LCD.o)
                0x0000154c                LCD_Start
 .text.LCD_Position
                0x0000156c       0x3c .\CortexM0\ARM_GCC_493\Debug\debug_ntp.a(LCD.o)
                0x0000156c                LCD_Position
 .text.LCD_LoadCustomFonts
                0x000015a8       0x2c .\CortexM0\ARM_GCC_493\Debug\debug_ntp.a(LCD_CustChars.o)
                0x000015a8                LCD_LoadCustomFonts
 .text.CySysClkWriteImoFreq
                0x000015d4       0x64 .\CortexM0\ARM_GCC_493\Debug\debug_ntp.a(CyLib.o)
                0x000015d4                CySysClkWriteImoFreq
 .text.CySysClkEcoReadStatus
                0x00001638       0x10 .\CortexM0\ARM_GCC_493\Debug\debug_ntp.a(CyLib.o)
                0x00001638                CySysClkEcoReadStatus
 .text.CyIntEnable
                0x00001648       0x14 .\CortexM0\ARM_GCC_493\Debug\debug_ntp.a(CyLib.o)
                0x00001648                CyIntEnable
 .text.CyIntDisable
                0x0000165c       0x14 .\CortexM0\ARM_GCC_493\Debug\debug_ntp.a(CyLib.o)
                0x0000165c                CyIntDisable
 .text.CyHalt   0x00001670        0x4 .\CortexM0\ARM_GCC_493\Debug\debug_ntp.a(CyLib.o)
                0x00001670                CyHalt
 .text.CyIntSetVector
                0x00001674       0x24 .\CortexM0\ARM_GCC_493\Debug\debug_ntp.a(CyLib.o)
                0x00001674                CyIntSetVector
 .text.CyIntSetPriority
                0x00001698       0x4c .\CortexM0\ARM_GCC_493\Debug\debug_ntp.a(CyLib.o)
                0x00001698                CyIntSetPriority
 .text.CyDelay  0x000016e4       0x30 .\CortexM0\ARM_GCC_493\Debug\debug_ntp.a(CyLib.o)
                0x000016e4                CyDelay
 .text.CyDelayUs
                0x00001714       0x14 .\CortexM0\ARM_GCC_493\Debug\debug_ntp.a(CyLib.o)
                0x00001714                CyDelayUs
 .text.CySysClkEcoStart
                0x00001728       0x54 .\CortexM0\ARM_GCC_493\Debug\debug_ntp.a(CyLib.o)
                0x00001728                CySysClkEcoStart
 .text.CySysWdtLocked
                0x0000177c       0x14 .\CortexM0\ARM_GCC_493\Debug\debug_ntp.a(CyLFClk.o)
 .text.CySysClkWcoStart
                0x00001790       0x40 .\CortexM0\ARM_GCC_493\Debug\debug_ntp.a(CyLFClk.o)
                0x00001790                CySysClkWcoStart
 .text.CySysClkWcoSetPowerMode
                0x000017d0       0x80 .\CortexM0\ARM_GCC_493\Debug\debug_ntp.a(CyLFClk.o)
                0x000017d0                CySysClkWcoSetPowerMode
 .text.CySysWdtLock
                0x00001850       0x1c .\CortexM0\ARM_GCC_493\Debug\debug_ntp.a(CyLFClk.o)
                0x00001850                CySysWdtLock
 .text.CySysWdtUnlock
                0x0000186c       0x30 .\CortexM0\ARM_GCC_493\Debug\debug_ntp.a(CyLFClk.o)
                0x0000186c                CySysWdtUnlock
 .text.CySysWdtClearInterrupt
                0x0000189c       0x4c .\CortexM0\ARM_GCC_493\Debug\debug_ntp.a(CyLFClk.o)
                0x0000189c                CySysWdtClearInterrupt
 .text.CySysWdtSetInterruptCallback
                0x000018e8       0x20 .\CortexM0\ARM_GCC_493\Debug\debug_ntp.a(CyLFClk.o)
                0x000018e8                CySysWdtSetInterruptCallback
 .text.CySysWdtIsr
                0x00001908       0xa4 .\CortexM0\ARM_GCC_493\Debug\debug_ntp.a(CyLFClk.o)
                0x00001908                CySysWdtIsr
 .text.debug_Write
                0x000019ac       0x18 .\CortexM0\ARM_GCC_493\Debug\debug_ntp.a(debug.o)
                0x000019ac                debug_Write
 .text.pinDebugNtp_Write
                0x000019c4       0x18 .\CortexM0\ARM_GCC_493\Debug\debug_ntp.a(pinDebugNtp.o)
                0x000019c4                pinDebugNtp_Write
 *fill*         0x000019dc        0x4 
 .text          0x000019e0       0x20 .\CortexM0\ARM_GCC_493\Debug\debug_ntp.a(CyBootAsmGnu.o)
                0x000019e0                CyDelayCycles
                0x000019f2                CyEnterCriticalSection
                0x000019fa                CyExitCriticalSection
 .text.UART_XB_SPI_UART_ISR
                0x00001a00       0xe4 .\CortexM0\ARM_GCC_493\Debug\debug_ntp.a(UART_XB_SPI_UART_INT.o)
                0x00001a00                UART_XB_SPI_UART_ISR
 .text          0x00001ae4      0x120 c:/program files (x86)/cypress/psoc creator/4.0/psoc creator/import/gnu/arm/4.9.3/bin/../lib/gcc/arm-none-eabi/4.9.3/armv6-m\libgcc.a(_udivsi3.o)
                0x00001ae4                __aeabi_uidiv
                0x00001ae4                __udivsi3
                0x00001bf0                __aeabi_uidivmod
 .text          0x00001c04        0x4 c:/program files (x86)/cypress/psoc creator/4.0/psoc creator/import/gnu/arm/4.9.3/bin/../lib/gcc/arm-none-eabi/4.9.3/armv6-m\libgcc.a(_dvmd_tls.o)
                0x00001c04                __aeabi_idiv0
                0x00001c04                __aeabi_ldiv0
 .text          0x00001c08       0x40 c:/program files (x86)/cypress/psoc creator/4.0/psoc creator/import/gnu/arm/4.9.3/bin/../lib/gcc/arm-none-eabi/4.9.3/armv6-m\libgcc.a(_aeabi_uldivmod.o)
                0x00001c08                __aeabi_uldivmod
 .text          0x00001c48       0x6c c:/program files (x86)/cypress/psoc creator/4.0/psoc creator/import/gnu/arm/4.9.3/bin/../lib/gcc/arm-none-eabi/4.9.3/armv6-m\libgcc.a(bpabi.o)
                0x00001c48                __gnu_ldivmod_helper
                0x00001c80                __gnu_uldivmod_helper
 .text          0x00001cb4       0x54 c:/program files (x86)/cypress/psoc creator/4.0/psoc creator/import/gnu/arm/4.9.3/bin/../lib/gcc/arm-none-eabi/4.9.3/armv6-m\libgcc.a(_muldi3.o)
                0x00001cb4                __muldi3
                0x00001cb4                __aeabi_lmul
 .text          0x00001d08      0x1f0 c:/program files (x86)/cypress/psoc creator/4.0/psoc creator/import/gnu/arm/4.9.3/bin/../lib/gcc/arm-none-eabi/4.9.3/armv6-m\libgcc.a(_divdi3.o)
                0x00001d08                __divdi3
 .text          0x00001ef8      0x158 c:/program files (x86)/cypress/psoc creator/4.0/psoc creator/import/gnu/arm/4.9.3/bin/../lib/gcc/arm-none-eabi/4.9.3/armv6-m\libgcc.a(_udivdi3.o)
                0x00001ef8                __udivdi3
 .text          0x00002050       0x18 c:/program files (x86)/cypress/psoc creator/4.0/psoc creator/import/gnu/arm/4.9.3/bin/../lib/gcc/arm-none-eabi/4.9.3/armv6-m\libgcc.a(_clzdi2.o)
                0x00002050                __clzdi2
 .text          0x00002068       0x3c c:/program files (x86)/cypress/psoc creator/4.0/psoc creator/import/gnu/arm/4.9.3/bin/../lib/gcc/arm-none-eabi/4.9.3/armv6-m\libgcc.a(_clzsi2.o)
                0x00002068                __clzsi2
 .text.__errno  0x000020a4        0xc c:/program files (x86)/cypress/psoc creator/4.0/psoc creator/import/gnu/arm/4.9.3/bin/../lib/gcc/arm-none-eabi/4.9.3/../../../../arm-none-eabi/lib/armv6-m\libg_nano.a(lib_a-errno.o)
                0x000020a4                __errno
 .text.__libc_init_array
                0x000020b0       0x4c c:/program files (x86)/cypress/psoc creator/4.0/psoc creator/import/gnu/arm/4.9.3/bin/../lib/gcc/arm-none-eabi/4.9.3/../../../../arm-none-eabi/lib/armv6-m\libg_nano.a(lib_a-init.o)
                0x000020b0                __libc_init_array
 .text.memcpy   0x000020fc       0x12 c:/program files (x86)/cypress/psoc creator/4.0/psoc creator/import/gnu/arm/4.9.3/bin/../lib/gcc/arm-none-eabi/4.9.3/../../../../arm-none-eabi/lib/armv6-m\libg_nano.a(lib_a-memcpy.o)
                0x000020fc                memcpy
 .text.memset   0x0000210e       0x10 c:/program files (x86)/cypress/psoc creator/4.0/psoc creator/import/gnu/arm/4.9.3/bin/../lib/gcc/arm-none-eabi/4.9.3/../../../../arm-none-eabi/lib/armv6-m\libg_nano.a(lib_a-memset.o)
                0x0000210e                memset
 *fill*         0x0000211e        0x2 
 .text.sprintf  0x00002120       0x44 c:/program files (x86)/cypress/psoc creator/4.0/psoc creator/import/gnu/arm/4.9.3/bin/../lib/gcc/arm-none-eabi/4.9.3/../../../../arm-none-eabi/lib/armv6-m\libg_nano.a(lib_a-sprintf.o)
                0x00002120                siprintf
                0x00002120                sprintf
 .text.strcat   0x00002164       0x1a c:/program files (x86)/cypress/psoc creator/4.0/psoc creator/import/gnu/arm/4.9.3/bin/../lib/gcc/arm-none-eabi/4.9.3/../../../../arm-none-eabi/lib/armv6-m\libg_nano.a(lib_a-strcat.o)
                0x00002164                strcat
 .text.strlen   0x0000217e        0xe c:/program files (x86)/cypress/psoc creator/4.0/psoc creator/import/gnu/arm/4.9.3/bin/../lib/gcc/arm-none-eabi/4.9.3/../../../../arm-none-eabi/lib/armv6-m\libg_nano.a(lib_a-strlen.o)
                0x0000217e                strlen
 .text.__ssputs_r
                0x0000218c       0xc0 c:/program files (x86)/cypress/psoc creator/4.0/psoc creator/import/gnu/arm/4.9.3/bin/../lib/gcc/arm-none-eabi/4.9.3/../../../../arm-none-eabi/lib/armv6-m\libg_nano.a(lib_a-nano-svfprintf.o)
                0x0000218c                __ssputs_r
 .text._svfprintf_r
                0x0000224c      0x1ec c:/program files (x86)/cypress/psoc creator/4.0/psoc creator/import/gnu/arm/4.9.3/bin/../lib/gcc/arm-none-eabi/4.9.3/../../../../arm-none-eabi/lib/armv6-m\libg_nano.a(lib_a-nano-svfprintf.o)
                0x0000224c                _svfiprintf_r
                0x0000224c                _svfprintf_r
 .text._printf_common
                0x00002438       0xdc c:/program files (x86)/cypress/psoc creator/4.0/psoc creator/import/gnu/arm/4.9.3/bin/../lib/gcc/arm-none-eabi/4.9.3/../../../../arm-none-eabi/lib/armv6-m\libg_nano.a(lib_a-nano-vfprintf_i.o)
                0x00002438                _printf_common
 .text._printf_i
                0x00002514      0x230 c:/program files (x86)/cypress/psoc creator/4.0/psoc creator/import/gnu/arm/4.9.3/bin/../lib/gcc/arm-none-eabi/4.9.3/../../../../arm-none-eabi/lib/armv6-m\libg_nano.a(lib_a-nano-vfprintf_i.o)
                0x00002514                _printf_i
 .text.memchr   0x00002744       0x16 c:/program files (x86)/cypress/psoc creator/4.0/psoc creator/import/gnu/arm/4.9.3/bin/../lib/gcc/arm-none-eabi/4.9.3/../../../../arm-none-eabi/lib/armv6-m\libg_nano.a(lib_a-memchr.o)
                0x00002744                memchr
 .text.memmove  0x0000275a       0x28 c:/program files (x86)/cypress/psoc creator/4.0/psoc creator/import/gnu/arm/4.9.3/bin/../lib/gcc/arm-none-eabi/4.9.3/../../../../arm-none-eabi/lib/armv6-m\libg_nano.a(lib_a-memmove.o)
                0x0000275a                memmove
 *fill*         0x00002782        0x2 
 .text._free_r  0x00002784       0x8c c:/program files (x86)/cypress/psoc creator/4.0/psoc creator/import/gnu/arm/4.9.3/bin/../lib/gcc/arm-none-eabi/4.9.3/../../../../arm-none-eabi/lib/armv6-m\libg_nano.a(lib_a-nano-freer.o)
                0x00002784                _free_r
 .text._malloc_r
                0x00002810       0xb0 c:/program files (x86)/cypress/psoc creator/4.0/psoc creator/import/gnu/arm/4.9.3/bin/../lib/gcc/arm-none-eabi/4.9.3/../../../../arm-none-eabi/lib/armv6-m\libg_nano.a(lib_a-nano-mallocr.o)
                0x00002810                _malloc_r
 .text._realloc_r
                0x000028c0       0x4c c:/program files (x86)/cypress/psoc creator/4.0/psoc creator/import/gnu/arm/4.9.3/bin/../lib/gcc/arm-none-eabi/4.9.3/../../../../arm-none-eabi/lib/armv6-m\libg_nano.a(lib_a-nano-reallocr.o)
                0x000028c0                _realloc_r
 .text._sbrk_r  0x0000290c       0x24 c:/program files (x86)/cypress/psoc creator/4.0/psoc creator/import/gnu/arm/4.9.3/bin/../lib/gcc/arm-none-eabi/4.9.3/../../../../arm-none-eabi/lib/armv6-m\libg_nano.a(lib_a-sbrkr.o)
                0x0000290c                _sbrk_r
 .text._malloc_usable_size_r
                0x00002930       0x16 c:/program files (x86)/cypress/psoc creator/4.0/psoc creator/import/gnu/arm/4.9.3/bin/../lib/gcc/arm-none-eabi/4.9.3/../../../../arm-none-eabi/lib/armv6-m\libg_nano.a(lib_a-nano-msizer.o)
                0x00002930                _malloc_usable_size_r
 *(.plt)
 *(.gnu.warning)
 *(.glue_7t)
 .glue_7t       0x00000000        0x0 linker stubs
 *(.glue_7)
 .glue_7        0x00000000        0x0 linker stubs
 *(.vfp11_veneer)
 .vfp11_veneer  0x00000000        0x0 linker stubs
 *(.bootloader)
 *(.ARM.extab* .gnu.linkonce.armextab.*)
 *(.gcc_except_table)

.v4_bx          0x00002948        0x0
 .v4_bx         0x00000000        0x0 linker stubs

.iplt           0x00002948        0x0
 .iplt          0x00000000        0x0 c:/program files (x86)/cypress/psoc creator/4.0/psoc creator/import/gnu/arm/4.9.3/bin/../lib/gcc/arm-none-eabi/4.9.3/armv6-m/crtbegin.o

.eh_frame_hdr
 *(.eh_frame_hdr)

.eh_frame       0x00002948        0x4
 *(.eh_frame)
 .eh_frame      0x00002948        0x0 c:/program files (x86)/cypress/psoc creator/4.0/psoc creator/import/gnu/arm/4.9.3/bin/../lib/gcc/arm-none-eabi/4.9.3/armv6-m/crtbegin.o
 .eh_frame      0x00002948        0x4 c:/program files (x86)/cypress/psoc creator/4.0/psoc creator/import/gnu/arm/4.9.3/bin/../lib/gcc/arm-none-eabi/4.9.3/armv6-m/crtend.o
                0x0000294c                PROVIDE (__exidx_start, .)

.ARM.exidx      0x0000294c        0x8
 *(.ARM.exidx* .gnu.linkonce.armexidx.*)
 .ARM.exidx     0x0000294c        0x8 c:/program files (x86)/cypress/psoc creator/4.0/psoc creator/import/gnu/arm/4.9.3/bin/../lib/gcc/arm-none-eabi/4.9.3/armv6-m\libgcc.a(_divdi3.o)
 .ARM.exidx     0x00002954        0x0 c:/program files (x86)/cypress/psoc creator/4.0/psoc creator/import/gnu/arm/4.9.3/bin/../lib/gcc/arm-none-eabi/4.9.3/armv6-m\libgcc.a(_udivdi3.o)
                                  0x8 (size before relaxing)
                0x00002954                __exidx_end = .

.rodata         0x00002954      0x214
 *(.rodata .rodata.* .gnu.linkonce.r.*)
 .rodata.str1.4
                0x00002954       0x32 .\CortexM0\ARM_GCC_493\Debug\display.o
                                 0x34 (size before relaxing)
 *fill*         0x00002986        0x2 
 .rodata.str1.4
                0x00002988       0x2d .\CortexM0\ARM_GCC_493\Debug\network.o
                                 0x30 (size before relaxing)
 *fill*         0x000029b5        0x3 
 .rodata.str1.4
                0x000029b8       0x3e .\CortexM0\ARM_GCC_493\Debug\svt.o
                                 0x40 (size before relaxing)
 *fill*         0x000029f6        0x2 
 .rodata        0x000029f8       0x20 .\CortexM0\ARM_GCC_493\Debug\ntp.o
 .rodata.str1.4
                0x00002a18       0x40 .\CortexM0\ARM_GCC_493\Debug\main.o
 .rodata        0x00002a58        0xc .\CortexM0\ARM_GCC_493\Debug\debug_ntp.a(cyfitter_cfg.o)
 .rodata        0x00002a64       0x24 .\CortexM0\ARM_GCC_493\Debug\debug_ntp.a(RTC.o)
                0x00002a64                RTC_daysBeforeMonthTbl
                0x00002a7c                RTC_daysInMonthTbl
 .rodata        0x00002a88       0x40 .\CortexM0\ARM_GCC_493\Debug\debug_ntp.a(LCD_CustChars.o)
                0x00002a88                LCD_customFonts
 .rodata        0x00002ac8       0x30 .\CortexM0\ARM_GCC_493\Debug\debug_ntp.a(CyLib.o)
                0x00002ac8                cyImoFreqMhz2Reg
 .rodata.str1.1
                0x00002af8        0x2 c:/program files (x86)/cypress/psoc creator/4.0/psoc creator/import/gnu/arm/4.9.3/bin/../lib/gcc/arm-none-eabi/4.9.3/../../../../arm-none-eabi/lib/armv6-m\libg_nano.a(lib_a-impure.o)
 .rodata.str1.1
                0x00002afa       0x11 c:/program files (x86)/cypress/psoc creator/4.0/psoc creator/import/gnu/arm/4.9.3/bin/../lib/gcc/arm-none-eabi/4.9.3/../../../../arm-none-eabi/lib/armv6-m\libg_nano.a(lib_a-nano-svfprintf.o)
 .rodata.str1.1
                0x00002b0b       0x22 c:/program files (x86)/cypress/psoc creator/4.0/psoc creator/import/gnu/arm/4.9.3/bin/../lib/gcc/arm-none-eabi/4.9.3/../../../../arm-none-eabi/lib/armv6-m\libg_nano.a(lib_a-nano-vfprintf_i.o)
                0x00002b30                . = ALIGN (0x4)
 *fill*         0x00002b2d        0x3 
 *(.init)
 .init          0x00002b30        0x4 c:/program files (x86)/cypress/psoc creator/4.0/psoc creator/import/gnu/arm/4.9.3/bin/../lib/gcc/arm-none-eabi/4.9.3/armv6-m/crti.o
                0x00002b30                _init
 .init          0x00002b34        0x8 c:/program files (x86)/cypress/psoc creator/4.0/psoc creator/import/gnu/arm/4.9.3/bin/../lib/gcc/arm-none-eabi/4.9.3/armv6-m/crtn.o
                0x00002b3c                . = ALIGN (0x4)
                0x00002b3c                __preinit_array_start = .
 *(.preinit_array)
                0x00002b3c                __preinit_array_end = .
                0x00002b3c                . = ALIGN (0x4)
                0x00002b3c                __init_array_start = .
 *(SORT(.init_array.*))
 *(.init_array)
 .init_array    0x00002b3c        0x4 c:/program files (x86)/cypress/psoc creator/4.0/psoc creator/import/gnu/arm/4.9.3/bin/../lib/gcc/arm-none-eabi/4.9.3/armv6-m/crtbegin.o
 .init_array    0x00002b40        0x4 .\CortexM0\ARM_GCC_493\Debug\Cm0Start.o
                0x00002b44                __init_array_end = .
                0x00002b44                . = ALIGN (0x4)
 *(.fini)
 .fini          0x00002b44        0x4 c:/program files (x86)/cypress/psoc creator/4.0/psoc creator/import/gnu/arm/4.9.3/bin/../lib/gcc/arm-none-eabi/4.9.3/armv6-m/crti.o
                0x00002b44                _fini
 .fini          0x00002b48        0x8 c:/program files (x86)/cypress/psoc creator/4.0/psoc creator/import/gnu/arm/4.9.3/bin/../lib/gcc/arm-none-eabi/4.9.3/armv6-m/crtn.o
                0x00002b50                . = ALIGN (0x4)
                0x00002b50                __fini_array_start = .
 *(.fini_array)
 .fini_array    0x00002b50        0x4 c:/program files (x86)/cypress/psoc creator/4.0/psoc creator/import/gnu/arm/4.9.3/bin/../lib/gcc/arm-none-eabi/4.9.3/armv6-m/crtbegin.o
 *(SORT(.fini_array.*))
                0x00002b54                __fini_array_end = .
                0x00002b54                . = ALIGN (0x4)
 *crtbegin.o(.ctors)
 *(EXCLUDE_FILE(*crtend.o) .ctors)
 *(SORT(.ctors.*))
 *crtend.o(.ctors)
                0x00002b54                . = ALIGN (0x4)
 *crtbegin.o(.dtors)
 *(EXCLUDE_FILE(*crtend.o) .dtors)
 *(SORT(.dtors.*))
 *crtend.o(.dtors)
                0x00002b54                . = ALIGN (0x4)
                0x00002b54                __cy_regions = .
                0x00002b54        0x4 LONG 0x2b68 __cy_region_init_ram
                0x00002b58        0x4 LONG 0x200000c8 __cy_region_start_data
                0x00002b5c        0x4 LONG 0x88 __cy_region_init_size_ram
                0x00002b60        0x4 LONG 0x700 __cy_region_zero_size_ram
                0x00002b64                __cy_regions_end = .
                0x00002b68                . = ALIGN (0x8)
 *fill*         0x00002b64        0x4 
                0x00002b68                _etext = .

.cy_checksum_exclude
                0x00002b68        0x0
 *(.cy_checksum_exclude)

.ramvectors     0x20000000       0xc0
                0x20000000                __cy_region_start_ram = .
 *(.ramvectors)
 .ramvectors    0x20000000       0xc0 .\CortexM0\ARM_GCC_493\Debug\Cm0Start.o
                0x20000000                CyRamVectors

.noinit         0x200000c0        0x4
 *(.noinit)
 .noinit        0x200000c0        0x4 .\CortexM0\ARM_GCC_493\Debug\Cm0Start.o

.data           0x200000c8       0x88 load address 0x00002b68
                0x200000c8                __cy_region_start_data = .
 *(.jcr)
 .jcr           0x200000c8        0x0 c:/program files (x86)/cypress/psoc creator/4.0/psoc creator/import/gnu/arm/4.9.3/bin/../lib/gcc/arm-none-eabi/4.9.3/armv6-m/crtbegin.o
 .jcr           0x200000c8        0x4 c:/program files (x86)/cypress/psoc creator/4.0/psoc creator/import/gnu/arm/4.9.3/bin/../lib/gcc/arm-none-eabi/4.9.3/armv6-m/crtend.o
 *(.got.plt)
 *(.got)
 *(.shdata)
 *(.data .data.* .gnu.linkonce.d.*)
 .data          0x200000cc        0x4 .\CortexM0\ARM_GCC_493\Debug\Cm0Start.o
 .data          0x200000d0       0x14 .\CortexM0\ARM_GCC_493\Debug\debug_ntp.a(CyLib.o)
                0x200000d0                CySysClkPumpConfig
                0x200000d4                cydelay32kMs
                0x200000d8                cydelayFreqKhz
                0x200000dc                cydelayFreqMhz
                0x200000e0                cydelayFreqHz
 .data          0x200000e4        0x8 .\CortexM0\ARM_GCC_493\Debug\debug_ntp.a(CyLFClk.o)
 .data.impure_data
                0x200000ec       0x60 c:/program files (x86)/cypress/psoc creator/4.0/psoc creator/import/gnu/arm/4.9.3/bin/../lib/gcc/arm-none-eabi/4.9.3/../../../../arm-none-eabi/lib/armv6-m\libg_nano.a(lib_a-impure.o)
 .data._impure_ptr
                0x2000014c        0x4 c:/program files (x86)/cypress/psoc creator/4.0/psoc creator/import/gnu/arm/4.9.3/bin/../lib/gcc/arm-none-eabi/4.9.3/../../../../arm-none-eabi/lib/armv6-m\libg_nano.a(lib_a-impure.o)
                0x2000014c                _impure_ptr
                0x20000150                . = ALIGN (0x8)
 *(.ram)
                0x20000150                _edata = .

.igot.plt       0x20000150        0x0 load address 0x00002bf0
 .igot.plt      0x00000000        0x0 c:/program files (x86)/cypress/psoc creator/4.0/psoc creator/import/gnu/arm/4.9.3/bin/../lib/gcc/arm-none-eabi/4.9.3/armv6-m/crtbegin.o

.bss            0x20000150      0x700 load address 0x00002bf0
                0x20000150                PROVIDE (__bss_start__, .)
 *(.shbss)
 *(.bss .bss.* .gnu.linkonce.b.*)
 .bss           0x20000150       0x1c c:/program files (x86)/cypress/psoc creator/4.0/psoc creator/import/gnu/arm/4.9.3/bin/../lib/gcc/arm-none-eabi/4.9.3/armv6-m/crtbegin.o
 .bss           0x2000016c       0x64 .\CortexM0\ARM_GCC_493\Debug\display.o
 .bss           0x200001d0      0x404 .\CortexM0\ARM_GCC_493\Debug\crc32.o
 .bss           0x200005d4        0xc .\CortexM0\ARM_GCC_493\Debug\network.o
                0x200005dc                flagStartSendPacket
                0x200005dd                pointerMas
                0x200005de                flagFinSendPacket
                0x200005df                onNtpSync
 .bss           0x200005e0        0x1 .\CortexM0\ARM_GCC_493\Debug\ntp.o
                0x200005e0                NTP_STATE
 *fill*         0x200005e1        0x7 
 .bss           0x200005e8       0x10 .\CortexM0\ARM_GCC_493\Debug\RTC_WDT.o
 .bss           0x200005f8       0x10 .\CortexM0\ARM_GCC_493\Debug\debug_ntp.a(RTC.o)
 .bss           0x20000608        0xc .\CortexM0\ARM_GCC_493\Debug\debug_ntp.a(UART_XB.o)
                0x20000608                UART_XB_initVar
                0x2000060c                UART_XB_customIntrHandler
                0x20000610                UART_XB_IntrTxMask
 .bss           0x20000614        0x2 .\CortexM0\ARM_GCC_493\Debug\debug_ntp.a(LCD.o)
                0x20000614                LCD_enableState
                0x20000615                LCD_initVar
 *fill*         0x20000616        0x2 
 .bss           0x20000618       0x28 .\CortexM0\ARM_GCC_493\Debug\debug_ntp.a(CyLFClk.o)
 .bss.__malloc_sbrk_start
                0x20000640        0x4 c:/program files (x86)/cypress/psoc creator/4.0/psoc creator/import/gnu/arm/4.9.3/bin/../lib/gcc/arm-none-eabi/4.9.3/../../../../arm-none-eabi/lib/armv6-m\libg_nano.a(lib_a-nano-mallocr.o)
                0x20000640                __malloc_sbrk_start
 .bss.__malloc_free_list
                0x20000644        0x4 c:/program files (x86)/cypress/psoc creator/4.0/psoc creator/import/gnu/arm/4.9.3/bin/../lib/gcc/arm-none-eabi/4.9.3/../../../../arm-none-eabi/lib/armv6-m\libg_nano.a(lib_a-nano-mallocr.o)
                0x20000644                __malloc_free_list
 *(COMMON)
 COMMON         0x20000648       0xec .\CortexM0\ARM_GCC_493\Debug\network.o
                0x20000648                IDreceivePacket
                0x2000064c                mas
                0x20000668                outData
                0x20000680                recvDataNTP
                0x20000694                ntpFlagReadyForReceive
                0x20000698                inData
                0x200006b0                unixTime
                0x200006c0                resultReceive
                0x200006c4                ntpFlagEndReceivePacket
                0x200006c8                millisTime
                0x200006d0                previousData
 COMMON         0x20000734        0x4 .\CortexM0\ARM_GCC_493\Debug\ntp.o
                0x20000734                NtpLenChS
                0x20000735                NtpLenMsD1
                0x20000736                NtpLenId
                0x20000737                NtpLenD1
 COMMON         0x20000738        0x4 .\CortexM0\ARM_GCC_493\Debug\main.o
                0x20000738                result
 *fill*         0x2000073c        0x4 
 COMMON         0x20000740       0x28 .\CortexM0\ARM_GCC_493\Debug\debug_ntp.a(RTC.o)
                0x20000740                RTC_initVar
                0x20000744                RTC_currentTimeDate
                0x20000754                RTC_alarmCurStatus
                0x20000758                RTC_dstStatus
                0x20000760                RTC_unixTime
 COMMON         0x20000768       0xe0 .\CortexM0\ARM_GCC_493\Debug\debug_ntp.a(UART_XB_SPI_UART.o)
                0x20000768                UART_XB_rxBufferTail
                0x2000076c                UART_XB_rxBufferOverflow
                0x20000770                UART_XB_txBufferHead
                0x20000774                UART_XB_txBufferInternal
                0x200007d8                UART_XB_rxBufferInternal
                0x20000840                UART_XB_rxBufferHead
                0x20000844                UART_XB_txBufferTail
 COMMON         0x20000848        0x4 c:/program files (x86)/cypress/psoc creator/4.0/psoc creator/import/gnu/arm/4.9.3/bin/../lib/gcc/arm-none-eabi/4.9.3/../../../../arm-none-eabi/lib/armv6-m\libg_nano.a(lib_a-reent.o)
                0x20000848                errno
                0x20000850                . = ALIGN (0x8)
 *fill*         0x2000084c        0x4 
 *(.ram.b)
                0x20000850                _end = .
                0x20000850                __end = .
                0x20000850                PROVIDE (end, .)
                0x20000850                PROVIDE (__bss_end__, .)
                0x00002b68                __cy_region_init_ram = LOADADDR (.data)
                0x00000088                __cy_region_init_size_ram = (_edata - ADDR (.data))
                0x00000700                __cy_region_zero_size_ram = (_end - _edata)

.heap           0x20000850       0x80 load address 0x00002bf0
                0x20000850                . = _end
                0x200008d0                . = (. + 0x80)
 *fill*         0x20000850       0x80 
                0x200008d0                __cy_heap_limit = .

.stack          0x20003800      0x800
                0x20003800                __cy_stack_limit = .
                0x20004000                . = (. + 0x800)
 *fill*         0x20003800      0x800 
                0x00000001                ASSERT ((__cy_stack_limit >= __cy_heap_limit), region RAM overflowed with stack)
                0x00000000                cy_checksum_exclude_size = (CY_APPL_LOADABLE == 0x1)?SIZEOF (.cy_checksum_exclude):0x0
                0x00000001                ASSERT ((cy_checksum_exclude_size <= CY_CHECKSUM_EXCLUDE_SIZE), CY_BOOT: Section .cy_checksum_exclude size exceedes specified limit.)
                0x0001ffc0                cyloadermeta_start = (cy_project_type_bootloader || cy_project_type_app_for_stack_and_copier)?(0x20000 - CY_METADATA_SIZE):0xf0000000

.cyloadermeta
 *(.cyloadermeta)
                0x0001ffc0                cyloadablemeta_start = cy_project_type_app_for_stack_and_copier?((0x20000 - CY_FLASH_ROW_SIZE) - CY_METADATA_SIZE):((0x20000 - (CY_FLASH_ROW_SIZE * (CY_APPL_NUM - 0x1))) - CY_METADATA_SIZE)

.cyloadablemeta
 *(.cyloadablemeta)

.cyflashprotect
                0x90400000       0x80
 *(.cyflashprotect)
 .cyflashprotect
                0x90400000       0x80 .\CortexM0\ARM_GCC_493\Debug\cymetadata.o
                0x90400000                cy_meta_flashprotect

.cymeta         0x90500000        0xc
 *(.cymeta)
 .cymeta        0x90500000        0xc .\CortexM0\ARM_GCC_493\Debug\cymetadata.o
                0x90500000                cy_metadata

.cychipprotect  0x90600000        0x4
 *(.cychipprotect)
 .cychipprotect
                0x90600000        0x4 .\CortexM0\ARM_GCC_493\Debug\cymetadata.o
                0x90600000                cy_meta_chipprotect

.rel.dyn        0x00002bf0        0x0 load address 0x90600004
 .rel.iplt      0x00000000        0x0 c:/program files (x86)/cypress/psoc creator/4.0/psoc creator/import/gnu/arm/4.9.3/bin/../lib/gcc/arm-none-eabi/4.9.3/armv6-m/crtbegin.o

.stab
 *(.stab)

.stabstr
 *(.stabstr)

.debug
 *(.debug)

.line
 *(.line)

.debug_srcinfo
 *(.debug_srcinfo)

.debug_sfnames
 *(.debug_sfnames)

.debug_aranges  0x00000000      0x940
 *(.debug_aranges)
 .debug_aranges
                0x00000000       0x48 .\CortexM0\ARM_GCC_493\Debug\display.o
 .debug_aranges
                0x00000048       0x38 .\CortexM0\ARM_GCC_493\Debug\crc32.o
 .debug_aranges
                0x00000080       0x58 .\CortexM0\ARM_GCC_493\Debug\network.o
 .debug_aranges
                0x000000d8       0x40 .\CortexM0\ARM_GCC_493\Debug\svt.o
 .debug_aranges
                0x00000118       0x38 .\CortexM0\ARM_GCC_493\Debug\ntp.o
 .debug_aranges
                0x00000150       0x68 .\CortexM0\ARM_GCC_493\Debug\RTC_WDT.o
 .debug_aranges
                0x000001b8       0x20 .\CortexM0\ARM_GCC_493\Debug\main.o
 .debug_aranges
                0x000001d8       0x18 .\CortexM0\ARM_GCC_493\Debug\cymetadata.o
 .debug_aranges
                0x000001f0       0x48 .\CortexM0\ARM_GCC_493\Debug\Cm0Start.o
 .debug_aranges
                0x00000238       0x38 .\CortexM0\ARM_GCC_493\Debug\debug_ntp.a(cyfitter_cfg.o)
 .debug_aranges
                0x00000270       0xc0 .\CortexM0\ARM_GCC_493\Debug\debug_ntp.a(RTC.o)
 .debug_aranges
                0x00000330       0x68 .\CortexM0\ARM_GCC_493\Debug\debug_ntp.a(UART_XB.o)
 .debug_aranges
                0x00000398       0x60 .\CortexM0\ARM_GCC_493\Debug\debug_ntp.a(UART_XB_SPI_UART.o)
 .debug_aranges
                0x000003f8       0x88 .\CortexM0\ARM_GCC_493\Debug\debug_ntp.a(UART_XB_UART.o)
 .debug_aranges
                0x00000480       0x98 .\CortexM0\ARM_GCC_493\Debug\debug_ntp.a(LCD.o)
 .debug_aranges
                0x00000518       0x20 .\CortexM0\ARM_GCC_493\Debug\debug_ntp.a(LCD_CustChars.o)
 .debug_aranges
                0x00000538      0x1b0 .\CortexM0\ARM_GCC_493\Debug\debug_ntp.a(CyLib.o)
 .debug_aranges
                0x000006e8      0x188 .\CortexM0\ARM_GCC_493\Debug\debug_ntp.a(CyLFClk.o)
 .debug_aranges
                0x00000870       0x48 .\CortexM0\ARM_GCC_493\Debug\debug_ntp.a(debug.o)
 .debug_aranges
                0x000008b8       0x48 .\CortexM0\ARM_GCC_493\Debug\debug_ntp.a(pinDebugNtp.o)
 .debug_aranges
                0x00000900       0x20 .\CortexM0\ARM_GCC_493\Debug\debug_ntp.a(CyBootAsmGnu.o)
 .debug_aranges
                0x00000920       0x20 .\CortexM0\ARM_GCC_493\Debug\debug_ntp.a(UART_XB_SPI_UART_INT.o)

.debug_pubnames
 *(.debug_pubnames)

.debug_info     0x00000000     0x7323
 *(.debug_info .gnu.linkonce.wi.*)
 .debug_info    0x00000000      0x4df .\CortexM0\ARM_GCC_493\Debug\display.o
 .debug_info    0x000004df      0x244 .\CortexM0\ARM_GCC_493\Debug\crc32.o
 .debug_info    0x00000723      0xbdf .\CortexM0\ARM_GCC_493\Debug\network.o
 .debug_info    0x00001302      0x819 .\CortexM0\ARM_GCC_493\Debug\svt.o
 .debug_info    0x00001b1b      0x36f .\CortexM0\ARM_GCC_493\Debug\ntp.o
 .debug_info    0x00001e8a      0x578 .\CortexM0\ARM_GCC_493\Debug\RTC_WDT.o
 .debug_info    0x00002402      0x1d9 .\CortexM0\ARM_GCC_493\Debug\main.o
 .debug_info    0x000025db       0xfe .\CortexM0\ARM_GCC_493\Debug\cymetadata.o
 .debug_info    0x000026d9      0x39a .\CortexM0\ARM_GCC_493\Debug\Cm0Start.o
 .debug_info    0x00002a73      0x374 .\CortexM0\ARM_GCC_493\Debug\debug_ntp.a(cyfitter_cfg.o)
 .debug_info    0x00002de7      0xfd3 .\CortexM0\ARM_GCC_493\Debug\debug_ntp.a(RTC.o)
 .debug_info    0x00003dba      0x2e4 .\CortexM0\ARM_GCC_493\Debug\debug_ntp.a(UART_XB.o)
 .debug_info    0x0000409e      0x373 .\CortexM0\ARM_GCC_493\Debug\debug_ntp.a(UART_XB_SPI_UART.o)
 .debug_info    0x00004411      0x48a .\CortexM0\ARM_GCC_493\Debug\debug_ntp.a(UART_XB_UART.o)
 .debug_info    0x0000489b      0x76f .\CortexM0\ARM_GCC_493\Debug\debug_ntp.a(LCD.o)
 .debug_info    0x0000500a      0x15d .\CortexM0\ARM_GCC_493\Debug\debug_ntp.a(LCD_CustChars.o)
 .debug_info    0x00005167      0xbdb .\CortexM0\ARM_GCC_493\Debug\debug_ntp.a(CyLib.o)
 .debug_info    0x00005d42     0x106f .\CortexM0\ARM_GCC_493\Debug\debug_ntp.a(CyLFClk.o)
 .debug_info    0x00006db1      0x19d .\CortexM0\ARM_GCC_493\Debug\debug_ntp.a(debug.o)
 .debug_info    0x00006f4e      0x19d .\CortexM0\ARM_GCC_493\Debug\debug_ntp.a(pinDebugNtp.o)
 .debug_info    0x000070eb       0xb9 .\CortexM0\ARM_GCC_493\Debug\debug_ntp.a(CyBootAsmGnu.o)
 .debug_info    0x000071a4      0x17f .\CortexM0\ARM_GCC_493\Debug\debug_ntp.a(UART_XB_SPI_UART_INT.o)

.debug_abbrev   0x00000000     0x1fbf
 *(.debug_abbrev)
 .debug_abbrev  0x00000000      0x1a1 .\CortexM0\ARM_GCC_493\Debug\display.o
 .debug_abbrev  0x000001a1       0xf3 .\CortexM0\ARM_GCC_493\Debug\crc32.o
 .debug_abbrev  0x00000294      0x27b .\CortexM0\ARM_GCC_493\Debug\network.o
 .debug_abbrev  0x0000050f      0x217 .\CortexM0\ARM_GCC_493\Debug\svt.o
 .debug_abbrev  0x00000726      0x144 .\CortexM0\ARM_GCC_493\Debug\ntp.o
 .debug_abbrev  0x0000086a      0x218 .\CortexM0\ARM_GCC_493\Debug\RTC_WDT.o
 .debug_abbrev  0x00000a82       0xfd .\CortexM0\ARM_GCC_493\Debug\main.o
 .debug_abbrev  0x00000b7f       0x5d .\CortexM0\ARM_GCC_493\Debug\cymetadata.o
 .debug_abbrev  0x00000bdc      0x1e6 .\CortexM0\ARM_GCC_493\Debug\Cm0Start.o
 .debug_abbrev  0x00000dc2      0x1b3 .\CortexM0\ARM_GCC_493\Debug\debug_ntp.a(cyfitter_cfg.o)
 .debug_abbrev  0x00000f75      0x2b2 .\CortexM0\ARM_GCC_493\Debug\debug_ntp.a(RTC.o)
 .debug_abbrev  0x00001227      0x143 .\CortexM0\ARM_GCC_493\Debug\debug_ntp.a(UART_XB.o)
 .debug_abbrev  0x0000136a      0x182 .\CortexM0\ARM_GCC_493\Debug\debug_ntp.a(UART_XB_SPI_UART.o)
 .debug_abbrev  0x000014ec      0x17d .\CortexM0\ARM_GCC_493\Debug\debug_ntp.a(UART_XB_UART.o)
 .debug_abbrev  0x00001669      0x18b .\CortexM0\ARM_GCC_493\Debug\debug_ntp.a(LCD.o)
 .debug_abbrev  0x000017f4      0x10d .\CortexM0\ARM_GCC_493\Debug\debug_ntp.a(LCD_CustChars.o)
 .debug_abbrev  0x00001901      0x20d .\CortexM0\ARM_GCC_493\Debug\debug_ntp.a(CyLib.o)
 .debug_abbrev  0x00001b0e      0x273 .\CortexM0\ARM_GCC_493\Debug\debug_ntp.a(CyLFClk.o)
 .debug_abbrev  0x00001d81       0xc8 .\CortexM0\ARM_GCC_493\Debug\debug_ntp.a(debug.o)
 .debug_abbrev  0x00001e49       0xc8 .\CortexM0\ARM_GCC_493\Debug\debug_ntp.a(pinDebugNtp.o)
 .debug_abbrev  0x00001f11       0x14 .\CortexM0\ARM_GCC_493\Debug\debug_ntp.a(CyBootAsmGnu.o)
 .debug_abbrev  0x00001f25       0x9a .\CortexM0\ARM_GCC_493\Debug\debug_ntp.a(UART_XB_SPI_UART_INT.o)

.debug_line     0x00000000     0x2ca5
 *(.debug_line)
 .debug_line    0x00000000      0x1fd .\CortexM0\ARM_GCC_493\Debug\display.o
 .debug_line    0x000001fd      0x1ac .\CortexM0\ARM_GCC_493\Debug\crc32.o
 .debug_line    0x000003a9      0x34e .\CortexM0\ARM_GCC_493\Debug\network.o
 .debug_line    0x000006f7      0x31b .\CortexM0\ARM_GCC_493\Debug\svt.o
 .debug_line    0x00000a12      0x1ff .\CortexM0\ARM_GCC_493\Debug\ntp.o
 .debug_line    0x00000c11      0x253 .\CortexM0\ARM_GCC_493\Debug\RTC_WDT.o
 .debug_line    0x00000e64      0x1a4 .\CortexM0\ARM_GCC_493\Debug\main.o
 .debug_line    0x00001008       0x51 .\CortexM0\ARM_GCC_493\Debug\cymetadata.o
 .debug_line    0x00001059      0x24f .\CortexM0\ARM_GCC_493\Debug\Cm0Start.o
 .debug_line    0x000012a8      0x16d .\CortexM0\ARM_GCC_493\Debug\debug_ntp.a(cyfitter_cfg.o)
 .debug_line    0x00001415      0x45b .\CortexM0\ARM_GCC_493\Debug\debug_ntp.a(RTC.o)
 .debug_line    0x00001870      0x142 .\CortexM0\ARM_GCC_493\Debug\debug_ntp.a(UART_XB.o)
 .debug_line    0x000019b2      0x155 .\CortexM0\ARM_GCC_493\Debug\debug_ntp.a(UART_XB_SPI_UART.o)
 .debug_line    0x00001b07      0x1e2 .\CortexM0\ARM_GCC_493\Debug\debug_ntp.a(UART_XB_UART.o)
 .debug_line    0x00001ce9      0x1f0 .\CortexM0\ARM_GCC_493\Debug\debug_ntp.a(LCD.o)
 .debug_line    0x00001ed9       0x84 .\CortexM0\ARM_GCC_493\Debug\debug_ntp.a(LCD_CustChars.o)
 .debug_line    0x00001f5d      0x4cd .\CortexM0\ARM_GCC_493\Debug\debug_ntp.a(CyLib.o)
 .debug_line    0x0000242a      0x5dc .\CortexM0\ARM_GCC_493\Debug\debug_ntp.a(CyLFClk.o)
 .debug_line    0x00002a06       0xbd .\CortexM0\ARM_GCC_493\Debug\debug_ntp.a(debug.o)
 .debug_line    0x00002ac3       0xc3 .\CortexM0\ARM_GCC_493\Debug\debug_ntp.a(pinDebugNtp.o)
 .debug_line    0x00002b86       0x68 .\CortexM0\ARM_GCC_493\Debug\debug_ntp.a(CyBootAsmGnu.o)
 .debug_line    0x00002bee       0xb7 .\CortexM0\ARM_GCC_493\Debug\debug_ntp.a(UART_XB_SPI_UART_INT.o)

.debug_frame    0x00000000     0x1c30
 *(.debug_frame)
 .debug_frame   0x00000000       0xb8 .\CortexM0\ARM_GCC_493\Debug\display.o
 .debug_frame   0x000000b8       0x7c .\CortexM0\ARM_GCC_493\Debug\crc32.o
 .debug_frame   0x00000134      0x118 .\CortexM0\ARM_GCC_493\Debug\network.o
 .debug_frame   0x0000024c       0x90 .\CortexM0\ARM_GCC_493\Debug\svt.o
 .debug_frame   0x000002dc       0x60 .\CortexM0\ARM_GCC_493\Debug\ntp.o
 .debug_frame   0x0000033c      0x118 .\CortexM0\ARM_GCC_493\Debug\RTC_WDT.o
 .debug_frame   0x00000454       0x2c .\CortexM0\ARM_GCC_493\Debug\main.o
 .debug_frame   0x00000480       0xbc .\CortexM0\ARM_GCC_493\Debug\Cm0Start.o
 .debug_frame   0x0000053c       0x78 .\CortexM0\ARM_GCC_493\Debug\debug_ntp.a(cyfitter_cfg.o)
 .debug_frame   0x000005b4      0x288 .\CortexM0\ARM_GCC_493\Debug\debug_ntp.a(RTC.o)
 .debug_frame   0x0000083c      0x104 .\CortexM0\ARM_GCC_493\Debug\debug_ntp.a(UART_XB.o)
 .debug_frame   0x00000940       0xc8 .\CortexM0\ARM_GCC_493\Debug\debug_ntp.a(UART_XB_SPI_UART.o)
 .debug_frame   0x00000a08      0x134 .\CortexM0\ARM_GCC_493\Debug\debug_ntp.a(UART_XB_UART.o)
 .debug_frame   0x00000b3c      0x1f0 .\CortexM0\ARM_GCC_493\Debug\debug_ntp.a(LCD.o)
 .debug_frame   0x00000d2c       0x30 .\CortexM0\ARM_GCC_493\Debug\debug_ntp.a(LCD_CustChars.o)
 .debug_frame   0x00000d5c      0x444 .\CortexM0\ARM_GCC_493\Debug\debug_ntp.a(CyLib.o)
 .debug_frame   0x000011a0      0x4a8 .\CortexM0\ARM_GCC_493\Debug\debug_ntp.a(CyLFClk.o)
 .debug_frame   0x00001648       0x70 .\CortexM0\ARM_GCC_493\Debug\debug_ntp.a(debug.o)
 .debug_frame   0x000016b8       0x70 .\CortexM0\ARM_GCC_493\Debug\debug_ntp.a(pinDebugNtp.o)
 .debug_frame   0x00001728       0x2c .\CortexM0\ARM_GCC_493\Debug\debug_ntp.a(UART_XB_SPI_UART_INT.o)
 .debug_frame   0x00001754       0x20 c:/program files (x86)/cypress/psoc creator/4.0/psoc creator/import/gnu/arm/4.9.3/bin/../lib/gcc/arm-none-eabi/4.9.3/armv6-m\libgcc.a(_udivsi3.o)
 .debug_frame   0x00001774       0x20 c:/program files (x86)/cypress/psoc creator/4.0/psoc creator/import/gnu/arm/4.9.3/bin/../lib/gcc/arm-none-eabi/4.9.3/armv6-m\libgcc.a(_divsi3.o)
 .debug_frame   0x00001794       0x50 c:/program files (x86)/cypress/psoc creator/4.0/psoc creator/import/gnu/arm/4.9.3/bin/../lib/gcc/arm-none-eabi/4.9.3/armv6-m\libgcc.a(bpabi.o)
 .debug_frame   0x000017e4       0x34 c:/program files (x86)/cypress/psoc creator/4.0/psoc creator/import/gnu/arm/4.9.3/bin/../lib/gcc/arm-none-eabi/4.9.3/armv6-m\libgcc.a(_muldi3.o)
 .debug_frame   0x00001818       0x3c c:/program files (x86)/cypress/psoc creator/4.0/psoc creator/import/gnu/arm/4.9.3/bin/../lib/gcc/arm-none-eabi/4.9.3/armv6-m\libgcc.a(_divdi3.o)
 .debug_frame   0x00001854       0x3c c:/program files (x86)/cypress/psoc creator/4.0/psoc creator/import/gnu/arm/4.9.3/bin/../lib/gcc/arm-none-eabi/4.9.3/armv6-m\libgcc.a(_udivdi3.o)
 .debug_frame   0x00001890       0x20 c:/program files (x86)/cypress/psoc creator/4.0/psoc creator/import/gnu/arm/4.9.3/bin/../lib/gcc/arm-none-eabi/4.9.3/../../../../arm-none-eabi/lib/armv6-m\libg_nano.a(lib_a-errno.o)
 .debug_frame   0x000018b0       0x28 c:/program files (x86)/cypress/psoc creator/4.0/psoc creator/import/gnu/arm/4.9.3/bin/../lib/gcc/arm-none-eabi/4.9.3/../../../../arm-none-eabi/lib/armv6-m\libg_nano.a(lib_a-exit.o)
 .debug_frame   0x000018d8       0x2c c:/program files (x86)/cypress/psoc creator/4.0/psoc creator/import/gnu/arm/4.9.3/bin/../lib/gcc/arm-none-eabi/4.9.3/../../../../arm-none-eabi/lib/armv6-m\libg_nano.a(lib_a-init.o)
 .debug_frame   0x00001904       0x28 c:/program files (x86)/cypress/psoc creator/4.0/psoc creator/import/gnu/arm/4.9.3/bin/../lib/gcc/arm-none-eabi/4.9.3/../../../../arm-none-eabi/lib/armv6-m\libg_nano.a(lib_a-memcpy.o)
 .debug_frame   0x0000192c       0x20 c:/program files (x86)/cypress/psoc creator/4.0/psoc creator/import/gnu/arm/4.9.3/bin/../lib/gcc/arm-none-eabi/4.9.3/../../../../arm-none-eabi/lib/armv6-m\libg_nano.a(lib_a-memset.o)
 .debug_frame   0x0000194c       0x50 c:/program files (x86)/cypress/psoc creator/4.0/psoc creator/import/gnu/arm/4.9.3/bin/../lib/gcc/arm-none-eabi/4.9.3/../../../../arm-none-eabi/lib/armv6-m\libg_nano.a(lib_a-sprintf.o)
 .debug_frame   0x0000199c       0x28 c:/program files (x86)/cypress/psoc creator/4.0/psoc creator/import/gnu/arm/4.9.3/bin/../lib/gcc/arm-none-eabi/4.9.3/../../../../arm-none-eabi/lib/armv6-m\libg_nano.a(lib_a-strcat.o)
 .debug_frame   0x000019c4       0x20 c:/program files (x86)/cypress/psoc creator/4.0/psoc creator/import/gnu/arm/4.9.3/bin/../lib/gcc/arm-none-eabi/4.9.3/../../../../arm-none-eabi/lib/armv6-m\libg_nano.a(lib_a-strcpy.o)
 .debug_frame   0x000019e4       0x20 c:/program files (x86)/cypress/psoc creator/4.0/psoc creator/import/gnu/arm/4.9.3/bin/../lib/gcc/arm-none-eabi/4.9.3/../../../../arm-none-eabi/lib/armv6-m\libg_nano.a(lib_a-strlen.o)
 .debug_frame   0x00001a04       0x74 c:/program files (x86)/cypress/psoc creator/4.0/psoc creator/import/gnu/arm/4.9.3/bin/../lib/gcc/arm-none-eabi/4.9.3/../../../../arm-none-eabi/lib/armv6-m\libg_nano.a(lib_a-nano-svfprintf.o)
 .debug_frame   0x00001a78       0x54 c:/program files (x86)/cypress/psoc creator/4.0/psoc creator/import/gnu/arm/4.9.3/bin/../lib/gcc/arm-none-eabi/4.9.3/../../../../arm-none-eabi/lib/armv6-m\libg_nano.a(lib_a-nano-vfprintf_i.o)
 .debug_frame   0x00001acc       0x20 c:/program files (x86)/cypress/psoc creator/4.0/psoc creator/import/gnu/arm/4.9.3/bin/../lib/gcc/arm-none-eabi/4.9.3/../../../../arm-none-eabi/lib/armv6-m\libg_nano.a(lib_a-memchr.o)
 .debug_frame   0x00001aec       0x28 c:/program files (x86)/cypress/psoc creator/4.0/psoc creator/import/gnu/arm/4.9.3/bin/../lib/gcc/arm-none-eabi/4.9.3/../../../../arm-none-eabi/lib/armv6-m\libg_nano.a(lib_a-memmove.o)
 .debug_frame   0x00001b14       0x2c c:/program files (x86)/cypress/psoc creator/4.0/psoc creator/import/gnu/arm/4.9.3/bin/../lib/gcc/arm-none-eabi/4.9.3/../../../../arm-none-eabi/lib/armv6-m\libg_nano.a(lib_a-nano-freer.o)
 .debug_frame   0x00001b40       0x2c c:/program files (x86)/cypress/psoc creator/4.0/psoc creator/import/gnu/arm/4.9.3/bin/../lib/gcc/arm-none-eabi/4.9.3/../../../../arm-none-eabi/lib/armv6-m\libg_nano.a(lib_a-nano-mallocr.o)
 .debug_frame   0x00001b6c       0x30 c:/program files (x86)/cypress/psoc creator/4.0/psoc creator/import/gnu/arm/4.9.3/bin/../lib/gcc/arm-none-eabi/4.9.3/../../../../arm-none-eabi/lib/armv6-m\libg_nano.a(lib_a-nano-reallocr.o)
 .debug_frame   0x00001b9c       0x2c c:/program files (x86)/cypress/psoc creator/4.0/psoc creator/import/gnu/arm/4.9.3/bin/../lib/gcc/arm-none-eabi/4.9.3/../../../../arm-none-eabi/lib/armv6-m\libg_nano.a(lib_a-sbrkr.o)
 .debug_frame   0x00001bc8       0x20 c:/program files (x86)/cypress/psoc creator/4.0/psoc creator/import/gnu/arm/4.9.3/bin/../lib/gcc/arm-none-eabi/4.9.3/../../../../arm-none-eabi/lib/armv6-m\libg_nano.a(lib_a-nano-msizer.o)
 .debug_frame   0x00001be8       0x48 c:/program files (x86)/cypress/psoc creator/4.0/psoc creator/import/gnu/arm/4.9.3/bin/../lib/gcc/arm-none-eabi/4.9.3/../../../../arm-none-eabi/lib/armv6-m\libg_nano.a(lib_a-reent.o)

.debug_str      0x00000000     0x239d
 *(.debug_str)
 .debug_str     0x00000000      0x2c1 .\CortexM0\ARM_GCC_493\Debug\display.o
                                0x315 (size before relaxing)
 .debug_str     0x000002c1       0x6f .\CortexM0\ARM_GCC_493\Debug\crc32.o
                                0x21b (size before relaxing)
 .debug_str     0x00000330      0x3d6 .\CortexM0\ARM_GCC_493\Debug\network.o
                                0x5fa (size before relaxing)
 .debug_str     0x00000706       0xf5 .\CortexM0\ARM_GCC_493\Debug\svt.o
                                0x3ed (size before relaxing)
 .debug_str     0x000007fb      0x147 .\CortexM0\ARM_GCC_493\Debug\ntp.o
                                0x358 (size before relaxing)
 .debug_str     0x00000942      0x122 .\CortexM0\ARM_GCC_493\Debug\RTC_WDT.o
                                0x395 (size before relaxing)
 .debug_str     0x00000a64        0xc .\CortexM0\ARM_GCC_493\Debug\main.o
                                0x214 (size before relaxing)
 .debug_str     0x00000a70       0x59 .\CortexM0\ARM_GCC_493\Debug\cymetadata.o
                                0x1f7 (size before relaxing)
 .debug_str     0x00000ac9      0x14e .\CortexM0\ARM_GCC_493\Debug\Cm0Start.o
                                0x31e (size before relaxing)
 .debug_str     0x00000c17      0x107 .\CortexM0\ARM_GCC_493\Debug\debug_ntp.a(cyfitter_cfg.o)
                                0x2e0 (size before relaxing)
 .debug_str     0x00000d1e      0x360 .\CortexM0\ARM_GCC_493\Debug\debug_ntp.a(RTC.o)
                                0x5e9 (size before relaxing)
 .debug_str     0x0000107e      0x172 .\CortexM0\ARM_GCC_493\Debug\debug_ntp.a(UART_XB.o)
                                0x360 (size before relaxing)
 .debug_str     0x000011f0      0x1ab .\CortexM0\ARM_GCC_493\Debug\debug_ntp.a(UART_XB_SPI_UART.o)
                                0x3d1 (size before relaxing)
 .debug_str     0x0000139b      0x164 .\CortexM0\ARM_GCC_493\Debug\debug_ntp.a(UART_XB_UART.o)
                                0x49d (size before relaxing)
 .debug_str     0x000014ff      0x163 .\CortexM0\ARM_GCC_493\Debug\debug_ntp.a(LCD.o)
                                0x36d (size before relaxing)
 .debug_str     0x00001662       0x32 .\CortexM0\ARM_GCC_493\Debug\debug_ntp.a(LCD_CustChars.o)
                                0x227 (size before relaxing)
 .debug_str     0x00001694      0x4c0 .\CortexM0\ARM_GCC_493\Debug\debug_ntp.a(CyLib.o)
                                0x758 (size before relaxing)
 .debug_str     0x00001b54      0x6c8 .\CortexM0\ARM_GCC_493\Debug\debug_ntp.a(CyLFClk.o)
                                0x955 (size before relaxing)
 .debug_str     0x0000221c       0x9f .\CortexM0\ARM_GCC_493\Debug\debug_ntp.a(debug.o)
                                0x25f (size before relaxing)
 .debug_str     0x000022bb       0x9f .\CortexM0\ARM_GCC_493\Debug\debug_ntp.a(pinDebugNtp.o)
                                0x289 (size before relaxing)
 .debug_str     0x0000235a       0x43 .\CortexM0\ARM_GCC_493\Debug\debug_ntp.a(UART_XB_SPI_UART_INT.o)
                                0x2c4 (size before relaxing)

.debug_loc      0x00000000     0x415a
 *(.debug_loc)
 .debug_loc     0x00000000      0x139 .\CortexM0\ARM_GCC_493\Debug\display.o
 .debug_loc     0x00000139      0x216 .\CortexM0\ARM_GCC_493\Debug\crc32.o
 .debug_loc     0x0000034f      0x328 .\CortexM0\ARM_GCC_493\Debug\network.o
 .debug_loc     0x00000677      0x411 .\CortexM0\ARM_GCC_493\Debug\svt.o
 .debug_loc     0x00000a88      0x25f .\CortexM0\ARM_GCC_493\Debug\ntp.o
 .debug_loc     0x00000ce7      0x236 .\CortexM0\ARM_GCC_493\Debug\RTC_WDT.o
 .debug_loc     0x00000f1d      0x14f .\CortexM0\ARM_GCC_493\Debug\Cm0Start.o
 .debug_loc     0x0000106c       0xa9 .\CortexM0\ARM_GCC_493\Debug\debug_ntp.a(cyfitter_cfg.o)
 .debug_loc     0x00001115     0x13ee .\CortexM0\ARM_GCC_493\Debug\debug_ntp.a(RTC.o)
 .debug_loc     0x00002503       0x7e .\CortexM0\ARM_GCC_493\Debug\debug_ntp.a(UART_XB.o)
 .debug_loc     0x00002581      0x170 .\CortexM0\ARM_GCC_493\Debug\debug_ntp.a(UART_XB_SPI_UART.o)
 .debug_loc     0x000026f1      0x1bd .\CortexM0\ARM_GCC_493\Debug\debug_ntp.a(UART_XB_UART.o)
 .debug_loc     0x000028ae      0x3e3 .\CortexM0\ARM_GCC_493\Debug\debug_ntp.a(LCD.o)
 .debug_loc     0x00002c91       0x56 .\CortexM0\ARM_GCC_493\Debug\debug_ntp.a(LCD_CustChars.o)
 .debug_loc     0x00002ce7      0x53e .\CortexM0\ARM_GCC_493\Debug\debug_ntp.a(CyLib.o)
 .debug_loc     0x00003225      0xdb4 .\CortexM0\ARM_GCC_493\Debug\debug_ntp.a(CyLFClk.o)
 .debug_loc     0x00003fd9       0xa2 .\CortexM0\ARM_GCC_493\Debug\debug_ntp.a(debug.o)
 .debug_loc     0x0000407b       0xa2 .\CortexM0\ARM_GCC_493\Debug\debug_ntp.a(pinDebugNtp.o)
 .debug_loc     0x0000411d       0x3d .\CortexM0\ARM_GCC_493\Debug\debug_ntp.a(UART_XB_SPI_UART_INT.o)

.debug_macinfo
 *(.debug_macinfo)

.debug_ranges   0x00000000      0x7c8
 *(.debug_ranges)
 .debug_ranges  0x00000000       0x38 .\CortexM0\ARM_GCC_493\Debug\display.o
 .debug_ranges  0x00000038       0x28 .\CortexM0\ARM_GCC_493\Debug\crc32.o
 .debug_ranges  0x00000060       0x48 .\CortexM0\ARM_GCC_493\Debug\network.o
 .debug_ranges  0x000000a8       0x30 .\CortexM0\ARM_GCC_493\Debug\svt.o
 .debug_ranges  0x000000d8       0x28 .\CortexM0\ARM_GCC_493\Debug\ntp.o
 .debug_ranges  0x00000100       0x58 .\CortexM0\ARM_GCC_493\Debug\RTC_WDT.o
 .debug_ranges  0x00000158       0x10 .\CortexM0\ARM_GCC_493\Debug\main.o
 .debug_ranges  0x00000168       0x38 .\CortexM0\ARM_GCC_493\Debug\Cm0Start.o
 .debug_ranges  0x000001a0       0x28 .\CortexM0\ARM_GCC_493\Debug\debug_ntp.a(cyfitter_cfg.o)
 .debug_ranges  0x000001c8       0xb0 .\CortexM0\ARM_GCC_493\Debug\debug_ntp.a(RTC.o)
 .debug_ranges  0x00000278       0x58 .\CortexM0\ARM_GCC_493\Debug\debug_ntp.a(UART_XB.o)
 .debug_ranges  0x000002d0       0x50 .\CortexM0\ARM_GCC_493\Debug\debug_ntp.a(UART_XB_SPI_UART.o)
 .debug_ranges  0x00000320       0x78 .\CortexM0\ARM_GCC_493\Debug\debug_ntp.a(UART_XB_UART.o)
 .debug_ranges  0x00000398       0x88 .\CortexM0\ARM_GCC_493\Debug\debug_ntp.a(LCD.o)
 .debug_ranges  0x00000420       0x10 .\CortexM0\ARM_GCC_493\Debug\debug_ntp.a(LCD_CustChars.o)
 .debug_ranges  0x00000430      0x1a0 .\CortexM0\ARM_GCC_493\Debug\debug_ntp.a(CyLib.o)
 .debug_ranges  0x000005d0      0x178 .\CortexM0\ARM_GCC_493\Debug\debug_ntp.a(CyLFClk.o)
 .debug_ranges  0x00000748       0x38 .\CortexM0\ARM_GCC_493\Debug\debug_ntp.a(debug.o)
 .debug_ranges  0x00000780       0x38 .\CortexM0\ARM_GCC_493\Debug\debug_ntp.a(pinDebugNtp.o)
 .debug_ranges  0x000007b8       0x10 .\CortexM0\ARM_GCC_493\Debug\debug_ntp.a(UART_XB_SPI_UART_INT.o)

.comment        0x00000000       0x70
 .comment       0x00000000       0x70 .\CortexM0\ARM_GCC_493\Debug\display.o
                                 0x71 (size before relaxing)
 .comment       0x00000000       0x71 .\CortexM0\ARM_GCC_493\Debug\crc32.o
 .comment       0x00000000       0x71 .\CortexM0\ARM_GCC_493\Debug\network.o
 .comment       0x00000000       0x71 .\CortexM0\ARM_GCC_493\Debug\svt.o
 .comment       0x00000000       0x71 .\CortexM0\ARM_GCC_493\Debug\ntp.o
 .comment       0x00000000       0x71 .\CortexM0\ARM_GCC_493\Debug\RTC_WDT.o
 .comment       0x00000000       0x71 .\CortexM0\ARM_GCC_493\Debug\main.o
 .comment       0x00000000       0x71 .\CortexM0\ARM_GCC_493\Debug\cymetadata.o
 .comment       0x00000000       0x71 .\CortexM0\ARM_GCC_493\Debug\Cm0Start.o
 .comment       0x00000000       0x71 .\CortexM0\ARM_GCC_493\Debug\debug_ntp.a(cyfitter_cfg.o)
 .comment       0x00000000       0x71 .\CortexM0\ARM_GCC_493\Debug\debug_ntp.a(RTC.o)
 .comment       0x00000000       0x71 .\CortexM0\ARM_GCC_493\Debug\debug_ntp.a(UART_XB.o)
 .comment       0x00000000       0x71 .\CortexM0\ARM_GCC_493\Debug\debug_ntp.a(UART_XB_SPI_UART.o)
 .comment       0x00000000       0x71 .\CortexM0\ARM_GCC_493\Debug\debug_ntp.a(UART_XB_UART.o)
 .comment       0x00000000       0x71 .\CortexM0\ARM_GCC_493\Debug\debug_ntp.a(LCD.o)
 .comment       0x00000000       0x71 .\CortexM0\ARM_GCC_493\Debug\debug_ntp.a(LCD_CustChars.o)
 .comment       0x00000000       0x71 .\CortexM0\ARM_GCC_493\Debug\debug_ntp.a(CyLib.o)
 .comment       0x00000000       0x71 .\CortexM0\ARM_GCC_493\Debug\debug_ntp.a(CyLFClk.o)
 .comment       0x00000000       0x71 .\CortexM0\ARM_GCC_493\Debug\debug_ntp.a(debug.o)
 .comment       0x00000000       0x71 .\CortexM0\ARM_GCC_493\Debug\debug_ntp.a(pinDebugNtp.o)
 .comment       0x00000000       0x71 .\CortexM0\ARM_GCC_493\Debug\debug_ntp.a(UART_XB_SPI_UART_INT.o)

.debug_weaknames
 *(.debug_weaknames)

.debug_funcnames
 *(.debug_funcnames)

.debug_typenames
 *(.debug_typenames)

.debug_varnames
 *(.debug_varnames)

.note.gnu.arm.ident
 *(.note.gnu.arm.ident)

.ARM.attributes
                0x00000000       0x28
 *(.ARM.attributes)
 .ARM.attributes
                0x00000000       0x1e c:/program files (x86)/cypress/psoc creator/4.0/psoc creator/import/gnu/arm/4.9.3/bin/../lib/gcc/arm-none-eabi/4.9.3/armv6-m/crti.o
 .ARM.attributes
                0x0000001e       0x2c c:/program files (x86)/cypress/psoc creator/4.0/psoc creator/import/gnu/arm/4.9.3/bin/../lib/gcc/arm-none-eabi/4.9.3/armv6-m/crtbegin.o
 .ARM.attributes
                0x0000004a       0x1b c:/program files (x86)/cypress/psoc creator/4.0/psoc creator/import/gnu/arm/4.9.3/bin/../lib/gcc/arm-none-eabi/4.9.3/../../../../arm-none-eabi/lib/armv6-m/crt0.o
 .ARM.attributes
                0x00000065       0x31 .\CortexM0\ARM_GCC_493\Debug\display.o
 .ARM.attributes
                0x00000096       0x31 .\CortexM0\ARM_GCC_493\Debug\crc32.o
 .ARM.attributes
                0x000000c7       0x31 .\CortexM0\ARM_GCC_493\Debug\network.o
 .ARM.attributes
                0x000000f8       0x31 .\CortexM0\ARM_GCC_493\Debug\svt.o
 .ARM.attributes
                0x00000129       0x31 .\CortexM0\ARM_GCC_493\Debug\ntp.o
 .ARM.attributes
                0x0000015a       0x31 .\CortexM0\ARM_GCC_493\Debug\RTC_WDT.o
 .ARM.attributes
                0x0000018b       0x31 .\CortexM0\ARM_GCC_493\Debug\main.o
 .ARM.attributes
                0x000001bc       0x31 .\CortexM0\ARM_GCC_493\Debug\cymetadata.o
 .ARM.attributes
                0x000001ed       0x31 .\CortexM0\ARM_GCC_493\Debug\Cm0Start.o
 .ARM.attributes
                0x0000021e       0x31 .\CortexM0\ARM_GCC_493\Debug\debug_ntp.a(cyfitter_cfg.o)
 .ARM.attributes
                0x0000024f       0x31 .\CortexM0\ARM_GCC_493\Debug\debug_ntp.a(RTC.o)
 .ARM.attributes
                0x00000280       0x31 .\CortexM0\ARM_GCC_493\Debug\debug_ntp.a(UART_XB.o)
 .ARM.attributes
                0x000002b1       0x31 .\CortexM0\ARM_GCC_493\Debug\debug_ntp.a(UART_XB_SPI_UART.o)
 .ARM.attributes
                0x000002e2       0x31 .\CortexM0\ARM_GCC_493\Debug\debug_ntp.a(UART_XB_UART.o)
 .ARM.attributes
                0x00000313       0x31 .\CortexM0\ARM_GCC_493\Debug\debug_ntp.a(LCD.o)
 .ARM.attributes
                0x00000344       0x31 .\CortexM0\ARM_GCC_493\Debug\debug_ntp.a(LCD_CustChars.o)
 .ARM.attributes
                0x00000375       0x31 .\CortexM0\ARM_GCC_493\Debug\debug_ntp.a(CyLib.o)
 .ARM.attributes
                0x000003a6       0x31 .\CortexM0\ARM_GCC_493\Debug\debug_ntp.a(CyLFClk.o)
 .ARM.attributes
                0x000003d7       0x31 .\CortexM0\ARM_GCC_493\Debug\debug_ntp.a(debug.o)
 .ARM.attributes
                0x00000408       0x31 .\CortexM0\ARM_GCC_493\Debug\debug_ntp.a(pinDebugNtp.o)
 .ARM.attributes
                0x00000439       0x21 .\CortexM0\ARM_GCC_493\Debug\debug_ntp.a(CyBootAsmGnu.o)
 .ARM.attributes
                0x0000045a       0x31 .\CortexM0\ARM_GCC_493\Debug\debug_ntp.a(UART_XB_SPI_UART_INT.o)
 .ARM.attributes
                0x0000048b       0x1e c:/program files (x86)/cypress/psoc creator/4.0/psoc creator/import/gnu/arm/4.9.3/bin/../lib/gcc/arm-none-eabi/4.9.3/armv6-m\libgcc.a(_udivsi3.o)
 .ARM.attributes
                0x000004a9       0x1e c:/program files (x86)/cypress/psoc creator/4.0/psoc creator/import/gnu/arm/4.9.3/bin/../lib/gcc/arm-none-eabi/4.9.3/armv6-m\libgcc.a(_divsi3.o)
 .ARM.attributes
                0x000004c7       0x1e c:/program files (x86)/cypress/psoc creator/4.0/psoc creator/import/gnu/arm/4.9.3/bin/../lib/gcc/arm-none-eabi/4.9.3/armv6-m\libgcc.a(_dvmd_tls.o)
 .ARM.attributes
                0x000004e5       0x1e c:/program files (x86)/cypress/psoc creator/4.0/psoc creator/import/gnu/arm/4.9.3/bin/../lib/gcc/arm-none-eabi/4.9.3/armv6-m\libgcc.a(_aeabi_uldivmod.o)
 .ARM.attributes
                0x00000503       0x2c c:/program files (x86)/cypress/psoc creator/4.0/psoc creator/import/gnu/arm/4.9.3/bin/../lib/gcc/arm-none-eabi/4.9.3/armv6-m\libgcc.a(bpabi.o)
 .ARM.attributes
                0x0000052f       0x2c c:/program files (x86)/cypress/psoc creator/4.0/psoc creator/import/gnu/arm/4.9.3/bin/../lib/gcc/arm-none-eabi/4.9.3/armv6-m\libgcc.a(_muldi3.o)
 .ARM.attributes
                0x0000055b       0x2c c:/program files (x86)/cypress/psoc creator/4.0/psoc creator/import/gnu/arm/4.9.3/bin/../lib/gcc/arm-none-eabi/4.9.3/armv6-m\libgcc.a(_divdi3.o)
 .ARM.attributes
                0x00000587       0x2c c:/program files (x86)/cypress/psoc creator/4.0/psoc creator/import/gnu/arm/4.9.3/bin/../lib/gcc/arm-none-eabi/4.9.3/armv6-m\libgcc.a(_udivdi3.o)
 .ARM.attributes
                0x000005b3       0x1e c:/program files (x86)/cypress/psoc creator/4.0/psoc creator/import/gnu/arm/4.9.3/bin/../lib/gcc/arm-none-eabi/4.9.3/armv6-m\libgcc.a(_clzdi2.o)
 .ARM.attributes
                0x000005d1       0x1e c:/program files (x86)/cypress/psoc creator/4.0/psoc creator/import/gnu/arm/4.9.3/bin/../lib/gcc/arm-none-eabi/4.9.3/armv6-m\libgcc.a(_clzsi2.o)
 .ARM.attributes
                0x000005ef       0x2c c:/program files (x86)/cypress/psoc creator/4.0/psoc creator/import/gnu/arm/4.9.3/bin/../lib/gcc/arm-none-eabi/4.9.3/../../../../arm-none-eabi/lib/armv6-m\libg_nano.a(lib_a-errno.o)
 .ARM.attributes
                0x0000061b       0x2c c:/program files (x86)/cypress/psoc creator/4.0/psoc creator/import/gnu/arm/4.9.3/bin/../lib/gcc/arm-none-eabi/4.9.3/../../../../arm-none-eabi/lib/armv6-m\libg_nano.a(lib_a-exit.o)
 .ARM.attributes
                0x00000647       0x2c c:/program files (x86)/cypress/psoc creator/4.0/psoc creator/import/gnu/arm/4.9.3/bin/../lib/gcc/arm-none-eabi/4.9.3/../../../../arm-none-eabi/lib/armv6-m\libg_nano.a(lib_a-impure.o)
 .ARM.attributes
                0x00000673       0x2c c:/program files (x86)/cypress/psoc creator/4.0/psoc creator/import/gnu/arm/4.9.3/bin/../lib/gcc/arm-none-eabi/4.9.3/../../../../arm-none-eabi/lib/armv6-m\libg_nano.a(lib_a-init.o)
 .ARM.attributes
                0x0000069f       0x2c c:/program files (x86)/cypress/psoc creator/4.0/psoc creator/import/gnu/arm/4.9.3/bin/../lib/gcc/arm-none-eabi/4.9.3/../../../../arm-none-eabi/lib/armv6-m\libg_nano.a(lib_a-memcpy.o)
 .ARM.attributes
                0x000006cb       0x2c c:/program files (x86)/cypress/psoc creator/4.0/psoc creator/import/gnu/arm/4.9.3/bin/../lib/gcc/arm-none-eabi/4.9.3/../../../../arm-none-eabi/lib/armv6-m\libg_nano.a(lib_a-memset.o)
 .ARM.attributes
                0x000006f7       0x2c c:/program files (x86)/cypress/psoc creator/4.0/psoc creator/import/gnu/arm/4.9.3/bin/../lib/gcc/arm-none-eabi/4.9.3/../../../../arm-none-eabi/lib/armv6-m\libg_nano.a(lib_a-sprintf.o)
 .ARM.attributes
                0x00000723       0x2c c:/program files (x86)/cypress/psoc creator/4.0/psoc creator/import/gnu/arm/4.9.3/bin/../lib/gcc/arm-none-eabi/4.9.3/../../../../arm-none-eabi/lib/armv6-m\libg_nano.a(lib_a-strcat.o)
 .ARM.attributes
                0x0000074f       0x2c c:/program files (x86)/cypress/psoc creator/4.0/psoc creator/import/gnu/arm/4.9.3/bin/../lib/gcc/arm-none-eabi/4.9.3/../../../../arm-none-eabi/lib/armv6-m\libg_nano.a(lib_a-strcpy.o)
 .ARM.attributes
                0x0000077b       0x2c c:/program files (x86)/cypress/psoc creator/4.0/psoc creator/import/gnu/arm/4.9.3/bin/../lib/gcc/arm-none-eabi/4.9.3/../../../../arm-none-eabi/lib/armv6-m\libg_nano.a(lib_a-strlen.o)
 .ARM.attributes
                0x000007a7       0x2c c:/program files (x86)/cypress/psoc creator/4.0/psoc creator/import/gnu/arm/4.9.3/bin/../lib/gcc/arm-none-eabi/4.9.3/../../../../arm-none-eabi/lib/armv6-m\libg_nano.a(lib_a-nano-svfprintf.o)
 .ARM.attributes
                0x000007d3       0x2c c:/program files (x86)/cypress/psoc creator/4.0/psoc creator/import/gnu/arm/4.9.3/bin/../lib/gcc/arm-none-eabi/4.9.3/../../../../arm-none-eabi/lib/armv6-m\libg_nano.a(lib_a-nano-vfprintf_i.o)
 .ARM.attributes
                0x000007ff       0x2c c:/program files (x86)/cypress/psoc creator/4.0/psoc creator/import/gnu/arm/4.9.3/bin/../lib/gcc/arm-none-eabi/4.9.3/../../../../arm-none-eabi/lib/armv6-m\libg_nano.a(lib_a-memchr.o)
 .ARM.attributes
                0x0000082b       0x2c c:/program files (x86)/cypress/psoc creator/4.0/psoc creator/import/gnu/arm/4.9.3/bin/../lib/gcc/arm-none-eabi/4.9.3/../../../../arm-none-eabi/lib/armv6-m\libg_nano.a(lib_a-memmove.o)
 .ARM.attributes
                0x00000857       0x2c c:/program files (x86)/cypress/psoc creator/4.0/psoc creator/import/gnu/arm/4.9.3/bin/../lib/gcc/arm-none-eabi/4.9.3/../../../../arm-none-eabi/lib/armv6-m\libg_nano.a(lib_a-nano-freer.o)
 .ARM.attributes
                0x00000883       0x2c c:/program files (x86)/cypress/psoc creator/4.0/psoc creator/import/gnu/arm/4.9.3/bin/../lib/gcc/arm-none-eabi/4.9.3/../../../../arm-none-eabi/lib/armv6-m\libg_nano.a(lib_a-nano-mallocr.o)
 .ARM.attributes
                0x000008af       0x2c c:/program files (x86)/cypress/psoc creator/4.0/psoc creator/import/gnu/arm/4.9.3/bin/../lib/gcc/arm-none-eabi/4.9.3/../../../../arm-none-eabi/lib/armv6-m\libg_nano.a(lib_a-nano-reallocr.o)
 .ARM.attributes
                0x000008db       0x2c c:/program files (x86)/cypress/psoc creator/4.0/psoc creator/import/gnu/arm/4.9.3/bin/../lib/gcc/arm-none-eabi/4.9.3/../../../../arm-none-eabi/lib/armv6-m\libg_nano.a(lib_a-sbrkr.o)
 .ARM.attributes
                0x00000907       0x2c c:/program files (x86)/cypress/psoc creator/4.0/psoc creator/import/gnu/arm/4.9.3/bin/../lib/gcc/arm-none-eabi/4.9.3/../../../../arm-none-eabi/lib/armv6-m\libg_nano.a(lib_a-nano-msizer.o)
 .ARM.attributes
                0x00000933       0x2c c:/program files (x86)/cypress/psoc creator/4.0/psoc creator/import/gnu/arm/4.9.3/bin/../lib/gcc/arm-none-eabi/4.9.3/../../../../arm-none-eabi/lib/armv6-m\libg_nano.a(lib_a-reent.o)
 .ARM.attributes
                0x0000095f       0x2c c:/program files (x86)/cypress/psoc creator/4.0/psoc creator/import/gnu/arm/4.9.3/bin/../lib/gcc/arm-none-eabi/4.9.3/armv6-m/crtend.o
 .ARM.attributes
                0x0000098b       0x1e c:/program files (x86)/cypress/psoc creator/4.0/psoc creator/import/gnu/arm/4.9.3/bin/../lib/gcc/arm-none-eabi/4.9.3/armv6-m/crtn.o

/DISCARD/
 *(.note.GNU-stack)
OUTPUT(.\CortexM0\ARM_GCC_493\Debug\debug_ntp.elf elf32-littlearm)
