Archive member included because of file (symbol)

.\CortexM0\ARM_GCC_493\Debug\debug_ntp.a(cyfitter_cfg.o)
                              .\CortexM0\ARM_GCC_493\Debug\Cm0Start.o (cyfitter_cfg)
.\CortexM0\ARM_GCC_493\Debug\debug_ntp.a(RTC.o)
                              .\CortexM0\ARM_GCC_493\Debug\network.o (RTC_GetUnixTime)
.\CortexM0\ARM_GCC_493\Debug\debug_ntp.a(UART_XB.o)
                              .\CortexM0\ARM_GCC_493\Debug\network.o (UART_XB_Start)
.\CortexM0\ARM_GCC_493\Debug\debug_ntp.a(UART_XB_SPI_UART.o)
                              .\CortexM0\ARM_GCC_493\Debug\network.o (UART_XB_SpiUartGetRxBufferSize)
.\CortexM0\ARM_GCC_493\Debug\debug_ntp.a(UART_XB_UART.o)
                              .\CortexM0\ARM_GCC_493\Debug\debug_ntp.a(UART_XB.o) (UART_XB_UartInit)
.\CortexM0\ARM_GCC_493\Debug\debug_ntp.a(LCD.o)
                              .\CortexM0\ARM_GCC_493\Debug\display.o (LCD_PrintString)
.\CortexM0\ARM_GCC_493\Debug\debug_ntp.a(LCD_CustChars.o)
                              .\CortexM0\ARM_GCC_493\Debug\debug_ntp.a(LCD.o) (LCD_LoadCustomFonts)
.\CortexM0\ARM_GCC_493\Debug\debug_ntp.a(CyLib.o)
                              .\CortexM0\ARM_GCC_493\Debug\debug_ntp.a(cyfitter_cfg.o) (CySysClkWriteImoFreq)
.\CortexM0\ARM_GCC_493\Debug\debug_ntp.a(CyLFClk.o)
                              .\CortexM0\ARM_GCC_493\Debug\debug_ntp.a(cyfitter_cfg.o) (CySysClkWcoStart)
.\CortexM0\ARM_GCC_493\Debug\debug_ntp.a(debug.o)
                              .\CortexM0\ARM_GCC_493\Debug\RTC_WDT.o (debug_Write)
.\CortexM0\ARM_GCC_493\Debug\debug_ntp.a(pinDebugNtp.o)
                              .\CortexM0\ARM_GCC_493\Debug\network.o (pinDebugNtp_Write)
.\CortexM0\ARM_GCC_493\Debug\debug_ntp.a(CyBootAsmGnu.o)
                              .\CortexM0\ARM_GCC_493\Debug\debug_ntp.a(cyfitter_cfg.o) (CyDelayCycles)
.\CortexM0\ARM_GCC_493\Debug\debug_ntp.a(UART_XB_SPI_UART_INT.o)
                              .\CortexM0\ARM_GCC_493\Debug\debug_ntp.a(UART_XB_UART.o) (UART_XB_SPI_UART_ISR)
c:/program files (x86)/cypress/psoc creator/4.0/psoc creator/import/gnu/arm/4.9.3/bin/../lib/gcc/arm-none-eabi/4.9.3/armv6-m\libgcc.a(_udivsi3.o)
                              .\CortexM0\ARM_GCC_493\Debug\debug_ntp.a(RTC.o) (__aeabi_uidiv)
c:/program files (x86)/cypress/psoc creator/4.0/psoc creator/import/gnu/arm/4.9.3/bin/../lib/gcc/arm-none-eabi/4.9.3/armv6-m\libgcc.a(_divsi3.o)
                              .\CortexM0\ARM_GCC_493\Debug\debug_ntp.a(CyLFClk.o) (__aeabi_idiv)
c:/program files (x86)/cypress/psoc creator/4.0/psoc creator/import/gnu/arm/4.9.3/bin/../lib/gcc/arm-none-eabi/4.9.3/armv6-m\libgcc.a(_dvmd_tls.o)
                              c:/program files (x86)/cypress/psoc creator/4.0/psoc creator/import/gnu/arm/4.9.3/bin/../lib/gcc/arm-none-eabi/4.9.3/armv6-m\libgcc.a(_udivsi3.o) (__aeabi_idiv0)
c:/program files (x86)/cypress/psoc creator/4.0/psoc creator/import/gnu/arm/4.9.3/bin/../lib/gcc/arm-none-eabi/4.9.3/armv6-m\libgcc.a(_aeabi_uldivmod.o)
                              .\CortexM0\ARM_GCC_493\Debug\RTC_WDT.o (__aeabi_uldivmod)
c:/program files (x86)/cypress/psoc creator/4.0/psoc creator/import/gnu/arm/4.9.3/bin/../lib/gcc/arm-none-eabi/4.9.3/armv6-m\libgcc.a(bpabi.o)
                              c:/program files (x86)/cypress/psoc creator/4.0/psoc creator/import/gnu/arm/4.9.3/bin/../lib/gcc/arm-none-eabi/4.9.3/armv6-m\libgcc.a(_aeabi_uldivmod.o) (__gnu_uldivmod_helper)
c:/program files (x86)/cypress/psoc creator/4.0/psoc creator/import/gnu/arm/4.9.3/bin/../lib/gcc/arm-none-eabi/4.9.3/armv6-m\libgcc.a(_muldi3.o)
                              c:/program files (x86)/cypress/psoc creator/4.0/psoc creator/import/gnu/arm/4.9.3/bin/../lib/gcc/arm-none-eabi/4.9.3/armv6-m\libgcc.a(bpabi.o) (__aeabi_lmul)
c:/program files (x86)/cypress/psoc creator/4.0/psoc creator/import/gnu/arm/4.9.3/bin/../lib/gcc/arm-none-eabi/4.9.3/armv6-m\libgcc.a(_divdi3.o)
                              c:/program files (x86)/cypress/psoc creator/4.0/psoc creator/import/gnu/arm/4.9.3/bin/../lib/gcc/arm-none-eabi/4.9.3/armv6-m\libgcc.a(bpabi.o) (__divdi3)
c:/program files (x86)/cypress/psoc creator/4.0/psoc creator/import/gnu/arm/4.9.3/bin/../lib/gcc/arm-none-eabi/4.9.3/armv6-m\libgcc.a(_udivdi3.o)
                              c:/program files (x86)/cypress/psoc creator/4.0/psoc creator/import/gnu/arm/4.9.3/bin/../lib/gcc/arm-none-eabi/4.9.3/armv6-m\libgcc.a(bpabi.o) (__udivdi3)
c:/program files (x86)/cypress/psoc creator/4.0/psoc creator/import/gnu/arm/4.9.3/bin/../lib/gcc/arm-none-eabi/4.9.3/armv6-m\libgcc.a(_clzdi2.o)
                              c:/program files (x86)/cypress/psoc creator/4.0/psoc creator/import/gnu/arm/4.9.3/bin/../lib/gcc/arm-none-eabi/4.9.3/armv6-m\libgcc.a(_divdi3.o) (__clzdi2)
c:/program files (x86)/cypress/psoc creator/4.0/psoc creator/import/gnu/arm/4.9.3/bin/../lib/gcc/arm-none-eabi/4.9.3/armv6-m\libgcc.a(_clzsi2.o)
[...]
Memory Configuration

Name             Origin             Length             Attributes
rom              0x00000000         0x00020000         xr
ram              0x20000000         0x00004000         xrw
*default*        0x00000000         0xffffffff

Linker script and memory map

LOAD c:/program files (x86)/cypress/psoc creator/4.0/psoc creator/import/gnu/arm/4.9.3/bin/../lib/gcc/arm-none-eabi/4.9.3/armv6-m/crti.o
LOAD c:/program files (x86)/cypress/psoc creator/4.0/psoc creator/import/gnu/arm/4.9.3/bin/../lib/gcc/arm-none-eabi/4.9.3/armv6-m/crtbegin.o
LOAD c:/program files (x86)/cypress/psoc creator/4.0/psoc creator/import/gnu/arm/4.9.3/bin/../lib/gcc/arm-none-eabi/4.9.3/../../../../arm-none-eabi/lib/armv6-m/crt0.o
START GROUP
LOAD .\CortexM0\ARM_GCC_493\Debug\display.o
LOAD .\CortexM0\ARM_GCC_493\Debug\crc32.o
LOAD .\CortexM0\ARM_GCC_493\Debug\network.o
LOAD .\CortexM0\ARM_GCC_493\Debug\svt.o
LOAD .\CortexM0\ARM_GCC_493\Debug\ntp.o
LOAD .\CortexM0\ARM_GCC_493\Debug\RTC_WDT.o
LOAD .\CortexM0\ARM_GCC_493\Debug\main.o
LOAD .\CortexM0\ARM_GCC_493\Debug\cymetadata.o
LOAD .\CortexM0\ARM_GCC_493\Debug\Cm0Start.o
LOAD .\CortexM0\ARM_GCC_493\Debug\debug_ntp.a
LOAD C:\Program Files (x86)\Cypress\PSoC Creator\4.0\PSoC Creator\psoc\content\cycomponentlibrary\CyComponentLibrary.cylib\CortexM0\ARM_GCC_493\Debug\CyComponentLibrary.a
END GROUP
START GROUP
LOAD c:/program files (x86)/cypress/psoc creator/4.0/psoc creator/import/gnu/arm/4.9.3/bin/../lib/gcc/arm-none-eabi/4.9.3/armv6-m\libgcc.a
LOAD c:/program files (x86)/cypress/psoc creator/4.0/psoc creator/import/gnu/arm/4.9.3/bin/../lib/gcc/arm-none-eabi/4.9.3/../../../../arm-none-eabi/lib/armv6-m\libg_nano.a
LOAD c:/program files (x86)/cypress/psoc creator/4.0/psoc creator/import/gnu/arm/4.9.3/bin/../lib/gcc/arm-none-eabi/4.9.3/../../../../arm-none-eabi/lib/armv6-m\libc_nano.a
END GROUP
START GROUP
LOAD c:/program files (x86)/cypress/psoc creator/4.0/psoc creator/import/gnu/arm/4.9.3/bin/../lib/gcc/arm-none-eabi/4.9.3/armv6-m\libgcc.a
LOAD c:/program files (x86)/cypress/psoc creator/4.0/psoc creator/import/gnu/arm/4.9.3/bin/../lib/gcc/arm-none-eabi/4.9.3/../../../../arm-none-eabi/lib/armv6-m\libc_nano.a
END GROUP
LOAD c:/program files (x86)/cypress/psoc creator/4.0/psoc creator/import/gnu/arm/4.9.3/bin/../lib/gcc/arm-none-eabi/4.9.3/armv6-m/crtend.o
LOAD c:/program files (x86)/cypress/psoc creator/4.0/psoc creator/import/gnu/arm/4.9.3/bin/../lib/gcc/arm-none-eabi/4.9.3/armv6-m/crtn.o
START GROUP
LOAD c:/program files (x86)/cypress/psoc creator/4.0/psoc creator/import/gnu/arm/4.9.3/bin/../lib/gcc/arm-none-eabi/4.9.3/armv6-m\libgcc.a
LOAD c:/program files (x86)/cypress/psoc creator/4.0/psoc creator/import/gnu/arm/4.9.3/bin/../lib/gcc/arm-none-eabi/4.9.3/../../../../arm-none-eabi/lib/armv6-m\libc.a
LOAD c:/program files (x86)/cypress/psoc creator/4.0/psoc creator/import/gnu/arm/4.9.3/bin/../lib/gcc/arm-none-eabi/4.9.3/../../../../arm-none-eabi/lib/armv6-m\libnosys.a
END GROUP
                0x00000000                CY_APPL_ORIGIN = 0x0
                0x00000080                CY_FLASH_ROW_SIZE = 0x80
                0x00000001                CY_APPL_NUM = 0x1
                0x00000001                CY_APPL_MAX = 0x1
                0x00000040                CY_METADATA_SIZE = 0x40
                0x00000000                CY_APPL_LOADABLE = 0x0
                0x00000000                CY_CHECKSUM_EXCLUDE_SIZE = ALIGN (0x0, CY_FLASH_ROW_SIZE)
                0x00000000                CY_APP_FOR_STACK_AND_COPIER = 0x0
                0x20000838                PROVIDE (__cy_heap_start, _end)
                0x00000001                PROVIDE (__cy_region_num, ((__cy_regions_end - __cy_regions) / 0x10))
                0x20004000                PROVIDE (__cy_stack, (ORIGIN (ram) + 0x4000))
                0x20003800                PROVIDE (__cy_heap_end, (__cy_stack - 0x800))

.cybootloader   0x00000000        0x0
 *(.cybootloader)
                0x00000000                appl1_start = CY_APPL_ORIGIN?CY_APPL_ORIGIN:ALIGN (CY_FLASH_ROW_SIZE)
                0x0000ff80                appl2_start = (appl1_start + ALIGN ((((0x20000 - appl1_start) - (0x2 * CY_FLASH_ROW_SIZE)) / 0x2), CY_FLASH_ROW_SIZE))
                0x00000000                appl_start = (CY_APPL_NUM == 0x1)?appl1_start:appl2_start
                0x00000001                cy_project_type_bootloader = (appl_start == 0x0)?0x1:0x0
                0x00000000                cy_project_type_app_for_stack_and_copier = (CY_APP_FOR_STACK_AND_COPIER == 0x1)?0x1:0x0

.text           0x00000000     0x29be
 CREATE_OBJECT_SYMBOLS
                0x00000000                PROVIDE (__cy_interrupt_vector, RomVectors)
 *(.romvectors)
 .romvectors    0x00000000       0x10 .\CortexM0\ARM_GCC_493\Debug\Cm0Start.o
                0x00000000                RomVectors
                0x00000001                ASSERT ((. != __cy_interrupt_vector), No interrupt vector)
                0x00000001                ASSERT (CY_APPL_ORIGIN?(SIZEOF (.cybootloader) <= CY_APPL_ORIGIN):0x1, Wrong image location)
                0x00000010                PROVIDE (__cy_reset, Reset)
 *(.text.Reset)
 .text.Reset    0x00000010        0x8 .\CortexM0\ARM_GCC_493\Debug\Cm0Start.o
                0x00000010                Reset
                0x00000001                ASSERT ((. != __cy_reset), No reset code)
 *(.psocinit)
 .psocinit      0x00000018      0x208 .\CortexM0\ARM_GCC_493\Debug\debug_ntp.a(cyfitter_cfg.o)
                0x00000118                cyfitter_cfg
                0x00000220                . = MAX (., 0x100)
 *(.text .text.* .gnu.linkonce.t.*)
 .text          0x00000220       0x60 c:/program files (x86)/cypress/psoc creator/4.0/psoc creator/import/gnu/arm/4.9.3/bin/../lib/gcc/arm-none-eabi/4.9.3/armv6-m/crtbegin.o
 .text.DisplayStart
                0x00000280        0x8 .\CortexM0\ARM_GCC_493\Debug\display.o
                0x00000280                DisplayStart
 .text.Display  0x00000288       0x20 .\CortexM0\ARM_GCC_493\Debug\display.o
                0x00000288                Display
 .text.DisplayRealTime
                0x000002a8       0x60 .\CortexM0\ARM_GCC_493\Debug\display.o
                0x000002a8                DisplayRealTime
 .text.crc32_init_tab
                0x00000308       0x40 .\CortexM0\ARM_GCC_493\Debug\crc32.o
 .text.crc32_update
                0x00000348       0x2c .\CortexM0\ARM_GCC_493\Debug\crc32.o
                0x00000348                crc32_update
 .text.crc32_calc_block
                0x00000374       0x1c .\CortexM0\ARM_GCC_493\Debug\crc32.o
                0x00000374                crc32_calc_block
 .text.CustomInterruptHandler
                0x00000390       0x84 .\CortexM0\ARM_GCC_493\Debug\network.o
                0x00000390                CustomInterruptHandler
 .text.InitNetwork
                0x00000414       0x38 .\CortexM0\ARM_GCC_493\Debug\network.o
                0x00000414                InitNetwork
 .text.NTPsendTime
                0x0000044c       0x3c .\CortexM0\ARM_GCC_493\Debug\network.o
                0x0000044c                NTPsendTime
 .text.NTPsync  0x00000488      0x184 .\CortexM0\ARM_GCC_493\Debug\network.o
                0x00000488                NTPsync
 .text.PackData
                0x0000060c       0xc0 .\CortexM0\ARM_GCC_493\Debug\svt.o
                0x0000060c                PackData
 .text.NtpDecodeByte
                0x000006cc       0x20 .\CortexM0\ARM_GCC_493\Debug\ntp.o
                0x000006cc                NtpDecodeByte
 .text.NtpCheckSymb
                0x000006ec        0xc .\CortexM0\ARM_GCC_493\Debug\ntp.o
                0x000006ec                NtpCheckSymb
 .text.NtpResetPacket
                0x000006f8       0x10 .\CortexM0\ARM_GCC_493\Debug\ntp.o
                0x000006f8                NtpResetPacket
 .text.NtpUnpackData
                0x00000708      0x1b8 .\CortexM0\ARM_GCC_493\Debug\ntp.o
                0x00000708                NtpUnpackData
 .text.CallBackCounter
                0x000008c0       0x30 .\CortexM0\ARM_GCC_493\Debug\RTC_WDT.o
                0x000008c0                CallBackCounter
 .text.RTC_WDT_Init
                0x000008f0       0x14 .\CortexM0\ARM_GCC_493\Debug\RTC_WDT.o
                0x000008f0                RTC_WDT_Init
 .text.RTCGetUnixTime
                0x00000904        0x8 .\CortexM0\ARM_GCC_493\Debug\RTC_WDT.o
                0x00000904                RTCGetUnixTime
 .text.RTCgetRecentMs
                0x0000090c        0xc .\CortexM0\ARM_GCC_493\Debug\RTC_WDT.o
                0x0000090c                RTCgetRecentMs
 .text.RTCSync  0x00000918       0x14 .\CortexM0\ARM_GCC_493\Debug\RTC_WDT.o
                0x00000918                RTCSync
 .text.main     0x0000092c       0x60 .\CortexM0\ARM_GCC_493\Debug\main.o
                0x0000092c                main
 .text.IntDefaultHandler
                0x0000098c       0x10 .\CortexM0\ARM_GCC_493\Debug\Cm0Start.o
                0x0000098c                IntDefaultHandler
 .text._sbrk    0x0000099c       0x30 .\CortexM0\ARM_GCC_493\Debug\Cm0Start.o
                0x0000099c                _sbrk
 .text.Start_c  0x000009cc       0x48 .\CortexM0\ARM_GCC_493\Debug\Cm0Start.o
                0x000009cc                Start_c
 .text.initialize_psoc
                0x00000a14       0x54 .\CortexM0\ARM_GCC_493\Debug\Cm0Start.o
                0x00000a14                initialize_psoc
 .text.cfg_write_bytes32
                0x00000a68       0x34 .\CortexM0\ARM_GCC_493\Debug\debug_ntp.a(cyfitter_cfg.o)
 .text.AnalogSetDefault
                0x00000a9c       0x20 .\CortexM0\ARM_GCC_493\Debug\debug_ntp.a(cyfitter_cfg.o)
 .text.CYMEMZERO
                0x00000abc        0xc .\CortexM0\ARM_GCC_493\Debug\debug_ntp.a(cyfitter_cfg.o)
 .text.RTC_GetUnixTime
                0x00000ac8        0xc .\CortexM0\ARM_GCC_493\Debug\debug_ntp.a(RTC.o)
                0x00000ac8                RTC_GetUnixTime
 .text.RTC_Update
                0x00000ad4       0x38 .\CortexM0\ARM_GCC_493\Debug\debug_ntp.a(RTC.o)
                0x00000ad4                RTC_Update
 .text.RTC_DateTimeToUnix
                0x00000b0c      0x1b0 .\CortexM0\ARM_GCC_493\Debug\debug_ntp.a(RTC.o)
                0x00000b0c                RTC_DateTimeToUnix
 .text.RTC_SetDateAndTime
                0x00000cbc       0xbc .\CortexM0\ARM_GCC_493\Debug\debug_ntp.a(RTC.o)
                0x00000cbc                RTC_SetDateAndTime
 .text.RTC_Init
                0x00000d78       0x40 .\CortexM0\ARM_GCC_493\Debug\debug_ntp.a(RTC.o)
                0x00000d78                RTC_Init
 .text.RTC_Start
                0x00000db8       0x14 .\CortexM0\ARM_GCC_493\Debug\debug_ntp.a(RTC.o)
                0x00000db8                RTC_Start
 .text.RTC_DaysInMonth
                0x00000dcc       0x44 .\CortexM0\ARM_GCC_493\Debug\debug_ntp.a(RTC.o)
                0x00000dcc                RTC_DaysInMonth
 .text.RTC_UnixToDateTime
                0x00000e10      0x294 .\CortexM0\ARM_GCC_493\Debug\debug_ntp.a(RTC.o)
                0x00000e10                RTC_UnixToDateTime
 .text.RTC_SetUnixTime
                0x000010a4       0x20 .\CortexM0\ARM_GCC_493\Debug\debug_ntp.a(RTC.o)
                0x000010a4                RTC_SetUnixTime
 .text.RTC_GetTime
                0x000010c4       0x30 .\CortexM0\ARM_GCC_493\Debug\debug_ntp.a(RTC.o)
                0x000010c4                RTC_GetTime
 .text.UART_XB_ScbEnableIntr
                0x000010f4        0xc .\CortexM0\ARM_GCC_493\Debug\debug_ntp.a(UART_XB.o)
 .text.UART_XB_ScbModePostEnable
                0x00001100        0x8 .\CortexM0\ARM_GCC_493\Debug\debug_ntp.a(UART_XB.o)
 .text.UART_XB_Init
                0x00001108        0x8 .\CortexM0\ARM_GCC_493\Debug\debug_ntp.a(UART_XB.o)
                0x00001108                UART_XB_Init
 .text.UART_XB_Enable
                0x00001110       0x1c .\CortexM0\ARM_GCC_493\Debug\debug_ntp.a(UART_XB.o)
                0x00001110                UART_XB_Enable
 .text.UART_XB_Start
                0x0000112c       0x20 .\CortexM0\ARM_GCC_493\Debug\debug_ntp.a(UART_XB.o)
                0x0000112c                UART_XB_Start
 .text.UART_XB_SetCustomInterruptHandler
                0x0000114c        0xc .\CortexM0\ARM_GCC_493\Debug\debug_ntp.a(UART_XB.o)
                0x0000114c                UART_XB_SetCustomInterruptHandler
 .text.UART_XB_SpiUartReadRxData
                0x00001158       0x34 .\CortexM0\ARM_GCC_493\Debug\debug_ntp.a(UART_XB_SPI_UART.o)
                0x00001158                UART_XB_SpiUartReadRxData
 .text.UART_XB_SpiUartGetRxBufferSize
                0x0000118c       0x28 .\CortexM0\ARM_GCC_493\Debug\debug_ntp.a(UART_XB_SPI_UART.o)
                0x0000118c                UART_XB_SpiUartGetRxBufferSize
 .text.UART_XB_SpiUartClearRxBuffer
                0x000011b4       0x54 .\CortexM0\ARM_GCC_493\Debug\debug_ntp.a(UART_XB_SPI_UART.o)
                0x000011b4                UART_XB_SpiUartClearRxBuffer
 .text.UART_XB_SpiUartWriteTxData
                0x00001208       0x70 .\CortexM0\ARM_GCC_493\Debug\debug_ntp.a(UART_XB_SPI_UART.o)
                0x00001208                UART_XB_SpiUartWriteTxData
 .text.UART_XB_UartInit
                0x00001278       0xe4 .\CortexM0\ARM_GCC_493\Debug\debug_ntp.a(UART_XB_UART.o)
                0x00001278                UART_XB_UartInit
 .text.UART_XB_UartPostEnable
                0x0000135c       0x24 .\CortexM0\ARM_GCC_493\Debug\debug_ntp.a(UART_XB_UART.o)
                0x0000135c                UART_XB_UartPostEnable
 .text.UART_XB_UartGetChar
                0x00001380       0x2c .\CortexM0\ARM_GCC_493\Debug\debug_ntp.a(UART_XB_UART.o)
                0x00001380                UART_XB_UartGetChar
 .text.UART_XB_UartPutString
                0x000013ac       0x18 .\CortexM0\ARM_GCC_493\Debug\debug_ntp.a(UART_XB_UART.o)
                0x000013ac                UART_XB_UartPutString
 .text.LCD_WrCntrlNib
                0x000013c4       0x34 .\CortexM0\ARM_GCC_493\Debug\debug_ntp.a(LCD.o)
 .text.LCD_WrDatNib
                0x000013f8       0x44 .\CortexM0\ARM_GCC_493\Debug\debug_ntp.a(LCD.o)
 .text.LCD_IsReady
                0x0000143c       0xb4 .\CortexM0\ARM_GCC_493\Debug\debug_ntp.a(LCD.o)
                0x0000143c                LCD_IsReady
 .text.LCD_WriteData
                0x000014f0       0x18 .\CortexM0\ARM_GCC_493\Debug\debug_ntp.a(LCD.o)
                0x000014f0                LCD_WriteData
 .text.LCD_PrintString
                0x00001508       0x1c .\CortexM0\ARM_GCC_493\Debug\debug_ntp.a(LCD.o)
                0x00001508                LCD_PrintString
 .text.LCD_WriteControl
                0x00001524       0x18 .\CortexM0\ARM_GCC_493\Debug\debug_ntp.a(LCD.o)
                0x00001524                LCD_WriteControl
 .text.LCD_Init
                0x0000153c       0x74 .\CortexM0\ARM_GCC_493\Debug\debug_ntp.a(LCD.o)
                0x0000153c                LCD_Init
 .text.LCD_Enable
                0x000015b0       0x14 .\CortexM0\ARM_GCC_493\Debug\debug_ntp.a(LCD.o)
                0x000015b0                LCD_Enable
 .text.LCD_Start
                0x000015c4       0x20 .\CortexM0\ARM_GCC_493\Debug\debug_ntp.a(LCD.o)
                0x000015c4                LCD_Start
 .text.LCD_Position
                0x000015e4       0x3c .\CortexM0\ARM_GCC_493\Debug\debug_ntp.a(LCD.o)
                0x000015e4                LCD_Position
 .text.LCD_LoadCustomFonts
                0x00001620       0x2c .\CortexM0\ARM_GCC_493\Debug\debug_ntp.a(LCD_CustChars.o)
                0x00001620                LCD_LoadCustomFonts
 .text.CySysClkWriteImoFreq
                0x0000164c       0x64 .\CortexM0\ARM_GCC_493\Debug\debug_ntp.a(CyLib.o)
                0x0000164c                CySysClkWriteImoFreq
 .text.CySysClkEcoReadStatus
                0x000016b0       0x10 .\CortexM0\ARM_GCC_493\Debug\debug_ntp.a(CyLib.o)
                0x000016b0                CySysClkEcoReadStatus
 .text.CyIntEnable
                0x000016c0       0x14 .\CortexM0\ARM_GCC_493\Debug\debug_ntp.a(CyLib.o)
                0x000016c0                CyIntEnable
 .text.CyIntDisable
                0x000016d4       0x14 .\CortexM0\ARM_GCC_493\Debug\debug_ntp.a(CyLib.o)
                0x000016d4                CyIntDisable
 .text.CyHalt   0x000016e8        0x4 .\CortexM0\ARM_GCC_493\Debug\debug_ntp.a(CyLib.o)
                0x000016e8                CyHalt
 .text.CyIntSetVector
                0x000016ec       0x24 .\CortexM0\ARM_GCC_493\Debug\debug_ntp.a(CyLib.o)
                0x000016ec                CyIntSetVector
 .text.CyIntSetPriority
                0x00001710       0x4c .\CortexM0\ARM_GCC_493\Debug\debug_ntp.a(CyLib.o)
                0x00001710                CyIntSetPriority
 .text.CyDelay  0x0000175c       0x30 .\CortexM0\ARM_GCC_493\Debug\debug_ntp.a(CyLib.o)
                0x0000175c                CyDelay
 .text.CyDelayUs
                0x0000178c       0x14 .\CortexM0\ARM_GCC_493\Debug\debug_ntp.a(CyLib.o)
                0x0000178c                CyDelayUs
 .text.CySysClkEcoStart
                0x000017a0       0x54 .\CortexM0\ARM_GCC_493\Debug\debug_ntp.a(CyLib.o)
                0x000017a0                CySysClkEcoStart
 .text.CySysWdtLocked
                0x000017f4       0x14 .\CortexM0\ARM_GCC_493\Debug\debug_ntp.a(CyLFClk.o)
 .text.CySysClkWcoStart
                0x00001808       0x40 .\CortexM0\ARM_GCC_493\Debug\debug_ntp.a(CyLFClk.o)
                0x00001808                CySysClkWcoStart
 .text.CySysClkWcoSetPowerMode
                0x00001848       0x80 .\CortexM0\ARM_GCC_493\Debug\debug_ntp.a(CyLFClk.o)
                0x00001848                CySysClkWcoSetPowerMode
 .text.CySysWdtLock
                0x000018c8       0x1c .\CortexM0\ARM_GCC_493\Debug\debug_ntp.a(CyLFClk.o)
                0x000018c8                CySysWdtLock
 .text.CySysWdtUnlock
                0x000018e4       0x30 .\CortexM0\ARM_GCC_493\Debug\debug_ntp.a(CyLFClk.o)
                0x000018e4                CySysWdtUnlock
 .text.CySysWdtClearInterrupt
                0x00001914       0x4c .\CortexM0\ARM_GCC_493\Debug\debug_ntp.a(CyLFClk.o)
                0x00001914                CySysWdtClearInterrupt
 .text.CySysWdtSetInterruptCallback
                0x00001960       0x20 .\CortexM0\ARM_GCC_493\Debug\debug_ntp.a(CyLFClk.o)
                0x00001960                CySysWdtSetInterruptCallback
 .text.CySysWdtIsr
                0x00001980       0xa4 .\CortexM0\ARM_GCC_493\Debug\debug_ntp.a(CyLFClk.o)
                0x00001980                CySysWdtIsr
 .text.debug_Write
                0x00001a24       0x18 .\CortexM0\ARM_GCC_493\Debug\debug_ntp.a(debug.o)
                0x00001a24                debug_Write
 .text.pinDebugNtp_Write
                0x00001a3c       0x18 .\CortexM0\ARM_GCC_493\Debug\debug_ntp.a(pinDebugNtp.o)
                0x00001a3c                pinDebugNtp_Write
 *fill*         0x00001a54        0x4 
 .text          0x00001a58       0x20 .\CortexM0\ARM_GCC_493\Debug\debug_ntp.a(CyBootAsmGnu.o)
                0x00001a58                CyDelayCycles
                0x00001a6a                CyEnterCriticalSection
                0x00001a72                CyExitCriticalSection
 .text.UART_XB_SPI_UART_ISR
                0x00001a78       0xe4 .\CortexM0\ARM_GCC_493\Debug\debug_ntp.a(UART_XB_SPI_UART_INT.o)
                0x00001a78                UART_XB_SPI_UART_ISR
 .text          0x00001b5c      0x120 c:/program files (x86)/cypress/psoc creator/4.0/psoc creator/import/gnu/arm/4.9.3/bin/../lib/gcc/arm-none-eabi/4.9.3/armv6-m\libgcc.a(_udivsi3.o)
                0x00001b5c                __aeabi_uidiv
                0x00001b5c                __udivsi3
                0x00001c68                __aeabi_uidivmod
 .text          0x00001c7c        0x4 c:/program files (x86)/cypress/psoc creator/4.0/psoc creator/import/gnu/arm/4.9.3/bin/../lib/gcc/arm-none-eabi/4.9.3/armv6-m\libgcc.a(_dvmd_tls.o)
                0x00001c7c                __aeabi_idiv0
                0x00001c7c                __aeabi_ldiv0
 .text          0x00001c80       0x40 c:/program files (x86)/cypress/psoc creator/4.0/psoc creator/import/gnu/arm/4.9.3/bin/../lib/gcc/arm-none-eabi/4.9.3/armv6-m\libgcc.a(_aeabi_uldivmod.o)
                0x00001c80                __aeabi_uldivmod
 .text          0x00001cc0       0x6c c:/program files (x86)/cypress/psoc creator/4.0/psoc creator/import/gnu/arm/4.9.3/bin/../lib/gcc/arm-none-eabi/4.9.3/armv6-m\libgcc.a(bpabi.o)
                0x00001cc0                __gnu_ldivmod_helper
                0x00001cf8                __gnu_uldivmod_helper
 .text          0x00001d2c       0x54 c:/program files (x86)/cypress/psoc creator/4.0/psoc creator/import/gnu/arm/4.9.3/bin/../lib/gcc/arm-none-eabi/4.9.3/armv6-m\libgcc.a(_muldi3.o)
                0x00001d2c                __muldi3
                0x00001d2c                __aeabi_lmul
 .text          0x00001d80      0x1f0 c:/program files (x86)/cypress/psoc creator/4.0/psoc creator/import/gnu/arm/4.9.3/bin/../lib/gcc/arm-none-eabi/4.9.3/armv6-m\libgcc.a(_divdi3.o)
                0x00001d80                __divdi3
 .text          0x00001f70      0x158 c:/program files (x86)/cypress/psoc creator/4.0/psoc creator/import/gnu/arm/4.9.3/bin/../lib/gcc/arm-none-eabi/4.9.3/armv6-m\libgcc.a(_udivdi3.o)
                0x00001f70                __udivdi3
 .text          0x000020c8       0x18 c:/program files (x86)/cypress/psoc creator/4.0/psoc creator/import/gnu/arm/4.9.3/bin/../lib/gcc/arm-none-eabi/4.9.3/armv6-m\libgcc.a(_clzdi2.o)
                0x000020c8                __clzdi2
 .text          0x000020e0       0x3c c:/program files (x86)/cypress/psoc creator/4.0/psoc creator/import/gnu/arm/4.9.3/bin/../lib/gcc/arm-none-eabi/4.9.3/armv6-m\libgcc.a(_clzsi2.o)
                0x000020e0                __clzsi2
 .text.__errno  0x0000211c        0xc c:/program files (x86)/cypress/psoc creator/4.0/psoc creator/import/gnu/arm/4.9.3/bin/../lib/gcc/arm-none-eabi/4.9.3/../../../../arm-none-eabi/lib/armv6-m\libg_nano.a(lib_a-errno.o)
                0x0000211c                __errno
 .text.__libc_init_array
                0x00002128       0x4c c:/program files (x86)/cypress/psoc creator/4.0/psoc creator/import/gnu/arm/4.9.3/bin/../lib/gcc/arm-none-eabi/4.9.3/../../../../arm-none-eabi/lib/armv6-m\libg_nano.a(lib_a-init.o)
                0x00002128                __libc_init_array
 .text.memcpy   0x00002174       0x12 c:/program files (x86)/cypress/psoc creator/4.0/psoc creator/import/gnu/arm/4.9.3/bin/../lib/gcc/arm-none-eabi/4.9.3/../../../../arm-none-eabi/lib/armv6-m\libg_nano.a(lib_a-memcpy.o)
                0x00002174                memcpy
 .text.memset   0x00002186       0x10 c:/program files (x86)/cypress/psoc creator/4.0/psoc creator/import/gnu/arm/4.9.3/bin/../lib/gcc/arm-none-eabi/4.9.3/../../../../arm-none-eabi/lib/armv6-m\libg_nano.a(lib_a-memset.o)
                0x00002186                memset
 *fill*         0x00002196        0x2 
 .text.sprintf  0x00002198       0x44 c:/program files (x86)/cypress/psoc creator/4.0/psoc creator/import/gnu/arm/4.9.3/bin/../lib/gcc/arm-none-eabi/4.9.3/../../../../arm-none-eabi/lib/armv6-m\libg_nano.a(lib_a-sprintf.o)
                0x00002198                siprintf
                0x00002198                sprintf
 .text.strcat   0x000021dc       0x1a c:/program files (x86)/cypress/psoc creator/4.0/psoc creator/import/gnu/arm/4.9.3/bin/../lib/gcc/arm-none-eabi/4.9.3/../../../../arm-none-eabi/lib/armv6-m\libg_nano.a(lib_a-strcat.o)
                0x000021dc                strcat
 .text.strlen   0x000021f6        0xe c:/program files (x86)/cypress/psoc creator/4.0/psoc creator/import/gnu/arm/4.9.3/bin/../lib/gcc/arm-none-eabi/4.9.3/../../../../arm-none-eabi/lib/armv6-m\libg_nano.a(lib_a-strlen.o)
                0x000021f6                strlen
 .text.__ssputs_r
                0x00002204       0xc0 c:/program files (x86)/cypress/psoc creator/4.0/psoc creator/import/gnu/arm/4.9.3/bin/../lib/gcc/arm-none-eabi/4.9.3/../../../../arm-none-eabi/lib/armv6-m\libg_nano.a(lib_a-nano-svfprintf.o)
                0x00002204                __ssputs_r
 .text._svfprintf_r
                0x000022c4      0x1ec c:/program files (x86)/cypress/psoc creator/4.0/psoc creator/import/gnu/arm/4.9.3/bin/../lib/gcc/arm-none-eabi/4.9.3/../../../../arm-none-eabi/lib/armv6-m\libg_nano.a(lib_a-nano-svfprintf.o)
                0x000022c4                _svfiprintf_r
                0x000022c4                _svfprintf_r
 .text._printf_common
                0x000024b0       0xdc c:/program files (x86)/cypress/psoc creator/4.0/psoc creator/import/gnu/arm/4.9.3/bin/../lib/gcc/arm-none-eabi/4.9.3/../../../../arm-none-eabi/lib/armv6-m\libg_nano.a(lib_a-nano-vfprintf_i.o)
                0x000024b0                _printf_common
 .text._printf_i
                0x0000258c      0x230 c:/program files (x86)/cypress/psoc creator/4.0/psoc creator/import/gnu/arm/4.9.3/bin/../lib/gcc/arm-none-eabi/4.9.3/../../../../arm-none-eabi/lib/armv6-m\libg_nano.a(lib_a-nano-vfprintf_i.o)
                0x0000258c                _printf_i
 .text.memchr   0x000027bc       0x16 c:/program files (x86)/cypress/psoc creator/4.0/psoc creator/import/gnu/arm/4.9.3/bin/../lib/gcc/arm-none-eabi/4.9.3/../../../../arm-none-eabi/lib/armv6-m\libg_nano.a(lib_a-memchr.o)
                0x000027bc                memchr
 .text.memmove  0x000027d2       0x28 c:/program files (x86)/cypress/psoc creator/4.0/psoc creator/import/gnu/arm/4.9.3/bin/../lib/gcc/arm-none-eabi/4.9.3/../../../../arm-none-eabi/lib/armv6-m\libg_nano.a(lib_a-memmove.o)
                0x000027d2                memmove
 *fill*         0x000027fa        0x2 
 .text._free_r  0x000027fc       0x8c c:/program files (x86)/cypress/psoc creator/4.0/psoc creator/import/gnu/arm/4.9.3/bin/../lib/gcc/arm-none-eabi/4.9.3/../../../../arm-none-eabi/lib/armv6-m\libg_nano.a(lib_a-nano-freer.o)
                0x000027fc                _free_r
 .text._malloc_r
                0x00002888       0xb0 c:/program files (x86)/cypress/psoc creator/4.0/psoc creator/import/gnu/arm/4.9.3/bin/../lib/gcc/arm-none-eabi/4.9.3/../../../../arm-none-eabi/lib/armv6-m\libg_nano.a(lib_a-nano-mallocr.o)
                0x00002888                _malloc_r
 .text._realloc_r
                0x00002938       0x4c c:/program files (x86)/cypress/psoc creator/4.0/psoc creator/import/gnu/arm/4.9.3/bin/../lib/gcc/arm-none-eabi/4.9.3/../../../../arm-none-eabi/lib/armv6-m\libg_nano.a(lib_a-nano-reallocr.o)
                0x00002938                _realloc_r
 .text._sbrk_r  0x00002984       0x24 c:/program files (x86)/cypress/psoc creator/4.0/psoc creator/import/gnu/arm/4.9.3/bin/../lib/gcc/arm-none-eabi/4.9.3/../../../../arm-none-eabi/lib/armv6-m\libg_nano.a(lib_a-sbrkr.o)
                0x00002984                _sbrk_r
 .text._malloc_usable_size_r
                0x000029a8       0x16 c:/program files (x86)/cypress/psoc creator/4.0/psoc creator/import/gnu/arm/4.9.3/bin/../lib/gcc/arm-none-eabi/4.9.3/../../../../arm-none-eabi/lib/armv6-m\libg_nano.a(lib_a-nano-msizer.o)
                0x000029a8                _malloc_usable_size_r
 *(.plt)
 *(.gnu.warning)
 *(.glue_7t)
 .glue_7t       0x00000000        0x0 linker stubs
 *(.glue_7)
 .glue_7        0x00000000        0x0 linker stubs
 *(.vfp11_veneer)
 .vfp11_veneer  0x00000000        0x0 linker stubs
 *(.bootloader)
 *(.ARM.extab* .gnu.linkonce.armextab.*)
 *(.gcc_except_table)

.v4_bx          0x000029c0        0x0
 .v4_bx         0x00000000        0x0 linker stubs

.iplt           0x000029c0        0x0
 .iplt          0x00000000        0x0 c:/program files (x86)/cypress/psoc creator/4.0/psoc creator/import/gnu/arm/4.9.3/bin/../lib/gcc/arm-none-eabi/4.9.3/armv6-m/crtbegin.o

.eh_frame_hdr
 *(.eh_frame_hdr)

.eh_frame       0x000029c0        0x4
 *(.eh_frame)
 .eh_frame      0x000029c0        0x0 c:/program files (x86)/cypress/psoc creator/4.0/psoc creator/import/gnu/arm/4.9.3/bin/../lib/gcc/arm-none-eabi/4.9.3/armv6-m/crtbegin.o
 .eh_frame      0x000029c0        0x4 c:/program files (x86)/cypress/psoc creator/4.0/psoc creator/import/gnu/arm/4.9.3/bin/../lib/gcc/arm-none-eabi/4.9.3/armv6-m/crtend.o
                0x000029c4                PROVIDE (__exidx_start, .)

.ARM.exidx      0x000029c4        0x8
 *(.ARM.exidx* .gnu.linkonce.armexidx.*)
 .ARM.exidx     0x000029c4        0x8 c:/program files (x86)/cypress/psoc creator/4.0/psoc creator/import/gnu/arm/4.9.3/bin/../lib/gcc/arm-none-eabi/4.9.3/armv6-m\libgcc.a(_divdi3.o)
 .ARM.exidx     0x000029cc        0x0 c:/program files (x86)/cypress/psoc creator/4.0/psoc creator/import/gnu/arm/4.9.3/bin/../lib/gcc/arm-none-eabi/4.9.3/armv6-m\libgcc.a(_udivdi3.o)
                                  0x8 (size before relaxing)
                0x000029cc                __exidx_end = .

.rodata         0x000029cc      0x21c
 *(.rodata .rodata.* .gnu.linkonce.r.*)
 .rodata.str1.4
                0x000029cc       0x32 .\CortexM0\ARM_GCC_493\Debug\display.o
                                 0x34 (size before relaxing)
 *fill*         0x000029fe        0x2 
 .rodata.str1.4
                0x00002a00       0x2d .\CortexM0\ARM_GCC_493\Debug\network.o
                                 0x30 (size before relaxing)
 *fill*         0x00002a2d        0x3 
 .rodata.str1.4
                0x00002a30       0x3e .\CortexM0\ARM_GCC_493\Debug\svt.o
                                 0x40 (size before relaxing)
 *fill*         0x00002a6e        0x2 
 .rodata        0x00002a70       0x20 .\CortexM0\ARM_GCC_493\Debug\ntp.o
 .rodata.str1.4
                0x00002a90       0x40 .\CortexM0\ARM_GCC_493\Debug\main.o
 .rodata        0x00002ad0       0x14 .\CortexM0\ARM_GCC_493\Debug\debug_ntp.a(cyfitter_cfg.o)
 .rodata        0x00002ae4       0x24 .\CortexM0\ARM_GCC_493\Debug\debug_ntp.a(RTC.o)
                0x00002ae4                RTC_daysBeforeMonthTbl
                0x00002afc                RTC_daysInMonthTbl
 .rodata        0x00002b08       0x40 .\CortexM0\ARM_GCC_493\Debug\debug_ntp.a(LCD_CustChars.o)
                0x00002b08                LCD_customFonts
 .rodata        0x00002b48       0x30 .\CortexM0\ARM_GCC_493\Debug\debug_ntp.a(CyLib.o)
                0x00002b48                cyImoFreqMhz2Reg
 .rodata.str1.1
                0x00002b78        0x2 c:/program files (x86)/cypress/psoc creator/4.0/psoc creator/import/gnu/arm/4.9.3/bin/../lib/gcc/arm-none-eabi/4.9.3/../../../../arm-none-eabi/lib/armv6-m\libg_nano.a(lib_a-impure.o)
 .rodata.str1.1
                0x00002b7a       0x11 c:/program files (x86)/cypress/psoc creator/4.0/psoc creator/import/gnu/arm/4.9.3/bin/../lib/gcc/arm-none-eabi/4.9.3/../../../../arm-none-eabi/lib/armv6-m\libg_nano.a(lib_a-nano-svfprintf.o)
 .rodata.str1.1
                0x00002b8b       0x22 c:/program files (x86)/cypress/psoc creator/4.0/psoc creator/import/gnu/arm/4.9.3/bin/../lib/gcc/arm-none-eabi/4.9.3/../../../../arm-none-eabi/lib/armv6-m\libg_nano.a(lib_a-nano-vfprintf_i.o)
                0x00002bb0                . = ALIGN (0x4)
 *fill*         0x00002bad        0x3 
 *(.init)
 .init          0x00002bb0        0x4 c:/program files (x86)/cypress/psoc creator/4.0/psoc creator/import/gnu/arm/4.9.3/bin/../lib/gcc/arm-none-eabi/4.9.3/armv6-m/crti.o
                0x00002bb0                _init
 .init          0x00002bb4        0x8 c:/program files (x86)/cypress/psoc creator/4.0/psoc creator/import/gnu/arm/4.9.3/bin/../lib/gcc/arm-none-eabi/4.9.3/armv6-m/crtn.o
                0x00002bbc                . = ALIGN (0x4)
                0x00002bbc                __preinit_array_start = .
 *(.preinit_array)
                0x00002bbc                __preinit_array_end = .
                0x00002bbc                . = ALIGN (0x4)
                0x00002bbc                __init_array_start = .
 *(SORT(.init_array.*))
 *(.init_array)
 .init_array    0x00002bbc        0x4 c:/program files (x86)/cypress/psoc creator/4.0/psoc creator/import/gnu/arm/4.9.3/bin/../lib/gcc/arm-none-eabi/4.9.3/armv6-m/crtbegin.o
 .init_array    0x00002bc0        0x4 .\CortexM0\ARM_GCC_493\Debug\Cm0Start.o
                0x00002bc4                __init_array_end = .
                0x00002bc4                . = ALIGN (0x4)
 *(.fini)
 .fini          0x00002bc4        0x4 c:/program files (x86)/cypress/psoc creator/4.0/psoc creator/import/gnu/arm/4.9.3/bin/../lib/gcc/arm-none-eabi/4.9.3/armv6-m/crti.o
                0x00002bc4                _fini
 .fini          0x00002bc8        0x8 c:/program files (x86)/cypress/psoc creator/4.0/psoc creator/import/gnu/arm/4.9.3/bin/../lib/gcc/arm-none-eabi/4.9.3/armv6-m/crtn.o
                0x00002bd0                . = ALIGN (0x4)
                0x00002bd0                __fini_array_start = .
 *(.fini_array)
 .fini_array    0x00002bd0        0x4 c:/program files (x86)/cypress/psoc creator/4.0/psoc creator/import/gnu/arm/4.9.3/bin/../lib/gcc/arm-none-eabi/4.9.3/armv6-m/crtbegin.o
 *(SORT(.fini_array.*))
                0x00002bd4                __fini_array_end = .
                0x00002bd4                . = ALIGN (0x4)
 *crtbegin.o(.ctors)
 *(EXCLUDE_FILE(*crtend.o) .ctors)
 *(SORT(.ctors.*))
 *crtend.o(.ctors)
                0x00002bd4                . = ALIGN (0x4)
 *crtbegin.o(.dtors)
 *(EXCLUDE_FILE(*crtend.o) .dtors)
 *(SORT(.dtors.*))
 *crtend.o(.dtors)
                0x00002bd4                . = ALIGN (0x4)
                0x00002bd4                __cy_regions = .
                0x00002bd4        0x4 LONG 0x2be8 __cy_region_init_ram
                0x00002bd8        0x4 LONG 0x200000c8 __cy_region_start_data
                0x00002bdc        0x4 LONG 0x88 __cy_region_init_size_ram
                0x00002be0        0x4 LONG 0x6e8 __cy_region_zero_size_ram
                0x00002be4                __cy_regions_end = .
                0x00002be8                . = ALIGN (0x8)
 *fill*         0x00002be4        0x4 
                0x00002be8                _etext = .

.cy_checksum_exclude
                0x00002be8        0x0
 *(.cy_checksum_exclude)

.ramvectors     0x20000000       0xc0
                0x20000000                __cy_region_start_ram = .
 *(.ramvectors)
 .ramvectors    0x20000000       0xc0 .\CortexM0\ARM_GCC_493\Debug\Cm0Start.o
                0x20000000                CyRamVectors

.noinit         0x200000c0        0x4
 *(.noinit)
 .noinit        0x200000c0        0x4 .\CortexM0\ARM_GCC_493\Debug\Cm0Start.o

.data           0x200000c8       0x88 load address 0x00002be8
                0x200000c8                __cy_region_start_data = .
 *(.jcr)
 .jcr           0x200000c8        0x0 c:/program files (x86)/cypress/psoc creator/4.0/psoc creator/import/gnu/arm/4.9.3/bin/../lib/gcc/arm-none-eabi/4.9.3/armv6-m/crtbegin.o
 .jcr           0x200000c8        0x4 c:/program files (x86)/cypress/psoc creator/4.0/psoc creator/import/gnu/arm/4.9.3/bin/../lib/gcc/arm-none-eabi/4.9.3/armv6-m/crtend.o
 *(.got.plt)
 *(.got)
 *(.shdata)
 *(.data .data.* .gnu.linkonce.d.*)
 .data          0x200000cc        0x4 .\CortexM0\ARM_GCC_493\Debug\Cm0Start.o
 .data          0x200000d0       0x14 .\CortexM0\ARM_GCC_493\Debug\debug_ntp.a(CyLib.o)
                0x200000d0                CySysClkPumpConfig
                0x200000d4                cydelay32kMs
                0x200000d8                cydelayFreqKhz
                0x200000dc                cydelayFreqMhz
                0x200000e0                cydelayFreqHz
 .data          0x200000e4        0x8 .\CortexM0\ARM_GCC_493\Debug\debug_ntp.a(CyLFClk.o)
 .data.impure_data
                0x200000ec       0x60 c:/program files (x86)/cypress/psoc creator/4.0/psoc creator/import/gnu/arm/4.9.3/bin/../lib/gcc/arm-none-eabi/4.9.3/../../../../arm-none-eabi/lib/armv6-m\libg_nano.a(lib_a-impure.o)
 .data._impure_ptr
                0x2000014c        0x4 c:/program files (x86)/cypress/psoc creator/4.0/psoc creator/import/gnu/arm/4.9.3/bin/../lib/gcc/arm-none-eabi/4.9.3/../../../../arm-none-eabi/lib/armv6-m\libg_nano.a(lib_a-impure.o)
                0x2000014c                _impure_ptr
                0x20000150                . = ALIGN (0x8)
 *(.ram)
                0x20000150                _edata = .

.igot.plt       0x20000150        0x0 load address 0x00002c70
 .igot.plt      0x00000000        0x0 c:/program files (x86)/cypress/psoc creator/4.0/psoc creator/import/gnu/arm/4.9.3/bin/../lib/gcc/arm-none-eabi/4.9.3/armv6-m/crtbegin.o

.bss            0x20000150      0x6e8 load address 0x00002c70
                0x20000150                PROVIDE (__bss_start__, .)
 *(.shbss)
 *(.bss .bss.* .gnu.linkonce.b.*)
 .bss           0x20000150       0x1c c:/program files (x86)/cypress/psoc creator/4.0/psoc creator/import/gnu/arm/4.9.3/bin/../lib/gcc/arm-none-eabi/4.9.3/armv6-m/crtbegin.o
 .bss           0x2000016c       0x64 .\CortexM0\ARM_GCC_493\Debug\display.o
 .bss           0x200001d0      0x404 .\CortexM0\ARM_GCC_493\Debug\crc32.o
 .bss           0x200005d4       0x10 .\CortexM0\ARM_GCC_493\Debug\network.o
                0x200005d4                onNtpSync
                0x200005e0                flagStartSendPacket
                0x200005e1                flagFinSendPacket
 .bss           0x200005e4        0x1 .\CortexM0\ARM_GCC_493\Debug\ntp.o
                0x200005e4                NTP_STATE
 *fill*         0x200005e5        0x3 
 .bss           0x200005e8       0x10 .\CortexM0\ARM_GCC_493\Debug\RTC_WDT.o
 .bss           0x200005f8       0x10 .\CortexM0\ARM_GCC_493\Debug\debug_ntp.a(RTC.o)
 .bss           0x20000608        0xc .\CortexM0\ARM_GCC_493\Debug\debug_ntp.a(UART_XB.o)
                0x20000608                UART_XB_initVar
                0x2000060c                UART_XB_customIntrHandler
                0x20000610                UART_XB_IntrTxMask
 .bss           0x20000614        0x2 .\CortexM0\ARM_GCC_493\Debug\debug_ntp.a(LCD.o)
                0x20000614                LCD_enableState
                0x20000615                LCD_initVar
 *fill*         0x20000616        0x2 
 .bss           0x20000618       0x28 .\CortexM0\ARM_GCC_493\Debug\debug_ntp.a(CyLFClk.o)
 .bss.__malloc_sbrk_start
                0x20000640        0x4 c:/program files (x86)/cypress/psoc creator/4.0/psoc creator/import/gnu/arm/4.9.3/bin/../lib/gcc/arm-none-eabi/4.9.3/../../../../arm-none-eabi/lib/armv6-m\libg_nano.a(lib_a-nano-mallocr.o)
                0x20000640                __malloc_sbrk_start
 .bss.__malloc_free_list
                0x20000644        0x4 c:/program files (x86)/cypress/psoc creator/4.0/psoc creator/import/gnu/arm/4.9.3/bin/../lib/gcc/arm-none-eabi/4.9.3/../../../../arm-none-eabi/lib/armv6-m\libg_nano.a(lib_a-nano-mallocr.o)
                0x20000644                __malloc_free_list
 *(COMMON)
 COMMON         0x20000648       0xd4 .\CortexM0\ARM_GCC_493\Debug\network.o
                0x20000648                IDreceivePacket
                0x20000650                outData
                0x20000668                recvDataNTP
                0x2000067c                ntpFlagReadyForReceive
                0x20000680                inData
                0x20000698                unixTime
                0x200006a8                resultReceive
                0x200006ac                ntpFlagEndReceivePacket
                0x200006b0                millisTime
                0x200006b8                previousData
 COMMON         0x2000071c        0x4 .\CortexM0\ARM_GCC_493\Debug\ntp.o
                0x2000071c                NtpLenChS
                0x2000071d                NtpLenMsD1
                0x2000071e                NtpLenId
                0x2000071f                NtpLenD1
 COMMON         0x20000720        0x4 .\CortexM0\ARM_GCC_493\Debug\main.o
                0x20000720                result
 *fill*         0x20000724        0x4 
 COMMON         0x20000728       0x28 .\CortexM0\ARM_GCC_493\Debug\debug_ntp.a(RTC.o)
                0x20000728                RTC_initVar
                0x2000072c                RTC_currentTimeDate
                0x2000073c                RTC_alarmCurStatus
                0x20000740                RTC_dstStatus
                0x20000748                RTC_unixTime
 COMMON         0x20000750       0xe0 .\CortexM0\ARM_GCC_493\Debug\debug_ntp.a(UART_XB_SPI_UART.o)
                0x20000750                UART_XB_rxBufferTail
                0x20000754                UART_XB_rxBufferOverflow
                0x20000758                UART_XB_txBufferHead
                0x2000075c                UART_XB_txBufferInternal
                0x200007c0                UART_XB_rxBufferInternal
                0x20000828                UART_XB_rxBufferHead
                0x2000082c                UART_XB_txBufferTail
 COMMON         0x20000830        0x4 c:/program files (x86)/cypress/psoc creator/4.0/psoc creator/import/gnu/arm/4.9.3/bin/../lib/gcc/arm-none-eabi/4.9.3/../../../../arm-none-eabi/lib/armv6-m\libg_nano.a(lib_a-reent.o)
                0x20000830                errno
                0x20000838                . = ALIGN (0x8)
 *fill*         0x20000834        0x4 
 *(.ram.b)
                0x20000838                _end = .
                0x20000838                __end = .
                0x20000838                PROVIDE (end, .)
                0x20000838                PROVIDE (__bss_end__, .)
                0x00002be8                __cy_region_init_ram = LOADADDR (.data)
                0x00000088                __cy_region_init_size_ram = (_edata - ADDR (.data))
                0x000006e8                __cy_region_zero_size_ram = (_end - _edata)

.heap           0x20000838       0x80 load address 0x00002c70
                0x20000838                . = _end
                0x200008b8                . = (. + 0x80)
 *fill*         0x20000838       0x80 
                0x200008b8                __cy_heap_limit = .

.stack          0x20003800      0x800
                0x20003800                __cy_stack_limit = .
                0x20004000                . = (. + 0x800)
 *fill*         0x20003800      0x800 
                0x00000001                ASSERT ((__cy_stack_limit >= __cy_heap_limit), region RAM overflowed with stack)
                0x00000000                cy_checksum_exclude_size = (CY_APPL_LOADABLE == 0x1)?SIZEOF (.cy_checksum_exclude):0x0
                0x00000001                ASSERT ((cy_checksum_exclude_size <= CY_CHECKSUM_EXCLUDE_SIZE), CY_BOOT: Section .cy_checksum_exclude size exceedes specified limit.)
                0x0001ffc0                cyloadermeta_start = (cy_project_type_bootloader || cy_project_type_app_for_stack_and_copier)?(0x20000 - CY_METADATA_SIZE):0xf0000000

.cyloadermeta
 *(.cyloadermeta)
                0x0001ffc0                cyloadablemeta_start = cy_project_type_app_for_stack_and_copier?((0x20000 - CY_FLASH_ROW_SIZE) - CY_METADATA_SIZE):((0x20000 - (CY_FLASH_ROW_SIZE * (CY_APPL_NUM - 0x1))) - CY_METADATA_SIZE)

.cyloadablemeta
 *(.cyloadablemeta)

.cyflashprotect
                0x90400000       0x80
 *(.cyflashprotect)
 .cyflashprotect
                0x90400000       0x80 .\CortexM0\ARM_GCC_493\Debug\cymetadata.o
                0x90400000                cy_meta_flashprotect

.cymeta         0x90500000        0xc
 *(.cymeta)
 .cymeta        0x90500000        0xc .\CortexM0\ARM_GCC_493\Debug\cymetadata.o
                0x90500000                cy_metadata

.cychipprotect  0x90600000        0x4
 *(.cychipprotect)
 .cychipprotect
                0x90600000        0x4 .\CortexM0\ARM_GCC_493\Debug\cymetadata.o
                0x90600000                cy_meta_chipprotect

.rel.dyn        0x00002c70        0x0 load address 0x90600004
 .rel.iplt      0x00000000        0x0 c:/program files (x86)/cypress/psoc creator/4.0/psoc creator/import/gnu/arm/4.9.3/bin/../lib/gcc/arm-none-eabi/4.9.3/armv6-m/crtbegin.o

.stab
 *(.stab)

.stabstr
 *(.stabstr)

.debug
 *(.debug)

.line
 *(.line)

.debug_srcinfo
 *(.debug_srcinfo)

.debug_sfnames
 *(.debug_sfnames)

.debug_aranges  0x00000000      0x948
 *(.debug_aranges)
 .debug_aranges
                0x00000000       0x48 .\CortexM0\ARM_GCC_493\Debug\display.o
 .debug_aranges
                0x00000048       0x38 .\CortexM0\ARM_GCC_493\Debug\crc32.o
 .debug_aranges
                0x00000080       0x58 .\CortexM0\ARM_GCC_493\Debug\network.o
 .debug_aranges
                0x000000d8       0x40 .\CortexM0\ARM_GCC_493\Debug\svt.o
 .debug_aranges
                0x00000118       0x38 .\CortexM0\ARM_GCC_493\Debug\ntp.o
 .debug_aranges
                0x00000150       0x68 .\CortexM0\ARM_GCC_493\Debug\RTC_WDT.o
 .debug_aranges
                0x000001b8       0x20 .\CortexM0\ARM_GCC_493\Debug\main.o
 .debug_aranges
                0x000001d8       0x18 .\CortexM0\ARM_GCC_493\Debug\cymetadata.o
 .debug_aranges
                0x000001f0       0x48 .\CortexM0\ARM_GCC_493\Debug\Cm0Start.o
 .debug_aranges
                0x00000238       0x40 .\CortexM0\ARM_GCC_493\Debug\debug_ntp.a(cyfitter_cfg.o)
 .debug_aranges
                0x00000278       0xc0 .\CortexM0\ARM_GCC_493\Debug\debug_ntp.a(RTC.o)
 .debug_aranges
                0x00000338       0x68 .\CortexM0\ARM_GCC_493\Debug\debug_ntp.a(UART_XB.o)
 .debug_aranges
                0x000003a0       0x60 .\CortexM0\ARM_GCC_493\Debug\debug_ntp.a(UART_XB_SPI_UART.o)
 .debug_aranges
                0x00000400       0x88 .\CortexM0\ARM_GCC_493\Debug\debug_ntp.a(UART_XB_UART.o)
 .debug_aranges
                0x00000488       0x98 .\CortexM0\ARM_GCC_493\Debug\debug_ntp.a(LCD.o)
 .debug_aranges
                0x00000520       0x20 .\CortexM0\ARM_GCC_493\Debug\debug_ntp.a(LCD_CustChars.o)
 .debug_aranges
                0x00000540      0x1b0 .\CortexM0\ARM_GCC_493\Debug\debug_ntp.a(CyLib.o)
 .debug_aranges
                0x000006f0      0x188 .\CortexM0\ARM_GCC_493\Debug\debug_ntp.a(CyLFClk.o)
 .debug_aranges
                0x00000878       0x48 .\CortexM0\ARM_GCC_493\Debug\debug_ntp.a(debug.o)
 .debug_aranges
                0x000008c0       0x48 .\CortexM0\ARM_GCC_493\Debug\debug_ntp.a(pinDebugNtp.o)
 .debug_aranges
                0x00000908       0x20 .\CortexM0\ARM_GCC_493\Debug\debug_ntp.a(CyBootAsmGnu.o)
 .debug_aranges
                0x00000928       0x20 .\CortexM0\ARM_GCC_493\Debug\debug_ntp.a(UART_XB_SPI_UART_INT.o)

.debug_pubnames
 *(.debug_pubnames)

.debug_info     0x00000000     0x7454
 *(.debug_info .gnu.linkonce.wi.*)
 .debug_info    0x00000000      0x4df .\CortexM0\ARM_GCC_493\Debug\display.o
 .debug_info    0x000004df      0x244 .\CortexM0\ARM_GCC_493\Debug\crc32.o
 .debug_info    0x00000723      0xbed .\CortexM0\ARM_GCC_493\Debug\network.o
 .debug_info    0x00001310      0x819 .\CortexM0\ARM_GCC_493\Debug\svt.o
 .debug_info    0x00001b29      0x36f .\CortexM0\ARM_GCC_493\Debug\ntp.o
 .debug_info    0x00001e98      0x578 .\CortexM0\ARM_GCC_493\Debug\RTC_WDT.o
 .debug_info    0x00002410      0x1d9 .\CortexM0\ARM_GCC_493\Debug\main.o
 .debug_info    0x000025e9       0xfe .\CortexM0\ARM_GCC_493\Debug\cymetadata.o
 .debug_info    0x000026e7      0x39a .\CortexM0\ARM_GCC_493\Debug\Cm0Start.o
 .debug_info    0x00002a81      0x497 .\CortexM0\ARM_GCC_493\Debug\debug_ntp.a(cyfitter_cfg.o)
 .debug_info    0x00002f18      0xfd3 .\CortexM0\ARM_GCC_493\Debug\debug_ntp.a(RTC.o)
 .debug_info    0x00003eeb      0x2e4 .\CortexM0\ARM_GCC_493\Debug\debug_ntp.a(UART_XB.o)
 .debug_info    0x000041cf      0x373 .\CortexM0\ARM_GCC_493\Debug\debug_ntp.a(UART_XB_SPI_UART.o)
 .debug_info    0x00004542      0x48a .\CortexM0\ARM_GCC_493\Debug\debug_ntp.a(UART_XB_UART.o)
 .debug_info    0x000049cc      0x76f .\CortexM0\ARM_GCC_493\Debug\debug_ntp.a(LCD.o)
 .debug_info    0x0000513b      0x15d .\CortexM0\ARM_GCC_493\Debug\debug_ntp.a(LCD_CustChars.o)
 .debug_info    0x00005298      0xbdb .\CortexM0\ARM_GCC_493\Debug\debug_ntp.a(CyLib.o)
 .debug_info    0x00005e73     0x106f .\CortexM0\ARM_GCC_493\Debug\debug_ntp.a(CyLFClk.o)
 .debug_info    0x00006ee2      0x19d .\CortexM0\ARM_GCC_493\Debug\debug_ntp.a(debug.o)
 .debug_info    0x0000707f      0x19d .\CortexM0\ARM_GCC_493\Debug\debug_ntp.a(pinDebugNtp.o)
 .debug_info    0x0000721c       0xb9 .\CortexM0\ARM_GCC_493\Debug\debug_ntp.a(CyBootAsmGnu.o)
 .debug_info    0x000072d5      0x17f .\CortexM0\ARM_GCC_493\Debug\debug_ntp.a(UART_XB_SPI_UART_INT.o)

.debug_abbrev   0x00000000     0x200d
 *(.debug_abbrev)
 .debug_abbrev  0x00000000      0x1a1 .\CortexM0\ARM_GCC_493\Debug\display.o
 .debug_abbrev  0x000001a1       0xf3 .\CortexM0\ARM_GCC_493\Debug\crc32.o
 .debug_abbrev  0x00000294      0x280 .\CortexM0\ARM_GCC_493\Debug\network.o
 .debug_abbrev  0x00000514      0x217 .\CortexM0\ARM_GCC_493\Debug\svt.o
 .debug_abbrev  0x0000072b      0x144 .\CortexM0\ARM_GCC_493\Debug\ntp.o
 .debug_abbrev  0x0000086f      0x218 .\CortexM0\ARM_GCC_493\Debug\RTC_WDT.o
 .debug_abbrev  0x00000a87       0xfd .\CortexM0\ARM_GCC_493\Debug\main.o
 .debug_abbrev  0x00000b84       0x5d .\CortexM0\ARM_GCC_493\Debug\cymetadata.o
 .debug_abbrev  0x00000be1      0x1e6 .\CortexM0\ARM_GCC_493\Debug\Cm0Start.o
 .debug_abbrev  0x00000dc7      0x1fc .\CortexM0\ARM_GCC_493\Debug\debug_ntp.a(cyfitter_cfg.o)
 .debug_abbrev  0x00000fc3      0x2b2 .\CortexM0\ARM_GCC_493\Debug\debug_ntp.a(RTC.o)
 .debug_abbrev  0x00001275      0x143 .\CortexM0\ARM_GCC_493\Debug\debug_ntp.a(UART_XB.o)
 .debug_abbrev  0x000013b8      0x182 .\CortexM0\ARM_GCC_493\Debug\debug_ntp.a(UART_XB_SPI_UART.o)
 .debug_abbrev  0x0000153a      0x17d .\CortexM0\ARM_GCC_493\Debug\debug_ntp.a(UART_XB_UART.o)
 .debug_abbrev  0x000016b7      0x18b .\CortexM0\ARM_GCC_493\Debug\debug_ntp.a(LCD.o)
 .debug_abbrev  0x00001842      0x10d .\CortexM0\ARM_GCC_493\Debug\debug_ntp.a(LCD_CustChars.o)
 .debug_abbrev  0x0000194f      0x20d .\CortexM0\ARM_GCC_493\Debug\debug_ntp.a(CyLib.o)
 .debug_abbrev  0x00001b5c      0x273 .\CortexM0\ARM_GCC_493\Debug\debug_ntp.a(CyLFClk.o)
 .debug_abbrev  0x00001dcf       0xc8 .\CortexM0\ARM_GCC_493\Debug\debug_ntp.a(debug.o)
 .debug_abbrev  0x00001e97       0xc8 .\CortexM0\ARM_GCC_493\Debug\debug_ntp.a(pinDebugNtp.o)
 .debug_abbrev  0x00001f5f       0x14 .\CortexM0\ARM_GCC_493\Debug\debug_ntp.a(CyBootAsmGnu.o)
 .debug_abbrev  0x00001f73       0x9a .\CortexM0\ARM_GCC_493\Debug\debug_ntp.a(UART_XB_SPI_UART_INT.o)

.debug_line     0x00000000     0x2ce1
 *(.debug_line)
 .debug_line    0x00000000      0x1fd .\CortexM0\ARM_GCC_493\Debug\display.o
 .debug_line    0x000001fd      0x1ac .\CortexM0\ARM_GCC_493\Debug\crc32.o
 .debug_line    0x000003a9      0x35f .\CortexM0\ARM_GCC_493\Debug\network.o
 .debug_line    0x00000708      0x31b .\CortexM0\ARM_GCC_493\Debug\svt.o
 .debug_line    0x00000a23      0x1ff .\CortexM0\ARM_GCC_493\Debug\ntp.o
 .debug_line    0x00000c22      0x253 .\CortexM0\ARM_GCC_493\Debug\RTC_WDT.o
 .debug_line    0x00000e75      0x1a4 .\CortexM0\ARM_GCC_493\Debug\main.o
 .debug_line    0x00001019       0x51 .\CortexM0\ARM_GCC_493\Debug\cymetadata.o
 .debug_line    0x0000106a      0x24f .\CortexM0\ARM_GCC_493\Debug\Cm0Start.o
 .debug_line    0x000012b9      0x198 .\CortexM0\ARM_GCC_493\Debug\debug_ntp.a(cyfitter_cfg.o)
 .debug_line    0x00001451      0x45b .\CortexM0\ARM_GCC_493\Debug\debug_ntp.a(RTC.o)
 .debug_line    0x000018ac      0x142 .\CortexM0\ARM_GCC_493\Debug\debug_ntp.a(UART_XB.o)
 .debug_line    0x000019ee      0x155 .\CortexM0\ARM_GCC_493\Debug\debug_ntp.a(UART_XB_SPI_UART.o)
 .debug_line    0x00001b43      0x1e2 .\CortexM0\ARM_GCC_493\Debug\debug_ntp.a(UART_XB_UART.o)
 .debug_line    0x00001d25      0x1f0 .\CortexM0\ARM_GCC_493\Debug\debug_ntp.a(LCD.o)
 .debug_line    0x00001f15       0x84 .\CortexM0\ARM_GCC_493\Debug\debug_ntp.a(LCD_CustChars.o)
 .debug_line    0x00001f99      0x4cd .\CortexM0\ARM_GCC_493\Debug\debug_ntp.a(CyLib.o)
 .debug_line    0x00002466      0x5dc .\CortexM0\ARM_GCC_493\Debug\debug_ntp.a(CyLFClk.o)
 .debug_line    0x00002a42       0xbd .\CortexM0\ARM_GCC_493\Debug\debug_ntp.a(debug.o)
 .debug_line    0x00002aff       0xc3 .\CortexM0\ARM_GCC_493\Debug\debug_ntp.a(pinDebugNtp.o)
 .debug_line    0x00002bc2       0x68 .\CortexM0\ARM_GCC_493\Debug\debug_ntp.a(CyBootAsmGnu.o)
 .debug_line    0x00002c2a       0xb7 .\CortexM0\ARM_GCC_493\Debug\debug_ntp.a(UART_XB_SPI_UART_INT.o)

.debug_frame    0x00000000     0x1c58
 *(.debug_frame)
 .debug_frame   0x00000000       0xb8 .\CortexM0\ARM_GCC_493\Debug\display.o
 .debug_frame   0x000000b8       0x7c .\CortexM0\ARM_GCC_493\Debug\crc32.o
 .debug_frame   0x00000134      0x11c .\CortexM0\ARM_GCC_493\Debug\network.o
 .debug_frame   0x00000250       0x90 .\CortexM0\ARM_GCC_493\Debug\svt.o
 .debug_frame   0x000002e0       0x60 .\CortexM0\ARM_GCC_493\Debug\ntp.o
 .debug_frame   0x00000340      0x118 .\CortexM0\ARM_GCC_493\Debug\RTC_WDT.o
 .debug_frame   0x00000458       0x2c .\CortexM0\ARM_GCC_493\Debug\main.o
 .debug_frame   0x00000484       0xbc .\CortexM0\ARM_GCC_493\Debug\Cm0Start.o
 .debug_frame   0x00000540       0x9c .\CortexM0\ARM_GCC_493\Debug\debug_ntp.a(cyfitter_cfg.o)
 .debug_frame   0x000005dc      0x288 .\CortexM0\ARM_GCC_493\Debug\debug_ntp.a(RTC.o)
 .debug_frame   0x00000864      0x104 .\CortexM0\ARM_GCC_493\Debug\debug_ntp.a(UART_XB.o)
 .debug_frame   0x00000968       0xc8 .\CortexM0\ARM_GCC_493\Debug\debug_ntp.a(UART_XB_SPI_UART.o)
 .debug_frame   0x00000a30      0x134 .\CortexM0\ARM_GCC_493\Debug\debug_ntp.a(UART_XB_UART.o)
 .debug_frame   0x00000b64      0x1f0 .\CortexM0\ARM_GCC_493\Debug\debug_ntp.a(LCD.o)
 .debug_frame   0x00000d54       0x30 .\CortexM0\ARM_GCC_493\Debug\debug_ntp.a(LCD_CustChars.o)
 .debug_frame   0x00000d84      0x444 .\CortexM0\ARM_GCC_493\Debug\debug_ntp.a(CyLib.o)
 .debug_frame   0x000011c8      0x4a8 .\CortexM0\ARM_GCC_493\Debug\debug_ntp.a(CyLFClk.o)
 .debug_frame   0x00001670       0x70 .\CortexM0\ARM_GCC_493\Debug\debug_ntp.a(debug.o)
 .debug_frame   0x000016e0       0x70 .\CortexM0\ARM_GCC_493\Debug\debug_ntp.a(pinDebugNtp.o)
 .debug_frame   0x00001750       0x2c .\CortexM0\ARM_GCC_493\Debug\debug_ntp.a(UART_XB_SPI_UART_INT.o)
 .debug_frame   0x0000177c       0x20 c:/program files (x86)/cypress/psoc creator/4.0/psoc creator/import/gnu/arm/4.9.3/bin/../lib/gcc/arm-none-eabi/4.9.3/armv6-m\libgcc.a(_udivsi3.o)
 .debug_frame   0x0000179c       0x20 c:/program files (x86)/cypress/psoc creator/4.0/psoc creator/import/gnu/arm/4.9.3/bin/../lib/gcc/arm-none-eabi/4.9.3/armv6-m\libgcc.a(_divsi3.o)
 .debug_frame   0x000017bc       0x50 c:/program files (x86)/cypress/psoc creator/4.0/psoc creator/import/gnu/arm/4.9.3/bin/../lib/gcc/arm-none-eabi/4.9.3/armv6-m\libgcc.a(bpabi.o)
 .debug_frame   0x0000180c       0x34 c:/program files (x86)/cypress/psoc creator/4.0/psoc creator/import/gnu/arm/4.9.3/bin/../lib/gcc/arm-none-eabi/4.9.3/armv6-m\libgcc.a(_muldi3.o)
 .debug_frame   0x00001840       0x3c c:/program files (x86)/cypress/psoc creator/4.0/psoc creator/import/gnu/arm/4.9.3/bin/../lib/gcc/arm-none-eabi/4.9.3/armv6-m\libgcc.a(_divdi3.o)
 .debug_frame   0x0000187c       0x3c c:/program files (x86)/cypress/psoc creator/4.0/psoc creator/import/gnu/arm/4.9.3/bin/../lib/gcc/arm-none-eabi/4.9.3/armv6-m\libgcc.a(_udivdi3.o)
 .debug_frame   0x000018b8       0x20 c:/program files (x86)/cypress/psoc creator/4.0/psoc creator/import/gnu/arm/4.9.3/bin/../lib/gcc/arm-none-eabi/4.9.3/../../../../arm-none-eabi/lib/armv6-m\libg_nano.a(lib_a-errno.o)
 .debug_frame   0x000018d8       0x28 c:/program files (x86)/cypress/psoc creator/4.0/psoc creator/import/gnu/arm/4.9.3/bin/../lib/gcc/arm-none-eabi/4.9.3/../../../../arm-none-eabi/lib/armv6-m\libg_nano.a(lib_a-exit.o)
 .debug_frame   0x00001900       0x2c c:/program files (x86)/cypress/psoc creator/4.0/psoc creator/import/gnu/arm/4.9.3/bin/../lib/gcc/arm-none-eabi/4.9.3/../../../../arm-none-eabi/lib/armv6-m\libg_nano.a(lib_a-init.o)
 .debug_frame   0x0000192c       0x28 c:/program files (x86)/cypress/psoc creator/4.0/psoc creator/import/gnu/arm/4.9.3/bin/../lib/gcc/arm-none-eabi/4.9.3/../../../../arm-none-eabi/lib/armv6-m\libg_nano.a(lib_a-memcpy.o)
 .debug_frame   0x00001954       0x20 c:/program files (x86)/cypress/psoc creator/4.0/psoc creator/import/gnu/arm/4.9.3/bin/../lib/gcc/arm-none-eabi/4.9.3/../../../../arm-none-eabi/lib/armv6-m\libg_nano.a(lib_a-memset.o)
 .debug_frame   0x00001974       0x50 c:/program files (x86)/cypress/psoc creator/4.0/psoc creator/import/gnu/arm/4.9.3/bin/../lib/gcc/arm-none-eabi/4.9.3/../../../../arm-none-eabi/lib/armv6-m\libg_nano.a(lib_a-sprintf.o)
 .debug_frame   0x000019c4       0x28 c:/program files (x86)/cypress/psoc creator/4.0/psoc creator/import/gnu/arm/4.9.3/bin/../lib/gcc/arm-none-eabi/4.9.3/../../../../arm-none-eabi/lib/armv6-m\libg_nano.a(lib_a-strcat.o)
 .debug_frame   0x000019ec       0x20 c:/program files (x86)/cypress/psoc creator/4.0/psoc creator/import/gnu/arm/4.9.3/bin/../lib/gcc/arm-none-eabi/4.9.3/../../../../arm-none-eabi/lib/armv6-m\libg_nano.a(lib_a-strcpy.o)
 .debug_frame   0x00001a0c       0x20 c:/program files (x86)/cypress/psoc creator/4.0/psoc creator/import/gnu/arm/4.9.3/bin/../lib/gcc/arm-none-eabi/4.9.3/../../../../arm-none-eabi/lib/armv6-m\libg_nano.a(lib_a-strlen.o)
 .debug_frame   0x00001a2c       0x74 c:/program files (x86)/cypress/psoc creator/4.0/psoc creator/import/gnu/arm/4.9.3/bin/../lib/gcc/arm-none-eabi/4.9.3/../../../../arm-none-eabi/lib/armv6-m\libg_nano.a(lib_a-nano-svfprintf.o)
 .debug_frame   0x00001aa0       0x54 c:/program files (x86)/cypress/psoc creator/4.0/psoc creator/import/gnu/arm/4.9.3/bin/../lib/gcc/arm-none-eabi/4.9.3/../../../../arm-none-eabi/lib/armv6-m\libg_nano.a(lib_a-nano-vfprintf_i.o)
 .debug_frame   0x00001af4       0x20 c:/program files (x86)/cypress/psoc creator/4.0/psoc creator/import/gnu/arm/4.9.3/bin/../lib/gcc/arm-none-eabi/4.9.3/../../../../arm-none-eabi/lib/armv6-m\libg_nano.a(lib_a-memchr.o)
 .debug_frame   0x00001b14       0x28 c:/program files (x86)/cypress/psoc creator/4.0/psoc creator/import/gnu/arm/4.9.3/bin/../lib/gcc/arm-none-eabi/4.9.3/../../../../arm-none-eabi/lib/armv6-m\libg_nano.a(lib_a-memmove.o)
 .debug_frame   0x00001b3c       0x2c c:/program files (x86)/cypress/psoc creator/4.0/psoc creator/import/gnu/arm/4.9.3/bin/../lib/gcc/arm-none-eabi/4.9.3/../../../../arm-none-eabi/lib/armv6-m\libg_nano.a(lib_a-nano-freer.o)
 .debug_frame   0x00001b68       0x2c c:/program files (x86)/cypress/psoc creator/4.0/psoc creator/import/gnu/arm/4.9.3/bin/../lib/gcc/arm-none-eabi/4.9.3/../../../../arm-none-eabi/lib/armv6-m\libg_nano.a(lib_a-nano-mallocr.o)
 .debug_frame   0x00001b94       0x30 c:/program files (x86)/cypress/psoc creator/4.0/psoc creator/import/gnu/arm/4.9.3/bin/../lib/gcc/arm-none-eabi/4.9.3/../../../../arm-none-eabi/lib/armv6-m\libg_nano.a(lib_a-nano-reallocr.o)
 .debug_frame   0x00001bc4       0x2c c:/program files (x86)/cypress/psoc creator/4.0/psoc creator/import/gnu/arm/4.9.3/bin/../lib/gcc/arm-none-eabi/4.9.3/../../../../arm-none-eabi/lib/armv6-m\libg_nano.a(lib_a-sbrkr.o)
 .debug_frame   0x00001bf0       0x20 c:/program files (x86)/cypress/psoc creator/4.0/psoc creator/import/gnu/arm/4.9.3/bin/../lib/gcc/arm-none-eabi/4.9.3/../../../../arm-none-eabi/lib/armv6-m\libg_nano.a(lib_a-nano-msizer.o)
 .debug_frame   0x00001c10       0x48 c:/program files (x86)/cypress/psoc creator/4.0/psoc creator/import/gnu/arm/4.9.3/bin/../lib/gcc/arm-none-eabi/4.9.3/../../../../arm-none-eabi/lib/armv6-m\libg_nano.a(lib_a-reent.o)

.debug_str      0x00000000     0x2429
 *(.debug_str)
 .debug_str     0x00000000      0x2c1 .\CortexM0\ARM_GCC_493\Debug\display.o
                                0x315 (size before relaxing)
 .debug_str     0x000002c1       0x6f .\CortexM0\ARM_GCC_493\Debug\crc32.o
                                0x21b (size before relaxing)
 .debug_str     0x00000330      0x409 .\CortexM0\ARM_GCC_493\Debug\network.o
                                0x62d (size before relaxing)
 .debug_str     0x00000739       0xf5 .\CortexM0\ARM_GCC_493\Debug\svt.o
                                0x3ed (size before relaxing)
 .debug_str     0x0000082e      0x147 .\CortexM0\ARM_GCC_493\Debug\ntp.o
                                0x358 (size before relaxing)
 .debug_str     0x00000975      0x122 .\CortexM0\ARM_GCC_493\Debug\RTC_WDT.o
                                0x395 (size before relaxing)
 .debug_str     0x00000a97        0xc .\CortexM0\ARM_GCC_493\Debug\main.o
                                0x214 (size before relaxing)
 .debug_str     0x00000aa3       0x59 .\CortexM0\ARM_GCC_493\Debug\cymetadata.o
                                0x1f7 (size before relaxing)
 .debug_str     0x00000afc      0x14e .\CortexM0\ARM_GCC_493\Debug\Cm0Start.o
                                0x31e (size before relaxing)
 .debug_str     0x00000c4a      0x166 .\CortexM0\ARM_GCC_493\Debug\debug_ntp.a(cyfitter_cfg.o)
                                0x35b (size before relaxing)
 .debug_str     0x00000db0      0x360 .\CortexM0\ARM_GCC_493\Debug\debug_ntp.a(RTC.o)
                                0x5e9 (size before relaxing)
 .debug_str     0x00001110      0x172 .\CortexM0\ARM_GCC_493\Debug\debug_ntp.a(UART_XB.o)
                                0x360 (size before relaxing)
 .debug_str     0x00001282      0x1ab .\CortexM0\ARM_GCC_493\Debug\debug_ntp.a(UART_XB_SPI_UART.o)
                                0x3d1 (size before relaxing)
 .debug_str     0x0000142d      0x164 .\CortexM0\ARM_GCC_493\Debug\debug_ntp.a(UART_XB_UART.o)
                                0x49d (size before relaxing)
 .debug_str     0x00001591      0x15d .\CortexM0\ARM_GCC_493\Debug\debug_ntp.a(LCD.o)
                                0x36d (size before relaxing)
 .debug_str     0x000016ee       0x32 .\CortexM0\ARM_GCC_493\Debug\debug_ntp.a(LCD_CustChars.o)
                                0x227 (size before relaxing)
 .debug_str     0x00001720      0x4c0 .\CortexM0\ARM_GCC_493\Debug\debug_ntp.a(CyLib.o)
                                0x758 (size before relaxing)
 .debug_str     0x00001be0      0x6c8 .\CortexM0\ARM_GCC_493\Debug\debug_ntp.a(CyLFClk.o)
                                0x955 (size before relaxing)
 .debug_str     0x000022a8       0x9f .\CortexM0\ARM_GCC_493\Debug\debug_ntp.a(debug.o)
                                0x25f (size before relaxing)
 .debug_str     0x00002347       0x9f .\CortexM0\ARM_GCC_493\Debug\debug_ntp.a(pinDebugNtp.o)
                                0x289 (size before relaxing)
 .debug_str     0x000023e6       0x43 .\CortexM0\ARM_GCC_493\Debug\debug_ntp.a(UART_XB_SPI_UART_INT.o)
                                0x2c4 (size before relaxing)

.debug_loc      0x00000000     0x41ff
 *(.debug_loc)
 .debug_loc     0x00000000      0x139 .\CortexM0\ARM_GCC_493\Debug\display.o
 .debug_loc     0x00000139      0x216 .\CortexM0\ARM_GCC_493\Debug\crc32.o
 .debug_loc     0x0000034f      0x35e .\CortexM0\ARM_GCC_493\Debug\network.o
 .debug_loc     0x000006ad      0x411 .\CortexM0\ARM_GCC_493\Debug\svt.o
 .debug_loc     0x00000abe      0x25f .\CortexM0\ARM_GCC_493\Debug\ntp.o
 .debug_loc     0x00000d1d      0x236 .\CortexM0\ARM_GCC_493\Debug\RTC_WDT.o
 .debug_loc     0x00000f53      0x14f .\CortexM0\ARM_GCC_493\Debug\Cm0Start.o
 .debug_loc     0x000010a2      0x118 .\CortexM0\ARM_GCC_493\Debug\debug_ntp.a(cyfitter_cfg.o)
 .debug_loc     0x000011ba     0x13ee .\CortexM0\ARM_GCC_493\Debug\debug_ntp.a(RTC.o)
 .debug_loc     0x000025a8       0x7e .\CortexM0\ARM_GCC_493\Debug\debug_ntp.a(UART_XB.o)
 .debug_loc     0x00002626      0x170 .\CortexM0\ARM_GCC_493\Debug\debug_ntp.a(UART_XB_SPI_UART.o)
 .debug_loc     0x00002796      0x1bd .\CortexM0\ARM_GCC_493\Debug\debug_ntp.a(UART_XB_UART.o)
 .debug_loc     0x00002953      0x3e3 .\CortexM0\ARM_GCC_493\Debug\debug_ntp.a(LCD.o)
 .debug_loc     0x00002d36       0x56 .\CortexM0\ARM_GCC_493\Debug\debug_ntp.a(LCD_CustChars.o)
 .debug_loc     0x00002d8c      0x53e .\CortexM0\ARM_GCC_493\Debug\debug_ntp.a(CyLib.o)
 .debug_loc     0x000032ca      0xdb4 .\CortexM0\ARM_GCC_493\Debug\debug_ntp.a(CyLFClk.o)
 .debug_loc     0x0000407e       0xa2 .\CortexM0\ARM_GCC_493\Debug\debug_ntp.a(debug.o)
 .debug_loc     0x00004120       0xa2 .\CortexM0\ARM_GCC_493\Debug\debug_ntp.a(pinDebugNtp.o)
 .debug_loc     0x000041c2       0x3d .\CortexM0\ARM_GCC_493\Debug\debug_ntp.a(UART_XB_SPI_UART_INT.o)

.debug_macinfo
 *(.debug_macinfo)

.debug_ranges   0x00000000      0x7d0
 *(.debug_ranges)
 .debug_ranges  0x00000000       0x38 .\CortexM0\ARM_GCC_493\Debug\display.o
 .debug_ranges  0x00000038       0x28 .\CortexM0\ARM_GCC_493\Debug\crc32.o
 .debug_ranges  0x00000060       0x48 .\CortexM0\ARM_GCC_493\Debug\network.o
 .debug_ranges  0x000000a8       0x30 .\CortexM0\ARM_GCC_493\Debug\svt.o
 .debug_ranges  0x000000d8       0x28 .\CortexM0\ARM_GCC_493\Debug\ntp.o
 .debug_ranges  0x00000100       0x58 .\CortexM0\ARM_GCC_493\Debug\RTC_WDT.o
 .debug_ranges  0x00000158       0x10 .\CortexM0\ARM_GCC_493\Debug\main.o
 .debug_ranges  0x00000168       0x38 .\CortexM0\ARM_GCC_493\Debug\Cm0Start.o
 .debug_ranges  0x000001a0       0x30 .\CortexM0\ARM_GCC_493\Debug\debug_ntp.a(cyfitter_cfg.o)
 .debug_ranges  0x000001d0       0xb0 .\CortexM0\ARM_GCC_493\Debug\debug_ntp.a(RTC.o)
 .debug_ranges  0x00000280       0x58 .\CortexM0\ARM_GCC_493\Debug\debug_ntp.a(UART_XB.o)
 .debug_ranges  0x000002d8       0x50 .\CortexM0\ARM_GCC_493\Debug\debug_ntp.a(UART_XB_SPI_UART.o)
 .debug_ranges  0x00000328       0x78 .\CortexM0\ARM_GCC_493\Debug\debug_ntp.a(UART_XB_UART.o)
 .debug_ranges  0x000003a0       0x88 .\CortexM0\ARM_GCC_493\Debug\debug_ntp.a(LCD.o)
 .debug_ranges  0x00000428       0x10 .\CortexM0\ARM_GCC_493\Debug\debug_ntp.a(LCD_CustChars.o)
 .debug_ranges  0x00000438      0x1a0 .\CortexM0\ARM_GCC_493\Debug\debug_ntp.a(CyLib.o)
 .debug_ranges  0x000005d8      0x178 .\CortexM0\ARM_GCC_493\Debug\debug_ntp.a(CyLFClk.o)
 .debug_ranges  0x00000750       0x38 .\CortexM0\ARM_GCC_493\Debug\debug_ntp.a(debug.o)
 .debug_ranges  0x00000788       0x38 .\CortexM0\ARM_GCC_493\Debug\debug_ntp.a(pinDebugNtp.o)
 .debug_ranges  0x000007c0       0x10 .\CortexM0\ARM_GCC_493\Debug\debug_ntp.a(UART_XB_SPI_UART_INT.o)

.comment        0x00000000       0x70
 .comment       0x00000000       0x70 .\CortexM0\ARM_GCC_493\Debug\display.o
                                 0x71 (size before relaxing)
 .comment       0x00000000       0x71 .\CortexM0\ARM_GCC_493\Debug\crc32.o
 .comment       0x00000000       0x71 .\CortexM0\ARM_GCC_493\Debug\network.o
 .comment       0x00000000       0x71 .\CortexM0\ARM_GCC_493\Debug\svt.o
 .comment       0x00000000       0x71 .\CortexM0\ARM_GCC_493\Debug\ntp.o
 .comment       0x00000000       0x71 .\CortexM0\ARM_GCC_493\Debug\RTC_WDT.o
 .comment       0x00000000       0x71 .\CortexM0\ARM_GCC_493\Debug\main.o
 .comment       0x00000000       0x71 .\CortexM0\ARM_GCC_493\Debug\cymetadata.o
 .comment       0x00000000       0x71 .\CortexM0\ARM_GCC_493\Debug\Cm0Start.o
 .comment       0x00000000       0x71 .\CortexM0\ARM_GCC_493\Debug\debug_ntp.a(cyfitter_cfg.o)
 .comment       0x00000000       0x71 .\CortexM0\ARM_GCC_493\Debug\debug_ntp.a(RTC.o)
 .comment       0x00000000       0x71 .\CortexM0\ARM_GCC_493\Debug\debug_ntp.a(UART_XB.o)
 .comment       0x00000000       0x71 .\CortexM0\ARM_GCC_493\Debug\debug_ntp.a(UART_XB_SPI_UART.o)
 .comment       0x00000000       0x71 .\CortexM0\ARM_GCC_493\Debug\debug_ntp.a(UART_XB_UART.o)
 .comment       0x00000000       0x71 .\CortexM0\ARM_GCC_493\Debug\debug_ntp.a(LCD.o)
 .comment       0x00000000       0x71 .\CortexM0\ARM_GCC_493\Debug\debug_ntp.a(LCD_CustChars.o)
 .comment       0x00000000       0x71 .\CortexM0\ARM_GCC_493\Debug\debug_ntp.a(CyLib.o)
 .comment       0x00000000       0x71 .\CortexM0\ARM_GCC_493\Debug\debug_ntp.a(CyLFClk.o)
 .comment       0x00000000       0x71 .\CortexM0\ARM_GCC_493\Debug\debug_ntp.a(debug.o)
 .comment       0x00000000       0x71 .\CortexM0\ARM_GCC_493\Debug\debug_ntp.a(pinDebugNtp.o)
 .comment       0x00000000       0x71 .\CortexM0\ARM_GCC_493\Debug\debug_ntp.a(UART_XB_SPI_UART_INT.o)

.debug_weaknames
 *(.debug_weaknames)

.debug_funcnames
 *(.debug_funcnames)

.debug_typenames
 *(.debug_typenames)

.debug_varnames
 *(.debug_varnames)

.note.gnu.arm.ident
 *(.note.gnu.arm.ident)

.ARM.attributes
                0x00000000       0x28
 *(.ARM.attributes)
 .ARM.attributes
                0x00000000       0x1e c:/program files (x86)/cypress/psoc creator/4.0/psoc creator/import/gnu/arm/4.9.3/bin/../lib/gcc/arm-none-eabi/4.9.3/armv6-m/crti.o
 .ARM.attributes
                0x0000001e       0x2c c:/program files (x86)/cypress/psoc creator/4.0/psoc creator/import/gnu/arm/4.9.3/bin/../lib/gcc/arm-none-eabi/4.9.3/armv6-m/crtbegin.o
 .ARM.attributes
                0x0000004a       0x1b c:/program files (x86)/cypress/psoc creator/4.0/psoc creator/import/gnu/arm/4.9.3/bin/../lib/gcc/arm-none-eabi/4.9.3/../../../../arm-none-eabi/lib/armv6-m/crt0.o
 .ARM.attributes
                0x00000065       0x31 .\CortexM0\ARM_GCC_493\Debug\display.o
 .ARM.attributes
                0x00000096       0x31 .\CortexM0\ARM_GCC_493\Debug\crc32.o
 .ARM.attributes
                0x000000c7       0x31 .\CortexM0\ARM_GCC_493\Debug\network.o
 .ARM.attributes
                0x000000f8       0x31 .\CortexM0\ARM_GCC_493\Debug\svt.o
 .ARM.attributes
                0x00000129       0x31 .\CortexM0\ARM_GCC_493\Debug\ntp.o
 .ARM.attributes
                0x0000015a       0x31 .\CortexM0\ARM_GCC_493\Debug\RTC_WDT.o
 .ARM.attributes
                0x0000018b       0x31 .\CortexM0\ARM_GCC_493\Debug\main.o
 .ARM.attributes
                0x000001bc       0x31 .\CortexM0\ARM_GCC_493\Debug\cymetadata.o
 .ARM.attributes
                0x000001ed       0x31 .\CortexM0\ARM_GCC_493\Debug\Cm0Start.o
 .ARM.attributes
                0x0000021e       0x31 .\CortexM0\ARM_GCC_493\Debug\debug_ntp.a(cyfitter_cfg.o)
 .ARM.attributes
                0x0000024f       0x31 .\CortexM0\ARM_GCC_493\Debug\debug_ntp.a(RTC.o)
 .ARM.attributes
                0x00000280       0x31 .\CortexM0\ARM_GCC_493\Debug\debug_ntp.a(UART_XB.o)
 .ARM.attributes
                0x000002b1       0x31 .\CortexM0\ARM_GCC_493\Debug\debug_ntp.a(UART_XB_SPI_UART.o)
 .ARM.attributes
                0x000002e2       0x31 .\CortexM0\ARM_GCC_493\Debug\debug_ntp.a(UART_XB_UART.o)
 .ARM.attributes
                0x00000313       0x31 .\CortexM0\ARM_GCC_493\Debug\debug_ntp.a(LCD.o)
 .ARM.attributes
                0x00000344       0x31 .\CortexM0\ARM_GCC_493\Debug\debug_ntp.a(LCD_CustChars.o)
 .ARM.attributes
                0x00000375       0x31 .\CortexM0\ARM_GCC_493\Debug\debug_ntp.a(CyLib.o)
 .ARM.attributes
                0x000003a6       0x31 .\CortexM0\ARM_GCC_493\Debug\debug_ntp.a(CyLFClk.o)
 .ARM.attributes
                0x000003d7       0x31 .\CortexM0\ARM_GCC_493\Debug\debug_ntp.a(debug.o)
 .ARM.attributes
                0x00000408       0x31 .\CortexM0\ARM_GCC_493\Debug\debug_ntp.a(pinDebugNtp.o)
 .ARM.attributes
                0x00000439       0x21 .\CortexM0\ARM_GCC_493\Debug\debug_ntp.a(CyBootAsmGnu.o)
 .ARM.attributes
                0x0000045a       0x31 .\CortexM0\ARM_GCC_493\Debug\debug_ntp.a(UART_XB_SPI_UART_INT.o)
 .ARM.attributes
                0x0000048b       0x1e c:/program files (x86)/cypress/psoc creator/4.0/psoc creator/import/gnu/arm/4.9.3/bin/../lib/gcc/arm-none-eabi/4.9.3/armv6-m\libgcc.a(_udivsi3.o)
 .ARM.attributes
                0x000004a9       0x1e c:/program files (x86)/cypress/psoc creator/4.0/psoc creator/import/gnu/arm/4.9.3/bin/../lib/gcc/arm-none-eabi/4.9.3/armv6-m\libgcc.a(_divsi3.o)
 .ARM.attributes
                0x000004c7       0x1e c:/program files (x86)/cypress/psoc creator/4.0/psoc creator/import/gnu/arm/4.9.3/bin/../lib/gcc/arm-none-eabi/4.9.3/armv6-m\libgcc.a(_dvmd_tls.o)
 .ARM.attributes
                0x000004e5       0x1e c:/program files (x86)/cypress/psoc creator/4.0/psoc creator/import/gnu/arm/4.9.3/bin/../lib/gcc/arm-none-eabi/4.9.3/armv6-m\libgcc.a(_aeabi_uldivmod.o)
 .ARM.attributes
                0x00000503       0x2c c:/program files (x86)/cypress/psoc creator/4.0/psoc creator/import/gnu/arm/4.9.3/bin/../lib/gcc/arm-none-eabi/4.9.3/armv6-m\libgcc.a(bpabi.o)
 .ARM.attributes
                0x0000052f       0x2c c:/program files (x86)/cypress/psoc creator/4.0/psoc creator/import/gnu/arm/4.9.3/bin/../lib/gcc/arm-none-eabi/4.9.3/armv6-m\libgcc.a(_muldi3.o)
 .ARM.attributes
                0x0000055b       0x2c c:/program files (x86)/cypress/psoc creator/4.0/psoc creator/import/gnu/arm/4.9.3/bin/../lib/gcc/arm-none-eabi/4.9.3/armv6-m\libgcc.a(_divdi3.o)
 .ARM.attributes
                0x00000587       0x2c c:/program files (x86)/cypress/psoc creator/4.0/psoc creator/import/gnu/arm/4.9.3/bin/../lib/gcc/arm-none-eabi/4.9.3/armv6-m\libgcc.a(_udivdi3.o)
 .ARM.attributes
                0x000005b3       0x1e c:/program files (x86)/cypress/psoc creator/4.0/psoc creator/import/gnu/arm/4.9.3/bin/../lib/gcc/arm-none-eabi/4.9.3/armv6-m\libgcc.a(_clzdi2.o)
 .ARM.attributes
                0x000005d1       0x1e c:/program files (x86)/cypress/psoc creator/4.0/psoc creator/import/gnu/arm/4.9.3/bin/../lib/gcc/arm-none-eabi/4.9.3/armv6-m\libgcc.a(_clzsi2.o)
 .ARM.attributes
                0x000005ef       0x2c c:/program files (x86)/cypress/psoc creator/4.0/psoc creator/import/gnu/arm/4.9.3/bin/../lib/gcc/arm-none-eabi/4.9.3/../../../../arm-none-eabi/lib/armv6-m\libg_nano.a(lib_a-errno.o)
 .ARM.attributes
                0x0000061b       0x2c c:/program files (x86)/cypress/psoc creator/4.0/psoc creator/import/gnu/arm/4.9.3/bin/../lib/gcc/arm-none-eabi/4.9.3/../../../../arm-none-eabi/lib/armv6-m\libg_nano.a(lib_a-exit.o)
 .ARM.attributes
                0x00000647       0x2c c:/program files (x86)/cypress/psoc creator/4.0/psoc creator/import/gnu/arm/4.9.3/bin/../lib/gcc/arm-none-eabi/4.9.3/../../../../arm-none-eabi/lib/armv6-m\libg_nano.a(lib_a-impure.o)
 .ARM.attributes
                0x00000673       0x2c c:/program files (x86)/cypress/psoc creator/4.0/psoc creator/import/gnu/arm/4.9.3/bin/../lib/gcc/arm-none-eabi/4.9.3/../../../../arm-none-eabi/lib/armv6-m\libg_nano.a(lib_a-init.o)
 .ARM.attributes
                0x0000069f       0x2c c:/program files (x86)/cypress/psoc creator/4.0/psoc creator/import/gnu/arm/4.9.3/bin/../lib/gcc/arm-none-eabi/4.9.3/../../../../arm-none-eabi/lib/armv6-m\libg_nano.a(lib_a-memcpy.o)
 .ARM.attributes
                0x000006cb       0x2c c:/program files (x86)/cypress/psoc creator/4.0/psoc creator/import/gnu/arm/4.9.3/bin/../lib/gcc/arm-none-eabi/4.9.3/../../../../arm-none-eabi/lib/armv6-m\libg_nano.a(lib_a-memset.o)
 .ARM.attributes
                0x000006f7       0x2c c:/program files (x86)/cypress/psoc creator/4.0/psoc creator/import/gnu/arm/4.9.3/bin/../lib/gcc/arm-none-eabi/4.9.3/../../../../arm-none-eabi/lib/armv6-m\libg_nano.a(lib_a-sprintf.o)
 .ARM.attributes
                0x00000723       0x2c c:/program files (x86)/cypress/psoc creator/4.0/psoc creator/import/gnu/arm/4.9.3/bin/../lib/gcc/arm-none-eabi/4.9.3/../../../../arm-none-eabi/lib/armv6-m\libg_nano.a(lib_a-strcat.o)
 .ARM.attributes
                0x0000074f       0x2c c:/program files (x86)/cypress/psoc creator/4.0/psoc creator/import/gnu/arm/4.9.3/bin/../lib/gcc/arm-none-eabi/4.9.3/../../../../arm-none-eabi/lib/armv6-m\libg_nano.a(lib_a-strcpy.o)
 .ARM.attributes
                0x0000077b       0x2c c:/program files (x86)/cypress/psoc creator/4.0/psoc creator/import/gnu/arm/4.9.3/bin/../lib/gcc/arm-none-eabi/4.9.3/../../../../arm-none-eabi/lib/armv6-m\libg_nano.a(lib_a-strlen.o)
 .ARM.attributes
                0x000007a7       0x2c c:/program files (x86)/cypress/psoc creator/4.0/psoc creator/import/gnu/arm/4.9.3/bin/../lib/gcc/arm-none-eabi/4.9.3/../../../../arm-none-eabi/lib/armv6-m\libg_nano.a(lib_a-nano-svfprintf.o)
 .ARM.attributes
                0x000007d3       0x2c c:/program files (x86)/cypress/psoc creator/4.0/psoc creator/import/gnu/arm/4.9.3/bin/../lib/gcc/arm-none-eabi/4.9.3/../../../../arm-none-eabi/lib/armv6-m\libg_nano.a(lib_a-nano-vfprintf_i.o)
 .ARM.attributes
                0x000007ff       0x2c c:/program files (x86)/cypress/psoc creator/4.0/psoc creator/import/gnu/arm/4.9.3/bin/../lib/gcc/arm-none-eabi/4.9.3/../../../../arm-none-eabi/lib/armv6-m\libg_nano.a(lib_a-memchr.o)
 .ARM.attributes
                0x0000082b       0x2c c:/program files (x86)/cypress/psoc creator/4.0/psoc creator/import/gnu/arm/4.9.3/bin/../lib/gcc/arm-none-eabi/4.9.3/../../../../arm-none-eabi/lib/armv6-m\libg_nano.a(lib_a-memmove.o)
 .ARM.attributes
                0x00000857       0x2c c:/program files (x86)/cypress/psoc creator/4.0/psoc creator/import/gnu/arm/4.9.3/bin/../lib/gcc/arm-none-eabi/4.9.3/../../../../arm-none-eabi/lib/armv6-m\libg_nano.a(lib_a-nano-freer.o)
 .ARM.attributes
                0x00000883       0x2c c:/program files (x86)/cypress/psoc creator/4.0/psoc creator/import/gnu/arm/4.9.3/bin/../lib/gcc/arm-none-eabi/4.9.3/../../../../arm-none-eabi/lib/armv6-m\libg_nano.a(lib_a-nano-mallocr.o)
 .ARM.attributes
                0x000008af       0x2c c:/program files (x86)/cypress/psoc creator/4.0/psoc creator/import/gnu/arm/4.9.3/bin/../lib/gcc/arm-none-eabi/4.9.3/../../../../arm-none-eabi/lib/armv6-m\libg_nano.a(lib_a-nano-reallocr.o)
 .ARM.attributes
                0x000008db       0x2c c:/program files (x86)/cypress/psoc creator/4.0/psoc creator/import/gnu/arm/4.9.3/bin/../lib/gcc/arm-none-eabi/4.9.3/../../../../arm-none-eabi/lib/armv6-m\libg_nano.a(lib_a-sbrkr.o)
 .ARM.attributes
                0x00000907       0x2c c:/program files (x86)/cypress/psoc creator/4.0/psoc creator/import/gnu/arm/4.9.3/bin/../lib/gcc/arm-none-eabi/4.9.3/../../../../arm-none-eabi/lib/armv6-m\libg_nano.a(lib_a-nano-msizer.o)
 .ARM.attributes
                0x00000933       0x2c c:/program files (x86)/cypress/psoc creator/4.0/psoc creator/import/gnu/arm/4.9.3/bin/../lib/gcc/arm-none-eabi/4.9.3/../../../../arm-none-eabi/lib/armv6-m\libg_nano.a(lib_a-reent.o)
 .ARM.attributes
                0x0000095f       0x2c c:/program files (x86)/cypress/psoc creator/4.0/psoc creator/import/gnu/arm/4.9.3/bin/../lib/gcc/arm-none-eabi/4.9.3/armv6-m/crtend.o
 .ARM.attributes
                0x0000098b       0x1e c:/program files (x86)/cypress/psoc creator/4.0/psoc creator/import/gnu/arm/4.9.3/bin/../lib/gcc/arm-none-eabi/4.9.3/armv6-m/crtn.o

/DISCARD/
 *(.note.GNU-stack)
OUTPUT(.\CortexM0\ARM_GCC_493\Debug\debug_ntp.elf elf32-littlearm)
