Archive member included because of file (symbol)

.\CortexM0\ARM_GCC_493\Debug\start01.a(cyfitter_cfg.o)
                              .\CortexM0\ARM_GCC_493\Debug\Cm0Start.o (cyfitter_cfg)
.\CortexM0\ARM_GCC_493\Debug\start01.a(CyLib.o)
                              .\CortexM0\ARM_GCC_493\Debug\start01.a(cyfitter_cfg.o) (CyIntEnable)
.\CortexM0\ARM_GCC_493\Debug\start01.a(CyLFClk.o)
                              .\CortexM0\ARM_GCC_493\Debug\start01.a(cyfitter_cfg.o) (CySysWdtIsr)
.\CortexM0\ARM_GCC_493\Debug\start01.a(Int_Timer_Led.o)
                              .\CortexM0\ARM_GCC_493\Debug\LED.o (Int_Timer_Led_StartEx)
.\CortexM0\ARM_GCC_493\Debug\start01.a(LED_PIN.o)
                              .\CortexM0\ARM_GCC_493\Debug\LED.o (LED_PIN_Write)
.\CortexM0\ARM_GCC_493\Debug\start01.a(Timer_LED.o)
                              .\CortexM0\ARM_GCC_493\Debug\LED.o (Timer_LED_Stop)
.\CortexM0\ARM_GCC_493\Debug\start01.a(LCD.o)
                              .\CortexM0\ARM_GCC_493\Debug\display.o (LCD_PrintString)
.\CortexM0\ARM_GCC_493\Debug\start01.a(RTC.o)
                              .\CortexM0\ARM_GCC_493\Debug\RTC_WDT.o (RTC_Start)
.\CortexM0\ARM_GCC_493\Debug\start01.a(GatePin.o)
                              .\CortexM0\ARM_GCC_493\Debug\gate.o (GatePin_Read)
.\CortexM0\ARM_GCC_493\Debug\start01.a(UART_XB_SPI_UART.o)
                              .\CortexM0\ARM_GCC_493\Debug\network.o (UART_XB_SpiUartWriteTxData)
.\CortexM0\ARM_GCC_493\Debug\start01.a(UART_XB_UART.o)
                              .\CortexM0\ARM_GCC_493\Debug\network.o (UART_XB_UartGetChar)
.\CortexM0\ARM_GCC_493\Debug\start01.a(CyBootAsmGnu.o)
                              .\CortexM0\ARM_GCC_493\Debug\start01.a(CyLib.o) (CyDelayCycles)
.\CortexM0\ARM_GCC_493\Debug\start01.a(UART_XB.o)
                              .\CortexM0\ARM_GCC_493\Debug\start01.a(UART_XB_UART.o) (UART_XB_IntrTxMask)
c:/program files (x86)/cypress/psoc creator/3.3/psoc creator/import/gnu/arm/4.9.3/bin/../lib/gcc/arm-none-eabi/4.9.3/armv6-m\libgcc.a(_udivsi3.o)
                              .\CortexM0\ARM_GCC_493\Debug\LED.o (__aeabi_uidiv)
c:/program files (x86)/cypress/psoc creator/3.3/psoc creator/import/gnu/arm/4.9.3/bin/../lib/gcc/arm-none-eabi/4.9.3/armv6-m\libgcc.a(_dvmd_tls.o)
                              c:/program files (x86)/cypress/psoc creator/3.3/psoc creator/import/gnu/arm/4.9.3/bin/../lib/gcc/arm-none-eabi/4.9.3/armv6-m\libgcc.a(_udivsi3.o) (__aeabi_idiv0)
c:/program files (x86)/cypress/psoc creator/3.3/psoc creator/import/gnu/arm/4.9.3/bin/../lib/gcc/arm-none-eabi/4.9.3/armv6-m\libgcc.a(_aeabi_uldivmod.o)
                              .\CortexM0\ARM_GCC_493\Debug\start01.a(RTC.o) (__aeabi_uldivmod)
c:/program files (x86)/cypress/psoc creator/3.3/psoc creator/import/gnu/arm/4.9.3/bin/../lib/gcc/arm-none-eabi/4.9.3/armv6-m\libgcc.a(bpabi.o)
                              c:/program files (x86)/cypress/psoc creator/3.3/psoc creator/import/gnu/arm/4.9.3/bin/../lib/gcc/arm-none-eabi/4.9.3/armv6-m\libgcc.a(_aeabi_uldivmod.o) (__gnu_uldivmod_helper)
c:/program files (x86)/cypress/psoc creator/3.3/psoc creator/import/gnu/arm/4.9.3/bin/../lib/gcc/arm-none-eabi/4.9.3/armv6-m\libgcc.a(_muldi3.o)
                              c:/program files (x86)/cypress/psoc creator/3.3/psoc creator/import/gnu/arm/4.9.3/bin/../lib/gcc/arm-none-eabi/4.9.3/armv6-m\libgcc.a(bpabi.o) (__aeabi_lmul)
c:/program files (x86)/cypress/psoc creator/3.3/psoc creator/import/gnu/arm/4.9.3/bin/../lib/gcc/arm-none-eabi/4.9.3/armv6-m\libgcc.a(_divdi3.o)
                              c:/program files (x86)/cypress/psoc creator/3.3/psoc creator/import/gnu/arm/4.9.3/bin/../lib/gcc/arm-none-eabi/4.9.3/armv6-m\libgcc.a(bpabi.o) (__divdi3)
c:/program files (x86)/cypress/psoc creator/3.3/psoc creator/import/gnu/arm/4.9.3/bin/../lib/gcc/arm-none-eabi/4.9.3/armv6-m\libgcc.a(_udivdi3.o)
                              c:/program files (x86)/cypress/psoc creator/3.3/psoc creator/import/gnu/arm/4.9.3/bin/../lib/gcc/arm-none-eabi/4.9.3/armv6-m\libgcc.a(bpabi.o) (__udivdi3)
c:/program files (x86)/cypress/psoc creator/3.3/psoc creator/import/gnu/arm/4.9.3/bin/../lib/gcc/arm-none-eabi/4.9.3/armv6-m\libgcc.a(_clzdi2.o)
                              c:/program files (x86)/cypress/psoc creator/3.3/psoc creator/import/gnu/arm/4.9.3/bin/../lib/gcc/arm-none-eabi/4.9.3/armv6-m\libgcc.a(_divdi3.o) (__clzdi2)
c:/program files (x86)/cypress/psoc creator/3.3/psoc creator/import/gnu/arm/4.9.3/bin/../lib/gcc/arm-none-eabi/4.9.3/armv6-m\libgcc.a(_clzsi2.o)
                              c:/program files (x86)/cypress/psoc creator/3.3/psoc creator/import/gnu/arm/4.9.3/bin/../lib/gcc/arm-none-eabi/4.9.3/armv6-m\libgcc.a(_clzdi2.o) (__clzsi2)
c:/program files (x86)/cypress/psoc creator/3.3/psoc creator/import/gnu/arm/4.9.3/bin/../lib/gcc/arm-none-eabi/4.9.3/../../../../arm-none-eabi/lib/armv6-m\libg_nano.a(lib_a-errno.o)
                              .\CortexM0\ARM_GCC_493\Debug\Cm0Start.o (__errno)
c:/program files (x86)/cypress/psoc creator/3.3/psoc creator/import/gnu/arm/4.9.3/bin/../lib/gcc/arm-none-eabi/4.9.3/../../../../arm-none-eabi/lib/armv6-m\libg_nano.a(lib_a-exit.o)
                              c:/program files (x86)/cypress/psoc creator/3.3/psoc creator/import/gnu/arm/4.9.3/bin/../lib/gcc/arm-none-eabi/4.9.3/../../../../arm-none-eabi/lib/armv6-m/crt0.o (exit)
c:/program files (x86)/cypress/psoc creator/3.3/psoc creator/import/gnu/arm/4.9.3/bin/../lib/gcc/arm-none-eabi/4.9.3/../../../../arm-none-eabi/lib/armv6-m\libg_nano.a(lib_a-impure.o)
                              c:/program files (x86)/cypress/psoc creator/3.3/psoc creator/import/gnu/arm/4.9.3/bin/../lib/gcc/arm-none-eabi/4.9.3/../../../../arm-none-eabi/lib/armv6-m\libg_nano.a(lib_a-exit.o) (_global_impure_ptr)
c:/program files (x86)/cypress/psoc creator/3.3/psoc creator/import/gnu/arm/4.9.3/bin/../lib/gcc/arm-none-eabi/4.9.3/../../../../arm-none-eabi/lib/armv6-m\libg_nano.a(lib_a-init.o)
                              c:/program files (x86)/cypress/psoc creator/3.3/psoc creator/import/gnu/arm/4.9.3/bin/../lib/gcc/arm-none-eabi/4.9.3/../../../../arm-none-eabi/lib/armv6-m/crt0.o (__libc_init_array)
c:/program files (x86)/cypress/psoc creator/3.3/psoc creator/import/gnu/arm/4.9.3/bin/../lib/gcc/arm-none-eabi/4.9.3/../../../../arm-none-eabi/lib/armv6-m\libg_nano.a(lib_a-memset.o)
                              c:/program files (x86)/cypress/psoc creator/3.3/psoc creator/import/gnu/arm/4.9.3/bin/../lib/gcc/arm-none-eabi/4.9.3/../../../../arm-none-eabi/lib/armv6-m/crt0.o (memset)

Allocating common symbols
Common symbol       size              file

RTC_initVar         0x1               .\CortexM0\ARM_GCC_493\Debug\start01.a(RTC.o)
RTC_currentTimeDate
                    0x10              .\CortexM0\ARM_GCC_493\Debug\start01.a(RTC.o)
LED_InitValue       0x1               .\CortexM0\ARM_GCC_493\Debug\LED.o
RTC_alarmCurStatus  0x4               .\CortexM0\ARM_GCC_493\Debug\start01.a(RTC.o)
RTC_dstStatus       0x1               .\CortexM0\ARM_GCC_493\Debug\start01.a(RTC.o)
RTC_unixTime        0x8               .\CortexM0\ARM_GCC_493\Debug\start01.a(RTC.o)

Discarded input sections

 .text          0x00000000        0x0 c:/program files (x86)/cypress/psoc creator/3.3/psoc creator/import/gnu/arm/4.9.3/bin/../lib/gcc/arm-none-eabi/4.9.3/armv6-m/crti.o
 .data          0x00000000        0x0 c:/program files (x86)/cypress/psoc creator/3.3/psoc creator/import/gnu/arm/4.9.3/bin/../lib/gcc/arm-none-eabi/4.9.3/armv6-m/crti.o
 .bss           0x00000000        0x0 c:/program files (x86)/cypress/psoc creator/3.3/psoc creator/import/gnu/arm/4.9.3/bin/../lib/gcc/arm-none-eabi/4.9.3/armv6-m/crti.o
 .data          0x00000000        0x4 c:/program files (x86)/cypress/psoc creator/3.3/psoc creator/import/gnu/arm/4.9.3/bin/../lib/gcc/arm-none-eabi/4.9.3/armv6-m/crtbegin.o
 .text          0x00000000       0x78 c:/program files (x86)/cypress/psoc creator/3.3/psoc creator/import/gnu/arm/4.9.3/bin/../lib/gcc/arm-none-eabi/4.9.3/../../../../arm-none-eabi/lib/armv6-m/crt0.o
 .data          0x00000000        0x0 c:/program files (x86)/cypress/psoc creator/3.3/psoc creator/import/gnu/arm/4.9.3/bin/../lib/gcc/arm-none-eabi/4.9.3/../../../../arm-none-eabi/lib/armv6-m/crt0.o
 .bss           0x00000000        0x0 c:/program files (x86)/cypress/psoc creator/3.3/psoc creator/import/gnu/arm/4.9.3/bin/../lib/gcc/arm-none-eabi/4.9.3/../../../../arm-none-eabi/lib/armv6-m/crt0.o
 .ARM.extab     0x00000000        0x0 c:/program files (x86)/cypress/psoc creator/3.3/psoc creator/import/gnu/arm/4.9.3/bin/../lib/gcc/arm-none-eabi/4.9.3/../../../../arm-none-eabi/lib/armv6-m/crt0.o
 .ARM.exidx     0x00000000        0x8 c:/program files (x86)/cypress/psoc creator/3.3/psoc creator/import/gnu/arm/4.9.3/bin/../lib/gcc/arm-none-eabi/4.9.3/../../../../arm-none-eabi/lib/armv6-m/crt0.o
 .text          0x00000000        0x0 .\CortexM0\ARM_GCC_493\Debug\main.o
 .data          0x00000000        0x0 .\CortexM0\ARM_GCC_493\Debug\main.o
 .bss           0x00000000        0x0 .\CortexM0\ARM_GCC_493\Debug\main.o
 .text          0x00000000        0x0 .\CortexM0\ARM_GCC_493\Debug\LED.o
 .data          0x00000000        0x0 .\CortexM0\ARM_GCC_493\Debug\LED.o
 .bss           0x00000000        0x0 .\CortexM0\ARM_GCC_493\Debug\LED.o
 .text.SetPWMValue
                0x00000000        0x4 .\CortexM0\ARM_GCC_493\Debug\LED.o
 .text          0x00000000        0x0 .\CortexM0\ARM_GCC_493\Debug\display.o
 .data          0x00000000        0x0 .\CortexM0\ARM_GCC_493\Debug\display.o
 .bss           0x00000000        0x0 .\CortexM0\ARM_GCC_493\Debug\display.o
 .text          0x00000000        0x0 .\CortexM0\ARM_GCC_493\Debug\RTC_WDT.o
 .data          0x00000000        0x0 .\CortexM0\ARM_GCC_493\Debug\RTC_WDT.o
 .bss           0x00000000        0x0 .\CortexM0\ARM_GCC_493\Debug\RTC_WDT.o
 .text.RTCgetMs
                0x00000000        0x4 .\CortexM0\ARM_GCC_493\Debug\RTC_WDT.o
 .text.RTCSync  0x00000000        0x4 .\CortexM0\ARM_GCC_493\Debug\RTC_WDT.o
 .text          0x00000000        0x0 .\CortexM0\ARM_GCC_493\Debug\gate.o
 .data          0x00000000        0x0 .\CortexM0\ARM_GCC_493\Debug\gate.o
 .bss           0x00000000        0x0 .\CortexM0\ARM_GCC_493\Debug\gate.o
 .text          0x00000000        0x0 .\CortexM0\ARM_GCC_493\Debug\network.o
 .data          0x00000000        0x0 .\CortexM0\ARM_GCC_493\Debug\network.o
 .bss           0x00000000        0x0 .\CortexM0\ARM_GCC_493\Debug\network.o
 .text.CheckConnection
                0x00000000       0x30 .\CortexM0\ARM_GCC_493\Debug\network.o
 .text.NTP_Send
                0x00000000        0x4 .\CortexM0\ARM_GCC_493\Debug\network.o
 .text          0x00000000        0x0 .\CortexM0\ARM_GCC_493\Debug\cymetadata.o
 .data          0x00000000        0x0 .\CortexM0\ARM_GCC_493\Debug\cymetadata.o
 .bss           0x00000000        0x0 .\CortexM0\ARM_GCC_493\Debug\cymetadata.o
 .text          0x00000000        0x0 .\CortexM0\ARM_GCC_493\Debug\Cm0Start.o
 .data          0x00000000        0x4 .\CortexM0\ARM_GCC_493\Debug\Cm0Start.o
 .bss           0x00000000        0x0 .\CortexM0\ARM_GCC_493\Debug\Cm0Start.o
 .text._exit    0x00000000        0xc .\CortexM0\ARM_GCC_493\Debug\Cm0Start.o
 .text._sbrk    0x00000000       0x30 .\CortexM0\ARM_GCC_493\Debug\Cm0Start.o
 .text          0x00000000        0x0 .\CortexM0\ARM_GCC_493\Debug\start01.a(cyfitter_cfg.o)
 .data          0x00000000        0x0 .\CortexM0\ARM_GCC_493\Debug\start01.a(cyfitter_cfg.o)
 .bss           0x00000000        0x0 .\CortexM0\ARM_GCC_493\Debug\start01.a(cyfitter_cfg.o)
 .text          0x00000000        0x0 .\CortexM0\ARM_GCC_493\Debug\start01.a(CyLib.o)
 .bss           0x00000000       0x18 .\CortexM0\ARM_GCC_493\Debug\start01.a(CyLib.o)
 .text.CySysClkImoStart
                0x00000000       0x14 .\CortexM0\ARM_GCC_493\Debug\start01.a(CyLib.o)
 .text.CySysClkImoStop
                0x00000000       0x10 .\CortexM0\ARM_GCC_493\Debug\start01.a(CyLib.o)
 .text.CySysClkWriteHfclkDirect
                0x00000000       0x20 .\CortexM0\ARM_GCC_493\Debug\start01.a(CyLib.o)
 .text.CySysClkGetSysclkSource
                0x00000000       0x1c .\CortexM0\ARM_GCC_493\Debug\start01.a(CyLib.o)
 .text.CySysClkWriteSysclkDiv
                0x00000000       0x28 .\CortexM0\ARM_GCC_493\Debug\start01.a(CyLib.o)
 .text.CySysLvdDisable
                0x00000000       0x20 .\CortexM0\ARM_GCC_493\Debug\start01.a(CyLib.o)
 .text.CySysLvdGetInterruptSource
                0x00000000       0x10 .\CortexM0\ARM_GCC_493\Debug\start01.a(CyLib.o)
 .text.CySysLvdClearInterrupt
                0x00000000        0xc .\CortexM0\ARM_GCC_493\Debug\start01.a(CyLib.o)
 .text.CySysGetResetReason
                0x00000000       0x14 .\CortexM0\ARM_GCC_493\Debug\start01.a(CyLib.o)
 .text.CyDisableInts
                0x00000000       0x10 .\CortexM0\ARM_GCC_493\Debug\start01.a(CyLib.o)
 .text.CyEnableInts
                0x00000000        0xc .\CortexM0\ARM_GCC_493\Debug\start01.a(CyLib.o)
 .text.CyIntGetState
                0x00000000       0x18 .\CortexM0\ARM_GCC_493\Debug\start01.a(CyLib.o)
 .text.CyIntDisable
                0x00000000       0x14 .\CortexM0\ARM_GCC_493\Debug\start01.a(CyLib.o)
 .text.CyIntSetPending
                0x00000000       0x14 .\CortexM0\ARM_GCC_493\Debug\start01.a(CyLib.o)
 .text.CyIntClearPending
                0x00000000       0x14 .\CortexM0\ARM_GCC_493\Debug\start01.a(CyLib.o)
 .text.CyIntSetSysVector
                0x00000000       0x20 .\CortexM0\ARM_GCC_493\Debug\start01.a(CyLib.o)
 .text.CyIntGetSysVector
                0x00000000       0x1c .\CortexM0\ARM_GCC_493\Debug\start01.a(CyLib.o)
 .text.CyIntGetVector
                0x00000000       0x20 .\CortexM0\ARM_GCC_493\Debug\start01.a(CyLib.o)
 .text.CyIntSetPriority
                0x00000000       0x4c .\CortexM0\ARM_GCC_493\Debug\start01.a(CyLib.o)
 .text.CyIntGetPriority
                0x00000000       0x2c .\CortexM0\ARM_GCC_493\Debug\start01.a(CyLib.o)
 .text.CySoftwareReset
                0x00000000       0x18 .\CortexM0\ARM_GCC_493\Debug\start01.a(CyLib.o)
 .text.CySysLvdEnable
                0x00000000       0x44 .\CortexM0\ARM_GCC_493\Debug\start01.a(CyLib.o)
 .text.CyDelayFreq
                0x00000000       0x4c .\CortexM0\ARM_GCC_493\Debug\start01.a(CyLib.o)
 .text.CySysTickStop
                0x00000000       0x10 .\CortexM0\ARM_GCC_493\Debug\start01.a(CyLib.o)
 .text.CySysTickEnableInterrupt
                0x00000000       0x10 .\CortexM0\ARM_GCC_493\Debug\start01.a(CyLib.o)
 .text.CySysTickEnable
                0x00000000       0x18 .\CortexM0\ARM_GCC_493\Debug\start01.a(CyLib.o)
 .text.CySysTickDisableInterrupt
                0x00000000       0x10 .\CortexM0\ARM_GCC_493\Debug\start01.a(CyLib.o)
 .text.CySysTickSetReload
                0x00000000       0x10 .\CortexM0\ARM_GCC_493\Debug\start01.a(CyLib.o)
 .text.CySysTickGetReload
                0x00000000       0x10 .\CortexM0\ARM_GCC_493\Debug\start01.a(CyLib.o)
 .text.CySysTickGetValue
                0x00000000       0x10 .\CortexM0\ARM_GCC_493\Debug\start01.a(CyLib.o)
 .text.CySysTickGetCountFlag
                0x00000000       0x10 .\CortexM0\ARM_GCC_493\Debug\start01.a(CyLib.o)
 .text.CySysTickServiceCallbacks
                0x00000000       0x28 .\CortexM0\ARM_GCC_493\Debug\start01.a(CyLib.o)
 .text.CySysTickClear
                0x00000000        0xc .\CortexM0\ARM_GCC_493\Debug\start01.a(CyLib.o)
 .text.CySysTickInit
                0x00000000       0x44 .\CortexM0\ARM_GCC_493\Debug\start01.a(CyLib.o)
 .text.CySysTickStart
                0x00000000       0x20 .\CortexM0\ARM_GCC_493\Debug\start01.a(CyLib.o)
 .text.CySysTickSetCallback
                0x00000000       0x10 .\CortexM0\ARM_GCC_493\Debug\start01.a(CyLib.o)
 .text.CySysTickGetCallback
                0x00000000        0xc .\CortexM0\ARM_GCC_493\Debug\start01.a(CyLib.o)
 .text.CyGetUniqueId
                0x00000000       0x70 .\CortexM0\ARM_GCC_493\Debug\start01.a(CyLib.o)
 .text          0x00000000        0x0 .\CortexM0\ARM_GCC_493\Debug\start01.a(CyLFClk.o)
 .text.CySysClkIloEnabled
                0x00000000       0x14 .\CortexM0\ARM_GCC_493\Debug\start01.a(CyLFClk.o)
 .text.CySysClkIloStart
                0x00000000       0x14 .\CortexM0\ARM_GCC_493\Debug\start01.a(CyLFClk.o)
 .text.CySysClkIloStartMeasurement
                0x00000000       0x34 .\CortexM0\ARM_GCC_493\Debug\start01.a(CyLFClk.o)
 .text.CySysClkIloStopMeasurement
                0x00000000       0x14 .\CortexM0\ARM_GCC_493\Debug\start01.a(CyLFClk.o)
 .text.CySysClkIloCompensate
                0x00000000      0x108 .\CortexM0\ARM_GCC_493\Debug\start01.a(CyLFClk.o)
 .text.CySysWdtGetEnabledStatus
                0x00000000       0x24 .\CortexM0\ARM_GCC_493\Debug\start01.a(CyLFClk.o)
 .text.CySysWdtSetMode
                0x00000000       0x38 .\CortexM0\ARM_GCC_493\Debug\start01.a(CyLFClk.o)
 .text.CySysClkLfclkPosedgeRestore
                0x00000000       0x2c .\CortexM0\ARM_GCC_493\Debug\start01.a(CyLFClk.o)
 .text.CySysWdtGetMode
                0x00000000       0x14 .\CortexM0\ARM_GCC_493\Debug\start01.a(CyLFClk.o)
 .text.CySysWdtSetClearOnMatch
                0x00000000       0x38 .\CortexM0\ARM_GCC_493\Debug\start01.a(CyLFClk.o)
 .text.CySysWdtGetClearOnMatch
                0x00000000       0x24 .\CortexM0\ARM_GCC_493\Debug\start01.a(CyLFClk.o)
 .text.CySysWdtEnable
                0x00000000       0x40 .\CortexM0\ARM_GCC_493\Debug\start01.a(CyLFClk.o)
 .text.CySysWdtDisable
                0x00000000       0x44 .\CortexM0\ARM_GCC_493\Debug\start01.a(CyLFClk.o)
 .text.CySysWdtSetCascade
                0x00000000       0x34 .\CortexM0\ARM_GCC_493\Debug\start01.a(CyLFClk.o)
 .text.CySysWdtGetCascade
                0x00000000       0x14 .\CortexM0\ARM_GCC_493\Debug\start01.a(CyLFClk.o)
 .text.CySysWdtSetMatch
                0x00000000       0x3c .\CortexM0\ARM_GCC_493\Debug\start01.a(CyLFClk.o)
 .text.CySysWdtSetToggleBit
                0x00000000       0x2c .\CortexM0\ARM_GCC_493\Debug\start01.a(CyLFClk.o)
 .text.CySysWdtGetToggleBit
                0x00000000       0x10 .\CortexM0\ARM_GCC_493\Debug\start01.a(CyLFClk.o)
 .text.CySysWdtGetMatch
                0x00000000       0x20 .\CortexM0\ARM_GCC_493\Debug\start01.a(CyLFClk.o)
 .text.CySysWdtGetCount
                0x00000000       0x3c .\CortexM0\ARM_GCC_493\Debug\start01.a(CyLFClk.o)
 .text.CySysClkLfclkPosedgeCatch
                0x00000000       0x74 .\CortexM0\ARM_GCC_493\Debug\start01.a(CyLFClk.o)
 .text.CySysClkIloStop
                0x00000000       0x38 .\CortexM0\ARM_GCC_493\Debug\start01.a(CyLFClk.o)
 .text.CySysWdtGetInterruptSource
                0x00000000       0x14 .\CortexM0\ARM_GCC_493\Debug\start01.a(CyLFClk.o)
 .text.CySysWdtResetCounters
                0x00000000       0x20 .\CortexM0\ARM_GCC_493\Debug\start01.a(CyLFClk.o)
 .text.CySysWdtSetInterruptCallback
                0x00000000       0x20 .\CortexM0\ARM_GCC_493\Debug\start01.a(CyLFClk.o)
 .text.CySysWdtGetInterruptCallback
                0x00000000       0x20 .\CortexM0\ARM_GCC_493\Debug\start01.a(CyLFClk.o)
 .text.CySysWdtEnableCounterIsr
                0x00000000       0x34 .\CortexM0\ARM_GCC_493\Debug\start01.a(CyLFClk.o)
 .text.CySysWdtDisableCounterIsr
                0x00000000       0x28 .\CortexM0\ARM_GCC_493\Debug\start01.a(CyLFClk.o)
 .text.CySysWatchdogFeed
                0x00000000       0x60 .\CortexM0\ARM_GCC_493\Debug\start01.a(CyLFClk.o)
 .text.CySysTimerDelayUntilMatch
                0x00000000       0x6c .\CortexM0\ARM_GCC_493\Debug\start01.a(CyLFClk.o)
 .text.CySysTimerDelay
                0x00000000       0x3c .\CortexM0\ARM_GCC_493\Debug\start01.a(CyLFClk.o)
 .rodata        0x00000000        0xc .\CortexM0\ARM_GCC_493\Debug\start01.a(CyLFClk.o)
 .text          0x00000000        0x0 .\CortexM0\ARM_GCC_493\Debug\start01.a(Int_Timer_Led.o)
 .data          0x00000000        0x0 .\CortexM0\ARM_GCC_493\Debug\start01.a(Int_Timer_Led.o)
 .bss           0x00000000        0x0 .\CortexM0\ARM_GCC_493\Debug\start01.a(Int_Timer_Led.o)
 .text.Int_Timer_Led_Interrupt
                0x00000000        0x4 .\CortexM0\ARM_GCC_493\Debug\start01.a(Int_Timer_Led.o)
 .text.Int_Timer_Led_GetVector
                0x00000000        0xc .\CortexM0\ARM_GCC_493\Debug\start01.a(Int_Timer_Led.o)
 .text.Int_Timer_Led_GetPriority
                0x00000000       0x10 .\CortexM0\ARM_GCC_493\Debug\start01.a(Int_Timer_Led.o)
 .text.Int_Timer_Led_GetState
                0x00000000       0x14 .\CortexM0\ARM_GCC_493\Debug\start01.a(Int_Timer_Led.o)
 .text.Int_Timer_Led_Start
                0x00000000       0x1c .\CortexM0\ARM_GCC_493\Debug\start01.a(Int_Timer_Led.o)
 .text.Int_Timer_Led_Stop
                0x00000000       0x14 .\CortexM0\ARM_GCC_493\Debug\start01.a(Int_Timer_Led.o)
 .text.Int_Timer_Led_SetPending
                0x00000000       0x10 .\CortexM0\ARM_GCC_493\Debug\start01.a(Int_Timer_Led.o)
 .text.Int_Timer_Led_ClearPending
                0x00000000       0x10 .\CortexM0\ARM_GCC_493\Debug\start01.a(Int_Timer_Led.o)
 .text          0x00000000        0x0 .\CortexM0\ARM_GCC_493\Debug\start01.a(LED_PIN.o)
 .data          0x00000000        0x0 .\CortexM0\ARM_GCC_493\Debug\start01.a(LED_PIN.o)
 .bss           0x00000000        0x0 .\CortexM0\ARM_GCC_493\Debug\start01.a(LED_PIN.o)
 .text.LED_PIN_SetDriveMode
                0x00000000       0x18 .\CortexM0\ARM_GCC_493\Debug\start01.a(LED_PIN.o)
 .text.LED_PIN_ReadDataReg
                0x00000000       0x10 .\CortexM0\ARM_GCC_493\Debug\start01.a(LED_PIN.o)
 .text.LED_PIN_SetInterruptMode
                0x00000000       0x14 .\CortexM0\ARM_GCC_493\Debug\start01.a(LED_PIN.o)
 .text.LED_PIN_ClearInterrupt
                0x00000000       0x14 .\CortexM0\ARM_GCC_493\Debug\start01.a(LED_PIN.o)
 .text          0x00000000        0x0 .\CortexM0\ARM_GCC_493\Debug\start01.a(Timer_LED.o)
 .data          0x00000000        0x0 .\CortexM0\ARM_GCC_493\Debug\start01.a(Timer_LED.o)
 .bss           0x00000000        0x1 .\CortexM0\ARM_GCC_493\Debug\start01.a(Timer_LED.o)
 .text.Timer_LED_SetMode
                0x00000000       0x28 .\CortexM0\ARM_GCC_493\Debug\start01.a(Timer_LED.o)
 .text.Timer_LED_SetQDMode
                0x00000000       0x28 .\CortexM0\ARM_GCC_493\Debug\start01.a(Timer_LED.o)
 .text.Timer_LED_SetPrescaler
                0x00000000       0x28 .\CortexM0\ARM_GCC_493\Debug\start01.a(Timer_LED.o)
 .text.Timer_LED_SetOneShot
                0x00000000       0x2c .\CortexM0\ARM_GCC_493\Debug\start01.a(Timer_LED.o)
 .text.Timer_LED_SetPWMMode
                0x00000000       0x10 .\CortexM0\ARM_GCC_493\Debug\start01.a(Timer_LED.o)
 .text.Timer_LED_SetPWMSyncKill
                0x00000000       0x28 .\CortexM0\ARM_GCC_493\Debug\start01.a(Timer_LED.o)
 .text.Timer_LED_SetPWMStopOnKill
                0x00000000       0x28 .\CortexM0\ARM_GCC_493\Debug\start01.a(Timer_LED.o)
 .text.Timer_LED_SetPWMDeadTime
                0x00000000       0x2c .\CortexM0\ARM_GCC_493\Debug\start01.a(Timer_LED.o)
 .text.Timer_LED_SetPWMInvert
                0x00000000       0x28 .\CortexM0\ARM_GCC_493\Debug\start01.a(Timer_LED.o)
 .text.Timer_LED_ReadCounter
                0x00000000       0x10 .\CortexM0\ARM_GCC_493\Debug\start01.a(Timer_LED.o)
 .text.Timer_LED_SetCounterMode
                0x00000000       0x28 .\CortexM0\ARM_GCC_493\Debug\start01.a(Timer_LED.o)
 .text.Timer_LED_SetCompareSwap
                0x00000000       0x24 .\CortexM0\ARM_GCC_493\Debug\start01.a(Timer_LED.o)
 .text.Timer_LED_WritePeriodBuf
                0x00000000       0x10 .\CortexM0\ARM_GCC_493\Debug\start01.a(Timer_LED.o)
 .text.Timer_LED_ReadPeriodBuf
                0x00000000       0x10 .\CortexM0\ARM_GCC_493\Debug\start01.a(Timer_LED.o)
 .text.Timer_LED_SetPeriodSwap
                0x00000000       0x28 .\CortexM0\ARM_GCC_493\Debug\start01.a(Timer_LED.o)
 .text.Timer_LED_ReadCompare
                0x00000000       0x10 .\CortexM0\ARM_GCC_493\Debug\start01.a(Timer_LED.o)
 .text.Timer_LED_WriteCompareBuf
                0x00000000       0x10 .\CortexM0\ARM_GCC_493\Debug\start01.a(Timer_LED.o)
 .text.Timer_LED_ReadCompareBuf
                0x00000000       0x10 .\CortexM0\ARM_GCC_493\Debug\start01.a(Timer_LED.o)
 .text.Timer_LED_ReadCapture
                0x00000000       0x10 .\CortexM0\ARM_GCC_493\Debug\start01.a(Timer_LED.o)
 .text.Timer_LED_ReadCaptureBuf
                0x00000000       0x10 .\CortexM0\ARM_GCC_493\Debug\start01.a(Timer_LED.o)
 .text.Timer_LED_SetCaptureMode
                0x00000000       0x24 .\CortexM0\ARM_GCC_493\Debug\start01.a(Timer_LED.o)
 .text.Timer_LED_SetReloadMode
                0x00000000       0x24 .\CortexM0\ARM_GCC_493\Debug\start01.a(Timer_LED.o)
 .text.Timer_LED_SetStartMode
                0x00000000       0x28 .\CortexM0\ARM_GCC_493\Debug\start01.a(Timer_LED.o)
 .text.Timer_LED_SetStopMode
                0x00000000       0x24 .\CortexM0\ARM_GCC_493\Debug\start01.a(Timer_LED.o)
 .text.Timer_LED_SetCountMode
                0x00000000       0x24 .\CortexM0\ARM_GCC_493\Debug\start01.a(Timer_LED.o)
 .text.Timer_LED_ReadStatus
                0x00000000       0x14 .\CortexM0\ARM_GCC_493\Debug\start01.a(Timer_LED.o)
 .text.Timer_LED_Start
                0x00000000       0x20 .\CortexM0\ARM_GCC_493\Debug\start01.a(Timer_LED.o)
 .text.Timer_LED_GetInterruptSourceMasked
                0x00000000        0xc .\CortexM0\ARM_GCC_493\Debug\start01.a(Timer_LED.o)
 .text.Timer_LED_GetInterruptSource
                0x00000000        0xc .\CortexM0\ARM_GCC_493\Debug\start01.a(Timer_LED.o)
 .text.Timer_LED_SetInterrupt
                0x00000000        0xc .\CortexM0\ARM_GCC_493\Debug\start01.a(Timer_LED.o)
 .text          0x00000000        0x0 .\CortexM0\ARM_GCC_493\Debug\start01.a(LCD.o)
 .data          0x00000000        0x0 .\CortexM0\ARM_GCC_493\Debug\start01.a(LCD.o)
 .text.LCD_PutChar
                0x00000000        0x8 .\CortexM0\ARM_GCC_493\Debug\start01.a(LCD.o)
 .text.LCD_Stop
                0x00000000       0x14 .\CortexM0\ARM_GCC_493\Debug\start01.a(LCD.o)
 .text.LCD_PrintInt8
                0x00000000       0x20 .\CortexM0\ARM_GCC_493\Debug\start01.a(LCD.o)
 .text.LCD_PrintInt16
                0x00000000       0x14 .\CortexM0\ARM_GCC_493\Debug\start01.a(LCD.o)
 .text.LCD_PrintInt32
                0x00000000       0x1c .\CortexM0\ARM_GCC_493\Debug\start01.a(LCD.o)
 .text.LCD_PrintU32Number
                0x00000000       0x48 .\CortexM0\ARM_GCC_493\Debug\start01.a(LCD.o)
 .rodata        0x00000000       0x10 .\CortexM0\ARM_GCC_493\Debug\start01.a(LCD.o)
 .text          0x00000000        0x0 .\CortexM0\ARM_GCC_493\Debug\start01.a(RTC.o)
 .data          0x00000000        0x0 .\CortexM0\ARM_GCC_493\Debug\start01.a(RTC.o)
 .text.RTC_Stop
                0x00000000        0x4 .\CortexM0\ARM_GCC_493\Debug\start01.a(RTC.o)
 .text.RTC_GetUnixTime
                0x00000000        0xc .\CortexM0\ARM_GCC_493\Debug\start01.a(RTC.o)
 .text.RTC_SetPeriod
                0x00000000        0xc .\CortexM0\ARM_GCC_493\Debug\start01.a(RTC.o)
 .text.RTC_GetPeriod
                0x00000000        0xc .\CortexM0\ARM_GCC_493\Debug\start01.a(RTC.o)
 .text.RTC_GetRefOneSec
                0x00000000        0xc .\CortexM0\ARM_GCC_493\Debug\start01.a(RTC.o)
 .text.RTC_ConvertBCDToDec
                0x00000000       0x24 .\CortexM0\ARM_GCC_493\Debug\start01.a(RTC.o)
 .text.RTC_ConvertDecToBCD
                0x00000000       0x2c .\CortexM0\ARM_GCC_493\Debug\start01.a(RTC.o)
 .text.RTC_Update
                0x00000000       0x38 .\CortexM0\ARM_GCC_493\Debug\start01.a(RTC.o)
 .text.RTC_DaysInMonth
                0x00000000       0x44 .\CortexM0\ARM_GCC_493\Debug\start01.a(RTC.o)
 .text.RTC_UnixToDateTime
                0x00000000      0x294 .\CortexM0\ARM_GCC_493\Debug\start01.a(RTC.o)
 .text.RTC_SetUnixTime
                0x00000000       0x20 .\CortexM0\ARM_GCC_493\Debug\start01.a(RTC.o)
 .text.RTC_GetDateAndTime
                0x00000000       0x28 .\CortexM0\ARM_GCC_493\Debug\start01.a(RTC.o)
 .text.RTC_ReadStatus
                0x00000000       0xa8 .\CortexM0\ARM_GCC_493\Debug\start01.a(RTC.o)
 .text.RTC_GetTime
                0x00000000       0x34 .\CortexM0\ARM_GCC_493\Debug\start01.a(RTC.o)
 .text.RTC_GetDate
                0x00000000       0x34 .\CortexM0\ARM_GCC_493\Debug\start01.a(RTC.o)
 .text.RTC_RelativeToFixed
                0x00000000      0x118 .\CortexM0\ARM_GCC_493\Debug\start01.a(RTC.o)
 .text.RTC_DaysBeforeMonth
                0x00000000       0x48 .\CortexM0\ARM_GCC_493\Debug\start01.a(RTC.o)
 .text          0x00000000        0x0 .\CortexM0\ARM_GCC_493\Debug\start01.a(GatePin.o)
 .data          0x00000000        0x0 .\CortexM0\ARM_GCC_493\Debug\start01.a(GatePin.o)
 .bss           0x00000000        0x0 .\CortexM0\ARM_GCC_493\Debug\start01.a(GatePin.o)
 .text.GatePin_SetDriveMode
                0x00000000       0x18 .\CortexM0\ARM_GCC_493\Debug\start01.a(GatePin.o)
 .text.GatePin_Write
                0x00000000       0x18 .\CortexM0\ARM_GCC_493\Debug\start01.a(GatePin.o)
 .text.GatePin_ReadDataReg
                0x00000000       0x10 .\CortexM0\ARM_GCC_493\Debug\start01.a(GatePin.o)
 .text.GatePin_SetInterruptMode
                0x00000000       0x14 .\CortexM0\ARM_GCC_493\Debug\start01.a(GatePin.o)
 .text.GatePin_ClearInterrupt
                0x00000000       0x14 .\CortexM0\ARM_GCC_493\Debug\start01.a(GatePin.o)
 .text          0x00000000        0x0 .\CortexM0\ARM_GCC_493\Debug\start01.a(UART_XB_SPI_UART.o)
 .data          0x00000000        0x0 .\CortexM0\ARM_GCC_493\Debug\start01.a(UART_XB_SPI_UART.o)
 .bss           0x00000000        0x0 .\CortexM0\ARM_GCC_493\Debug\start01.a(UART_XB_SPI_UART.o)
 .text.UART_XB_SpiUartReadRxData
                0x00000000        0xc .\CortexM0\ARM_GCC_493\Debug\start01.a(UART_XB_SPI_UART.o)
 .text.UART_XB_SpiUartGetRxBufferSize
                0x00000000       0x10 .\CortexM0\ARM_GCC_493\Debug\start01.a(UART_XB_SPI_UART.o)
 .text.UART_XB_SpiUartClearRxBuffer
                0x00000000       0x20 .\CortexM0\ARM_GCC_493\Debug\start01.a(UART_XB_SPI_UART.o)
 .text.UART_XB_SpiUartWriteTxData
                0x00000000       0x1c .\CortexM0\ARM_GCC_493\Debug\start01.a(UART_XB_SPI_UART.o)
 .text.UART_XB_SpiUartPutArray
                0x00000000       0x18 .\CortexM0\ARM_GCC_493\Debug\start01.a(UART_XB_SPI_UART.o)
 .text.UART_XB_SpiUartGetTxBufferSize
                0x00000000       0x10 .\CortexM0\ARM_GCC_493\Debug\start01.a(UART_XB_SPI_UART.o)
 .text.UART_XB_SpiUartClearTxBuffer
                0x00000000       0x20 .\CortexM0\ARM_GCC_493\Debug\start01.a(UART_XB_SPI_UART.o)
 .text.UART_XB_SpiUartDisableIntRx
                0x00000000       0x10 .\CortexM0\ARM_GCC_493\Debug\start01.a(UART_XB_SPI_UART.o)
 .text.UART_XB_SpiUartDisableIntTx
                0x00000000       0x10 .\CortexM0\ARM_GCC_493\Debug\start01.a(UART_XB_SPI_UART.o)
 .text          0x00000000        0x0 .\CortexM0\ARM_GCC_493\Debug\start01.a(UART_XB_UART.o)
 .data          0x00000000        0x0 .\CortexM0\ARM_GCC_493\Debug\start01.a(UART_XB_UART.o)
 .bss           0x00000000        0x0 .\CortexM0\ARM_GCC_493\Debug\start01.a(UART_XB_UART.o)
 .text.UART_XB_UartInit
                0x00000000       0x98 .\CortexM0\ARM_GCC_493\Debug\start01.a(UART_XB_UART.o)
 .text.UART_XB_UartPostEnable
                0x00000000       0x24 .\CortexM0\ARM_GCC_493\Debug\start01.a(UART_XB_UART.o)
 .text.UART_XB_UartStop
                0x00000000       0x28 .\CortexM0\ARM_GCC_493\Debug\start01.a(UART_XB_UART.o)
 .text.UART_XB_UartSetRxAddress
                0x00000000       0x14 .\CortexM0\ARM_GCC_493\Debug\start01.a(UART_XB_UART.o)
 .text.UART_XB_UartSetRxAddressMask
                0x00000000       0x18 .\CortexM0\ARM_GCC_493\Debug\start01.a(UART_XB_UART.o)
 .text.UART_XB_UartGetChar
                0x00000000       0x2c .\CortexM0\ARM_GCC_493\Debug\start01.a(UART_XB_UART.o)
 .text.UART_XB_UartGetByte
                0x00000000       0x30 .\CortexM0\ARM_GCC_493\Debug\start01.a(UART_XB_UART.o)
 .text.UART_XB_UartPutString
                0x00000000       0x18 .\CortexM0\ARM_GCC_493\Debug\start01.a(UART_XB_UART.o)
 .text.UART_XB_UartPutCRLF
                0x00000000       0x14 .\CortexM0\ARM_GCC_493\Debug\start01.a(UART_XB_UART.o)
 .data          0x00000000        0x0 .\CortexM0\ARM_GCC_493\Debug\start01.a(CyBootAsmGnu.o)
 .bss           0x00000000        0x0 .\CortexM0\ARM_GCC_493\Debug\start01.a(CyBootAsmGnu.o)
 .text          0x00000000        0x0 .\CortexM0\ARM_GCC_493\Debug\start01.a(UART_XB.o)
 .data          0x00000000        0x0 .\CortexM0\ARM_GCC_493\Debug\start01.a(UART_XB.o)
 .bss           0x00000000        0x4 .\CortexM0\ARM_GCC_493\Debug\start01.a(UART_XB.o)
 .text.UART_XB_ScbModePostEnable
                0x00000000        0x8 .\CortexM0\ARM_GCC_493\Debug\start01.a(UART_XB.o)
 .text.UART_XB_ScbModeStop
                0x00000000        0x8 .\CortexM0\ARM_GCC_493\Debug\start01.a(UART_XB.o)
 .text.UART_XB_Init
                0x00000000        0x8 .\CortexM0\ARM_GCC_493\Debug\start01.a(UART_XB.o)
 .text.UART_XB_Enable
                0x00000000       0x18 .\CortexM0\ARM_GCC_493\Debug\start01.a(UART_XB.o)
 .text.UART_XB_Start
                0x00000000       0x20 .\CortexM0\ARM_GCC_493\Debug\start01.a(UART_XB.o)
 .text.UART_XB_Stop
                0x00000000       0x20 .\CortexM0\ARM_GCC_493\Debug\start01.a(UART_XB.o)
 .text.UART_XB_SetRxFifoLevel
                0x00000000       0x14 .\CortexM0\ARM_GCC_493\Debug\start01.a(UART_XB.o)
 .text.UART_XB_SetTxFifoLevel
                0x00000000       0x14 .\CortexM0\ARM_GCC_493\Debug\start01.a(UART_XB.o)
 .text.UART_XB_I2CSlaveNackGeneration
                0x00000000       0x3c .\CortexM0\ARM_GCC_493\Debug\start01.a(UART_XB.o)
 .data          0x00000000        0x0 c:/program files (x86)/cypress/psoc creator/3.3/psoc creator/import/gnu/arm/4.9.3/bin/../lib/gcc/arm-none-eabi/4.9.3/armv6-m\libgcc.a(_udivsi3.o)
 .bss           0x00000000        0x0 c:/program files (x86)/cypress/psoc creator/3.3/psoc creator/import/gnu/arm/4.9.3/bin/../lib/gcc/arm-none-eabi/4.9.3/armv6-m\libgcc.a(_udivsi3.o)
 .data          0x00000000        0x0 c:/program files (x86)/cypress/psoc creator/3.3/psoc creator/import/gnu/arm/4.9.3/bin/../lib/gcc/arm-none-eabi/4.9.3/armv6-m\libgcc.a(_dvmd_tls.o)
 .bss           0x00000000        0x0 c:/program files (x86)/cypress/psoc creator/3.3/psoc creator/import/gnu/arm/4.9.3/bin/../lib/gcc/arm-none-eabi/4.9.3/armv6-m\libgcc.a(_dvmd_tls.o)
 .text          0x00000000       0x40 c:/program files (x86)/cypress/psoc creator/3.3/psoc creator/import/gnu/arm/4.9.3/bin/../lib/gcc/arm-none-eabi/4.9.3/armv6-m\libgcc.a(_aeabi_uldivmod.o)
 .data          0x00000000        0x0 c:/program files (x86)/cypress/psoc creator/3.3/psoc creator/import/gnu/arm/4.9.3/bin/../lib/gcc/arm-none-eabi/4.9.3/armv6-m\libgcc.a(_aeabi_uldivmod.o)
 .bss           0x00000000        0x0 c:/program files (x86)/cypress/psoc creator/3.3/psoc creator/import/gnu/arm/4.9.3/bin/../lib/gcc/arm-none-eabi/4.9.3/armv6-m\libgcc.a(_aeabi_uldivmod.o)
 .text          0x00000000       0x6c c:/program files (x86)/cypress/psoc creator/3.3/psoc creator/import/gnu/arm/4.9.3/bin/../lib/gcc/arm-none-eabi/4.9.3/armv6-m\libgcc.a(bpabi.o)
 .data          0x00000000        0x0 c:/program files (x86)/cypress/psoc creator/3.3/psoc creator/import/gnu/arm/4.9.3/bin/../lib/gcc/arm-none-eabi/4.9.3/armv6-m\libgcc.a(bpabi.o)
 .bss           0x00000000        0x0 c:/program files (x86)/cypress/psoc creator/3.3/psoc creator/import/gnu/arm/4.9.3/bin/../lib/gcc/arm-none-eabi/4.9.3/armv6-m\libgcc.a(bpabi.o)
 .text          0x00000000       0x54 c:/program files (x86)/cypress/psoc creator/3.3/psoc creator/import/gnu/arm/4.9.3/bin/../lib/gcc/arm-none-eabi/4.9.3/armv6-m\libgcc.a(_muldi3.o)
 .data          0x00000000        0x0 c:/program files (x86)/cypress/psoc creator/3.3/psoc creator/import/gnu/arm/4.9.3/bin/../lib/gcc/arm-none-eabi/4.9.3/armv6-m\libgcc.a(_muldi3.o)
 .bss           0x00000000        0x0 c:/program files (x86)/cypress/psoc creator/3.3/psoc creator/import/gnu/arm/4.9.3/bin/../lib/gcc/arm-none-eabi/4.9.3/armv6-m\libgcc.a(_muldi3.o)
 .text          0x00000000      0x1f0 c:/program files (x86)/cypress/psoc creator/3.3/psoc creator/import/gnu/arm/4.9.3/bin/../lib/gcc/arm-none-eabi/4.9.3/armv6-m\libgcc.a(_divdi3.o)
 .data          0x00000000        0x0 c:/program files (x86)/cypress/psoc creator/3.3/psoc creator/import/gnu/arm/4.9.3/bin/../lib/gcc/arm-none-eabi/4.9.3/armv6-m\libgcc.a(_divdi3.o)
 .bss           0x00000000        0x0 c:/program files (x86)/cypress/psoc creator/3.3/psoc creator/import/gnu/arm/4.9.3/bin/../lib/gcc/arm-none-eabi/4.9.3/armv6-m\libgcc.a(_divdi3.o)
 .ARM.extab     0x00000000        0x0 c:/program files (x86)/cypress/psoc creator/3.3/psoc creator/import/gnu/arm/4.9.3/bin/../lib/gcc/arm-none-eabi/4.9.3/armv6-m\libgcc.a(_divdi3.o)
 .ARM.exidx     0x00000000        0x8 c:/program files (x86)/cypress/psoc creator/3.3/psoc creator/import/gnu/arm/4.9.3/bin/../lib/gcc/arm-none-eabi/4.9.3/armv6-m\libgcc.a(_divdi3.o)
 .text          0x00000000      0x158 c:/program files (x86)/cypress/psoc creator/3.3/psoc creator/import/gnu/arm/4.9.3/bin/../lib/gcc/arm-none-eabi/4.9.3/armv6-m\libgcc.a(_udivdi3.o)
 .data          0x00000000        0x0 c:/program files (x86)/cypress/psoc creator/3.3/psoc creator/import/gnu/arm/4.9.3/bin/../lib/gcc/arm-none-eabi/4.9.3/armv6-m\libgcc.a(_udivdi3.o)
 .bss           0x00000000        0x0 c:/program files (x86)/cypress/psoc creator/3.3/psoc creator/import/gnu/arm/4.9.3/bin/../lib/gcc/arm-none-eabi/4.9.3/armv6-m\libgcc.a(_udivdi3.o)
 .ARM.extab     0x00000000        0x0 c:/program files (x86)/cypress/psoc creator/3.3/psoc creator/import/gnu/arm/4.9.3/bin/../lib/gcc/arm-none-eabi/4.9.3/armv6-m\libgcc.a(_udivdi3.o)
 .ARM.exidx     0x00000000        0x8 c:/program files (x86)/cypress/psoc creator/3.3/psoc creator/import/gnu/arm/4.9.3/bin/../lib/gcc/arm-none-eabi/4.9.3/armv6-m\libgcc.a(_udivdi3.o)
 .text          0x00000000       0x18 c:/program files (x86)/cypress/psoc creator/3.3/psoc creator/import/gnu/arm/4.9.3/bin/../lib/gcc/arm-none-eabi/4.9.3/armv6-m\libgcc.a(_clzdi2.o)
 .data          0x00000000        0x0 c:/program files (x86)/cypress/psoc creator/3.3/psoc creator/import/gnu/arm/4.9.3/bin/../lib/gcc/arm-none-eabi/4.9.3/armv6-m\libgcc.a(_clzdi2.o)
 .bss           0x00000000        0x0 c:/program files (x86)/cypress/psoc creator/3.3/psoc creator/import/gnu/arm/4.9.3/bin/../lib/gcc/arm-none-eabi/4.9.3/armv6-m\libgcc.a(_clzdi2.o)
 .text          0x00000000       0x3c c:/program files (x86)/cypress/psoc creator/3.3/psoc creator/import/gnu/arm/4.9.3/bin/../lib/gcc/arm-none-eabi/4.9.3/armv6-m\libgcc.a(_clzsi2.o)
 .data          0x00000000        0x0 c:/program files (x86)/cypress/psoc creator/3.3/psoc creator/import/gnu/arm/4.9.3/bin/../lib/gcc/arm-none-eabi/4.9.3/armv6-m\libgcc.a(_clzsi2.o)
 .bss           0x00000000        0x0 c:/program files (x86)/cypress/psoc creator/3.3/psoc creator/import/gnu/arm/4.9.3/bin/../lib/gcc/arm-none-eabi/4.9.3/armv6-m\libgcc.a(_clzsi2.o)
 .text          0x00000000        0x0 c:/program files (x86)/cypress/psoc creator/3.3/psoc creator/import/gnu/arm/4.9.3/bin/../lib/gcc/arm-none-eabi/4.9.3/../../../../arm-none-eabi/lib/armv6-m\libg_nano.a(lib_a-errno.o)
 .data          0x00000000        0x0 c:/program files (x86)/cypress/psoc creator/3.3/psoc creator/import/gnu/arm/4.9.3/bin/../lib/gcc/arm-none-eabi/4.9.3/../../../../arm-none-eabi/lib/armv6-m\libg_nano.a(lib_a-errno.o)
 .bss           0x00000000        0x0 c:/program files (x86)/cypress/psoc creator/3.3/psoc creator/import/gnu/arm/4.9.3/bin/../lib/gcc/arm-none-eabi/4.9.3/../../../../arm-none-eabi/lib/armv6-m\libg_nano.a(lib_a-errno.o)
 .text.__errno  0x00000000        0xc c:/program files (x86)/cypress/psoc creator/3.3/psoc creator/import/gnu/arm/4.9.3/bin/../lib/gcc/arm-none-eabi/4.9.3/../../../../arm-none-eabi/lib/armv6-m\libg_nano.a(lib_a-errno.o)
 .text          0x00000000        0x0 c:/program files (x86)/cypress/psoc creator/3.3/psoc creator/import/gnu/arm/4.9.3/bin/../lib/gcc/arm-none-eabi/4.9.3/../../../../arm-none-eabi/lib/armv6-m\libg_nano.a(lib_a-exit.o)
 .data          0x00000000        0x0 c:/program files (x86)/cypress/psoc creator/3.3/psoc creator/import/gnu/arm/4.9.3/bin/../lib/gcc/arm-none-eabi/4.9.3/../../../../arm-none-eabi/lib/armv6-m\libg_nano.a(lib_a-exit.o)
 .bss           0x00000000        0x0 c:/program files (x86)/cypress/psoc creator/3.3/psoc creator/import/gnu/arm/4.9.3/bin/../lib/gcc/arm-none-eabi/4.9.3/../../../../arm-none-eabi/lib/armv6-m\libg_nano.a(lib_a-exit.o)
 .text.exit     0x00000000       0x2c c:/program files (x86)/cypress/psoc creator/3.3/psoc creator/import/gnu/arm/4.9.3/bin/../lib/gcc/arm-none-eabi/4.9.3/../../../../arm-none-eabi/lib/armv6-m\libg_nano.a(lib_a-exit.o)
 .text          0x00000000        0x0 c:/program files (x86)/cypress/psoc creator/3.3/psoc creator/import/gnu/arm/4.9.3/bin/../lib/gcc/arm-none-eabi/4.9.3/../../../../arm-none-eabi/lib/armv6-m\libg_nano.a(lib_a-impure.o)
 .data          0x00000000        0x0 c:/program files (x86)/cypress/psoc creator/3.3/psoc creator/import/gnu/arm/4.9.3/bin/../lib/gcc/arm-none-eabi/4.9.3/../../../../arm-none-eabi/lib/armv6-m\libg_nano.a(lib_a-impure.o)
 .bss           0x00000000        0x0 c:/program files (x86)/cypress/psoc creator/3.3/psoc creator/import/gnu/arm/4.9.3/bin/../lib/gcc/arm-none-eabi/4.9.3/../../../../arm-none-eabi/lib/armv6-m\libg_nano.a(lib_a-impure.o)
 .data.impure_data
                0x00000000       0x60 c:/program files (x86)/cypress/psoc creator/3.3/psoc creator/import/gnu/arm/4.9.3/bin/../lib/gcc/arm-none-eabi/4.9.3/../../../../arm-none-eabi/lib/armv6-m\libg_nano.a(lib_a-impure.o)
 .data._impure_ptr
                0x00000000        0x4 c:/program files (x86)/cypress/psoc creator/3.3/psoc creator/import/gnu/arm/4.9.3/bin/../lib/gcc/arm-none-eabi/4.9.3/../../../../arm-none-eabi/lib/armv6-m\libg_nano.a(lib_a-impure.o)
 .rodata.str1.1
                0x00000000        0x2 c:/program files (x86)/cypress/psoc creator/3.3/psoc creator/import/gnu/arm/4.9.3/bin/../lib/gcc/arm-none-eabi/4.9.3/../../../../arm-none-eabi/lib/armv6-m\libg_nano.a(lib_a-impure.o)
 .rodata._global_impure_ptr
                0x00000000        0x4 c:/program files (x86)/cypress/psoc creator/3.3/psoc creator/import/gnu/arm/4.9.3/bin/../lib/gcc/arm-none-eabi/4.9.3/../../../../arm-none-eabi/lib/armv6-m\libg_nano.a(lib_a-impure.o)
 .text          0x00000000        0x0 c:/program files (x86)/cypress/psoc creator/3.3/psoc creator/import/gnu/arm/4.9.3/bin/../lib/gcc/arm-none-eabi/4.9.3/../../../../arm-none-eabi/lib/armv6-m\libg_nano.a(lib_a-init.o)
 .data          0x00000000        0x0 c:/program files (x86)/cypress/psoc creator/3.3/psoc creator/import/gnu/arm/4.9.3/bin/../lib/gcc/arm-none-eabi/4.9.3/../../../../arm-none-eabi/lib/armv6-m\libg_nano.a(lib_a-init.o)
 .bss           0x00000000        0x0 c:/program files (x86)/cypress/psoc creator/3.3/psoc creator/import/gnu/arm/4.9.3/bin/../lib/gcc/arm-none-eabi/4.9.3/../../../../arm-none-eabi/lib/armv6-m\libg_nano.a(lib_a-init.o)
 .text          0x00000000        0x0 c:/program files (x86)/cypress/psoc creator/3.3/psoc creator/import/gnu/arm/4.9.3/bin/../lib/gcc/arm-none-eabi/4.9.3/../../../../arm-none-eabi/lib/armv6-m\libg_nano.a(lib_a-memset.o)
 .data          0x00000000        0x0 c:/program files (x86)/cypress/psoc creator/3.3/psoc creator/import/gnu/arm/4.9.3/bin/../lib/gcc/arm-none-eabi/4.9.3/../../../../arm-none-eabi/lib/armv6-m\libg_nano.a(lib_a-memset.o)
 .bss           0x00000000        0x0 c:/program files (x86)/cypress/psoc creator/3.3/psoc creator/import/gnu/arm/4.9.3/bin/../lib/gcc/arm-none-eabi/4.9.3/../../../../arm-none-eabi/lib/armv6-m\libg_nano.a(lib_a-memset.o)
 .text          0x00000000        0x0 c:/program files (x86)/cypress/psoc creator/3.3/psoc creator/import/gnu/arm/4.9.3/bin/../lib/gcc/arm-none-eabi/4.9.3/armv6-m/crtend.o
 .data          0x00000000        0x0 c:/program files (x86)/cypress/psoc creator/3.3/psoc creator/import/gnu/arm/4.9.3/bin/../lib/gcc/arm-none-eabi/4.9.3/armv6-m/crtend.o
 .bss           0x00000000        0x0 c:/program files (x86)/cypress/psoc creator/3.3/psoc creator/import/gnu/arm/4.9.3/bin/../lib/gcc/arm-none-eabi/4.9.3/armv6-m/crtend.o
 .text          0x00000000        0x0 c:/program files (x86)/cypress/psoc creator/3.3/psoc creator/import/gnu/arm/4.9.3/bin/../lib/gcc/arm-none-eabi/4.9.3/armv6-m/crtn.o
 .data          0x00000000        0x0 c:/program files (x86)/cypress/psoc creator/3.3/psoc creator/import/gnu/arm/4.9.3/bin/../lib/gcc/arm-none-eabi/4.9.3/armv6-m/crtn.o
 .bss           0x00000000        0x0 c:/program files (x86)/cypress/psoc creator/3.3/psoc creator/import/gnu/arm/4.9.3/bin/../lib/gcc/arm-none-eabi/4.9.3/armv6-m/crtn.o

Memory Configuration

Name             Origin             Length             Attributes
rom              0x00000000         0x00008000         xr
ram              0x20000000         0x00001000         xrw
*default*        0x00000000         0xffffffff

Linker script and memory map

LOAD c:/program files (x86)/cypress/psoc creator/3.3/psoc creator/import/gnu/arm/4.9.3/bin/../lib/gcc/arm-none-eabi/4.9.3/armv6-m/crti.o
LOAD c:/program files (x86)/cypress/psoc creator/3.3/psoc creator/import/gnu/arm/4.9.3/bin/../lib/gcc/arm-none-eabi/4.9.3/armv6-m/crtbegin.o
LOAD c:/program files (x86)/cypress/psoc creator/3.3/psoc creator/import/gnu/arm/4.9.3/bin/../lib/gcc/arm-none-eabi/4.9.3/../../../../arm-none-eabi/lib/armv6-m/crt0.o
START GROUP
LOAD .\CortexM0\ARM_GCC_493\Debug\main.o
LOAD .\CortexM0\ARM_GCC_493\Debug\LED.o
LOAD .\CortexM0\ARM_GCC_493\Debug\display.o
LOAD .\CortexM0\ARM_GCC_493\Debug\RTC_WDT.o
LOAD .\CortexM0\ARM_GCC_493\Debug\gate.o
LOAD .\CortexM0\ARM_GCC_493\Debug\network.o
LOAD .\CortexM0\ARM_GCC_493\Debug\cymetadata.o
LOAD .\CortexM0\ARM_GCC_493\Debug\Cm0Start.o
LOAD .\CortexM0\ARM_GCC_493\Debug\start01.a
LOAD C:\Program Files (x86)\Cypress\PSoC Creator\3.3\PSoC Creator\psoc\content\cycomponentlibrary\CyComponentLibrary.cylib\CortexM0\ARM_GCC_493\Debug\CyComponentLibrary.a
END GROUP
START GROUP
LOAD c:/program files (x86)/cypress/psoc creator/3.3/psoc creator/import/gnu/arm/4.9.3/bin/../lib/gcc/arm-none-eabi/4.9.3/armv6-m\libgcc.a
LOAD c:/program files (x86)/cypress/psoc creator/3.3/psoc creator/import/gnu/arm/4.9.3/bin/../lib/gcc/arm-none-eabi/4.9.3/../../../../arm-none-eabi/lib/armv6-m\libg_nano.a
LOAD c:/program files (x86)/cypress/psoc creator/3.3/psoc creator/import/gnu/arm/4.9.3/bin/../lib/gcc/arm-none-eabi/4.9.3/../../../../arm-none-eabi/lib/armv6-m\libc_nano.a
END GROUP
START GROUP
LOAD c:/program files (x86)/cypress/psoc creator/3.3/psoc creator/import/gnu/arm/4.9.3/bin/../lib/gcc/arm-none-eabi/4.9.3/armv6-m\libgcc.a
LOAD c:/program files (x86)/cypress/psoc creator/3.3/psoc creator/import/gnu/arm/4.9.3/bin/../lib/gcc/arm-none-eabi/4.9.3/../../../../arm-none-eabi/lib/armv6-m\libc_nano.a
END GROUP
LOAD c:/program files (x86)/cypress/psoc creator/3.3/psoc creator/import/gnu/arm/4.9.3/bin/../lib/gcc/arm-none-eabi/4.9.3/armv6-m/crtend.o
LOAD c:/program files (x86)/cypress/psoc creator/3.3/psoc creator/import/gnu/arm/4.9.3/bin/../lib/gcc/arm-none-eabi/4.9.3/armv6-m/crtn.o
START GROUP
LOAD c:/program files (x86)/cypress/psoc creator/3.3/psoc creator/import/gnu/arm/4.9.3/bin/../lib/gcc/arm-none-eabi/4.9.3/armv6-m\libgcc.a
LOAD c:/program files (x86)/cypress/psoc creator/3.3/psoc creator/import/gnu/arm/4.9.3/bin/../lib/gcc/arm-none-eabi/4.9.3/../../../../arm-none-eabi/lib/armv6-m\libc.a
LOAD c:/program files (x86)/cypress/psoc creator/3.3/psoc creator/import/gnu/arm/4.9.3/bin/../lib/gcc/arm-none-eabi/4.9.3/../../../../arm-none-eabi/lib/armv6-m\libnosys.a
END GROUP
                0x00000000                CY_APPL_ORIGIN = 0x0
                0x00000080                CY_FLASH_ROW_SIZE = 0x80
                0x00000001                CY_APPL_NUM = 0x1
                0x00000001                CY_APPL_MAX = 0x1
                0x00000040                CY_METADATA_SIZE = 0x40
                0x00000000                CY_APPL_LOADABLE = 0x0
                0x00000000                CY_CHECKSUM_EXCLUDE_SIZE = ALIGN (0x0, CY_FLASH_ROW_SIZE)
                0x00000000                CY_APP_FOR_STACK_AND_COPIER = 0x0
                0x20000160                PROVIDE (__cy_heap_start, _end)
                0x00000001                PROVIDE (__cy_region_num, ((__cy_regions_end - __cy_regions) / 0x10))
                0x20001000                PROVIDE (__cy_stack, (ORIGIN (ram) + 0x1000))
                0x20000c00                PROVIDE (__cy_heap_end, (__cy_stack - 0x400))

.cybootloader   0x00000000        0x0
 *(.cybootloader)
                0x00000000                appl1_start = CY_APPL_ORIGIN?CY_APPL_ORIGIN:ALIGN (CY_FLASH_ROW_SIZE)
                0x00003f80                appl2_start = (appl1_start + ALIGN ((((0x8000 - appl1_start) - (0x2 * CY_FLASH_ROW_SIZE)) / 0x2), CY_FLASH_ROW_SIZE))
                0x00000000                appl_start = (CY_APPL_NUM == 0x1)?appl1_start:appl2_start
                0x00000001                cy_project_type_bootloader = (appl_start == 0x0)?0x1:0x0
                0x00000000                cy_project_type_app_for_stack_and_copier = (CY_APP_FOR_STACK_AND_COPIER == 0x1)?0x1:0x0

.text           0x00000000      0xf20
 CREATE_OBJECT_SYMBOLS
                0x00000000                PROVIDE (__cy_interrupt_vector, RomVectors)
 *(.romvectors)
 .romvectors    0x00000000       0x10 .\CortexM0\ARM_GCC_493\Debug\Cm0Start.o
                0x00000000                RomVectors
                0x00000001                ASSERT ((. != __cy_interrupt_vector), No interrupt vector)
                0x00000001                ASSERT (CY_APPL_ORIGIN?(SIZEOF (.cybootloader) <= CY_APPL_ORIGIN):0x1, Wrong image location)
                0x00000010                PROVIDE (__cy_reset, Reset)
 *(.text.Reset)
 .text.Reset    0x00000010        0x8 .\CortexM0\ARM_GCC_493\Debug\Cm0Start.o
                0x00000010                Reset
                0x00000001                ASSERT ((. != __cy_reset), No reset code)
 *(.psocinit)
 .psocinit      0x00000018      0x170 .\CortexM0\ARM_GCC_493\Debug\start01.a(cyfitter_cfg.o)
                0x000000a8                cyfitter_cfg
                0x00000188                . = MAX (., 0x100)
 *(.text .text.* .gnu.linkonce.t.*)
 .text          0x00000188       0x60 c:/program files (x86)/cypress/psoc creator/3.3/psoc creator/import/gnu/arm/4.9.3/bin/../lib/gcc/arm-none-eabi/4.9.3/armv6-m/crtbegin.o
 .text.SystemInit
                0x000001e8       0x18 .\CortexM0\ARM_GCC_493\Debug\main.o
                0x000001e8                SystemInit
 .text.SystemReadyToStart
                0x00000200       0x14 .\CortexM0\ARM_GCC_493\Debug\main.o
                0x00000200                SystemReadyToStart
 .text.SkierStart
                0x00000214       0x14 .\CortexM0\ARM_GCC_493\Debug\main.o
                0x00000214                SkierStart
 .text.ErrorStarted
                0x00000228       0x14 .\CortexM0\ARM_GCC_493\Debug\main.o
                0x00000228                ErrorStarted
 .text.main     0x0000023c       0x1c .\CortexM0\ARM_GCC_493\Debug\main.o
                0x0000023c                main
 .text.LedHandler
                0x00000258       0x18 .\CortexM0\ARM_GCC_493\Debug\LED.o
                0x00000258                LedHandler
 .text.LedInit  0x00000270       0x24 .\CortexM0\ARM_GCC_493\Debug\LED.o
                0x00000270                LedInit
 .text.LedBlink
                0x00000294       0x1c .\CortexM0\ARM_GCC_493\Debug\LED.o
                0x00000294                LedBlink
 .text.SetLedState
                0x000002b0       0x10 .\CortexM0\ARM_GCC_493\Debug\LED.o
                0x000002b0                SetLedState
 .text.DisplayConfig
                0x000002c0        0x8 .\CortexM0\ARM_GCC_493\Debug\display.o
                0x000002c0                DisplayConfig
 .text.DisplayPrintf
                0x000002c8       0x20 .\CortexM0\ARM_GCC_493\Debug\display.o
                0x000002c8                DisplayPrintf
 .text.RTC_WDT_Init
                0x000002e8        0x8 .\CortexM0\ARM_GCC_493\Debug\RTC_WDT.o
                0x000002e8                RTC_WDT_Init
 .text.GateOpen
                0x000002f0       0x14 .\CortexM0\ARM_GCC_493\Debug\gate.o
                0x000002f0                GateOpen
 .text.IntDefaultHandler
                0x00000304        0x4 .\CortexM0\ARM_GCC_493\Debug\Cm0Start.o
                0x00000304                IntDefaultHandler
 .text.Start_c  0x00000308       0x48 .\CortexM0\ARM_GCC_493\Debug\Cm0Start.o
                0x00000308                Start_c
 .text.initialize_psoc
                0x00000350       0x48 .\CortexM0\ARM_GCC_493\Debug\Cm0Start.o
                0x00000350                initialize_psoc
 .text.CYMEMZERO
                0x00000398        0xc .\CortexM0\ARM_GCC_493\Debug\start01.a(cyfitter_cfg.o)
 .text.CyIntEnable
                0x000003a4       0x14 .\CortexM0\ARM_GCC_493\Debug\start01.a(CyLib.o)
                0x000003a4                CyIntEnable
 .text.CyHalt   0x000003b8        0x4 .\CortexM0\ARM_GCC_493\Debug\start01.a(CyLib.o)
                0x000003b8                CyHalt
 .text.CyIntSetVector
                0x000003bc       0x24 .\CortexM0\ARM_GCC_493\Debug\start01.a(CyLib.o)
                0x000003bc                CyIntSetVector
 .text.CyDelay  0x000003e0       0x30 .\CortexM0\ARM_GCC_493\Debug\start01.a(CyLib.o)
                0x000003e0                CyDelay
 .text.CyDelayUs
                0x00000410       0x14 .\CortexM0\ARM_GCC_493\Debug\start01.a(CyLib.o)
                0x00000410                CyDelayUs
 .text.CySysClkWriteImoFreq
                0x00000424      0x164 .\CortexM0\ARM_GCC_493\Debug\start01.a(CyLib.o)
                0x00000424                CySysClkWriteImoFreq
 .text.CySysWdtLocked
                0x00000588       0x14 .\CortexM0\ARM_GCC_493\Debug\start01.a(CyLFClk.o)
 .text.CySysWdtLock
                0x0000059c       0x1c .\CortexM0\ARM_GCC_493\Debug\start01.a(CyLFClk.o)
                0x0000059c                CySysWdtLock
 .text.CySysWdtUnlock
                0x000005b8       0x30 .\CortexM0\ARM_GCC_493\Debug\start01.a(CyLFClk.o)
                0x000005b8                CySysWdtUnlock
 .text.CySysWdtClearInterrupt
                0x000005e8       0x4c .\CortexM0\ARM_GCC_493\Debug\start01.a(CyLFClk.o)
                0x000005e8                CySysWdtClearInterrupt
 .text.CySysWdtIsr
                0x00000634       0xa4 .\CortexM0\ARM_GCC_493\Debug\start01.a(CyLFClk.o)
                0x00000634                CySysWdtIsr
 .text.Int_Timer_Led_SetVector
                0x000006d8        0xc .\CortexM0\ARM_GCC_493\Debug\start01.a(Int_Timer_Led.o)
                0x000006d8                Int_Timer_Led_SetVector
 .text.Int_Timer_Led_SetPriority
                0x000006e4       0x20 .\CortexM0\ARM_GCC_493\Debug\start01.a(Int_Timer_Led.o)
                0x000006e4                Int_Timer_Led_SetPriority
 .text.Int_Timer_Led_Enable
                0x00000704       0x10 .\CortexM0\ARM_GCC_493\Debug\start01.a(Int_Timer_Led.o)
                0x00000704                Int_Timer_Led_Enable
 .text.Int_Timer_Led_Disable
                0x00000714       0x10 .\CortexM0\ARM_GCC_493\Debug\start01.a(Int_Timer_Led.o)
                0x00000714                Int_Timer_Led_Disable
 .text.Int_Timer_Led_StartEx
                0x00000724       0x1c .\CortexM0\ARM_GCC_493\Debug\start01.a(Int_Timer_Led.o)
                0x00000724                Int_Timer_Led_StartEx
 .text.LED_PIN_Write
                0x00000740       0x18 .\CortexM0\ARM_GCC_493\Debug\start01.a(LED_PIN.o)
                0x00000740                LED_PIN_Write
 .text.LED_PIN_Read
                0x00000758       0x10 .\CortexM0\ARM_GCC_493\Debug\start01.a(LED_PIN.o)
                0x00000758                LED_PIN_Read
 .text.Timer_LED_Stop
                0x00000768       0x1c .\CortexM0\ARM_GCC_493\Debug\start01.a(Timer_LED.o)
                0x00000768                Timer_LED_Stop
 .text.Timer_LED_WriteCounter
                0x00000784       0x10 .\CortexM0\ARM_GCC_493\Debug\start01.a(Timer_LED.o)
                0x00000784                Timer_LED_WriteCounter
 .text.Timer_LED_WritePeriod
                0x00000794       0x10 .\CortexM0\ARM_GCC_493\Debug\start01.a(Timer_LED.o)
                0x00000794                Timer_LED_WritePeriod
 .text.Timer_LED_ReadPeriod
                0x000007a4       0x10 .\CortexM0\ARM_GCC_493\Debug\start01.a(Timer_LED.o)
                0x000007a4                Timer_LED_ReadPeriod
 .text.Timer_LED_WriteCompare
                0x000007b4       0x10 .\CortexM0\ARM_GCC_493\Debug\start01.a(Timer_LED.o)
                0x000007b4                Timer_LED_WriteCompare
 .text.Timer_LED_TriggerCommand
                0x000007c4       0x1c .\CortexM0\ARM_GCC_493\Debug\start01.a(Timer_LED.o)
                0x000007c4                Timer_LED_TriggerCommand
 .text.Timer_LED_Enable
                0x000007e0       0x24 .\CortexM0\ARM_GCC_493\Debug\start01.a(Timer_LED.o)
                0x000007e0                Timer_LED_Enable
 .text.Timer_LED_SetInterruptMode
                0x00000804        0xc .\CortexM0\ARM_GCC_493\Debug\start01.a(Timer_LED.o)
                0x00000804                Timer_LED_SetInterruptMode
 .text.Timer_LED_Init
                0x00000810       0x38 .\CortexM0\ARM_GCC_493\Debug\start01.a(Timer_LED.o)
                0x00000810                Timer_LED_Init
 .text.Timer_LED_ClearInterrupt
                0x00000848        0xc .\CortexM0\ARM_GCC_493\Debug\start01.a(Timer_LED.o)
                0x00000848                Timer_LED_ClearInterrupt
 .text.LCD_WrCntrlNib
                0x00000854       0x34 .\CortexM0\ARM_GCC_493\Debug\start01.a(LCD.o)
 .text.LCD_WrDatNib
                0x00000888       0x44 .\CortexM0\ARM_GCC_493\Debug\start01.a(LCD.o)
 .text.LCD_IsReady
                0x000008cc       0xb4 .\CortexM0\ARM_GCC_493\Debug\start01.a(LCD.o)
                0x000008cc                LCD_IsReady
 .text.LCD_WriteData
                0x00000980       0x18 .\CortexM0\ARM_GCC_493\Debug\start01.a(LCD.o)
                0x00000980                LCD_WriteData
 .text.LCD_PrintString
                0x00000998       0x1c .\CortexM0\ARM_GCC_493\Debug\start01.a(LCD.o)
                0x00000998                LCD_PrintString
 .text.LCD_WriteControl
                0x000009b4       0x18 .\CortexM0\ARM_GCC_493\Debug\start01.a(LCD.o)
                0x000009b4                LCD_WriteControl
 .text.LCD_Init
                0x000009cc       0x6c .\CortexM0\ARM_GCC_493\Debug\start01.a(LCD.o)
                0x000009cc                LCD_Init
 .text.LCD_Enable
                0x00000a38       0x14 .\CortexM0\ARM_GCC_493\Debug\start01.a(LCD.o)
                0x00000a38                LCD_Enable
 .text.LCD_Start
                0x00000a4c       0x20 .\CortexM0\ARM_GCC_493\Debug\start01.a(LCD.o)
                0x00000a4c                LCD_Start
 .text.LCD_Position
                0x00000a6c       0x3c .\CortexM0\ARM_GCC_493\Debug\start01.a(LCD.o)
                0x00000a6c                LCD_Position
 .text.RTC_DateTimeToUnix
                0x00000aa8      0x1b0 .\CortexM0\ARM_GCC_493\Debug\start01.a(RTC.o)
                0x00000aa8                RTC_DateTimeToUnix
 .text.RTC_SetDateAndTime
                0x00000c58       0xbc .\CortexM0\ARM_GCC_493\Debug\start01.a(RTC.o)
                0x00000c58                RTC_SetDateAndTime
 .text.RTC_Init
                0x00000d14       0x40 .\CortexM0\ARM_GCC_493\Debug\start01.a(RTC.o)
                0x00000d14                RTC_Init
 .text.RTC_Start
                0x00000d54       0x14 .\CortexM0\ARM_GCC_493\Debug\start01.a(RTC.o)
                0x00000d54                RTC_Start
 .text.GatePin_Read
                0x00000d68       0x10 .\CortexM0\ARM_GCC_493\Debug\start01.a(GatePin.o)
                0x00000d68                GatePin_Read
 .text          0x00000d78       0x28 .\CortexM0\ARM_GCC_493\Debug\start01.a(CyBootAsmGnu.o)
                0x00000d78                CyDelayCycles
                0x00000d8c                CyEnterCriticalSection
                0x00000d94                CyExitCriticalSection
 .text          0x00000da0      0x120 c:/program files (x86)/cypress/psoc creator/3.3/psoc creator/import/gnu/arm/4.9.3/bin/../lib/gcc/arm-none-eabi/4.9.3/armv6-m\libgcc.a(_udivsi3.o)
                0x00000da0                __aeabi_uidiv
                0x00000da0                __udivsi3
                0x00000eac                __aeabi_uidivmod
 .text          0x00000ec0        0x4 c:/program files (x86)/cypress/psoc creator/3.3/psoc creator/import/gnu/arm/4.9.3/bin/../lib/gcc/arm-none-eabi/4.9.3/armv6-m\libgcc.a(_dvmd_tls.o)
                0x00000ec0                __aeabi_idiv0
                0x00000ec0                __aeabi_ldiv0
 .text.__libc_init_array
                0x00000ec4       0x4c c:/program files (x86)/cypress/psoc creator/3.3/psoc creator/import/gnu/arm/4.9.3/bin/../lib/gcc/arm-none-eabi/4.9.3/../../../../arm-none-eabi/lib/armv6-m\libg_nano.a(lib_a-init.o)
                0x00000ec4                __libc_init_array
 .text.memset   0x00000f10       0x10 c:/program files (x86)/cypress/psoc creator/3.3/psoc creator/import/gnu/arm/4.9.3/bin/../lib/gcc/arm-none-eabi/4.9.3/../../../../arm-none-eabi/lib/armv6-m\libg_nano.a(lib_a-memset.o)
                0x00000f10                memset
 *(.plt)
 *(.gnu.warning)
 *(.glue_7t)
 .glue_7t       0x00000000        0x0 linker stubs
 *(.glue_7)
 .glue_7        0x00000000        0x0 linker stubs
 *(.vfp11_veneer)
 .vfp11_veneer  0x00000000        0x0 linker stubs
 *(.bootloader)
 *(.ARM.extab* .gnu.linkonce.armextab.*)
 *(.gcc_except_table)

.v4_bx          0x00000f20        0x0
 .v4_bx         0x00000000        0x0 linker stubs

.iplt           0x00000f20        0x0
 .iplt          0x00000000        0x0 c:/program files (x86)/cypress/psoc creator/3.3/psoc creator/import/gnu/arm/4.9.3/bin/../lib/gcc/arm-none-eabi/4.9.3/armv6-m/crtbegin.o

.eh_frame_hdr
 *(.eh_frame_hdr)

.eh_frame       0x00000f20        0x4
 *(.eh_frame)
 .eh_frame      0x00000f20        0x0 c:/program files (x86)/cypress/psoc creator/3.3/psoc creator/import/gnu/arm/4.9.3/bin/../lib/gcc/arm-none-eabi/4.9.3/armv6-m/crtbegin.o
 .eh_frame      0x00000f20        0x4 c:/program files (x86)/cypress/psoc creator/3.3/psoc creator/import/gnu/arm/4.9.3/bin/../lib/gcc/arm-none-eabi/4.9.3/armv6-m/crtend.o
                0x00000f24                PROVIDE (__exidx_start, .)

.ARM.exidx
 *(.ARM.exidx* .gnu.linkonce.armexidx.*)
                0x00000f24                __exidx_end = .

.rodata         0x00000f24       0xc4
 *(.rodata .rodata.* .gnu.linkonce.r.*)
 .rodata.str1.4
                0x00000f24       0x1e .\CortexM0\ARM_GCC_493\Debug\main.o
                                 0x20 (size before relaxing)
 *fill*         0x00000f42        0x2 
 .rodata.str1.4
                0x00000f44        0xc .\CortexM0\ARM_GCC_493\Debug\display.o
 .rodata        0x00000f50        0xc .\CortexM0\ARM_GCC_493\Debug\start01.a(cyfitter_cfg.o)
 .rodata        0x00000f5c       0x30 .\CortexM0\ARM_GCC_493\Debug\start01.a(CyLib.o)
                0x00000f5c                cyImoFreqMhz2Reg
 .rodata        0x00000f8c       0x24 .\CortexM0\ARM_GCC_493\Debug\start01.a(RTC.o)
                0x00000f8c                RTC_daysBeforeMonthTbl
                0x00000fa4                RTC_daysInMonthTbl
                0x00000fb0                . = ALIGN (0x4)
 *(.init)
 .init          0x00000fb0        0x4 c:/program files (x86)/cypress/psoc creator/3.3/psoc creator/import/gnu/arm/4.9.3/bin/../lib/gcc/arm-none-eabi/4.9.3/armv6-m/crti.o
                0x00000fb0                _init
 .init          0x00000fb4        0x8 c:/program files (x86)/cypress/psoc creator/3.3/psoc creator/import/gnu/arm/4.9.3/bin/../lib/gcc/arm-none-eabi/4.9.3/armv6-m/crtn.o
                0x00000fbc                . = ALIGN (0x4)
                0x00000fbc                __preinit_array_start = .
 *(.preinit_array)
                0x00000fbc                __preinit_array_end = .
                0x00000fbc                . = ALIGN (0x4)
                0x00000fbc                __init_array_start = .
 *(SORT(.init_array.*))
 *(.init_array)
 .init_array    0x00000fbc        0x4 c:/program files (x86)/cypress/psoc creator/3.3/psoc creator/import/gnu/arm/4.9.3/bin/../lib/gcc/arm-none-eabi/4.9.3/armv6-m/crtbegin.o
 .init_array    0x00000fc0        0x4 .\CortexM0\ARM_GCC_493\Debug\Cm0Start.o
                0x00000fc4                __init_array_end = .
                0x00000fc4                . = ALIGN (0x4)
 *(.fini)
 .fini          0x00000fc4        0x4 c:/program files (x86)/cypress/psoc creator/3.3/psoc creator/import/gnu/arm/4.9.3/bin/../lib/gcc/arm-none-eabi/4.9.3/armv6-m/crti.o
                0x00000fc4                _fini
 .fini          0x00000fc8        0x8 c:/program files (x86)/cypress/psoc creator/3.3/psoc creator/import/gnu/arm/4.9.3/bin/../lib/gcc/arm-none-eabi/4.9.3/armv6-m/crtn.o
                0x00000fd0                . = ALIGN (0x4)
                0x00000fd0                __fini_array_start = .
 *(.fini_array)
 .fini_array    0x00000fd0        0x4 c:/program files (x86)/cypress/psoc creator/3.3/psoc creator/import/gnu/arm/4.9.3/bin/../lib/gcc/arm-none-eabi/4.9.3/armv6-m/crtbegin.o
 *(SORT(.fini_array.*))
                0x00000fd4                __fini_array_end = .
                0x00000fd4                . = ALIGN (0x4)
 *crtbegin.o(.ctors)
 *(EXCLUDE_FILE(*crtend.o) .ctors)
 *(SORT(.ctors.*))
 *crtend.o(.ctors)
                0x00000fd4                . = ALIGN (0x4)
 *crtbegin.o(.dtors)
 *(EXCLUDE_FILE(*crtend.o) .dtors)
 *(SORT(.dtors.*))
 *crtend.o(.dtors)
                0x00000fd4                . = ALIGN (0x4)
                0x00000fd4                __cy_regions = .
                0x00000fd4        0x4 LONG 0xfe8 __cy_region_init_ram
                0x00000fd8        0x4 LONG 0x200000c8 __cy_region_start_data
                0x00000fdc        0x4 LONG 0x18 __cy_region_init_size_ram
                0x00000fe0        0x4 LONG 0x80 __cy_region_zero_size_ram
                0x00000fe4                __cy_regions_end = .
                0x00000fe8                . = ALIGN (0x8)
 *fill*         0x00000fe4        0x4 
                0x00000fe8                _etext = .

.cy_checksum_exclude
                0x00000fe8        0x0
 *(.cy_checksum_exclude)

.ramvectors     0x20000000       0xc0
                0x20000000                __cy_region_start_ram = .
 *(.ramvectors)
 .ramvectors    0x20000000       0xc0 .\CortexM0\ARM_GCC_493\Debug\Cm0Start.o
                0x20000000                CyRamVectors

.noinit         0x200000c0        0x4
 *(.noinit)
 .noinit        0x200000c0        0x4 .\CortexM0\ARM_GCC_493\Debug\Cm0Start.o

.data           0x200000c8       0x18 load address 0x00000fe8
                0x200000c8                __cy_region_start_data = .
 *(.jcr)
 .jcr           0x200000c8        0x0 c:/program files (x86)/cypress/psoc creator/3.3/psoc creator/import/gnu/arm/4.9.3/bin/../lib/gcc/arm-none-eabi/4.9.3/armv6-m/crtbegin.o
 .jcr           0x200000c8        0x4 c:/program files (x86)/cypress/psoc creator/3.3/psoc creator/import/gnu/arm/4.9.3/bin/../lib/gcc/arm-none-eabi/4.9.3/armv6-m/crtend.o
 *(.got.plt)
 *(.got)
 *(.shdata)
 *(.data .data.* .gnu.linkonce.d.*)
 .data          0x200000cc       0x10 .\CortexM0\ARM_GCC_493\Debug\start01.a(CyLib.o)
                0x200000cc                cydelay32kMs
                0x200000d0                cydelayFreqKhz
                0x200000d4                cydelayFreqMhz
                0x200000d8                cydelayFreqHz
 .data          0x200000dc        0x4 .\CortexM0\ARM_GCC_493\Debug\start01.a(CyLFClk.o)
                0x200000e0                . = ALIGN (0x8)
 *(.ram)
                0x200000e0                _edata = .

.igot.plt       0x200000e0        0x0 load address 0x00001000
 .igot.plt      0x00000000        0x0 c:/program files (x86)/cypress/psoc creator/3.3/psoc creator/import/gnu/arm/4.9.3/bin/../lib/gcc/arm-none-eabi/4.9.3/armv6-m/crtbegin.o

.bss            0x200000e0       0x80 load address 0x00001000
                0x200000e0                PROVIDE (__bss_start__, .)
 *(.shbss)
 *(.bss .bss.* .gnu.linkonce.b.*)
 .bss           0x200000e0       0x1c c:/program files (x86)/cypress/psoc creator/3.3/psoc creator/import/gnu/arm/4.9.3/bin/../lib/gcc/arm-none-eabi/4.9.3/armv6-m/crtbegin.o
 .bss           0x200000fc       0x20 .\CortexM0\ARM_GCC_493\Debug\start01.a(CyLFClk.o)
 .bss           0x2000011c        0x2 .\CortexM0\ARM_GCC_493\Debug\start01.a(LCD.o)
                0x2000011c                LCD_enableState
                0x2000011d                LCD_initVar
 *fill*         0x2000011e        0x2 
 .bss           0x20000120       0x10 .\CortexM0\ARM_GCC_493\Debug\start01.a(RTC.o)
 *(COMMON)
 COMMON         0x20000130        0x1 .\CortexM0\ARM_GCC_493\Debug\LED.o
                0x20000130                LED_InitValue
 *fill*         0x20000131        0x7 
 COMMON         0x20000138       0x28 .\CortexM0\ARM_GCC_493\Debug\start01.a(RTC.o)
                0x20000138                RTC_initVar
                0x2000013c                RTC_currentTimeDate
                0x2000014c                RTC_alarmCurStatus
                0x20000150                RTC_dstStatus
                0x20000158                RTC_unixTime
                0x20000160                . = ALIGN (0x8)
 *(.ram.b)
                0x20000160                _end = .
                0x20000160                __end = .
                0x20000160                PROVIDE (end, .)
                0x20000160                PROVIDE (__bss_end__, .)
                0x00000fe8                __cy_region_init_ram = LOADADDR (.data)
                0x00000018                __cy_region_init_size_ram = (_edata - ADDR (.data))
                0x00000080                __cy_region_zero_size_ram = (_end - _edata)

.heap           0x20000160       0x80 load address 0x00001000
                0x20000160                . = _end
                0x200001e0                . = (. + 0x80)
 *fill*         0x20000160       0x80 
                0x200001e0                __cy_heap_limit = .

.stack          0x20000c00      0x400
                0x20000c00                __cy_stack_limit = .
                0x20001000                . = (. + 0x400)
 *fill*         0x20000c00      0x400 
                0x00000001                ASSERT ((__cy_stack_limit >= __cy_heap_limit), region RAM overflowed with stack)
                0x00000000                cy_checksum_exclude_size = (CY_APPL_LOADABLE == 0x1)?SIZEOF (.cy_checksum_exclude):0x0
                0x00000001                ASSERT ((cy_checksum_exclude_size <= CY_CHECKSUM_EXCLUDE_SIZE), CY_BOOT: Section .cy_checksum_exclude size exceedes specified limit.)
                0x00007fc0                cyloadermeta_start = (cy_project_type_bootloader || cy_project_type_app_for_stack_and_copier)?(0x8000 - CY_METADATA_SIZE):0xf0000000

.cyloadermeta
 *(.cyloadermeta)
                0x00007fc0                cyloadablemeta_start = cy_project_type_app_for_stack_and_copier?((0x8000 - CY_FLASH_ROW_SIZE) - CY_METADATA_SIZE):((0x8000 - (CY_FLASH_ROW_SIZE * (CY_APPL_NUM - 0x1))) - CY_METADATA_SIZE)

.cyloadablemeta
 *(.cyloadablemeta)

.cyflashprotect
                0x90400000       0x20
 *(.cyflashprotect)
 .cyflashprotect
                0x90400000       0x20 .\CortexM0\ARM_GCC_493\Debug\cymetadata.o
                0x90400000                cy_meta_flashprotect

.cymeta         0x90500000        0xc
 *(.cymeta)
 .cymeta        0x90500000        0xc .\CortexM0\ARM_GCC_493\Debug\cymetadata.o
                0x90500000                cy_metadata

.cychipprotect  0x90600000        0x4
 *(.cychipprotect)
 .cychipprotect
                0x90600000        0x4 .\CortexM0\ARM_GCC_493\Debug\cymetadata.o
                0x90600000                cy_meta_chipprotect

.rel.dyn        0x00001000        0x0 load address 0x90600004
 .rel.iplt      0x00000000        0x0 c:/program files (x86)/cypress/psoc creator/3.3/psoc creator/import/gnu/arm/4.9.3/bin/../lib/gcc/arm-none-eabi/4.9.3/armv6-m/crtbegin.o

.stab
 *(.stab)

.stabstr
 *(.stabstr)

.debug
 *(.debug)

.line
 *(.line)

.debug_srcinfo
 *(.debug_srcinfo)

.debug_sfnames
 *(.debug_sfnames)

.debug_aranges  0x00000000      0x960
 *(.debug_aranges)
 .debug_aranges
                0x00000000       0x40 .\CortexM0\ARM_GCC_493\Debug\main.o
 .debug_aranges
                0x00000040       0x40 .\CortexM0\ARM_GCC_493\Debug\LED.o
 .debug_aranges
                0x00000080       0x28 .\CortexM0\ARM_GCC_493\Debug\display.o
 .debug_aranges
                0x000000a8       0x30 .\CortexM0\ARM_GCC_493\Debug\RTC_WDT.o
 .debug_aranges
                0x000000d8       0x20 .\CortexM0\ARM_GCC_493\Debug\gate.o
 .debug_aranges
                0x000000f8       0x28 .\CortexM0\ARM_GCC_493\Debug\network.o
 .debug_aranges
                0x00000120       0x18 .\CortexM0\ARM_GCC_493\Debug\cymetadata.o
 .debug_aranges
                0x00000138       0x48 .\CortexM0\ARM_GCC_493\Debug\Cm0Start.o
 .debug_aranges
                0x00000180       0x30 .\CortexM0\ARM_GCC_493\Debug\start01.a(cyfitter_cfg.o)
 .debug_aranges
                0x000001b0      0x178 .\CortexM0\ARM_GCC_493\Debug\start01.a(CyLib.o)
 .debug_aranges
                0x00000328      0x138 .\CortexM0\ARM_GCC_493\Debug\start01.a(CyLFClk.o)
 .debug_aranges
                0x00000460       0x80 .\CortexM0\ARM_GCC_493\Debug\start01.a(Int_Timer_Led.o)
 .debug_aranges
                0x000004e0       0x48 .\CortexM0\ARM_GCC_493\Debug\start01.a(LED_PIN.o)
 .debug_aranges
                0x00000528      0x158 .\CortexM0\ARM_GCC_493\Debug\start01.a(Timer_LED.o)
 .debug_aranges
                0x00000680       0x98 .\CortexM0\ARM_GCC_493\Debug\start01.a(LCD.o)
 .debug_aranges
                0x00000718       0xc0 .\CortexM0\ARM_GCC_493\Debug\start01.a(RTC.o)
 .debug_aranges
                0x000007d8       0x48 .\CortexM0\ARM_GCC_493\Debug\start01.a(GatePin.o)
 .debug_aranges
                0x00000820       0x60 .\CortexM0\ARM_GCC_493\Debug\start01.a(UART_XB_SPI_UART.o)
 .debug_aranges
                0x00000880       0x60 .\CortexM0\ARM_GCC_493\Debug\start01.a(UART_XB_UART.o)
 .debug_aranges
                0x000008e0       0x20 .\CortexM0\ARM_GCC_493\Debug\start01.a(CyBootAsmGnu.o)
 .debug_aranges
                0x00000900       0x60 .\CortexM0\ARM_GCC_493\Debug\start01.a(UART_XB.o)

.debug_pubnames
 *(.debug_pubnames)

.debug_info     0x00000000     0x5674
 *(.debug_info .gnu.linkonce.wi.*)
 .debug_info    0x00000000      0x263 .\CortexM0\ARM_GCC_493\Debug\main.o
 .debug_info    0x00000263      0x294 .\CortexM0\ARM_GCC_493\Debug\LED.o
 .debug_info    0x000004f7      0x162 .\CortexM0\ARM_GCC_493\Debug\display.o
 .debug_info    0x00000659      0x116 .\CortexM0\ARM_GCC_493\Debug\RTC_WDT.o
 .debug_info    0x0000076f       0xc9 .\CortexM0\ARM_GCC_493\Debug\gate.o
 .debug_info    0x00000838      0x166 .\CortexM0\ARM_GCC_493\Debug\network.o
 .debug_info    0x0000099e       0xfe .\CortexM0\ARM_GCC_493\Debug\cymetadata.o
 .debug_info    0x00000a9c      0x38c .\CortexM0\ARM_GCC_493\Debug\Cm0Start.o
 .debug_info    0x00000e28      0x293 .\CortexM0\ARM_GCC_493\Debug\start01.a(cyfitter_cfg.o)
 .debug_info    0x000010bb      0xad1 .\CortexM0\ARM_GCC_493\Debug\start01.a(CyLib.o)
 .debug_info    0x00001b8c      0xcfc .\CortexM0\ARM_GCC_493\Debug\start01.a(CyLFClk.o)
 .debug_info    0x00002888      0x300 .\CortexM0\ARM_GCC_493\Debug\start01.a(Int_Timer_Led.o)
 .debug_info    0x00002b88      0x19d .\CortexM0\ARM_GCC_493\Debug\start01.a(LED_PIN.o)
 .debug_info    0x00002d25      0x904 .\CortexM0\ARM_GCC_493\Debug\start01.a(Timer_LED.o)
 .debug_info    0x00003629      0x722 .\CortexM0\ARM_GCC_493\Debug\start01.a(LCD.o)
 .debug_info    0x00003d4b      0xfd0 .\CortexM0\ARM_GCC_493\Debug\start01.a(RTC.o)
 .debug_info    0x00004d1b      0x19d .\CortexM0\ARM_GCC_493\Debug\start01.a(GatePin.o)
 .debug_info    0x00004eb8      0x219 .\CortexM0\ARM_GCC_493\Debug\start01.a(UART_XB_SPI_UART.o)
 .debug_info    0x000050d1      0x2c4 .\CortexM0\ARM_GCC_493\Debug\start01.a(UART_XB_UART.o)
 .debug_info    0x00005395       0xa6 .\CortexM0\ARM_GCC_493\Debug\start01.a(CyBootAsmGnu.o)
 .debug_info    0x0000543b      0x239 .\CortexM0\ARM_GCC_493\Debug\start01.a(UART_XB.o)

.debug_abbrev   0x00000000     0x19cc
 *(.debug_abbrev)
 .debug_abbrev  0x00000000      0x140 .\CortexM0\ARM_GCC_493\Debug\main.o
 .debug_abbrev  0x00000140      0x14c .\CortexM0\ARM_GCC_493\Debug\LED.o
 .debug_abbrev  0x0000028c       0xca .\CortexM0\ARM_GCC_493\Debug\display.o
 .debug_abbrev  0x00000356       0xac .\CortexM0\ARM_GCC_493\Debug\RTC_WDT.o
 .debug_abbrev  0x00000402       0x71 .\CortexM0\ARM_GCC_493\Debug\gate.o
 .debug_abbrev  0x00000473       0xe9 .\CortexM0\ARM_GCC_493\Debug\network.o
 .debug_abbrev  0x0000055c       0x5d .\CortexM0\ARM_GCC_493\Debug\cymetadata.o
 .debug_abbrev  0x000005b9      0x1fe .\CortexM0\ARM_GCC_493\Debug\Cm0Start.o
 .debug_abbrev  0x000007b7      0x18c .\CortexM0\ARM_GCC_493\Debug\start01.a(cyfitter_cfg.o)
 .debug_abbrev  0x00000943      0x20d .\CortexM0\ARM_GCC_493\Debug\start01.a(CyLib.o)
 .debug_abbrev  0x00000b50      0x23b .\CortexM0\ARM_GCC_493\Debug\start01.a(CyLFClk.o)
 .debug_abbrev  0x00000d8b      0x1b4 .\CortexM0\ARM_GCC_493\Debug\start01.a(Int_Timer_Led.o)
 .debug_abbrev  0x00000f3f       0xc8 .\CortexM0\ARM_GCC_493\Debug\start01.a(LED_PIN.o)
 .debug_abbrev  0x00001007      0x133 .\CortexM0\ARM_GCC_493\Debug\start01.a(Timer_LED.o)
 .debug_abbrev  0x0000113a      0x18b .\CortexM0\ARM_GCC_493\Debug\start01.a(LCD.o)
 .debug_abbrev  0x000012c5      0x2b2 .\CortexM0\ARM_GCC_493\Debug\start01.a(RTC.o)
 .debug_abbrev  0x00001577       0xc8 .\CortexM0\ARM_GCC_493\Debug\start01.a(GatePin.o)
 .debug_abbrev  0x0000163f      0x14f .\CortexM0\ARM_GCC_493\Debug\start01.a(UART_XB_SPI_UART.o)
 .debug_abbrev  0x0000178e      0x13d .\CortexM0\ARM_GCC_493\Debug\start01.a(UART_XB_UART.o)
 .debug_abbrev  0x000018cb       0x14 .\CortexM0\ARM_GCC_493\Debug\start01.a(CyBootAsmGnu.o)
 .debug_abbrev  0x000018df       0xed .\CortexM0\ARM_GCC_493\Debug\start01.a(UART_XB.o)

.debug_line     0x00000000     0x2538
 *(.debug_line)
 .debug_line    0x00000000      0x1ba .\CortexM0\ARM_GCC_493\Debug\main.o
 .debug_line    0x000001ba      0x1d1 .\CortexM0\ARM_GCC_493\Debug\LED.o
 .debug_line    0x0000038b       0x7d .\CortexM0\ARM_GCC_493\Debug\display.o
 .debug_line    0x00000408      0x175 .\CortexM0\ARM_GCC_493\Debug\RTC_WDT.o
 .debug_line    0x0000057d       0x6d .\CortexM0\ARM_GCC_493\Debug\gate.o
 .debug_line    0x000005ea      0x19f .\CortexM0\ARM_GCC_493\Debug\network.o
 .debug_line    0x00000789       0x53 .\CortexM0\ARM_GCC_493\Debug\cymetadata.o
 .debug_line    0x000007dc      0x248 .\CortexM0\ARM_GCC_493\Debug\Cm0Start.o
 .debug_line    0x00000a24      0x13b .\CortexM0\ARM_GCC_493\Debug\start01.a(cyfitter_cfg.o)
 .debug_line    0x00000b5f      0x44b .\CortexM0\ARM_GCC_493\Debug\start01.a(CyLib.o)
 .debug_line    0x00000faa      0x469 .\CortexM0\ARM_GCC_493\Debug\start01.a(CyLFClk.o)
 .debug_line    0x00001413      0x172 .\CortexM0\ARM_GCC_493\Debug\start01.a(Int_Timer_Led.o)
 .debug_line    0x00001585       0xc1 .\CortexM0\ARM_GCC_493\Debug\start01.a(LED_PIN.o)
 .debug_line    0x00001646      0x380 .\CortexM0\ARM_GCC_493\Debug\start01.a(Timer_LED.o)
 .debug_line    0x000019c6      0x1e8 .\CortexM0\ARM_GCC_493\Debug\start01.a(LCD.o)
 .debug_line    0x00001bae      0x474 .\CortexM0\ARM_GCC_493\Debug\start01.a(RTC.o)
 .debug_line    0x00002022       0xc1 .\CortexM0\ARM_GCC_493\Debug\start01.a(GatePin.o)
 .debug_line    0x000020e3      0x136 .\CortexM0\ARM_GCC_493\Debug\start01.a(UART_XB_SPI_UART.o)
 .debug_line    0x00002219      0x16e .\CortexM0\ARM_GCC_493\Debug\start01.a(UART_XB_UART.o)
 .debug_line    0x00002387       0x6b .\CortexM0\ARM_GCC_493\Debug\start01.a(CyBootAsmGnu.o)
 .debug_line    0x000023f2      0x146 .\CortexM0\ARM_GCC_493\Debug\start01.a(UART_XB.o)

.debug_frame    0x00000000     0x18dc
 *(.debug_frame)
 .debug_frame   0x00000000       0x9c .\CortexM0\ARM_GCC_493\Debug\main.o
 .debug_frame   0x0000009c       0x90 .\CortexM0\ARM_GCC_493\Debug\LED.o
 .debug_frame   0x0000012c       0x48 .\CortexM0\ARM_GCC_493\Debug\display.o
 .debug_frame   0x00000174       0x4c .\CortexM0\ARM_GCC_493\Debug\RTC_WDT.o
 .debug_frame   0x000001c0       0x2c .\CortexM0\ARM_GCC_493\Debug\gate.o
 .debug_frame   0x000001ec       0x40 .\CortexM0\ARM_GCC_493\Debug\network.o
 .debug_frame   0x0000022c       0xb0 .\CortexM0\ARM_GCC_493\Debug\Cm0Start.o
 .debug_frame   0x000002dc       0x68 .\CortexM0\ARM_GCC_493\Debug\start01.a(cyfitter_cfg.o)
 .debug_frame   0x00000344      0x3d0 .\CortexM0\ARM_GCC_493\Debug\start01.a(CyLib.o)
 .debug_frame   0x00000714      0x3a8 .\CortexM0\ARM_GCC_493\Debug\start01.a(CyLFClk.o)
 .debug_frame   0x00000abc      0x110 .\CortexM0\ARM_GCC_493\Debug\start01.a(Int_Timer_Led.o)
 .debug_frame   0x00000bcc       0x70 .\CortexM0\ARM_GCC_493\Debug\start01.a(LED_PIN.o)
 .debug_frame   0x00000c3c      0x390 .\CortexM0\ARM_GCC_493\Debug\start01.a(Timer_LED.o)
 .debug_frame   0x00000fcc      0x1f0 .\CortexM0\ARM_GCC_493\Debug\start01.a(LCD.o)
 .debug_frame   0x000011bc      0x288 .\CortexM0\ARM_GCC_493\Debug\start01.a(RTC.o)
 .debug_frame   0x00001444       0x70 .\CortexM0\ARM_GCC_493\Debug\start01.a(GatePin.o)
 .debug_frame   0x000014b4       0xb0 .\CortexM0\ARM_GCC_493\Debug\start01.a(UART_XB_SPI_UART.o)
 .debug_frame   0x00001564       0xe0 .\CortexM0\ARM_GCC_493\Debug\start01.a(UART_XB_UART.o)
 .debug_frame   0x00001644       0xe8 .\CortexM0\ARM_GCC_493\Debug\start01.a(UART_XB.o)
 .debug_frame   0x0000172c       0x20 c:/program files (x86)/cypress/psoc creator/3.3/psoc creator/import/gnu/arm/4.9.3/bin/../lib/gcc/arm-none-eabi/4.9.3/armv6-m\libgcc.a(_udivsi3.o)
 .debug_frame   0x0000174c       0x50 c:/program files (x86)/cypress/psoc creator/3.3/psoc creator/import/gnu/arm/4.9.3/bin/../lib/gcc/arm-none-eabi/4.9.3/armv6-m\libgcc.a(bpabi.o)
 .debug_frame   0x0000179c       0x34 c:/program files (x86)/cypress/psoc creator/3.3/psoc creator/import/gnu/arm/4.9.3/bin/../lib/gcc/arm-none-eabi/4.9.3/armv6-m\libgcc.a(_muldi3.o)
 .debug_frame   0x000017d0       0x3c c:/program files (x86)/cypress/psoc creator/3.3/psoc creator/import/gnu/arm/4.9.3/bin/../lib/gcc/arm-none-eabi/4.9.3/armv6-m\libgcc.a(_divdi3.o)
 .debug_frame   0x0000180c       0x3c c:/program files (x86)/cypress/psoc creator/3.3/psoc creator/import/gnu/arm/4.9.3/bin/../lib/gcc/arm-none-eabi/4.9.3/armv6-m\libgcc.a(_udivdi3.o)
 .debug_frame   0x00001848       0x20 c:/program files (x86)/cypress/psoc creator/3.3/psoc creator/import/gnu/arm/4.9.3/bin/../lib/gcc/arm-none-eabi/4.9.3/../../../../arm-none-eabi/lib/armv6-m\libg_nano.a(lib_a-errno.o)
 .debug_frame   0x00001868       0x28 c:/program files (x86)/cypress/psoc creator/3.3/psoc creator/import/gnu/arm/4.9.3/bin/../lib/gcc/arm-none-eabi/4.9.3/../../../../arm-none-eabi/lib/armv6-m\libg_nano.a(lib_a-exit.o)
 .debug_frame   0x00001890       0x2c c:/program files (x86)/cypress/psoc creator/3.3/psoc creator/import/gnu/arm/4.9.3/bin/../lib/gcc/arm-none-eabi/4.9.3/../../../../arm-none-eabi/lib/armv6-m\libg_nano.a(lib_a-init.o)
 .debug_frame   0x000018bc       0x20 c:/program files (x86)/cypress/psoc creator/3.3/psoc creator/import/gnu/arm/4.9.3/bin/../lib/gcc/arm-none-eabi/4.9.3/../../../../arm-none-eabi/lib/armv6-m\libg_nano.a(lib_a-memset.o)

.debug_str      0x00000000     0x1f5d
 *(.debug_str)
 .debug_str     0x00000000      0x20f .\CortexM0\ARM_GCC_493\Debug\main.o
                                0x262 (size before relaxing)
 .debug_str     0x0000020f       0xfc .\CortexM0\ARM_GCC_493\Debug\LED.o
                                0x2e2 (size before relaxing)
 .debug_str     0x0000030b       0x41 .\CortexM0\ARM_GCC_493\Debug\display.o
                                0x1e6 (size before relaxing)
 .debug_str     0x0000034c       0x2e .\CortexM0\ARM_GCC_493\Debug\RTC_WDT.o
                                0x1e6 (size before relaxing)
 .debug_str     0x0000037a       0x16 .\CortexM0\ARM_GCC_493\Debug\gate.o
                                0x1ae (size before relaxing)
 .debug_str     0x00000390       0x66 .\CortexM0\ARM_GCC_493\Debug\network.o
                                0x20a (size before relaxing)
 .debug_str     0x000003f6       0x5b .\CortexM0\ARM_GCC_493\Debug\cymetadata.o
                                0x1e4 (size before relaxing)
 .debug_str     0x00000451      0x14f .\CortexM0\ARM_GCC_493\Debug\Cm0Start.o
                                0x30b (size before relaxing)
 .debug_str     0x000005a0       0x9d .\CortexM0\ARM_GCC_493\Debug\start01.a(cyfitter_cfg.o)
                                0x261 (size before relaxing)
 .debug_str     0x0000063d      0x4a9 .\CortexM0\ARM_GCC_493\Debug\start01.a(CyLib.o)
                                0x69f (size before relaxing)
 .debug_str     0x00000ae6      0x539 .\CortexM0\ARM_GCC_493\Debug\start01.a(CyLFClk.o)
                                0x747 (size before relaxing)
 .debug_str     0x0000101f      0x151 .\CortexM0\ARM_GCC_493\Debug\start01.a(Int_Timer_Led.o)
                                0x364 (size before relaxing)
 .debug_str     0x00001170       0xa0 .\CortexM0\ARM_GCC_493\Debug\start01.a(LED_PIN.o)
                                0x25a (size before relaxing)
 .debug_str     0x00001210      0x41d .\CortexM0\ARM_GCC_493\Debug\start01.a(Timer_LED.o)
                                0x663 (size before relaxing)
 .debug_str     0x0000162d      0x147 .\CortexM0\ARM_GCC_493\Debug\start01.a(LCD.o)
                                0x336 (size before relaxing)
 .debug_str     0x00001774      0x409 .\CortexM0\ARM_GCC_493\Debug\start01.a(RTC.o)
                                0x5d6 (size before relaxing)
 .debug_str     0x00001b7d       0x8a .\CortexM0\ARM_GCC_493\Debug\start01.a(GatePin.o)
                                0x25a (size before relaxing)
 .debug_str     0x00001c07      0x13a .\CortexM0\ARM_GCC_493\Debug\start01.a(UART_XB_SPI_UART.o)
                                0x2f6 (size before relaxing)
 .debug_str     0x00001d41      0x11b .\CortexM0\ARM_GCC_493\Debug\start01.a(UART_XB_UART.o)
                                0x336 (size before relaxing)
 .debug_str     0x00001e5c      0x101 .\CortexM0\ARM_GCC_493\Debug\start01.a(UART_XB.o)
                                0x2ea (size before relaxing)

.debug_loc      0x00000000     0x33ef
 *(.debug_loc)
 .debug_loc     0x00000000       0x1f .\CortexM0\ARM_GCC_493\Debug\main.o
 .debug_loc     0x0000001f       0x55 .\CortexM0\ARM_GCC_493\Debug\LED.o
 .debug_loc     0x00000074       0x2c .\CortexM0\ARM_GCC_493\Debug\display.o
 .debug_loc     0x000000a0       0x68 .\CortexM0\ARM_GCC_493\Debug\network.o
 .debug_loc     0x00000108      0x14f .\CortexM0\ARM_GCC_493\Debug\Cm0Start.o
 .debug_loc     0x00000257       0xa9 .\CortexM0\ARM_GCC_493\Debug\start01.a(cyfitter_cfg.o)
 .debug_loc     0x00000300      0x5b5 .\CortexM0\ARM_GCC_493\Debug\start01.a(CyLib.o)
 .debug_loc     0x000008b5      0x9d5 .\CortexM0\ARM_GCC_493\Debug\start01.a(CyLFClk.o)
 .debug_loc     0x0000128a       0x82 .\CortexM0\ARM_GCC_493\Debug\start01.a(Int_Timer_Led.o)
 .debug_loc     0x0000130c       0xa2 .\CortexM0\ARM_GCC_493\Debug\start01.a(LED_PIN.o)
 .debug_loc     0x000013ae      0x547 .\CortexM0\ARM_GCC_493\Debug\start01.a(Timer_LED.o)
 .debug_loc     0x000018f5      0x3e3 .\CortexM0\ARM_GCC_493\Debug\start01.a(LCD.o)
 .debug_loc     0x00001cd8     0x13ee .\CortexM0\ARM_GCC_493\Debug\start01.a(RTC.o)
 .debug_loc     0x000030c6       0xa2 .\CortexM0\ARM_GCC_493\Debug\start01.a(GatePin.o)
 .debug_loc     0x00003168       0x96 .\CortexM0\ARM_GCC_493\Debug\start01.a(UART_XB_SPI_UART.o)
 .debug_loc     0x000031fe      0x173 .\CortexM0\ARM_GCC_493\Debug\start01.a(UART_XB_UART.o)
 .debug_loc     0x00003371       0x7e .\CortexM0\ARM_GCC_493\Debug\start01.a(UART_XB.o)

.debug_macinfo
 *(.debug_macinfo)

.debug_ranges   0x00000000      0x7f8
 *(.debug_ranges)
 .debug_ranges  0x00000000       0x30 .\CortexM0\ARM_GCC_493\Debug\main.o
 .debug_ranges  0x00000030       0x30 .\CortexM0\ARM_GCC_493\Debug\LED.o
 .debug_ranges  0x00000060       0x18 .\CortexM0\ARM_GCC_493\Debug\display.o
 .debug_ranges  0x00000078       0x20 .\CortexM0\ARM_GCC_493\Debug\RTC_WDT.o
 .debug_ranges  0x00000098       0x10 .\CortexM0\ARM_GCC_493\Debug\gate.o
 .debug_ranges  0x000000a8       0x18 .\CortexM0\ARM_GCC_493\Debug\network.o
 .debug_ranges  0x000000c0       0x38 .\CortexM0\ARM_GCC_493\Debug\Cm0Start.o
 .debug_ranges  0x000000f8       0x20 .\CortexM0\ARM_GCC_493\Debug\start01.a(cyfitter_cfg.o)
 .debug_ranges  0x00000118      0x168 .\CortexM0\ARM_GCC_493\Debug\start01.a(CyLib.o)
 .debug_ranges  0x00000280      0x128 .\CortexM0\ARM_GCC_493\Debug\start01.a(CyLFClk.o)
 .debug_ranges  0x000003a8       0x70 .\CortexM0\ARM_GCC_493\Debug\start01.a(Int_Timer_Led.o)
 .debug_ranges  0x00000418       0x38 .\CortexM0\ARM_GCC_493\Debug\start01.a(LED_PIN.o)
 .debug_ranges  0x00000450      0x148 .\CortexM0\ARM_GCC_493\Debug\start01.a(Timer_LED.o)
 .debug_ranges  0x00000598       0x88 .\CortexM0\ARM_GCC_493\Debug\start01.a(LCD.o)
 .debug_ranges  0x00000620       0xb0 .\CortexM0\ARM_GCC_493\Debug\start01.a(RTC.o)
 .debug_ranges  0x000006d0       0x38 .\CortexM0\ARM_GCC_493\Debug\start01.a(GatePin.o)
 .debug_ranges  0x00000708       0x50 .\CortexM0\ARM_GCC_493\Debug\start01.a(UART_XB_SPI_UART.o)
 .debug_ranges  0x00000758       0x50 .\CortexM0\ARM_GCC_493\Debug\start01.a(UART_XB_UART.o)
 .debug_ranges  0x000007a8       0x50 .\CortexM0\ARM_GCC_493\Debug\start01.a(UART_XB.o)

.comment        0x00000000       0x70
 .comment       0x00000000       0x70 .\CortexM0\ARM_GCC_493\Debug\main.o
                                 0x71 (size before relaxing)
 .comment       0x00000000       0x71 .\CortexM0\ARM_GCC_493\Debug\LED.o
 .comment       0x00000000       0x71 .\CortexM0\ARM_GCC_493\Debug\display.o
 .comment       0x00000000       0x71 .\CortexM0\ARM_GCC_493\Debug\RTC_WDT.o
 .comment       0x00000000       0x71 .\CortexM0\ARM_GCC_493\Debug\gate.o
 .comment       0x00000000       0x71 .\CortexM0\ARM_GCC_493\Debug\network.o
 .comment       0x00000000       0x71 .\CortexM0\ARM_GCC_493\Debug\cymetadata.o
 .comment       0x00000000       0x71 .\CortexM0\ARM_GCC_493\Debug\Cm0Start.o
 .comment       0x00000000       0x71 .\CortexM0\ARM_GCC_493\Debug\start01.a(cyfitter_cfg.o)
 .comment       0x00000000       0x71 .\CortexM0\ARM_GCC_493\Debug\start01.a(CyLib.o)
 .comment       0x00000000       0x71 .\CortexM0\ARM_GCC_493\Debug\start01.a(CyLFClk.o)
 .comment       0x00000000       0x71 .\CortexM0\ARM_GCC_493\Debug\start01.a(Int_Timer_Led.o)
 .comment       0x00000000       0x71 .\CortexM0\ARM_GCC_493\Debug\start01.a(LED_PIN.o)
 .comment       0x00000000       0x71 .\CortexM0\ARM_GCC_493\Debug\start01.a(Timer_LED.o)
 .comment       0x00000000       0x71 .\CortexM0\ARM_GCC_493\Debug\start01.a(LCD.o)
 .comment       0x00000000       0x71 .\CortexM0\ARM_GCC_493\Debug\start01.a(RTC.o)
 .comment       0x00000000       0x71 .\CortexM0\ARM_GCC_493\Debug\start01.a(GatePin.o)
 .comment       0x00000000       0x71 .\CortexM0\ARM_GCC_493\Debug\start01.a(UART_XB_SPI_UART.o)
 .comment       0x00000000       0x71 .\CortexM0\ARM_GCC_493\Debug\start01.a(UART_XB_UART.o)
 .comment       0x00000000       0x71 .\CortexM0\ARM_GCC_493\Debug\start01.a(UART_XB.o)

.debug_weaknames
 *(.debug_weaknames)

.debug_funcnames
 *(.debug_funcnames)

.debug_typenames
 *(.debug_typenames)

.debug_varnames
 *(.debug_varnames)

.note.gnu.arm.ident
 *(.note.gnu.arm.ident)

.ARM.attributes
                0x00000000       0x28
 *(.ARM.attributes)
 .ARM.attributes
                0x00000000       0x1e c:/program files (x86)/cypress/psoc creator/3.3/psoc creator/import/gnu/arm/4.9.3/bin/../lib/gcc/arm-none-eabi/4.9.3/armv6-m/crti.o
 .ARM.attributes
                0x0000001e       0x2c c:/program files (x86)/cypress/psoc creator/3.3/psoc creator/import/gnu/arm/4.9.3/bin/../lib/gcc/arm-none-eabi/4.9.3/armv6-m/crtbegin.o
 .ARM.attributes
                0x0000004a       0x1b c:/program files (x86)/cypress/psoc creator/3.3/psoc creator/import/gnu/arm/4.9.3/bin/../lib/gcc/arm-none-eabi/4.9.3/../../../../arm-none-eabi/lib/armv6-m/crt0.o
 .ARM.attributes
                0x00000065       0x31 .\CortexM0\ARM_GCC_493\Debug\main.o
 .ARM.attributes
                0x00000096       0x31 .\CortexM0\ARM_GCC_493\Debug\LED.o
 .ARM.attributes
                0x000000c7       0x31 .\CortexM0\ARM_GCC_493\Debug\display.o
 .ARM.attributes
                0x000000f8       0x31 .\CortexM0\ARM_GCC_493\Debug\RTC_WDT.o
 .ARM.attributes
                0x00000129       0x31 .\CortexM0\ARM_GCC_493\Debug\gate.o
 .ARM.attributes
                0x0000015a       0x31 .\CortexM0\ARM_GCC_493\Debug\network.o
 .ARM.attributes
                0x0000018b       0x31 .\CortexM0\ARM_GCC_493\Debug\cymetadata.o
 .ARM.attributes
                0x000001bc       0x31 .\CortexM0\ARM_GCC_493\Debug\Cm0Start.o
 .ARM.attributes
                0x000001ed       0x31 .\CortexM0\ARM_GCC_493\Debug\start01.a(cyfitter_cfg.o)
 .ARM.attributes
                0x0000021e       0x31 .\CortexM0\ARM_GCC_493\Debug\start01.a(CyLib.o)
 .ARM.attributes
                0x0000024f       0x31 .\CortexM0\ARM_GCC_493\Debug\start01.a(CyLFClk.o)
 .ARM.attributes
                0x00000280       0x31 .\CortexM0\ARM_GCC_493\Debug\start01.a(Int_Timer_Led.o)
 .ARM.attributes
                0x000002b1       0x31 .\CortexM0\ARM_GCC_493\Debug\start01.a(LED_PIN.o)
 .ARM.attributes
                0x000002e2       0x31 .\CortexM0\ARM_GCC_493\Debug\start01.a(Timer_LED.o)
 .ARM.attributes
                0x00000313       0x31 .\CortexM0\ARM_GCC_493\Debug\start01.a(LCD.o)
 .ARM.attributes
                0x00000344       0x31 .\CortexM0\ARM_GCC_493\Debug\start01.a(RTC.o)
 .ARM.attributes
                0x00000375       0x31 .\CortexM0\ARM_GCC_493\Debug\start01.a(GatePin.o)
 .ARM.attributes
                0x000003a6       0x31 .\CortexM0\ARM_GCC_493\Debug\start01.a(UART_XB_SPI_UART.o)
 .ARM.attributes
                0x000003d7       0x31 .\CortexM0\ARM_GCC_493\Debug\start01.a(UART_XB_UART.o)
 .ARM.attributes
                0x00000408       0x21 .\CortexM0\ARM_GCC_493\Debug\start01.a(CyBootAsmGnu.o)
 .ARM.attributes
                0x00000429       0x31 .\CortexM0\ARM_GCC_493\Debug\start01.a(UART_XB.o)
 .ARM.attributes
                0x0000045a       0x1e c:/program files (x86)/cypress/psoc creator/3.3/psoc creator/import/gnu/arm/4.9.3/bin/../lib/gcc/arm-none-eabi/4.9.3/armv6-m\libgcc.a(_udivsi3.o)
 .ARM.attributes
                0x00000478       0x1e c:/program files (x86)/cypress/psoc creator/3.3/psoc creator/import/gnu/arm/4.9.3/bin/../lib/gcc/arm-none-eabi/4.9.3/armv6-m\libgcc.a(_dvmd_tls.o)
 .ARM.attributes
                0x00000496       0x1e c:/program files (x86)/cypress/psoc creator/3.3/psoc creator/import/gnu/arm/4.9.3/bin/../lib/gcc/arm-none-eabi/4.9.3/armv6-m\libgcc.a(_aeabi_uldivmod.o)
 .ARM.attributes
                0x000004b4       0x2c c:/program files (x86)/cypress/psoc creator/3.3/psoc creator/import/gnu/arm/4.9.3/bin/../lib/gcc/arm-none-eabi/4.9.3/armv6-m\libgcc.a(bpabi.o)
 .ARM.attributes
                0x000004e0       0x2c c:/program files (x86)/cypress/psoc creator/3.3/psoc creator/import/gnu/arm/4.9.3/bin/../lib/gcc/arm-none-eabi/4.9.3/armv6-m\libgcc.a(_muldi3.o)
 .ARM.attributes
                0x0000050c       0x2c c:/program files (x86)/cypress/psoc creator/3.3/psoc creator/import/gnu/arm/4.9.3/bin/../lib/gcc/arm-none-eabi/4.9.3/armv6-m\libgcc.a(_divdi3.o)
 .ARM.attributes
                0x00000538       0x2c c:/program files (x86)/cypress/psoc creator/3.3/psoc creator/import/gnu/arm/4.9.3/bin/../lib/gcc/arm-none-eabi/4.9.3/armv6-m\libgcc.a(_udivdi3.o)
 .ARM.attributes
                0x00000564       0x1e c:/program files (x86)/cypress/psoc creator/3.3/psoc creator/import/gnu/arm/4.9.3/bin/../lib/gcc/arm-none-eabi/4.9.3/armv6-m\libgcc.a(_clzdi2.o)
 .ARM.attributes
                0x00000582       0x1e c:/program files (x86)/cypress/psoc creator/3.3/psoc creator/import/gnu/arm/4.9.3/bin/../lib/gcc/arm-none-eabi/4.9.3/armv6-m\libgcc.a(_clzsi2.o)
 .ARM.attributes
                0x000005a0       0x2c c:/program files (x86)/cypress/psoc creator/3.3/psoc creator/import/gnu/arm/4.9.3/bin/../lib/gcc/arm-none-eabi/4.9.3/../../../../arm-none-eabi/lib/armv6-m\libg_nano.a(lib_a-errno.o)
 .ARM.attributes
                0x000005cc       0x2c c:/program files (x86)/cypress/psoc creator/3.3/psoc creator/import/gnu/arm/4.9.3/bin/../lib/gcc/arm-none-eabi/4.9.3/../../../../arm-none-eabi/lib/armv6-m\libg_nano.a(lib_a-exit.o)
 .ARM.attributes
                0x000005f8       0x2c c:/program files (x86)/cypress/psoc creator/3.3/psoc creator/import/gnu/arm/4.9.3/bin/../lib/gcc/arm-none-eabi/4.9.3/../../../../arm-none-eabi/lib/armv6-m\libg_nano.a(lib_a-impure.o)
 .ARM.attributes
                0x00000624       0x2c c:/program files (x86)/cypress/psoc creator/3.3/psoc creator/import/gnu/arm/4.9.3/bin/../lib/gcc/arm-none-eabi/4.9.3/../../../../arm-none-eabi/lib/armv6-m\libg_nano.a(lib_a-init.o)
 .ARM.attributes
                0x00000650       0x2c c:/program files (x86)/cypress/psoc creator/3.3/psoc creator/import/gnu/arm/4.9.3/bin/../lib/gcc/arm-none-eabi/4.9.3/../../../../arm-none-eabi/lib/armv6-m\libg_nano.a(lib_a-memset.o)
 .ARM.attributes
                0x0000067c       0x2c c:/program files (x86)/cypress/psoc creator/3.3/psoc creator/import/gnu/arm/4.9.3/bin/../lib/gcc/arm-none-eabi/4.9.3/armv6-m/crtend.o
 .ARM.attributes
                0x000006a8       0x1e c:/program files (x86)/cypress/psoc creator/3.3/psoc creator/import/gnu/arm/4.9.3/bin/../lib/gcc/arm-none-eabi/4.9.3/armv6-m/crtn.o

/DISCARD/
 *(.note.GNU-stack)
OUTPUT(.\CortexM0\ARM_GCC_493\Debug\start01.elf elf32-littlearm)
