Archive member included because of file (symbol)

.\CortexM0\ARM_GCC_493\Debug\start01.a(cyfitter_cfg.o)
                              .\CortexM0\ARM_GCC_493\Debug\Cm0Start.o (cyfitter_cfg)
.\CortexM0\ARM_GCC_493\Debug\start01.a(CyLib.o)
                              .\CortexM0\ARM_GCC_493\Debug\Cm0Start.o (CyHalt)
.\CortexM0\ARM_GCC_493\Debug\start01.a(CyLFClk.o)
                              .\CortexM0\ARM_GCC_493\Debug\RTC_WDT.o (CySysWdtClearInterrupt)
.\CortexM0\ARM_GCC_493\Debug\start01.a(Int_Timer_Led.o)
                              .\CortexM0\ARM_GCC_493\Debug\LED.o (Int_Timer_Led_StartEx)
.\CortexM0\ARM_GCC_493\Debug\start01.a(LED_PIN.o)
                              .\CortexM0\ARM_GCC_493\Debug\LED.o (LED_PIN_Write)
.\CortexM0\ARM_GCC_493\Debug\start01.a(Timer_LED.o)
                              .\CortexM0\ARM_GCC_493\Debug\LED.o (Timer_LED_Stop)
.\CortexM0\ARM_GCC_493\Debug\start01.a(LCD.o)
                              .\CortexM0\ARM_GCC_493\Debug\display.o (LCD_PrintString)
.\CortexM0\ARM_GCC_493\Debug\start01.a(RTC.o)
                              .\CortexM0\ARM_GCC_493\Debug\RTC_WDT.o (RTC_Update)
.\CortexM0\ARM_GCC_493\Debug\start01.a(GatePin.o)
                              .\CortexM0\ARM_GCC_493\Debug\gate.o (GatePin_Read)
.\CortexM0\ARM_GCC_493\Debug\start01.a(UART_XB_SPI_UART.o)
                              .\CortexM0\ARM_GCC_493\Debug\network.o (UART_XB_SpiUartWriteTxData)
.\CortexM0\ARM_GCC_493\Debug\start01.a(UART_XB_UART.o)
                              .\CortexM0\ARM_GCC_493\Debug\network.o (UART_XB_UartGetChar)
.\CortexM0\ARM_GCC_493\Debug\start01.a(Timer_Wait.o)
                              .\CortexM0\ARM_GCC_493\Debug\wait_timer.o (Timer_Wait_Stop)
.\CortexM0\ARM_GCC_493\Debug\start01.a(int_wait.o)
                              .\CortexM0\ARM_GCC_493\Debug\wait_timer.o (int_wait_StartEx)
.\CortexM0\ARM_GCC_493\Debug\start01.a(WDT0_ISR.o)
                              .\CortexM0\ARM_GCC_493\Debug\RTC_WDT.o (WDT0_ISR_StartEx)
.\CortexM0\ARM_GCC_493\Debug\start01.a(CyBootAsmGnu.o)
                              .\CortexM0\ARM_GCC_493\Debug\start01.a(CyLib.o) (CyDelayCycles)
.\CortexM0\ARM_GCC_493\Debug\start01.a(UART_XB.o)
                              .\CortexM0\ARM_GCC_493\Debug\start01.a(UART_XB_UART.o) (UART_XB_IntrTxMask)
c:/program files (x86)/cypress/psoc creator/3.3/psoc creator/import/gnu/arm/4.9.3/bin/../lib/gcc/arm-none-eabi/4.9.3/armv6-m\libgcc.a(_udivsi3.o)
                              .\CortexM0\ARM_GCC_493\Debug\LED.o (__aeabi_uidiv)
c:/program files (x86)/cypress/psoc creator/3.3/psoc creator/import/gnu/arm/4.9.3/bin/../lib/gcc/arm-none-eabi/4.9.3/armv6-m\libgcc.a(_dvmd_tls.o)
                              c:/program files (x86)/cypress/psoc creator/3.3/psoc creator/import/gnu/arm/4.9.3/bin/../lib/gcc/arm-none-eabi/4.9.3/armv6-m\libgcc.a(_udivsi3.o) (__aeabi_idiv0)
c:/program files (x86)/cypress/psoc creator/3.3/psoc creator/import/gnu/arm/4.9.3/bin/../lib/gcc/arm-none-eabi/4.9.3/armv6-m\libgcc.a(_aeabi_uldivmod.o)
                              .\CortexM0\ARM_GCC_493\Debug\RTC_WDT.o (__aeabi_uldivmod)
c:/program files (x86)/cypress/psoc creator/3.3/psoc creator/import/gnu/arm/4.9.3/bin/../lib/gcc/arm-none-eabi/4.9.3/armv6-m\libgcc.a(bpabi.o)
                              c:/program files (x86)/cypress/psoc creator/3.3/psoc creator/import/gnu/arm/4.9.3/bin/../lib/gcc/arm-none-eabi/4.9.3/armv6-m\libgcc.a(_aeabi_uldivmod.o) (__gnu_uldivmod_helper)
c:/program files (x86)/cypress/psoc creator/3.3/psoc creator/import/gnu/arm/4.9.3/bin/../lib/gcc/arm-none-eabi/4.9.3/armv6-m\libgcc.a(_muldi3.o)
                              c:/program files (x86)/cypress/psoc creator/3.3/psoc creator/import/gnu/arm/4.9.3/bin/../lib/gcc/arm-none-eabi/4.9.3/armv6-m\libgcc.a(bpabi.o) (__aeabi_lmul)
c:/program files (x86)/cypress/psoc creator/3.3/psoc creator/import/gnu/arm/4.9.3/bin/../lib/gcc/arm-none-eabi/4.9.3/armv6-m\libgcc.a(_divdi3.o)
                              c:/program files (x86)/cypress/psoc creator/3.3/psoc creator/import/gnu/arm/4.9.3/bin/../lib/gcc/arm-none-eabi/4.9.3/armv6-m\libgcc.a(bpabi.o) (__divdi3)
c:/program files (x86)/cypress/psoc creator/3.3/psoc creator/import/gnu/arm/4.9.3/bin/../lib/gcc/arm-none-eabi/4.9.3/armv6-m\libgcc.a(_udivdi3.o)
                              c:/program files (x86)/cypress/psoc creator/3.3/psoc creator/import/gnu/arm/4.9.3/bin/../lib/gcc/arm-none-eabi/4.9.3/armv6-m\libgcc.a(bpabi.o) (__udivdi3)
c:/program files (x86)/cypress/psoc creator/3.3/psoc creator/import/gnu/arm/4.9.3/bin/../lib/gcc/arm-none-eabi/4.9.3/armv6-m\libgcc.a(_clzdi2.o)
                              c:/program files (x86)/cypress/psoc creator/3.3/psoc creator/import/gnu/arm/4.9.3/bin/../lib/gcc/arm-none-eabi/4.9.3/armv6-m\libgcc.a(_divdi3.o) (__clzdi2)
c:/program files (x86)/cypress/psoc creator/3.3/psoc creator/import/gnu/arm/4.9.3/bin/../lib/gcc/arm-none-eabi/4.9.3/armv6-m\libgcc.a(_clzsi2.o)
[...]
Memory Configuration

Name             Origin             Length             Attributes
rom              0x00000000         0x00008000         xr
ram              0x20000000         0x00001000         xrw
*default*        0x00000000         0xffffffff

Linker script and memory map

LOAD c:/program files (x86)/cypress/psoc creator/3.3/psoc creator/import/gnu/arm/4.9.3/bin/../lib/gcc/arm-none-eabi/4.9.3/armv6-m/crti.o
LOAD c:/program files (x86)/cypress/psoc creator/3.3/psoc creator/import/gnu/arm/4.9.3/bin/../lib/gcc/arm-none-eabi/4.9.3/armv6-m/crtbegin.o
LOAD c:/program files (x86)/cypress/psoc creator/3.3/psoc creator/import/gnu/arm/4.9.3/bin/../lib/gcc/arm-none-eabi/4.9.3/../../../../arm-none-eabi/lib/armv6-m/crt0.o
START GROUP
LOAD .\CortexM0\ARM_GCC_493\Debug\main.o
LOAD .\CortexM0\ARM_GCC_493\Debug\LED.o
LOAD .\CortexM0\ARM_GCC_493\Debug\display.o
LOAD .\CortexM0\ARM_GCC_493\Debug\RTC_WDT.o
LOAD .\CortexM0\ARM_GCC_493\Debug\gate.o
LOAD .\CortexM0\ARM_GCC_493\Debug\network.o
LOAD .\CortexM0\ARM_GCC_493\Debug\database.o
LOAD .\CortexM0\ARM_GCC_493\Debug\wait_timer.o
LOAD .\CortexM0\ARM_GCC_493\Debug\cymetadata.o
LOAD .\CortexM0\ARM_GCC_493\Debug\Cm0Start.o
LOAD .\CortexM0\ARM_GCC_493\Debug\start01.a
LOAD C:\Program Files (x86)\Cypress\PSoC Creator\3.3\PSoC Creator\psoc\content\cycomponentlibrary\CyComponentLibrary.cylib\CortexM0\ARM_GCC_493\Debug\CyComponentLibrary.a
END GROUP
START GROUP
LOAD c:/program files (x86)/cypress/psoc creator/3.3/psoc creator/import/gnu/arm/4.9.3/bin/../lib/gcc/arm-none-eabi/4.9.3/armv6-m\libgcc.a
LOAD c:/program files (x86)/cypress/psoc creator/3.3/psoc creator/import/gnu/arm/4.9.3/bin/../lib/gcc/arm-none-eabi/4.9.3/../../../../arm-none-eabi/lib/armv6-m\libg_nano.a
LOAD c:/program files (x86)/cypress/psoc creator/3.3/psoc creator/import/gnu/arm/4.9.3/bin/../lib/gcc/arm-none-eabi/4.9.3/../../../../arm-none-eabi/lib/armv6-m\libc_nano.a
END GROUP
START GROUP
LOAD c:/program files (x86)/cypress/psoc creator/3.3/psoc creator/import/gnu/arm/4.9.3/bin/../lib/gcc/arm-none-eabi/4.9.3/armv6-m\libgcc.a
LOAD c:/program files (x86)/cypress/psoc creator/3.3/psoc creator/import/gnu/arm/4.9.3/bin/../lib/gcc/arm-none-eabi/4.9.3/../../../../arm-none-eabi/lib/armv6-m\libc_nano.a
END GROUP
LOAD c:/program files (x86)/cypress/psoc creator/3.3/psoc creator/import/gnu/arm/4.9.3/bin/../lib/gcc/arm-none-eabi/4.9.3/armv6-m/crtend.o
LOAD c:/program files (x86)/cypress/psoc creator/3.3/psoc creator/import/gnu/arm/4.9.3/bin/../lib/gcc/arm-none-eabi/4.9.3/armv6-m/crtn.o
START GROUP
LOAD c:/program files (x86)/cypress/psoc creator/3.3/psoc creator/import/gnu/arm/4.9.3/bin/../lib/gcc/arm-none-eabi/4.9.3/armv6-m\libgcc.a
LOAD c:/program files (x86)/cypress/psoc creator/3.3/psoc creator/import/gnu/arm/4.9.3/bin/../lib/gcc/arm-none-eabi/4.9.3/../../../../arm-none-eabi/lib/armv6-m\libc.a
LOAD c:/program files (x86)/cypress/psoc creator/3.3/psoc creator/import/gnu/arm/4.9.3/bin/../lib/gcc/arm-none-eabi/4.9.3/../../../../arm-none-eabi/lib/armv6-m\libnosys.a
END GROUP
                0x00000000                CY_APPL_ORIGIN = 0x0
                0x00000080                CY_FLASH_ROW_SIZE = 0x80
                0x00000001                CY_APPL_NUM = 0x1
                0x00000001                CY_APPL_MAX = 0x1
                0x00000040                CY_METADATA_SIZE = 0x40
                0x00000000                CY_APPL_LOADABLE = 0x0
                0x00000000                CY_CHECKSUM_EXCLUDE_SIZE = ALIGN (0x0, CY_FLASH_ROW_SIZE)
                0x00000000                CY_APP_FOR_STACK_AND_COPIER = 0x0
                0x200001d0                PROVIDE (__cy_heap_start, _end)
                0x00000001                PROVIDE (__cy_region_num, ((__cy_regions_end - __cy_regions) / 0x10))
                0x20001000                PROVIDE (__cy_stack, (ORIGIN (ram) + 0x1000))
                0x20000c00                PROVIDE (__cy_heap_end, (__cy_stack - 0x400))

.cybootloader   0x00000000        0x0
 *(.cybootloader)
                0x00000000                appl1_start = CY_APPL_ORIGIN?CY_APPL_ORIGIN:ALIGN (CY_FLASH_ROW_SIZE)
                0x00003f80                appl2_start = (appl1_start + ALIGN ((((0x8000 - appl1_start) - (0x2 * CY_FLASH_ROW_SIZE)) / 0x2), CY_FLASH_ROW_SIZE))
                0x00000000                appl_start = (CY_APPL_NUM == 0x1)?appl1_start:appl2_start
                0x00000001                cy_project_type_bootloader = (appl_start == 0x0)?0x1:0x0
                0x00000000                cy_project_type_app_for_stack_and_copier = (CY_APP_FOR_STACK_AND_COPIER == 0x1)?0x1:0x0

.text           0x00000000     0x23d6
 CREATE_OBJECT_SYMBOLS
                0x00000000                PROVIDE (__cy_interrupt_vector, RomVectors)
 *(.romvectors)
 .romvectors    0x00000000       0x10 .\CortexM0\ARM_GCC_493\Debug\Cm0Start.o
                0x00000000                RomVectors
                0x00000001                ASSERT ((. != __cy_interrupt_vector), No interrupt vector)
                0x00000001                ASSERT (CY_APPL_ORIGIN?(SIZEOF (.cybootloader) <= CY_APPL_ORIGIN):0x1, Wrong image location)
                0x00000010                PROVIDE (__cy_reset, Reset)
 *(.text.Reset)
 .text.Reset    0x00000010        0x8 .\CortexM0\ARM_GCC_493\Debug\Cm0Start.o
                0x00000010                Reset
                0x00000001                ASSERT ((. != __cy_reset), No reset code)
 *(.psocinit)
 .psocinit      0x00000018      0x190 .\CortexM0\ARM_GCC_493\Debug\start01.a(cyfitter_cfg.o)
                0x000000c8                cyfitter_cfg
                0x000001a8                . = MAX (., 0x100)
 *(.text .text.* .gnu.linkonce.t.*)
 .text          0x000001a8       0x60 c:/program files (x86)/cypress/psoc creator/3.3/psoc creator/import/gnu/arm/4.9.3/bin/../lib/gcc/arm-none-eabi/4.9.3/armv6-m/crtbegin.o
 .text.SystemInit
                0x00000208       0x28 .\CortexM0\ARM_GCC_493\Debug\main.o
                0x00000208                SystemInit
 .text.SystemReadyToStart
                0x00000230       0x14 .\CortexM0\ARM_GCC_493\Debug\main.o
                0x00000230                SystemReadyToStart
 .text.SkierStart
                0x00000244       0x84 .\CortexM0\ARM_GCC_493\Debug\main.o
                0x00000244                SkierStart
 .text.ErrorStarted
                0x000002c8       0x14 .\CortexM0\ARM_GCC_493\Debug\main.o
                0x000002c8                ErrorStarted
 .text.main     0x000002dc       0x1c .\CortexM0\ARM_GCC_493\Debug\main.o
                0x000002dc                main
 .text.LedHandler
                0x000002f8       0x18 .\CortexM0\ARM_GCC_493\Debug\LED.o
                0x000002f8                LedHandler
 .text.LedInit  0x00000310       0x24 .\CortexM0\ARM_GCC_493\Debug\LED.o
                0x00000310                LedInit
 .text.LedBlink
                0x00000334       0x1c .\CortexM0\ARM_GCC_493\Debug\LED.o
                0x00000334                LedBlink
 .text.SetLedState
                0x00000350       0x10 .\CortexM0\ARM_GCC_493\Debug\LED.o
                0x00000350                SetLedState
 .text.DisplayConfig
                0x00000360        0x8 .\CortexM0\ARM_GCC_493\Debug\display.o
                0x00000360                DisplayConfig
 .text.DisplayPrintf
                0x00000368       0x20 .\CortexM0\ARM_GCC_493\Debug\display.o
                0x00000368                DisplayPrintf
 .text.DisplayPrintTime
                0x00000388       0x54 .\CortexM0\ARM_GCC_493\Debug\display.o
                0x00000388                DisplayPrintTime
 .text.Wdt0_Handler
                0x000003dc       0x30 .\CortexM0\ARM_GCC_493\Debug\RTC_WDT.o
                0x000003dc                Wdt0_Handler
 .text.RTC_WDT_Init
                0x0000040c       0x14 .\CortexM0\ARM_GCC_493\Debug\RTC_WDT.o
                0x0000040c                RTC_WDT_Init
 .text.RTCgetHours
                0x00000420       0x24 .\CortexM0\ARM_GCC_493\Debug\RTC_WDT.o
                0x00000420                RTCgetHours
 .text.RTCgetMinutes
                0x00000444       0x24 .\CortexM0\ARM_GCC_493\Debug\RTC_WDT.o
                0x00000444                RTCgetMinutes
 .text.RTCgetSecond
                0x00000468       0x14 .\CortexM0\ARM_GCC_493\Debug\RTC_WDT.o
                0x00000468                RTCgetSecond
 .text.RTCgetMiliecond
                0x0000047c       0x1c .\CortexM0\ARM_GCC_493\Debug\RTC_WDT.o
                0x0000047c                RTCgetMiliecond
 .text.RTCgetRecentMs
                0x00000498        0xc .\CortexM0\ARM_GCC_493\Debug\RTC_WDT.o
                0x00000498                RTCgetRecentMs
 .text.RTCgetTime
                0x000004a4      0x174 .\CortexM0\ARM_GCC_493\Debug\RTC_WDT.o
                0x000004a4                RTCgetTime
 .text.GateOpen
                0x00000618       0x14 .\CortexM0\ARM_GCC_493\Debug\gate.o
                0x00000618                GateOpen
 .text.DatabaseWrite
                0x0000062c        0x4 .\CortexM0\ARM_GCC_493\Debug\database.o
                0x0000062c                DatabaseWrite
 .text.WaitHandler
                0x00000630       0x1c .\CortexM0\ARM_GCC_493\Debug\wait_timer.o
                0x00000630                WaitHandler
 .text.InitWaitingTimer
                0x0000064c       0x1c .\CortexM0\ARM_GCC_493\Debug\wait_timer.o
                0x0000064c                InitWaitingTimer
 .text.WaitingTimeOut
                0x00000668       0x1c .\CortexM0\ARM_GCC_493\Debug\wait_timer.o
                0x00000668                WaitingTimeOut
 .text.IntDefaultHandler
                0x00000684        0x4 .\CortexM0\ARM_GCC_493\Debug\Cm0Start.o
                0x00000684                IntDefaultHandler
 .text._sbrk    0x00000688       0x30 .\CortexM0\ARM_GCC_493\Debug\Cm0Start.o
                0x00000688                _sbrk
 .text.Start_c  0x000006b8       0x48 .\CortexM0\ARM_GCC_493\Debug\Cm0Start.o
                0x000006b8                Start_c
 .text.initialize_psoc
                0x00000700       0x48 .\CortexM0\ARM_GCC_493\Debug\Cm0Start.o
                0x00000700                initialize_psoc
 .text.CYMEMZERO
                0x00000748        0xc .\CortexM0\ARM_GCC_493\Debug\start01.a(cyfitter_cfg.o)
 .text.CyHalt   0x00000754        0x4 .\CortexM0\ARM_GCC_493\Debug\start01.a(CyLib.o)
                0x00000754                CyHalt
 .text.CyDelay  0x00000758       0x30 .\CortexM0\ARM_GCC_493\Debug\start01.a(CyLib.o)
                0x00000758                CyDelay
 .text.CyDelayUs
                0x00000788       0x14 .\CortexM0\ARM_GCC_493\Debug\start01.a(CyLib.o)
                0x00000788                CyDelayUs
 .text.CySysClkWriteImoFreq
                0x0000079c      0x164 .\CortexM0\ARM_GCC_493\Debug\start01.a(CyLib.o)
                0x0000079c                CySysClkWriteImoFreq
 .text.CySysWdtLocked
                0x00000900       0x14 .\CortexM0\ARM_GCC_493\Debug\start01.a(CyLFClk.o)
 .text.CySysWdtLock
                0x00000914       0x1c .\CortexM0\ARM_GCC_493\Debug\start01.a(CyLFClk.o)
                0x00000914                CySysWdtLock
 .text.CySysWdtUnlock
                0x00000930       0x30 .\CortexM0\ARM_GCC_493\Debug\start01.a(CyLFClk.o)
                0x00000930                CySysWdtUnlock
 .text.CySysWdtClearInterrupt
                0x00000960       0x4c .\CortexM0\ARM_GCC_493\Debug\start01.a(CyLFClk.o)
                0x00000960                CySysWdtClearInterrupt
 .text.Int_Timer_Led_SetVector
                0x000009ac        0xc .\CortexM0\ARM_GCC_493\Debug\start01.a(Int_Timer_Led.o)
                0x000009ac                Int_Timer_Led_SetVector
 .text.Int_Timer_Led_SetPriority
                0x000009b8       0x20 .\CortexM0\ARM_GCC_493\Debug\start01.a(Int_Timer_Led.o)
                0x000009b8                Int_Timer_Led_SetPriority
 .text.Int_Timer_Led_Enable
                0x000009d8       0x10 .\CortexM0\ARM_GCC_493\Debug\start01.a(Int_Timer_Led.o)
                0x000009d8                Int_Timer_Led_Enable
 .text.Int_Timer_Led_Disable
                0x000009e8       0x10 .\CortexM0\ARM_GCC_493\Debug\start01.a(Int_Timer_Led.o)
                0x000009e8                Int_Timer_Led_Disable
 .text.Int_Timer_Led_StartEx
                0x000009f8       0x1c .\CortexM0\ARM_GCC_493\Debug\start01.a(Int_Timer_Led.o)
                0x000009f8                Int_Timer_Led_StartEx
 .text.LED_PIN_Write
                0x00000a14       0x18 .\CortexM0\ARM_GCC_493\Debug\start01.a(LED_PIN.o)
                0x00000a14                LED_PIN_Write
 .text.LED_PIN_Read
                0x00000a2c       0x10 .\CortexM0\ARM_GCC_493\Debug\start01.a(LED_PIN.o)
                0x00000a2c                LED_PIN_Read
 .text.Timer_LED_Stop
                0x00000a3c       0x1c .\CortexM0\ARM_GCC_493\Debug\start01.a(Timer_LED.o)
                0x00000a3c                Timer_LED_Stop
 .text.Timer_LED_WriteCounter
                0x00000a58       0x10 .\CortexM0\ARM_GCC_493\Debug\start01.a(Timer_LED.o)
                0x00000a58                Timer_LED_WriteCounter
 .text.Timer_LED_WritePeriod
                0x00000a68       0x10 .\CortexM0\ARM_GCC_493\Debug\start01.a(Timer_LED.o)
                0x00000a68                Timer_LED_WritePeriod
 .text.Timer_LED_ReadPeriod
                0x00000a78       0x10 .\CortexM0\ARM_GCC_493\Debug\start01.a(Timer_LED.o)
                0x00000a78                Timer_LED_ReadPeriod
 .text.Timer_LED_WriteCompare
                0x00000a88       0x10 .\CortexM0\ARM_GCC_493\Debug\start01.a(Timer_LED.o)
                0x00000a88                Timer_LED_WriteCompare
 .text.Timer_LED_TriggerCommand
                0x00000a98       0x1c .\CortexM0\ARM_GCC_493\Debug\start01.a(Timer_LED.o)
                0x00000a98                Timer_LED_TriggerCommand
 .text.Timer_LED_Enable
                0x00000ab4       0x24 .\CortexM0\ARM_GCC_493\Debug\start01.a(Timer_LED.o)
                0x00000ab4                Timer_LED_Enable
 .text.Timer_LED_SetInterruptMode
                0x00000ad8        0xc .\CortexM0\ARM_GCC_493\Debug\start01.a(Timer_LED.o)
                0x00000ad8                Timer_LED_SetInterruptMode
 .text.Timer_LED_Init
                0x00000ae4       0x38 .\CortexM0\ARM_GCC_493\Debug\start01.a(Timer_LED.o)
                0x00000ae4                Timer_LED_Init
 .text.Timer_LED_ClearInterrupt
                0x00000b1c        0xc .\CortexM0\ARM_GCC_493\Debug\start01.a(Timer_LED.o)
                0x00000b1c                Timer_LED_ClearInterrupt
 .text.LCD_WrCntrlNib
                0x00000b28       0x34 .\CortexM0\ARM_GCC_493\Debug\start01.a(LCD.o)
 .text.LCD_WrDatNib
                0x00000b5c       0x44 .\CortexM0\ARM_GCC_493\Debug\start01.a(LCD.o)
 .text.LCD_IsReady
                0x00000ba0       0xb4 .\CortexM0\ARM_GCC_493\Debug\start01.a(LCD.o)
                0x00000ba0                LCD_IsReady
 .text.LCD_WriteData
                0x00000c54       0x18 .\CortexM0\ARM_GCC_493\Debug\start01.a(LCD.o)
                0x00000c54                LCD_WriteData
 .text.LCD_PrintString
                0x00000c6c       0x1c .\CortexM0\ARM_GCC_493\Debug\start01.a(LCD.o)
                0x00000c6c                LCD_PrintString
 .text.LCD_WriteControl
                0x00000c88       0x18 .\CortexM0\ARM_GCC_493\Debug\start01.a(LCD.o)
                0x00000c88                LCD_WriteControl
 .text.LCD_Init
                0x00000ca0       0x6c .\CortexM0\ARM_GCC_493\Debug\start01.a(LCD.o)
                0x00000ca0                LCD_Init
 .text.LCD_Enable
                0x00000d0c       0x14 .\CortexM0\ARM_GCC_493\Debug\start01.a(LCD.o)
                0x00000d0c                LCD_Enable
 .text.LCD_Start
                0x00000d20       0x20 .\CortexM0\ARM_GCC_493\Debug\start01.a(LCD.o)
                0x00000d20                LCD_Start
 .text.LCD_Position
                0x00000d40       0x3c .\CortexM0\ARM_GCC_493\Debug\start01.a(LCD.o)
                0x00000d40                LCD_Position
 .text.RTC_Update
                0x00000d7c       0x38 .\CortexM0\ARM_GCC_493\Debug\start01.a(RTC.o)
                0x00000d7c                RTC_Update
 .text.RTC_DateTimeToUnix
                0x00000db4      0x1b0 .\CortexM0\ARM_GCC_493\Debug\start01.a(RTC.o)
                0x00000db4                RTC_DateTimeToUnix
 .text.RTC_SetDateAndTime
                0x00000f64       0xbc .\CortexM0\ARM_GCC_493\Debug\start01.a(RTC.o)
                0x00000f64                RTC_SetDateAndTime
 .text.RTC_Init
                0x00001020       0x40 .\CortexM0\ARM_GCC_493\Debug\start01.a(RTC.o)
                0x00001020                RTC_Init
 .text.RTC_Start
                0x00001060       0x14 .\CortexM0\ARM_GCC_493\Debug\start01.a(RTC.o)
                0x00001060                RTC_Start
 .text.RTC_DaysInMonth
                0x00001074       0x44 .\CortexM0\ARM_GCC_493\Debug\start01.a(RTC.o)
                0x00001074                RTC_DaysInMonth
 .text.RTC_UnixToDateTime
                0x000010b8      0x294 .\CortexM0\ARM_GCC_493\Debug\start01.a(RTC.o)
                0x000010b8                RTC_UnixToDateTime
 .text.RTC_GetTime
                0x0000134c       0x34 .\CortexM0\ARM_GCC_493\Debug\start01.a(RTC.o)
                0x0000134c                RTC_GetTime
 .text.GatePin_Read
                0x00001380       0x10 .\CortexM0\ARM_GCC_493\Debug\start01.a(GatePin.o)
                0x00001380                GatePin_Read
 .text.Timer_Wait_Stop
                0x00001390       0x1c .\CortexM0\ARM_GCC_493\Debug\start01.a(Timer_Wait.o)
                0x00001390                Timer_Wait_Stop
 .text.Timer_Wait_WriteCounter
                0x000013ac       0x10 .\CortexM0\ARM_GCC_493\Debug\start01.a(Timer_Wait.o)
                0x000013ac                Timer_Wait_WriteCounter
 .text.Timer_Wait_WritePeriod
                0x000013bc       0x10 .\CortexM0\ARM_GCC_493\Debug\start01.a(Timer_Wait.o)
                0x000013bc                Timer_Wait_WritePeriod
 .text.Timer_Wait_WriteCompare
                0x000013cc       0x10 .\CortexM0\ARM_GCC_493\Debug\start01.a(Timer_Wait.o)
                0x000013cc                Timer_Wait_WriteCompare
 .text.Timer_Wait_TriggerCommand
                0x000013dc       0x1c .\CortexM0\ARM_GCC_493\Debug\start01.a(Timer_Wait.o)
                0x000013dc                Timer_Wait_TriggerCommand
 .text.Timer_Wait_Enable
                0x000013f8       0x24 .\CortexM0\ARM_GCC_493\Debug\start01.a(Timer_Wait.o)
                0x000013f8                Timer_Wait_Enable
 .text.Timer_Wait_SetInterruptMode
                0x0000141c        0xc .\CortexM0\ARM_GCC_493\Debug\start01.a(Timer_Wait.o)
                0x0000141c                Timer_Wait_SetInterruptMode
 .text.Timer_Wait_Init
                0x00001428       0x38 .\CortexM0\ARM_GCC_493\Debug\start01.a(Timer_Wait.o)
                0x00001428                Timer_Wait_Init
 .text.Timer_Wait_Start
                0x00001460       0x20 .\CortexM0\ARM_GCC_493\Debug\start01.a(Timer_Wait.o)
                0x00001460                Timer_Wait_Start
 .text.Timer_Wait_ClearInterrupt
                0x00001480        0xc .\CortexM0\ARM_GCC_493\Debug\start01.a(Timer_Wait.o)
                0x00001480                Timer_Wait_ClearInterrupt
 .text.int_wait_SetVector
                0x0000148c        0xc .\CortexM0\ARM_GCC_493\Debug\start01.a(int_wait.o)
                0x0000148c                int_wait_SetVector
 .text.int_wait_SetPriority
                0x00001498       0x24 .\CortexM0\ARM_GCC_493\Debug\start01.a(int_wait.o)
                0x00001498                int_wait_SetPriority
 .text.int_wait_Enable
                0x000014bc       0x10 .\CortexM0\ARM_GCC_493\Debug\start01.a(int_wait.o)
                0x000014bc                int_wait_Enable
 .text.int_wait_Disable
                0x000014cc       0x10 .\CortexM0\ARM_GCC_493\Debug\start01.a(int_wait.o)
                0x000014cc                int_wait_Disable
 .text.int_wait_StartEx
                0x000014dc       0x1c .\CortexM0\ARM_GCC_493\Debug\start01.a(int_wait.o)
                0x000014dc                int_wait_StartEx
 .text.WDT0_ISR_SetVector
                0x000014f8        0xc .\CortexM0\ARM_GCC_493\Debug\start01.a(WDT0_ISR.o)
                0x000014f8                WDT0_ISR_SetVector
 .text.WDT0_ISR_SetPriority
                0x00001504       0x24 .\CortexM0\ARM_GCC_493\Debug\start01.a(WDT0_ISR.o)
                0x00001504                WDT0_ISR_SetPriority
 .text.WDT0_ISR_Enable
                0x00001528       0x10 .\CortexM0\ARM_GCC_493\Debug\start01.a(WDT0_ISR.o)
                0x00001528                WDT0_ISR_Enable
 .text.WDT0_ISR_Disable
                0x00001538       0x10 .\CortexM0\ARM_GCC_493\Debug\start01.a(WDT0_ISR.o)
                0x00001538                WDT0_ISR_Disable
 .text.WDT0_ISR_StartEx
                0x00001548       0x1c .\CortexM0\ARM_GCC_493\Debug\start01.a(WDT0_ISR.o)
                0x00001548                WDT0_ISR_StartEx
 .text.WDT0_ISR_ClearPending
                0x00001564       0x10 .\CortexM0\ARM_GCC_493\Debug\start01.a(WDT0_ISR.o)
                0x00001564                WDT0_ISR_ClearPending
 *fill*         0x00001574        0x4 
 .text          0x00001578       0x28 .\CortexM0\ARM_GCC_493\Debug\start01.a(CyBootAsmGnu.o)
                0x00001578                CyDelayCycles
                0x0000158c                CyEnterCriticalSection
                0x00001594                CyExitCriticalSection
 .text          0x000015a0      0x120 c:/program files (x86)/cypress/psoc creator/3.3/psoc creator/import/gnu/arm/4.9.3/bin/../lib/gcc/arm-none-eabi/4.9.3/armv6-m\libgcc.a(_udivsi3.o)
                0x000015a0                __aeabi_uidiv
                0x000015a0                __udivsi3
                0x000016ac                __aeabi_uidivmod
 .text          0x000016c0        0x4 c:/program files (x86)/cypress/psoc creator/3.3/psoc creator/import/gnu/arm/4.9.3/bin/../lib/gcc/arm-none-eabi/4.9.3/armv6-m\libgcc.a(_dvmd_tls.o)
                0x000016c0                __aeabi_idiv0
                0x000016c0                __aeabi_ldiv0
 .text          0x000016c4       0x40 c:/program files (x86)/cypress/psoc creator/3.3/psoc creator/import/gnu/arm/4.9.3/bin/../lib/gcc/arm-none-eabi/4.9.3/armv6-m\libgcc.a(_aeabi_uldivmod.o)
                0x000016c4                __aeabi_uldivmod
 .text          0x00001704       0x6c c:/program files (x86)/cypress/psoc creator/3.3/psoc creator/import/gnu/arm/4.9.3/bin/../lib/gcc/arm-none-eabi/4.9.3/armv6-m\libgcc.a(bpabi.o)
                0x00001704                __gnu_ldivmod_helper
                0x0000173c                __gnu_uldivmod_helper
 .text          0x00001770       0x54 c:/program files (x86)/cypress/psoc creator/3.3/psoc creator/import/gnu/arm/4.9.3/bin/../lib/gcc/arm-none-eabi/4.9.3/armv6-m\libgcc.a(_muldi3.o)
                0x00001770                __muldi3
                0x00001770                __aeabi_lmul
 .text          0x000017c4      0x1f0 c:/program files (x86)/cypress/psoc creator/3.3/psoc creator/import/gnu/arm/4.9.3/bin/../lib/gcc/arm-none-eabi/4.9.3/armv6-m\libgcc.a(_divdi3.o)
                0x000017c4                __divdi3
 .text          0x000019b4      0x158 c:/program files (x86)/cypress/psoc creator/3.3/psoc creator/import/gnu/arm/4.9.3/bin/../lib/gcc/arm-none-eabi/4.9.3/armv6-m\libgcc.a(_udivdi3.o)
                0x000019b4                __udivdi3
 .text          0x00001b0c       0x18 c:/program files (x86)/cypress/psoc creator/3.3/psoc creator/import/gnu/arm/4.9.3/bin/../lib/gcc/arm-none-eabi/4.9.3/armv6-m\libgcc.a(_clzdi2.o)
                0x00001b0c                __clzdi2
 .text          0x00001b24       0x3c c:/program files (x86)/cypress/psoc creator/3.3/psoc creator/import/gnu/arm/4.9.3/bin/../lib/gcc/arm-none-eabi/4.9.3/armv6-m\libgcc.a(_clzsi2.o)
                0x00001b24                __clzsi2
 .text.__errno  0x00001b60        0xc c:/program files (x86)/cypress/psoc creator/3.3/psoc creator/import/gnu/arm/4.9.3/bin/../lib/gcc/arm-none-eabi/4.9.3/../../../../arm-none-eabi/lib/armv6-m\libg_nano.a(lib_a-errno.o)
                0x00001b60                __errno
 .text.__libc_init_array
                0x00001b6c       0x4c c:/program files (x86)/cypress/psoc creator/3.3/psoc creator/import/gnu/arm/4.9.3/bin/../lib/gcc/arm-none-eabi/4.9.3/../../../../arm-none-eabi/lib/armv6-m\libg_nano.a(lib_a-init.o)
                0x00001b6c                __libc_init_array
 .text.memset   0x00001bb8       0x10 c:/program files (x86)/cypress/psoc creator/3.3/psoc creator/import/gnu/arm/4.9.3/bin/../lib/gcc/arm-none-eabi/4.9.3/../../../../arm-none-eabi/lib/armv6-m\libg_nano.a(lib_a-memset.o)
                0x00001bb8                memset
 .text.sprintf  0x00001bc8       0x44 c:/program files (x86)/cypress/psoc creator/3.3/psoc creator/import/gnu/arm/4.9.3/bin/../lib/gcc/arm-none-eabi/4.9.3/../../../../arm-none-eabi/lib/armv6-m\libg_nano.a(lib_a-sprintf.o)
                0x00001bc8                siprintf
                0x00001bc8                sprintf
 .text.__ssputs_r
                0x00001c0c       0xc0 c:/program files (x86)/cypress/psoc creator/3.3/psoc creator/import/gnu/arm/4.9.3/bin/../lib/gcc/arm-none-eabi/4.9.3/../../../../arm-none-eabi/lib/armv6-m\libg_nano.a(lib_a-nano-svfprintf.o)
                0x00001c0c                __ssputs_r
 .text._svfprintf_r
                0x00001ccc      0x1ec c:/program files (x86)/cypress/psoc creator/3.3/psoc creator/import/gnu/arm/4.9.3/bin/../lib/gcc/arm-none-eabi/4.9.3/../../../../arm-none-eabi/lib/armv6-m\libg_nano.a(lib_a-nano-svfprintf.o)
                0x00001ccc                _svfiprintf_r
                0x00001ccc                _svfprintf_r
 .text._printf_common
                0x00001eb8       0xdc c:/program files (x86)/cypress/psoc creator/3.3/psoc creator/import/gnu/arm/4.9.3/bin/../lib/gcc/arm-none-eabi/4.9.3/../../../../arm-none-eabi/lib/armv6-m\libg_nano.a(lib_a-nano-vfprintf_i.o)
                0x00001eb8                _printf_common
 .text._printf_i
                0x00001f94      0x230 c:/program files (x86)/cypress/psoc creator/3.3/psoc creator/import/gnu/arm/4.9.3/bin/../lib/gcc/arm-none-eabi/4.9.3/../../../../arm-none-eabi/lib/armv6-m\libg_nano.a(lib_a-nano-vfprintf_i.o)
                0x00001f94                _printf_i
 .text.memchr   0x000021c4       0x16 c:/program files (x86)/cypress/psoc creator/3.3/psoc creator/import/gnu/arm/4.9.3/bin/../lib/gcc/arm-none-eabi/4.9.3/../../../../arm-none-eabi/lib/armv6-m\libg_nano.a(lib_a-memchr.o)
                0x000021c4                memchr
 .text.memcpy   0x000021da       0x12 c:/program files (x86)/cypress/psoc creator/3.3/psoc creator/import/gnu/arm/4.9.3/bin/../lib/gcc/arm-none-eabi/4.9.3/../../../../arm-none-eabi/lib/armv6-m\libg_nano.a(lib_a-memcpy.o)
                0x000021da                memcpy
 .text.memmove  0x000021ec       0x28 c:/program files (x86)/cypress/psoc creator/3.3/psoc creator/import/gnu/arm/4.9.3/bin/../lib/gcc/arm-none-eabi/4.9.3/../../../../arm-none-eabi/lib/armv6-m\libg_nano.a(lib_a-memmove.o)
                0x000021ec                memmove
 .text._free_r  0x00002214       0x8c c:/program files (x86)/cypress/psoc creator/3.3/psoc creator/import/gnu/arm/4.9.3/bin/../lib/gcc/arm-none-eabi/4.9.3/../../../../arm-none-eabi/lib/armv6-m\libg_nano.a(lib_a-nano-freer.o)
                0x00002214                _free_r
 .text._malloc_r
                0x000022a0       0xb0 c:/program files (x86)/cypress/psoc creator/3.3/psoc creator/import/gnu/arm/4.9.3/bin/../lib/gcc/arm-none-eabi/4.9.3/../../../../arm-none-eabi/lib/armv6-m\libg_nano.a(lib_a-nano-mallocr.o)
                0x000022a0                _malloc_r
 .text._realloc_r
                0x00002350       0x4c c:/program files (x86)/cypress/psoc creator/3.3/psoc creator/import/gnu/arm/4.9.3/bin/../lib/gcc/arm-none-eabi/4.9.3/../../../../arm-none-eabi/lib/armv6-m\libg_nano.a(lib_a-nano-reallocr.o)
                0x00002350                _realloc_r
 .text._sbrk_r  0x0000239c       0x24 c:/program files (x86)/cypress/psoc creator/3.3/psoc creator/import/gnu/arm/4.9.3/bin/../lib/gcc/arm-none-eabi/4.9.3/../../../../arm-none-eabi/lib/armv6-m\libg_nano.a(lib_a-sbrkr.o)
                0x0000239c                _sbrk_r
 .text._malloc_usable_size_r
                0x000023c0       0x16 c:/program files (x86)/cypress/psoc creator/3.3/psoc creator/import/gnu/arm/4.9.3/bin/../lib/gcc/arm-none-eabi/4.9.3/../../../../arm-none-eabi/lib/armv6-m\libg_nano.a(lib_a-nano-msizer.o)
                0x000023c0                _malloc_usable_size_r
 *(.plt)
 *(.gnu.warning)
 *(.glue_7t)
 .glue_7t       0x00000000        0x0 linker stubs
 *(.glue_7)
 .glue_7        0x00000000        0x0 linker stubs
 *(.vfp11_veneer)
 .vfp11_veneer  0x00000000        0x0 linker stubs
 *(.bootloader)
 *(.ARM.extab* .gnu.linkonce.armextab.*)
 *(.gcc_except_table)

.v4_bx          0x000023d8        0x0
 .v4_bx         0x00000000        0x0 linker stubs

.iplt           0x000023d8        0x0
 .iplt          0x00000000        0x0 c:/program files (x86)/cypress/psoc creator/3.3/psoc creator/import/gnu/arm/4.9.3/bin/../lib/gcc/arm-none-eabi/4.9.3/armv6-m/crtbegin.o

.eh_frame_hdr
 *(.eh_frame_hdr)

.eh_frame       0x000023d8        0x4
 *(.eh_frame)
 .eh_frame      0x000023d8        0x0 c:/program files (x86)/cypress/psoc creator/3.3/psoc creator/import/gnu/arm/4.9.3/bin/../lib/gcc/arm-none-eabi/4.9.3/armv6-m/crtbegin.o
 .eh_frame      0x000023d8        0x4 c:/program files (x86)/cypress/psoc creator/3.3/psoc creator/import/gnu/arm/4.9.3/bin/../lib/gcc/arm-none-eabi/4.9.3/armv6-m/crtend.o
                0x000023dc                PROVIDE (__exidx_start, .)

.ARM.exidx      0x000023dc        0x8
 *(.ARM.exidx* .gnu.linkonce.armexidx.*)
 .ARM.exidx     0x000023dc        0x8 c:/program files (x86)/cypress/psoc creator/3.3/psoc creator/import/gnu/arm/4.9.3/bin/../lib/gcc/arm-none-eabi/4.9.3/armv6-m\libgcc.a(_divdi3.o)
 .ARM.exidx     0x000023e4        0x0 c:/program files (x86)/cypress/psoc creator/3.3/psoc creator/import/gnu/arm/4.9.3/bin/../lib/gcc/arm-none-eabi/4.9.3/armv6-m\libgcc.a(_udivdi3.o)
                                  0x8 (size before relaxing)
                0x000023e4                __exidx_end = .

.rodata         0x000023e4      0x13c
 *(.rodata .rodata.* .gnu.linkonce.r.*)
 .rodata.str1.4
                0x000023e4       0x56 .\CortexM0\ARM_GCC_493\Debug\main.o
                                 0x58 (size before relaxing)
 *fill*         0x0000243a        0x2 
 .rodata.str1.4
                0x0000243c       0x18 .\CortexM0\ARM_GCC_493\Debug\display.o
 .rodata        0x00002454        0xc .\CortexM0\ARM_GCC_493\Debug\start01.a(cyfitter_cfg.o)
 .rodata        0x00002460       0x30 .\CortexM0\ARM_GCC_493\Debug\start01.a(CyLib.o)
                0x00002460                cyImoFreqMhz2Reg
 .rodata        0x00002490       0x24 .\CortexM0\ARM_GCC_493\Debug\start01.a(RTC.o)
                0x00002490                RTC_daysBeforeMonthTbl
                0x000024a8                RTC_daysInMonthTbl
 .rodata.str1.1
                0x000024b4        0x2 c:/program files (x86)/cypress/psoc creator/3.3/psoc creator/import/gnu/arm/4.9.3/bin/../lib/gcc/arm-none-eabi/4.9.3/../../../../arm-none-eabi/lib/armv6-m\libg_nano.a(lib_a-impure.o)
 .rodata.str1.1
                0x000024b6       0x11 c:/program files (x86)/cypress/psoc creator/3.3/psoc creator/import/gnu/arm/4.9.3/bin/../lib/gcc/arm-none-eabi/4.9.3/../../../../arm-none-eabi/lib/armv6-m\libg_nano.a(lib_a-nano-svfprintf.o)
 .rodata.str1.1
                0x000024c7       0x22 c:/program files (x86)/cypress/psoc creator/3.3/psoc creator/import/gnu/arm/4.9.3/bin/../lib/gcc/arm-none-eabi/4.9.3/../../../../arm-none-eabi/lib/armv6-m\libg_nano.a(lib_a-nano-vfprintf_i.o)
                0x000024ec                . = ALIGN (0x4)
 *fill*         0x000024e9        0x3 
 *(.init)
 .init          0x000024ec        0x4 c:/program files (x86)/cypress/psoc creator/3.3/psoc creator/import/gnu/arm/4.9.3/bin/../lib/gcc/arm-none-eabi/4.9.3/armv6-m/crti.o
                0x000024ec                _init
 .init          0x000024f0        0x8 c:/program files (x86)/cypress/psoc creator/3.3/psoc creator/import/gnu/arm/4.9.3/bin/../lib/gcc/arm-none-eabi/4.9.3/armv6-m/crtn.o
                0x000024f8                . = ALIGN (0x4)
                0x000024f8                __preinit_array_start = .
 *(.preinit_array)
                0x000024f8                __preinit_array_end = .
                0x000024f8                . = ALIGN (0x4)
                0x000024f8                __init_array_start = .
 *(SORT(.init_array.*))
 *(.init_array)
 .init_array    0x000024f8        0x4 c:/program files (x86)/cypress/psoc creator/3.3/psoc creator/import/gnu/arm/4.9.3/bin/../lib/gcc/arm-none-eabi/4.9.3/armv6-m/crtbegin.o
 .init_array    0x000024fc        0x4 .\CortexM0\ARM_GCC_493\Debug\Cm0Start.o
                0x00002500                __init_array_end = .
                0x00002500                . = ALIGN (0x4)
 *(.fini)
 .fini          0x00002500        0x4 c:/program files (x86)/cypress/psoc creator/3.3/psoc creator/import/gnu/arm/4.9.3/bin/../lib/gcc/arm-none-eabi/4.9.3/armv6-m/crti.o
                0x00002500                _fini
 .fini          0x00002504        0x8 c:/program files (x86)/cypress/psoc creator/3.3/psoc creator/import/gnu/arm/4.9.3/bin/../lib/gcc/arm-none-eabi/4.9.3/armv6-m/crtn.o
                0x0000250c                . = ALIGN (0x4)
                0x0000250c                __fini_array_start = .
 *(.fini_array)
 .fini_array    0x0000250c        0x4 c:/program files (x86)/cypress/psoc creator/3.3/psoc creator/import/gnu/arm/4.9.3/bin/../lib/gcc/arm-none-eabi/4.9.3/armv6-m/crtbegin.o
 *(SORT(.fini_array.*))
                0x00002510                __fini_array_end = .
                0x00002510                . = ALIGN (0x4)
 *crtbegin.o(.ctors)
 *(EXCLUDE_FILE(*crtend.o) .ctors)
 *(SORT(.ctors.*))
 *crtend.o(.ctors)
                0x00002510                . = ALIGN (0x4)
 *crtbegin.o(.dtors)
 *(EXCLUDE_FILE(*crtend.o) .dtors)
 *(SORT(.dtors.*))
 *crtend.o(.dtors)
                0x00002510                . = ALIGN (0x4)
                0x00002510                __cy_regions = .
                0x00002510        0x4 LONG 0x2520 __cy_region_init_ram
                0x00002514        0x4 LONG 0x200000c8 __cy_region_start_data
                0x00002518        0x4 LONG 0x80 __cy_region_init_size_ram
                0x0000251c        0x4 LONG 0x88 __cy_region_zero_size_ram
                0x00002520                __cy_regions_end = .
                0x00002520                . = ALIGN (0x8)
                0x00002520                _etext = .

.cy_checksum_exclude
                0x00002520        0x0
 *(.cy_checksum_exclude)

.ramvectors     0x20000000       0xc0
                0x20000000                __cy_region_start_ram = .
 *(.ramvectors)
 .ramvectors    0x20000000       0xc0 .\CortexM0\ARM_GCC_493\Debug\Cm0Start.o
                0x20000000                CyRamVectors

.noinit         0x200000c0        0x4
 *(.noinit)
 .noinit        0x200000c0        0x4 .\CortexM0\ARM_GCC_493\Debug\Cm0Start.o

.data           0x200000c8       0x80 load address 0x00002520
                0x200000c8                __cy_region_start_data = .
 *(.jcr)
 .jcr           0x200000c8        0x0 c:/program files (x86)/cypress/psoc creator/3.3/psoc creator/import/gnu/arm/4.9.3/bin/../lib/gcc/arm-none-eabi/4.9.3/armv6-m/crtbegin.o
 .jcr           0x200000c8        0x4 c:/program files (x86)/cypress/psoc creator/3.3/psoc creator/import/gnu/arm/4.9.3/bin/../lib/gcc/arm-none-eabi/4.9.3/armv6-m/crtend.o
 *(.got.plt)
 *(.got)
 *(.shdata)
 *(.data .data.* .gnu.linkonce.d.*)
 .data          0x200000cc        0x4 .\CortexM0\ARM_GCC_493\Debug\Cm0Start.o
 .data          0x200000d0       0x10 .\CortexM0\ARM_GCC_493\Debug\start01.a(CyLib.o)
                0x200000d0                cydelay32kMs
                0x200000d4                cydelayFreqKhz
                0x200000d8                cydelayFreqMhz
                0x200000dc                cydelayFreqHz
 .data.impure_data
                0x200000e0       0x60 c:/program files (x86)/cypress/psoc creator/3.3/psoc creator/import/gnu/arm/4.9.3/bin/../lib/gcc/arm-none-eabi/4.9.3/../../../../arm-none-eabi/lib/armv6-m\libg_nano.a(lib_a-impure.o)
 .data._impure_ptr
                0x20000140        0x4 c:/program files (x86)/cypress/psoc creator/3.3/psoc creator/import/gnu/arm/4.9.3/bin/../lib/gcc/arm-none-eabi/4.9.3/../../../../arm-none-eabi/lib/armv6-m\libg_nano.a(lib_a-impure.o)
                0x20000140                _impure_ptr
                0x20000148                . = ALIGN (0x8)
 *fill*         0x20000144        0x4 
 *(.ram)
                0x20000148                _edata = .

.igot.plt       0x20000148        0x0 load address 0x000025a0
 .igot.plt      0x00000000        0x0 c:/program files (x86)/cypress/psoc creator/3.3/psoc creator/import/gnu/arm/4.9.3/bin/../lib/gcc/arm-none-eabi/4.9.3/armv6-m/crtbegin.o

.bss            0x20000148       0x88 load address 0x000025a0
                0x20000148                PROVIDE (__bss_start__, .)
 *(.shbss)
 *(.bss .bss.* .gnu.linkonce.b.*)
 .bss           0x20000148       0x1c c:/program files (x86)/cypress/psoc creator/3.3/psoc creator/import/gnu/arm/4.9.3/bin/../lib/gcc/arm-none-eabi/4.9.3/armv6-m/crtbegin.o
 *fill*         0x20000164        0x4 
 .bss           0x20000168       0x10 .\CortexM0\ARM_GCC_493\Debug\RTC_WDT.o
                0x20000168                msRTC
 .bss           0x20000178        0x4 .\CortexM0\ARM_GCC_493\Debug\wait_timer.o
 .bss           0x2000017c        0x2 .\CortexM0\ARM_GCC_493\Debug\start01.a(LCD.o)
                0x2000017c                LCD_enableState
                0x2000017d                LCD_initVar
 *fill*         0x2000017e        0x2 
 .bss           0x20000180       0x10 .\CortexM0\ARM_GCC_493\Debug\start01.a(RTC.o)
 .bss           0x20000190        0x1 .\CortexM0\ARM_GCC_493\Debug\start01.a(Timer_Wait.o)
                0x20000190                Timer_Wait_initVar
 *fill*         0x20000191        0x3 
 .bss.__malloc_sbrk_start
                0x20000194        0x4 c:/program files (x86)/cypress/psoc creator/3.3/psoc creator/import/gnu/arm/4.9.3/bin/../lib/gcc/arm-none-eabi/4.9.3/../../../../arm-none-eabi/lib/armv6-m\libg_nano.a(lib_a-nano-mallocr.o)
                0x20000194                __malloc_sbrk_start
 .bss.__malloc_free_list
                0x20000198        0x4 c:/program files (x86)/cypress/psoc creator/3.3/psoc creator/import/gnu/arm/4.9.3/bin/../lib/gcc/arm-none-eabi/4.9.3/../../../../arm-none-eabi/lib/armv6-m\libg_nano.a(lib_a-nano-mallocr.o)
                0x20000198                __malloc_free_list
 *(COMMON)
 COMMON         0x2000019c        0x1 .\CortexM0\ARM_GCC_493\Debug\LED.o
                0x2000019c                LED_InitValue
 *fill*         0x2000019d        0x3 
 COMMON         0x200001a0       0x28 .\CortexM0\ARM_GCC_493\Debug\start01.a(RTC.o)
                0x200001a0                RTC_initVar
                0x200001a4                RTC_currentTimeDate
                0x200001b4                RTC_alarmCurStatus
                0x200001b8                RTC_dstStatus
                0x200001c0                RTC_unixTime
 COMMON         0x200001c8        0x4 c:/program files (x86)/cypress/psoc creator/3.3/psoc creator/import/gnu/arm/4.9.3/bin/../lib/gcc/arm-none-eabi/4.9.3/../../../../arm-none-eabi/lib/armv6-m\libg_nano.a(lib_a-reent.o)
                0x200001c8                errno
                0x200001d0                . = ALIGN (0x8)
 *fill*         0x200001cc        0x4 
 *(.ram.b)
                0x200001d0                _end = .
                0x200001d0                __end = .
                0x200001d0                PROVIDE (end, .)
                0x200001d0                PROVIDE (__bss_end__, .)
                0x00002520                __cy_region_init_ram = LOADADDR (.data)
                0x00000080                __cy_region_init_size_ram = (_edata - ADDR (.data))
                0x00000088                __cy_region_zero_size_ram = (_end - _edata)

.heap           0x200001d0       0x80 load address 0x000025a0
                0x200001d0                . = _end
                0x20000250                . = (. + 0x80)
 *fill*         0x200001d0       0x80 
                0x20000250                __cy_heap_limit = .

.stack          0x20000c00      0x400
                0x20000c00                __cy_stack_limit = .
                0x20001000                . = (. + 0x400)
 *fill*         0x20000c00      0x400 
                0x00000001                ASSERT ((__cy_stack_limit >= __cy_heap_limit), region RAM overflowed with stack)
                0x00000000                cy_checksum_exclude_size = (CY_APPL_LOADABLE == 0x1)?SIZEOF (.cy_checksum_exclude):0x0
                0x00000001                ASSERT ((cy_checksum_exclude_size <= CY_CHECKSUM_EXCLUDE_SIZE), CY_BOOT: Section .cy_checksum_exclude size exceedes specified limit.)
                0x00007fc0                cyloadermeta_start = (cy_project_type_bootloader || cy_project_type_app_for_stack_and_copier)?(0x8000 - CY_METADATA_SIZE):0xf0000000

.cyloadermeta
 *(.cyloadermeta)
                0x00007fc0                cyloadablemeta_start = cy_project_type_app_for_stack_and_copier?((0x8000 - CY_FLASH_ROW_SIZE) - CY_METADATA_SIZE):((0x8000 - (CY_FLASH_ROW_SIZE * (CY_APPL_NUM - 0x1))) - CY_METADATA_SIZE)

.cyloadablemeta
 *(.cyloadablemeta)

.cyflashprotect
                0x90400000       0x20
 *(.cyflashprotect)
 .cyflashprotect
                0x90400000       0x20 .\CortexM0\ARM_GCC_493\Debug\cymetadata.o
                0x90400000                cy_meta_flashprotect

.cymeta         0x90500000        0xc
 *(.cymeta)
 .cymeta        0x90500000        0xc .\CortexM0\ARM_GCC_493\Debug\cymetadata.o
                0x90500000                cy_metadata

.cychipprotect  0x90600000        0x4
 *(.cychipprotect)
 .cychipprotect
                0x90600000        0x4 .\CortexM0\ARM_GCC_493\Debug\cymetadata.o
                0x90600000                cy_meta_chipprotect

.rel.dyn        0x000025a0        0x0 load address 0x90600004
 .rel.iplt      0x00000000        0x0 c:/program files (x86)/cypress/psoc creator/3.3/psoc creator/import/gnu/arm/4.9.3/bin/../lib/gcc/arm-none-eabi/4.9.3/armv6-m/crtbegin.o

.stab
 *(.stab)

.stabstr
 *(.stabstr)

.debug
 *(.debug)

.line
 *(.line)

.debug_srcinfo
 *(.debug_srcinfo)

.debug_sfnames
 *(.debug_sfnames)

.debug_aranges  0x00000000      0xc48
 *(.debug_aranges)
 .debug_aranges
                0x00000000       0x40 .\CortexM0\ARM_GCC_493\Debug\main.o
 .debug_aranges
                0x00000040       0x40 .\CortexM0\ARM_GCC_493\Debug\LED.o
 .debug_aranges
                0x00000080       0x30 .\CortexM0\ARM_GCC_493\Debug\display.o
 .debug_aranges
                0x000000b0       0x60 .\CortexM0\ARM_GCC_493\Debug\RTC_WDT.o
 .debug_aranges
                0x00000110       0x20 .\CortexM0\ARM_GCC_493\Debug\gate.o
 .debug_aranges
                0x00000130       0x28 .\CortexM0\ARM_GCC_493\Debug\network.o
 .debug_aranges
                0x00000158       0x28 .\CortexM0\ARM_GCC_493\Debug\database.o
 .debug_aranges
                0x00000180       0x30 .\CortexM0\ARM_GCC_493\Debug\wait_timer.o
 .debug_aranges
                0x000001b0       0x18 .\CortexM0\ARM_GCC_493\Debug\cymetadata.o
 .debug_aranges
                0x000001c8       0x48 .\CortexM0\ARM_GCC_493\Debug\Cm0Start.o
 .debug_aranges
                0x00000210       0x30 .\CortexM0\ARM_GCC_493\Debug\start01.a(cyfitter_cfg.o)
 .debug_aranges
                0x00000240      0x178 .\CortexM0\ARM_GCC_493\Debug\start01.a(CyLib.o)
 .debug_aranges
                0x000003b8      0x138 .\CortexM0\ARM_GCC_493\Debug\start01.a(CyLFClk.o)
 .debug_aranges
                0x000004f0       0x80 .\CortexM0\ARM_GCC_493\Debug\start01.a(Int_Timer_Led.o)
 .debug_aranges
                0x00000570       0x48 .\CortexM0\ARM_GCC_493\Debug\start01.a(LED_PIN.o)
 .debug_aranges
                0x000005b8      0x158 .\CortexM0\ARM_GCC_493\Debug\start01.a(Timer_LED.o)
 .debug_aranges
                0x00000710       0x98 .\CortexM0\ARM_GCC_493\Debug\start01.a(LCD.o)
 .debug_aranges
                0x000007a8       0xc0 .\CortexM0\ARM_GCC_493\Debug\start01.a(RTC.o)
 .debug_aranges
                0x00000868       0x48 .\CortexM0\ARM_GCC_493\Debug\start01.a(GatePin.o)
 .debug_aranges
                0x000008b0       0x60 .\CortexM0\ARM_GCC_493\Debug\start01.a(UART_XB_SPI_UART.o)
 .debug_aranges
                0x00000910       0x60 .\CortexM0\ARM_GCC_493\Debug\start01.a(UART_XB_UART.o)
 .debug_aranges
                0x00000970      0x158 .\CortexM0\ARM_GCC_493\Debug\start01.a(Timer_Wait.o)
 .debug_aranges
                0x00000ac8       0x80 .\CortexM0\ARM_GCC_493\Debug\start01.a(int_wait.o)
 .debug_aranges
                0x00000b48       0x80 .\CortexM0\ARM_GCC_493\Debug\start01.a(WDT0_ISR.o)
 .debug_aranges
                0x00000bc8       0x20 .\CortexM0\ARM_GCC_493\Debug\start01.a(CyBootAsmGnu.o)
 .debug_aranges
                0x00000be8       0x60 .\CortexM0\ARM_GCC_493\Debug\start01.a(UART_XB.o)

.debug_pubnames
 *(.debug_pubnames)

.debug_info     0x00000000     0x6e92
 *(.debug_info .gnu.linkonce.wi.*)
 .debug_info    0x00000000      0x3de .\CortexM0\ARM_GCC_493\Debug\main.o
 .debug_info    0x000003de      0x294 .\CortexM0\ARM_GCC_493\Debug\LED.o
 .debug_info    0x00000672      0x312 .\CortexM0\ARM_GCC_493\Debug\display.o
 .debug_info    0x00000984      0x504 .\CortexM0\ARM_GCC_493\Debug\RTC_WDT.o
 .debug_info    0x00000e88       0xc9 .\CortexM0\ARM_GCC_493\Debug\gate.o
 .debug_info    0x00000f51      0x166 .\CortexM0\ARM_GCC_493\Debug\network.o
 .debug_info    0x000010b7       0xc3 .\CortexM0\ARM_GCC_493\Debug\database.o
 .debug_info    0x0000117a      0x1a0 .\CortexM0\ARM_GCC_493\Debug\wait_timer.o
 .debug_info    0x0000131a       0xfe .\CortexM0\ARM_GCC_493\Debug\cymetadata.o
 .debug_info    0x00001418      0x38c .\CortexM0\ARM_GCC_493\Debug\Cm0Start.o
 .debug_info    0x000017a4      0x22f .\CortexM0\ARM_GCC_493\Debug\start01.a(cyfitter_cfg.o)
 .debug_info    0x000019d3      0xad1 .\CortexM0\ARM_GCC_493\Debug\start01.a(CyLib.o)
 .debug_info    0x000024a4      0xcfc .\CortexM0\ARM_GCC_493\Debug\start01.a(CyLFClk.o)
 .debug_info    0x000031a0      0x300 .\CortexM0\ARM_GCC_493\Debug\start01.a(Int_Timer_Led.o)
 .debug_info    0x000034a0      0x19d .\CortexM0\ARM_GCC_493\Debug\start01.a(LED_PIN.o)
 .debug_info    0x0000363d      0x904 .\CortexM0\ARM_GCC_493\Debug\start01.a(Timer_LED.o)
 .debug_info    0x00003f41      0x722 .\CortexM0\ARM_GCC_493\Debug\start01.a(LCD.o)
 .debug_info    0x00004663      0xfd2 .\CortexM0\ARM_GCC_493\Debug\start01.a(RTC.o)
 .debug_info    0x00005635      0x19d .\CortexM0\ARM_GCC_493\Debug\start01.a(GatePin.o)
 .debug_info    0x000057d2      0x219 .\CortexM0\ARM_GCC_493\Debug\start01.a(UART_XB_SPI_UART.o)
 .debug_info    0x000059eb      0x2c4 .\CortexM0\ARM_GCC_493\Debug\start01.a(UART_XB_UART.o)
 .debug_info    0x00005caf      0x904 .\CortexM0\ARM_GCC_493\Debug\start01.a(Timer_Wait.o)
 .debug_info    0x000065b3      0x300 .\CortexM0\ARM_GCC_493\Debug\start01.a(int_wait.o)
 .debug_info    0x000068b3      0x300 .\CortexM0\ARM_GCC_493\Debug\start01.a(WDT0_ISR.o)
 .debug_info    0x00006bb3       0xa6 .\CortexM0\ARM_GCC_493\Debug\start01.a(CyBootAsmGnu.o)
 .debug_info    0x00006c59      0x239 .\CortexM0\ARM_GCC_493\Debug\start01.a(UART_XB.o)

.debug_abbrev   0x00000000     0x219c
 *(.debug_abbrev)
 .debug_abbrev  0x00000000      0x13f .\CortexM0\ARM_GCC_493\Debug\main.o
 .debug_abbrev  0x0000013f      0x14c .\CortexM0\ARM_GCC_493\Debug\LED.o
 .debug_abbrev  0x0000028b      0x143 .\CortexM0\ARM_GCC_493\Debug\display.o
 .debug_abbrev  0x000003ce      0x214 .\CortexM0\ARM_GCC_493\Debug\RTC_WDT.o
 .debug_abbrev  0x000005e2       0x71 .\CortexM0\ARM_GCC_493\Debug\gate.o
 .debug_abbrev  0x00000653       0xe9 .\CortexM0\ARM_GCC_493\Debug\network.o
 .debug_abbrev  0x0000073c       0x7a .\CortexM0\ARM_GCC_493\Debug\database.o
 .debug_abbrev  0x000007b6      0x117 .\CortexM0\ARM_GCC_493\Debug\wait_timer.o
 .debug_abbrev  0x000008cd       0x5d .\CortexM0\ARM_GCC_493\Debug\cymetadata.o
 .debug_abbrev  0x0000092a      0x1fe .\CortexM0\ARM_GCC_493\Debug\Cm0Start.o
 .debug_abbrev  0x00000b28      0x150 .\CortexM0\ARM_GCC_493\Debug\start01.a(cyfitter_cfg.o)
 .debug_abbrev  0x00000c78      0x20d .\CortexM0\ARM_GCC_493\Debug\start01.a(CyLib.o)
 .debug_abbrev  0x00000e85      0x23b .\CortexM0\ARM_GCC_493\Debug\start01.a(CyLFClk.o)
 .debug_abbrev  0x000010c0      0x1b4 .\CortexM0\ARM_GCC_493\Debug\start01.a(Int_Timer_Led.o)
 .debug_abbrev  0x00001274       0xc8 .\CortexM0\ARM_GCC_493\Debug\start01.a(LED_PIN.o)
 .debug_abbrev  0x0000133c      0x133 .\CortexM0\ARM_GCC_493\Debug\start01.a(Timer_LED.o)
 .debug_abbrev  0x0000146f      0x18b .\CortexM0\ARM_GCC_493\Debug\start01.a(LCD.o)
 .debug_abbrev  0x000015fa      0x2b2 .\CortexM0\ARM_GCC_493\Debug\start01.a(RTC.o)
 .debug_abbrev  0x000018ac       0xc8 .\CortexM0\ARM_GCC_493\Debug\start01.a(GatePin.o)
 .debug_abbrev  0x00001974      0x14f .\CortexM0\ARM_GCC_493\Debug\start01.a(UART_XB_SPI_UART.o)
 .debug_abbrev  0x00001ac3      0x13d .\CortexM0\ARM_GCC_493\Debug\start01.a(UART_XB_UART.o)
 .debug_abbrev  0x00001c00      0x133 .\CortexM0\ARM_GCC_493\Debug\start01.a(Timer_Wait.o)
 .debug_abbrev  0x00001d33      0x1b4 .\CortexM0\ARM_GCC_493\Debug\start01.a(int_wait.o)
 .debug_abbrev  0x00001ee7      0x1b4 .\CortexM0\ARM_GCC_493\Debug\start01.a(WDT0_ISR.o)
 .debug_abbrev  0x0000209b       0x14 .\CortexM0\ARM_GCC_493\Debug\start01.a(CyBootAsmGnu.o)
 .debug_abbrev  0x000020af       0xed .\CortexM0\ARM_GCC_493\Debug\start01.a(UART_XB.o)

.debug_line     0x00000000     0x30e4
 *(.debug_line)
 .debug_line    0x00000000      0x222 .\CortexM0\ARM_GCC_493\Debug\main.o
 .debug_line    0x00000222      0x1d1 .\CortexM0\ARM_GCC_493\Debug\LED.o
 .debug_line    0x000003f3      0x1a6 .\CortexM0\ARM_GCC_493\Debug\display.o
 .debug_line    0x00000599      0x243 .\CortexM0\ARM_GCC_493\Debug\RTC_WDT.o
 .debug_line    0x000007dc       0x6d .\CortexM0\ARM_GCC_493\Debug\gate.o
 .debug_line    0x00000849      0x19f .\CortexM0\ARM_GCC_493\Debug\network.o
 .debug_line    0x000009e8      0x145 .\CortexM0\ARM_GCC_493\Debug\database.o
 .debug_line    0x00000b2d      0x1a5 .\CortexM0\ARM_GCC_493\Debug\wait_timer.o
 .debug_line    0x00000cd2       0x53 .\CortexM0\ARM_GCC_493\Debug\cymetadata.o
 .debug_line    0x00000d25      0x248 .\CortexM0\ARM_GCC_493\Debug\Cm0Start.o
 .debug_line    0x00000f6d      0x143 .\CortexM0\ARM_GCC_493\Debug\start01.a(cyfitter_cfg.o)
 .debug_line    0x000010b0      0x44b .\CortexM0\ARM_GCC_493\Debug\start01.a(CyLib.o)
 .debug_line    0x000014fb      0x469 .\CortexM0\ARM_GCC_493\Debug\start01.a(CyLFClk.o)
 .debug_line    0x00001964      0x172 .\CortexM0\ARM_GCC_493\Debug\start01.a(Int_Timer_Led.o)
 .debug_line    0x00001ad6       0xc1 .\CortexM0\ARM_GCC_493\Debug\start01.a(LED_PIN.o)
 .debug_line    0x00001b97      0x380 .\CortexM0\ARM_GCC_493\Debug\start01.a(Timer_LED.o)
 .debug_line    0x00001f17      0x1e8 .\CortexM0\ARM_GCC_493\Debug\start01.a(LCD.o)
 .debug_line    0x000020ff      0x474 .\CortexM0\ARM_GCC_493\Debug\start01.a(RTC.o)
 .debug_line    0x00002573       0xc1 .\CortexM0\ARM_GCC_493\Debug\start01.a(GatePin.o)
 .debug_line    0x00002634      0x136 .\CortexM0\ARM_GCC_493\Debug\start01.a(UART_XB_SPI_UART.o)
 .debug_line    0x0000276a      0x16e .\CortexM0\ARM_GCC_493\Debug\start01.a(UART_XB_UART.o)
 .debug_line    0x000028d8      0x381 .\CortexM0\ARM_GCC_493\Debug\start01.a(Timer_Wait.o)
 .debug_line    0x00002c59      0x16d .\CortexM0\ARM_GCC_493\Debug\start01.a(int_wait.o)
 .debug_line    0x00002dc6      0x16d .\CortexM0\ARM_GCC_493\Debug\start01.a(WDT0_ISR.o)
 .debug_line    0x00002f33       0x6b .\CortexM0\ARM_GCC_493\Debug\start01.a(CyBootAsmGnu.o)
 .debug_line    0x00002f9e      0x146 .\CortexM0\ARM_GCC_493\Debug\start01.a(UART_XB.o)

.debug_frame    0x00000000     0x2290
 *(.debug_frame)
 .debug_frame   0x00000000       0xa0 .\CortexM0\ARM_GCC_493\Debug\main.o
 .debug_frame   0x000000a0       0x90 .\CortexM0\ARM_GCC_493\Debug\LED.o
 .debug_frame   0x00000130       0x70 .\CortexM0\ARM_GCC_493\Debug\display.o
 .debug_frame   0x000001a0       0xf0 .\CortexM0\ARM_GCC_493\Debug\RTC_WDT.o
 .debug_frame   0x00000290       0x2c .\CortexM0\ARM_GCC_493\Debug\gate.o
 .debug_frame   0x000002bc       0x40 .\CortexM0\ARM_GCC_493\Debug\network.o
 .debug_frame   0x000002fc       0x30 .\CortexM0\ARM_GCC_493\Debug\database.o
 .debug_frame   0x0000032c       0x64 .\CortexM0\ARM_GCC_493\Debug\wait_timer.o
 .debug_frame   0x00000390       0xb0 .\CortexM0\ARM_GCC_493\Debug\Cm0Start.o
 .debug_frame   0x00000440       0x64 .\CortexM0\ARM_GCC_493\Debug\start01.a(cyfitter_cfg.o)
 .debug_frame   0x000004a4      0x3d0 .\CortexM0\ARM_GCC_493\Debug\start01.a(CyLib.o)
 .debug_frame   0x00000874      0x3a8 .\CortexM0\ARM_GCC_493\Debug\start01.a(CyLFClk.o)
 .debug_frame   0x00000c1c      0x110 .\CortexM0\ARM_GCC_493\Debug\start01.a(Int_Timer_Led.o)
 .debug_frame   0x00000d2c       0x70 .\CortexM0\ARM_GCC_493\Debug\start01.a(LED_PIN.o)
 .debug_frame   0x00000d9c      0x390 .\CortexM0\ARM_GCC_493\Debug\start01.a(Timer_LED.o)
 .debug_frame   0x0000112c      0x1f0 .\CortexM0\ARM_GCC_493\Debug\start01.a(LCD.o)
 .debug_frame   0x0000131c      0x288 .\CortexM0\ARM_GCC_493\Debug\start01.a(RTC.o)
 .debug_frame   0x000015a4       0x70 .\CortexM0\ARM_GCC_493\Debug\start01.a(GatePin.o)
 .debug_frame   0x00001614       0xb0 .\CortexM0\ARM_GCC_493\Debug\start01.a(UART_XB_SPI_UART.o)
 .debug_frame   0x000016c4       0xe0 .\CortexM0\ARM_GCC_493\Debug\start01.a(UART_XB_UART.o)
 .debug_frame   0x000017a4      0x390 .\CortexM0\ARM_GCC_493\Debug\start01.a(Timer_Wait.o)
 .debug_frame   0x00001b34      0x110 .\CortexM0\ARM_GCC_493\Debug\start01.a(int_wait.o)
 .debug_frame   0x00001c44      0x110 .\CortexM0\ARM_GCC_493\Debug\start01.a(WDT0_ISR.o)
 .debug_frame   0x00001d54       0xe8 .\CortexM0\ARM_GCC_493\Debug\start01.a(UART_XB.o)
 .debug_frame   0x00001e3c       0x20 c:/program files (x86)/cypress/psoc creator/3.3/psoc creator/import/gnu/arm/4.9.3/bin/../lib/gcc/arm-none-eabi/4.9.3/armv6-m\libgcc.a(_udivsi3.o)
 .debug_frame   0x00001e5c       0x50 c:/program files (x86)/cypress/psoc creator/3.3/psoc creator/import/gnu/arm/4.9.3/bin/../lib/gcc/arm-none-eabi/4.9.3/armv6-m\libgcc.a(bpabi.o)
 .debug_frame   0x00001eac       0x34 c:/program files (x86)/cypress/psoc creator/3.3/psoc creator/import/gnu/arm/4.9.3/bin/../lib/gcc/arm-none-eabi/4.9.3/armv6-m\libgcc.a(_muldi3.o)
 .debug_frame   0x00001ee0       0x3c c:/program files (x86)/cypress/psoc creator/3.3/psoc creator/import/gnu/arm/4.9.3/bin/../lib/gcc/arm-none-eabi/4.9.3/armv6-m\libgcc.a(_divdi3.o)
 .debug_frame   0x00001f1c       0x3c c:/program files (x86)/cypress/psoc creator/3.3/psoc creator/import/gnu/arm/4.9.3/bin/../lib/gcc/arm-none-eabi/4.9.3/armv6-m\libgcc.a(_udivdi3.o)
 .debug_frame   0x00001f58       0x20 c:/program files (x86)/cypress/psoc creator/3.3/psoc creator/import/gnu/arm/4.9.3/bin/../lib/gcc/arm-none-eabi/4.9.3/../../../../arm-none-eabi/lib/armv6-m\libg_nano.a(lib_a-errno.o)
 .debug_frame   0x00001f78       0x28 c:/program files (x86)/cypress/psoc creator/3.3/psoc creator/import/gnu/arm/4.9.3/bin/../lib/gcc/arm-none-eabi/4.9.3/../../../../arm-none-eabi/lib/armv6-m\libg_nano.a(lib_a-exit.o)
 .debug_frame   0x00001fa0       0x2c c:/program files (x86)/cypress/psoc creator/3.3/psoc creator/import/gnu/arm/4.9.3/bin/../lib/gcc/arm-none-eabi/4.9.3/../../../../arm-none-eabi/lib/armv6-m\libg_nano.a(lib_a-init.o)
 .debug_frame   0x00001fcc       0x20 c:/program files (x86)/cypress/psoc creator/3.3/psoc creator/import/gnu/arm/4.9.3/bin/../lib/gcc/arm-none-eabi/4.9.3/../../../../arm-none-eabi/lib/armv6-m\libg_nano.a(lib_a-memset.o)
 .debug_frame   0x00001fec       0x50 c:/program files (x86)/cypress/psoc creator/3.3/psoc creator/import/gnu/arm/4.9.3/bin/../lib/gcc/arm-none-eabi/4.9.3/../../../../arm-none-eabi/lib/armv6-m\libg_nano.a(lib_a-sprintf.o)
 .debug_frame   0x0000203c       0x74 c:/program files (x86)/cypress/psoc creator/3.3/psoc creator/import/gnu/arm/4.9.3/bin/../lib/gcc/arm-none-eabi/4.9.3/../../../../arm-none-eabi/lib/armv6-m\libg_nano.a(lib_a-nano-svfprintf.o)
 .debug_frame   0x000020b0       0x54 c:/program files (x86)/cypress/psoc creator/3.3/psoc creator/import/gnu/arm/4.9.3/bin/../lib/gcc/arm-none-eabi/4.9.3/../../../../arm-none-eabi/lib/armv6-m\libg_nano.a(lib_a-nano-vfprintf_i.o)
 .debug_frame   0x00002104       0x20 c:/program files (x86)/cypress/psoc creator/3.3/psoc creator/import/gnu/arm/4.9.3/bin/../lib/gcc/arm-none-eabi/4.9.3/../../../../arm-none-eabi/lib/armv6-m\libg_nano.a(lib_a-memchr.o)
 .debug_frame   0x00002124       0x28 c:/program files (x86)/cypress/psoc creator/3.3/psoc creator/import/gnu/arm/4.9.3/bin/../lib/gcc/arm-none-eabi/4.9.3/../../../../arm-none-eabi/lib/armv6-m\libg_nano.a(lib_a-memcpy.o)
 .debug_frame   0x0000214c       0x28 c:/program files (x86)/cypress/psoc creator/3.3/psoc creator/import/gnu/arm/4.9.3/bin/../lib/gcc/arm-none-eabi/4.9.3/../../../../arm-none-eabi/lib/armv6-m\libg_nano.a(lib_a-memmove.o)
 .debug_frame   0x00002174       0x2c c:/program files (x86)/cypress/psoc creator/3.3/psoc creator/import/gnu/arm/4.9.3/bin/../lib/gcc/arm-none-eabi/4.9.3/../../../../arm-none-eabi/lib/armv6-m\libg_nano.a(lib_a-nano-freer.o)
 .debug_frame   0x000021a0       0x2c c:/program files (x86)/cypress/psoc creator/3.3/psoc creator/import/gnu/arm/4.9.3/bin/../lib/gcc/arm-none-eabi/4.9.3/../../../../arm-none-eabi/lib/armv6-m\libg_nano.a(lib_a-nano-mallocr.o)
 .debug_frame   0x000021cc       0x30 c:/program files (x86)/cypress/psoc creator/3.3/psoc creator/import/gnu/arm/4.9.3/bin/../lib/gcc/arm-none-eabi/4.9.3/../../../../arm-none-eabi/lib/armv6-m\libg_nano.a(lib_a-nano-reallocr.o)
 .debug_frame   0x000021fc       0x2c c:/program files (x86)/cypress/psoc creator/3.3/psoc creator/import/gnu/arm/4.9.3/bin/../lib/gcc/arm-none-eabi/4.9.3/../../../../arm-none-eabi/lib/armv6-m\libg_nano.a(lib_a-sbrkr.o)
 .debug_frame   0x00002228       0x20 c:/program files (x86)/cypress/psoc creator/3.3/psoc creator/import/gnu/arm/4.9.3/bin/../lib/gcc/arm-none-eabi/4.9.3/../../../../arm-none-eabi/lib/armv6-m\libg_nano.a(lib_a-nano-msizer.o)
 .debug_frame   0x00002248       0x48 c:/program files (x86)/cypress/psoc creator/3.3/psoc creator/import/gnu/arm/4.9.3/bin/../lib/gcc/arm-none-eabi/4.9.3/../../../../arm-none-eabi/lib/armv6-m\libg_nano.a(lib_a-reent.o)

.debug_str      0x00000000     0x2677
 *(.debug_str)
 .debug_str     0x00000000      0x273 .\CortexM0\ARM_GCC_493\Debug\main.o
                                0x2cf (size before relaxing)
 .debug_str     0x00000273       0xf5 .\CortexM0\ARM_GCC_493\Debug\LED.o
                                0x2e2 (size before relaxing)
 .debug_str     0x00000368       0x8d .\CortexM0\ARM_GCC_493\Debug\display.o
                                0x270 (size before relaxing)
 .debug_str     0x000003f5      0x114 .\CortexM0\ARM_GCC_493\Debug\RTC_WDT.o
                                0x34c (size before relaxing)
 .debug_str     0x00000509       0x16 .\CortexM0\ARM_GCC_493\Debug\gate.o
                                0x1ae (size before relaxing)
 .debug_str     0x0000051f       0x5e .\CortexM0\ARM_GCC_493\Debug\network.o
                                0x20a (size before relaxing)
 .debug_str     0x0000057d       0x1a .\CortexM0\ARM_GCC_493\Debug\database.o
                                0x1af (size before relaxing)
 .debug_str     0x00000597       0x75 .\CortexM0\ARM_GCC_493\Debug\wait_timer.o
                                0x24b (size before relaxing)
 .debug_str     0x0000060c       0x5b .\CortexM0\ARM_GCC_493\Debug\cymetadata.o
                                0x1e4 (size before relaxing)
 .debug_str     0x00000667      0x14f .\CortexM0\ARM_GCC_493\Debug\Cm0Start.o
                                0x30b (size before relaxing)
 .debug_str     0x000007b6       0x82 .\CortexM0\ARM_GCC_493\Debug\start01.a(cyfitter_cfg.o)
                                0x239 (size before relaxing)
 .debug_str     0x00000838      0x4b8 .\CortexM0\ARM_GCC_493\Debug\start01.a(CyLib.o)
                                0x69f (size before relaxing)
 .debug_str     0x00000cf0      0x522 .\CortexM0\ARM_GCC_493\Debug\start01.a(CyLFClk.o)
                                0x747 (size before relaxing)
 .debug_str     0x00001212      0x151 .\CortexM0\ARM_GCC_493\Debug\start01.a(Int_Timer_Led.o)
                                0x364 (size before relaxing)
 .debug_str     0x00001363       0xa0 .\CortexM0\ARM_GCC_493\Debug\start01.a(LED_PIN.o)
                                0x25a (size before relaxing)
 .debug_str     0x00001403      0x41d .\CortexM0\ARM_GCC_493\Debug\start01.a(Timer_LED.o)
                                0x663 (size before relaxing)
 .debug_str     0x00001820      0x147 .\CortexM0\ARM_GCC_493\Debug\start01.a(LCD.o)
                                0x336 (size before relaxing)
 .debug_str     0x00001967      0x384 .\CortexM0\ARM_GCC_493\Debug\start01.a(RTC.o)
                                0x5d6 (size before relaxing)
 .debug_str     0x00001ceb       0x8a .\CortexM0\ARM_GCC_493\Debug\start01.a(GatePin.o)
                                0x25a (size before relaxing)
 .debug_str     0x00001d75      0x13a .\CortexM0\ARM_GCC_493\Debug\start01.a(UART_XB_SPI_UART.o)
                                0x2f6 (size before relaxing)
 .debug_str     0x00001eaf      0x11b .\CortexM0\ARM_GCC_493\Debug\start01.a(UART_XB_UART.o)
                                0x336 (size before relaxing)
 .debug_str     0x00001fca      0x3c0 .\CortexM0\ARM_GCC_493\Debug\start01.a(Timer_Wait.o)
                                0x68d (size before relaxing)
 .debug_str     0x0000238a      0x101 .\CortexM0\ARM_GCC_493\Debug\start01.a(int_wait.o)
                                0x31e (size before relaxing)
 .debug_str     0x0000248b       0xeb .\CortexM0\ARM_GCC_493\Debug\start01.a(WDT0_ISR.o)
                                0x31e (size before relaxing)
 .debug_str     0x00002576      0x101 .\CortexM0\ARM_GCC_493\Debug\start01.a(UART_XB.o)
                                0x2ea (size before relaxing)

.debug_loc      0x00000000     0x3d78
 *(.debug_loc)
 .debug_loc     0x00000000       0x37 .\CortexM0\ARM_GCC_493\Debug\main.o
 .debug_loc     0x00000037       0x55 .\CortexM0\ARM_GCC_493\Debug\LED.o
 .debug_loc     0x0000008c       0xce .\CortexM0\ARM_GCC_493\Debug\display.o
 .debug_loc     0x0000015a      0x204 .\CortexM0\ARM_GCC_493\Debug\RTC_WDT.o
 .debug_loc     0x0000035e       0x68 .\CortexM0\ARM_GCC_493\Debug\network.o
 .debug_loc     0x000003c6       0x28 .\CortexM0\ARM_GCC_493\Debug\database.o
 .debug_loc     0x000003ee       0x58 .\CortexM0\ARM_GCC_493\Debug\wait_timer.o
 .debug_loc     0x00000446      0x14f .\CortexM0\ARM_GCC_493\Debug\Cm0Start.o
 .debug_loc     0x00000595       0xa9 .\CortexM0\ARM_GCC_493\Debug\start01.a(cyfitter_cfg.o)
 .debug_loc     0x0000063e      0x5b5 .\CortexM0\ARM_GCC_493\Debug\start01.a(CyLib.o)
 .debug_loc     0x00000bf3      0x9d5 .\CortexM0\ARM_GCC_493\Debug\start01.a(CyLFClk.o)
 .debug_loc     0x000015c8       0x82 .\CortexM0\ARM_GCC_493\Debug\start01.a(Int_Timer_Led.o)
 .debug_loc     0x0000164a       0xa2 .\CortexM0\ARM_GCC_493\Debug\start01.a(LED_PIN.o)
 .debug_loc     0x000016ec      0x547 .\CortexM0\ARM_GCC_493\Debug\start01.a(Timer_LED.o)
 .debug_loc     0x00001c33      0x3e3 .\CortexM0\ARM_GCC_493\Debug\start01.a(LCD.o)
 .debug_loc     0x00002016     0x13ee .\CortexM0\ARM_GCC_493\Debug\start01.a(RTC.o)
 .debug_loc     0x00003404       0xa2 .\CortexM0\ARM_GCC_493\Debug\start01.a(GatePin.o)
 .debug_loc     0x000034a6       0x96 .\CortexM0\ARM_GCC_493\Debug\start01.a(UART_XB_SPI_UART.o)
 .debug_loc     0x0000353c      0x173 .\CortexM0\ARM_GCC_493\Debug\start01.a(UART_XB_UART.o)
 .debug_loc     0x000036af      0x547 .\CortexM0\ARM_GCC_493\Debug\start01.a(Timer_Wait.o)
 .debug_loc     0x00003bf6       0x82 .\CortexM0\ARM_GCC_493\Debug\start01.a(int_wait.o)
 .debug_loc     0x00003c78       0x82 .\CortexM0\ARM_GCC_493\Debug\start01.a(WDT0_ISR.o)
 .debug_loc     0x00003cfa       0x7e .\CortexM0\ARM_GCC_493\Debug\start01.a(UART_XB.o)

.debug_macinfo
 *(.debug_macinfo)

.debug_ranges   0x00000000      0xa90
 *(.debug_ranges)
 .debug_ranges  0x00000000       0x30 .\CortexM0\ARM_GCC_493\Debug\main.o
 .debug_ranges  0x00000030       0x30 .\CortexM0\ARM_GCC_493\Debug\LED.o
 .debug_ranges  0x00000060       0x20 .\CortexM0\ARM_GCC_493\Debug\display.o
 .debug_ranges  0x00000080       0x50 .\CortexM0\ARM_GCC_493\Debug\RTC_WDT.o
 .debug_ranges  0x000000d0       0x10 .\CortexM0\ARM_GCC_493\Debug\gate.o
 .debug_ranges  0x000000e0       0x18 .\CortexM0\ARM_GCC_493\Debug\network.o
 .debug_ranges  0x000000f8       0x18 .\CortexM0\ARM_GCC_493\Debug\database.o
 .debug_ranges  0x00000110       0x20 .\CortexM0\ARM_GCC_493\Debug\wait_timer.o
 .debug_ranges  0x00000130       0x38 .\CortexM0\ARM_GCC_493\Debug\Cm0Start.o
 .debug_ranges  0x00000168       0x20 .\CortexM0\ARM_GCC_493\Debug\start01.a(cyfitter_cfg.o)
 .debug_ranges  0x00000188      0x168 .\CortexM0\ARM_GCC_493\Debug\start01.a(CyLib.o)
 .debug_ranges  0x000002f0      0x128 .\CortexM0\ARM_GCC_493\Debug\start01.a(CyLFClk.o)
 .debug_ranges  0x00000418       0x70 .\CortexM0\ARM_GCC_493\Debug\start01.a(Int_Timer_Led.o)
 .debug_ranges  0x00000488       0x38 .\CortexM0\ARM_GCC_493\Debug\start01.a(LED_PIN.o)
 .debug_ranges  0x000004c0      0x148 .\CortexM0\ARM_GCC_493\Debug\start01.a(Timer_LED.o)
 .debug_ranges  0x00000608       0x88 .\CortexM0\ARM_GCC_493\Debug\start01.a(LCD.o)
 .debug_ranges  0x00000690       0xb0 .\CortexM0\ARM_GCC_493\Debug\start01.a(RTC.o)
 .debug_ranges  0x00000740       0x38 .\CortexM0\ARM_GCC_493\Debug\start01.a(GatePin.o)
 .debug_ranges  0x00000778       0x50 .\CortexM0\ARM_GCC_493\Debug\start01.a(UART_XB_SPI_UART.o)
 .debug_ranges  0x000007c8       0x50 .\CortexM0\ARM_GCC_493\Debug\start01.a(UART_XB_UART.o)
 .debug_ranges  0x00000818      0x148 .\CortexM0\ARM_GCC_493\Debug\start01.a(Timer_Wait.o)
 .debug_ranges  0x00000960       0x70 .\CortexM0\ARM_GCC_493\Debug\start01.a(int_wait.o)
 .debug_ranges  0x000009d0       0x70 .\CortexM0\ARM_GCC_493\Debug\start01.a(WDT0_ISR.o)
 .debug_ranges  0x00000a40       0x50 .\CortexM0\ARM_GCC_493\Debug\start01.a(UART_XB.o)

.comment        0x00000000       0x70
 .comment       0x00000000       0x70 .\CortexM0\ARM_GCC_493\Debug\main.o
                                 0x71 (size before relaxing)
 .comment       0x00000000       0x71 .\CortexM0\ARM_GCC_493\Debug\LED.o
 .comment       0x00000000       0x71 .\CortexM0\ARM_GCC_493\Debug\display.o
 .comment       0x00000000       0x71 .\CortexM0\ARM_GCC_493\Debug\RTC_WDT.o
 .comment       0x00000000       0x71 .\CortexM0\ARM_GCC_493\Debug\gate.o
 .comment       0x00000000       0x71 .\CortexM0\ARM_GCC_493\Debug\network.o
 .comment       0x00000000       0x71 .\CortexM0\ARM_GCC_493\Debug\database.o
 .comment       0x00000000       0x71 .\CortexM0\ARM_GCC_493\Debug\wait_timer.o
 .comment       0x00000000       0x71 .\CortexM0\ARM_GCC_493\Debug\cymetadata.o
 .comment       0x00000000       0x71 .\CortexM0\ARM_GCC_493\Debug\Cm0Start.o
 .comment       0x00000000       0x71 .\CortexM0\ARM_GCC_493\Debug\start01.a(cyfitter_cfg.o)
 .comment       0x00000000       0x71 .\CortexM0\ARM_GCC_493\Debug\start01.a(CyLib.o)
 .comment       0x00000000       0x71 .\CortexM0\ARM_GCC_493\Debug\start01.a(CyLFClk.o)
 .comment       0x00000000       0x71 .\CortexM0\ARM_GCC_493\Debug\start01.a(Int_Timer_Led.o)
 .comment       0x00000000       0x71 .\CortexM0\ARM_GCC_493\Debug\start01.a(LED_PIN.o)
 .comment       0x00000000       0x71 .\CortexM0\ARM_GCC_493\Debug\start01.a(Timer_LED.o)
 .comment       0x00000000       0x71 .\CortexM0\ARM_GCC_493\Debug\start01.a(LCD.o)
 .comment       0x00000000       0x71 .\CortexM0\ARM_GCC_493\Debug\start01.a(RTC.o)
 .comment       0x00000000       0x71 .\CortexM0\ARM_GCC_493\Debug\start01.a(GatePin.o)
 .comment       0x00000000       0x71 .\CortexM0\ARM_GCC_493\Debug\start01.a(UART_XB_SPI_UART.o)
 .comment       0x00000000       0x71 .\CortexM0\ARM_GCC_493\Debug\start01.a(UART_XB_UART.o)
 .comment       0x00000000       0x71 .\CortexM0\ARM_GCC_493\Debug\start01.a(Timer_Wait.o)
 .comment       0x00000000       0x71 .\CortexM0\ARM_GCC_493\Debug\start01.a(int_wait.o)
 .comment       0x00000000       0x71 .\CortexM0\ARM_GCC_493\Debug\start01.a(WDT0_ISR.o)
 .comment       0x00000000       0x71 .\CortexM0\ARM_GCC_493\Debug\start01.a(UART_XB.o)

.debug_weaknames
 *(.debug_weaknames)

.debug_funcnames
 *(.debug_funcnames)

.debug_typenames
 *(.debug_typenames)

.debug_varnames
 *(.debug_varnames)

.note.gnu.arm.ident
 *(.note.gnu.arm.ident)

.ARM.attributes
                0x00000000       0x28
 *(.ARM.attributes)
 .ARM.attributes
                0x00000000       0x1e c:/program files (x86)/cypress/psoc creator/3.3/psoc creator/import/gnu/arm/4.9.3/bin/../lib/gcc/arm-none-eabi/4.9.3/armv6-m/crti.o
 .ARM.attributes
                0x0000001e       0x2c c:/program files (x86)/cypress/psoc creator/3.3/psoc creator/import/gnu/arm/4.9.3/bin/../lib/gcc/arm-none-eabi/4.9.3/armv6-m/crtbegin.o
 .ARM.attributes
                0x0000004a       0x1b c:/program files (x86)/cypress/psoc creator/3.3/psoc creator/import/gnu/arm/4.9.3/bin/../lib/gcc/arm-none-eabi/4.9.3/../../../../arm-none-eabi/lib/armv6-m/crt0.o
 .ARM.attributes
                0x00000065       0x31 .\CortexM0\ARM_GCC_493\Debug\main.o
 .ARM.attributes
                0x00000096       0x31 .\CortexM0\ARM_GCC_493\Debug\LED.o
 .ARM.attributes
                0x000000c7       0x31 .\CortexM0\ARM_GCC_493\Debug\display.o
 .ARM.attributes
                0x000000f8       0x31 .\CortexM0\ARM_GCC_493\Debug\RTC_WDT.o
 .ARM.attributes
                0x00000129       0x31 .\CortexM0\ARM_GCC_493\Debug\gate.o
 .ARM.attributes
                0x0000015a       0x31 .\CortexM0\ARM_GCC_493\Debug\network.o
 .ARM.attributes
                0x0000018b       0x31 .\CortexM0\ARM_GCC_493\Debug\database.o
 .ARM.attributes
                0x000001bc       0x31 .\CortexM0\ARM_GCC_493\Debug\wait_timer.o
 .ARM.attributes
                0x000001ed       0x31 .\CortexM0\ARM_GCC_493\Debug\cymetadata.o
 .ARM.attributes
                0x0000021e       0x31 .\CortexM0\ARM_GCC_493\Debug\Cm0Start.o
 .ARM.attributes
                0x0000024f       0x31 .\CortexM0\ARM_GCC_493\Debug\start01.a(cyfitter_cfg.o)
 .ARM.attributes
                0x00000280       0x31 .\CortexM0\ARM_GCC_493\Debug\start01.a(CyLib.o)
 .ARM.attributes
                0x000002b1       0x31 .\CortexM0\ARM_GCC_493\Debug\start01.a(CyLFClk.o)
 .ARM.attributes
                0x000002e2       0x31 .\CortexM0\ARM_GCC_493\Debug\start01.a(Int_Timer_Led.o)
 .ARM.attributes
                0x00000313       0x31 .\CortexM0\ARM_GCC_493\Debug\start01.a(LED_PIN.o)
 .ARM.attributes
                0x00000344       0x31 .\CortexM0\ARM_GCC_493\Debug\start01.a(Timer_LED.o)
 .ARM.attributes
                0x00000375       0x31 .\CortexM0\ARM_GCC_493\Debug\start01.a(LCD.o)
 .ARM.attributes
                0x000003a6       0x31 .\CortexM0\ARM_GCC_493\Debug\start01.a(RTC.o)
 .ARM.attributes
                0x000003d7       0x31 .\CortexM0\ARM_GCC_493\Debug\start01.a(GatePin.o)
 .ARM.attributes
                0x00000408       0x31 .\CortexM0\ARM_GCC_493\Debug\start01.a(UART_XB_SPI_UART.o)
 .ARM.attributes
                0x00000439       0x31 .\CortexM0\ARM_GCC_493\Debug\start01.a(UART_XB_UART.o)
 .ARM.attributes
                0x0000046a       0x31 .\CortexM0\ARM_GCC_493\Debug\start01.a(Timer_Wait.o)
 .ARM.attributes
                0x0000049b       0x31 .\CortexM0\ARM_GCC_493\Debug\start01.a(int_wait.o)
 .ARM.attributes
                0x000004cc       0x31 .\CortexM0\ARM_GCC_493\Debug\start01.a(WDT0_ISR.o)
 .ARM.attributes
                0x000004fd       0x21 .\CortexM0\ARM_GCC_493\Debug\start01.a(CyBootAsmGnu.o)
 .ARM.attributes
                0x0000051e       0x31 .\CortexM0\ARM_GCC_493\Debug\start01.a(UART_XB.o)
 .ARM.attributes
                0x0000054f       0x1e c:/program files (x86)/cypress/psoc creator/3.3/psoc creator/import/gnu/arm/4.9.3/bin/../lib/gcc/arm-none-eabi/4.9.3/armv6-m\libgcc.a(_udivsi3.o)
 .ARM.attributes
                0x0000056d       0x1e c:/program files (x86)/cypress/psoc creator/3.3/psoc creator/import/gnu/arm/4.9.3/bin/../lib/gcc/arm-none-eabi/4.9.3/armv6-m\libgcc.a(_dvmd_tls.o)
 .ARM.attributes
                0x0000058b       0x1e c:/program files (x86)/cypress/psoc creator/3.3/psoc creator/import/gnu/arm/4.9.3/bin/../lib/gcc/arm-none-eabi/4.9.3/armv6-m\libgcc.a(_aeabi_uldivmod.o)
 .ARM.attributes
                0x000005a9       0x2c c:/program files (x86)/cypress/psoc creator/3.3/psoc creator/import/gnu/arm/4.9.3/bin/../lib/gcc/arm-none-eabi/4.9.3/armv6-m\libgcc.a(bpabi.o)
 .ARM.attributes
                0x000005d5       0x2c c:/program files (x86)/cypress/psoc creator/3.3/psoc creator/import/gnu/arm/4.9.3/bin/../lib/gcc/arm-none-eabi/4.9.3/armv6-m\libgcc.a(_muldi3.o)
 .ARM.attributes
                0x00000601       0x2c c:/program files (x86)/cypress/psoc creator/3.3/psoc creator/import/gnu/arm/4.9.3/bin/../lib/gcc/arm-none-eabi/4.9.3/armv6-m\libgcc.a(_divdi3.o)
 .ARM.attributes
                0x0000062d       0x2c c:/program files (x86)/cypress/psoc creator/3.3/psoc creator/import/gnu/arm/4.9.3/bin/../lib/gcc/arm-none-eabi/4.9.3/armv6-m\libgcc.a(_udivdi3.o)
 .ARM.attributes
                0x00000659       0x1e c:/program files (x86)/cypress/psoc creator/3.3/psoc creator/import/gnu/arm/4.9.3/bin/../lib/gcc/arm-none-eabi/4.9.3/armv6-m\libgcc.a(_clzdi2.o)
 .ARM.attributes
                0x00000677       0x1e c:/program files (x86)/cypress/psoc creator/3.3/psoc creator/import/gnu/arm/4.9.3/bin/../lib/gcc/arm-none-eabi/4.9.3/armv6-m\libgcc.a(_clzsi2.o)
 .ARM.attributes
                0x00000695       0x2c c:/program files (x86)/cypress/psoc creator/3.3/psoc creator/import/gnu/arm/4.9.3/bin/../lib/gcc/arm-none-eabi/4.9.3/../../../../arm-none-eabi/lib/armv6-m\libg_nano.a(lib_a-errno.o)
 .ARM.attributes
                0x000006c1       0x2c c:/program files (x86)/cypress/psoc creator/3.3/psoc creator/import/gnu/arm/4.9.3/bin/../lib/gcc/arm-none-eabi/4.9.3/../../../../arm-none-eabi/lib/armv6-m\libg_nano.a(lib_a-exit.o)
 .ARM.attributes
                0x000006ed       0x2c c:/program files (x86)/cypress/psoc creator/3.3/psoc creator/import/gnu/arm/4.9.3/bin/../lib/gcc/arm-none-eabi/4.9.3/../../../../arm-none-eabi/lib/armv6-m\libg_nano.a(lib_a-impure.o)
 .ARM.attributes
                0x00000719       0x2c c:/program files (x86)/cypress/psoc creator/3.3/psoc creator/import/gnu/arm/4.9.3/bin/../lib/gcc/arm-none-eabi/4.9.3/../../../../arm-none-eabi/lib/armv6-m\libg_nano.a(lib_a-init.o)
 .ARM.attributes
                0x00000745       0x2c c:/program files (x86)/cypress/psoc creator/3.3/psoc creator/import/gnu/arm/4.9.3/bin/../lib/gcc/arm-none-eabi/4.9.3/../../../../arm-none-eabi/lib/armv6-m\libg_nano.a(lib_a-memset.o)
 .ARM.attributes
                0x00000771       0x2c c:/program files (x86)/cypress/psoc creator/3.3/psoc creator/import/gnu/arm/4.9.3/bin/../lib/gcc/arm-none-eabi/4.9.3/../../../../arm-none-eabi/lib/armv6-m\libg_nano.a(lib_a-sprintf.o)
 .ARM.attributes
                0x0000079d       0x2c c:/program files (x86)/cypress/psoc creator/3.3/psoc creator/import/gnu/arm/4.9.3/bin/../lib/gcc/arm-none-eabi/4.9.3/../../../../arm-none-eabi/lib/armv6-m\libg_nano.a(lib_a-nano-svfprintf.o)
 .ARM.attributes
                0x000007c9       0x2c c:/program files (x86)/cypress/psoc creator/3.3/psoc creator/import/gnu/arm/4.9.3/bin/../lib/gcc/arm-none-eabi/4.9.3/../../../../arm-none-eabi/lib/armv6-m\libg_nano.a(lib_a-nano-vfprintf_i.o)
 .ARM.attributes
                0x000007f5       0x2c c:/program files (x86)/cypress/psoc creator/3.3/psoc creator/import/gnu/arm/4.9.3/bin/../lib/gcc/arm-none-eabi/4.9.3/../../../../arm-none-eabi/lib/armv6-m\libg_nano.a(lib_a-memchr.o)
 .ARM.attributes
                0x00000821       0x2c c:/program files (x86)/cypress/psoc creator/3.3/psoc creator/import/gnu/arm/4.9.3/bin/../lib/gcc/arm-none-eabi/4.9.3/../../../../arm-none-eabi/lib/armv6-m\libg_nano.a(lib_a-memcpy.o)
 .ARM.attributes
                0x0000084d       0x2c c:/program files (x86)/cypress/psoc creator/3.3/psoc creator/import/gnu/arm/4.9.3/bin/../lib/gcc/arm-none-eabi/4.9.3/../../../../arm-none-eabi/lib/armv6-m\libg_nano.a(lib_a-memmove.o)
 .ARM.attributes
                0x00000879       0x2c c:/program files (x86)/cypress/psoc creator/3.3/psoc creator/import/gnu/arm/4.9.3/bin/../lib/gcc/arm-none-eabi/4.9.3/../../../../arm-none-eabi/lib/armv6-m\libg_nano.a(lib_a-nano-freer.o)
 .ARM.attributes
                0x000008a5       0x2c c:/program files (x86)/cypress/psoc creator/3.3/psoc creator/import/gnu/arm/4.9.3/bin/../lib/gcc/arm-none-eabi/4.9.3/../../../../arm-none-eabi/lib/armv6-m\libg_nano.a(lib_a-nano-mallocr.o)
 .ARM.attributes
                0x000008d1       0x2c c:/program files (x86)/cypress/psoc creator/3.3/psoc creator/import/gnu/arm/4.9.3/bin/../lib/gcc/arm-none-eabi/4.9.3/../../../../arm-none-eabi/lib/armv6-m\libg_nano.a(lib_a-nano-reallocr.o)
 .ARM.attributes
                0x000008fd       0x2c c:/program files (x86)/cypress/psoc creator/3.3/psoc creator/import/gnu/arm/4.9.3/bin/../lib/gcc/arm-none-eabi/4.9.3/../../../../arm-none-eabi/lib/armv6-m\libg_nano.a(lib_a-sbrkr.o)
 .ARM.attributes
                0x00000929       0x2c c:/program files (x86)/cypress/psoc creator/3.3/psoc creator/import/gnu/arm/4.9.3/bin/../lib/gcc/arm-none-eabi/4.9.3/../../../../arm-none-eabi/lib/armv6-m\libg_nano.a(lib_a-nano-msizer.o)
 .ARM.attributes
                0x00000955       0x2c c:/program files (x86)/cypress/psoc creator/3.3/psoc creator/import/gnu/arm/4.9.3/bin/../lib/gcc/arm-none-eabi/4.9.3/../../../../arm-none-eabi/lib/armv6-m\libg_nano.a(lib_a-reent.o)
 .ARM.attributes
                0x00000981       0x2c c:/program files (x86)/cypress/psoc creator/3.3/psoc creator/import/gnu/arm/4.9.3/bin/../lib/gcc/arm-none-eabi/4.9.3/armv6-m/crtend.o
 .ARM.attributes
                0x000009ad       0x1e c:/program files (x86)/cypress/psoc creator/3.3/psoc creator/import/gnu/arm/4.9.3/bin/../lib/gcc/arm-none-eabi/4.9.3/armv6-m/crtn.o

/DISCARD/
 *(.note.GNU-stack)
OUTPUT(.\CortexM0\ARM_GCC_493\Debug\start01.elf elf32-littlearm)
