Archive member included because of file (symbol)

.\CortexM0\ARM_GCC_493\Debug\start01.a(cyfitter_cfg.o)
                              .\CortexM0\ARM_GCC_493\Debug\Cm0Start.o (cyfitter_cfg)
.\CortexM0\ARM_GCC_493\Debug\start01.a(CyLib.o)
                              .\CortexM0\ARM_GCC_493\Debug\start01.a(cyfitter_cfg.o) (CyIntEnable)
.\CortexM0\ARM_GCC_493\Debug\start01.a(CyLFClk.o)
                              .\CortexM0\ARM_GCC_493\Debug\start01.a(cyfitter_cfg.o) (CySysWdtIsr)
.\CortexM0\ARM_GCC_493\Debug\start01.a(Int_Timer_Led.o)
                              .\CortexM0\ARM_GCC_493\Debug\LED.o (Int_Timer_Led_StartEx)
.\CortexM0\ARM_GCC_493\Debug\start01.a(LED_PIN.o)
                              .\CortexM0\ARM_GCC_493\Debug\LED.o (LED_PIN_Write)
.\CortexM0\ARM_GCC_493\Debug\start01.a(Timer_LED.o)
                              .\CortexM0\ARM_GCC_493\Debug\LED.o (Timer_LED_Stop)
.\CortexM0\ARM_GCC_493\Debug\start01.a(LCD.o)
                              .\CortexM0\ARM_GCC_493\Debug\display.o (LCD_PrintString)
.\CortexM0\ARM_GCC_493\Debug\start01.a(RTC.o)
                              .\CortexM0\ARM_GCC_493\Debug\RTC_WDT.o (RTC_Start)
.\CortexM0\ARM_GCC_493\Debug\start01.a(GatePin.o)
                              .\CortexM0\ARM_GCC_493\Debug\gate.o (GatePin_Read)
.\CortexM0\ARM_GCC_493\Debug\start01.a(UART_XB_SPI_UART.o)
                              .\CortexM0\ARM_GCC_493\Debug\network.o (UART_XB_SpiUartWriteTxData)
.\CortexM0\ARM_GCC_493\Debug\start01.a(UART_XB_UART.o)
                              .\CortexM0\ARM_GCC_493\Debug\network.o (UART_XB_UartGetChar)
.\CortexM0\ARM_GCC_493\Debug\start01.a(Timer_Wait.o)
                              .\CortexM0\ARM_GCC_493\Debug\wait_timer.o (Timer_Wait_Stop)
.\CortexM0\ARM_GCC_493\Debug\start01.a(int_wait.o)
                              .\CortexM0\ARM_GCC_493\Debug\wait_timer.o (int_wait_StartEx)
.\CortexM0\ARM_GCC_493\Debug\start01.a(CyBootAsmGnu.o)
                              .\CortexM0\ARM_GCC_493\Debug\start01.a(CyLib.o) (CyDelayCycles)
.\CortexM0\ARM_GCC_493\Debug\start01.a(UART_XB.o)
                              .\CortexM0\ARM_GCC_493\Debug\start01.a(UART_XB_UART.o) (UART_XB_IntrTxMask)
c:/program files (x86)/cypress/psoc creator/3.3/psoc creator/import/gnu/arm/4.9.3/bin/../lib/gcc/arm-none-eabi/4.9.3/armv6-m\libgcc.a(_udivsi3.o)
                              .\CortexM0\ARM_GCC_493\Debug\LED.o (__aeabi_uidiv)
c:/program files (x86)/cypress/psoc creator/3.3/psoc creator/import/gnu/arm/4.9.3/bin/../lib/gcc/arm-none-eabi/4.9.3/armv6-m\libgcc.a(_dvmd_tls.o)
                              c:/program files (x86)/cypress/psoc creator/3.3/psoc creator/import/gnu/arm/4.9.3/bin/../lib/gcc/arm-none-eabi/4.9.3/armv6-m\libgcc.a(_udivsi3.o) (__aeabi_idiv0)
c:/program files (x86)/cypress/psoc creator/3.3/psoc creator/import/gnu/arm/4.9.3/bin/../lib/gcc/arm-none-eabi/4.9.3/armv6-m\libgcc.a(_aeabi_uldivmod.o)
                              .\CortexM0\ARM_GCC_493\Debug\start01.a(RTC.o) (__aeabi_uldivmod)
c:/program files (x86)/cypress/psoc creator/3.3/psoc creator/import/gnu/arm/4.9.3/bin/../lib/gcc/arm-none-eabi/4.9.3/armv6-m\libgcc.a(bpabi.o)
                              c:/program files (x86)/cypress/psoc creator/3.3/psoc creator/import/gnu/arm/4.9.3/bin/../lib/gcc/arm-none-eabi/4.9.3/armv6-m\libgcc.a(_aeabi_uldivmod.o) (__gnu_uldivmod_helper)
c:/program files (x86)/cypress/psoc creator/3.3/psoc creator/import/gnu/arm/4.9.3/bin/../lib/gcc/arm-none-eabi/4.9.3/armv6-m\libgcc.a(_muldi3.o)
                              c:/program files (x86)/cypress/psoc creator/3.3/psoc creator/import/gnu/arm/4.9.3/bin/../lib/gcc/arm-none-eabi/4.9.3/armv6-m\libgcc.a(bpabi.o) (__aeabi_lmul)
c:/program files (x86)/cypress/psoc creator/3.3/psoc creator/import/gnu/arm/4.9.3/bin/../lib/gcc/arm-none-eabi/4.9.3/armv6-m\libgcc.a(_divdi3.o)
                              c:/program files (x86)/cypress/psoc creator/3.3/psoc creator/import/gnu/arm/4.9.3/bin/../lib/gcc/arm-none-eabi/4.9.3/armv6-m\libgcc.a(bpabi.o) (__divdi3)
c:/program files (x86)/cypress/psoc creator/3.3/psoc creator/import/gnu/arm/4.9.3/bin/../lib/gcc/arm-none-eabi/4.9.3/armv6-m\libgcc.a(_udivdi3.o)
                              c:/program files (x86)/cypress/psoc creator/3.3/psoc creator/import/gnu/arm/4.9.3/bin/../lib/gcc/arm-none-eabi/4.9.3/armv6-m\libgcc.a(bpabi.o) (__udivdi3)
c:/program files (x86)/cypress/psoc creator/3.3/psoc creator/import/gnu/arm/4.9.3/bin/../lib/gcc/arm-none-eabi/4.9.3/armv6-m\libgcc.a(_clzdi2.o)
                              c:/program files (x86)/cypress/psoc creator/3.3/psoc creator/import/gnu/arm/4.9.3/bin/../lib/gcc/arm-none-eabi/4.9.3/armv6-m\libgcc.a(_divdi3.o) (__clzdi2)
c:/program files (x86)/cypress/psoc creator/3.3/psoc creator/import/gnu/arm/4.9.3/bin/../lib/gcc/arm-none-eabi/4.9.3/armv6-m\libgcc.a(_clzsi2.o)
[...]
Memory Configuration

Name             Origin             Length             Attributes
rom              0x00000000         0x00008000         xr
ram              0x20000000         0x00001000         xrw
*default*        0x00000000         0xffffffff

Linker script and memory map

LOAD c:/program files (x86)/cypress/psoc creator/3.3/psoc creator/import/gnu/arm/4.9.3/bin/../lib/gcc/arm-none-eabi/4.9.3/armv6-m/crti.o
LOAD c:/program files (x86)/cypress/psoc creator/3.3/psoc creator/import/gnu/arm/4.9.3/bin/../lib/gcc/arm-none-eabi/4.9.3/armv6-m/crtbegin.o
LOAD c:/program files (x86)/cypress/psoc creator/3.3/psoc creator/import/gnu/arm/4.9.3/bin/../lib/gcc/arm-none-eabi/4.9.3/../../../../arm-none-eabi/lib/armv6-m/crt0.o
START GROUP
LOAD .\CortexM0\ARM_GCC_493\Debug\main.o
LOAD .\CortexM0\ARM_GCC_493\Debug\LED.o
LOAD .\CortexM0\ARM_GCC_493\Debug\display.o
LOAD .\CortexM0\ARM_GCC_493\Debug\RTC_WDT.o
LOAD .\CortexM0\ARM_GCC_493\Debug\gate.o
LOAD .\CortexM0\ARM_GCC_493\Debug\network.o
LOAD .\CortexM0\ARM_GCC_493\Debug\database.o
LOAD .\CortexM0\ARM_GCC_493\Debug\wait_timer.o
LOAD .\CortexM0\ARM_GCC_493\Debug\cymetadata.o
LOAD .\CortexM0\ARM_GCC_493\Debug\Cm0Start.o
LOAD .\CortexM0\ARM_GCC_493\Debug\start01.a
LOAD C:\Program Files (x86)\Cypress\PSoC Creator\3.3\PSoC Creator\psoc\content\cycomponentlibrary\CyComponentLibrary.cylib\CortexM0\ARM_GCC_493\Debug\CyComponentLibrary.a
END GROUP
START GROUP
LOAD c:/program files (x86)/cypress/psoc creator/3.3/psoc creator/import/gnu/arm/4.9.3/bin/../lib/gcc/arm-none-eabi/4.9.3/armv6-m\libgcc.a
LOAD c:/program files (x86)/cypress/psoc creator/3.3/psoc creator/import/gnu/arm/4.9.3/bin/../lib/gcc/arm-none-eabi/4.9.3/../../../../arm-none-eabi/lib/armv6-m\libg_nano.a
LOAD c:/program files (x86)/cypress/psoc creator/3.3/psoc creator/import/gnu/arm/4.9.3/bin/../lib/gcc/arm-none-eabi/4.9.3/../../../../arm-none-eabi/lib/armv6-m\libc_nano.a
END GROUP
START GROUP
LOAD c:/program files (x86)/cypress/psoc creator/3.3/psoc creator/import/gnu/arm/4.9.3/bin/../lib/gcc/arm-none-eabi/4.9.3/armv6-m\libgcc.a
LOAD c:/program files (x86)/cypress/psoc creator/3.3/psoc creator/import/gnu/arm/4.9.3/bin/../lib/gcc/arm-none-eabi/4.9.3/../../../../arm-none-eabi/lib/armv6-m\libc_nano.a
END GROUP
LOAD c:/program files (x86)/cypress/psoc creator/3.3/psoc creator/import/gnu/arm/4.9.3/bin/../lib/gcc/arm-none-eabi/4.9.3/armv6-m/crtend.o
LOAD c:/program files (x86)/cypress/psoc creator/3.3/psoc creator/import/gnu/arm/4.9.3/bin/../lib/gcc/arm-none-eabi/4.9.3/armv6-m/crtn.o
START GROUP
LOAD c:/program files (x86)/cypress/psoc creator/3.3/psoc creator/import/gnu/arm/4.9.3/bin/../lib/gcc/arm-none-eabi/4.9.3/armv6-m\libgcc.a
LOAD c:/program files (x86)/cypress/psoc creator/3.3/psoc creator/import/gnu/arm/4.9.3/bin/../lib/gcc/arm-none-eabi/4.9.3/../../../../arm-none-eabi/lib/armv6-m\libc.a
LOAD c:/program files (x86)/cypress/psoc creator/3.3/psoc creator/import/gnu/arm/4.9.3/bin/../lib/gcc/arm-none-eabi/4.9.3/../../../../arm-none-eabi/lib/armv6-m\libnosys.a
END GROUP
                0x00000000                CY_APPL_ORIGIN = 0x0
                0x00000080                CY_FLASH_ROW_SIZE = 0x80
                0x00000001                CY_APPL_NUM = 0x1
                0x00000001                CY_APPL_MAX = 0x1
                0x00000040                CY_METADATA_SIZE = 0x40
                0x00000000                CY_APPL_LOADABLE = 0x0
                0x00000000                CY_CHECKSUM_EXCLUDE_SIZE = ALIGN (0x0, CY_FLASH_ROW_SIZE)
                0x00000000                CY_APP_FOR_STACK_AND_COPIER = 0x0
                0x20000160                PROVIDE (__cy_heap_start, _end)
                0x00000001                PROVIDE (__cy_region_num, ((__cy_regions_end - __cy_regions) / 0x10))
                0x20001000                PROVIDE (__cy_stack, (ORIGIN (ram) + 0x1000))
                0x20000c00                PROVIDE (__cy_heap_end, (__cy_stack - 0x400))

.cybootloader   0x00000000        0x0
 *(.cybootloader)
                0x00000000                appl1_start = CY_APPL_ORIGIN?CY_APPL_ORIGIN:ALIGN (CY_FLASH_ROW_SIZE)
                0x00003f80                appl2_start = (appl1_start + ALIGN ((((0x8000 - appl1_start) - (0x2 * CY_FLASH_ROW_SIZE)) / 0x2), CY_FLASH_ROW_SIZE))
                0x00000000                appl_start = (CY_APPL_NUM == 0x1)?appl1_start:appl2_start
                0x00000001                cy_project_type_bootloader = (appl_start == 0x0)?0x1:0x0
                0x00000000                cy_project_type_app_for_stack_and_copier = (CY_APP_FOR_STACK_AND_COPIER == 0x1)?0x1:0x0

.text           0x00000000     0x1904
 CREATE_OBJECT_SYMBOLS
                0x00000000                PROVIDE (__cy_interrupt_vector, RomVectors)
 *(.romvectors)
 .romvectors    0x00000000       0x10 .\CortexM0\ARM_GCC_493\Debug\Cm0Start.o
                0x00000000                RomVectors
                0x00000001                ASSERT ((. != __cy_interrupt_vector), No interrupt vector)
                0x00000001                ASSERT (CY_APPL_ORIGIN?(SIZEOF (.cybootloader) <= CY_APPL_ORIGIN):0x1, Wrong image location)
                0x00000010                PROVIDE (__cy_reset, Reset)
 *(.text.Reset)
 .text.Reset    0x00000010        0x8 .\CortexM0\ARM_GCC_493\Debug\Cm0Start.o
                0x00000010                Reset
                0x00000001                ASSERT ((. != __cy_reset), No reset code)
 *(.psocinit)
 .psocinit      0x00000018      0x180 .\CortexM0\ARM_GCC_493\Debug\start01.a(cyfitter_cfg.o)
                0x000000b8                cyfitter_cfg
                0x00000198                . = MAX (., 0x100)
 *(.text .text.* .gnu.linkonce.t.*)
 .text          0x00000198       0x60 c:/program files (x86)/cypress/psoc creator/3.3/psoc creator/import/gnu/arm/4.9.3/bin/../lib/gcc/arm-none-eabi/4.9.3/armv6-m/crtbegin.o
 .text.SystemInit
                0x000001f8       0x28 .\CortexM0\ARM_GCC_493\Debug\main.o
                0x000001f8                SystemInit
 .text.SystemReadyToStart
                0x00000220       0x14 .\CortexM0\ARM_GCC_493\Debug\main.o
                0x00000220                SystemReadyToStart
 .text.SkierStart
                0x00000234       0x70 .\CortexM0\ARM_GCC_493\Debug\main.o
                0x00000234                SkierStart
 .text.ErrorStarted
                0x000002a4       0x14 .\CortexM0\ARM_GCC_493\Debug\main.o
                0x000002a4                ErrorStarted
 .text.main     0x000002b8       0x1c .\CortexM0\ARM_GCC_493\Debug\main.o
                0x000002b8                main
 .text.LedHandler
                0x000002d4       0x18 .\CortexM0\ARM_GCC_493\Debug\LED.o
                0x000002d4                LedHandler
 .text.LedInit  0x000002ec       0x24 .\CortexM0\ARM_GCC_493\Debug\LED.o
                0x000002ec                LedInit
 .text.LedBlink
                0x00000310       0x1c .\CortexM0\ARM_GCC_493\Debug\LED.o
                0x00000310                LedBlink
 .text.SetLedState
                0x0000032c       0x10 .\CortexM0\ARM_GCC_493\Debug\LED.o
                0x0000032c                SetLedState
 .text.DisplayConfig
                0x0000033c        0x8 .\CortexM0\ARM_GCC_493\Debug\display.o
                0x0000033c                DisplayConfig
 .text.DisplayPrintf
                0x00000344       0x20 .\CortexM0\ARM_GCC_493\Debug\display.o
                0x00000344                DisplayPrintf
 .text.RTC_WDT_Init
                0x00000364        0x8 .\CortexM0\ARM_GCC_493\Debug\RTC_WDT.o
                0x00000364                RTC_WDT_Init
 .text.GateOpen
                0x0000036c       0x14 .\CortexM0\ARM_GCC_493\Debug\gate.o
                0x0000036c                GateOpen
 .text.DatabaseWrite
                0x00000380        0x4 .\CortexM0\ARM_GCC_493\Debug\database.o
                0x00000380                DatabaseWrite
 .text.WaitHandler
                0x00000384       0x1c .\CortexM0\ARM_GCC_493\Debug\wait_timer.o
                0x00000384                WaitHandler
 .text.InitWaitingTimer
                0x000003a0       0x1c .\CortexM0\ARM_GCC_493\Debug\wait_timer.o
                0x000003a0                InitWaitingTimer
 .text.WaitingTimeOut
                0x000003bc       0x1c .\CortexM0\ARM_GCC_493\Debug\wait_timer.o
                0x000003bc                WaitingTimeOut
 .text.IntDefaultHandler
                0x000003d8        0x4 .\CortexM0\ARM_GCC_493\Debug\Cm0Start.o
                0x000003d8                IntDefaultHandler
 .text.Start_c  0x000003dc       0x48 .\CortexM0\ARM_GCC_493\Debug\Cm0Start.o
                0x000003dc                Start_c
 .text.initialize_psoc
                0x00000424       0x48 .\CortexM0\ARM_GCC_493\Debug\Cm0Start.o
                0x00000424                initialize_psoc
 .text.CYMEMZERO
                0x0000046c        0xc .\CortexM0\ARM_GCC_493\Debug\start01.a(cyfitter_cfg.o)
 .text.CyIntEnable
                0x00000478       0x14 .\CortexM0\ARM_GCC_493\Debug\start01.a(CyLib.o)
                0x00000478                CyIntEnable
 .text.CyHalt   0x0000048c        0x4 .\CortexM0\ARM_GCC_493\Debug\start01.a(CyLib.o)
                0x0000048c                CyHalt
 .text.CyIntSetVector
                0x00000490       0x24 .\CortexM0\ARM_GCC_493\Debug\start01.a(CyLib.o)
                0x00000490                CyIntSetVector
 .text.CyDelay  0x000004b4       0x30 .\CortexM0\ARM_GCC_493\Debug\start01.a(CyLib.o)
                0x000004b4                CyDelay
 .text.CyDelayUs
                0x000004e4       0x14 .\CortexM0\ARM_GCC_493\Debug\start01.a(CyLib.o)
                0x000004e4                CyDelayUs
 .text.CySysClkWriteImoFreq
                0x000004f8      0x164 .\CortexM0\ARM_GCC_493\Debug\start01.a(CyLib.o)
                0x000004f8                CySysClkWriteImoFreq
 .text.CySysWdtLocked
                0x0000065c       0x14 .\CortexM0\ARM_GCC_493\Debug\start01.a(CyLFClk.o)
 .text.CySysWdtLock
                0x00000670       0x1c .\CortexM0\ARM_GCC_493\Debug\start01.a(CyLFClk.o)
                0x00000670                CySysWdtLock
 .text.CySysWdtUnlock
                0x0000068c       0x30 .\CortexM0\ARM_GCC_493\Debug\start01.a(CyLFClk.o)
                0x0000068c                CySysWdtUnlock
 .text.CySysWdtClearInterrupt
                0x000006bc       0x4c .\CortexM0\ARM_GCC_493\Debug\start01.a(CyLFClk.o)
                0x000006bc                CySysWdtClearInterrupt
 .text.CySysWdtIsr
                0x00000708       0xa4 .\CortexM0\ARM_GCC_493\Debug\start01.a(CyLFClk.o)
                0x00000708                CySysWdtIsr
 .text.Int_Timer_Led_SetVector
                0x000007ac        0xc .\CortexM0\ARM_GCC_493\Debug\start01.a(Int_Timer_Led.o)
                0x000007ac                Int_Timer_Led_SetVector
 .text.Int_Timer_Led_SetPriority
                0x000007b8       0x20 .\CortexM0\ARM_GCC_493\Debug\start01.a(Int_Timer_Led.o)
                0x000007b8                Int_Timer_Led_SetPriority
 .text.Int_Timer_Led_Enable
                0x000007d8       0x10 .\CortexM0\ARM_GCC_493\Debug\start01.a(Int_Timer_Led.o)
                0x000007d8                Int_Timer_Led_Enable
 .text.Int_Timer_Led_Disable
                0x000007e8       0x10 .\CortexM0\ARM_GCC_493\Debug\start01.a(Int_Timer_Led.o)
                0x000007e8                Int_Timer_Led_Disable
 .text.Int_Timer_Led_StartEx
                0x000007f8       0x1c .\CortexM0\ARM_GCC_493\Debug\start01.a(Int_Timer_Led.o)
                0x000007f8                Int_Timer_Led_StartEx
 .text.LED_PIN_Write
                0x00000814       0x18 .\CortexM0\ARM_GCC_493\Debug\start01.a(LED_PIN.o)
                0x00000814                LED_PIN_Write
 .text.LED_PIN_Read
                0x0000082c       0x10 .\CortexM0\ARM_GCC_493\Debug\start01.a(LED_PIN.o)
                0x0000082c                LED_PIN_Read
 .text.Timer_LED_Stop
                0x0000083c       0x1c .\CortexM0\ARM_GCC_493\Debug\start01.a(Timer_LED.o)
                0x0000083c                Timer_LED_Stop
 .text.Timer_LED_WriteCounter
                0x00000858       0x10 .\CortexM0\ARM_GCC_493\Debug\start01.a(Timer_LED.o)
                0x00000858                Timer_LED_WriteCounter
 .text.Timer_LED_WritePeriod
                0x00000868       0x10 .\CortexM0\ARM_GCC_493\Debug\start01.a(Timer_LED.o)
                0x00000868                Timer_LED_WritePeriod
 .text.Timer_LED_ReadPeriod
                0x00000878       0x10 .\CortexM0\ARM_GCC_493\Debug\start01.a(Timer_LED.o)
                0x00000878                Timer_LED_ReadPeriod
 .text.Timer_LED_WriteCompare
                0x00000888       0x10 .\CortexM0\ARM_GCC_493\Debug\start01.a(Timer_LED.o)
                0x00000888                Timer_LED_WriteCompare
 .text.Timer_LED_TriggerCommand
                0x00000898       0x1c .\CortexM0\ARM_GCC_493\Debug\start01.a(Timer_LED.o)
                0x00000898                Timer_LED_TriggerCommand
 .text.Timer_LED_Enable
                0x000008b4       0x24 .\CortexM0\ARM_GCC_493\Debug\start01.a(Timer_LED.o)
                0x000008b4                Timer_LED_Enable
 .text.Timer_LED_SetInterruptMode
                0x000008d8        0xc .\CortexM0\ARM_GCC_493\Debug\start01.a(Timer_LED.o)
                0x000008d8                Timer_LED_SetInterruptMode
 .text.Timer_LED_Init
                0x000008e4       0x38 .\CortexM0\ARM_GCC_493\Debug\start01.a(Timer_LED.o)
                0x000008e4                Timer_LED_Init
 .text.Timer_LED_ClearInterrupt
                0x0000091c        0xc .\CortexM0\ARM_GCC_493\Debug\start01.a(Timer_LED.o)
                0x0000091c                Timer_LED_ClearInterrupt
 .text.LCD_WrCntrlNib
                0x00000928       0x34 .\CortexM0\ARM_GCC_493\Debug\start01.a(LCD.o)
 .text.LCD_WrDatNib
                0x0000095c       0x44 .\CortexM0\ARM_GCC_493\Debug\start01.a(LCD.o)
 .text.LCD_IsReady
                0x000009a0       0xb4 .\CortexM0\ARM_GCC_493\Debug\start01.a(LCD.o)
                0x000009a0                LCD_IsReady
 .text.LCD_WriteData
                0x00000a54       0x18 .\CortexM0\ARM_GCC_493\Debug\start01.a(LCD.o)
                0x00000a54                LCD_WriteData
 .text.LCD_PrintString
                0x00000a6c       0x1c .\CortexM0\ARM_GCC_493\Debug\start01.a(LCD.o)
                0x00000a6c                LCD_PrintString
 .text.LCD_WriteControl
                0x00000a88       0x18 .\CortexM0\ARM_GCC_493\Debug\start01.a(LCD.o)
                0x00000a88                LCD_WriteControl
 .text.LCD_Init
                0x00000aa0       0x6c .\CortexM0\ARM_GCC_493\Debug\start01.a(LCD.o)
                0x00000aa0                LCD_Init
 .text.LCD_Enable
                0x00000b0c       0x14 .\CortexM0\ARM_GCC_493\Debug\start01.a(LCD.o)
                0x00000b0c                LCD_Enable
 .text.LCD_Start
                0x00000b20       0x20 .\CortexM0\ARM_GCC_493\Debug\start01.a(LCD.o)
                0x00000b20                LCD_Start
 .text.LCD_Position
                0x00000b40       0x3c .\CortexM0\ARM_GCC_493\Debug\start01.a(LCD.o)
                0x00000b40                LCD_Position
 .text.RTC_DateTimeToUnix
                0x00000b7c      0x1b0 .\CortexM0\ARM_GCC_493\Debug\start01.a(RTC.o)
                0x00000b7c                RTC_DateTimeToUnix
 .text.RTC_SetDateAndTime
                0x00000d2c       0xbc .\CortexM0\ARM_GCC_493\Debug\start01.a(RTC.o)
                0x00000d2c                RTC_SetDateAndTime
 .text.RTC_Init
                0x00000de8       0x40 .\CortexM0\ARM_GCC_493\Debug\start01.a(RTC.o)
                0x00000de8                RTC_Init
 .text.RTC_Start
                0x00000e28       0x14 .\CortexM0\ARM_GCC_493\Debug\start01.a(RTC.o)
                0x00000e28                RTC_Start
 .text.RTC_DaysInMonth
                0x00000e3c       0x44 .\CortexM0\ARM_GCC_493\Debug\start01.a(RTC.o)
                0x00000e3c                RTC_DaysInMonth
 .text.RTC_UnixToDateTime
                0x00000e80      0x294 .\CortexM0\ARM_GCC_493\Debug\start01.a(RTC.o)
                0x00000e80                RTC_UnixToDateTime
 .text.RTC_GetTime
                0x00001114       0x34 .\CortexM0\ARM_GCC_493\Debug\start01.a(RTC.o)
                0x00001114                RTC_GetTime
 .text.GatePin_Read
                0x00001148       0x10 .\CortexM0\ARM_GCC_493\Debug\start01.a(GatePin.o)
                0x00001148                GatePin_Read
 .text.Timer_Wait_Stop
                0x00001158       0x1c .\CortexM0\ARM_GCC_493\Debug\start01.a(Timer_Wait.o)
                0x00001158                Timer_Wait_Stop
 .text.Timer_Wait_WriteCounter
                0x00001174       0x10 .\CortexM0\ARM_GCC_493\Debug\start01.a(Timer_Wait.o)
                0x00001174                Timer_Wait_WriteCounter
 .text.Timer_Wait_WritePeriod
                0x00001184       0x10 .\CortexM0\ARM_GCC_493\Debug\start01.a(Timer_Wait.o)
                0x00001184                Timer_Wait_WritePeriod
 .text.Timer_Wait_WriteCompare
                0x00001194       0x10 .\CortexM0\ARM_GCC_493\Debug\start01.a(Timer_Wait.o)
                0x00001194                Timer_Wait_WriteCompare
 .text.Timer_Wait_TriggerCommand
                0x000011a4       0x1c .\CortexM0\ARM_GCC_493\Debug\start01.a(Timer_Wait.o)
                0x000011a4                Timer_Wait_TriggerCommand
 .text.Timer_Wait_Enable
                0x000011c0       0x24 .\CortexM0\ARM_GCC_493\Debug\start01.a(Timer_Wait.o)
                0x000011c0                Timer_Wait_Enable
 .text.Timer_Wait_SetInterruptMode
                0x000011e4        0xc .\CortexM0\ARM_GCC_493\Debug\start01.a(Timer_Wait.o)
                0x000011e4                Timer_Wait_SetInterruptMode
 .text.Timer_Wait_Init
                0x000011f0       0x38 .\CortexM0\ARM_GCC_493\Debug\start01.a(Timer_Wait.o)
                0x000011f0                Timer_Wait_Init
 .text.Timer_Wait_Start
                0x00001228       0x20 .\CortexM0\ARM_GCC_493\Debug\start01.a(Timer_Wait.o)
                0x00001228                Timer_Wait_Start
 .text.Timer_Wait_ClearInterrupt
                0x00001248        0xc .\CortexM0\ARM_GCC_493\Debug\start01.a(Timer_Wait.o)
                0x00001248                Timer_Wait_ClearInterrupt
 .text.int_wait_SetVector
                0x00001254        0xc .\CortexM0\ARM_GCC_493\Debug\start01.a(int_wait.o)
                0x00001254                int_wait_SetVector
 .text.int_wait_SetPriority
                0x00001260       0x24 .\CortexM0\ARM_GCC_493\Debug\start01.a(int_wait.o)
                0x00001260                int_wait_SetPriority
 .text.int_wait_Enable
                0x00001284       0x10 .\CortexM0\ARM_GCC_493\Debug\start01.a(int_wait.o)
                0x00001284                int_wait_Enable
 .text.int_wait_Disable
                0x00001294       0x10 .\CortexM0\ARM_GCC_493\Debug\start01.a(int_wait.o)
                0x00001294                int_wait_Disable
 .text.int_wait_StartEx
                0x000012a4       0x1c .\CortexM0\ARM_GCC_493\Debug\start01.a(int_wait.o)
                0x000012a4                int_wait_StartEx
 .text          0x000012c0       0x28 .\CortexM0\ARM_GCC_493\Debug\start01.a(CyBootAsmGnu.o)
                0x000012c0                CyDelayCycles
                0x000012d4                CyEnterCriticalSection
                0x000012dc                CyExitCriticalSection
 .text          0x000012e8      0x120 c:/program files (x86)/cypress/psoc creator/3.3/psoc creator/import/gnu/arm/4.9.3/bin/../lib/gcc/arm-none-eabi/4.9.3/armv6-m\libgcc.a(_udivsi3.o)
                0x000012e8                __aeabi_uidiv
                0x000012e8                __udivsi3
                0x000013f4                __aeabi_uidivmod
 .text          0x00001408        0x4 c:/program files (x86)/cypress/psoc creator/3.3/psoc creator/import/gnu/arm/4.9.3/bin/../lib/gcc/arm-none-eabi/4.9.3/armv6-m\libgcc.a(_dvmd_tls.o)
                0x00001408                __aeabi_idiv0
                0x00001408                __aeabi_ldiv0
 .text          0x0000140c       0x40 c:/program files (x86)/cypress/psoc creator/3.3/psoc creator/import/gnu/arm/4.9.3/bin/../lib/gcc/arm-none-eabi/4.9.3/armv6-m\libgcc.a(_aeabi_uldivmod.o)
                0x0000140c                __aeabi_uldivmod
 .text          0x0000144c       0x6c c:/program files (x86)/cypress/psoc creator/3.3/psoc creator/import/gnu/arm/4.9.3/bin/../lib/gcc/arm-none-eabi/4.9.3/armv6-m\libgcc.a(bpabi.o)
                0x0000144c                __gnu_ldivmod_helper
                0x00001484                __gnu_uldivmod_helper
 .text          0x000014b8       0x54 c:/program files (x86)/cypress/psoc creator/3.3/psoc creator/import/gnu/arm/4.9.3/bin/../lib/gcc/arm-none-eabi/4.9.3/armv6-m\libgcc.a(_muldi3.o)
                0x000014b8                __muldi3
                0x000014b8                __aeabi_lmul
 .text          0x0000150c      0x1f0 c:/program files (x86)/cypress/psoc creator/3.3/psoc creator/import/gnu/arm/4.9.3/bin/../lib/gcc/arm-none-eabi/4.9.3/armv6-m\libgcc.a(_divdi3.o)
                0x0000150c                __divdi3
 .text          0x000016fc      0x158 c:/program files (x86)/cypress/psoc creator/3.3/psoc creator/import/gnu/arm/4.9.3/bin/../lib/gcc/arm-none-eabi/4.9.3/armv6-m\libgcc.a(_udivdi3.o)
                0x000016fc                __udivdi3
 .text          0x00001854       0x18 c:/program files (x86)/cypress/psoc creator/3.3/psoc creator/import/gnu/arm/4.9.3/bin/../lib/gcc/arm-none-eabi/4.9.3/armv6-m\libgcc.a(_clzdi2.o)
                0x00001854                __clzdi2
 .text          0x0000186c       0x3c c:/program files (x86)/cypress/psoc creator/3.3/psoc creator/import/gnu/arm/4.9.3/bin/../lib/gcc/arm-none-eabi/4.9.3/armv6-m\libgcc.a(_clzsi2.o)
                0x0000186c                __clzsi2
 .text.__libc_init_array
                0x000018a8       0x4c c:/program files (x86)/cypress/psoc creator/3.3/psoc creator/import/gnu/arm/4.9.3/bin/../lib/gcc/arm-none-eabi/4.9.3/../../../../arm-none-eabi/lib/armv6-m\libg_nano.a(lib_a-init.o)
                0x000018a8                __libc_init_array
 .text.memset   0x000018f4       0x10 c:/program files (x86)/cypress/psoc creator/3.3/psoc creator/import/gnu/arm/4.9.3/bin/../lib/gcc/arm-none-eabi/4.9.3/../../../../arm-none-eabi/lib/armv6-m\libg_nano.a(lib_a-memset.o)
                0x000018f4                memset
 *(.plt)
 *(.gnu.warning)
 *(.glue_7t)
 .glue_7t       0x00000000        0x0 linker stubs
 *(.glue_7)
 .glue_7        0x00000000        0x0 linker stubs
 *(.vfp11_veneer)
 .vfp11_veneer  0x00000000        0x0 linker stubs
 *(.bootloader)
 *(.ARM.extab* .gnu.linkonce.armextab.*)
 *(.gcc_except_table)

.v4_bx          0x00001904        0x0
 .v4_bx         0x00000000        0x0 linker stubs

.iplt           0x00001904        0x0
 .iplt          0x00000000        0x0 c:/program files (x86)/cypress/psoc creator/3.3/psoc creator/import/gnu/arm/4.9.3/bin/../lib/gcc/arm-none-eabi/4.9.3/armv6-m/crtbegin.o

.eh_frame_hdr
 *(.eh_frame_hdr)

.eh_frame       0x00001904        0x4
 *(.eh_frame)
 .eh_frame      0x00001904        0x0 c:/program files (x86)/cypress/psoc creator/3.3/psoc creator/import/gnu/arm/4.9.3/bin/../lib/gcc/arm-none-eabi/4.9.3/armv6-m/crtbegin.o
 .eh_frame      0x00001904        0x4 c:/program files (x86)/cypress/psoc creator/3.3/psoc creator/import/gnu/arm/4.9.3/bin/../lib/gcc/arm-none-eabi/4.9.3/armv6-m/crtend.o
                0x00001908                PROVIDE (__exidx_start, .)

.ARM.exidx      0x00001908        0x8
 *(.ARM.exidx* .gnu.linkonce.armexidx.*)
 .ARM.exidx     0x00001908        0x8 c:/program files (x86)/cypress/psoc creator/3.3/psoc creator/import/gnu/arm/4.9.3/bin/../lib/gcc/arm-none-eabi/4.9.3/armv6-m\libgcc.a(_divdi3.o)
 .ARM.exidx     0x00001910        0x0 c:/program files (x86)/cypress/psoc creator/3.3/psoc creator/import/gnu/arm/4.9.3/bin/../lib/gcc/arm-none-eabi/4.9.3/armv6-m\libgcc.a(_udivdi3.o)
                                  0x8 (size before relaxing)
                0x00001910                __exidx_end = .

.rodata         0x00001910       0xf8
 *(.rodata .rodata.* .gnu.linkonce.r.*)
 .rodata.str1.4
                0x00001910       0x56 .\CortexM0\ARM_GCC_493\Debug\main.o
                                 0x58 (size before relaxing)
 *fill*         0x00001966        0x2 
 .rodata.str1.4
                0x00001968        0xc .\CortexM0\ARM_GCC_493\Debug\display.o
 .rodata        0x00001974        0xc .\CortexM0\ARM_GCC_493\Debug\start01.a(cyfitter_cfg.o)
 .rodata        0x00001980       0x30 .\CortexM0\ARM_GCC_493\Debug\start01.a(CyLib.o)
                0x00001980                cyImoFreqMhz2Reg
 .rodata        0x000019b0       0x24 .\CortexM0\ARM_GCC_493\Debug\start01.a(RTC.o)
                0x000019b0                RTC_daysBeforeMonthTbl
                0x000019c8                RTC_daysInMonthTbl
                0x000019d4                . = ALIGN (0x4)
 *(.init)
 .init          0x000019d4        0x4 c:/program files (x86)/cypress/psoc creator/3.3/psoc creator/import/gnu/arm/4.9.3/bin/../lib/gcc/arm-none-eabi/4.9.3/armv6-m/crti.o
                0x000019d4                _init
 .init          0x000019d8        0x8 c:/program files (x86)/cypress/psoc creator/3.3/psoc creator/import/gnu/arm/4.9.3/bin/../lib/gcc/arm-none-eabi/4.9.3/armv6-m/crtn.o
                0x000019e0                . = ALIGN (0x4)
                0x000019e0                __preinit_array_start = .
 *(.preinit_array)
                0x000019e0                __preinit_array_end = .
                0x000019e0                . = ALIGN (0x4)
                0x000019e0                __init_array_start = .
 *(SORT(.init_array.*))
 *(.init_array)
 .init_array    0x000019e0        0x4 c:/program files (x86)/cypress/psoc creator/3.3/psoc creator/import/gnu/arm/4.9.3/bin/../lib/gcc/arm-none-eabi/4.9.3/armv6-m/crtbegin.o
 .init_array    0x000019e4        0x4 .\CortexM0\ARM_GCC_493\Debug\Cm0Start.o
                0x000019e8                __init_array_end = .
                0x000019e8                . = ALIGN (0x4)
 *(.fini)
 .fini          0x000019e8        0x4 c:/program files (x86)/cypress/psoc creator/3.3/psoc creator/import/gnu/arm/4.9.3/bin/../lib/gcc/arm-none-eabi/4.9.3/armv6-m/crti.o
                0x000019e8                _fini
 .fini          0x000019ec        0x8 c:/program files (x86)/cypress/psoc creator/3.3/psoc creator/import/gnu/arm/4.9.3/bin/../lib/gcc/arm-none-eabi/4.9.3/armv6-m/crtn.o
                0x000019f4                . = ALIGN (0x4)
                0x000019f4                __fini_array_start = .
 *(.fini_array)
 .fini_array    0x000019f4        0x4 c:/program files (x86)/cypress/psoc creator/3.3/psoc creator/import/gnu/arm/4.9.3/bin/../lib/gcc/arm-none-eabi/4.9.3/armv6-m/crtbegin.o
 *(SORT(.fini_array.*))
                0x000019f8                __fini_array_end = .
                0x000019f8                . = ALIGN (0x4)
 *crtbegin.o(.ctors)
 *(EXCLUDE_FILE(*crtend.o) .ctors)
 *(SORT(.ctors.*))
 *crtend.o(.ctors)
                0x000019f8                . = ALIGN (0x4)
 *crtbegin.o(.dtors)
 *(EXCLUDE_FILE(*crtend.o) .dtors)
 *(SORT(.dtors.*))
 *crtend.o(.dtors)
                0x000019f8                . = ALIGN (0x4)
                0x000019f8                __cy_regions = .
                0x000019f8        0x4 LONG 0x1a08 __cy_region_init_ram
                0x000019fc        0x4 LONG 0x200000c8 __cy_region_start_data
                0x00001a00        0x4 LONG 0x18 __cy_region_init_size_ram
                0x00001a04        0x4 LONG 0x80 __cy_region_zero_size_ram
                0x00001a08                __cy_regions_end = .
                0x00001a08                . = ALIGN (0x8)
                0x00001a08                _etext = .

.cy_checksum_exclude
                0x00001a08        0x0
 *(.cy_checksum_exclude)

.ramvectors     0x20000000       0xc0
                0x20000000                __cy_region_start_ram = .
 *(.ramvectors)
 .ramvectors    0x20000000       0xc0 .\CortexM0\ARM_GCC_493\Debug\Cm0Start.o
                0x20000000                CyRamVectors

.noinit         0x200000c0        0x4
 *(.noinit)
 .noinit        0x200000c0        0x4 .\CortexM0\ARM_GCC_493\Debug\Cm0Start.o

.data           0x200000c8       0x18 load address 0x00001a08
                0x200000c8                __cy_region_start_data = .
 *(.jcr)
 .jcr           0x200000c8        0x0 c:/program files (x86)/cypress/psoc creator/3.3/psoc creator/import/gnu/arm/4.9.3/bin/../lib/gcc/arm-none-eabi/4.9.3/armv6-m/crtbegin.o
 .jcr           0x200000c8        0x4 c:/program files (x86)/cypress/psoc creator/3.3/psoc creator/import/gnu/arm/4.9.3/bin/../lib/gcc/arm-none-eabi/4.9.3/armv6-m/crtend.o
 *(.got.plt)
 *(.got)
 *(.shdata)
 *(.data .data.* .gnu.linkonce.d.*)
 .data          0x200000cc       0x10 .\CortexM0\ARM_GCC_493\Debug\start01.a(CyLib.o)
                0x200000cc                cydelay32kMs
                0x200000d0                cydelayFreqKhz
                0x200000d4                cydelayFreqMhz
                0x200000d8                cydelayFreqHz
 .data          0x200000dc        0x4 .\CortexM0\ARM_GCC_493\Debug\start01.a(CyLFClk.o)
                0x200000e0                . = ALIGN (0x8)
 *(.ram)
                0x200000e0                _edata = .

.igot.plt       0x200000e0        0x0 load address 0x00001a20
 .igot.plt      0x00000000        0x0 c:/program files (x86)/cypress/psoc creator/3.3/psoc creator/import/gnu/arm/4.9.3/bin/../lib/gcc/arm-none-eabi/4.9.3/armv6-m/crtbegin.o

.bss            0x200000e0       0x80 load address 0x00001a20
                0x200000e0                PROVIDE (__bss_start__, .)
 *(.shbss)
 *(.bss .bss.* .gnu.linkonce.b.*)
 .bss           0x200000e0       0x1c c:/program files (x86)/cypress/psoc creator/3.3/psoc creator/import/gnu/arm/4.9.3/bin/../lib/gcc/arm-none-eabi/4.9.3/armv6-m/crtbegin.o
 .bss           0x200000fc        0x4 .\CortexM0\ARM_GCC_493\Debug\wait_timer.o
 .bss           0x20000100       0x20 .\CortexM0\ARM_GCC_493\Debug\start01.a(CyLFClk.o)
 .bss           0x20000120        0x2 .\CortexM0\ARM_GCC_493\Debug\start01.a(LCD.o)
                0x20000120                LCD_enableState
                0x20000121                LCD_initVar
 *fill*         0x20000122        0x2 
 .bss           0x20000124       0x10 .\CortexM0\ARM_GCC_493\Debug\start01.a(RTC.o)
 .bss           0x20000134        0x1 .\CortexM0\ARM_GCC_493\Debug\start01.a(Timer_Wait.o)
                0x20000134                Timer_Wait_initVar
 *(COMMON)
 COMMON         0x20000135        0x1 .\CortexM0\ARM_GCC_493\Debug\LED.o
                0x20000135                LED_InitValue
 *fill*         0x20000136        0x2 
 COMMON         0x20000138       0x28 .\CortexM0\ARM_GCC_493\Debug\start01.a(RTC.o)
                0x20000138                RTC_initVar
                0x2000013c                RTC_currentTimeDate
                0x2000014c                RTC_alarmCurStatus
                0x20000150                RTC_dstStatus
                0x20000158                RTC_unixTime
                0x20000160                . = ALIGN (0x8)
 *(.ram.b)
                0x20000160                _end = .
                0x20000160                __end = .
                0x20000160                PROVIDE (end, .)
                0x20000160                PROVIDE (__bss_end__, .)
                0x00001a08                __cy_region_init_ram = LOADADDR (.data)
                0x00000018                __cy_region_init_size_ram = (_edata - ADDR (.data))
                0x00000080                __cy_region_zero_size_ram = (_end - _edata)

.heap           0x20000160       0x80 load address 0x00001a20
                0x20000160                . = _end
                0x200001e0                . = (. + 0x80)
 *fill*         0x20000160       0x80 
                0x200001e0                __cy_heap_limit = .

.stack          0x20000c00      0x400
                0x20000c00                __cy_stack_limit = .
                0x20001000                . = (. + 0x400)
 *fill*         0x20000c00      0x400 
                0x00000001                ASSERT ((__cy_stack_limit >= __cy_heap_limit), region RAM overflowed with stack)
                0x00000000                cy_checksum_exclude_size = (CY_APPL_LOADABLE == 0x1)?SIZEOF (.cy_checksum_exclude):0x0
                0x00000001                ASSERT ((cy_checksum_exclude_size <= CY_CHECKSUM_EXCLUDE_SIZE), CY_BOOT: Section .cy_checksum_exclude size exceedes specified limit.)
                0x00007fc0                cyloadermeta_start = (cy_project_type_bootloader || cy_project_type_app_for_stack_and_copier)?(0x8000 - CY_METADATA_SIZE):0xf0000000

.cyloadermeta
 *(.cyloadermeta)
                0x00007fc0                cyloadablemeta_start = cy_project_type_app_for_stack_and_copier?((0x8000 - CY_FLASH_ROW_SIZE) - CY_METADATA_SIZE):((0x8000 - (CY_FLASH_ROW_SIZE * (CY_APPL_NUM - 0x1))) - CY_METADATA_SIZE)

.cyloadablemeta
 *(.cyloadablemeta)

.cyflashprotect
                0x90400000       0x20
 *(.cyflashprotect)
 .cyflashprotect
                0x90400000       0x20 .\CortexM0\ARM_GCC_493\Debug\cymetadata.o
                0x90400000                cy_meta_flashprotect

.cymeta         0x90500000        0xc
 *(.cymeta)
 .cymeta        0x90500000        0xc .\CortexM0\ARM_GCC_493\Debug\cymetadata.o
                0x90500000                cy_metadata

.cychipprotect  0x90600000        0x4
 *(.cychipprotect)
 .cychipprotect
                0x90600000        0x4 .\CortexM0\ARM_GCC_493\Debug\cymetadata.o
                0x90600000                cy_meta_chipprotect

.rel.dyn        0x00001a20        0x0 load address 0x90600004
 .rel.iplt      0x00000000        0x0 c:/program files (x86)/cypress/psoc creator/3.3/psoc creator/import/gnu/arm/4.9.3/bin/../lib/gcc/arm-none-eabi/4.9.3/armv6-m/crtbegin.o

.stab
 *(.stab)

.stabstr
 *(.stabstr)

.debug
 *(.debug)

.line
 *(.line)

.debug_srcinfo
 *(.debug_srcinfo)

.debug_sfnames
 *(.debug_sfnames)

.debug_aranges  0x00000000      0xb90
 *(.debug_aranges)
 .debug_aranges
                0x00000000       0x40 .\CortexM0\ARM_GCC_493\Debug\main.o
 .debug_aranges
                0x00000040       0x40 .\CortexM0\ARM_GCC_493\Debug\LED.o
 .debug_aranges
                0x00000080       0x28 .\CortexM0\ARM_GCC_493\Debug\display.o
 .debug_aranges
                0x000000a8       0x30 .\CortexM0\ARM_GCC_493\Debug\RTC_WDT.o
 .debug_aranges
                0x000000d8       0x20 .\CortexM0\ARM_GCC_493\Debug\gate.o
 .debug_aranges
                0x000000f8       0x28 .\CortexM0\ARM_GCC_493\Debug\network.o
 .debug_aranges
                0x00000120       0x28 .\CortexM0\ARM_GCC_493\Debug\database.o
 .debug_aranges
                0x00000148       0x30 .\CortexM0\ARM_GCC_493\Debug\wait_timer.o
 .debug_aranges
                0x00000178       0x18 .\CortexM0\ARM_GCC_493\Debug\cymetadata.o
 .debug_aranges
                0x00000190       0x48 .\CortexM0\ARM_GCC_493\Debug\Cm0Start.o
 .debug_aranges
                0x000001d8       0x30 .\CortexM0\ARM_GCC_493\Debug\start01.a(cyfitter_cfg.o)
 .debug_aranges
                0x00000208      0x178 .\CortexM0\ARM_GCC_493\Debug\start01.a(CyLib.o)
 .debug_aranges
                0x00000380      0x138 .\CortexM0\ARM_GCC_493\Debug\start01.a(CyLFClk.o)
 .debug_aranges
                0x000004b8       0x80 .\CortexM0\ARM_GCC_493\Debug\start01.a(Int_Timer_Led.o)
 .debug_aranges
                0x00000538       0x48 .\CortexM0\ARM_GCC_493\Debug\start01.a(LED_PIN.o)
 .debug_aranges
                0x00000580      0x158 .\CortexM0\ARM_GCC_493\Debug\start01.a(Timer_LED.o)
 .debug_aranges
                0x000006d8       0x98 .\CortexM0\ARM_GCC_493\Debug\start01.a(LCD.o)
 .debug_aranges
                0x00000770       0xc0 .\CortexM0\ARM_GCC_493\Debug\start01.a(RTC.o)
 .debug_aranges
                0x00000830       0x48 .\CortexM0\ARM_GCC_493\Debug\start01.a(GatePin.o)
 .debug_aranges
                0x00000878       0x60 .\CortexM0\ARM_GCC_493\Debug\start01.a(UART_XB_SPI_UART.o)
 .debug_aranges
                0x000008d8       0x60 .\CortexM0\ARM_GCC_493\Debug\start01.a(UART_XB_UART.o)
 .debug_aranges
                0x00000938      0x158 .\CortexM0\ARM_GCC_493\Debug\start01.a(Timer_Wait.o)
 .debug_aranges
                0x00000a90       0x80 .\CortexM0\ARM_GCC_493\Debug\start01.a(int_wait.o)
 .debug_aranges
                0x00000b10       0x20 .\CortexM0\ARM_GCC_493\Debug\start01.a(CyBootAsmGnu.o)
 .debug_aranges
                0x00000b30       0x60 .\CortexM0\ARM_GCC_493\Debug\start01.a(UART_XB.o)

.debug_pubnames
 *(.debug_pubnames)

.debug_info     0x00000000     0x6610
 *(.debug_info .gnu.linkonce.wi.*)
 .debug_info    0x00000000      0x398 .\CortexM0\ARM_GCC_493\Debug\main.o
 .debug_info    0x00000398      0x294 .\CortexM0\ARM_GCC_493\Debug\LED.o
 .debug_info    0x0000062c      0x162 .\CortexM0\ARM_GCC_493\Debug\display.o
 .debug_info    0x0000078e      0x116 .\CortexM0\ARM_GCC_493\Debug\RTC_WDT.o
 .debug_info    0x000008a4       0xc9 .\CortexM0\ARM_GCC_493\Debug\gate.o
 .debug_info    0x0000096d      0x166 .\CortexM0\ARM_GCC_493\Debug\network.o
 .debug_info    0x00000ad3       0xc3 .\CortexM0\ARM_GCC_493\Debug\database.o
 .debug_info    0x00000b96      0x1a0 .\CortexM0\ARM_GCC_493\Debug\wait_timer.o
 .debug_info    0x00000d36       0xfe .\CortexM0\ARM_GCC_493\Debug\cymetadata.o
 .debug_info    0x00000e34      0x38c .\CortexM0\ARM_GCC_493\Debug\Cm0Start.o
 .debug_info    0x000011c0      0x293 .\CortexM0\ARM_GCC_493\Debug\start01.a(cyfitter_cfg.o)
 .debug_info    0x00001453      0xad1 .\CortexM0\ARM_GCC_493\Debug\start01.a(CyLib.o)
 .debug_info    0x00001f24      0xcfc .\CortexM0\ARM_GCC_493\Debug\start01.a(CyLFClk.o)
 .debug_info    0x00002c20      0x300 .\CortexM0\ARM_GCC_493\Debug\start01.a(Int_Timer_Led.o)
 .debug_info    0x00002f20      0x19d .\CortexM0\ARM_GCC_493\Debug\start01.a(LED_PIN.o)
 .debug_info    0x000030bd      0x904 .\CortexM0\ARM_GCC_493\Debug\start01.a(Timer_LED.o)
 .debug_info    0x000039c1      0x722 .\CortexM0\ARM_GCC_493\Debug\start01.a(LCD.o)
 .debug_info    0x000040e3      0xfd0 .\CortexM0\ARM_GCC_493\Debug\start01.a(RTC.o)
 .debug_info    0x000050b3      0x19d .\CortexM0\ARM_GCC_493\Debug\start01.a(GatePin.o)
 .debug_info    0x00005250      0x219 .\CortexM0\ARM_GCC_493\Debug\start01.a(UART_XB_SPI_UART.o)
 .debug_info    0x00005469      0x2c4 .\CortexM0\ARM_GCC_493\Debug\start01.a(UART_XB_UART.o)
 .debug_info    0x0000572d      0x904 .\CortexM0\ARM_GCC_493\Debug\start01.a(Timer_Wait.o)
 .debug_info    0x00006031      0x300 .\CortexM0\ARM_GCC_493\Debug\start01.a(int_wait.o)
 .debug_info    0x00006331       0xa6 .\CortexM0\ARM_GCC_493\Debug\start01.a(CyBootAsmGnu.o)
 .debug_info    0x000063d7      0x239 .\CortexM0\ARM_GCC_493\Debug\start01.a(UART_XB.o)

.debug_abbrev   0x00000000     0x1e59
 *(.debug_abbrev)
 .debug_abbrev  0x00000000      0x155 .\CortexM0\ARM_GCC_493\Debug\main.o
 .debug_abbrev  0x00000155      0x14c .\CortexM0\ARM_GCC_493\Debug\LED.o
 .debug_abbrev  0x000002a1       0xca .\CortexM0\ARM_GCC_493\Debug\display.o
 .debug_abbrev  0x0000036b       0xac .\CortexM0\ARM_GCC_493\Debug\RTC_WDT.o
 .debug_abbrev  0x00000417       0x71 .\CortexM0\ARM_GCC_493\Debug\gate.o
 .debug_abbrev  0x00000488       0xe9 .\CortexM0\ARM_GCC_493\Debug\network.o
 .debug_abbrev  0x00000571       0x7a .\CortexM0\ARM_GCC_493\Debug\database.o
 .debug_abbrev  0x000005eb      0x117 .\CortexM0\ARM_GCC_493\Debug\wait_timer.o
 .debug_abbrev  0x00000702       0x5d .\CortexM0\ARM_GCC_493\Debug\cymetadata.o
 .debug_abbrev  0x0000075f      0x1fe .\CortexM0\ARM_GCC_493\Debug\Cm0Start.o
 .debug_abbrev  0x0000095d      0x18c .\CortexM0\ARM_GCC_493\Debug\start01.a(cyfitter_cfg.o)
 .debug_abbrev  0x00000ae9      0x20d .\CortexM0\ARM_GCC_493\Debug\start01.a(CyLib.o)
 .debug_abbrev  0x00000cf6      0x23b .\CortexM0\ARM_GCC_493\Debug\start01.a(CyLFClk.o)
 .debug_abbrev  0x00000f31      0x1b4 .\CortexM0\ARM_GCC_493\Debug\start01.a(Int_Timer_Led.o)
 .debug_abbrev  0x000010e5       0xc8 .\CortexM0\ARM_GCC_493\Debug\start01.a(LED_PIN.o)
 .debug_abbrev  0x000011ad      0x133 .\CortexM0\ARM_GCC_493\Debug\start01.a(Timer_LED.o)
 .debug_abbrev  0x000012e0      0x18b .\CortexM0\ARM_GCC_493\Debug\start01.a(LCD.o)
 .debug_abbrev  0x0000146b      0x2b2 .\CortexM0\ARM_GCC_493\Debug\start01.a(RTC.o)
 .debug_abbrev  0x0000171d       0xc8 .\CortexM0\ARM_GCC_493\Debug\start01.a(GatePin.o)
 .debug_abbrev  0x000017e5      0x14f .\CortexM0\ARM_GCC_493\Debug\start01.a(UART_XB_SPI_UART.o)
 .debug_abbrev  0x00001934      0x13d .\CortexM0\ARM_GCC_493\Debug\start01.a(UART_XB_UART.o)
 .debug_abbrev  0x00001a71      0x133 .\CortexM0\ARM_GCC_493\Debug\start01.a(Timer_Wait.o)
 .debug_abbrev  0x00001ba4      0x1b4 .\CortexM0\ARM_GCC_493\Debug\start01.a(int_wait.o)
 .debug_abbrev  0x00001d58       0x14 .\CortexM0\ARM_GCC_493\Debug\start01.a(CyBootAsmGnu.o)
 .debug_abbrev  0x00001d6c       0xed .\CortexM0\ARM_GCC_493\Debug\start01.a(UART_XB.o)

.debug_line     0x00000000     0x2d81
 *(.debug_line)
 .debug_line    0x00000000      0x229 .\CortexM0\ARM_GCC_493\Debug\main.o
 .debug_line    0x00000229      0x1d1 .\CortexM0\ARM_GCC_493\Debug\LED.o
 .debug_line    0x000003fa       0x7d .\CortexM0\ARM_GCC_493\Debug\display.o
 .debug_line    0x00000477      0x175 .\CortexM0\ARM_GCC_493\Debug\RTC_WDT.o
 .debug_line    0x000005ec       0x6d .\CortexM0\ARM_GCC_493\Debug\gate.o
 .debug_line    0x00000659      0x19f .\CortexM0\ARM_GCC_493\Debug\network.o
 .debug_line    0x000007f8      0x145 .\CortexM0\ARM_GCC_493\Debug\database.o
 .debug_line    0x0000093d      0x1a5 .\CortexM0\ARM_GCC_493\Debug\wait_timer.o
 .debug_line    0x00000ae2       0x53 .\CortexM0\ARM_GCC_493\Debug\cymetadata.o
 .debug_line    0x00000b35      0x248 .\CortexM0\ARM_GCC_493\Debug\Cm0Start.o
 .debug_line    0x00000d7d      0x13d .\CortexM0\ARM_GCC_493\Debug\start01.a(cyfitter_cfg.o)
 .debug_line    0x00000eba      0x44b .\CortexM0\ARM_GCC_493\Debug\start01.a(CyLib.o)
 .debug_line    0x00001305      0x469 .\CortexM0\ARM_GCC_493\Debug\start01.a(CyLFClk.o)
 .debug_line    0x0000176e      0x172 .\CortexM0\ARM_GCC_493\Debug\start01.a(Int_Timer_Led.o)
 .debug_line    0x000018e0       0xc1 .\CortexM0\ARM_GCC_493\Debug\start01.a(LED_PIN.o)
 .debug_line    0x000019a1      0x380 .\CortexM0\ARM_GCC_493\Debug\start01.a(Timer_LED.o)
 .debug_line    0x00001d21      0x1e8 .\CortexM0\ARM_GCC_493\Debug\start01.a(LCD.o)
 .debug_line    0x00001f09      0x474 .\CortexM0\ARM_GCC_493\Debug\start01.a(RTC.o)
 .debug_line    0x0000237d       0xc1 .\CortexM0\ARM_GCC_493\Debug\start01.a(GatePin.o)
 .debug_line    0x0000243e      0x136 .\CortexM0\ARM_GCC_493\Debug\start01.a(UART_XB_SPI_UART.o)
 .debug_line    0x00002574      0x16e .\CortexM0\ARM_GCC_493\Debug\start01.a(UART_XB_UART.o)
 .debug_line    0x000026e2      0x381 .\CortexM0\ARM_GCC_493\Debug\start01.a(Timer_Wait.o)
 .debug_line    0x00002a63      0x16d .\CortexM0\ARM_GCC_493\Debug\start01.a(int_wait.o)
 .debug_line    0x00002bd0       0x6b .\CortexM0\ARM_GCC_493\Debug\start01.a(CyBootAsmGnu.o)
 .debug_line    0x00002c3b      0x146 .\CortexM0\ARM_GCC_493\Debug\start01.a(UART_XB.o)

.debug_frame    0x00000000     0x1e10
 *(.debug_frame)
 .debug_frame   0x00000000       0x9c .\CortexM0\ARM_GCC_493\Debug\main.o
 .debug_frame   0x0000009c       0x90 .\CortexM0\ARM_GCC_493\Debug\LED.o
 .debug_frame   0x0000012c       0x48 .\CortexM0\ARM_GCC_493\Debug\display.o
 .debug_frame   0x00000174       0x4c .\CortexM0\ARM_GCC_493\Debug\RTC_WDT.o
 .debug_frame   0x000001c0       0x2c .\CortexM0\ARM_GCC_493\Debug\gate.o
 .debug_frame   0x000001ec       0x40 .\CortexM0\ARM_GCC_493\Debug\network.o
 .debug_frame   0x0000022c       0x30 .\CortexM0\ARM_GCC_493\Debug\database.o
 .debug_frame   0x0000025c       0x64 .\CortexM0\ARM_GCC_493\Debug\wait_timer.o
 .debug_frame   0x000002c0       0xb0 .\CortexM0\ARM_GCC_493\Debug\Cm0Start.o
 .debug_frame   0x00000370       0x68 .\CortexM0\ARM_GCC_493\Debug\start01.a(cyfitter_cfg.o)
 .debug_frame   0x000003d8      0x3d0 .\CortexM0\ARM_GCC_493\Debug\start01.a(CyLib.o)
 .debug_frame   0x000007a8      0x3a8 .\CortexM0\ARM_GCC_493\Debug\start01.a(CyLFClk.o)
 .debug_frame   0x00000b50      0x110 .\CortexM0\ARM_GCC_493\Debug\start01.a(Int_Timer_Led.o)
 .debug_frame   0x00000c60       0x70 .\CortexM0\ARM_GCC_493\Debug\start01.a(LED_PIN.o)
 .debug_frame   0x00000cd0      0x390 .\CortexM0\ARM_GCC_493\Debug\start01.a(Timer_LED.o)
 .debug_frame   0x00001060      0x1f0 .\CortexM0\ARM_GCC_493\Debug\start01.a(LCD.o)
 .debug_frame   0x00001250      0x288 .\CortexM0\ARM_GCC_493\Debug\start01.a(RTC.o)
 .debug_frame   0x000014d8       0x70 .\CortexM0\ARM_GCC_493\Debug\start01.a(GatePin.o)
 .debug_frame   0x00001548       0xb0 .\CortexM0\ARM_GCC_493\Debug\start01.a(UART_XB_SPI_UART.o)
 .debug_frame   0x000015f8       0xe0 .\CortexM0\ARM_GCC_493\Debug\start01.a(UART_XB_UART.o)
 .debug_frame   0x000016d8      0x390 .\CortexM0\ARM_GCC_493\Debug\start01.a(Timer_Wait.o)
 .debug_frame   0x00001a68      0x110 .\CortexM0\ARM_GCC_493\Debug\start01.a(int_wait.o)
 .debug_frame   0x00001b78       0xe8 .\CortexM0\ARM_GCC_493\Debug\start01.a(UART_XB.o)
 .debug_frame   0x00001c60       0x20 c:/program files (x86)/cypress/psoc creator/3.3/psoc creator/import/gnu/arm/4.9.3/bin/../lib/gcc/arm-none-eabi/4.9.3/armv6-m\libgcc.a(_udivsi3.o)
 .debug_frame   0x00001c80       0x50 c:/program files (x86)/cypress/psoc creator/3.3/psoc creator/import/gnu/arm/4.9.3/bin/../lib/gcc/arm-none-eabi/4.9.3/armv6-m\libgcc.a(bpabi.o)
 .debug_frame   0x00001cd0       0x34 c:/program files (x86)/cypress/psoc creator/3.3/psoc creator/import/gnu/arm/4.9.3/bin/../lib/gcc/arm-none-eabi/4.9.3/armv6-m\libgcc.a(_muldi3.o)
 .debug_frame   0x00001d04       0x3c c:/program files (x86)/cypress/psoc creator/3.3/psoc creator/import/gnu/arm/4.9.3/bin/../lib/gcc/arm-none-eabi/4.9.3/armv6-m\libgcc.a(_divdi3.o)
 .debug_frame   0x00001d40       0x3c c:/program files (x86)/cypress/psoc creator/3.3/psoc creator/import/gnu/arm/4.9.3/bin/../lib/gcc/arm-none-eabi/4.9.3/armv6-m\libgcc.a(_udivdi3.o)
 .debug_frame   0x00001d7c       0x20 c:/program files (x86)/cypress/psoc creator/3.3/psoc creator/import/gnu/arm/4.9.3/bin/../lib/gcc/arm-none-eabi/4.9.3/../../../../arm-none-eabi/lib/armv6-m\libg_nano.a(lib_a-errno.o)
 .debug_frame   0x00001d9c       0x28 c:/program files (x86)/cypress/psoc creator/3.3/psoc creator/import/gnu/arm/4.9.3/bin/../lib/gcc/arm-none-eabi/4.9.3/../../../../arm-none-eabi/lib/armv6-m\libg_nano.a(lib_a-exit.o)
 .debug_frame   0x00001dc4       0x2c c:/program files (x86)/cypress/psoc creator/3.3/psoc creator/import/gnu/arm/4.9.3/bin/../lib/gcc/arm-none-eabi/4.9.3/../../../../arm-none-eabi/lib/armv6-m\libg_nano.a(lib_a-init.o)
 .debug_frame   0x00001df0       0x20 c:/program files (x86)/cypress/psoc creator/3.3/psoc creator/import/gnu/arm/4.9.3/bin/../lib/gcc/arm-none-eabi/4.9.3/../../../../arm-none-eabi/lib/armv6-m\libg_nano.a(lib_a-memset.o)

.debug_str      0x00000000     0x24db
 *(.debug_str)
 .debug_str     0x00000000      0x258 .\CortexM0\ARM_GCC_493\Debug\main.o
                                0x2ab (size before relaxing)
 .debug_str     0x00000258       0xf5 .\CortexM0\ARM_GCC_493\Debug\LED.o
                                0x2e2 (size before relaxing)
 .debug_str     0x0000034d       0x41 .\CortexM0\ARM_GCC_493\Debug\display.o
                                0x1e6 (size before relaxing)
 .debug_str     0x0000038e       0x2e .\CortexM0\ARM_GCC_493\Debug\RTC_WDT.o
                                0x1e6 (size before relaxing)
 .debug_str     0x000003bc       0x16 .\CortexM0\ARM_GCC_493\Debug\gate.o
                                0x1ae (size before relaxing)
 .debug_str     0x000003d2       0x5e .\CortexM0\ARM_GCC_493\Debug\network.o
                                0x20a (size before relaxing)
 .debug_str     0x00000430       0x1a .\CortexM0\ARM_GCC_493\Debug\database.o
                                0x1af (size before relaxing)
 .debug_str     0x0000044a       0x75 .\CortexM0\ARM_GCC_493\Debug\wait_timer.o
                                0x24b (size before relaxing)
 .debug_str     0x000004bf       0x5b .\CortexM0\ARM_GCC_493\Debug\cymetadata.o
                                0x1e4 (size before relaxing)
 .debug_str     0x0000051a      0x14f .\CortexM0\ARM_GCC_493\Debug\Cm0Start.o
                                0x30b (size before relaxing)
 .debug_str     0x00000669       0x9d .\CortexM0\ARM_GCC_493\Debug\start01.a(cyfitter_cfg.o)
                                0x261 (size before relaxing)
 .debug_str     0x00000706      0x4a9 .\CortexM0\ARM_GCC_493\Debug\start01.a(CyLib.o)
                                0x69f (size before relaxing)
 .debug_str     0x00000baf      0x539 .\CortexM0\ARM_GCC_493\Debug\start01.a(CyLFClk.o)
                                0x747 (size before relaxing)
 .debug_str     0x000010e8      0x151 .\CortexM0\ARM_GCC_493\Debug\start01.a(Int_Timer_Led.o)
                                0x364 (size before relaxing)
 .debug_str     0x00001239       0xa0 .\CortexM0\ARM_GCC_493\Debug\start01.a(LED_PIN.o)
                                0x25a (size before relaxing)
 .debug_str     0x000012d9      0x41d .\CortexM0\ARM_GCC_493\Debug\start01.a(Timer_LED.o)
                                0x663 (size before relaxing)
 .debug_str     0x000016f6      0x147 .\CortexM0\ARM_GCC_493\Debug\start01.a(LCD.o)
                                0x336 (size before relaxing)
 .debug_str     0x0000183d      0x3fd .\CortexM0\ARM_GCC_493\Debug\start01.a(RTC.o)
                                0x5d6 (size before relaxing)
 .debug_str     0x00001c3a       0x8a .\CortexM0\ARM_GCC_493\Debug\start01.a(GatePin.o)
                                0x25a (size before relaxing)
 .debug_str     0x00001cc4      0x13a .\CortexM0\ARM_GCC_493\Debug\start01.a(UART_XB_SPI_UART.o)
                                0x2f6 (size before relaxing)
 .debug_str     0x00001dfe      0x11b .\CortexM0\ARM_GCC_493\Debug\start01.a(UART_XB_UART.o)
                                0x336 (size before relaxing)
 .debug_str     0x00001f19      0x3c0 .\CortexM0\ARM_GCC_493\Debug\start01.a(Timer_Wait.o)
                                0x68d (size before relaxing)
 .debug_str     0x000022d9      0x101 .\CortexM0\ARM_GCC_493\Debug\start01.a(int_wait.o)
                                0x31e (size before relaxing)
 .debug_str     0x000023da      0x101 .\CortexM0\ARM_GCC_493\Debug\start01.a(UART_XB.o)
                                0x2ea (size before relaxing)

.debug_loc      0x00000000     0x3a44
 *(.debug_loc)
 .debug_loc     0x00000000       0x32 .\CortexM0\ARM_GCC_493\Debug\main.o
 .debug_loc     0x00000032       0x55 .\CortexM0\ARM_GCC_493\Debug\LED.o
 .debug_loc     0x00000087       0x2c .\CortexM0\ARM_GCC_493\Debug\display.o
 .debug_loc     0x000000b3       0x68 .\CortexM0\ARM_GCC_493\Debug\network.o
 .debug_loc     0x0000011b       0x21 .\CortexM0\ARM_GCC_493\Debug\database.o
 .debug_loc     0x0000013c       0x58 .\CortexM0\ARM_GCC_493\Debug\wait_timer.o
 .debug_loc     0x00000194      0x14f .\CortexM0\ARM_GCC_493\Debug\Cm0Start.o
 .debug_loc     0x000002e3       0xa9 .\CortexM0\ARM_GCC_493\Debug\start01.a(cyfitter_cfg.o)
 .debug_loc     0x0000038c      0x5b5 .\CortexM0\ARM_GCC_493\Debug\start01.a(CyLib.o)
 .debug_loc     0x00000941      0x9d5 .\CortexM0\ARM_GCC_493\Debug\start01.a(CyLFClk.o)
 .debug_loc     0x00001316       0x82 .\CortexM0\ARM_GCC_493\Debug\start01.a(Int_Timer_Led.o)
 .debug_loc     0x00001398       0xa2 .\CortexM0\ARM_GCC_493\Debug\start01.a(LED_PIN.o)
 .debug_loc     0x0000143a      0x547 .\CortexM0\ARM_GCC_493\Debug\start01.a(Timer_LED.o)
 .debug_loc     0x00001981      0x3e3 .\CortexM0\ARM_GCC_493\Debug\start01.a(LCD.o)
 .debug_loc     0x00001d64     0x13ee .\CortexM0\ARM_GCC_493\Debug\start01.a(RTC.o)
 .debug_loc     0x00003152       0xa2 .\CortexM0\ARM_GCC_493\Debug\start01.a(GatePin.o)
 .debug_loc     0x000031f4       0x96 .\CortexM0\ARM_GCC_493\Debug\start01.a(UART_XB_SPI_UART.o)
 .debug_loc     0x0000328a      0x173 .\CortexM0\ARM_GCC_493\Debug\start01.a(UART_XB_UART.o)
 .debug_loc     0x000033fd      0x547 .\CortexM0\ARM_GCC_493\Debug\start01.a(Timer_Wait.o)
 .debug_loc     0x00003944       0x82 .\CortexM0\ARM_GCC_493\Debug\start01.a(int_wait.o)
 .debug_loc     0x000039c6       0x7e .\CortexM0\ARM_GCC_493\Debug\start01.a(UART_XB.o)

.debug_macinfo
 *(.debug_macinfo)

.debug_ranges   0x00000000      0x9e8
 *(.debug_ranges)
 .debug_ranges  0x00000000       0x30 .\CortexM0\ARM_GCC_493\Debug\main.o
 .debug_ranges  0x00000030       0x30 .\CortexM0\ARM_GCC_493\Debug\LED.o
 .debug_ranges  0x00000060       0x18 .\CortexM0\ARM_GCC_493\Debug\display.o
 .debug_ranges  0x00000078       0x20 .\CortexM0\ARM_GCC_493\Debug\RTC_WDT.o
 .debug_ranges  0x00000098       0x10 .\CortexM0\ARM_GCC_493\Debug\gate.o
 .debug_ranges  0x000000a8       0x18 .\CortexM0\ARM_GCC_493\Debug\network.o
 .debug_ranges  0x000000c0       0x18 .\CortexM0\ARM_GCC_493\Debug\database.o
 .debug_ranges  0x000000d8       0x20 .\CortexM0\ARM_GCC_493\Debug\wait_timer.o
 .debug_ranges  0x000000f8       0x38 .\CortexM0\ARM_GCC_493\Debug\Cm0Start.o
 .debug_ranges  0x00000130       0x20 .\CortexM0\ARM_GCC_493\Debug\start01.a(cyfitter_cfg.o)
 .debug_ranges  0x00000150      0x168 .\CortexM0\ARM_GCC_493\Debug\start01.a(CyLib.o)
 .debug_ranges  0x000002b8      0x128 .\CortexM0\ARM_GCC_493\Debug\start01.a(CyLFClk.o)
 .debug_ranges  0x000003e0       0x70 .\CortexM0\ARM_GCC_493\Debug\start01.a(Int_Timer_Led.o)
 .debug_ranges  0x00000450       0x38 .\CortexM0\ARM_GCC_493\Debug\start01.a(LED_PIN.o)
 .debug_ranges  0x00000488      0x148 .\CortexM0\ARM_GCC_493\Debug\start01.a(Timer_LED.o)
 .debug_ranges  0x000005d0       0x88 .\CortexM0\ARM_GCC_493\Debug\start01.a(LCD.o)
 .debug_ranges  0x00000658       0xb0 .\CortexM0\ARM_GCC_493\Debug\start01.a(RTC.o)
 .debug_ranges  0x00000708       0x38 .\CortexM0\ARM_GCC_493\Debug\start01.a(GatePin.o)
 .debug_ranges  0x00000740       0x50 .\CortexM0\ARM_GCC_493\Debug\start01.a(UART_XB_SPI_UART.o)
 .debug_ranges  0x00000790       0x50 .\CortexM0\ARM_GCC_493\Debug\start01.a(UART_XB_UART.o)
 .debug_ranges  0x000007e0      0x148 .\CortexM0\ARM_GCC_493\Debug\start01.a(Timer_Wait.o)
 .debug_ranges  0x00000928       0x70 .\CortexM0\ARM_GCC_493\Debug\start01.a(int_wait.o)
 .debug_ranges  0x00000998       0x50 .\CortexM0\ARM_GCC_493\Debug\start01.a(UART_XB.o)

.comment        0x00000000       0x70
 .comment       0x00000000       0x70 .\CortexM0\ARM_GCC_493\Debug\main.o
                                 0x71 (size before relaxing)
 .comment       0x00000000       0x71 .\CortexM0\ARM_GCC_493\Debug\LED.o
 .comment       0x00000000       0x71 .\CortexM0\ARM_GCC_493\Debug\display.o
 .comment       0x00000000       0x71 .\CortexM0\ARM_GCC_493\Debug\RTC_WDT.o
 .comment       0x00000000       0x71 .\CortexM0\ARM_GCC_493\Debug\gate.o
 .comment       0x00000000       0x71 .\CortexM0\ARM_GCC_493\Debug\network.o
 .comment       0x00000000       0x71 .\CortexM0\ARM_GCC_493\Debug\database.o
 .comment       0x00000000       0x71 .\CortexM0\ARM_GCC_493\Debug\wait_timer.o
 .comment       0x00000000       0x71 .\CortexM0\ARM_GCC_493\Debug\cymetadata.o
 .comment       0x00000000       0x71 .\CortexM0\ARM_GCC_493\Debug\Cm0Start.o
 .comment       0x00000000       0x71 .\CortexM0\ARM_GCC_493\Debug\start01.a(cyfitter_cfg.o)
 .comment       0x00000000       0x71 .\CortexM0\ARM_GCC_493\Debug\start01.a(CyLib.o)
 .comment       0x00000000       0x71 .\CortexM0\ARM_GCC_493\Debug\start01.a(CyLFClk.o)
 .comment       0x00000000       0x71 .\CortexM0\ARM_GCC_493\Debug\start01.a(Int_Timer_Led.o)
 .comment       0x00000000       0x71 .\CortexM0\ARM_GCC_493\Debug\start01.a(LED_PIN.o)
 .comment       0x00000000       0x71 .\CortexM0\ARM_GCC_493\Debug\start01.a(Timer_LED.o)
 .comment       0x00000000       0x71 .\CortexM0\ARM_GCC_493\Debug\start01.a(LCD.o)
 .comment       0x00000000       0x71 .\CortexM0\ARM_GCC_493\Debug\start01.a(RTC.o)
 .comment       0x00000000       0x71 .\CortexM0\ARM_GCC_493\Debug\start01.a(GatePin.o)
 .comment       0x00000000       0x71 .\CortexM0\ARM_GCC_493\Debug\start01.a(UART_XB_SPI_UART.o)
 .comment       0x00000000       0x71 .\CortexM0\ARM_GCC_493\Debug\start01.a(UART_XB_UART.o)
 .comment       0x00000000       0x71 .\CortexM0\ARM_GCC_493\Debug\start01.a(Timer_Wait.o)
 .comment       0x00000000       0x71 .\CortexM0\ARM_GCC_493\Debug\start01.a(int_wait.o)
 .comment       0x00000000       0x71 .\CortexM0\ARM_GCC_493\Debug\start01.a(UART_XB.o)

.debug_weaknames
 *(.debug_weaknames)

.debug_funcnames
 *(.debug_funcnames)

.debug_typenames
 *(.debug_typenames)

.debug_varnames
 *(.debug_varnames)

.note.gnu.arm.ident
 *(.note.gnu.arm.ident)

.ARM.attributes
                0x00000000       0x28
 *(.ARM.attributes)
 .ARM.attributes
                0x00000000       0x1e c:/program files (x86)/cypress/psoc creator/3.3/psoc creator/import/gnu/arm/4.9.3/bin/../lib/gcc/arm-none-eabi/4.9.3/armv6-m/crti.o
 .ARM.attributes
                0x0000001e       0x2c c:/program files (x86)/cypress/psoc creator/3.3/psoc creator/import/gnu/arm/4.9.3/bin/../lib/gcc/arm-none-eabi/4.9.3/armv6-m/crtbegin.o
 .ARM.attributes
                0x0000004a       0x1b c:/program files (x86)/cypress/psoc creator/3.3/psoc creator/import/gnu/arm/4.9.3/bin/../lib/gcc/arm-none-eabi/4.9.3/../../../../arm-none-eabi/lib/armv6-m/crt0.o
 .ARM.attributes
                0x00000065       0x31 .\CortexM0\ARM_GCC_493\Debug\main.o
 .ARM.attributes
                0x00000096       0x31 .\CortexM0\ARM_GCC_493\Debug\LED.o
 .ARM.attributes
                0x000000c7       0x31 .\CortexM0\ARM_GCC_493\Debug\display.o
 .ARM.attributes
                0x000000f8       0x31 .\CortexM0\ARM_GCC_493\Debug\RTC_WDT.o
 .ARM.attributes
                0x00000129       0x31 .\CortexM0\ARM_GCC_493\Debug\gate.o
 .ARM.attributes
                0x0000015a       0x31 .\CortexM0\ARM_GCC_493\Debug\network.o
 .ARM.attributes
                0x0000018b       0x31 .\CortexM0\ARM_GCC_493\Debug\database.o
 .ARM.attributes
                0x000001bc       0x31 .\CortexM0\ARM_GCC_493\Debug\wait_timer.o
 .ARM.attributes
                0x000001ed       0x31 .\CortexM0\ARM_GCC_493\Debug\cymetadata.o
 .ARM.attributes
                0x0000021e       0x31 .\CortexM0\ARM_GCC_493\Debug\Cm0Start.o
 .ARM.attributes
                0x0000024f       0x31 .\CortexM0\ARM_GCC_493\Debug\start01.a(cyfitter_cfg.o)
 .ARM.attributes
                0x00000280       0x31 .\CortexM0\ARM_GCC_493\Debug\start01.a(CyLib.o)
 .ARM.attributes
                0x000002b1       0x31 .\CortexM0\ARM_GCC_493\Debug\start01.a(CyLFClk.o)
 .ARM.attributes
                0x000002e2       0x31 .\CortexM0\ARM_GCC_493\Debug\start01.a(Int_Timer_Led.o)
 .ARM.attributes
                0x00000313       0x31 .\CortexM0\ARM_GCC_493\Debug\start01.a(LED_PIN.o)
 .ARM.attributes
                0x00000344       0x31 .\CortexM0\ARM_GCC_493\Debug\start01.a(Timer_LED.o)
 .ARM.attributes
                0x00000375       0x31 .\CortexM0\ARM_GCC_493\Debug\start01.a(LCD.o)
 .ARM.attributes
                0x000003a6       0x31 .\CortexM0\ARM_GCC_493\Debug\start01.a(RTC.o)
 .ARM.attributes
                0x000003d7       0x31 .\CortexM0\ARM_GCC_493\Debug\start01.a(GatePin.o)
 .ARM.attributes
                0x00000408       0x31 .\CortexM0\ARM_GCC_493\Debug\start01.a(UART_XB_SPI_UART.o)
 .ARM.attributes
                0x00000439       0x31 .\CortexM0\ARM_GCC_493\Debug\start01.a(UART_XB_UART.o)
 .ARM.attributes
                0x0000046a       0x31 .\CortexM0\ARM_GCC_493\Debug\start01.a(Timer_Wait.o)
 .ARM.attributes
                0x0000049b       0x31 .\CortexM0\ARM_GCC_493\Debug\start01.a(int_wait.o)
 .ARM.attributes
                0x000004cc       0x21 .\CortexM0\ARM_GCC_493\Debug\start01.a(CyBootAsmGnu.o)
 .ARM.attributes
                0x000004ed       0x31 .\CortexM0\ARM_GCC_493\Debug\start01.a(UART_XB.o)
 .ARM.attributes
                0x0000051e       0x1e c:/program files (x86)/cypress/psoc creator/3.3/psoc creator/import/gnu/arm/4.9.3/bin/../lib/gcc/arm-none-eabi/4.9.3/armv6-m\libgcc.a(_udivsi3.o)
 .ARM.attributes
                0x0000053c       0x1e c:/program files (x86)/cypress/psoc creator/3.3/psoc creator/import/gnu/arm/4.9.3/bin/../lib/gcc/arm-none-eabi/4.9.3/armv6-m\libgcc.a(_dvmd_tls.o)
 .ARM.attributes
                0x0000055a       0x1e c:/program files (x86)/cypress/psoc creator/3.3/psoc creator/import/gnu/arm/4.9.3/bin/../lib/gcc/arm-none-eabi/4.9.3/armv6-m\libgcc.a(_aeabi_uldivmod.o)
 .ARM.attributes
                0x00000578       0x2c c:/program files (x86)/cypress/psoc creator/3.3/psoc creator/import/gnu/arm/4.9.3/bin/../lib/gcc/arm-none-eabi/4.9.3/armv6-m\libgcc.a(bpabi.o)
 .ARM.attributes
                0x000005a4       0x2c c:/program files (x86)/cypress/psoc creator/3.3/psoc creator/import/gnu/arm/4.9.3/bin/../lib/gcc/arm-none-eabi/4.9.3/armv6-m\libgcc.a(_muldi3.o)
 .ARM.attributes
                0x000005d0       0x2c c:/program files (x86)/cypress/psoc creator/3.3/psoc creator/import/gnu/arm/4.9.3/bin/../lib/gcc/arm-none-eabi/4.9.3/armv6-m\libgcc.a(_divdi3.o)
 .ARM.attributes
                0x000005fc       0x2c c:/program files (x86)/cypress/psoc creator/3.3/psoc creator/import/gnu/arm/4.9.3/bin/../lib/gcc/arm-none-eabi/4.9.3/armv6-m\libgcc.a(_udivdi3.o)
 .ARM.attributes
                0x00000628       0x1e c:/program files (x86)/cypress/psoc creator/3.3/psoc creator/import/gnu/arm/4.9.3/bin/../lib/gcc/arm-none-eabi/4.9.3/armv6-m\libgcc.a(_clzdi2.o)
 .ARM.attributes
                0x00000646       0x1e c:/program files (x86)/cypress/psoc creator/3.3/psoc creator/import/gnu/arm/4.9.3/bin/../lib/gcc/arm-none-eabi/4.9.3/armv6-m\libgcc.a(_clzsi2.o)
 .ARM.attributes
                0x00000664       0x2c c:/program files (x86)/cypress/psoc creator/3.3/psoc creator/import/gnu/arm/4.9.3/bin/../lib/gcc/arm-none-eabi/4.9.3/../../../../arm-none-eabi/lib/armv6-m\libg_nano.a(lib_a-errno.o)
 .ARM.attributes
                0x00000690       0x2c c:/program files (x86)/cypress/psoc creator/3.3/psoc creator/import/gnu/arm/4.9.3/bin/../lib/gcc/arm-none-eabi/4.9.3/../../../../arm-none-eabi/lib/armv6-m\libg_nano.a(lib_a-exit.o)
 .ARM.attributes
                0x000006bc       0x2c c:/program files (x86)/cypress/psoc creator/3.3/psoc creator/import/gnu/arm/4.9.3/bin/../lib/gcc/arm-none-eabi/4.9.3/../../../../arm-none-eabi/lib/armv6-m\libg_nano.a(lib_a-impure.o)
 .ARM.attributes
                0x000006e8       0x2c c:/program files (x86)/cypress/psoc creator/3.3/psoc creator/import/gnu/arm/4.9.3/bin/../lib/gcc/arm-none-eabi/4.9.3/../../../../arm-none-eabi/lib/armv6-m\libg_nano.a(lib_a-init.o)
 .ARM.attributes
                0x00000714       0x2c c:/program files (x86)/cypress/psoc creator/3.3/psoc creator/import/gnu/arm/4.9.3/bin/../lib/gcc/arm-none-eabi/4.9.3/../../../../arm-none-eabi/lib/armv6-m\libg_nano.a(lib_a-memset.o)
 .ARM.attributes
                0x00000740       0x2c c:/program files (x86)/cypress/psoc creator/3.3/psoc creator/import/gnu/arm/4.9.3/bin/../lib/gcc/arm-none-eabi/4.9.3/armv6-m/crtend.o
 .ARM.attributes
                0x0000076c       0x1e c:/program files (x86)/cypress/psoc creator/3.3/psoc creator/import/gnu/arm/4.9.3/bin/../lib/gcc/arm-none-eabi/4.9.3/armv6-m/crtn.o

/DISCARD/
 *(.note.GNU-stack)
OUTPUT(.\CortexM0\ARM_GCC_493\Debug\start01.elf elf32-littlearm)
