Archive member included because of file (symbol)

.\CortexM0\ARM_GCC_493\Debug\start01.a(cyfitter_cfg.o)
                              .\CortexM0\ARM_GCC_493\Debug\Cm0Start.o (cyfitter_cfg)
.\CortexM0\ARM_GCC_493\Debug\start01.a(CyLib.o)
                              .\CortexM0\ARM_GCC_493\Debug\Cm0Start.o (CyHalt)
.\CortexM0\ARM_GCC_493\Debug\start01.a(CyLFClk.o)
                              .\CortexM0\ARM_GCC_493\Debug\RTC_WDT.o (CySysWdtClearInterrupt)
.\CortexM0\ARM_GCC_493\Debug\start01.a(Int_Timer_Led.o)
                              .\CortexM0\ARM_GCC_493\Debug\LED.o (Int_Timer_Led_StartEx)
.\CortexM0\ARM_GCC_493\Debug\start01.a(LED_PIN.o)
                              .\CortexM0\ARM_GCC_493\Debug\LED.o (LED_PIN_Write)
.\CortexM0\ARM_GCC_493\Debug\start01.a(Timer_LED.o)
                              .\CortexM0\ARM_GCC_493\Debug\LED.o (Timer_LED_Stop)
.\CortexM0\ARM_GCC_493\Debug\start01.a(LCD.o)
                              .\CortexM0\ARM_GCC_493\Debug\display.o (LCD_PrintString)
.\CortexM0\ARM_GCC_493\Debug\start01.a(RTC.o)
                              .\CortexM0\ARM_GCC_493\Debug\RTC_WDT.o (RTC_Update)
.\CortexM0\ARM_GCC_493\Debug\start01.a(GatePin.o)
                              .\CortexM0\ARM_GCC_493\Debug\gate.o (GatePin_Read)
.\CortexM0\ARM_GCC_493\Debug\start01.a(UART_XB.o)
                              .\CortexM0\ARM_GCC_493\Debug\network.o (UART_XB_SetCustomInterruptHandler)
.\CortexM0\ARM_GCC_493\Debug\start01.a(UART_XB_UART.o)
                              .\CortexM0\ARM_GCC_493\Debug\start01.a(UART_XB.o) (UART_XB_UartInit)
.\CortexM0\ARM_GCC_493\Debug\start01.a(Timer_Wait.o)
                              .\CortexM0\ARM_GCC_493\Debug\wait_timer.o (Timer_Wait_Stop)
.\CortexM0\ARM_GCC_493\Debug\start01.a(int_wait.o)
                              .\CortexM0\ARM_GCC_493\Debug\wait_timer.o (int_wait_StartEx)
.\CortexM0\ARM_GCC_493\Debug\start01.a(WDT0_ISR.o)
                              .\CortexM0\ARM_GCC_493\Debug\RTC_WDT.o (WDT0_ISR_StartEx)
.\CortexM0\ARM_GCC_493\Debug\start01.a(UART_PC_SPI_UART.o)
                              .\CortexM0\ARM_GCC_493\Debug\network.o (UART_PC_SpiUartWriteTxData)
.\CortexM0\ARM_GCC_493\Debug\start01.a(UART_PC_UART.o)
                              .\CortexM0\ARM_GCC_493\Debug\network.o (UART_PC_UartPutString)
.\CortexM0\ARM_GCC_493\Debug\start01.a(CyBootAsmGnu.o)
                              .\CortexM0\ARM_GCC_493\Debug\start01.a(CyLib.o) (CyDelayCycles)
.\CortexM0\ARM_GCC_493\Debug\start01.a(UART_XB_SPI_UART.o)
                              .\CortexM0\ARM_GCC_493\Debug\start01.a(UART_XB_UART.o) (UART_XB_SpiUartReadRxData)
.\CortexM0\ARM_GCC_493\Debug\start01.a(UART_XB_SPI_UART_INT.o)
                              .\CortexM0\ARM_GCC_493\Debug\start01.a(UART_XB_UART.o) (UART_XB_SPI_UART_ISR)
.\CortexM0\ARM_GCC_493\Debug\start01.a(UART_PC.o)
                              .\CortexM0\ARM_GCC_493\Debug\start01.a(UART_PC_UART.o) (UART_PC_IntrTxMask)
.\CortexM0\ARM_GCC_493\Debug\start01.a(UART_PC_SPI_UART_INT.o)
                              .\CortexM0\ARM_GCC_493\Debug\start01.a(UART_PC_UART.o) (UART_PC_SPI_UART_ISR)
c:/program files (x86)/cypress/psoc creator/3.3/psoc creator/import/gnu/arm/4.9.3/bin/../lib/gcc/arm-none-eabi/4.9.3/armv6-m\libgcc.a(_udivsi3.o)
                              .\CortexM0\ARM_GCC_493\Debug\LED.o (__aeabi_uidiv)
c:/program files (x86)/cypress/psoc creator/3.3/psoc creator/import/gnu/arm/4.9.3/bin/../lib/gcc/arm-none-eabi/4.9.3/armv6-m\libgcc.a(_dvmd_tls.o)
                              c:/program files (x86)/cypress/psoc creator/3.3/psoc creator/import/gnu/arm/4.9.3/bin/../lib/gcc/arm-none-eabi/4.9.3/armv6-m\libgcc.a(_udivsi3.o) (__aeabi_idiv0)
c:/program files (x86)/cypress/psoc creator/3.3/psoc creator/import/gnu/arm/4.9.3/bin/../lib/gcc/arm-none-eabi/4.9.3/armv6-m\libgcc.a(_aeabi_uldivmod.o)
                              .\CortexM0\ARM_GCC_493\Debug\RTC_WDT.o (__aeabi_uldivmod)
c:/program files (x86)/cypress/psoc creator/3.3/psoc creator/import/gnu/arm/4.9.3/bin/../lib/gcc/arm-none-eabi/4.9.3/armv6-m\libgcc.a(bpabi.o)
                              c:/program files (x86)/cypress/psoc creator/3.3/psoc creator/import/gnu/arm/4.9.3/bin/../lib/gcc/arm-none-eabi/4.9.3/armv6-m\libgcc.a(_aeabi_uldivmod.o) (__gnu_uldivmod_helper)
c:/program files (x86)/cypress/psoc creator/3.3/psoc creator/import/gnu/arm/4.9.3/bin/../lib/gcc/arm-none-eabi/4.9.3/armv6-m\libgcc.a(_muldi3.o)
                              c:/program files (x86)/cypress/psoc creator/3.3/psoc creator/import/gnu/arm/4.9.3/bin/../lib/gcc/arm-none-eabi/4.9.3/armv6-m\libgcc.a(bpabi.o) (__aeabi_lmul)
c:/program files (x86)/cypress/psoc creator/3.3/psoc creator/import/gnu/arm/4.9.3/bin/../lib/gcc/arm-none-eabi/4.9.3/armv6-m\libgcc.a(_divdi3.o)
                              c:/program files (x86)/cypress/psoc creator/3.3/psoc creator/import/gnu/arm/4.9.3/bin/../lib/gcc/arm-none-eabi/4.9.3/armv6-m\libgcc.a(bpabi.o) (__divdi3)
[...]
Memory Configuration

Name             Origin             Length             Attributes
rom              0x00000000         0x00008000         xr
ram              0x20000000         0x00001000         xrw
*default*        0x00000000         0xffffffff

Linker script and memory map

LOAD c:/program files (x86)/cypress/psoc creator/3.3/psoc creator/import/gnu/arm/4.9.3/bin/../lib/gcc/arm-none-eabi/4.9.3/armv6-m/crti.o
LOAD c:/program files (x86)/cypress/psoc creator/3.3/psoc creator/import/gnu/arm/4.9.3/bin/../lib/gcc/arm-none-eabi/4.9.3/armv6-m/crtbegin.o
LOAD c:/program files (x86)/cypress/psoc creator/3.3/psoc creator/import/gnu/arm/4.9.3/bin/../lib/gcc/arm-none-eabi/4.9.3/../../../../arm-none-eabi/lib/armv6-m/crt0.o
START GROUP
LOAD .\CortexM0\ARM_GCC_493\Debug\main.o
LOAD .\CortexM0\ARM_GCC_493\Debug\LED.o
LOAD .\CortexM0\ARM_GCC_493\Debug\display.o
LOAD .\CortexM0\ARM_GCC_493\Debug\RTC_WDT.o
LOAD .\CortexM0\ARM_GCC_493\Debug\gate.o
LOAD .\CortexM0\ARM_GCC_493\Debug\network.o
LOAD .\CortexM0\ARM_GCC_493\Debug\database.o
LOAD .\CortexM0\ARM_GCC_493\Debug\wait_timer.o
LOAD .\CortexM0\ARM_GCC_493\Debug\crc16.o
LOAD .\CortexM0\ARM_GCC_493\Debug\crc32.o
LOAD .\CortexM0\ARM_GCC_493\Debug\svt.o
LOAD .\CortexM0\ARM_GCC_493\Debug\cymetadata.o
LOAD .\CortexM0\ARM_GCC_493\Debug\Cm0Start.o
LOAD .\CortexM0\ARM_GCC_493\Debug\start01.a
LOAD C:\Program Files (x86)\Cypress\PSoC Creator\3.3\PSoC Creator\psoc\content\cycomponentlibrary\CyComponentLibrary.cylib\CortexM0\ARM_GCC_493\Debug\CyComponentLibrary.a
END GROUP
START GROUP
LOAD c:/program files (x86)/cypress/psoc creator/3.3/psoc creator/import/gnu/arm/4.9.3/bin/../lib/gcc/arm-none-eabi/4.9.3/armv6-m\libgcc.a
LOAD c:/program files (x86)/cypress/psoc creator/3.3/psoc creator/import/gnu/arm/4.9.3/bin/../lib/gcc/arm-none-eabi/4.9.3/../../../../arm-none-eabi/lib/armv6-m\libg_nano.a
LOAD c:/program files (x86)/cypress/psoc creator/3.3/psoc creator/import/gnu/arm/4.9.3/bin/../lib/gcc/arm-none-eabi/4.9.3/../../../../arm-none-eabi/lib/armv6-m\libc_nano.a
END GROUP
START GROUP
LOAD c:/program files (x86)/cypress/psoc creator/3.3/psoc creator/import/gnu/arm/4.9.3/bin/../lib/gcc/arm-none-eabi/4.9.3/armv6-m\libgcc.a
LOAD c:/program files (x86)/cypress/psoc creator/3.3/psoc creator/import/gnu/arm/4.9.3/bin/../lib/gcc/arm-none-eabi/4.9.3/../../../../arm-none-eabi/lib/armv6-m\libc_nano.a
END GROUP
LOAD c:/program files (x86)/cypress/psoc creator/3.3/psoc creator/import/gnu/arm/4.9.3/bin/../lib/gcc/arm-none-eabi/4.9.3/armv6-m/crtend.o
LOAD c:/program files (x86)/cypress/psoc creator/3.3/psoc creator/import/gnu/arm/4.9.3/bin/../lib/gcc/arm-none-eabi/4.9.3/armv6-m/crtn.o
START GROUP
LOAD c:/program files (x86)/cypress/psoc creator/3.3/psoc creator/import/gnu/arm/4.9.3/bin/../lib/gcc/arm-none-eabi/4.9.3/armv6-m\libgcc.a
LOAD c:/program files (x86)/cypress/psoc creator/3.3/psoc creator/import/gnu/arm/4.9.3/bin/../lib/gcc/arm-none-eabi/4.9.3/../../../../arm-none-eabi/lib/armv6-m\libc.a
LOAD c:/program files (x86)/cypress/psoc creator/3.3/psoc creator/import/gnu/arm/4.9.3/bin/../lib/gcc/arm-none-eabi/4.9.3/../../../../arm-none-eabi/lib/armv6-m\libnosys.a
END GROUP
                0x00000000                CY_APPL_ORIGIN = 0x0
                0x00000080                CY_FLASH_ROW_SIZE = 0x80
                0x00000001                CY_APPL_NUM = 0x1
                0x00000001                CY_APPL_MAX = 0x1
                0x00000040                CY_METADATA_SIZE = 0x40
                0x00000000                CY_APPL_LOADABLE = 0x0
                0x00000000                CY_CHECKSUM_EXCLUDE_SIZE = ALIGN (0x0, CY_FLASH_ROW_SIZE)
                0x00000000                CY_APP_FOR_STACK_AND_COPIER = 0x0
                0x200006f0                PROVIDE (__cy_heap_start, _end)
                0x00000001                PROVIDE (__cy_region_num, ((__cy_regions_end - __cy_regions) / 0x10))
                0x20001000                PROVIDE (__cy_stack, (ORIGIN (ram) + 0x1000))
                0x20000c00                PROVIDE (__cy_heap_end, (__cy_stack - 0x400))

.cybootloader   0x00000000        0x0
 *(.cybootloader)
                0x00000000                appl1_start = CY_APPL_ORIGIN?CY_APPL_ORIGIN:ALIGN (CY_FLASH_ROW_SIZE)
                0x00003f80                appl2_start = (appl1_start + ALIGN ((((0x8000 - appl1_start) - (0x2 * CY_FLASH_ROW_SIZE)) / 0x2), CY_FLASH_ROW_SIZE))
                0x00000000                appl_start = (CY_APPL_NUM == 0x1)?appl1_start:appl2_start
                0x00000001                cy_project_type_bootloader = (appl_start == 0x0)?0x1:0x0
                0x00000000                cy_project_type_app_for_stack_and_copier = (CY_APP_FOR_STACK_AND_COPIER == 0x1)?0x1:0x0

.text           0x00000000     0x2b7e
 CREATE_OBJECT_SYMBOLS
                0x00000000                PROVIDE (__cy_interrupt_vector, RomVectors)
 *(.romvectors)
 .romvectors    0x00000000       0x10 .\CortexM0\ARM_GCC_493\Debug\Cm0Start.o
                0x00000000                RomVectors
                0x00000001                ASSERT ((. != __cy_interrupt_vector), No interrupt vector)
                0x00000001                ASSERT (CY_APPL_ORIGIN?(SIZEOF (.cybootloader) <= CY_APPL_ORIGIN):0x1, Wrong image location)
                0x00000010                PROVIDE (__cy_reset, Reset)
 *(.text.Reset)
 .text.Reset    0x00000010        0x8 .\CortexM0\ARM_GCC_493\Debug\Cm0Start.o
                0x00000010                Reset
                0x00000001                ASSERT ((. != __cy_reset), No reset code)
 *(.psocinit)
 .psocinit      0x00000018      0x1b8 .\CortexM0\ARM_GCC_493\Debug\start01.a(cyfitter_cfg.o)
                0x000000dc                cyfitter_cfg
                0x000001d0                . = MAX (., 0x100)
 *(.text .text.* .gnu.linkonce.t.*)
 .text          0x000001d0       0x60 c:/program files (x86)/cypress/psoc creator/3.3/psoc creator/import/gnu/arm/4.9.3/bin/../lib/gcc/arm-none-eabi/4.9.3/armv6-m/crtbegin.o
 .text.SystemInit
                0x00000230       0x40 .\CortexM0\ARM_GCC_493\Debug\main.o
                0x00000230                SystemInit
 .text.SystemReadyToStart
                0x00000270       0x28 .\CortexM0\ARM_GCC_493\Debug\main.o
                0x00000270                SystemReadyToStart
 .text.SkierStart
                0x00000298       0x84 .\CortexM0\ARM_GCC_493\Debug\main.o
                0x00000298                SkierStart
 .text.ErrorStarted
                0x0000031c       0x14 .\CortexM0\ARM_GCC_493\Debug\main.o
                0x0000031c                ErrorStarted
 .text.main     0x00000330       0x1c .\CortexM0\ARM_GCC_493\Debug\main.o
                0x00000330                main
 .text.LedHandler
                0x0000034c       0x18 .\CortexM0\ARM_GCC_493\Debug\LED.o
                0x0000034c                LedHandler
 .text.LedInit  0x00000364       0x24 .\CortexM0\ARM_GCC_493\Debug\LED.o
                0x00000364                LedInit
 .text.LedBlink
                0x00000388       0x1c .\CortexM0\ARM_GCC_493\Debug\LED.o
                0x00000388                LedBlink
 .text.SetLedState
                0x000003a4       0x10 .\CortexM0\ARM_GCC_493\Debug\LED.o
                0x000003a4                SetLedState
 .text.DisplayConfig
                0x000003b4        0x8 .\CortexM0\ARM_GCC_493\Debug\display.o
                0x000003b4                DisplayConfig
 .text.DisplayPrintf
                0x000003bc       0x20 .\CortexM0\ARM_GCC_493\Debug\display.o
                0x000003bc                DisplayPrintf
 .text.DisplayPrintTime
                0x000003dc       0x54 .\CortexM0\ARM_GCC_493\Debug\display.o
                0x000003dc                DisplayPrintTime
 .text.Wdt0_Handler
                0x00000430       0x30 .\CortexM0\ARM_GCC_493\Debug\RTC_WDT.o
                0x00000430                Wdt0_Handler
 .text.RTC_WDT_Init
                0x00000460       0x14 .\CortexM0\ARM_GCC_493\Debug\RTC_WDT.o
                0x00000460                RTC_WDT_Init
 .text.RTCgetHours
                0x00000474       0x24 .\CortexM0\ARM_GCC_493\Debug\RTC_WDT.o
                0x00000474                RTCgetHours
 .text.RTCgetMinutes
                0x00000498       0x24 .\CortexM0\ARM_GCC_493\Debug\RTC_WDT.o
                0x00000498                RTCgetMinutes
 .text.RTCgetSecond
                0x000004bc       0x14 .\CortexM0\ARM_GCC_493\Debug\RTC_WDT.o
                0x000004bc                RTCgetSecond
 .text.RTCgetMiliecond
                0x000004d0       0x1c .\CortexM0\ARM_GCC_493\Debug\RTC_WDT.o
                0x000004d0                RTCgetMiliecond
 .text.RTCgetRecentMs
                0x000004ec        0xc .\CortexM0\ARM_GCC_493\Debug\RTC_WDT.o
                0x000004ec                RTCgetRecentMs
 .text.RTCgetTime
                0x000004f8      0x174 .\CortexM0\ARM_GCC_493\Debug\RTC_WDT.o
                0x000004f8                RTCgetTime
 .text.RTCSync  0x0000066c        0x4 .\CortexM0\ARM_GCC_493\Debug\RTC_WDT.o
                0x0000066c                RTCSync
 .text.GateOpen
                0x00000670       0x14 .\CortexM0\ARM_GCC_493\Debug\gate.o
                0x00000670                GateOpen
 .text.NetworkInit
                0x00000684       0x10 .\CortexM0\ARM_GCC_493\Debug\network.o
                0x00000684                NetworkInit
 .text.PackData
                0x00000694       0xc8 .\CortexM0\ARM_GCC_493\Debug\network.o
                0x00000694                PackData
 .text.UART_Read
                0x0000075c       0x90 .\CortexM0\ARM_GCC_493\Debug\network.o
                0x0000075c                UART_Read
 .text.CheckConnection
                0x000007ec       0xa0 .\CortexM0\ARM_GCC_493\Debug\network.o
                0x000007ec                CheckConnection
 .text.DatabaseSync
                0x0000088c        0x4 .\CortexM0\ARM_GCC_493\Debug\database.o
                0x0000088c                DatabaseSync
 .text.DatabaseWrite
                0x00000890        0x4 .\CortexM0\ARM_GCC_493\Debug\database.o
                0x00000890                DatabaseWrite
 .text.WaitHandler
                0x00000894       0x1c .\CortexM0\ARM_GCC_493\Debug\wait_timer.o
                0x00000894                WaitHandler
 .text.InitWaitingTimer
                0x000008b0       0x1c .\CortexM0\ARM_GCC_493\Debug\wait_timer.o
                0x000008b0                InitWaitingTimer
 .text.WaitingTimeOut
                0x000008cc       0x1c .\CortexM0\ARM_GCC_493\Debug\wait_timer.o
                0x000008cc                WaitingTimeOut
 .text.crc32_init_tab
                0x000008e8       0x40 .\CortexM0\ARM_GCC_493\Debug\crc32.o
 .text.crc32_update
                0x00000928       0x2c .\CortexM0\ARM_GCC_493\Debug\crc32.o
                0x00000928                crc32_update
 .text.crc32_calc_block
                0x00000954       0x1c .\CortexM0\ARM_GCC_493\Debug\crc32.o
                0x00000954                crc32_calc_block
 .text.DecodeByte
                0x00000970       0x20 .\CortexM0\ARM_GCC_493\Debug\svt.o
                0x00000970                DecodeByte
 .text.CheckSymb
                0x00000990        0xc .\CortexM0\ARM_GCC_493\Debug\svt.o
                0x00000990                CheckSymb
 .text.ResetPacket
                0x0000099c       0x1c .\CortexM0\ARM_GCC_493\Debug\svt.o
                0x0000099c                ResetPacket
 .text.UnpackData
                0x000009b8      0x228 .\CortexM0\ARM_GCC_493\Debug\svt.o
                0x000009b8                UnpackData
 .text.ProcPacket
                0x00000be0       0x80 .\CortexM0\ARM_GCC_493\Debug\svt.o
                0x00000be0                ProcPacket
 .text.IntDefaultHandler
                0x00000c60        0x4 .\CortexM0\ARM_GCC_493\Debug\Cm0Start.o
                0x00000c60                IntDefaultHandler
 .text._sbrk    0x00000c64       0x30 .\CortexM0\ARM_GCC_493\Debug\Cm0Start.o
                0x00000c64                _sbrk
 .text.Start_c  0x00000c94       0x48 .\CortexM0\ARM_GCC_493\Debug\Cm0Start.o
                0x00000c94                Start_c
 .text.initialize_psoc
                0x00000cdc       0x48 .\CortexM0\ARM_GCC_493\Debug\Cm0Start.o
                0x00000cdc                initialize_psoc
 .text.CYMEMZERO
                0x00000d24        0xc .\CortexM0\ARM_GCC_493\Debug\start01.a(cyfitter_cfg.o)
 .text.CyHalt   0x00000d30        0x4 .\CortexM0\ARM_GCC_493\Debug\start01.a(CyLib.o)
                0x00000d30                CyHalt
 .text.CyDelay  0x00000d34       0x30 .\CortexM0\ARM_GCC_493\Debug\start01.a(CyLib.o)
                0x00000d34                CyDelay
 .text.CyDelayUs
                0x00000d64       0x14 .\CortexM0\ARM_GCC_493\Debug\start01.a(CyLib.o)
                0x00000d64                CyDelayUs
 .text.CySysClkWriteImoFreq
                0x00000d78      0x164 .\CortexM0\ARM_GCC_493\Debug\start01.a(CyLib.o)
                0x00000d78                CySysClkWriteImoFreq
 .text.CySysWdtLocked
                0x00000edc       0x14 .\CortexM0\ARM_GCC_493\Debug\start01.a(CyLFClk.o)
 .text.CySysWdtLock
                0x00000ef0       0x1c .\CortexM0\ARM_GCC_493\Debug\start01.a(CyLFClk.o)
                0x00000ef0                CySysWdtLock
 .text.CySysWdtUnlock
                0x00000f0c       0x30 .\CortexM0\ARM_GCC_493\Debug\start01.a(CyLFClk.o)
                0x00000f0c                CySysWdtUnlock
 .text.CySysWdtClearInterrupt
                0x00000f3c       0x4c .\CortexM0\ARM_GCC_493\Debug\start01.a(CyLFClk.o)
                0x00000f3c                CySysWdtClearInterrupt
 .text.Int_Timer_Led_SetVector
                0x00000f88        0xc .\CortexM0\ARM_GCC_493\Debug\start01.a(Int_Timer_Led.o)
                0x00000f88                Int_Timer_Led_SetVector
 .text.Int_Timer_Led_SetPriority
                0x00000f94       0x20 .\CortexM0\ARM_GCC_493\Debug\start01.a(Int_Timer_Led.o)
                0x00000f94                Int_Timer_Led_SetPriority
 .text.Int_Timer_Led_Enable
                0x00000fb4       0x10 .\CortexM0\ARM_GCC_493\Debug\start01.a(Int_Timer_Led.o)
                0x00000fb4                Int_Timer_Led_Enable
 .text.Int_Timer_Led_Disable
                0x00000fc4       0x10 .\CortexM0\ARM_GCC_493\Debug\start01.a(Int_Timer_Led.o)
                0x00000fc4                Int_Timer_Led_Disable
 .text.Int_Timer_Led_StartEx
                0x00000fd4       0x1c .\CortexM0\ARM_GCC_493\Debug\start01.a(Int_Timer_Led.o)
                0x00000fd4                Int_Timer_Led_StartEx
 .text.LED_PIN_Write
                0x00000ff0       0x18 .\CortexM0\ARM_GCC_493\Debug\start01.a(LED_PIN.o)
                0x00000ff0                LED_PIN_Write
 .text.LED_PIN_Read
                0x00001008       0x10 .\CortexM0\ARM_GCC_493\Debug\start01.a(LED_PIN.o)
                0x00001008                LED_PIN_Read
 .text.Timer_LED_Stop
                0x00001018       0x1c .\CortexM0\ARM_GCC_493\Debug\start01.a(Timer_LED.o)
                0x00001018                Timer_LED_Stop
 .text.Timer_LED_WriteCounter
                0x00001034       0x10 .\CortexM0\ARM_GCC_493\Debug\start01.a(Timer_LED.o)
                0x00001034                Timer_LED_WriteCounter
 .text.Timer_LED_WritePeriod
                0x00001044       0x10 .\CortexM0\ARM_GCC_493\Debug\start01.a(Timer_LED.o)
                0x00001044                Timer_LED_WritePeriod
 .text.Timer_LED_ReadPeriod
                0x00001054       0x10 .\CortexM0\ARM_GCC_493\Debug\start01.a(Timer_LED.o)
                0x00001054                Timer_LED_ReadPeriod
 .text.Timer_LED_WriteCompare
                0x00001064       0x10 .\CortexM0\ARM_GCC_493\Debug\start01.a(Timer_LED.o)
                0x00001064                Timer_LED_WriteCompare
 .text.Timer_LED_TriggerCommand
                0x00001074       0x1c .\CortexM0\ARM_GCC_493\Debug\start01.a(Timer_LED.o)
                0x00001074                Timer_LED_TriggerCommand
 .text.Timer_LED_Enable
                0x00001090       0x24 .\CortexM0\ARM_GCC_493\Debug\start01.a(Timer_LED.o)
                0x00001090                Timer_LED_Enable
 .text.Timer_LED_SetInterruptMode
                0x000010b4        0xc .\CortexM0\ARM_GCC_493\Debug\start01.a(Timer_LED.o)
                0x000010b4                Timer_LED_SetInterruptMode
 .text.Timer_LED_Init
                0x000010c0       0x38 .\CortexM0\ARM_GCC_493\Debug\start01.a(Timer_LED.o)
                0x000010c0                Timer_LED_Init
 .text.Timer_LED_ClearInterrupt
                0x000010f8        0xc .\CortexM0\ARM_GCC_493\Debug\start01.a(Timer_LED.o)
                0x000010f8                Timer_LED_ClearInterrupt
 .text.LCD_WrCntrlNib
                0x00001104       0x34 .\CortexM0\ARM_GCC_493\Debug\start01.a(LCD.o)
 .text.LCD_WrDatNib
                0x00001138       0x44 .\CortexM0\ARM_GCC_493\Debug\start01.a(LCD.o)
 .text.LCD_IsReady
                0x0000117c       0xb4 .\CortexM0\ARM_GCC_493\Debug\start01.a(LCD.o)
                0x0000117c                LCD_IsReady
 .text.LCD_WriteData
                0x00001230       0x18 .\CortexM0\ARM_GCC_493\Debug\start01.a(LCD.o)
                0x00001230                LCD_WriteData
 .text.LCD_PrintString
                0x00001248       0x1c .\CortexM0\ARM_GCC_493\Debug\start01.a(LCD.o)
                0x00001248                LCD_PrintString
 .text.LCD_WriteControl
                0x00001264       0x18 .\CortexM0\ARM_GCC_493\Debug\start01.a(LCD.o)
                0x00001264                LCD_WriteControl
 .text.LCD_Init
                0x0000127c       0x6c .\CortexM0\ARM_GCC_493\Debug\start01.a(LCD.o)
                0x0000127c                LCD_Init
 .text.LCD_Enable
                0x000012e8       0x14 .\CortexM0\ARM_GCC_493\Debug\start01.a(LCD.o)
                0x000012e8                LCD_Enable
 .text.LCD_Start
                0x000012fc       0x20 .\CortexM0\ARM_GCC_493\Debug\start01.a(LCD.o)
                0x000012fc                LCD_Start
 .text.LCD_Position
                0x0000131c       0x3c .\CortexM0\ARM_GCC_493\Debug\start01.a(LCD.o)
                0x0000131c                LCD_Position
 .text.RTC_Update
                0x00001358       0x38 .\CortexM0\ARM_GCC_493\Debug\start01.a(RTC.o)
                0x00001358                RTC_Update
 .text.RTC_DateTimeToUnix
                0x00001390      0x1b0 .\CortexM0\ARM_GCC_493\Debug\start01.a(RTC.o)
                0x00001390                RTC_DateTimeToUnix
 .text.RTC_SetDateAndTime
                0x00001540       0xbc .\CortexM0\ARM_GCC_493\Debug\start01.a(RTC.o)
                0x00001540                RTC_SetDateAndTime
 .text.RTC_Init
                0x000015fc       0x40 .\CortexM0\ARM_GCC_493\Debug\start01.a(RTC.o)
                0x000015fc                RTC_Init
 .text.RTC_Start
                0x0000163c       0x14 .\CortexM0\ARM_GCC_493\Debug\start01.a(RTC.o)
                0x0000163c                RTC_Start
 .text.RTC_DaysInMonth
                0x00001650       0x44 .\CortexM0\ARM_GCC_493\Debug\start01.a(RTC.o)
                0x00001650                RTC_DaysInMonth
 .text.RTC_UnixToDateTime
                0x00001694      0x294 .\CortexM0\ARM_GCC_493\Debug\start01.a(RTC.o)
                0x00001694                RTC_UnixToDateTime
 .text.RTC_GetTime
                0x00001928       0x34 .\CortexM0\ARM_GCC_493\Debug\start01.a(RTC.o)
                0x00001928                RTC_GetTime
 .text.GatePin_Read
                0x0000195c       0x10 .\CortexM0\ARM_GCC_493\Debug\start01.a(GatePin.o)
                0x0000195c                GatePin_Read
 .text.UART_XB_SetCustomInterruptHandler
                0x0000196c        0xc .\CortexM0\ARM_GCC_493\Debug\start01.a(UART_XB.o)
                0x0000196c                UART_XB_SetCustomInterruptHandler
 .text.UART_XB_UartGetChar
                0x00001978       0x2c .\CortexM0\ARM_GCC_493\Debug\start01.a(UART_XB_UART.o)
                0x00001978                UART_XB_UartGetChar
 .text.UART_XB_UartPutString
                0x000019a4       0x18 .\CortexM0\ARM_GCC_493\Debug\start01.a(UART_XB_UART.o)
                0x000019a4                UART_XB_UartPutString
 .text.Timer_Wait_Stop
                0x000019bc       0x1c .\CortexM0\ARM_GCC_493\Debug\start01.a(Timer_Wait.o)
                0x000019bc                Timer_Wait_Stop
 .text.Timer_Wait_WriteCounter
                0x000019d8       0x10 .\CortexM0\ARM_GCC_493\Debug\start01.a(Timer_Wait.o)
                0x000019d8                Timer_Wait_WriteCounter
 .text.Timer_Wait_WritePeriod
                0x000019e8       0x10 .\CortexM0\ARM_GCC_493\Debug\start01.a(Timer_Wait.o)
                0x000019e8                Timer_Wait_WritePeriod
 .text.Timer_Wait_WriteCompare
                0x000019f8       0x10 .\CortexM0\ARM_GCC_493\Debug\start01.a(Timer_Wait.o)
                0x000019f8                Timer_Wait_WriteCompare
 .text.Timer_Wait_TriggerCommand
                0x00001a08       0x1c .\CortexM0\ARM_GCC_493\Debug\start01.a(Timer_Wait.o)
                0x00001a08                Timer_Wait_TriggerCommand
 .text.Timer_Wait_Enable
                0x00001a24       0x24 .\CortexM0\ARM_GCC_493\Debug\start01.a(Timer_Wait.o)
                0x00001a24                Timer_Wait_Enable
 .text.Timer_Wait_SetInterruptMode
                0x00001a48        0xc .\CortexM0\ARM_GCC_493\Debug\start01.a(Timer_Wait.o)
                0x00001a48                Timer_Wait_SetInterruptMode
 .text.Timer_Wait_Init
                0x00001a54       0x38 .\CortexM0\ARM_GCC_493\Debug\start01.a(Timer_Wait.o)
                0x00001a54                Timer_Wait_Init
 .text.Timer_Wait_Start
                0x00001a8c       0x20 .\CortexM0\ARM_GCC_493\Debug\start01.a(Timer_Wait.o)
                0x00001a8c                Timer_Wait_Start
 .text.Timer_Wait_ClearInterrupt
                0x00001aac        0xc .\CortexM0\ARM_GCC_493\Debug\start01.a(Timer_Wait.o)
                0x00001aac                Timer_Wait_ClearInterrupt
 .text.int_wait_SetVector
                0x00001ab8        0xc .\CortexM0\ARM_GCC_493\Debug\start01.a(int_wait.o)
                0x00001ab8                int_wait_SetVector
 .text.int_wait_SetPriority
                0x00001ac4       0x24 .\CortexM0\ARM_GCC_493\Debug\start01.a(int_wait.o)
                0x00001ac4                int_wait_SetPriority
 .text.int_wait_Enable
                0x00001ae8       0x10 .\CortexM0\ARM_GCC_493\Debug\start01.a(int_wait.o)
                0x00001ae8                int_wait_Enable
 .text.int_wait_Disable
                0x00001af8       0x10 .\CortexM0\ARM_GCC_493\Debug\start01.a(int_wait.o)
                0x00001af8                int_wait_Disable
 .text.int_wait_StartEx
                0x00001b08       0x1c .\CortexM0\ARM_GCC_493\Debug\start01.a(int_wait.o)
                0x00001b08                int_wait_StartEx
 .text.WDT0_ISR_SetVector
                0x00001b24        0xc .\CortexM0\ARM_GCC_493\Debug\start01.a(WDT0_ISR.o)
                0x00001b24                WDT0_ISR_SetVector
 .text.WDT0_ISR_SetPriority
                0x00001b30       0x24 .\CortexM0\ARM_GCC_493\Debug\start01.a(WDT0_ISR.o)
                0x00001b30                WDT0_ISR_SetPriority
 .text.WDT0_ISR_Enable
                0x00001b54       0x10 .\CortexM0\ARM_GCC_493\Debug\start01.a(WDT0_ISR.o)
                0x00001b54                WDT0_ISR_Enable
 .text.WDT0_ISR_Disable
                0x00001b64       0x10 .\CortexM0\ARM_GCC_493\Debug\start01.a(WDT0_ISR.o)
                0x00001b64                WDT0_ISR_Disable
 .text.WDT0_ISR_StartEx
                0x00001b74       0x1c .\CortexM0\ARM_GCC_493\Debug\start01.a(WDT0_ISR.o)
                0x00001b74                WDT0_ISR_StartEx
 .text.WDT0_ISR_ClearPending
                0x00001b90       0x10 .\CortexM0\ARM_GCC_493\Debug\start01.a(WDT0_ISR.o)
                0x00001b90                WDT0_ISR_ClearPending
 .text.UART_PC_SpiUartWriteTxData
                0x00001ba0       0x70 .\CortexM0\ARM_GCC_493\Debug\start01.a(UART_PC_SPI_UART.o)
                0x00001ba0                UART_PC_SpiUartWriteTxData
 .text.UART_PC_UartPutString
                0x00001c10       0x18 .\CortexM0\ARM_GCC_493\Debug\start01.a(UART_PC_UART.o)
                0x00001c10                UART_PC_UartPutString
 .text          0x00001c28       0x28 .\CortexM0\ARM_GCC_493\Debug\start01.a(CyBootAsmGnu.o)
                0x00001c28                CyDelayCycles
                0x00001c3c                CyEnterCriticalSection
                0x00001c44                CyExitCriticalSection
 .text.UART_XB_SpiUartReadRxData
                0x00001c50       0x34 .\CortexM0\ARM_GCC_493\Debug\start01.a(UART_XB_SPI_UART.o)
                0x00001c50                UART_XB_SpiUartReadRxData
 .text.UART_XB_SpiUartGetRxBufferSize
                0x00001c84       0x28 .\CortexM0\ARM_GCC_493\Debug\start01.a(UART_XB_SPI_UART.o)
                0x00001c84                UART_XB_SpiUartGetRxBufferSize
 .text.UART_XB_SpiUartWriteTxData
                0x00001cac       0x70 .\CortexM0\ARM_GCC_493\Debug\start01.a(UART_XB_SPI_UART.o)
                0x00001cac                UART_XB_SpiUartWriteTxData
 .text          0x00001d1c      0x120 c:/program files (x86)/cypress/psoc creator/3.3/psoc creator/import/gnu/arm/4.9.3/bin/../lib/gcc/arm-none-eabi/4.9.3/armv6-m\libgcc.a(_udivsi3.o)
                0x00001d1c                __aeabi_uidiv
                0x00001d1c                __udivsi3
                0x00001e28                __aeabi_uidivmod
 .text          0x00001e3c        0x4 c:/program files (x86)/cypress/psoc creator/3.3/psoc creator/import/gnu/arm/4.9.3/bin/../lib/gcc/arm-none-eabi/4.9.3/armv6-m\libgcc.a(_dvmd_tls.o)
                0x00001e3c                __aeabi_idiv0
                0x00001e3c                __aeabi_ldiv0
 .text          0x00001e40       0x40 c:/program files (x86)/cypress/psoc creator/3.3/psoc creator/import/gnu/arm/4.9.3/bin/../lib/gcc/arm-none-eabi/4.9.3/armv6-m\libgcc.a(_aeabi_uldivmod.o)
                0x00001e40                __aeabi_uldivmod
 .text          0x00001e80       0x6c c:/program files (x86)/cypress/psoc creator/3.3/psoc creator/import/gnu/arm/4.9.3/bin/../lib/gcc/arm-none-eabi/4.9.3/armv6-m\libgcc.a(bpabi.o)
                0x00001e80                __gnu_ldivmod_helper
                0x00001eb8                __gnu_uldivmod_helper
 .text          0x00001eec       0x54 c:/program files (x86)/cypress/psoc creator/3.3/psoc creator/import/gnu/arm/4.9.3/bin/../lib/gcc/arm-none-eabi/4.9.3/armv6-m\libgcc.a(_muldi3.o)
                0x00001eec                __muldi3
                0x00001eec                __aeabi_lmul
 .text          0x00001f40      0x1f0 c:/program files (x86)/cypress/psoc creator/3.3/psoc creator/import/gnu/arm/4.9.3/bin/../lib/gcc/arm-none-eabi/4.9.3/armv6-m\libgcc.a(_divdi3.o)
                0x00001f40                __divdi3
 .text          0x00002130      0x158 c:/program files (x86)/cypress/psoc creator/3.3/psoc creator/import/gnu/arm/4.9.3/bin/../lib/gcc/arm-none-eabi/4.9.3/armv6-m\libgcc.a(_udivdi3.o)
                0x00002130                __udivdi3
 .text          0x00002288       0x18 c:/program files (x86)/cypress/psoc creator/3.3/psoc creator/import/gnu/arm/4.9.3/bin/../lib/gcc/arm-none-eabi/4.9.3/armv6-m\libgcc.a(_clzdi2.o)
                0x00002288                __clzdi2
 .text          0x000022a0       0x3c c:/program files (x86)/cypress/psoc creator/3.3/psoc creator/import/gnu/arm/4.9.3/bin/../lib/gcc/arm-none-eabi/4.9.3/armv6-m\libgcc.a(_clzsi2.o)
                0x000022a0                __clzsi2
 .text.__errno  0x000022dc        0xc c:/program files (x86)/cypress/psoc creator/3.3/psoc creator/import/gnu/arm/4.9.3/bin/../lib/gcc/arm-none-eabi/4.9.3/../../../../arm-none-eabi/lib/armv6-m\libg_nano.a(lib_a-errno.o)
                0x000022dc                __errno
 .text.__libc_init_array
                0x000022e8       0x4c c:/program files (x86)/cypress/psoc creator/3.3/psoc creator/import/gnu/arm/4.9.3/bin/../lib/gcc/arm-none-eabi/4.9.3/../../../../arm-none-eabi/lib/armv6-m\libg_nano.a(lib_a-init.o)
                0x000022e8                __libc_init_array
 .text.memcpy   0x00002334       0x12 c:/program files (x86)/cypress/psoc creator/3.3/psoc creator/import/gnu/arm/4.9.3/bin/../lib/gcc/arm-none-eabi/4.9.3/../../../../arm-none-eabi/lib/armv6-m\libg_nano.a(lib_a-memcpy.o)
                0x00002334                memcpy
 .text.memset   0x00002346       0x10 c:/program files (x86)/cypress/psoc creator/3.3/psoc creator/import/gnu/arm/4.9.3/bin/../lib/gcc/arm-none-eabi/4.9.3/../../../../arm-none-eabi/lib/armv6-m\libg_nano.a(lib_a-memset.o)
                0x00002346                memset
 *fill*         0x00002356        0x2 
 .text.sprintf  0x00002358       0x44 c:/program files (x86)/cypress/psoc creator/3.3/psoc creator/import/gnu/arm/4.9.3/bin/../lib/gcc/arm-none-eabi/4.9.3/../../../../arm-none-eabi/lib/armv6-m\libg_nano.a(lib_a-sprintf.o)
                0x00002358                siprintf
                0x00002358                sprintf
 .text.strcat   0x0000239c       0x1a c:/program files (x86)/cypress/psoc creator/3.3/psoc creator/import/gnu/arm/4.9.3/bin/../lib/gcc/arm-none-eabi/4.9.3/../../../../arm-none-eabi/lib/armv6-m\libg_nano.a(lib_a-strcat.o)
                0x0000239c                strcat
 .text.strlen   0x000023b6        0xe c:/program files (x86)/cypress/psoc creator/3.3/psoc creator/import/gnu/arm/4.9.3/bin/../lib/gcc/arm-none-eabi/4.9.3/../../../../arm-none-eabi/lib/armv6-m\libg_nano.a(lib_a-strlen.o)
                0x000023b6                strlen
 .text.__ssputs_r
                0x000023c4       0xc0 c:/program files (x86)/cypress/psoc creator/3.3/psoc creator/import/gnu/arm/4.9.3/bin/../lib/gcc/arm-none-eabi/4.9.3/../../../../arm-none-eabi/lib/armv6-m\libg_nano.a(lib_a-nano-svfprintf.o)
                0x000023c4                __ssputs_r
 .text._svfprintf_r
                0x00002484      0x1ec c:/program files (x86)/cypress/psoc creator/3.3/psoc creator/import/gnu/arm/4.9.3/bin/../lib/gcc/arm-none-eabi/4.9.3/../../../../arm-none-eabi/lib/armv6-m\libg_nano.a(lib_a-nano-svfprintf.o)
                0x00002484                _svfiprintf_r
                0x00002484                _svfprintf_r
 .text._printf_common
                0x00002670       0xdc c:/program files (x86)/cypress/psoc creator/3.3/psoc creator/import/gnu/arm/4.9.3/bin/../lib/gcc/arm-none-eabi/4.9.3/../../../../arm-none-eabi/lib/armv6-m\libg_nano.a(lib_a-nano-vfprintf_i.o)
                0x00002670                _printf_common
 .text._printf_i
                0x0000274c      0x230 c:/program files (x86)/cypress/psoc creator/3.3/psoc creator/import/gnu/arm/4.9.3/bin/../lib/gcc/arm-none-eabi/4.9.3/../../../../arm-none-eabi/lib/armv6-m\libg_nano.a(lib_a-nano-vfprintf_i.o)
                0x0000274c                _printf_i
 .text.memchr   0x0000297c       0x16 c:/program files (x86)/cypress/psoc creator/3.3/psoc creator/import/gnu/arm/4.9.3/bin/../lib/gcc/arm-none-eabi/4.9.3/../../../../arm-none-eabi/lib/armv6-m\libg_nano.a(lib_a-memchr.o)
                0x0000297c                memchr
 .text.memmove  0x00002992       0x28 c:/program files (x86)/cypress/psoc creator/3.3/psoc creator/import/gnu/arm/4.9.3/bin/../lib/gcc/arm-none-eabi/4.9.3/../../../../arm-none-eabi/lib/armv6-m\libg_nano.a(lib_a-memmove.o)
                0x00002992                memmove
 *fill*         0x000029ba        0x2 
 .text._free_r  0x000029bc       0x8c c:/program files (x86)/cypress/psoc creator/3.3/psoc creator/import/gnu/arm/4.9.3/bin/../lib/gcc/arm-none-eabi/4.9.3/../../../../arm-none-eabi/lib/armv6-m\libg_nano.a(lib_a-nano-freer.o)
                0x000029bc                _free_r
 .text._malloc_r
                0x00002a48       0xb0 c:/program files (x86)/cypress/psoc creator/3.3/psoc creator/import/gnu/arm/4.9.3/bin/../lib/gcc/arm-none-eabi/4.9.3/../../../../arm-none-eabi/lib/armv6-m\libg_nano.a(lib_a-nano-mallocr.o)
                0x00002a48                _malloc_r
 .text._realloc_r
                0x00002af8       0x4c c:/program files (x86)/cypress/psoc creator/3.3/psoc creator/import/gnu/arm/4.9.3/bin/../lib/gcc/arm-none-eabi/4.9.3/../../../../arm-none-eabi/lib/armv6-m\libg_nano.a(lib_a-nano-reallocr.o)
                0x00002af8                _realloc_r
 .text._sbrk_r  0x00002b44       0x24 c:/program files (x86)/cypress/psoc creator/3.3/psoc creator/import/gnu/arm/4.9.3/bin/../lib/gcc/arm-none-eabi/4.9.3/../../../../arm-none-eabi/lib/armv6-m\libg_nano.a(lib_a-sbrkr.o)
                0x00002b44                _sbrk_r
 .text._malloc_usable_size_r
                0x00002b68       0x16 c:/program files (x86)/cypress/psoc creator/3.3/psoc creator/import/gnu/arm/4.9.3/bin/../lib/gcc/arm-none-eabi/4.9.3/../../../../arm-none-eabi/lib/armv6-m\libg_nano.a(lib_a-nano-msizer.o)
                0x00002b68                _malloc_usable_size_r
 *(.plt)
 *(.gnu.warning)
 *(.glue_7t)
 .glue_7t       0x00000000        0x0 linker stubs
 *(.glue_7)
 .glue_7        0x00000000        0x0 linker stubs
 *(.vfp11_veneer)
 .vfp11_veneer  0x00000000        0x0 linker stubs
 *(.bootloader)
 *(.ARM.extab* .gnu.linkonce.armextab.*)
 *(.gcc_except_table)

.v4_bx          0x00002b80        0x0
 .v4_bx         0x00000000        0x0 linker stubs

.iplt           0x00002b80        0x0
 .iplt          0x00000000        0x0 c:/program files (x86)/cypress/psoc creator/3.3/psoc creator/import/gnu/arm/4.9.3/bin/../lib/gcc/arm-none-eabi/4.9.3/armv6-m/crtbegin.o

.eh_frame_hdr
 *(.eh_frame_hdr)

.eh_frame       0x00002b80        0x4
 *(.eh_frame)
 .eh_frame      0x00002b80        0x0 c:/program files (x86)/cypress/psoc creator/3.3/psoc creator/import/gnu/arm/4.9.3/bin/../lib/gcc/arm-none-eabi/4.9.3/armv6-m/crtbegin.o
 .eh_frame      0x00002b80        0x4 c:/program files (x86)/cypress/psoc creator/3.3/psoc creator/import/gnu/arm/4.9.3/bin/../lib/gcc/arm-none-eabi/4.9.3/armv6-m/crtend.o
                0x00002b84                PROVIDE (__exidx_start, .)

.ARM.exidx      0x00002b84        0x8
 *(.ARM.exidx* .gnu.linkonce.armexidx.*)
 .ARM.exidx     0x00002b84        0x8 c:/program files (x86)/cypress/psoc creator/3.3/psoc creator/import/gnu/arm/4.9.3/bin/../lib/gcc/arm-none-eabi/4.9.3/armv6-m\libgcc.a(_divdi3.o)
 .ARM.exidx     0x00002b8c        0x0 c:/program files (x86)/cypress/psoc creator/3.3/psoc creator/import/gnu/arm/4.9.3/bin/../lib/gcc/arm-none-eabi/4.9.3/armv6-m\libgcc.a(_udivdi3.o)
                                  0x8 (size before relaxing)
                0x00002b8c                __exidx_end = .

.rodata         0x00002b8c      0x264
 *(.rodata .rodata.* .gnu.linkonce.r.*)
 .rodata.str1.4
                0x00002b8c       0x56 .\CortexM0\ARM_GCC_493\Debug\main.o
                                 0x58 (size before relaxing)
 *fill*         0x00002be2        0x2 
 .rodata.str1.4
                0x00002be4       0x18 .\CortexM0\ARM_GCC_493\Debug\display.o
 .rodata.str1.4
                0x00002bfc       0x9f .\CortexM0\ARM_GCC_493\Debug\network.o
                                 0xa4 (size before relaxing)
 *fill*         0x00002c9b        0x1 
 .rodata        0x00002c9c       0x28 .\CortexM0\ARM_GCC_493\Debug\svt.o
 .rodata.str1.4
                0x00002cc4       0x60 .\CortexM0\ARM_GCC_493\Debug\svt.o
                                 0x64 (size before relaxing)
 .rodata        0x00002d24        0xc .\CortexM0\ARM_GCC_493\Debug\start01.a(cyfitter_cfg.o)
 .rodata        0x00002d30       0x30 .\CortexM0\ARM_GCC_493\Debug\start01.a(CyLib.o)
                0x00002d30                cyImoFreqMhz2Reg
 .rodata        0x00002d60       0x24 .\CortexM0\ARM_GCC_493\Debug\start01.a(RTC.o)
                0x00002d60                RTC_daysBeforeMonthTbl
                0x00002d78                RTC_daysInMonthTbl
 .rodata.str1.1
                0x00002d84        0x2 c:/program files (x86)/cypress/psoc creator/3.3/psoc creator/import/gnu/arm/4.9.3/bin/../lib/gcc/arm-none-eabi/4.9.3/../../../../arm-none-eabi/lib/armv6-m\libg_nano.a(lib_a-impure.o)
 .rodata.str1.1
                0x00002d86       0x11 c:/program files (x86)/cypress/psoc creator/3.3/psoc creator/import/gnu/arm/4.9.3/bin/../lib/gcc/arm-none-eabi/4.9.3/../../../../arm-none-eabi/lib/armv6-m\libg_nano.a(lib_a-nano-svfprintf.o)
 .rodata.str1.1
                0x00002d97       0x22 c:/program files (x86)/cypress/psoc creator/3.3/psoc creator/import/gnu/arm/4.9.3/bin/../lib/gcc/arm-none-eabi/4.9.3/../../../../arm-none-eabi/lib/armv6-m\libg_nano.a(lib_a-nano-vfprintf_i.o)
                0x00002dbc                . = ALIGN (0x4)
 *fill*         0x00002db9        0x3 
 *(.init)
 .init          0x00002dbc        0x4 c:/program files (x86)/cypress/psoc creator/3.3/psoc creator/import/gnu/arm/4.9.3/bin/../lib/gcc/arm-none-eabi/4.9.3/armv6-m/crti.o
                0x00002dbc                _init
 .init          0x00002dc0        0x8 c:/program files (x86)/cypress/psoc creator/3.3/psoc creator/import/gnu/arm/4.9.3/bin/../lib/gcc/arm-none-eabi/4.9.3/armv6-m/crtn.o
                0x00002dc8                . = ALIGN (0x4)
                0x00002dc8                __preinit_array_start = .
 *(.preinit_array)
                0x00002dc8                __preinit_array_end = .
                0x00002dc8                . = ALIGN (0x4)
                0x00002dc8                __init_array_start = .
 *(SORT(.init_array.*))
 *(.init_array)
 .init_array    0x00002dc8        0x4 c:/program files (x86)/cypress/psoc creator/3.3/psoc creator/import/gnu/arm/4.9.3/bin/../lib/gcc/arm-none-eabi/4.9.3/armv6-m/crtbegin.o
 .init_array    0x00002dcc        0x4 .\CortexM0\ARM_GCC_493\Debug\Cm0Start.o
                0x00002dd0                __init_array_end = .
                0x00002dd0                . = ALIGN (0x4)
 *(.fini)
 .fini          0x00002dd0        0x4 c:/program files (x86)/cypress/psoc creator/3.3/psoc creator/import/gnu/arm/4.9.3/bin/../lib/gcc/arm-none-eabi/4.9.3/armv6-m/crti.o
                0x00002dd0                _fini
 .fini          0x00002dd4        0x8 c:/program files (x86)/cypress/psoc creator/3.3/psoc creator/import/gnu/arm/4.9.3/bin/../lib/gcc/arm-none-eabi/4.9.3/armv6-m/crtn.o
                0x00002ddc                . = ALIGN (0x4)
                0x00002ddc                __fini_array_start = .
 *(.fini_array)
 .fini_array    0x00002ddc        0x4 c:/program files (x86)/cypress/psoc creator/3.3/psoc creator/import/gnu/arm/4.9.3/bin/../lib/gcc/arm-none-eabi/4.9.3/armv6-m/crtbegin.o
 *(SORT(.fini_array.*))
                0x00002de0                __fini_array_end = .
                0x00002de0                . = ALIGN (0x4)
 *crtbegin.o(.ctors)
 *(EXCLUDE_FILE(*crtend.o) .ctors)
 *(SORT(.ctors.*))
 *crtend.o(.ctors)
                0x00002de0                . = ALIGN (0x4)
 *crtbegin.o(.dtors)
 *(EXCLUDE_FILE(*crtend.o) .dtors)
 *(SORT(.dtors.*))
 *crtend.o(.dtors)
                0x00002de0                . = ALIGN (0x4)
                0x00002de0                __cy_regions = .
                0x00002de0        0x4 LONG 0x2df0 __cy_region_init_ram
                0x00002de4        0x4 LONG 0x200000c8 __cy_region_start_data
                0x00002de8        0x4 LONG 0x80 __cy_region_init_size_ram
                0x00002dec        0x4 LONG 0x5a8 __cy_region_zero_size_ram
                0x00002df0                __cy_regions_end = .
                0x00002df0                . = ALIGN (0x8)
                0x00002df0                _etext = .

.cy_checksum_exclude
                0x00002df0        0x0
 *(.cy_checksum_exclude)

.ramvectors     0x20000000       0xc0
                0x20000000                __cy_region_start_ram = .
 *(.ramvectors)
 .ramvectors    0x20000000       0xc0 .\CortexM0\ARM_GCC_493\Debug\Cm0Start.o
                0x20000000                CyRamVectors

.noinit         0x200000c0        0x4
 *(.noinit)
 .noinit        0x200000c0        0x4 .\CortexM0\ARM_GCC_493\Debug\Cm0Start.o

.data           0x200000c8       0x80 load address 0x00002df0
                0x200000c8                __cy_region_start_data = .
 *(.jcr)
 .jcr           0x200000c8        0x0 c:/program files (x86)/cypress/psoc creator/3.3/psoc creator/import/gnu/arm/4.9.3/bin/../lib/gcc/arm-none-eabi/4.9.3/armv6-m/crtbegin.o
 .jcr           0x200000c8        0x4 c:/program files (x86)/cypress/psoc creator/3.3/psoc creator/import/gnu/arm/4.9.3/bin/../lib/gcc/arm-none-eabi/4.9.3/armv6-m/crtend.o
 *(.got.plt)
 *(.got)
 *(.shdata)
 *(.data .data.* .gnu.linkonce.d.*)
 .data          0x200000cc        0x4 .\CortexM0\ARM_GCC_493\Debug\Cm0Start.o
 .data          0x200000d0       0x10 .\CortexM0\ARM_GCC_493\Debug\start01.a(CyLib.o)
                0x200000d0                cydelay32kMs
                0x200000d4                cydelayFreqKhz
                0x200000d8                cydelayFreqMhz
                0x200000dc                cydelayFreqHz
 .data.impure_data
                0x200000e0       0x60 c:/program files (x86)/cypress/psoc creator/3.3/psoc creator/import/gnu/arm/4.9.3/bin/../lib/gcc/arm-none-eabi/4.9.3/../../../../arm-none-eabi/lib/armv6-m\libg_nano.a(lib_a-impure.o)
 .data._impure_ptr
                0x20000140        0x4 c:/program files (x86)/cypress/psoc creator/3.3/psoc creator/import/gnu/arm/4.9.3/bin/../lib/gcc/arm-none-eabi/4.9.3/../../../../arm-none-eabi/lib/armv6-m\libg_nano.a(lib_a-impure.o)
                0x20000140                _impure_ptr
                0x20000148                . = ALIGN (0x8)
 *fill*         0x20000144        0x4 
 *(.ram)
                0x20000148                _edata = .

.igot.plt       0x20000148        0x0 load address 0x00002e70
 .igot.plt      0x00000000        0x0 c:/program files (x86)/cypress/psoc creator/3.3/psoc creator/import/gnu/arm/4.9.3/bin/../lib/gcc/arm-none-eabi/4.9.3/armv6-m/crtbegin.o

.bss            0x20000148      0x5a8 load address 0x00002e70
                0x20000148                PROVIDE (__bss_start__, .)
 *(.shbss)
 *(.bss .bss.* .gnu.linkonce.b.*)
 .bss           0x20000148       0x1c c:/program files (x86)/cypress/psoc creator/3.3/psoc creator/import/gnu/arm/4.9.3/bin/../lib/gcc/arm-none-eabi/4.9.3/armv6-m/crtbegin.o
 *fill*         0x20000164        0x4 
 .bss           0x20000168       0x10 .\CortexM0\ARM_GCC_493\Debug\RTC_WDT.o
                0x20000168                msRTC
 .bss           0x20000178        0x4 .\CortexM0\ARM_GCC_493\Debug\wait_timer.o
 .bss           0x2000017c      0x404 .\CortexM0\ARM_GCC_493\Debug\crc32.o
 .bss           0x20000580        0x2 .\CortexM0\ARM_GCC_493\Debug\start01.a(LCD.o)
                0x20000580                LCD_enableState
                0x20000581                LCD_initVar
 *fill*         0x20000582        0x2 
 .bss           0x20000584       0x10 .\CortexM0\ARM_GCC_493\Debug\start01.a(RTC.o)
 .bss           0x20000594        0xc .\CortexM0\ARM_GCC_493\Debug\start01.a(UART_XB.o)
                0x20000594                UART_XB_initVar
                0x20000598                UART_XB_customIntrHandler
                0x2000059c                UART_XB_IntrTxMask
 .bss           0x200005a0        0x1 .\CortexM0\ARM_GCC_493\Debug\start01.a(Timer_Wait.o)
                0x200005a0                Timer_Wait_initVar
 *fill*         0x200005a1        0x3 
 .bss.__malloc_sbrk_start
                0x200005a4        0x4 c:/program files (x86)/cypress/psoc creator/3.3/psoc creator/import/gnu/arm/4.9.3/bin/../lib/gcc/arm-none-eabi/4.9.3/../../../../arm-none-eabi/lib/armv6-m\libg_nano.a(lib_a-nano-mallocr.o)
                0x200005a4                __malloc_sbrk_start
 .bss.__malloc_free_list
                0x200005a8        0x4 c:/program files (x86)/cypress/psoc creator/3.3/psoc creator/import/gnu/arm/4.9.3/bin/../lib/gcc/arm-none-eabi/4.9.3/../../../../arm-none-eabi/lib/armv6-m\libg_nano.a(lib_a-nano-mallocr.o)
                0x200005a8                __malloc_free_list
 *(COMMON)
 *fill*         0x200005ac        0x4 
 COMMON         0x200005b0       0x9c .\CortexM0\ARM_GCC_493\Debug\main.o
                0x200005b0                LenC
                0x200005b4                RespBuff
                0x200005e6                LenChS
                0x200005e7                LenD1
                0x200005e8                LenSeq
                0x200005e9                LenD2
                0x200005ec                szSeq
                0x20000600                TX_RESP
                0x20000620                PROTO_STATE
                0x20000621                RXSTATUS
                0x20000624                szData
                0x20000638                szCheckSum
 COMMON         0x2000064c        0x1 .\CortexM0\ARM_GCC_493\Debug\LED.o
                0x2000064c                LED_InitValue
 *fill*         0x2000064d        0x3 
 COMMON         0x20000650       0x28 .\CortexM0\ARM_GCC_493\Debug\start01.a(RTC.o)
                0x20000650                RTC_initVar
                0x20000654                RTC_currentTimeDate
                0x20000664                RTC_alarmCurStatus
                0x20000668                RTC_dstStatus
                0x20000670                RTC_unixTime
 COMMON         0x20000678       0x38 .\CortexM0\ARM_GCC_493\Debug\start01.a(UART_PC_SPI_UART.o)
                0x20000678                UART_PC_rxBufferTail
                0x2000067c                UART_PC_txBufferHead
                0x20000680                UART_PC_txBufferTail
                0x20000684                UART_PC_rxBufferInternal
                0x20000698                UART_PC_rxBufferHead
                0x2000069c                UART_PC_rxBufferOverflow
                0x200006a0                UART_PC_txBufferInternal
 COMMON         0x200006b0       0x38 .\CortexM0\ARM_GCC_493\Debug\start01.a(UART_XB_SPI_UART.o)
                0x200006b0                UART_XB_rxBufferTail
                0x200006b4                UART_XB_rxBufferOverflow
                0x200006b8                UART_XB_txBufferHead
                0x200006bc                UART_XB_txBufferInternal
                0x200006cc                UART_XB_rxBufferInternal
                0x200006e0                UART_XB_rxBufferHead
                0x200006e4                UART_XB_txBufferTail
 COMMON         0x200006e8        0x4 c:/program files (x86)/cypress/psoc creator/3.3/psoc creator/import/gnu/arm/4.9.3/bin/../lib/gcc/arm-none-eabi/4.9.3/../../../../arm-none-eabi/lib/armv6-m\libg_nano.a(lib_a-reent.o)
                0x200006e8                errno
                0x200006f0                . = ALIGN (0x8)
 *fill*         0x200006ec        0x4 
 *(.ram.b)
                0x200006f0                _end = .
                0x200006f0                __end = .
                0x200006f0                PROVIDE (end, .)
                0x200006f0                PROVIDE (__bss_end__, .)
                0x00002df0                __cy_region_init_ram = LOADADDR (.data)
                0x00000080                __cy_region_init_size_ram = (_edata - ADDR (.data))
                0x000005a8                __cy_region_zero_size_ram = (_end - _edata)

.heap           0x200006f0       0x80 load address 0x00002e70
                0x200006f0                . = _end
                0x20000770                . = (. + 0x80)
 *fill*         0x200006f0       0x80 
                0x20000770                __cy_heap_limit = .

.stack          0x20000c00      0x400
                0x20000c00                __cy_stack_limit = .
                0x20001000                . = (. + 0x400)
 *fill*         0x20000c00      0x400 
                0x00000001                ASSERT ((__cy_stack_limit >= __cy_heap_limit), region RAM overflowed with stack)
                0x00000000                cy_checksum_exclude_size = (CY_APPL_LOADABLE == 0x1)?SIZEOF (.cy_checksum_exclude):0x0
                0x00000001                ASSERT ((cy_checksum_exclude_size <= CY_CHECKSUM_EXCLUDE_SIZE), CY_BOOT: Section .cy_checksum_exclude size exceedes specified limit.)
                0x00007fc0                cyloadermeta_start = (cy_project_type_bootloader || cy_project_type_app_for_stack_and_copier)?(0x8000 - CY_METADATA_SIZE):0xf0000000

.cyloadermeta
 *(.cyloadermeta)
                0x00007fc0                cyloadablemeta_start = cy_project_type_app_for_stack_and_copier?((0x8000 - CY_FLASH_ROW_SIZE) - CY_METADATA_SIZE):((0x8000 - (CY_FLASH_ROW_SIZE * (CY_APPL_NUM - 0x1))) - CY_METADATA_SIZE)

.cyloadablemeta
 *(.cyloadablemeta)

.cyflashprotect
                0x90400000       0x20
 *(.cyflashprotect)
 .cyflashprotect
                0x90400000       0x20 .\CortexM0\ARM_GCC_493\Debug\cymetadata.o
                0x90400000                cy_meta_flashprotect

.cymeta         0x90500000        0xc
 *(.cymeta)
 .cymeta        0x90500000        0xc .\CortexM0\ARM_GCC_493\Debug\cymetadata.o
                0x90500000                cy_metadata

.cychipprotect  0x90600000        0x4
 *(.cychipprotect)
 .cychipprotect
                0x90600000        0x4 .\CortexM0\ARM_GCC_493\Debug\cymetadata.o
                0x90600000                cy_meta_chipprotect

.rel.dyn        0x00002e70        0x0 load address 0x90600004
 .rel.iplt      0x00000000        0x0 c:/program files (x86)/cypress/psoc creator/3.3/psoc creator/import/gnu/arm/4.9.3/bin/../lib/gcc/arm-none-eabi/4.9.3/armv6-m/crtbegin.o

.stab
 *(.stab)

.stabstr
 *(.stabstr)

.debug
 *(.debug)

.line
 *(.line)

.debug_srcinfo
 *(.debug_srcinfo)

.debug_sfnames
 *(.debug_sfnames)

.debug_aranges  0x00000000      0xe80
 *(.debug_aranges)
 .debug_aranges
                0x00000000       0x40 .\CortexM0\ARM_GCC_493\Debug\main.o
 .debug_aranges
                0x00000040       0x40 .\CortexM0\ARM_GCC_493\Debug\LED.o
 .debug_aranges
                0x00000080       0x30 .\CortexM0\ARM_GCC_493\Debug\display.o
 .debug_aranges
                0x000000b0       0x60 .\CortexM0\ARM_GCC_493\Debug\RTC_WDT.o
 .debug_aranges
                0x00000110       0x20 .\CortexM0\ARM_GCC_493\Debug\gate.o
 .debug_aranges
                0x00000130       0x40 .\CortexM0\ARM_GCC_493\Debug\network.o
 .debug_aranges
                0x00000170       0x28 .\CortexM0\ARM_GCC_493\Debug\database.o
 .debug_aranges
                0x00000198       0x30 .\CortexM0\ARM_GCC_493\Debug\wait_timer.o
 .debug_aranges
                0x000001c8       0x28 .\CortexM0\ARM_GCC_493\Debug\crc16.o
 .debug_aranges
                0x000001f0       0x38 .\CortexM0\ARM_GCC_493\Debug\crc32.o
 .debug_aranges
                0x00000228       0x40 .\CortexM0\ARM_GCC_493\Debug\svt.o
 .debug_aranges
                0x00000268       0x18 .\CortexM0\ARM_GCC_493\Debug\cymetadata.o
 .debug_aranges
                0x00000280       0x48 .\CortexM0\ARM_GCC_493\Debug\Cm0Start.o
 .debug_aranges
                0x000002c8       0x30 .\CortexM0\ARM_GCC_493\Debug\start01.a(cyfitter_cfg.o)
 .debug_aranges
                0x000002f8      0x178 .\CortexM0\ARM_GCC_493\Debug\start01.a(CyLib.o)
 .debug_aranges
                0x00000470      0x138 .\CortexM0\ARM_GCC_493\Debug\start01.a(CyLFClk.o)
 .debug_aranges
                0x000005a8       0x80 .\CortexM0\ARM_GCC_493\Debug\start01.a(Int_Timer_Led.o)
 .debug_aranges
                0x00000628       0x48 .\CortexM0\ARM_GCC_493\Debug\start01.a(LED_PIN.o)
 .debug_aranges
                0x00000670      0x158 .\CortexM0\ARM_GCC_493\Debug\start01.a(Timer_LED.o)
 .debug_aranges
                0x000007c8       0x98 .\CortexM0\ARM_GCC_493\Debug\start01.a(LCD.o)
 .debug_aranges
                0x00000860       0xc0 .\CortexM0\ARM_GCC_493\Debug\start01.a(RTC.o)
 .debug_aranges
                0x00000920       0x48 .\CortexM0\ARM_GCC_493\Debug\start01.a(GatePin.o)
 .debug_aranges
                0x00000968       0x70 .\CortexM0\ARM_GCC_493\Debug\start01.a(UART_XB.o)
 .debug_aranges
                0x000009d8       0x60 .\CortexM0\ARM_GCC_493\Debug\start01.a(UART_XB_UART.o)
 .debug_aranges
                0x00000a38      0x158 .\CortexM0\ARM_GCC_493\Debug\start01.a(Timer_Wait.o)
 .debug_aranges
                0x00000b90       0x80 .\CortexM0\ARM_GCC_493\Debug\start01.a(int_wait.o)
 .debug_aranges
                0x00000c10       0x80 .\CortexM0\ARM_GCC_493\Debug\start01.a(WDT0_ISR.o)
 .debug_aranges
                0x00000c90       0x60 .\CortexM0\ARM_GCC_493\Debug\start01.a(UART_PC_SPI_UART.o)
 .debug_aranges
                0x00000cf0       0x60 .\CortexM0\ARM_GCC_493\Debug\start01.a(UART_PC_UART.o)
 .debug_aranges
                0x00000d50       0x20 .\CortexM0\ARM_GCC_493\Debug\start01.a(CyBootAsmGnu.o)
 .debug_aranges
                0x00000d70       0x60 .\CortexM0\ARM_GCC_493\Debug\start01.a(UART_XB_SPI_UART.o)
 .debug_aranges
                0x00000dd0       0x20 .\CortexM0\ARM_GCC_493\Debug\start01.a(UART_XB_SPI_UART_INT.o)
 .debug_aranges
                0x00000df0       0x70 .\CortexM0\ARM_GCC_493\Debug\start01.a(UART_PC.o)
 .debug_aranges
                0x00000e60       0x20 .\CortexM0\ARM_GCC_493\Debug\start01.a(UART_PC_SPI_UART_INT.o)

.debug_pubnames
 *(.debug_pubnames)

.debug_info     0x00000000     0x9149
 *(.debug_info .gnu.linkonce.wi.*)
 .debug_info    0x00000000      0x584 .\CortexM0\ARM_GCC_493\Debug\main.o
 .debug_info    0x00000584      0x294 .\CortexM0\ARM_GCC_493\Debug\LED.o
 .debug_info    0x00000818      0x312 .\CortexM0\ARM_GCC_493\Debug\display.o
 .debug_info    0x00000b2a      0x504 .\CortexM0\ARM_GCC_493\Debug\RTC_WDT.o
 .debug_info    0x0000102e       0xc9 .\CortexM0\ARM_GCC_493\Debug\gate.o
 .debug_info    0x000010f7      0x8f6 .\CortexM0\ARM_GCC_493\Debug\network.o
 .debug_info    0x000019ed       0xc3 .\CortexM0\ARM_GCC_493\Debug\database.o
 .debug_info    0x00001ab0      0x1a0 .\CortexM0\ARM_GCC_493\Debug\wait_timer.o
 .debug_info    0x00001c50      0x163 .\CortexM0\ARM_GCC_493\Debug\crc16.o
 .debug_info    0x00001db3      0x244 .\CortexM0\ARM_GCC_493\Debug\crc32.o
 .debug_info    0x00001ff7      0x555 .\CortexM0\ARM_GCC_493\Debug\svt.o
 .debug_info    0x0000254c       0xfe .\CortexM0\ARM_GCC_493\Debug\cymetadata.o
 .debug_info    0x0000264a      0x38c .\CortexM0\ARM_GCC_493\Debug\Cm0Start.o
 .debug_info    0x000029d6      0x230 .\CortexM0\ARM_GCC_493\Debug\start01.a(cyfitter_cfg.o)
 .debug_info    0x00002c06      0xad1 .\CortexM0\ARM_GCC_493\Debug\start01.a(CyLib.o)
 .debug_info    0x000036d7      0xcfc .\CortexM0\ARM_GCC_493\Debug\start01.a(CyLFClk.o)
 .debug_info    0x000043d3      0x300 .\CortexM0\ARM_GCC_493\Debug\start01.a(Int_Timer_Led.o)
 .debug_info    0x000046d3      0x19d .\CortexM0\ARM_GCC_493\Debug\start01.a(LED_PIN.o)
 .debug_info    0x00004870      0x904 .\CortexM0\ARM_GCC_493\Debug\start01.a(Timer_LED.o)
 .debug_info    0x00005174      0x722 .\CortexM0\ARM_GCC_493\Debug\start01.a(LCD.o)
 .debug_info    0x00005896      0xfd2 .\CortexM0\ARM_GCC_493\Debug\start01.a(RTC.o)
 .debug_info    0x00006868      0x19d .\CortexM0\ARM_GCC_493\Debug\start01.a(GatePin.o)
 .debug_info    0x00006a05      0x2f6 .\CortexM0\ARM_GCC_493\Debug\start01.a(UART_XB.o)
 .debug_info    0x00006cfb      0x3e5 .\CortexM0\ARM_GCC_493\Debug\start01.a(UART_XB_UART.o)
 .debug_info    0x000070e0      0x904 .\CortexM0\ARM_GCC_493\Debug\start01.a(Timer_Wait.o)
 .debug_info    0x000079e4      0x300 .\CortexM0\ARM_GCC_493\Debug\start01.a(int_wait.o)
 .debug_info    0x00007ce4      0x300 .\CortexM0\ARM_GCC_493\Debug\start01.a(WDT0_ISR.o)
 .debug_info    0x00007fe4      0x373 .\CortexM0\ARM_GCC_493\Debug\start01.a(UART_PC_SPI_UART.o)
 .debug_info    0x00008357      0x3e5 .\CortexM0\ARM_GCC_493\Debug\start01.a(UART_PC_UART.o)
 .debug_info    0x0000873c       0xa6 .\CortexM0\ARM_GCC_493\Debug\start01.a(CyBootAsmGnu.o)
 .debug_info    0x000087e2      0x373 .\CortexM0\ARM_GCC_493\Debug\start01.a(UART_XB_SPI_UART.o)
 .debug_info    0x00008b55      0x17f .\CortexM0\ARM_GCC_493\Debug\start01.a(UART_XB_SPI_UART_INT.o)
 .debug_info    0x00008cd4      0x2f6 .\CortexM0\ARM_GCC_493\Debug\start01.a(UART_PC.o)
 .debug_info    0x00008fca      0x17f .\CortexM0\ARM_GCC_493\Debug\start01.a(UART_PC_SPI_UART_INT.o)

.debug_abbrev   0x00000000     0x2d06
 *(.debug_abbrev)
 .debug_abbrev  0x00000000      0x1b8 .\CortexM0\ARM_GCC_493\Debug\main.o
 .debug_abbrev  0x000001b8      0x14c .\CortexM0\ARM_GCC_493\Debug\LED.o
 .debug_abbrev  0x00000304      0x143 .\CortexM0\ARM_GCC_493\Debug\display.o
 .debug_abbrev  0x00000447      0x214 .\CortexM0\ARM_GCC_493\Debug\RTC_WDT.o
 .debug_abbrev  0x0000065b       0x71 .\CortexM0\ARM_GCC_493\Debug\gate.o
 .debug_abbrev  0x000006cc      0x258 .\CortexM0\ARM_GCC_493\Debug\network.o
 .debug_abbrev  0x00000924       0x7a .\CortexM0\ARM_GCC_493\Debug\database.o
 .debug_abbrev  0x0000099e      0x117 .\CortexM0\ARM_GCC_493\Debug\wait_timer.o
 .debug_abbrev  0x00000ab5       0xa3 .\CortexM0\ARM_GCC_493\Debug\crc16.o
 .debug_abbrev  0x00000b58       0xf3 .\CortexM0\ARM_GCC_493\Debug\crc32.o
 .debug_abbrev  0x00000c4b      0x18c .\CortexM0\ARM_GCC_493\Debug\svt.o
 .debug_abbrev  0x00000dd7       0x5d .\CortexM0\ARM_GCC_493\Debug\cymetadata.o
 .debug_abbrev  0x00000e34      0x1fe .\CortexM0\ARM_GCC_493\Debug\Cm0Start.o
 .debug_abbrev  0x00001032      0x15f .\CortexM0\ARM_GCC_493\Debug\start01.a(cyfitter_cfg.o)
 .debug_abbrev  0x00001191      0x20d .\CortexM0\ARM_GCC_493\Debug\start01.a(CyLib.o)
 .debug_abbrev  0x0000139e      0x23b .\CortexM0\ARM_GCC_493\Debug\start01.a(CyLFClk.o)
 .debug_abbrev  0x000015d9      0x1b4 .\CortexM0\ARM_GCC_493\Debug\start01.a(Int_Timer_Led.o)
 .debug_abbrev  0x0000178d       0xc8 .\CortexM0\ARM_GCC_493\Debug\start01.a(LED_PIN.o)
 .debug_abbrev  0x00001855      0x133 .\CortexM0\ARM_GCC_493\Debug\start01.a(Timer_LED.o)
 .debug_abbrev  0x00001988      0x18b .\CortexM0\ARM_GCC_493\Debug\start01.a(LCD.o)
 .debug_abbrev  0x00001b13      0x2b2 .\CortexM0\ARM_GCC_493\Debug\start01.a(RTC.o)
 .debug_abbrev  0x00001dc5       0xc8 .\CortexM0\ARM_GCC_493\Debug\start01.a(GatePin.o)
 .debug_abbrev  0x00001e8d      0x15b .\CortexM0\ARM_GCC_493\Debug\start01.a(UART_XB.o)
 .debug_abbrev  0x00001fe8      0x16e .\CortexM0\ARM_GCC_493\Debug\start01.a(UART_XB_UART.o)
 .debug_abbrev  0x00002156      0x133 .\CortexM0\ARM_GCC_493\Debug\start01.a(Timer_Wait.o)
 .debug_abbrev  0x00002289      0x1b4 .\CortexM0\ARM_GCC_493\Debug\start01.a(int_wait.o)
 .debug_abbrev  0x0000243d      0x1b4 .\CortexM0\ARM_GCC_493\Debug\start01.a(WDT0_ISR.o)
 .debug_abbrev  0x000025f1      0x182 .\CortexM0\ARM_GCC_493\Debug\start01.a(UART_PC_SPI_UART.o)
 .debug_abbrev  0x00002773      0x16e .\CortexM0\ARM_GCC_493\Debug\start01.a(UART_PC_UART.o)
 .debug_abbrev  0x000028e1       0x14 .\CortexM0\ARM_GCC_493\Debug\start01.a(CyBootAsmGnu.o)
 .debug_abbrev  0x000028f5      0x182 .\CortexM0\ARM_GCC_493\Debug\start01.a(UART_XB_SPI_UART.o)
 .debug_abbrev  0x00002a77       0x9a .\CortexM0\ARM_GCC_493\Debug\start01.a(UART_XB_SPI_UART_INT.o)
 .debug_abbrev  0x00002b11      0x15b .\CortexM0\ARM_GCC_493\Debug\start01.a(UART_PC.o)
 .debug_abbrev  0x00002c6c       0x9a .\CortexM0\ARM_GCC_493\Debug\start01.a(UART_PC_SPI_UART_INT.o)

.debug_line     0x00000000     0x3f5a
 *(.debug_line)
 .debug_line    0x00000000      0x252 .\CortexM0\ARM_GCC_493\Debug\main.o
 .debug_line    0x00000252      0x1d1 .\CortexM0\ARM_GCC_493\Debug\LED.o
 .debug_line    0x00000423      0x1a6 .\CortexM0\ARM_GCC_493\Debug\display.o
 .debug_line    0x000005c9      0x243 .\CortexM0\ARM_GCC_493\Debug\RTC_WDT.o
 .debug_line    0x0000080c       0x6d .\CortexM0\ARM_GCC_493\Debug\gate.o
 .debug_line    0x00000879      0x2f7 .\CortexM0\ARM_GCC_493\Debug\network.o
 .debug_line    0x00000b70      0x145 .\CortexM0\ARM_GCC_493\Debug\database.o
 .debug_line    0x00000cb5      0x1a5 .\CortexM0\ARM_GCC_493\Debug\wait_timer.o
 .debug_line    0x00000e5a      0x195 .\CortexM0\ARM_GCC_493\Debug\crc16.o
 .debug_line    0x00000fef      0x1de .\CortexM0\ARM_GCC_493\Debug\crc32.o
 .debug_line    0x000011cd      0x2be .\CortexM0\ARM_GCC_493\Debug\svt.o
 .debug_line    0x0000148b       0x53 .\CortexM0\ARM_GCC_493\Debug\cymetadata.o
 .debug_line    0x000014de      0x248 .\CortexM0\ARM_GCC_493\Debug\Cm0Start.o
 .debug_line    0x00001726      0x148 .\CortexM0\ARM_GCC_493\Debug\start01.a(cyfitter_cfg.o)
 .debug_line    0x0000186e      0x44b .\CortexM0\ARM_GCC_493\Debug\start01.a(CyLib.o)
 .debug_line    0x00001cb9      0x469 .\CortexM0\ARM_GCC_493\Debug\start01.a(CyLFClk.o)
 .debug_line    0x00002122      0x172 .\CortexM0\ARM_GCC_493\Debug\start01.a(Int_Timer_Led.o)
 .debug_line    0x00002294       0xc1 .\CortexM0\ARM_GCC_493\Debug\start01.a(LED_PIN.o)
 .debug_line    0x00002355      0x380 .\CortexM0\ARM_GCC_493\Debug\start01.a(Timer_LED.o)
 .debug_line    0x000026d5      0x1e8 .\CortexM0\ARM_GCC_493\Debug\start01.a(LCD.o)
 .debug_line    0x000028bd      0x474 .\CortexM0\ARM_GCC_493\Debug\start01.a(RTC.o)
 .debug_line    0x00002d31       0xc1 .\CortexM0\ARM_GCC_493\Debug\start01.a(GatePin.o)
 .debug_line    0x00002df2      0x17a .\CortexM0\ARM_GCC_493\Debug\start01.a(UART_XB.o)
 .debug_line    0x00002f6c      0x199 .\CortexM0\ARM_GCC_493\Debug\start01.a(UART_XB_UART.o)
 .debug_line    0x00003105      0x381 .\CortexM0\ARM_GCC_493\Debug\start01.a(Timer_Wait.o)
 .debug_line    0x00003486      0x16d .\CortexM0\ARM_GCC_493\Debug\start01.a(int_wait.o)
 .debug_line    0x000035f3      0x16d .\CortexM0\ARM_GCC_493\Debug\start01.a(WDT0_ISR.o)
 .debug_line    0x00003760      0x16e .\CortexM0\ARM_GCC_493\Debug\start01.a(UART_PC_SPI_UART.o)
 .debug_line    0x000038ce      0x199 .\CortexM0\ARM_GCC_493\Debug\start01.a(UART_PC_UART.o)
 .debug_line    0x00003a67       0x6b .\CortexM0\ARM_GCC_493\Debug\start01.a(CyBootAsmGnu.o)
 .debug_line    0x00003ad2      0x16e .\CortexM0\ARM_GCC_493\Debug\start01.a(UART_XB_SPI_UART.o)
 .debug_line    0x00003c40       0xd0 .\CortexM0\ARM_GCC_493\Debug\start01.a(UART_XB_SPI_UART_INT.o)
 .debug_line    0x00003d10      0x17a .\CortexM0\ARM_GCC_493\Debug\start01.a(UART_PC.o)
 .debug_line    0x00003e8a       0xd0 .\CortexM0\ARM_GCC_493\Debug\start01.a(UART_PC_SPI_UART_INT.o)

.debug_frame    0x00000000     0x27e8
 *(.debug_frame)
 .debug_frame   0x00000000       0xa0 .\CortexM0\ARM_GCC_493\Debug\main.o
 .debug_frame   0x000000a0       0x90 .\CortexM0\ARM_GCC_493\Debug\LED.o
 .debug_frame   0x00000130       0x70 .\CortexM0\ARM_GCC_493\Debug\display.o
 .debug_frame   0x000001a0       0xf0 .\CortexM0\ARM_GCC_493\Debug\RTC_WDT.o
 .debug_frame   0x00000290       0x2c .\CortexM0\ARM_GCC_493\Debug\gate.o
 .debug_frame   0x000002bc       0xa8 .\CortexM0\ARM_GCC_493\Debug\network.o
 .debug_frame   0x00000364       0x30 .\CortexM0\ARM_GCC_493\Debug\database.o
 .debug_frame   0x00000394       0x64 .\CortexM0\ARM_GCC_493\Debug\wait_timer.o
 .debug_frame   0x000003f8       0x40 .\CortexM0\ARM_GCC_493\Debug\crc16.o
 .debug_frame   0x00000438       0x7c .\CortexM0\ARM_GCC_493\Debug\crc32.o
 .debug_frame   0x000004b4       0x94 .\CortexM0\ARM_GCC_493\Debug\svt.o
 .debug_frame   0x00000548       0xb0 .\CortexM0\ARM_GCC_493\Debug\Cm0Start.o
 .debug_frame   0x000005f8       0x64 .\CortexM0\ARM_GCC_493\Debug\start01.a(cyfitter_cfg.o)
 .debug_frame   0x0000065c      0x3d0 .\CortexM0\ARM_GCC_493\Debug\start01.a(CyLib.o)
 .debug_frame   0x00000a2c      0x3a8 .\CortexM0\ARM_GCC_493\Debug\start01.a(CyLFClk.o)
 .debug_frame   0x00000dd4      0x110 .\CortexM0\ARM_GCC_493\Debug\start01.a(Int_Timer_Led.o)
 .debug_frame   0x00000ee4       0x70 .\CortexM0\ARM_GCC_493\Debug\start01.a(LED_PIN.o)
 .debug_frame   0x00000f54      0x390 .\CortexM0\ARM_GCC_493\Debug\start01.a(Timer_LED.o)
 .debug_frame   0x000012e4      0x1f0 .\CortexM0\ARM_GCC_493\Debug\start01.a(LCD.o)
 .debug_frame   0x000014d4      0x288 .\CortexM0\ARM_GCC_493\Debug\start01.a(RTC.o)
 .debug_frame   0x0000175c       0x70 .\CortexM0\ARM_GCC_493\Debug\start01.a(GatePin.o)
 .debug_frame   0x000017cc      0x114 .\CortexM0\ARM_GCC_493\Debug\start01.a(UART_XB.o)
 .debug_frame   0x000018e0       0xe0 .\CortexM0\ARM_GCC_493\Debug\start01.a(UART_XB_UART.o)
 .debug_frame   0x000019c0      0x390 .\CortexM0\ARM_GCC_493\Debug\start01.a(Timer_Wait.o)
 .debug_frame   0x00001d50      0x110 .\CortexM0\ARM_GCC_493\Debug\start01.a(int_wait.o)
 .debug_frame   0x00001e60      0x110 .\CortexM0\ARM_GCC_493\Debug\start01.a(WDT0_ISR.o)
 .debug_frame   0x00001f70       0xc8 .\CortexM0\ARM_GCC_493\Debug\start01.a(UART_PC_SPI_UART.o)
 .debug_frame   0x00002038       0xe0 .\CortexM0\ARM_GCC_493\Debug\start01.a(UART_PC_UART.o)
 .debug_frame   0x00002118       0xc8 .\CortexM0\ARM_GCC_493\Debug\start01.a(UART_XB_SPI_UART.o)
 .debug_frame   0x000021e0       0x2c .\CortexM0\ARM_GCC_493\Debug\start01.a(UART_XB_SPI_UART_INT.o)
 .debug_frame   0x0000220c      0x114 .\CortexM0\ARM_GCC_493\Debug\start01.a(UART_PC.o)
 .debug_frame   0x00002320       0x2c .\CortexM0\ARM_GCC_493\Debug\start01.a(UART_PC_SPI_UART_INT.o)
 .debug_frame   0x0000234c       0x20 c:/program files (x86)/cypress/psoc creator/3.3/psoc creator/import/gnu/arm/4.9.3/bin/../lib/gcc/arm-none-eabi/4.9.3/armv6-m\libgcc.a(_udivsi3.o)
 .debug_frame   0x0000236c       0x50 c:/program files (x86)/cypress/psoc creator/3.3/psoc creator/import/gnu/arm/4.9.3/bin/../lib/gcc/arm-none-eabi/4.9.3/armv6-m\libgcc.a(bpabi.o)
 .debug_frame   0x000023bc       0x34 c:/program files (x86)/cypress/psoc creator/3.3/psoc creator/import/gnu/arm/4.9.3/bin/../lib/gcc/arm-none-eabi/4.9.3/armv6-m\libgcc.a(_muldi3.o)
 .debug_frame   0x000023f0       0x3c c:/program files (x86)/cypress/psoc creator/3.3/psoc creator/import/gnu/arm/4.9.3/bin/../lib/gcc/arm-none-eabi/4.9.3/armv6-m\libgcc.a(_divdi3.o)
 .debug_frame   0x0000242c       0x3c c:/program files (x86)/cypress/psoc creator/3.3/psoc creator/import/gnu/arm/4.9.3/bin/../lib/gcc/arm-none-eabi/4.9.3/armv6-m\libgcc.a(_udivdi3.o)
 .debug_frame   0x00002468       0x20 c:/program files (x86)/cypress/psoc creator/3.3/psoc creator/import/gnu/arm/4.9.3/bin/../lib/gcc/arm-none-eabi/4.9.3/../../../../arm-none-eabi/lib/armv6-m\libg_nano.a(lib_a-errno.o)
 .debug_frame   0x00002488       0x28 c:/program files (x86)/cypress/psoc creator/3.3/psoc creator/import/gnu/arm/4.9.3/bin/../lib/gcc/arm-none-eabi/4.9.3/../../../../arm-none-eabi/lib/armv6-m\libg_nano.a(lib_a-exit.o)
 .debug_frame   0x000024b0       0x2c c:/program files (x86)/cypress/psoc creator/3.3/psoc creator/import/gnu/arm/4.9.3/bin/../lib/gcc/arm-none-eabi/4.9.3/../../../../arm-none-eabi/lib/armv6-m\libg_nano.a(lib_a-init.o)
 .debug_frame   0x000024dc       0x28 c:/program files (x86)/cypress/psoc creator/3.3/psoc creator/import/gnu/arm/4.9.3/bin/../lib/gcc/arm-none-eabi/4.9.3/../../../../arm-none-eabi/lib/armv6-m\libg_nano.a(lib_a-memcpy.o)
 .debug_frame   0x00002504       0x20 c:/program files (x86)/cypress/psoc creator/3.3/psoc creator/import/gnu/arm/4.9.3/bin/../lib/gcc/arm-none-eabi/4.9.3/../../../../arm-none-eabi/lib/armv6-m\libg_nano.a(lib_a-memset.o)
 .debug_frame   0x00002524       0x50 c:/program files (x86)/cypress/psoc creator/3.3/psoc creator/import/gnu/arm/4.9.3/bin/../lib/gcc/arm-none-eabi/4.9.3/../../../../arm-none-eabi/lib/armv6-m\libg_nano.a(lib_a-sprintf.o)
 .debug_frame   0x00002574       0x28 c:/program files (x86)/cypress/psoc creator/3.3/psoc creator/import/gnu/arm/4.9.3/bin/../lib/gcc/arm-none-eabi/4.9.3/../../../../arm-none-eabi/lib/armv6-m\libg_nano.a(lib_a-strcat.o)
 .debug_frame   0x0000259c       0x20 c:/program files (x86)/cypress/psoc creator/3.3/psoc creator/import/gnu/arm/4.9.3/bin/../lib/gcc/arm-none-eabi/4.9.3/../../../../arm-none-eabi/lib/armv6-m\libg_nano.a(lib_a-strlen.o)
 .debug_frame   0x000025bc       0x74 c:/program files (x86)/cypress/psoc creator/3.3/psoc creator/import/gnu/arm/4.9.3/bin/../lib/gcc/arm-none-eabi/4.9.3/../../../../arm-none-eabi/lib/armv6-m\libg_nano.a(lib_a-nano-svfprintf.o)
 .debug_frame   0x00002630       0x54 c:/program files (x86)/cypress/psoc creator/3.3/psoc creator/import/gnu/arm/4.9.3/bin/../lib/gcc/arm-none-eabi/4.9.3/../../../../arm-none-eabi/lib/armv6-m\libg_nano.a(lib_a-nano-vfprintf_i.o)
 .debug_frame   0x00002684       0x20 c:/program files (x86)/cypress/psoc creator/3.3/psoc creator/import/gnu/arm/4.9.3/bin/../lib/gcc/arm-none-eabi/4.9.3/../../../../arm-none-eabi/lib/armv6-m\libg_nano.a(lib_a-memchr.o)
 .debug_frame   0x000026a4       0x28 c:/program files (x86)/cypress/psoc creator/3.3/psoc creator/import/gnu/arm/4.9.3/bin/../lib/gcc/arm-none-eabi/4.9.3/../../../../arm-none-eabi/lib/armv6-m\libg_nano.a(lib_a-memmove.o)
 .debug_frame   0x000026cc       0x2c c:/program files (x86)/cypress/psoc creator/3.3/psoc creator/import/gnu/arm/4.9.3/bin/../lib/gcc/arm-none-eabi/4.9.3/../../../../arm-none-eabi/lib/armv6-m\libg_nano.a(lib_a-nano-freer.o)
 .debug_frame   0x000026f8       0x2c c:/program files (x86)/cypress/psoc creator/3.3/psoc creator/import/gnu/arm/4.9.3/bin/../lib/gcc/arm-none-eabi/4.9.3/../../../../arm-none-eabi/lib/armv6-m\libg_nano.a(lib_a-nano-mallocr.o)
 .debug_frame   0x00002724       0x30 c:/program files (x86)/cypress/psoc creator/3.3/psoc creator/import/gnu/arm/4.9.3/bin/../lib/gcc/arm-none-eabi/4.9.3/../../../../arm-none-eabi/lib/armv6-m\libg_nano.a(lib_a-nano-reallocr.o)
 .debug_frame   0x00002754       0x2c c:/program files (x86)/cypress/psoc creator/3.3/psoc creator/import/gnu/arm/4.9.3/bin/../lib/gcc/arm-none-eabi/4.9.3/../../../../arm-none-eabi/lib/armv6-m\libg_nano.a(lib_a-sbrkr.o)
 .debug_frame   0x00002780       0x20 c:/program files (x86)/cypress/psoc creator/3.3/psoc creator/import/gnu/arm/4.9.3/bin/../lib/gcc/arm-none-eabi/4.9.3/../../../../arm-none-eabi/lib/armv6-m\libg_nano.a(lib_a-nano-msizer.o)
 .debug_frame   0x000027a0       0x48 c:/program files (x86)/cypress/psoc creator/3.3/psoc creator/import/gnu/arm/4.9.3/bin/../lib/gcc/arm-none-eabi/4.9.3/../../../../arm-none-eabi/lib/armv6-m\libg_nano.a(lib_a-reent.o)

.debug_str      0x00000000     0x2f10
 *(.debug_str)
 .debug_str     0x00000000      0x31c .\CortexM0\ARM_GCC_493\Debug\main.o
                                0x389 (size before relaxing)
 .debug_str     0x0000031c       0xf5 .\CortexM0\ARM_GCC_493\Debug\LED.o
                                0x2e2 (size before relaxing)
 .debug_str     0x00000411       0x8d .\CortexM0\ARM_GCC_493\Debug\display.o
                                0x270 (size before relaxing)
 .debug_str     0x0000049e      0x10c .\CortexM0\ARM_GCC_493\Debug\RTC_WDT.o
                                0x34c (size before relaxing)
 .debug_str     0x000005aa       0x16 .\CortexM0\ARM_GCC_493\Debug\gate.o
                                0x1ae (size before relaxing)
 .debug_str     0x000005c0      0x139 .\CortexM0\ARM_GCC_493\Debug\network.o
                                0x3de (size before relaxing)
 .debug_str     0x000006f9        0xd .\CortexM0\ARM_GCC_493\Debug\database.o
                                0x1af (size before relaxing)
 .debug_str     0x00000706       0x75 .\CortexM0\ARM_GCC_493\Debug\wait_timer.o
                                0x24b (size before relaxing)
 .debug_str     0x0000077b       0x52 .\CortexM0\ARM_GCC_493\Debug\crc16.o
                                0x203 (size before relaxing)
 .debug_str     0x000007cd       0x81 .\CortexM0\ARM_GCC_493\Debug\crc32.o
                                0x238 (size before relaxing)
 .debug_str     0x0000084e      0x12c .\CortexM0\ARM_GCC_493\Debug\svt.o
                                0x398 (size before relaxing)
 .debug_str     0x0000097a       0x5b .\CortexM0\ARM_GCC_493\Debug\cymetadata.o
                                0x1e4 (size before relaxing)
 .debug_str     0x000009d5      0x13d .\CortexM0\ARM_GCC_493\Debug\Cm0Start.o
                                0x30b (size before relaxing)
 .debug_str     0x00000b12       0x82 .\CortexM0\ARM_GCC_493\Debug\start01.a(cyfitter_cfg.o)
                                0x239 (size before relaxing)
 .debug_str     0x00000b94      0x4b8 .\CortexM0\ARM_GCC_493\Debug\start01.a(CyLib.o)
                                0x69f (size before relaxing)
 .debug_str     0x0000104c      0x522 .\CortexM0\ARM_GCC_493\Debug\start01.a(CyLFClk.o)
                                0x747 (size before relaxing)
 .debug_str     0x0000156e      0x151 .\CortexM0\ARM_GCC_493\Debug\start01.a(Int_Timer_Led.o)
                                0x364 (size before relaxing)
 .debug_str     0x000016bf       0xa0 .\CortexM0\ARM_GCC_493\Debug\start01.a(LED_PIN.o)
                                0x25a (size before relaxing)
 .debug_str     0x0000175f      0x41d .\CortexM0\ARM_GCC_493\Debug\start01.a(Timer_LED.o)
                                0x663 (size before relaxing)
 .debug_str     0x00001b7c      0x147 .\CortexM0\ARM_GCC_493\Debug\start01.a(LCD.o)
                                0x336 (size before relaxing)
 .debug_str     0x00001cc3      0x384 .\CortexM0\ARM_GCC_493\Debug\start01.a(RTC.o)
                                0x5d6 (size before relaxing)
 .debug_str     0x00002047       0x8a .\CortexM0\ARM_GCC_493\Debug\start01.a(GatePin.o)
                                0x25a (size before relaxing)
 .debug_str     0x000020d1      0x182 .\CortexM0\ARM_GCC_493\Debug\start01.a(UART_XB.o)
                                0x36c (size before relaxing)
 .debug_str     0x00002253      0x181 .\CortexM0\ARM_GCC_493\Debug\start01.a(UART_XB_UART.o)
                                0x3ef (size before relaxing)
 .debug_str     0x000023d4      0x3c0 .\CortexM0\ARM_GCC_493\Debug\start01.a(Timer_Wait.o)
                                0x68d (size before relaxing)
 .debug_str     0x00002794      0x101 .\CortexM0\ARM_GCC_493\Debug\start01.a(int_wait.o)
                                0x31e (size before relaxing)
 .debug_str     0x00002895       0xeb .\CortexM0\ARM_GCC_493\Debug\start01.a(WDT0_ISR.o)
                                0x31e (size before relaxing)
 .debug_str     0x00002980      0x1e2 .\CortexM0\ARM_GCC_493\Debug\start01.a(UART_PC_SPI_UART.o)
                                0x3be (size before relaxing)
 .debug_str     0x00002b62       0xe6 .\CortexM0\ARM_GCC_493\Debug\start01.a(UART_PC_UART.o)
                                0x3ef (size before relaxing)
 .debug_str     0x00002c48      0x107 .\CortexM0\ARM_GCC_493\Debug\start01.a(UART_XB_SPI_UART.o)
                                0x3be (size before relaxing)
 .debug_str     0x00002d4f       0x45 .\CortexM0\ARM_GCC_493\Debug\start01.a(UART_XB_SPI_UART_INT.o)
                                0x2b1 (size before relaxing)
 .debug_str     0x00002d94      0x137 .\CortexM0\ARM_GCC_493\Debug\start01.a(UART_PC.o)
                                0x36c (size before relaxing)
 .debug_str     0x00002ecb       0x45 .\CortexM0\ARM_GCC_493\Debug\start01.a(UART_PC_SPI_UART_INT.o)
                                0x2b1 (size before relaxing)

.debug_loc      0x00000000     0x4a5d
 *(.debug_loc)
 .debug_loc     0x00000000       0x37 .\CortexM0\ARM_GCC_493\Debug\main.o
 .debug_loc     0x00000037       0x55 .\CortexM0\ARM_GCC_493\Debug\LED.o
 .debug_loc     0x0000008c       0xce .\CortexM0\ARM_GCC_493\Debug\display.o
 .debug_loc     0x0000015a      0x204 .\CortexM0\ARM_GCC_493\Debug\RTC_WDT.o
 .debug_loc     0x0000035e      0x1ee .\CortexM0\ARM_GCC_493\Debug\network.o
 .debug_loc     0x0000054c       0x28 .\CortexM0\ARM_GCC_493\Debug\database.o
 .debug_loc     0x00000574       0x58 .\CortexM0\ARM_GCC_493\Debug\wait_timer.o
 .debug_loc     0x000005cc      0x11f .\CortexM0\ARM_GCC_493\Debug\crc16.o
 .debug_loc     0x000006eb      0x216 .\CortexM0\ARM_GCC_493\Debug\crc32.o
 .debug_loc     0x00000901      0x35f .\CortexM0\ARM_GCC_493\Debug\svt.o
 .debug_loc     0x00000c60      0x14f .\CortexM0\ARM_GCC_493\Debug\Cm0Start.o
 .debug_loc     0x00000daf       0xa9 .\CortexM0\ARM_GCC_493\Debug\start01.a(cyfitter_cfg.o)
 .debug_loc     0x00000e58      0x5b5 .\CortexM0\ARM_GCC_493\Debug\start01.a(CyLib.o)
 .debug_loc     0x0000140d      0x9d5 .\CortexM0\ARM_GCC_493\Debug\start01.a(CyLFClk.o)
 .debug_loc     0x00001de2       0x82 .\CortexM0\ARM_GCC_493\Debug\start01.a(Int_Timer_Led.o)
 .debug_loc     0x00001e64       0xa2 .\CortexM0\ARM_GCC_493\Debug\start01.a(LED_PIN.o)
 .debug_loc     0x00001f06      0x547 .\CortexM0\ARM_GCC_493\Debug\start01.a(Timer_LED.o)
 .debug_loc     0x0000244d      0x3e3 .\CortexM0\ARM_GCC_493\Debug\start01.a(LCD.o)
 .debug_loc     0x00002830     0x13ee .\CortexM0\ARM_GCC_493\Debug\start01.a(RTC.o)
 .debug_loc     0x00003c1e       0xa2 .\CortexM0\ARM_GCC_493\Debug\start01.a(GatePin.o)
 .debug_loc     0x00003cc0       0x7e .\CortexM0\ARM_GCC_493\Debug\start01.a(UART_XB.o)
 .debug_loc     0x00003d3e      0x17e .\CortexM0\ARM_GCC_493\Debug\start01.a(UART_XB_UART.o)
 .debug_loc     0x00003ebc      0x547 .\CortexM0\ARM_GCC_493\Debug\start01.a(Timer_Wait.o)
 .debug_loc     0x00004403       0x82 .\CortexM0\ARM_GCC_493\Debug\start01.a(int_wait.o)
 .debug_loc     0x00004485       0x82 .\CortexM0\ARM_GCC_493\Debug\start01.a(WDT0_ISR.o)
 .debug_loc     0x00004507      0x170 .\CortexM0\ARM_GCC_493\Debug\start01.a(UART_PC_SPI_UART.o)
 .debug_loc     0x00004677      0x17e .\CortexM0\ARM_GCC_493\Debug\start01.a(UART_PC_UART.o)
 .debug_loc     0x000047f5      0x170 .\CortexM0\ARM_GCC_493\Debug\start01.a(UART_XB_SPI_UART.o)
 .debug_loc     0x00004965       0x3d .\CortexM0\ARM_GCC_493\Debug\start01.a(UART_XB_SPI_UART_INT.o)
 .debug_loc     0x000049a2       0x7e .\CortexM0\ARM_GCC_493\Debug\start01.a(UART_PC.o)
 .debug_loc     0x00004a20       0x3d .\CortexM0\ARM_GCC_493\Debug\start01.a(UART_PC_SPI_UART_INT.o)

.debug_macinfo
 *(.debug_macinfo)

.debug_ranges   0x00000000      0xc48
 *(.debug_ranges)
 .debug_ranges  0x00000000       0x30 .\CortexM0\ARM_GCC_493\Debug\main.o
 .debug_ranges  0x00000030       0x30 .\CortexM0\ARM_GCC_493\Debug\LED.o
 .debug_ranges  0x00000060       0x20 .\CortexM0\ARM_GCC_493\Debug\display.o
 .debug_ranges  0x00000080       0x50 .\CortexM0\ARM_GCC_493\Debug\RTC_WDT.o
 .debug_ranges  0x000000d0       0x10 .\CortexM0\ARM_GCC_493\Debug\gate.o
 .debug_ranges  0x000000e0       0x30 .\CortexM0\ARM_GCC_493\Debug\network.o
 .debug_ranges  0x00000110       0x18 .\CortexM0\ARM_GCC_493\Debug\database.o
 .debug_ranges  0x00000128       0x20 .\CortexM0\ARM_GCC_493\Debug\wait_timer.o
 .debug_ranges  0x00000148       0x18 .\CortexM0\ARM_GCC_493\Debug\crc16.o
 .debug_ranges  0x00000160       0x28 .\CortexM0\ARM_GCC_493\Debug\crc32.o
 .debug_ranges  0x00000188       0x30 .\CortexM0\ARM_GCC_493\Debug\svt.o
 .debug_ranges  0x000001b8       0x38 .\CortexM0\ARM_GCC_493\Debug\Cm0Start.o
 .debug_ranges  0x000001f0       0x20 .\CortexM0\ARM_GCC_493\Debug\start01.a(cyfitter_cfg.o)
 .debug_ranges  0x00000210      0x168 .\CortexM0\ARM_GCC_493\Debug\start01.a(CyLib.o)
 .debug_ranges  0x00000378      0x128 .\CortexM0\ARM_GCC_493\Debug\start01.a(CyLFClk.o)
 .debug_ranges  0x000004a0       0x70 .\CortexM0\ARM_GCC_493\Debug\start01.a(Int_Timer_Led.o)
 .debug_ranges  0x00000510       0x38 .\CortexM0\ARM_GCC_493\Debug\start01.a(LED_PIN.o)
 .debug_ranges  0x00000548      0x148 .\CortexM0\ARM_GCC_493\Debug\start01.a(Timer_LED.o)
 .debug_ranges  0x00000690       0x88 .\CortexM0\ARM_GCC_493\Debug\start01.a(LCD.o)
 .debug_ranges  0x00000718       0xb0 .\CortexM0\ARM_GCC_493\Debug\start01.a(RTC.o)
 .debug_ranges  0x000007c8       0x38 .\CortexM0\ARM_GCC_493\Debug\start01.a(GatePin.o)
 .debug_ranges  0x00000800       0x60 .\CortexM0\ARM_GCC_493\Debug\start01.a(UART_XB.o)
 .debug_ranges  0x00000860       0x50 .\CortexM0\ARM_GCC_493\Debug\start01.a(UART_XB_UART.o)
 .debug_ranges  0x000008b0      0x148 .\CortexM0\ARM_GCC_493\Debug\start01.a(Timer_Wait.o)
 .debug_ranges  0x000009f8       0x70 .\CortexM0\ARM_GCC_493\Debug\start01.a(int_wait.o)
 .debug_ranges  0x00000a68       0x70 .\CortexM0\ARM_GCC_493\Debug\start01.a(WDT0_ISR.o)
 .debug_ranges  0x00000ad8       0x50 .\CortexM0\ARM_GCC_493\Debug\start01.a(UART_PC_SPI_UART.o)
 .debug_ranges  0x00000b28       0x50 .\CortexM0\ARM_GCC_493\Debug\start01.a(UART_PC_UART.o)
 .debug_ranges  0x00000b78       0x50 .\CortexM0\ARM_GCC_493\Debug\start01.a(UART_XB_SPI_UART.o)
 .debug_ranges  0x00000bc8       0x10 .\CortexM0\ARM_GCC_493\Debug\start01.a(UART_XB_SPI_UART_INT.o)
 .debug_ranges  0x00000bd8       0x60 .\CortexM0\ARM_GCC_493\Debug\start01.a(UART_PC.o)
 .debug_ranges  0x00000c38       0x10 .\CortexM0\ARM_GCC_493\Debug\start01.a(UART_PC_SPI_UART_INT.o)

.comment        0x00000000       0x70
 .comment       0x00000000       0x70 .\CortexM0\ARM_GCC_493\Debug\main.o
                                 0x71 (size before relaxing)
 .comment       0x00000000       0x71 .\CortexM0\ARM_GCC_493\Debug\LED.o
 .comment       0x00000000       0x71 .\CortexM0\ARM_GCC_493\Debug\display.o
 .comment       0x00000000       0x71 .\CortexM0\ARM_GCC_493\Debug\RTC_WDT.o
 .comment       0x00000000       0x71 .\CortexM0\ARM_GCC_493\Debug\gate.o
 .comment       0x00000000       0x71 .\CortexM0\ARM_GCC_493\Debug\network.o
 .comment       0x00000000       0x71 .\CortexM0\ARM_GCC_493\Debug\database.o
 .comment       0x00000000       0x71 .\CortexM0\ARM_GCC_493\Debug\wait_timer.o
 .comment       0x00000000       0x71 .\CortexM0\ARM_GCC_493\Debug\crc16.o
 .comment       0x00000000       0x71 .\CortexM0\ARM_GCC_493\Debug\crc32.o
 .comment       0x00000000       0x71 .\CortexM0\ARM_GCC_493\Debug\svt.o
 .comment       0x00000000       0x71 .\CortexM0\ARM_GCC_493\Debug\cymetadata.o
 .comment       0x00000000       0x71 .\CortexM0\ARM_GCC_493\Debug\Cm0Start.o
 .comment       0x00000000       0x71 .\CortexM0\ARM_GCC_493\Debug\start01.a(cyfitter_cfg.o)
 .comment       0x00000000       0x71 .\CortexM0\ARM_GCC_493\Debug\start01.a(CyLib.o)
 .comment       0x00000000       0x71 .\CortexM0\ARM_GCC_493\Debug\start01.a(CyLFClk.o)
 .comment       0x00000000       0x71 .\CortexM0\ARM_GCC_493\Debug\start01.a(Int_Timer_Led.o)
 .comment       0x00000000       0x71 .\CortexM0\ARM_GCC_493\Debug\start01.a(LED_PIN.o)
 .comment       0x00000000       0x71 .\CortexM0\ARM_GCC_493\Debug\start01.a(Timer_LED.o)
 .comment       0x00000000       0x71 .\CortexM0\ARM_GCC_493\Debug\start01.a(LCD.o)
 .comment       0x00000000       0x71 .\CortexM0\ARM_GCC_493\Debug\start01.a(RTC.o)
 .comment       0x00000000       0x71 .\CortexM0\ARM_GCC_493\Debug\start01.a(GatePin.o)
 .comment       0x00000000       0x71 .\CortexM0\ARM_GCC_493\Debug\start01.a(UART_XB.o)
 .comment       0x00000000       0x71 .\CortexM0\ARM_GCC_493\Debug\start01.a(UART_XB_UART.o)
 .comment       0x00000000       0x71 .\CortexM0\ARM_GCC_493\Debug\start01.a(Timer_Wait.o)
 .comment       0x00000000       0x71 .\CortexM0\ARM_GCC_493\Debug\start01.a(int_wait.o)
 .comment       0x00000000       0x71 .\CortexM0\ARM_GCC_493\Debug\start01.a(WDT0_ISR.o)
 .comment       0x00000000       0x71 .\CortexM0\ARM_GCC_493\Debug\start01.a(UART_PC_SPI_UART.o)
 .comment       0x00000000       0x71 .\CortexM0\ARM_GCC_493\Debug\start01.a(UART_PC_UART.o)
 .comment       0x00000000       0x71 .\CortexM0\ARM_GCC_493\Debug\start01.a(UART_XB_SPI_UART.o)
 .comment       0x00000000       0x71 .\CortexM0\ARM_GCC_493\Debug\start01.a(UART_XB_SPI_UART_INT.o)
 .comment       0x00000000       0x71 .\CortexM0\ARM_GCC_493\Debug\start01.a(UART_PC.o)
 .comment       0x00000000       0x71 .\CortexM0\ARM_GCC_493\Debug\start01.a(UART_PC_SPI_UART_INT.o)

.debug_weaknames
 *(.debug_weaknames)

.debug_funcnames
 *(.debug_funcnames)

.debug_typenames
 *(.debug_typenames)

.debug_varnames
 *(.debug_varnames)

.note.gnu.arm.ident
 *(.note.gnu.arm.ident)

.ARM.attributes
                0x00000000       0x28
 *(.ARM.attributes)
 .ARM.attributes
                0x00000000       0x1e c:/program files (x86)/cypress/psoc creator/3.3/psoc creator/import/gnu/arm/4.9.3/bin/../lib/gcc/arm-none-eabi/4.9.3/armv6-m/crti.o
 .ARM.attributes
                0x0000001e       0x2c c:/program files (x86)/cypress/psoc creator/3.3/psoc creator/import/gnu/arm/4.9.3/bin/../lib/gcc/arm-none-eabi/4.9.3/armv6-m/crtbegin.o
 .ARM.attributes
                0x0000004a       0x1b c:/program files (x86)/cypress/psoc creator/3.3/psoc creator/import/gnu/arm/4.9.3/bin/../lib/gcc/arm-none-eabi/4.9.3/../../../../arm-none-eabi/lib/armv6-m/crt0.o
 .ARM.attributes
                0x00000065       0x31 .\CortexM0\ARM_GCC_493\Debug\main.o
 .ARM.attributes
                0x00000096       0x31 .\CortexM0\ARM_GCC_493\Debug\LED.o
 .ARM.attributes
                0x000000c7       0x31 .\CortexM0\ARM_GCC_493\Debug\display.o
 .ARM.attributes
                0x000000f8       0x31 .\CortexM0\ARM_GCC_493\Debug\RTC_WDT.o
 .ARM.attributes
                0x00000129       0x31 .\CortexM0\ARM_GCC_493\Debug\gate.o
 .ARM.attributes
                0x0000015a       0x31 .\CortexM0\ARM_GCC_493\Debug\network.o
 .ARM.attributes
                0x0000018b       0x31 .\CortexM0\ARM_GCC_493\Debug\database.o
 .ARM.attributes
                0x000001bc       0x31 .\CortexM0\ARM_GCC_493\Debug\wait_timer.o
 .ARM.attributes
                0x000001ed       0x31 .\CortexM0\ARM_GCC_493\Debug\crc16.o
 .ARM.attributes
                0x0000021e       0x31 .\CortexM0\ARM_GCC_493\Debug\crc32.o
 .ARM.attributes
                0x0000024f       0x31 .\CortexM0\ARM_GCC_493\Debug\svt.o
 .ARM.attributes
                0x00000280       0x31 .\CortexM0\ARM_GCC_493\Debug\cymetadata.o
 .ARM.attributes
                0x000002b1       0x31 .\CortexM0\ARM_GCC_493\Debug\Cm0Start.o
 .ARM.attributes
                0x000002e2       0x31 .\CortexM0\ARM_GCC_493\Debug\start01.a(cyfitter_cfg.o)
 .ARM.attributes
                0x00000313       0x31 .\CortexM0\ARM_GCC_493\Debug\start01.a(CyLib.o)
 .ARM.attributes
                0x00000344       0x31 .\CortexM0\ARM_GCC_493\Debug\start01.a(CyLFClk.o)
 .ARM.attributes
                0x00000375       0x31 .\CortexM0\ARM_GCC_493\Debug\start01.a(Int_Timer_Led.o)
 .ARM.attributes
                0x000003a6       0x31 .\CortexM0\ARM_GCC_493\Debug\start01.a(LED_PIN.o)
 .ARM.attributes
                0x000003d7       0x31 .\CortexM0\ARM_GCC_493\Debug\start01.a(Timer_LED.o)
 .ARM.attributes
                0x00000408       0x31 .\CortexM0\ARM_GCC_493\Debug\start01.a(LCD.o)
 .ARM.attributes
                0x00000439       0x31 .\CortexM0\ARM_GCC_493\Debug\start01.a(RTC.o)
 .ARM.attributes
                0x0000046a       0x31 .\CortexM0\ARM_GCC_493\Debug\start01.a(GatePin.o)
 .ARM.attributes
                0x0000049b       0x31 .\CortexM0\ARM_GCC_493\Debug\start01.a(UART_XB.o)
 .ARM.attributes
                0x000004cc       0x31 .\CortexM0\ARM_GCC_493\Debug\start01.a(UART_XB_UART.o)
 .ARM.attributes
                0x000004fd       0x31 .\CortexM0\ARM_GCC_493\Debug\start01.a(Timer_Wait.o)
 .ARM.attributes
                0x0000052e       0x31 .\CortexM0\ARM_GCC_493\Debug\start01.a(int_wait.o)
 .ARM.attributes
                0x0000055f       0x31 .\CortexM0\ARM_GCC_493\Debug\start01.a(WDT0_ISR.o)
 .ARM.attributes
                0x00000590       0x31 .\CortexM0\ARM_GCC_493\Debug\start01.a(UART_PC_SPI_UART.o)
 .ARM.attributes
                0x000005c1       0x31 .\CortexM0\ARM_GCC_493\Debug\start01.a(UART_PC_UART.o)
 .ARM.attributes
                0x000005f2       0x21 .\CortexM0\ARM_GCC_493\Debug\start01.a(CyBootAsmGnu.o)
 .ARM.attributes
                0x00000613       0x31 .\CortexM0\ARM_GCC_493\Debug\start01.a(UART_XB_SPI_UART.o)
 .ARM.attributes
                0x00000644       0x31 .\CortexM0\ARM_GCC_493\Debug\start01.a(UART_XB_SPI_UART_INT.o)
 .ARM.attributes
                0x00000675       0x31 .\CortexM0\ARM_GCC_493\Debug\start01.a(UART_PC.o)
 .ARM.attributes
                0x000006a6       0x31 .\CortexM0\ARM_GCC_493\Debug\start01.a(UART_PC_SPI_UART_INT.o)
 .ARM.attributes
                0x000006d7       0x1e c:/program files (x86)/cypress/psoc creator/3.3/psoc creator/import/gnu/arm/4.9.3/bin/../lib/gcc/arm-none-eabi/4.9.3/armv6-m\libgcc.a(_udivsi3.o)
 .ARM.attributes
                0x000006f5       0x1e c:/program files (x86)/cypress/psoc creator/3.3/psoc creator/import/gnu/arm/4.9.3/bin/../lib/gcc/arm-none-eabi/4.9.3/armv6-m\libgcc.a(_dvmd_tls.o)
 .ARM.attributes
                0x00000713       0x1e c:/program files (x86)/cypress/psoc creator/3.3/psoc creator/import/gnu/arm/4.9.3/bin/../lib/gcc/arm-none-eabi/4.9.3/armv6-m\libgcc.a(_aeabi_uldivmod.o)
 .ARM.attributes
                0x00000731       0x2c c:/program files (x86)/cypress/psoc creator/3.3/psoc creator/import/gnu/arm/4.9.3/bin/../lib/gcc/arm-none-eabi/4.9.3/armv6-m\libgcc.a(bpabi.o)
 .ARM.attributes
                0x0000075d       0x2c c:/program files (x86)/cypress/psoc creator/3.3/psoc creator/import/gnu/arm/4.9.3/bin/../lib/gcc/arm-none-eabi/4.9.3/armv6-m\libgcc.a(_muldi3.o)
 .ARM.attributes
                0x00000789       0x2c c:/program files (x86)/cypress/psoc creator/3.3/psoc creator/import/gnu/arm/4.9.3/bin/../lib/gcc/arm-none-eabi/4.9.3/armv6-m\libgcc.a(_divdi3.o)
 .ARM.attributes
                0x000007b5       0x2c c:/program files (x86)/cypress/psoc creator/3.3/psoc creator/import/gnu/arm/4.9.3/bin/../lib/gcc/arm-none-eabi/4.9.3/armv6-m\libgcc.a(_udivdi3.o)
 .ARM.attributes
                0x000007e1       0x1e c:/program files (x86)/cypress/psoc creator/3.3/psoc creator/import/gnu/arm/4.9.3/bin/../lib/gcc/arm-none-eabi/4.9.3/armv6-m\libgcc.a(_clzdi2.o)
 .ARM.attributes
                0x000007ff       0x1e c:/program files (x86)/cypress/psoc creator/3.3/psoc creator/import/gnu/arm/4.9.3/bin/../lib/gcc/arm-none-eabi/4.9.3/armv6-m\libgcc.a(_clzsi2.o)
 .ARM.attributes
                0x0000081d       0x2c c:/program files (x86)/cypress/psoc creator/3.3/psoc creator/import/gnu/arm/4.9.3/bin/../lib/gcc/arm-none-eabi/4.9.3/../../../../arm-none-eabi/lib/armv6-m\libg_nano.a(lib_a-errno.o)
 .ARM.attributes
                0x00000849       0x2c c:/program files (x86)/cypress/psoc creator/3.3/psoc creator/import/gnu/arm/4.9.3/bin/../lib/gcc/arm-none-eabi/4.9.3/../../../../arm-none-eabi/lib/armv6-m\libg_nano.a(lib_a-exit.o)
 .ARM.attributes
                0x00000875       0x2c c:/program files (x86)/cypress/psoc creator/3.3/psoc creator/import/gnu/arm/4.9.3/bin/../lib/gcc/arm-none-eabi/4.9.3/../../../../arm-none-eabi/lib/armv6-m\libg_nano.a(lib_a-impure.o)
 .ARM.attributes
                0x000008a1       0x2c c:/program files (x86)/cypress/psoc creator/3.3/psoc creator/import/gnu/arm/4.9.3/bin/../lib/gcc/arm-none-eabi/4.9.3/../../../../arm-none-eabi/lib/armv6-m\libg_nano.a(lib_a-init.o)
 .ARM.attributes
                0x000008cd       0x2c c:/program files (x86)/cypress/psoc creator/3.3/psoc creator/import/gnu/arm/4.9.3/bin/../lib/gcc/arm-none-eabi/4.9.3/../../../../arm-none-eabi/lib/armv6-m\libg_nano.a(lib_a-memcpy.o)
 .ARM.attributes
                0x000008f9       0x2c c:/program files (x86)/cypress/psoc creator/3.3/psoc creator/import/gnu/arm/4.9.3/bin/../lib/gcc/arm-none-eabi/4.9.3/../../../../arm-none-eabi/lib/armv6-m\libg_nano.a(lib_a-memset.o)
 .ARM.attributes
                0x00000925       0x2c c:/program files (x86)/cypress/psoc creator/3.3/psoc creator/import/gnu/arm/4.9.3/bin/../lib/gcc/arm-none-eabi/4.9.3/../../../../arm-none-eabi/lib/armv6-m\libg_nano.a(lib_a-sprintf.o)
 .ARM.attributes
                0x00000951       0x2c c:/program files (x86)/cypress/psoc creator/3.3/psoc creator/import/gnu/arm/4.9.3/bin/../lib/gcc/arm-none-eabi/4.9.3/../../../../arm-none-eabi/lib/armv6-m\libg_nano.a(lib_a-strcat.o)
 .ARM.attributes
                0x0000097d       0x2c c:/program files (x86)/cypress/psoc creator/3.3/psoc creator/import/gnu/arm/4.9.3/bin/../lib/gcc/arm-none-eabi/4.9.3/../../../../arm-none-eabi/lib/armv6-m\libg_nano.a(lib_a-strlen.o)
 .ARM.attributes
                0x000009a9       0x2c c:/program files (x86)/cypress/psoc creator/3.3/psoc creator/import/gnu/arm/4.9.3/bin/../lib/gcc/arm-none-eabi/4.9.3/../../../../arm-none-eabi/lib/armv6-m\libg_nano.a(lib_a-nano-svfprintf.o)
 .ARM.attributes
                0x000009d5       0x2c c:/program files (x86)/cypress/psoc creator/3.3/psoc creator/import/gnu/arm/4.9.3/bin/../lib/gcc/arm-none-eabi/4.9.3/../../../../arm-none-eabi/lib/armv6-m\libg_nano.a(lib_a-nano-vfprintf_i.o)
 .ARM.attributes
                0x00000a01       0x2c c:/program files (x86)/cypress/psoc creator/3.3/psoc creator/import/gnu/arm/4.9.3/bin/../lib/gcc/arm-none-eabi/4.9.3/../../../../arm-none-eabi/lib/armv6-m\libg_nano.a(lib_a-memchr.o)
 .ARM.attributes
                0x00000a2d       0x2c c:/program files (x86)/cypress/psoc creator/3.3/psoc creator/import/gnu/arm/4.9.3/bin/../lib/gcc/arm-none-eabi/4.9.3/../../../../arm-none-eabi/lib/armv6-m\libg_nano.a(lib_a-memmove.o)
 .ARM.attributes
                0x00000a59       0x2c c:/program files (x86)/cypress/psoc creator/3.3/psoc creator/import/gnu/arm/4.9.3/bin/../lib/gcc/arm-none-eabi/4.9.3/../../../../arm-none-eabi/lib/armv6-m\libg_nano.a(lib_a-nano-freer.o)
 .ARM.attributes
                0x00000a85       0x2c c:/program files (x86)/cypress/psoc creator/3.3/psoc creator/import/gnu/arm/4.9.3/bin/../lib/gcc/arm-none-eabi/4.9.3/../../../../arm-none-eabi/lib/armv6-m\libg_nano.a(lib_a-nano-mallocr.o)
 .ARM.attributes
                0x00000ab1       0x2c c:/program files (x86)/cypress/psoc creator/3.3/psoc creator/import/gnu/arm/4.9.3/bin/../lib/gcc/arm-none-eabi/4.9.3/../../../../arm-none-eabi/lib/armv6-m\libg_nano.a(lib_a-nano-reallocr.o)
 .ARM.attributes
                0x00000add       0x2c c:/program files (x86)/cypress/psoc creator/3.3/psoc creator/import/gnu/arm/4.9.3/bin/../lib/gcc/arm-none-eabi/4.9.3/../../../../arm-none-eabi/lib/armv6-m\libg_nano.a(lib_a-sbrkr.o)
 .ARM.attributes
                0x00000b09       0x2c c:/program files (x86)/cypress/psoc creator/3.3/psoc creator/import/gnu/arm/4.9.3/bin/../lib/gcc/arm-none-eabi/4.9.3/../../../../arm-none-eabi/lib/armv6-m\libg_nano.a(lib_a-nano-msizer.o)
 .ARM.attributes