Archive member included because of file (symbol)

.\CortexM0\ARM_GCC_493\Debug\start01.a(cyfitter_cfg.o)
                              .\CortexM0\ARM_GCC_493\Debug\Cm0Start.o (cyfitter_cfg)
.\CortexM0\ARM_GCC_493\Debug\start01.a(CyLib.o)
                              .\CortexM0\ARM_GCC_493\Debug\Cm0Start.o (CyHalt)
.\CortexM0\ARM_GCC_493\Debug\start01.a(CyLFClk.o)
                              .\CortexM0\ARM_GCC_493\Debug\RTC_WDT.o (CySysWdtClearInterrupt)
.\CortexM0\ARM_GCC_493\Debug\start01.a(Int_Timer_Led.o)
                              .\CortexM0\ARM_GCC_493\Debug\LED.o (Int_Timer_Led_StartEx)
.\CortexM0\ARM_GCC_493\Debug\start01.a(LED_PIN.o)
                              .\CortexM0\ARM_GCC_493\Debug\LED.o (LED_PIN_Write)
.\CortexM0\ARM_GCC_493\Debug\start01.a(Timer_LED.o)
                              .\CortexM0\ARM_GCC_493\Debug\LED.o (Timer_LED_Stop)
.\CortexM0\ARM_GCC_493\Debug\start01.a(LCD.o)
                              .\CortexM0\ARM_GCC_493\Debug\display.o (LCD_PrintString)
.\CortexM0\ARM_GCC_493\Debug\start01.a(RTC.o)
                              .\CortexM0\ARM_GCC_493\Debug\RTC_WDT.o (RTC_Update)
.\CortexM0\ARM_GCC_493\Debug\start01.a(GatePin.o)
                              .\CortexM0\ARM_GCC_493\Debug\gate.o (GatePin_Read)
.\CortexM0\ARM_GCC_493\Debug\start01.a(UART_XB.o)
                              .\CortexM0\ARM_GCC_493\Debug\network.o (UART_XB_Start)
.\CortexM0\ARM_GCC_493\Debug\start01.a(UART_XB_UART.o)
                              .\CortexM0\ARM_GCC_493\Debug\start01.a(UART_XB.o) (UART_XB_UartInit)
.\CortexM0\ARM_GCC_493\Debug\start01.a(Timer_Wait.o)
                              .\CortexM0\ARM_GCC_493\Debug\wait_timer.o (Timer_Wait_Stop)
.\CortexM0\ARM_GCC_493\Debug\start01.a(int_wait.o)
                              .\CortexM0\ARM_GCC_493\Debug\wait_timer.o (int_wait_StartEx)
.\CortexM0\ARM_GCC_493\Debug\start01.a(WDT0_ISR.o)
                              .\CortexM0\ARM_GCC_493\Debug\RTC_WDT.o (WDT0_ISR_StartEx)
.\CortexM0\ARM_GCC_493\Debug\start01.a(UART_PC.o)
                              .\CortexM0\ARM_GCC_493\Debug\network.o (UART_PC_Start)
.\CortexM0\ARM_GCC_493\Debug\start01.a(UART_PC_SPI_UART.o)
                              .\CortexM0\ARM_GCC_493\Debug\network.o (UART_PC_SpiUartWriteTxData)
.\CortexM0\ARM_GCC_493\Debug\start01.a(UART_PC_UART.o)
                              .\CortexM0\ARM_GCC_493\Debug\start01.a(UART_PC.o) (UART_PC_UartInit)
.\CortexM0\ARM_GCC_493\Debug\start01.a(CyBootAsmGnu.o)
                              .\CortexM0\ARM_GCC_493\Debug\start01.a(CyLib.o) (CyDelayCycles)
.\CortexM0\ARM_GCC_493\Debug\start01.a(UART_XB_SPI_UART.o)
                              .\CortexM0\ARM_GCC_493\Debug\start01.a(UART_XB_UART.o) (UART_XB_SpiUartReadRxData)
.\CortexM0\ARM_GCC_493\Debug\start01.a(UART_XB_SPI_UART_INT.o)
                              .\CortexM0\ARM_GCC_493\Debug\start01.a(UART_XB_UART.o) (UART_XB_SPI_UART_ISR)
.\CortexM0\ARM_GCC_493\Debug\start01.a(UART_PC_SPI_UART_INT.o)
                              .\CortexM0\ARM_GCC_493\Debug\start01.a(UART_PC_UART.o) (UART_PC_SPI_UART_ISR)
c:/program files (x86)/cypress/psoc creator/3.3/psoc creator/import/gnu/arm/4.9.3/bin/../lib/gcc/arm-none-eabi/4.9.3/armv6-m\libgcc.a(_udivsi3.o)
                              .\CortexM0\ARM_GCC_493\Debug\LED.o (__aeabi_uidiv)
c:/program files (x86)/cypress/psoc creator/3.3/psoc creator/import/gnu/arm/4.9.3/bin/../lib/gcc/arm-none-eabi/4.9.3/armv6-m\libgcc.a(_dvmd_tls.o)
                              c:/program files (x86)/cypress/psoc creator/3.3/psoc creator/import/gnu/arm/4.9.3/bin/../lib/gcc/arm-none-eabi/4.9.3/armv6-m\libgcc.a(_udivsi3.o) (__aeabi_idiv0)
c:/program files (x86)/cypress/psoc creator/3.3/psoc creator/import/gnu/arm/4.9.3/bin/../lib/gcc/arm-none-eabi/4.9.3/armv6-m\libgcc.a(_aeabi_uldivmod.o)
                              .\CortexM0\ARM_GCC_493\Debug\RTC_WDT.o (__aeabi_uldivmod)
c:/program files (x86)/cypress/psoc creator/3.3/psoc creator/import/gnu/arm/4.9.3/bin/../lib/gcc/arm-none-eabi/4.9.3/armv6-m\libgcc.a(bpabi.o)
                              c:/program files (x86)/cypress/psoc creator/3.3/psoc creator/import/gnu/arm/4.9.3/bin/../lib/gcc/arm-none-eabi/4.9.3/armv6-m\libgcc.a(_aeabi_uldivmod.o) (__gnu_uldivmod_helper)
c:/program files (x86)/cypress/psoc creator/3.3/psoc creator/import/gnu/arm/4.9.3/bin/../lib/gcc/arm-none-eabi/4.9.3/armv6-m\libgcc.a(_muldi3.o)
                              c:/program files (x86)/cypress/psoc creator/3.3/psoc creator/import/gnu/arm/4.9.3/bin/../lib/gcc/arm-none-eabi/4.9.3/armv6-m\libgcc.a(bpabi.o) (__aeabi_lmul)
c:/program files (x86)/cypress/psoc creator/3.3/psoc creator/import/gnu/arm/4.9.3/bin/../lib/gcc/arm-none-eabi/4.9.3/armv6-m\libgcc.a(_divdi3.o)
                              c:/program files (x86)/cypress/psoc creator/3.3/psoc creator/import/gnu/arm/4.9.3/bin/../lib/gcc/arm-none-eabi/4.9.3/armv6-m\libgcc.a(bpabi.o) (__divdi3)
[...]
Memory Configuration

Name             Origin             Length             Attributes
rom              0x00000000         0x00008000         xr
ram              0x20000000         0x00001000         xrw
*default*        0x00000000         0xffffffff

Linker script and memory map

LOAD c:/program files (x86)/cypress/psoc creator/3.3/psoc creator/import/gnu/arm/4.9.3/bin/../lib/gcc/arm-none-eabi/4.9.3/armv6-m/crti.o
LOAD c:/program files (x86)/cypress/psoc creator/3.3/psoc creator/import/gnu/arm/4.9.3/bin/../lib/gcc/arm-none-eabi/4.9.3/armv6-m/crtbegin.o
LOAD c:/program files (x86)/cypress/psoc creator/3.3/psoc creator/import/gnu/arm/4.9.3/bin/../lib/gcc/arm-none-eabi/4.9.3/../../../../arm-none-eabi/lib/armv6-m/crt0.o
START GROUP
LOAD .\CortexM0\ARM_GCC_493\Debug\main.o
LOAD .\CortexM0\ARM_GCC_493\Debug\LED.o
LOAD .\CortexM0\ARM_GCC_493\Debug\display.o
LOAD .\CortexM0\ARM_GCC_493\Debug\RTC_WDT.o
LOAD .\CortexM0\ARM_GCC_493\Debug\gate.o
LOAD .\CortexM0\ARM_GCC_493\Debug\network.o
LOAD .\CortexM0\ARM_GCC_493\Debug\database.o
LOAD .\CortexM0\ARM_GCC_493\Debug\wait_timer.o
LOAD .\CortexM0\ARM_GCC_493\Debug\crc16.o
LOAD .\CortexM0\ARM_GCC_493\Debug\crc32.o
LOAD .\CortexM0\ARM_GCC_493\Debug\svt.o
LOAD .\CortexM0\ARM_GCC_493\Debug\cymetadata.o
LOAD .\CortexM0\ARM_GCC_493\Debug\Cm0Start.o
LOAD .\CortexM0\ARM_GCC_493\Debug\start01.a
LOAD C:\Program Files (x86)\Cypress\PSoC Creator\3.3\PSoC Creator\psoc\content\cycomponentlibrary\CyComponentLibrary.cylib\CortexM0\ARM_GCC_493\Debug\CyComponentLibrary.a
END GROUP
START GROUP
LOAD c:/program files (x86)/cypress/psoc creator/3.3/psoc creator/import/gnu/arm/4.9.3/bin/../lib/gcc/arm-none-eabi/4.9.3/armv6-m\libgcc.a
LOAD c:/program files (x86)/cypress/psoc creator/3.3/psoc creator/import/gnu/arm/4.9.3/bin/../lib/gcc/arm-none-eabi/4.9.3/../../../../arm-none-eabi/lib/armv6-m\libg_nano.a
LOAD c:/program files (x86)/cypress/psoc creator/3.3/psoc creator/import/gnu/arm/4.9.3/bin/../lib/gcc/arm-none-eabi/4.9.3/../../../../arm-none-eabi/lib/armv6-m\libc_nano.a
END GROUP
START GROUP
LOAD c:/program files (x86)/cypress/psoc creator/3.3/psoc creator/import/gnu/arm/4.9.3/bin/../lib/gcc/arm-none-eabi/4.9.3/armv6-m\libgcc.a
LOAD c:/program files (x86)/cypress/psoc creator/3.3/psoc creator/import/gnu/arm/4.9.3/bin/../lib/gcc/arm-none-eabi/4.9.3/../../../../arm-none-eabi/lib/armv6-m\libc_nano.a
END GROUP
LOAD c:/program files (x86)/cypress/psoc creator/3.3/psoc creator/import/gnu/arm/4.9.3/bin/../lib/gcc/arm-none-eabi/4.9.3/armv6-m/crtend.o
LOAD c:/program files (x86)/cypress/psoc creator/3.3/psoc creator/import/gnu/arm/4.9.3/bin/../lib/gcc/arm-none-eabi/4.9.3/armv6-m/crtn.o
START GROUP
LOAD c:/program files (x86)/cypress/psoc creator/3.3/psoc creator/import/gnu/arm/4.9.3/bin/../lib/gcc/arm-none-eabi/4.9.3/armv6-m\libgcc.a
LOAD c:/program files (x86)/cypress/psoc creator/3.3/psoc creator/import/gnu/arm/4.9.3/bin/../lib/gcc/arm-none-eabi/4.9.3/../../../../arm-none-eabi/lib/armv6-m\libc.a
LOAD c:/program files (x86)/cypress/psoc creator/3.3/psoc creator/import/gnu/arm/4.9.3/bin/../lib/gcc/arm-none-eabi/4.9.3/../../../../arm-none-eabi/lib/armv6-m\libnosys.a
END GROUP
                0x00000000                CY_APPL_ORIGIN = 0x0
                0x00000080                CY_FLASH_ROW_SIZE = 0x80
                0x00000001                CY_APPL_NUM = 0x1
                0x00000001                CY_APPL_MAX = 0x1
                0x00000040                CY_METADATA_SIZE = 0x40
                0x00000000                CY_APPL_LOADABLE = 0x0
                0x00000000                CY_CHECKSUM_EXCLUDE_SIZE = ALIGN (0x0, CY_FLASH_ROW_SIZE)
                0x00000000                CY_APP_FOR_STACK_AND_COPIER = 0x0
                0x200006e0                PROVIDE (__cy_heap_start, _end)
                0x00000001                PROVIDE (__cy_region_num, ((__cy_regions_end - __cy_regions) / 0x10))
                0x20001000                PROVIDE (__cy_stack, (ORIGIN (ram) + 0x1000))
                0x20000c00                PROVIDE (__cy_heap_end, (__cy_stack - 0x400))

.cybootloader   0x00000000        0x0
 *(.cybootloader)
                0x00000000                appl1_start = CY_APPL_ORIGIN?CY_APPL_ORIGIN:ALIGN (CY_FLASH_ROW_SIZE)
                0x00003f80                appl2_start = (appl1_start + ALIGN ((((0x8000 - appl1_start) - (0x2 * CY_FLASH_ROW_SIZE)) / 0x2), CY_FLASH_ROW_SIZE))
                0x00000000                appl_start = (CY_APPL_NUM == 0x1)?appl1_start:appl2_start
                0x00000001                cy_project_type_bootloader = (appl_start == 0x0)?0x1:0x0
                0x00000000                cy_project_type_app_for_stack_and_copier = (CY_APP_FOR_STACK_AND_COPIER == 0x1)?0x1:0x0

.text           0x00000000     0x2e32
 CREATE_OBJECT_SYMBOLS
                0x00000000                PROVIDE (__cy_interrupt_vector, RomVectors)
 *(.romvectors)
 .romvectors    0x00000000       0x10 .\CortexM0\ARM_GCC_493\Debug\Cm0Start.o
                0x00000000                RomVectors
                0x00000001                ASSERT ((. != __cy_interrupt_vector), No interrupt vector)
                0x00000001                ASSERT (CY_APPL_ORIGIN?(SIZEOF (.cybootloader) <= CY_APPL_ORIGIN):0x1, Wrong image location)
                0x00000010                PROVIDE (__cy_reset, Reset)
 *(.text.Reset)
 .text.Reset    0x00000010        0x8 .\CortexM0\ARM_GCC_493\Debug\Cm0Start.o
                0x00000010                Reset
                0x00000001                ASSERT ((. != __cy_reset), No reset code)
 *(.psocinit)
 .psocinit      0x00000018      0x1b8 .\CortexM0\ARM_GCC_493\Debug\start01.a(cyfitter_cfg.o)
                0x000000dc                cyfitter_cfg
                0x000001d0                . = MAX (., 0x100)
 *(.text .text.* .gnu.linkonce.t.*)
 .text          0x000001d0       0x60 c:/program files (x86)/cypress/psoc creator/3.3/psoc creator/import/gnu/arm/4.9.3/bin/../lib/gcc/arm-none-eabi/4.9.3/armv6-m/crtbegin.o
 .text.SystemInit
                0x00000230       0x1c .\CortexM0\ARM_GCC_493\Debug\main.o
                0x00000230                SystemInit
 .text.SystemReadyToStart
                0x0000024c       0x14 .\CortexM0\ARM_GCC_493\Debug\main.o
                0x0000024c                SystemReadyToStart
 .text.SkierStart
                0x00000260       0x84 .\CortexM0\ARM_GCC_493\Debug\main.o
                0x00000260                SkierStart
 .text.ErrorStarted
                0x000002e4       0x14 .\CortexM0\ARM_GCC_493\Debug\main.o
                0x000002e4                ErrorStarted
 .text.main     0x000002f8       0x1c .\CortexM0\ARM_GCC_493\Debug\main.o
                0x000002f8                main
 .text.LedHandler
                0x00000314       0x18 .\CortexM0\ARM_GCC_493\Debug\LED.o
                0x00000314                LedHandler
 .text.LedInit  0x0000032c       0x24 .\CortexM0\ARM_GCC_493\Debug\LED.o
                0x0000032c                LedInit
 .text.LedBlink
                0x00000350       0x1c .\CortexM0\ARM_GCC_493\Debug\LED.o
                0x00000350                LedBlink
 .text.SetLedState
                0x0000036c       0x10 .\CortexM0\ARM_GCC_493\Debug\LED.o
                0x0000036c                SetLedState
 .text.DisplayConfig
                0x0000037c        0x8 .\CortexM0\ARM_GCC_493\Debug\display.o
                0x0000037c                DisplayConfig
 .text.DisplayPrintf
                0x00000384       0x20 .\CortexM0\ARM_GCC_493\Debug\display.o
                0x00000384                DisplayPrintf
 .text.DisplayPrintTime
                0x000003a4       0x54 .\CortexM0\ARM_GCC_493\Debug\display.o
                0x000003a4                DisplayPrintTime
 .text.Wdt0_Handler
                0x000003f8       0x30 .\CortexM0\ARM_GCC_493\Debug\RTC_WDT.o
                0x000003f8                Wdt0_Handler
 .text.RTC_WDT_Init
                0x00000428       0x14 .\CortexM0\ARM_GCC_493\Debug\RTC_WDT.o
                0x00000428                RTC_WDT_Init
 .text.RTCgetHours
                0x0000043c       0x24 .\CortexM0\ARM_GCC_493\Debug\RTC_WDT.o
                0x0000043c                RTCgetHours
 .text.RTCgetMinutes
                0x00000460       0x24 .\CortexM0\ARM_GCC_493\Debug\RTC_WDT.o
                0x00000460                RTCgetMinutes
 .text.RTCgetSecond
                0x00000484       0x14 .\CortexM0\ARM_GCC_493\Debug\RTC_WDT.o
                0x00000484                RTCgetSecond
 .text.RTCgetMiliecond
                0x00000498       0x1c .\CortexM0\ARM_GCC_493\Debug\RTC_WDT.o
                0x00000498                RTCgetMiliecond
 .text.RTCgetRecentMs
                0x000004b4        0xc .\CortexM0\ARM_GCC_493\Debug\RTC_WDT.o
                0x000004b4                RTCgetRecentMs
 .text.RTCgetTime
                0x000004c0      0x174 .\CortexM0\ARM_GCC_493\Debug\RTC_WDT.o
                0x000004c0                RTCgetTime
 .text.GateOpen
                0x00000634       0x14 .\CortexM0\ARM_GCC_493\Debug\gate.o
                0x00000634                GateOpen
 .text.NetworkInit
                0x00000648       0x18 .\CortexM0\ARM_GCC_493\Debug\network.o
                0x00000648                NetworkInit
 .text.PackData
                0x00000660       0xc8 .\CortexM0\ARM_GCC_493\Debug\network.o
                0x00000660                PackData
 .text.UART_Read
                0x00000728       0x90 .\CortexM0\ARM_GCC_493\Debug\network.o
                0x00000728                UART_Read
 .text.DatabaseWrite
                0x000007b8        0x4 .\CortexM0\ARM_GCC_493\Debug\database.o
                0x000007b8                DatabaseWrite
 .text.WaitHandler
                0x000007bc       0x1c .\CortexM0\ARM_GCC_493\Debug\wait_timer.o
                0x000007bc                WaitHandler
 .text.InitWaitingTimer
                0x000007d8       0x1c .\CortexM0\ARM_GCC_493\Debug\wait_timer.o
                0x000007d8                InitWaitingTimer
 .text.WaitingTimeOut
                0x000007f4       0x1c .\CortexM0\ARM_GCC_493\Debug\wait_timer.o
                0x000007f4                WaitingTimeOut
 .text.crc32_init_tab
                0x00000810       0x40 .\CortexM0\ARM_GCC_493\Debug\crc32.o
 .text.crc32_update
                0x00000850       0x2c .\CortexM0\ARM_GCC_493\Debug\crc32.o
                0x00000850                crc32_update
 .text.crc32_calc_block
                0x0000087c       0x1c .\CortexM0\ARM_GCC_493\Debug\crc32.o
                0x0000087c                crc32_calc_block
 .text.DecodeByte
                0x00000898       0x20 .\CortexM0\ARM_GCC_493\Debug\svt.o
                0x00000898                DecodeByte
 .text.CheckSymb
                0x000008b8        0xc .\CortexM0\ARM_GCC_493\Debug\svt.o
                0x000008b8                CheckSymb
 .text.ResetPacket
                0x000008c4       0x1c .\CortexM0\ARM_GCC_493\Debug\svt.o
                0x000008c4                ResetPacket
 .text.UnpackData
                0x000008e0      0x228 .\CortexM0\ARM_GCC_493\Debug\svt.o
                0x000008e0                UnpackData
 .text.ProcPacket
                0x00000b08       0x80 .\CortexM0\ARM_GCC_493\Debug\svt.o
                0x00000b08                ProcPacket
 .text.IntDefaultHandler
                0x00000b88        0x4 .\CortexM0\ARM_GCC_493\Debug\Cm0Start.o
                0x00000b88                IntDefaultHandler
 .text._sbrk    0x00000b8c       0x30 .\CortexM0\ARM_GCC_493\Debug\Cm0Start.o
                0x00000b8c                _sbrk
 .text.Start_c  0x00000bbc       0x48 .\CortexM0\ARM_GCC_493\Debug\Cm0Start.o
                0x00000bbc                Start_c
 .text.initialize_psoc
                0x00000c04       0x48 .\CortexM0\ARM_GCC_493\Debug\Cm0Start.o
                0x00000c04                initialize_psoc
 .text.CYMEMZERO
                0x00000c4c        0xc .\CortexM0\ARM_GCC_493\Debug\start01.a(cyfitter_cfg.o)
 .text.CyIntEnable
                0x00000c58       0x14 .\CortexM0\ARM_GCC_493\Debug\start01.a(CyLib.o)
                0x00000c58                CyIntEnable
 .text.CyIntDisable
                0x00000c6c       0x14 .\CortexM0\ARM_GCC_493\Debug\start01.a(CyLib.o)
                0x00000c6c                CyIntDisable
 .text.CyHalt   0x00000c80        0x4 .\CortexM0\ARM_GCC_493\Debug\start01.a(CyLib.o)
                0x00000c80                CyHalt
 .text.CyIntSetVector
                0x00000c84       0x24 .\CortexM0\ARM_GCC_493\Debug\start01.a(CyLib.o)
                0x00000c84                CyIntSetVector
 .text.CyIntSetPriority
                0x00000ca8       0x4c .\CortexM0\ARM_GCC_493\Debug\start01.a(CyLib.o)
                0x00000ca8                CyIntSetPriority
 .text.CyDelay  0x00000cf4       0x30 .\CortexM0\ARM_GCC_493\Debug\start01.a(CyLib.o)
                0x00000cf4                CyDelay
 .text.CyDelayUs
                0x00000d24       0x14 .\CortexM0\ARM_GCC_493\Debug\start01.a(CyLib.o)
                0x00000d24                CyDelayUs
 .text.CySysClkWriteImoFreq
                0x00000d38      0x164 .\CortexM0\ARM_GCC_493\Debug\start01.a(CyLib.o)
                0x00000d38                CySysClkWriteImoFreq
 .text.CySysWdtLocked
                0x00000e9c       0x14 .\CortexM0\ARM_GCC_493\Debug\start01.a(CyLFClk.o)
 .text.CySysWdtLock
                0x00000eb0       0x1c .\CortexM0\ARM_GCC_493\Debug\start01.a(CyLFClk.o)
                0x00000eb0                CySysWdtLock
 .text.CySysWdtUnlock
                0x00000ecc       0x30 .\CortexM0\ARM_GCC_493\Debug\start01.a(CyLFClk.o)
                0x00000ecc                CySysWdtUnlock
 .text.CySysWdtClearInterrupt
                0x00000efc       0x4c .\CortexM0\ARM_GCC_493\Debug\start01.a(CyLFClk.o)
                0x00000efc                CySysWdtClearInterrupt
 .text.Int_Timer_Led_SetVector
                0x00000f48        0xc .\CortexM0\ARM_GCC_493\Debug\start01.a(Int_Timer_Led.o)
                0x00000f48                Int_Timer_Led_SetVector
 .text.Int_Timer_Led_SetPriority
                0x00000f54       0x20 .\CortexM0\ARM_GCC_493\Debug\start01.a(Int_Timer_Led.o)
                0x00000f54                Int_Timer_Led_SetPriority
 .text.Int_Timer_Led_Enable
                0x00000f74       0x10 .\CortexM0\ARM_GCC_493\Debug\start01.a(Int_Timer_Led.o)
                0x00000f74                Int_Timer_Led_Enable
 .text.Int_Timer_Led_Disable
                0x00000f84       0x10 .\CortexM0\ARM_GCC_493\Debug\start01.a(Int_Timer_Led.o)
                0x00000f84                Int_Timer_Led_Disable
 .text.Int_Timer_Led_StartEx
                0x00000f94       0x1c .\CortexM0\ARM_GCC_493\Debug\start01.a(Int_Timer_Led.o)
                0x00000f94                Int_Timer_Led_StartEx
 .text.LED_PIN_Write
                0x00000fb0       0x18 .\CortexM0\ARM_GCC_493\Debug\start01.a(LED_PIN.o)
                0x00000fb0                LED_PIN_Write
 .text.LED_PIN_Read
                0x00000fc8       0x10 .\CortexM0\ARM_GCC_493\Debug\start01.a(LED_PIN.o)
                0x00000fc8                LED_PIN_Read
 .text.Timer_LED_Stop
                0x00000fd8       0x1c .\CortexM0\ARM_GCC_493\Debug\start01.a(Timer_LED.o)
                0x00000fd8                Timer_LED_Stop
 .text.Timer_LED_WriteCounter
                0x00000ff4       0x10 .\CortexM0\ARM_GCC_493\Debug\start01.a(Timer_LED.o)
                0x00000ff4                Timer_LED_WriteCounter
 .text.Timer_LED_WritePeriod
                0x00001004       0x10 .\CortexM0\ARM_GCC_493\Debug\start01.a(Timer_LED.o)
                0x00001004                Timer_LED_WritePeriod
 .text.Timer_LED_ReadPeriod
                0x00001014       0x10 .\CortexM0\ARM_GCC_493\Debug\start01.a(Timer_LED.o)
                0x00001014                Timer_LED_ReadPeriod
 .text.Timer_LED_WriteCompare
                0x00001024       0x10 .\CortexM0\ARM_GCC_493\Debug\start01.a(Timer_LED.o)
                0x00001024                Timer_LED_WriteCompare
 .text.Timer_LED_TriggerCommand
                0x00001034       0x1c .\CortexM0\ARM_GCC_493\Debug\start01.a(Timer_LED.o)
                0x00001034                Timer_LED_TriggerCommand
 .text.Timer_LED_Enable
                0x00001050       0x24 .\CortexM0\ARM_GCC_493\Debug\start01.a(Timer_LED.o)
                0x00001050                Timer_LED_Enable
 .text.Timer_LED_SetInterruptMode
                0x00001074        0xc .\CortexM0\ARM_GCC_493\Debug\start01.a(Timer_LED.o)
                0x00001074                Timer_LED_SetInterruptMode
 .text.Timer_LED_Init
                0x00001080       0x38 .\CortexM0\ARM_GCC_493\Debug\start01.a(Timer_LED.o)
                0x00001080                Timer_LED_Init
 .text.Timer_LED_ClearInterrupt
                0x000010b8        0xc .\CortexM0\ARM_GCC_493\Debug\start01.a(Timer_LED.o)
                0x000010b8                Timer_LED_ClearInterrupt
 .text.LCD_WrCntrlNib
                0x000010c4       0x34 .\CortexM0\ARM_GCC_493\Debug\start01.a(LCD.o)
 .text.LCD_WrDatNib
                0x000010f8       0x44 .\CortexM0\ARM_GCC_493\Debug\start01.a(LCD.o)
 .text.LCD_IsReady
                0x0000113c       0xb4 .\CortexM0\ARM_GCC_493\Debug\start01.a(LCD.o)
                0x0000113c                LCD_IsReady
 .text.LCD_WriteData
                0x000011f0       0x18 .\CortexM0\ARM_GCC_493\Debug\start01.a(LCD.o)
                0x000011f0                LCD_WriteData
 .text.LCD_PrintString
                0x00001208       0x1c .\CortexM0\ARM_GCC_493\Debug\start01.a(LCD.o)
                0x00001208                LCD_PrintString
 .text.LCD_WriteControl
                0x00001224       0x18 .\CortexM0\ARM_GCC_493\Debug\start01.a(LCD.o)
                0x00001224                LCD_WriteControl
 .text.LCD_Init
                0x0000123c       0x6c .\CortexM0\ARM_GCC_493\Debug\start01.a(LCD.o)
                0x0000123c                LCD_Init
 .text.LCD_Enable
                0x000012a8       0x14 .\CortexM0\ARM_GCC_493\Debug\start01.a(LCD.o)
                0x000012a8                LCD_Enable
 .text.LCD_Start
                0x000012bc       0x20 .\CortexM0\ARM_GCC_493\Debug\start01.a(LCD.o)
                0x000012bc                LCD_Start
 .text.LCD_Position
                0x000012dc       0x3c .\CortexM0\ARM_GCC_493\Debug\start01.a(LCD.o)
                0x000012dc                LCD_Position
 .text.RTC_Update
                0x00001318       0x38 .\CortexM0\ARM_GCC_493\Debug\start01.a(RTC.o)
                0x00001318                RTC_Update
 .text.RTC_DateTimeToUnix
                0x00001350      0x1b0 .\CortexM0\ARM_GCC_493\Debug\start01.a(RTC.o)
                0x00001350                RTC_DateTimeToUnix
 .text.RTC_SetDateAndTime
                0x00001500       0xbc .\CortexM0\ARM_GCC_493\Debug\start01.a(RTC.o)
                0x00001500                RTC_SetDateAndTime
 .text.RTC_Init
                0x000015bc       0x40 .\CortexM0\ARM_GCC_493\Debug\start01.a(RTC.o)
                0x000015bc                RTC_Init
 .text.RTC_Start
                0x000015fc       0x14 .\CortexM0\ARM_GCC_493\Debug\start01.a(RTC.o)
                0x000015fc                RTC_Start
 .text.RTC_DaysInMonth
                0x00001610       0x44 .\CortexM0\ARM_GCC_493\Debug\start01.a(RTC.o)
                0x00001610                RTC_DaysInMonth
 .text.RTC_UnixToDateTime
                0x00001654      0x294 .\CortexM0\ARM_GCC_493\Debug\start01.a(RTC.o)
                0x00001654                RTC_UnixToDateTime
 .text.RTC_GetTime
                0x000018e8       0x34 .\CortexM0\ARM_GCC_493\Debug\start01.a(RTC.o)
                0x000018e8                RTC_GetTime
 .text.GatePin_Read
                0x0000191c       0x10 .\CortexM0\ARM_GCC_493\Debug\start01.a(GatePin.o)
                0x0000191c                GatePin_Read
 .text.UART_XB_ScbEnableIntr
                0x0000192c        0xc .\CortexM0\ARM_GCC_493\Debug\start01.a(UART_XB.o)
 .text.UART_XB_ScbModePostEnable
                0x00001938        0x8 .\CortexM0\ARM_GCC_493\Debug\start01.a(UART_XB.o)
 .text.UART_XB_Init
                0x00001940        0x8 .\CortexM0\ARM_GCC_493\Debug\start01.a(UART_XB.o)
                0x00001940                UART_XB_Init
 .text.UART_XB_Enable
                0x00001948       0x1c .\CortexM0\ARM_GCC_493\Debug\start01.a(UART_XB.o)
                0x00001948                UART_XB_Enable
 .text.UART_XB_Start
                0x00001964       0x20 .\CortexM0\ARM_GCC_493\Debug\start01.a(UART_XB.o)
                0x00001964                UART_XB_Start
 .text.UART_XB_SetCustomInterruptHandler
                0x00001984        0xc .\CortexM0\ARM_GCC_493\Debug\start01.a(UART_XB.o)
                0x00001984                UART_XB_SetCustomInterruptHandler
 .text.UART_XB_UartInit
                0x00001990       0xb4 .\CortexM0\ARM_GCC_493\Debug\start01.a(UART_XB_UART.o)
                0x00001990                UART_XB_UartInit
 .text.UART_XB_UartPostEnable
                0x00001a44       0x2c .\CortexM0\ARM_GCC_493\Debug\start01.a(UART_XB_UART.o)
                0x00001a44                UART_XB_UartPostEnable
 .text.UART_XB_UartGetChar
                0x00001a70       0x2c .\CortexM0\ARM_GCC_493\Debug\start01.a(UART_XB_UART.o)
                0x00001a70                UART_XB_UartGetChar
 .text.UART_XB_UartPutString
                0x00001a9c       0x18 .\CortexM0\ARM_GCC_493\Debug\start01.a(UART_XB_UART.o)
                0x00001a9c                UART_XB_UartPutString
 .text.Timer_Wait_Stop
                0x00001ab4       0x1c .\CortexM0\ARM_GCC_493\Debug\start01.a(Timer_Wait.o)
                0x00001ab4                Timer_Wait_Stop
 .text.Timer_Wait_WriteCounter
                0x00001ad0       0x10 .\CortexM0\ARM_GCC_493\Debug\start01.a(Timer_Wait.o)
                0x00001ad0                Timer_Wait_WriteCounter
 .text.Timer_Wait_WritePeriod
                0x00001ae0       0x10 .\CortexM0\ARM_GCC_493\Debug\start01.a(Timer_Wait.o)
                0x00001ae0                Timer_Wait_WritePeriod
 .text.Timer_Wait_WriteCompare
                0x00001af0       0x10 .\CortexM0\ARM_GCC_493\Debug\start01.a(Timer_Wait.o)
                0x00001af0                Timer_Wait_WriteCompare
 .text.Timer_Wait_TriggerCommand
                0x00001b00       0x1c .\CortexM0\ARM_GCC_493\Debug\start01.a(Timer_Wait.o)
                0x00001b00                Timer_Wait_TriggerCommand
 .text.Timer_Wait_Enable
                0x00001b1c       0x24 .\CortexM0\ARM_GCC_493\Debug\start01.a(Timer_Wait.o)
                0x00001b1c                Timer_Wait_Enable
 .text.Timer_Wait_SetInterruptMode
                0x00001b40        0xc .\CortexM0\ARM_GCC_493\Debug\start01.a(Timer_Wait.o)
                0x00001b40                Timer_Wait_SetInterruptMode
 .text.Timer_Wait_Init
                0x00001b4c       0x38 .\CortexM0\ARM_GCC_493\Debug\start01.a(Timer_Wait.o)
                0x00001b4c                Timer_Wait_Init
 .text.Timer_Wait_Start
                0x00001b84       0x20 .\CortexM0\ARM_GCC_493\Debug\start01.a(Timer_Wait.o)
                0x00001b84                Timer_Wait_Start
 .text.Timer_Wait_ClearInterrupt
                0x00001ba4        0xc .\CortexM0\ARM_GCC_493\Debug\start01.a(Timer_Wait.o)
                0x00001ba4                Timer_Wait_ClearInterrupt
 .text.int_wait_SetVector
                0x00001bb0        0xc .\CortexM0\ARM_GCC_493\Debug\start01.a(int_wait.o)
                0x00001bb0                int_wait_SetVector
 .text.int_wait_SetPriority
                0x00001bbc       0x24 .\CortexM0\ARM_GCC_493\Debug\start01.a(int_wait.o)
                0x00001bbc                int_wait_SetPriority
 .text.int_wait_Enable
                0x00001be0       0x10 .\CortexM0\ARM_GCC_493\Debug\start01.a(int_wait.o)
                0x00001be0                int_wait_Enable
 .text.int_wait_Disable
                0x00001bf0       0x10 .\CortexM0\ARM_GCC_493\Debug\start01.a(int_wait.o)
                0x00001bf0                int_wait_Disable
 .text.int_wait_StartEx
                0x00001c00       0x1c .\CortexM0\ARM_GCC_493\Debug\start01.a(int_wait.o)
                0x00001c00                int_wait_StartEx
 .text.WDT0_ISR_SetVector
                0x00001c1c        0xc .\CortexM0\ARM_GCC_493\Debug\start01.a(WDT0_ISR.o)
                0x00001c1c                WDT0_ISR_SetVector
 .text.WDT0_ISR_SetPriority
                0x00001c28       0x24 .\CortexM0\ARM_GCC_493\Debug\start01.a(WDT0_ISR.o)
                0x00001c28                WDT0_ISR_SetPriority
 .text.WDT0_ISR_Enable
                0x00001c4c       0x10 .\CortexM0\ARM_GCC_493\Debug\start01.a(WDT0_ISR.o)
                0x00001c4c                WDT0_ISR_Enable
 .text.WDT0_ISR_Disable
                0x00001c5c       0x10 .\CortexM0\ARM_GCC_493\Debug\start01.a(WDT0_ISR.o)
                0x00001c5c                WDT0_ISR_Disable
 .text.WDT0_ISR_StartEx
                0x00001c6c       0x1c .\CortexM0\ARM_GCC_493\Debug\start01.a(WDT0_ISR.o)
                0x00001c6c                WDT0_ISR_StartEx
 .text.WDT0_ISR_ClearPending
                0x00001c88       0x10 .\CortexM0\ARM_GCC_493\Debug\start01.a(WDT0_ISR.o)
                0x00001c88                WDT0_ISR_ClearPending
 .text.UART_PC_ScbEnableIntr
                0x00001c98        0xc .\CortexM0\ARM_GCC_493\Debug\start01.a(UART_PC.o)
 .text.UART_PC_ScbModePostEnable
                0x00001ca4        0x8 .\CortexM0\ARM_GCC_493\Debug\start01.a(UART_PC.o)
 .text.UART_PC_Init
                0x00001cac        0x8 .\CortexM0\ARM_GCC_493\Debug\start01.a(UART_PC.o)
                0x00001cac                UART_PC_Init
 .text.UART_PC_Enable
                0x00001cb4       0x1c .\CortexM0\ARM_GCC_493\Debug\start01.a(UART_PC.o)
                0x00001cb4                UART_PC_Enable
 .text.UART_PC_Start
                0x00001cd0       0x20 .\CortexM0\ARM_GCC_493\Debug\start01.a(UART_PC.o)
                0x00001cd0                UART_PC_Start
 .text.UART_PC_SpiUartWriteTxData
                0x00001cf0       0x70 .\CortexM0\ARM_GCC_493\Debug\start01.a(UART_PC_SPI_UART.o)
                0x00001cf0                UART_PC_SpiUartWriteTxData
 .text.UART_PC_UartInit
                0x00001d60       0xdc .\CortexM0\ARM_GCC_493\Debug\start01.a(UART_PC_UART.o)
                0x00001d60                UART_PC_UartInit
 .text.UART_PC_UartPostEnable
                0x00001e3c       0x24 .\CortexM0\ARM_GCC_493\Debug\start01.a(UART_PC_UART.o)
                0x00001e3c                UART_PC_UartPostEnable
 .text.UART_PC_UartPutString
                0x00001e60       0x18 .\CortexM0\ARM_GCC_493\Debug\start01.a(UART_PC_UART.o)
                0x00001e60                UART_PC_UartPutString
 .text          0x00001e78       0x28 .\CortexM0\ARM_GCC_493\Debug\start01.a(CyBootAsmGnu.o)
                0x00001e78                CyDelayCycles
                0x00001e8c                CyEnterCriticalSection
                0x00001e94                CyExitCriticalSection
 .text.UART_XB_SpiUartReadRxData
                0x00001ea0        0xc .\CortexM0\ARM_GCC_493\Debug\start01.a(UART_XB_SPI_UART.o)
                0x00001ea0                UART_XB_SpiUartReadRxData
 .text.UART_XB_SpiUartGetRxBufferSize
                0x00001eac       0x10 .\CortexM0\ARM_GCC_493\Debug\start01.a(UART_XB_SPI_UART.o)
                0x00001eac                UART_XB_SpiUartGetRxBufferSize
 .text.UART_XB_SpiUartWriteTxData
                0x00001ebc       0x1c .\CortexM0\ARM_GCC_493\Debug\start01.a(UART_XB_SPI_UART.o)
                0x00001ebc                UART_XB_SpiUartWriteTxData
 .text.UART_XB_SPI_UART_ISR
                0x00001ed8       0x14 .\CortexM0\ARM_GCC_493\Debug\start01.a(UART_XB_SPI_UART_INT.o)
                0x00001ed8                UART_XB_SPI_UART_ISR
 .text.UART_PC_SPI_UART_ISR
                0x00001eec       0xe4 .\CortexM0\ARM_GCC_493\Debug\start01.a(UART_PC_SPI_UART_INT.o)
                0x00001eec                UART_PC_SPI_UART_ISR
 .text          0x00001fd0      0x120 c:/program files (x86)/cypress/psoc creator/3.3/psoc creator/import/gnu/arm/4.9.3/bin/../lib/gcc/arm-none-eabi/4.9.3/armv6-m\libgcc.a(_udivsi3.o)
                0x00001fd0                __aeabi_uidiv
                0x00001fd0                __udivsi3
                0x000020dc                __aeabi_uidivmod
 .text          0x000020f0        0x4 c:/program files (x86)/cypress/psoc creator/3.3/psoc creator/import/gnu/arm/4.9.3/bin/../lib/gcc/arm-none-eabi/4.9.3/armv6-m\libgcc.a(_dvmd_tls.o)
                0x000020f0                __aeabi_idiv0
                0x000020f0                __aeabi_ldiv0
 .text          0x000020f4       0x40 c:/program files (x86)/cypress/psoc creator/3.3/psoc creator/import/gnu/arm/4.9.3/bin/../lib/gcc/arm-none-eabi/4.9.3/armv6-m\libgcc.a(_aeabi_uldivmod.o)
                0x000020f4                __aeabi_uldivmod
 .text          0x00002134       0x6c c:/program files (x86)/cypress/psoc creator/3.3/psoc creator/import/gnu/arm/4.9.3/bin/../lib/gcc/arm-none-eabi/4.9.3/armv6-m\libgcc.a(bpabi.o)
                0x00002134                __gnu_ldivmod_helper
                0x0000216c                __gnu_uldivmod_helper
 .text          0x000021a0       0x54 c:/program files (x86)/cypress/psoc creator/3.3/psoc creator/import/gnu/arm/4.9.3/bin/../lib/gcc/arm-none-eabi/4.9.3/armv6-m\libgcc.a(_muldi3.o)
                0x000021a0                __muldi3
                0x000021a0                __aeabi_lmul
 .text          0x000021f4      0x1f0 c:/program files (x86)/cypress/psoc creator/3.3/psoc creator/import/gnu/arm/4.9.3/bin/../lib/gcc/arm-none-eabi/4.9.3/armv6-m\libgcc.a(_divdi3.o)
                0x000021f4                __divdi3
 .text          0x000023e4      0x158 c:/program files (x86)/cypress/psoc creator/3.3/psoc creator/import/gnu/arm/4.9.3/bin/../lib/gcc/arm-none-eabi/4.9.3/armv6-m\libgcc.a(_udivdi3.o)
                0x000023e4                __udivdi3
 .text          0x0000253c       0x18 c:/program files (x86)/cypress/psoc creator/3.3/psoc creator/import/gnu/arm/4.9.3/bin/../lib/gcc/arm-none-eabi/4.9.3/armv6-m\libgcc.a(_clzdi2.o)
                0x0000253c                __clzdi2
 .text          0x00002554       0x3c c:/program files (x86)/cypress/psoc creator/3.3/psoc creator/import/gnu/arm/4.9.3/bin/../lib/gcc/arm-none-eabi/4.9.3/armv6-m\libgcc.a(_clzsi2.o)
                0x00002554                __clzsi2
 .text.__errno  0x00002590        0xc c:/program files (x86)/cypress/psoc creator/3.3/psoc creator/import/gnu/arm/4.9.3/bin/../lib/gcc/arm-none-eabi/4.9.3/../../../../arm-none-eabi/lib/armv6-m\libg_nano.a(lib_a-errno.o)
                0x00002590                __errno
 .text.__libc_init_array
                0x0000259c       0x4c c:/program files (x86)/cypress/psoc creator/3.3/psoc creator/import/gnu/arm/4.9.3/bin/../lib/gcc/arm-none-eabi/4.9.3/../../../../arm-none-eabi/lib/armv6-m\libg_nano.a(lib_a-init.o)
                0x0000259c                __libc_init_array
 .text.memcpy   0x000025e8       0x12 c:/program files (x86)/cypress/psoc creator/3.3/psoc creator/import/gnu/arm/4.9.3/bin/../lib/gcc/arm-none-eabi/4.9.3/../../../../arm-none-eabi/lib/armv6-m\libg_nano.a(lib_a-memcpy.o)
                0x000025e8                memcpy
 .text.memset   0x000025fa       0x10 c:/program files (x86)/cypress/psoc creator/3.3/psoc creator/import/gnu/arm/4.9.3/bin/../lib/gcc/arm-none-eabi/4.9.3/../../../../arm-none-eabi/lib/armv6-m\libg_nano.a(lib_a-memset.o)
                0x000025fa                memset
 *fill*         0x0000260a        0x2 
 .text.sprintf  0x0000260c       0x44 c:/program files (x86)/cypress/psoc creator/3.3/psoc creator/import/gnu/arm/4.9.3/bin/../lib/gcc/arm-none-eabi/4.9.3/../../../../arm-none-eabi/lib/armv6-m\libg_nano.a(lib_a-sprintf.o)
                0x0000260c                siprintf
                0x0000260c                sprintf
 .text.strcat   0x00002650       0x1a c:/program files (x86)/cypress/psoc creator/3.3/psoc creator/import/gnu/arm/4.9.3/bin/../lib/gcc/arm-none-eabi/4.9.3/../../../../arm-none-eabi/lib/armv6-m\libg_nano.a(lib_a-strcat.o)
                0x00002650                strcat
 .text.strlen   0x0000266a        0xe c:/program files (x86)/cypress/psoc creator/3.3/psoc creator/import/gnu/arm/4.9.3/bin/../lib/gcc/arm-none-eabi/4.9.3/../../../../arm-none-eabi/lib/armv6-m\libg_nano.a(lib_a-strlen.o)
                0x0000266a                strlen
 .text.__ssputs_r
                0x00002678       0xc0 c:/program files (x86)/cypress/psoc creator/3.3/psoc creator/import/gnu/arm/4.9.3/bin/../lib/gcc/arm-none-eabi/4.9.3/../../../../arm-none-eabi/lib/armv6-m\libg_nano.a(lib_a-nano-svfprintf.o)
                0x00002678                __ssputs_r
 .text._svfprintf_r
                0x00002738      0x1ec c:/program files (x86)/cypress/psoc creator/3.3/psoc creator/import/gnu/arm/4.9.3/bin/../lib/gcc/arm-none-eabi/4.9.3/../../../../arm-none-eabi/lib/armv6-m\libg_nano.a(lib_a-nano-svfprintf.o)
                0x00002738                _svfiprintf_r
                0x00002738                _svfprintf_r
 .text._printf_common
                0x00002924       0xdc c:/program files (x86)/cypress/psoc creator/3.3/psoc creator/import/gnu/arm/4.9.3/bin/../lib/gcc/arm-none-eabi/4.9.3/../../../../arm-none-eabi/lib/armv6-m\libg_nano.a(lib_a-nano-vfprintf_i.o)
                0x00002924                _printf_common
 .text._printf_i
                0x00002a00      0x230 c:/program files (x86)/cypress/psoc creator/3.3/psoc creator/import/gnu/arm/4.9.3/bin/../lib/gcc/arm-none-eabi/4.9.3/../../../../arm-none-eabi/lib/armv6-m\libg_nano.a(lib_a-nano-vfprintf_i.o)
                0x00002a00                _printf_i
 .text.memchr   0x00002c30       0x16 c:/program files (x86)/cypress/psoc creator/3.3/psoc creator/import/gnu/arm/4.9.3/bin/../lib/gcc/arm-none-eabi/4.9.3/../../../../arm-none-eabi/lib/armv6-m\libg_nano.a(lib_a-memchr.o)
                0x00002c30                memchr
 .text.memmove  0x00002c46       0x28 c:/program files (x86)/cypress/psoc creator/3.3/psoc creator/import/gnu/arm/4.9.3/bin/../lib/gcc/arm-none-eabi/4.9.3/../../../../arm-none-eabi/lib/armv6-m\libg_nano.a(lib_a-memmove.o)
                0x00002c46                memmove
 *fill*         0x00002c6e        0x2 
 .text._free_r  0x00002c70       0x8c c:/program files (x86)/cypress/psoc creator/3.3/psoc creator/import/gnu/arm/4.9.3/bin/../lib/gcc/arm-none-eabi/4.9.3/../../../../arm-none-eabi/lib/armv6-m\libg_nano.a(lib_a-nano-freer.o)
                0x00002c70                _free_r
 .text._malloc_r
                0x00002cfc       0xb0 c:/program files (x86)/cypress/psoc creator/3.3/psoc creator/import/gnu/arm/4.9.3/bin/../lib/gcc/arm-none-eabi/4.9.3/../../../../arm-none-eabi/lib/armv6-m\libg_nano.a(lib_a-nano-mallocr.o)
                0x00002cfc                _malloc_r
 .text._realloc_r
                0x00002dac       0x4c c:/program files (x86)/cypress/psoc creator/3.3/psoc creator/import/gnu/arm/4.9.3/bin/../lib/gcc/arm-none-eabi/4.9.3/../../../../arm-none-eabi/lib/armv6-m\libg_nano.a(lib_a-nano-reallocr.o)
                0x00002dac                _realloc_r
 .text._sbrk_r  0x00002df8       0x24 c:/program files (x86)/cypress/psoc creator/3.3/psoc creator/import/gnu/arm/4.9.3/bin/../lib/gcc/arm-none-eabi/4.9.3/../../../../arm-none-eabi/lib/armv6-m\libg_nano.a(lib_a-sbrkr.o)
                0x00002df8                _sbrk_r
 .text._malloc_usable_size_r
                0x00002e1c       0x16 c:/program files (x86)/cypress/psoc creator/3.3/psoc creator/import/gnu/arm/4.9.3/bin/../lib/gcc/arm-none-eabi/4.9.3/../../../../arm-none-eabi/lib/armv6-m\libg_nano.a(lib_a-nano-msizer.o)
                0x00002e1c                _malloc_usable_size_r
 *(.plt)
 *(.gnu.warning)
 *(.glue_7t)
 .glue_7t       0x00000000        0x0 linker stubs
 *(.glue_7)
 .glue_7        0x00000000        0x0 linker stubs
 *(.vfp11_veneer)
 .vfp11_veneer  0x00000000        0x0 linker stubs
 *(.bootloader)
 *(.ARM.extab* .gnu.linkonce.armextab.*)
 *(.gcc_except_table)

.v4_bx          0x00002e34        0x0
 .v4_bx         0x00000000        0x0 linker stubs

.iplt           0x00002e34        0x0
 .iplt          0x00000000        0x0 c:/program files (x86)/cypress/psoc creator/3.3/psoc creator/import/gnu/arm/4.9.3/bin/../lib/gcc/arm-none-eabi/4.9.3/armv6-m/crtbegin.o

.eh_frame_hdr
 *(.eh_frame_hdr)

.eh_frame       0x00002e34        0x4
 *(.eh_frame)
 .eh_frame      0x00002e34        0x0 c:/program files (x86)/cypress/psoc creator/3.3/psoc creator/import/gnu/arm/4.9.3/bin/../lib/gcc/arm-none-eabi/4.9.3/armv6-m/crtbegin.o
 .eh_frame      0x00002e34        0x4 c:/program files (x86)/cypress/psoc creator/3.3/psoc creator/import/gnu/arm/4.9.3/bin/../lib/gcc/arm-none-eabi/4.9.3/armv6-m/crtend.o
                0x00002e38                PROVIDE (__exidx_start, .)

.ARM.exidx      0x00002e38        0x8
 *(.ARM.exidx* .gnu.linkonce.armexidx.*)
 .ARM.exidx     0x00002e38        0x8 c:/program files (x86)/cypress/psoc creator/3.3/psoc creator/import/gnu/arm/4.9.3/bin/../lib/gcc/arm-none-eabi/4.9.3/armv6-m\libgcc.a(_divdi3.o)
 .ARM.exidx     0x00002e40        0x0 c:/program files (x86)/cypress/psoc creator/3.3/psoc creator/import/gnu/arm/4.9.3/bin/../lib/gcc/arm-none-eabi/4.9.3/armv6-m\libgcc.a(_udivdi3.o)
                                  0x8 (size before relaxing)
                0x00002e40                __exidx_end = .

.rodata         0x00002e40      0x258
 *(.rodata .rodata.* .gnu.linkonce.r.*)
 .rodata.str1.4
                0x00002e40       0x4a .\CortexM0\ARM_GCC_493\Debug\main.o
                                 0x4c (size before relaxing)
 *fill*         0x00002e8a        0x2 
 .rodata.str1.4
                0x00002e8c       0x18 .\CortexM0\ARM_GCC_493\Debug\display.o
 .rodata.str1.4
                0x00002ea4       0x9f .\CortexM0\ARM_GCC_493\Debug\network.o
                                 0xa4 (size before relaxing)
 *fill*         0x00002f43        0x1 
 .rodata        0x00002f44       0x28 .\CortexM0\ARM_GCC_493\Debug\svt.o
 .rodata.str1.4
                0x00002f6c       0x60 .\CortexM0\ARM_GCC_493\Debug\svt.o
                                 0x64 (size before relaxing)
 .rodata        0x00002fcc        0xc .\CortexM0\ARM_GCC_493\Debug\start01.a(cyfitter_cfg.o)
 .rodata        0x00002fd8       0x30 .\CortexM0\ARM_GCC_493\Debug\start01.a(CyLib.o)
                0x00002fd8                cyImoFreqMhz2Reg
 .rodata        0x00003008       0x24 .\CortexM0\ARM_GCC_493\Debug\start01.a(RTC.o)
                0x00003008                RTC_daysBeforeMonthTbl
                0x00003020                RTC_daysInMonthTbl
 .rodata.str1.1
                0x0000302c        0x2 c:/program files (x86)/cypress/psoc creator/3.3/psoc creator/import/gnu/arm/4.9.3/bin/../lib/gcc/arm-none-eabi/4.9.3/../../../../arm-none-eabi/lib/armv6-m\libg_nano.a(lib_a-impure.o)
 .rodata.str1.1
                0x0000302e       0x11 c:/program files (x86)/cypress/psoc creator/3.3/psoc creator/import/gnu/arm/4.9.3/bin/../lib/gcc/arm-none-eabi/4.9.3/../../../../arm-none-eabi/lib/armv6-m\libg_nano.a(lib_a-nano-svfprintf.o)
 .rodata.str1.1
                0x0000303f       0x22 c:/program files (x86)/cypress/psoc creator/3.3/psoc creator/import/gnu/arm/4.9.3/bin/../lib/gcc/arm-none-eabi/4.9.3/../../../../arm-none-eabi/lib/armv6-m\libg_nano.a(lib_a-nano-vfprintf_i.o)
                0x00003064                . = ALIGN (0x4)
 *fill*         0x00003061        0x3 
 *(.init)
 .init          0x00003064        0x4 c:/program files (x86)/cypress/psoc creator/3.3/psoc creator/import/gnu/arm/4.9.3/bin/../lib/gcc/arm-none-eabi/4.9.3/armv6-m/crti.o
                0x00003064                _init
 .init          0x00003068        0x8 c:/program files (x86)/cypress/psoc creator/3.3/psoc creator/import/gnu/arm/4.9.3/bin/../lib/gcc/arm-none-eabi/4.9.3/armv6-m/crtn.o
                0x00003070                . = ALIGN (0x4)
                0x00003070                __preinit_array_start = .
 *(.preinit_array)
                0x00003070                __preinit_array_end = .
                0x00003070                . = ALIGN (0x4)
                0x00003070                __init_array_start = .
 *(SORT(.init_array.*))
 *(.init_array)
 .init_array    0x00003070        0x4 c:/program files (x86)/cypress/psoc creator/3.3/psoc creator/import/gnu/arm/4.9.3/bin/../lib/gcc/arm-none-eabi/4.9.3/armv6-m/crtbegin.o
 .init_array    0x00003074        0x4 .\CortexM0\ARM_GCC_493\Debug\Cm0Start.o
                0x00003078                __init_array_end = .
                0x00003078                . = ALIGN (0x4)
 *(.fini)
 .fini          0x00003078        0x4 c:/program files (x86)/cypress/psoc creator/3.3/psoc creator/import/gnu/arm/4.9.3/bin/../lib/gcc/arm-none-eabi/4.9.3/armv6-m/crti.o
                0x00003078                _fini
 .fini          0x0000307c        0x8 c:/program files (x86)/cypress/psoc creator/3.3/psoc creator/import/gnu/arm/4.9.3/bin/../lib/gcc/arm-none-eabi/4.9.3/armv6-m/crtn.o
                0x00003084                . = ALIGN (0x4)
                0x00003084                __fini_array_start = .
 *(.fini_array)
 .fini_array    0x00003084        0x4 c:/program files (x86)/cypress/psoc creator/3.3/psoc creator/import/gnu/arm/4.9.3/bin/../lib/gcc/arm-none-eabi/4.9.3/armv6-m/crtbegin.o
 *(SORT(.fini_array.*))
                0x00003088                __fini_array_end = .
                0x00003088                . = ALIGN (0x4)
 *crtbegin.o(.ctors)
 *(EXCLUDE_FILE(*crtend.o) .ctors)
 *(SORT(.ctors.*))
 *crtend.o(.ctors)
                0x00003088                . = ALIGN (0x4)
 *crtbegin.o(.dtors)
 *(EXCLUDE_FILE(*crtend.o) .dtors)
 *(SORT(.dtors.*))
 *crtend.o(.dtors)
                0x00003088                . = ALIGN (0x4)
                0x00003088                __cy_regions = .
                0x00003088        0x4 LONG 0x3098 __cy_region_init_ram
                0x0000308c        0x4 LONG 0x200000c8 __cy_region_start_data
                0x00003090        0x4 LONG 0x80 __cy_region_init_size_ram
                0x00003094        0x4 LONG 0x598 __cy_region_zero_size_ram
                0x00003098                __cy_regions_end = .
                0x00003098                . = ALIGN (0x8)
                0x00003098                _etext = .

.cy_checksum_exclude
                0x00003098        0x0
 *(.cy_checksum_exclude)

.ramvectors     0x20000000       0xc0
                0x20000000                __cy_region_start_ram = .
 *(.ramvectors)
 .ramvectors    0x20000000       0xc0 .\CortexM0\ARM_GCC_493\Debug\Cm0Start.o
                0x20000000                CyRamVectors

.noinit         0x200000c0        0x4
 *(.noinit)
 .noinit        0x200000c0        0x4 .\CortexM0\ARM_GCC_493\Debug\Cm0Start.o

.data           0x200000c8       0x80 load address 0x00003098
                0x200000c8                __cy_region_start_data = .
 *(.jcr)
 .jcr           0x200000c8        0x0 c:/program files (x86)/cypress/psoc creator/3.3/psoc creator/import/gnu/arm/4.9.3/bin/../lib/gcc/arm-none-eabi/4.9.3/armv6-m/crtbegin.o
 .jcr           0x200000c8        0x4 c:/program files (x86)/cypress/psoc creator/3.3/psoc creator/import/gnu/arm/4.9.3/bin/../lib/gcc/arm-none-eabi/4.9.3/armv6-m/crtend.o
 *(.got.plt)
 *(.got)
 *(.shdata)
 *(.data .data.* .gnu.linkonce.d.*)
 .data          0x200000cc        0x4 .\CortexM0\ARM_GCC_493\Debug\Cm0Start.o
 .data          0x200000d0       0x10 .\CortexM0\ARM_GCC_493\Debug\start01.a(CyLib.o)
                0x200000d0                cydelay32kMs
                0x200000d4                cydelayFreqKhz
                0x200000d8                cydelayFreqMhz
                0x200000dc                cydelayFreqHz
 .data.impure_data
                0x200000e0       0x60 c:/program files (x86)/cypress/psoc creator/3.3/psoc creator/import/gnu/arm/4.9.3/bin/../lib/gcc/arm-none-eabi/4.9.3/../../../../arm-none-eabi/lib/armv6-m\libg_nano.a(lib_a-impure.o)
 .data._impure_ptr
                0x20000140        0x4 c:/program files (x86)/cypress/psoc creator/3.3/psoc creator/import/gnu/arm/4.9.3/bin/../lib/gcc/arm-none-eabi/4.9.3/../../../../arm-none-eabi/lib/armv6-m\libg_nano.a(lib_a-impure.o)
                0x20000140                _impure_ptr
                0x20000148                . = ALIGN (0x8)
 *fill*         0x20000144        0x4 
 *(.ram)
                0x20000148                _edata = .

.igot.plt       0x20000148        0x0 load address 0x00003118
 .igot.plt      0x00000000        0x0 c:/program files (x86)/cypress/psoc creator/3.3/psoc creator/import/gnu/arm/4.9.3/bin/../lib/gcc/arm-none-eabi/4.9.3/armv6-m/crtbegin.o

.bss            0x20000148      0x598 load address 0x00003118
                0x20000148                PROVIDE (__bss_start__, .)
 *(.shbss)
 *(.bss .bss.* .gnu.linkonce.b.*)
 .bss           0x20000148       0x1c c:/program files (x86)/cypress/psoc creator/3.3/psoc creator/import/gnu/arm/4.9.3/bin/../lib/gcc/arm-none-eabi/4.9.3/armv6-m/crtbegin.o
 *fill*         0x20000164        0x4 
 .bss           0x20000168       0x10 .\CortexM0\ARM_GCC_493\Debug\RTC_WDT.o
                0x20000168                msRTC
 .bss           0x20000178        0x4 .\CortexM0\ARM_GCC_493\Debug\wait_timer.o
 .bss           0x2000017c      0x404 .\CortexM0\ARM_GCC_493\Debug\crc32.o
 .bss           0x20000580        0x2 .\CortexM0\ARM_GCC_493\Debug\start01.a(LCD.o)
                0x20000580                LCD_enableState
                0x20000581                LCD_initVar
 *fill*         0x20000582        0x2 
 .bss           0x20000584       0x10 .\CortexM0\ARM_GCC_493\Debug\start01.a(RTC.o)
 .bss           0x20000594        0xc .\CortexM0\ARM_GCC_493\Debug\start01.a(UART_XB.o)
                0x20000594                UART_XB_initVar
                0x20000598                UART_XB_customIntrHandler
                0x2000059c                UART_XB_IntrTxMask
 .bss           0x200005a0        0x1 .\CortexM0\ARM_GCC_493\Debug\start01.a(Timer_Wait.o)
                0x200005a0                Timer_Wait_initVar
 *fill*         0x200005a1        0x3 
 .bss           0x200005a4        0xc .\CortexM0\ARM_GCC_493\Debug\start01.a(UART_PC.o)
                0x200005a4                UART_PC_initVar
                0x200005a8                UART_PC_customIntrHandler
                0x200005ac                UART_PC_IntrTxMask
 .bss.__malloc_sbrk_start
                0x200005b0        0x4 c:/program files (x86)/cypress/psoc creator/3.3/psoc creator/import/gnu/arm/4.9.3/bin/../lib/gcc/arm-none-eabi/4.9.3/../../../../arm-none-eabi/lib/armv6-m\libg_nano.a(lib_a-nano-mallocr.o)
                0x200005b0                __malloc_sbrk_start
 .bss.__malloc_free_list
                0x200005b4        0x4 c:/program files (x86)/cypress/psoc creator/3.3/psoc creator/import/gnu/arm/4.9.3/bin/../lib/gcc/arm-none-eabi/4.9.3/../../../../arm-none-eabi/lib/armv6-m\libg_nano.a(lib_a-nano-mallocr.o)
                0x200005b4                __malloc_free_list
 *(COMMON)
 COMMON         0x200005b8       0xbc .\CortexM0\ARM_GCC_493\Debug\main.o
                0x200005b8                LenC
                0x200005bc                RespBuff
                0x200005ee                LenChS
                0x200005ef                LenD1
                0x200005f0                LenSeq
                0x200005f1                LenD2
                0x200005f4                szSeq
                0x20000608                TX_RESP
                0x20000628                PROTO_STATE
                0x20000629                RXSTATUS
                0x2000062c                szData
                0x20000660                szCheckSum
 COMMON         0x20000674        0x1 .\CortexM0\ARM_GCC_493\Debug\LED.o
                0x20000674                LED_InitValue
 *fill*         0x20000675        0x3 
 COMMON         0x20000678       0x28 .\CortexM0\ARM_GCC_493\Debug\start01.a(RTC.o)
                0x20000678                RTC_initVar
                0x2000067c                RTC_currentTimeDate
                0x2000068c                RTC_alarmCurStatus
                0x20000690                RTC_dstStatus
                0x20000698                RTC_unixTime
 COMMON         0x200006a0       0x38 .\CortexM0\ARM_GCC_493\Debug\start01.a(UART_PC_SPI_UART.o)
                0x200006a0                UART_PC_rxBufferTail
                0x200006a4                UART_PC_txBufferHead
                0x200006a8                UART_PC_txBufferTail
                0x200006ac                UART_PC_rxBufferInternal
                0x200006c0                UART_PC_rxBufferHead
                0x200006c4                UART_PC_rxBufferOverflow
                0x200006c8                UART_PC_txBufferInternal
 COMMON         0x200006d8        0x4 c:/program files (x86)/cypress/psoc creator/3.3/psoc creator/import/gnu/arm/4.9.3/bin/../lib/gcc/arm-none-eabi/4.9.3/../../../../arm-none-eabi/lib/armv6-m\libg_nano.a(lib_a-reent.o)
                0x200006d8                errno
                0x200006e0                . = ALIGN (0x8)
 *fill*         0x200006dc        0x4 
 *(.ram.b)
                0x200006e0                _end = .
                0x200006e0                __end = .
                0x200006e0                PROVIDE (end, .)
                0x200006e0                PROVIDE (__bss_end__, .)
                0x00003098                __cy_region_init_ram = LOADADDR (.data)
                0x00000080                __cy_region_init_size_ram = (_edata - ADDR (.data))
                0x00000598                __cy_region_zero_size_ram = (_end - _edata)

.heap           0x200006e0       0x80 load address 0x00003118
                0x200006e0                . = _end
                0x20000760                . = (. + 0x80)
 *fill*         0x200006e0       0x80 
                0x20000760                __cy_heap_limit = .

.stack          0x20000c00      0x400
                0x20000c00                __cy_stack_limit = .
                0x20001000                . = (. + 0x400)
 *fill*         0x20000c00      0x400 
                0x00000001                ASSERT ((__cy_stack_limit >= __cy_heap_limit), region RAM overflowed with stack)
                0x00000000                cy_checksum_exclude_size = (CY_APPL_LOADABLE == 0x1)?SIZEOF (.cy_checksum_exclude):0x0
                0x00000001                ASSERT ((cy_checksum_exclude_size <= CY_CHECKSUM_EXCLUDE_SIZE), CY_BOOT: Section .cy_checksum_exclude size exceedes specified limit.)
                0x00007fc0                cyloadermeta_start = (cy_project_type_bootloader || cy_project_type_app_for_stack_and_copier)?(0x8000 - CY_METADATA_SIZE):0xf0000000

.cyloadermeta
 *(.cyloadermeta)
                0x00007fc0                cyloadablemeta_start = cy_project_type_app_for_stack_and_copier?((0x8000 - CY_FLASH_ROW_SIZE) - CY_METADATA_SIZE):((0x8000 - (CY_FLASH_ROW_SIZE * (CY_APPL_NUM - 0x1))) - CY_METADATA_SIZE)

.cyloadablemeta
 *(.cyloadablemeta)

.cyflashprotect
                0x90400000       0x20
 *(.cyflashprotect)
 .cyflashprotect
                0x90400000       0x20 .\CortexM0\ARM_GCC_493\Debug\cymetadata.o
                0x90400000                cy_meta_flashprotect

.cymeta         0x90500000        0xc
 *(.cymeta)
 .cymeta        0x90500000        0xc .\CortexM0\ARM_GCC_493\Debug\cymetadata.o
                0x90500000                cy_metadata

.cychipprotect  0x90600000        0x4
 *(.cychipprotect)
 .cychipprotect
                0x90600000        0x4 .\CortexM0\ARM_GCC_493\Debug\cymetadata.o
                0x90600000                cy_meta_chipprotect

.rel.dyn        0x00003118        0x0 load address 0x90600004
 .rel.iplt      0x00000000        0x0 c:/program files (x86)/cypress/psoc creator/3.3/psoc creator/import/gnu/arm/4.9.3/bin/../lib/gcc/arm-none-eabi/4.9.3/armv6-m/crtbegin.o

.stab
 *(.stab)

.stabstr
 *(.stabstr)

.debug
 *(.debug)

.line
 *(.line)

.debug_srcinfo
 *(.debug_srcinfo)

.debug_sfnames
 *(.debug_sfnames)

.debug_aranges  0x00000000      0xe80
 *(.debug_aranges)
 .debug_aranges
                0x00000000       0x40 .\CortexM0\ARM_GCC_493\Debug\main.o
 .debug_aranges
                0x00000040       0x40 .\CortexM0\ARM_GCC_493\Debug\LED.o
 .debug_aranges
                0x00000080       0x30 .\CortexM0\ARM_GCC_493\Debug\display.o
 .debug_aranges
                0x000000b0       0x60 .\CortexM0\ARM_GCC_493\Debug\RTC_WDT.o
 .debug_aranges
                0x00000110       0x20 .\CortexM0\ARM_GCC_493\Debug\gate.o
 .debug_aranges
                0x00000130       0x40 .\CortexM0\ARM_GCC_493\Debug\network.o
 .debug_aranges
                0x00000170       0x28 .\CortexM0\ARM_GCC_493\Debug\database.o
 .debug_aranges
                0x00000198       0x30 .\CortexM0\ARM_GCC_493\Debug\wait_timer.o
 .debug_aranges
                0x000001c8       0x28 .\CortexM0\ARM_GCC_493\Debug\crc16.o
 .debug_aranges
                0x000001f0       0x38 .\CortexM0\ARM_GCC_493\Debug\crc32.o
 .debug_aranges
                0x00000228       0x40 .\CortexM0\ARM_GCC_493\Debug\svt.o
 .debug_aranges
                0x00000268       0x18 .\CortexM0\ARM_GCC_493\Debug\cymetadata.o
 .debug_aranges
                0x00000280       0x48 .\CortexM0\ARM_GCC_493\Debug\Cm0Start.o
 .debug_aranges
                0x000002c8       0x30 .\CortexM0\ARM_GCC_493\Debug\start01.a(cyfitter_cfg.o)
 .debug_aranges
                0x000002f8      0x178 .\CortexM0\ARM_GCC_493\Debug\start01.a(CyLib.o)
 .debug_aranges
                0x00000470      0x138 .\CortexM0\ARM_GCC_493\Debug\start01.a(CyLFClk.o)
 .debug_aranges
                0x000005a8       0x80 .\CortexM0\ARM_GCC_493\Debug\start01.a(Int_Timer_Led.o)
 .debug_aranges
                0x00000628       0x48 .\CortexM0\ARM_GCC_493\Debug\start01.a(LED_PIN.o)
 .debug_aranges
                0x00000670      0x158 .\CortexM0\ARM_GCC_493\Debug\start01.a(Timer_LED.o)
 .debug_aranges
                0x000007c8       0x98 .\CortexM0\ARM_GCC_493\Debug\start01.a(LCD.o)
 .debug_aranges
                0x00000860       0xc0 .\CortexM0\ARM_GCC_493\Debug\start01.a(RTC.o)
 .debug_aranges
                0x00000920       0x48 .\CortexM0\ARM_GCC_493\Debug\start01.a(GatePin.o)
 .debug_aranges
                0x00000968       0x70 .\CortexM0\ARM_GCC_493\Debug\start01.a(UART_XB.o)
 .debug_aranges
                0x000009d8       0x60 .\CortexM0\ARM_GCC_493\Debug\start01.a(UART_XB_UART.o)
 .debug_aranges
                0x00000a38      0x158 .\CortexM0\ARM_GCC_493\Debug\start01.a(Timer_Wait.o)
 .debug_aranges
                0x00000b90       0x80 .\CortexM0\ARM_GCC_493\Debug\start01.a(int_wait.o)
 .debug_aranges
                0x00000c10       0x80 .\CortexM0\ARM_GCC_493\Debug\start01.a(WDT0_ISR.o)
 .debug_aranges
                0x00000c90       0x70 .\CortexM0\ARM_GCC_493\Debug\start01.a(UART_PC.o)
 .debug_aranges
                0x00000d00       0x60 .\CortexM0\ARM_GCC_493\Debug\start01.a(UART_PC_SPI_UART.o)
 .debug_aranges
                0x00000d60       0x60 .\CortexM0\ARM_GCC_493\Debug\start01.a(UART_PC_UART.o)
 .debug_aranges
                0x00000dc0       0x20 .\CortexM0\ARM_GCC_493\Debug\start01.a(CyBootAsmGnu.o)
 .debug_aranges
                0x00000de0       0x60 .\CortexM0\ARM_GCC_493\Debug\start01.a(UART_XB_SPI_UART.o)
 .debug_aranges
                0x00000e40       0x20 .\CortexM0\ARM_GCC_493\Debug\start01.a(UART_XB_SPI_UART_INT.o)
 .debug_aranges
                0x00000e60       0x20 .\CortexM0\ARM_GCC_493\Debug\start01.a(UART_PC_SPI_UART_INT.o)

.debug_pubnames
 *(.debug_pubnames)

.debug_info     0x00000000     0x8e52
 *(.debug_info .gnu.linkonce.wi.*)
 .debug_info    0x00000000      0x50d .\CortexM0\ARM_GCC_493\Debug\main.o
 .debug_info    0x0000050d      0x294 .\CortexM0\ARM_GCC_493\Debug\LED.o
 .debug_info    0x000007a1      0x312 .\CortexM0\ARM_GCC_493\Debug\display.o
 .debug_info    0x00000ab3      0x504 .\CortexM0\ARM_GCC_493\Debug\RTC_WDT.o
 .debug_info    0x00000fb7       0xc9 .\CortexM0\ARM_GCC_493\Debug\gate.o
 .debug_info    0x00001080      0x91a .\CortexM0\ARM_GCC_493\Debug\network.o
 .debug_info    0x0000199a       0xc3 .\CortexM0\ARM_GCC_493\Debug\database.o
 .debug_info    0x00001a5d      0x1a0 .\CortexM0\ARM_GCC_493\Debug\wait_timer.o
 .debug_info    0x00001bfd      0x163 .\CortexM0\ARM_GCC_493\Debug\crc16.o
 .debug_info    0x00001d60      0x244 .\CortexM0\ARM_GCC_493\Debug\crc32.o
 .debug_info    0x00001fa4      0x555 .\CortexM0\ARM_GCC_493\Debug\svt.o
 .debug_info    0x000024f9       0xfe .\CortexM0\ARM_GCC_493\Debug\cymetadata.o
 .debug_info    0x000025f7      0x38c .\CortexM0\ARM_GCC_493\Debug\Cm0Start.o
 .debug_info    0x00002983      0x230 .\CortexM0\ARM_GCC_493\Debug\start01.a(cyfitter_cfg.o)
 .debug_info    0x00002bb3      0xad1 .\CortexM0\ARM_GCC_493\Debug\start01.a(CyLib.o)
 .debug_info    0x00003684      0xcfc .\CortexM0\ARM_GCC_493\Debug\start01.a(CyLFClk.o)
 .debug_info    0x00004380      0x300 .\CortexM0\ARM_GCC_493\Debug\start01.a(Int_Timer_Led.o)
 .debug_info    0x00004680      0x19d .\CortexM0\ARM_GCC_493\Debug\start01.a(LED_PIN.o)
 .debug_info    0x0000481d      0x904 .\CortexM0\ARM_GCC_493\Debug\start01.a(Timer_LED.o)
 .debug_info    0x00005121      0x722 .\CortexM0\ARM_GCC_493\Debug\start01.a(LCD.o)
 .debug_info    0x00005843      0xfd2 .\CortexM0\ARM_GCC_493\Debug\start01.a(RTC.o)
 .debug_info    0x00006815      0x19d .\CortexM0\ARM_GCC_493\Debug\start01.a(GatePin.o)
 .debug_info    0x000069b2      0x2f6 .\CortexM0\ARM_GCC_493\Debug\start01.a(UART_XB.o)
 .debug_info    0x00006ca8      0x363 .\CortexM0\ARM_GCC_493\Debug\start01.a(UART_XB_UART.o)
 .debug_info    0x0000700b      0x904 .\CortexM0\ARM_GCC_493\Debug\start01.a(Timer_Wait.o)
 .debug_info    0x0000790f      0x300 .\CortexM0\ARM_GCC_493\Debug\start01.a(int_wait.o)
 .debug_info    0x00007c0f      0x300 .\CortexM0\ARM_GCC_493\Debug\start01.a(WDT0_ISR.o)
 .debug_info    0x00007f0f      0x2f6 .\CortexM0\ARM_GCC_493\Debug\start01.a(UART_PC.o)
 .debug_info    0x00008205      0x373 .\CortexM0\ARM_GCC_493\Debug\start01.a(UART_PC_SPI_UART.o)
 .debug_info    0x00008578      0x3e5 .\CortexM0\ARM_GCC_493\Debug\start01.a(UART_PC_UART.o)
 .debug_info    0x0000895d       0xa6 .\CortexM0\ARM_GCC_493\Debug\start01.a(CyBootAsmGnu.o)
 .debug_info    0x00008a03      0x219 .\CortexM0\ARM_GCC_493\Debug\start01.a(UART_XB_SPI_UART.o)
 .debug_info    0x00008c1c       0xb7 .\CortexM0\ARM_GCC_493\Debug\start01.a(UART_XB_SPI_UART_INT.o)
 .debug_info    0x00008cd3      0x17f .\CortexM0\ARM_GCC_493\Debug\start01.a(UART_PC_SPI_UART_INT.o)

.debug_abbrev   0x00000000     0x2ca7
 *(.debug_abbrev)
 .debug_abbrev  0x00000000      0x1a5 .\CortexM0\ARM_GCC_493\Debug\main.o
 .debug_abbrev  0x000001a5      0x14c .\CortexM0\ARM_GCC_493\Debug\LED.o
 .debug_abbrev  0x000002f1      0x143 .\CortexM0\ARM_GCC_493\Debug\display.o
 .debug_abbrev  0x00000434      0x214 .\CortexM0\ARM_GCC_493\Debug\RTC_WDT.o
 .debug_abbrev  0x00000648       0x71 .\CortexM0\ARM_GCC_493\Debug\gate.o
 .debug_abbrev  0x000006b9      0x269 .\CortexM0\ARM_GCC_493\Debug\network.o
 .debug_abbrev  0x00000922       0x7a .\CortexM0\ARM_GCC_493\Debug\database.o
 .debug_abbrev  0x0000099c      0x117 .\CortexM0\ARM_GCC_493\Debug\wait_timer.o
 .debug_abbrev  0x00000ab3       0xa3 .\CortexM0\ARM_GCC_493\Debug\crc16.o
 .debug_abbrev  0x00000b56       0xf3 .\CortexM0\ARM_GCC_493\Debug\crc32.o
 .debug_abbrev  0x00000c49      0x18c .\CortexM0\ARM_GCC_493\Debug\svt.o
 .debug_abbrev  0x00000dd5       0x5d .\CortexM0\ARM_GCC_493\Debug\cymetadata.o
 .debug_abbrev  0x00000e32      0x1fe .\CortexM0\ARM_GCC_493\Debug\Cm0Start.o
 .debug_abbrev  0x00001030      0x15f .\CortexM0\ARM_GCC_493\Debug\start01.a(cyfitter_cfg.o)
 .debug_abbrev  0x0000118f      0x20d .\CortexM0\ARM_GCC_493\Debug\start01.a(CyLib.o)
 .debug_abbrev  0x0000139c      0x23b .\CortexM0\ARM_GCC_493\Debug\start01.a(CyLFClk.o)
 .debug_abbrev  0x000015d7      0x1b4 .\CortexM0\ARM_GCC_493\Debug\start01.a(Int_Timer_Led.o)
 .debug_abbrev  0x0000178b       0xc8 .\CortexM0\ARM_GCC_493\Debug\start01.a(LED_PIN.o)
 .debug_abbrev  0x00001853      0x133 .\CortexM0\ARM_GCC_493\Debug\start01.a(Timer_LED.o)
 .debug_abbrev  0x00001986      0x18b .\CortexM0\ARM_GCC_493\Debug\start01.a(LCD.o)
 .debug_abbrev  0x00001b11      0x2b2 .\CortexM0\ARM_GCC_493\Debug\start01.a(RTC.o)
 .debug_abbrev  0x00001dc3       0xc8 .\CortexM0\ARM_GCC_493\Debug\start01.a(GatePin.o)
 .debug_abbrev  0x00001e8b      0x15b .\CortexM0\ARM_GCC_493\Debug\start01.a(UART_XB.o)
 .debug_abbrev  0x00001fe6      0x16e .\CortexM0\ARM_GCC_493\Debug\start01.a(UART_XB_UART.o)
 .debug_abbrev  0x00002154      0x133 .\CortexM0\ARM_GCC_493\Debug\start01.a(Timer_Wait.o)
 .debug_abbrev  0x00002287      0x1b4 .\CortexM0\ARM_GCC_493\Debug\start01.a(int_wait.o)
 .debug_abbrev  0x0000243b      0x1b4 .\CortexM0\ARM_GCC_493\Debug\start01.a(WDT0_ISR.o)
 .debug_abbrev  0x000025ef      0x15b .\CortexM0\ARM_GCC_493\Debug\start01.a(UART_PC.o)
 .debug_abbrev  0x0000274a      0x182 .\CortexM0\ARM_GCC_493\Debug\start01.a(UART_PC_SPI_UART.o)
 .debug_abbrev  0x000028cc      0x16e .\CortexM0\ARM_GCC_493\Debug\start01.a(UART_PC_UART.o)
 .debug_abbrev  0x00002a3a       0x14 .\CortexM0\ARM_GCC_493\Debug\start01.a(CyBootAsmGnu.o)
 .debug_abbrev  0x00002a4e      0x14f .\CortexM0\ARM_GCC_493\Debug\start01.a(UART_XB_SPI_UART.o)
 .debug_abbrev  0x00002b9d       0x70 .\CortexM0\ARM_GCC_493\Debug\start01.a(UART_XB_SPI_UART_INT.o)
 .debug_abbrev  0x00002c0d       0x9a .\CortexM0\ARM_GCC_493\Debug\start01.a(UART_PC_SPI_UART_INT.o)

.debug_line     0x00000000     0x3ec9
 *(.debug_line)
 .debug_line    0x00000000      0x23b .\CortexM0\ARM_GCC_493\Debug\main.o
 .debug_line    0x0000023b      0x1d1 .\CortexM0\ARM_GCC_493\Debug\LED.o
 .debug_line    0x0000040c      0x1a6 .\CortexM0\ARM_GCC_493\Debug\display.o
 .debug_line    0x000005b2      0x243 .\CortexM0\ARM_GCC_493\Debug\RTC_WDT.o
 .debug_line    0x000007f5       0x6d .\CortexM0\ARM_GCC_493\Debug\gate.o
 .debug_line    0x00000862      0x306 .\CortexM0\ARM_GCC_493\Debug\network.o
 .debug_line    0x00000b68      0x145 .\CortexM0\ARM_GCC_493\Debug\database.o
 .debug_line    0x00000cad      0x1a5 .\CortexM0\ARM_GCC_493\Debug\wait_timer.o
 .debug_line    0x00000e52      0x195 .\CortexM0\ARM_GCC_493\Debug\crc16.o
 .debug_line    0x00000fe7      0x1de .\CortexM0\ARM_GCC_493\Debug\crc32.o
 .debug_line    0x000011c5      0x2be .\CortexM0\ARM_GCC_493\Debug\svt.o
 .debug_line    0x00001483       0x53 .\CortexM0\ARM_GCC_493\Debug\cymetadata.o
 .debug_line    0x000014d6      0x248 .\CortexM0\ARM_GCC_493\Debug\Cm0Start.o
 .debug_line    0x0000171e      0x148 .\CortexM0\ARM_GCC_493\Debug\start01.a(cyfitter_cfg.o)
 .debug_line    0x00001866      0x44b .\CortexM0\ARM_GCC_493\Debug\start01.a(CyLib.o)
 .debug_line    0x00001cb1      0x469 .\CortexM0\ARM_GCC_493\Debug\start01.a(CyLFClk.o)
 .debug_line    0x0000211a      0x172 .\CortexM0\ARM_GCC_493\Debug\start01.a(Int_Timer_Led.o)
 .debug_line    0x0000228c       0xc1 .\CortexM0\ARM_GCC_493\Debug\start01.a(LED_PIN.o)
 .debug_line    0x0000234d      0x380 .\CortexM0\ARM_GCC_493\Debug\start01.a(Timer_LED.o)
 .debug_line    0x000026cd      0x1e8 .\CortexM0\ARM_GCC_493\Debug\start01.a(LCD.o)
 .debug_line    0x000028b5      0x474 .\CortexM0\ARM_GCC_493\Debug\start01.a(RTC.o)
 .debug_line    0x00002d29       0xc1 .\CortexM0\ARM_GCC_493\Debug\start01.a(GatePin.o)
 .debug_line    0x00002dea      0x17a .\CortexM0\ARM_GCC_493\Debug\start01.a(UART_XB.o)
 .debug_line    0x00002f64      0x17c .\CortexM0\ARM_GCC_493\Debug\start01.a(UART_XB_UART.o)
 .debug_line    0x000030e0      0x381 .\CortexM0\ARM_GCC_493\Debug\start01.a(Timer_Wait.o)
 .debug_line    0x00003461      0x16d .\CortexM0\ARM_GCC_493\Debug\start01.a(int_wait.o)
 .debug_line    0x000035ce      0x16d .\CortexM0\ARM_GCC_493\Debug\start01.a(WDT0_ISR.o)
 .debug_line    0x0000373b      0x17a .\CortexM0\ARM_GCC_493\Debug\start01.a(UART_PC.o)
 .debug_line    0x000038b5      0x16e .\CortexM0\ARM_GCC_493\Debug\start01.a(UART_PC_SPI_UART.o)
 .debug_line    0x00003a23      0x199 .\CortexM0\ARM_GCC_493\Debug\start01.a(UART_PC_UART.o)
 .debug_line    0x00003bbc       0x6b .\CortexM0\ARM_GCC_493\Debug\start01.a(CyBootAsmGnu.o)
 .debug_line    0x00003c27      0x136 .\CortexM0\ARM_GCC_493\Debug\start01.a(UART_XB_SPI_UART.o)
 .debug_line    0x00003d5d       0x9c .\CortexM0\ARM_GCC_493\Debug\start01.a(UART_XB_SPI_UART_INT.o)
 .debug_line    0x00003df9       0xd0 .\CortexM0\ARM_GCC_493\Debug\start01.a(UART_PC_SPI_UART_INT.o)

.debug_frame    0x00000000     0x27d0
 *(.debug_frame)
 .debug_frame   0x00000000       0xa0 .\CortexM0\ARM_GCC_493\Debug\main.o
 .debug_frame   0x000000a0       0x90 .\CortexM0\ARM_GCC_493\Debug\LED.o
 .debug_frame   0x00000130       0x70 .\CortexM0\ARM_GCC_493\Debug\display.o
 .debug_frame   0x000001a0       0xf0 .\CortexM0\ARM_GCC_493\Debug\RTC_WDT.o
 .debug_frame   0x00000290       0x2c .\CortexM0\ARM_GCC_493\Debug\gate.o
 .debug_frame   0x000002bc       0xa8 .\CortexM0\ARM_GCC_493\Debug\network.o
 .debug_frame   0x00000364       0x30 .\CortexM0\ARM_GCC_493\Debug\database.o
 .debug_frame   0x00000394       0x64 .\CortexM0\ARM_GCC_493\Debug\wait_timer.o
 .debug_frame   0x000003f8       0x40 .\CortexM0\ARM_GCC_493\Debug\crc16.o
 .debug_frame   0x00000438       0x7c .\CortexM0\ARM_GCC_493\Debug\crc32.o
 .debug_frame   0x000004b4       0x94 .\CortexM0\ARM_GCC_493\Debug\svt.o
 .debug_frame   0x00000548       0xb0 .\CortexM0\ARM_GCC_493\Debug\Cm0Start.o
 .debug_frame   0x000005f8       0x64 .\CortexM0\ARM_GCC_493\Debug\start01.a(cyfitter_cfg.o)
 .debug_frame   0x0000065c      0x3d0 .\CortexM0\ARM_GCC_493\Debug\start01.a(CyLib.o)
 .debug_frame   0x00000a2c      0x3a8 .\CortexM0\ARM_GCC_493\Debug\start01.a(CyLFClk.o)
 .debug_frame   0x00000dd4      0x110 .\CortexM0\ARM_GCC_493\Debug\start01.a(Int_Timer_Led.o)
 .debug_frame   0x00000ee4       0x70 .\CortexM0\ARM_GCC_493\Debug\start01.a(LED_PIN.o)
 .debug_frame   0x00000f54      0x390 .\CortexM0\ARM_GCC_493\Debug\start01.a(Timer_LED.o)
 .debug_frame   0x000012e4      0x1f0 .\CortexM0\ARM_GCC_493\Debug\start01.a(LCD.o)
 .debug_frame   0x000014d4      0x288 .\CortexM0\ARM_GCC_493\Debug\start01.a(RTC.o)
 .debug_frame   0x0000175c       0x70 .\CortexM0\ARM_GCC_493\Debug\start01.a(GatePin.o)
 .debug_frame   0x000017cc      0x114 .\CortexM0\ARM_GCC_493\Debug\start01.a(UART_XB.o)
 .debug_frame   0x000018e0       0xe0 .\CortexM0\ARM_GCC_493\Debug\start01.a(UART_XB_UART.o)
 .debug_frame   0x000019c0      0x390 .\CortexM0\ARM_GCC_493\Debug\start01.a(Timer_Wait.o)
 .debug_frame   0x00001d50      0x110 .\CortexM0\ARM_GCC_493\Debug\start01.a(int_wait.o)
 .debug_frame   0x00001e60      0x110 .\CortexM0\ARM_GCC_493\Debug\start01.a(WDT0_ISR.o)
 .debug_frame   0x00001f70      0x114 .\CortexM0\ARM_GCC_493\Debug\start01.a(UART_PC.o)
 .debug_frame   0x00002084       0xc8 .\CortexM0\ARM_GCC_493\Debug\start01.a(UART_PC_SPI_UART.o)
 .debug_frame   0x0000214c       0xe0 .\CortexM0\ARM_GCC_493\Debug\start01.a(UART_PC_UART.o)
 .debug_frame   0x0000222c       0xb0 .\CortexM0\ARM_GCC_493\Debug\start01.a(UART_XB_SPI_UART.o)
 .debug_frame   0x000022dc       0x2c .\CortexM0\ARM_GCC_493\Debug\start01.a(UART_XB_SPI_UART_INT.o)
 .debug_frame   0x00002308       0x2c .\CortexM0\ARM_GCC_493\Debug\start01.a(UART_PC_SPI_UART_INT.o)
 .debug_frame   0x00002334       0x20 c:/program files (x86)/cypress/psoc creator/3.3/psoc creator/import/gnu/arm/4.9.3/bin/../lib/gcc/arm-none-eabi/4.9.3/armv6-m\libgcc.a(_udivsi3.o)
 .debug_frame   0x00002354       0x50 c:/program files (x86)/cypress/psoc creator/3.3/psoc creator/import/gnu/arm/4.9.3/bin/../lib/gcc/arm-none-eabi/4.9.3/armv6-m\libgcc.a(bpabi.o)
 .debug_frame   0x000023a4       0x34 c:/program files (x86)/cypress/psoc creator/3.3/psoc creator/import/gnu/arm/4.9.3/bin/../lib/gcc/arm-none-eabi/4.9.3/armv6-m\libgcc.a(_muldi3.o)
 .debug_frame   0x000023d8       0x3c c:/program files (x86)/cypress/psoc creator/3.3/psoc creator/import/gnu/arm/4.9.3/bin/../lib/gcc/arm-none-eabi/4.9.3/armv6-m\libgcc.a(_divdi3.o)
 .debug_frame   0x00002414       0x3c c:/program files (x86)/cypress/psoc creator/3.3/psoc creator/import/gnu/arm/4.9.3/bin/../lib/gcc/arm-none-eabi/4.9.3/armv6-m\libgcc.a(_udivdi3.o)
 .debug_frame   0x00002450       0x20 c:/program files (x86)/cypress/psoc creator/3.3/psoc creator/import/gnu/arm/4.9.3/bin/../lib/gcc/arm-none-eabi/4.9.3/../../../../arm-none-eabi/lib/armv6-m\libg_nano.a(lib_a-errno.o)
 .debug_frame   0x00002470       0x28 c:/program files (x86)/cypress/psoc creator/3.3/psoc creator/import/gnu/arm/4.9.3/bin/../lib/gcc/arm-none-eabi/4.9.3/../../../../arm-none-eabi/lib/armv6-m\libg_nano.a(lib_a-exit.o)
 .debug_frame   0x00002498       0x2c c:/program files (x86)/cypress/psoc creator/3.3/psoc creator/import/gnu/arm/4.9.3/bin/../lib/gcc/arm-none-eabi/4.9.3/../../../../arm-none-eabi/lib/armv6-m\libg_nano.a(lib_a-init.o)
 .debug_frame   0x000024c4       0x28 c:/program files (x86)/cypress/psoc creator/3.3/psoc creator/import/gnu/arm/4.9.3/bin/../lib/gcc/arm-none-eabi/4.9.3/../../../../arm-none-eabi/lib/armv6-m\libg_nano.a(lib_a-memcpy.o)
 .debug_frame   0x000024ec       0x20 c:/program files (x86)/cypress/psoc creator/3.3/psoc creator/import/gnu/arm/4.9.3/bin/../lib/gcc/arm-none-eabi/4.9.3/../../../../arm-none-eabi/lib/armv6-m\libg_nano.a(lib_a-memset.o)
 .debug_frame   0x0000250c       0x50 c:/program files (x86)/cypress/psoc creator/3.3/psoc creator/import/gnu/arm/4.9.3/bin/../lib/gcc/arm-none-eabi/4.9.3/../../../../arm-none-eabi/lib/armv6-m\libg_nano.a(lib_a-sprintf.o)
 .debug_frame   0x0000255c       0x28 c:/program files (x86)/cypress/psoc creator/3.3/psoc creator/import/gnu/arm/4.9.3/bin/../lib/gcc/arm-none-eabi/4.9.3/../../../../arm-none-eabi/lib/armv6-m\libg_nano.a(lib_a-strcat.o)
 .debug_frame   0x00002584       0x20 c:/program files (x86)/cypress/psoc creator/3.3/psoc creator/import/gnu/arm/4.9.3/bin/../lib/gcc/arm-none-eabi/4.9.3/../../../../arm-none-eabi/lib/armv6-m\libg_nano.a(lib_a-strlen.o)
 .debug_frame   0x000025a4       0x74 c:/program files (x86)/cypress/psoc creator/3.3/psoc creator/import/gnu/arm/4.9.3/bin/../lib/gcc/arm-none-eabi/4.9.3/../../../../arm-none-eabi/lib/armv6-m\libg_nano.a(lib_a-nano-svfprintf.o)
 .debug_frame   0x00002618       0x54 c:/program files (x86)/cypress/psoc creator/3.3/psoc creator/import/gnu/arm/4.9.3/bin/../lib/gcc/arm-none-eabi/4.9.3/../../../../arm-none-eabi/lib/armv6-m\libg_nano.a(lib_a-nano-vfprintf_i.o)
 .debug_frame   0x0000266c       0x20 c:/program files (x86)/cypress/psoc creator/3.3/psoc creator/import/gnu/arm/4.9.3/bin/../lib/gcc/arm-none-eabi/4.9.3/../../../../arm-none-eabi/lib/armv6-m\libg_nano.a(lib_a-memchr.o)
 .debug_frame   0x0000268c       0x28 c:/program files (x86)/cypress/psoc creator/3.3/psoc creator/import/gnu/arm/4.9.3/bin/../lib/gcc/arm-none-eabi/4.9.3/../../../../arm-none-eabi/lib/armv6-m\libg_nano.a(lib_a-memmove.o)
 .debug_frame   0x000026b4       0x2c c:/program files (x86)/cypress/psoc creator/3.3/psoc creator/import/gnu/arm/4.9.3/bin/../lib/gcc/arm-none-eabi/4.9.3/../../../../arm-none-eabi/lib/armv6-m\libg_nano.a(lib_a-nano-freer.o)
 .debug_frame   0x000026e0       0x2c c:/program files (x86)/cypress/psoc creator/3.3/psoc creator/import/gnu/arm/4.9.3/bin/../lib/gcc/arm-none-eabi/4.9.3/../../../../arm-none-eabi/lib/armv6-m\libg_nano.a(lib_a-nano-mallocr.o)
 .debug_frame   0x0000270c       0x30 c:/program files (x86)/cypress/psoc creator/3.3/psoc creator/import/gnu/arm/4.9.3/bin/../lib/gcc/arm-none-eabi/4.9.3/../../../../arm-none-eabi/lib/armv6-m\libg_nano.a(lib_a-nano-reallocr.o)
 .debug_frame   0x0000273c       0x2c c:/program files (x86)/cypress/psoc creator/3.3/psoc creator/import/gnu/arm/4.9.3/bin/../lib/gcc/arm-none-eabi/4.9.3/../../../../arm-none-eabi/lib/armv6-m\libg_nano.a(lib_a-sbrkr.o)
 .debug_frame   0x00002768       0x20 c:/program files (x86)/cypress/psoc creator/3.3/psoc creator/import/gnu/arm/4.9.3/bin/../lib/gcc/arm-none-eabi/4.9.3/../../../../arm-none-eabi/lib/armv6-m\libg_nano.a(lib_a-nano-msizer.o)
 .debug_frame   0x00002788       0x48 c:/program files (x86)/cypress/psoc creator/3.3/psoc creator/import/gnu/arm/4.9.3/bin/../lib/gcc/arm-none-eabi/4.9.3/../../../../arm-none-eabi/lib/armv6-m\libg_nano.a(lib_a-reent.o)

.debug_str      0x00000000     0x2e71
 *(.debug_str)
 .debug_str     0x00000000      0x2f7 .\CortexM0\ARM_GCC_493\Debug\main.o
                                0x364 (size before relaxing)
 .debug_str     0x000002f7       0xf5 .\CortexM0\ARM_GCC_493\Debug\LED.o
                                0x2e2 (size before relaxing)
 .debug_str     0x000003ec       0x8d .\CortexM0\ARM_GCC_493\Debug\display.o
                                0x270 (size before relaxing)
 .debug_str     0x00000479      0x114 .\CortexM0\ARM_GCC_493\Debug\RTC_WDT.o
                                0x34c (size before relaxing)
 .debug_str     0x0000058d       0x16 .\CortexM0\ARM_GCC_493\Debug\gate.o
                                0x1ae (size before relaxing)
 .debug_str     0x000005a3      0x165 .\CortexM0\ARM_GCC_493\Debug\network.o
                                0x3fa (size before relaxing)
 .debug_str     0x00000708       0x1a .\CortexM0\ARM_GCC_493\Debug\database.o
                                0x1af (size before relaxing)
 .debug_str     0x00000722       0x75 .\CortexM0\ARM_GCC_493\Debug\wait_timer.o
                                0x24b (size before relaxing)
 .debug_str     0x00000797       0x52 .\CortexM0\ARM_GCC_493\Debug\crc16.o
                                0x203 (size before relaxing)
 .debug_str     0x000007e9       0x81 .\CortexM0\ARM_GCC_493\Debug\crc32.o
                                0x238 (size before relaxing)
 .debug_str     0x0000086a      0x12c .\CortexM0\ARM_GCC_493\Debug\svt.o
                                0x398 (size before relaxing)
 .debug_str     0x00000996       0x5b .\CortexM0\ARM_GCC_493\Debug\cymetadata.o
                                0x1e4 (size before relaxing)
 .debug_str     0x000009f1      0x13d .\CortexM0\ARM_GCC_493\Debug\Cm0Start.o
                                0x30b (size before relaxing)
 .debug_str     0x00000b2e       0x82 .\CortexM0\ARM_GCC_493\Debug\start01.a(cyfitter_cfg.o)
                                0x239 (size before relaxing)
 .debug_str     0x00000bb0      0x4b8 .\CortexM0\ARM_GCC_493\Debug\start01.a(CyLib.o)
                                0x69f (size before relaxing)
 .debug_str     0x00001068      0x522 .\CortexM0\ARM_GCC_493\Debug\start01.a(CyLFClk.o)
                                0x747 (size before relaxing)
 .debug_str     0x0000158a      0x151 .\CortexM0\ARM_GCC_493\Debug\start01.a(Int_Timer_Led.o)
                                0x364 (size before relaxing)
 .debug_str     0x000016db       0xa0 .\CortexM0\ARM_GCC_493\Debug\start01.a(LED_PIN.o)
                                0x25a (size before relaxing)
 .debug_str     0x0000177b      0x41d .\CortexM0\ARM_GCC_493\Debug\start01.a(Timer_LED.o)
                                0x663 (size before relaxing)
 .debug_str     0x00001b98      0x147 .\CortexM0\ARM_GCC_493\Debug\start01.a(LCD.o)
                                0x336 (size before relaxing)
 .debug_str     0x00001cdf      0x384 .\CortexM0\ARM_GCC_493\Debug\start01.a(RTC.o)
                                0x5d6 (size before relaxing)
 .debug_str     0x00002063       0x8a .\CortexM0\ARM_GCC_493\Debug\start01.a(GatePin.o)
                                0x25a (size before relaxing)
 .debug_str     0x000020ed      0x174 .\CortexM0\ARM_GCC_493\Debug\start01.a(UART_XB.o)
                                0x36c (size before relaxing)
 .debug_str     0x00002261      0x114 .\CortexM0\ARM_GCC_493\Debug\start01.a(UART_XB_UART.o)
                                0x376 (size before relaxing)
 .debug_str     0x00002375      0x3c0 .\CortexM0\ARM_GCC_493\Debug\start01.a(Timer_Wait.o)
                                0x68d (size before relaxing)
 .debug_str     0x00002735      0x101 .\CortexM0\ARM_GCC_493\Debug\start01.a(int_wait.o)
                                0x31e (size before relaxing)
 .debug_str     0x00002836       0xeb .\CortexM0\ARM_GCC_493\Debug\start01.a(WDT0_ISR.o)
                                0x31e (size before relaxing)
 .debug_str     0x00002921      0x175 .\CortexM0\ARM_GCC_493\Debug\start01.a(UART_PC.o)
                                0x36c (size before relaxing)
 .debug_str     0x00002a96      0x1e2 .\CortexM0\ARM_GCC_493\Debug\start01.a(UART_PC_SPI_UART.o)
                                0x3be (size before relaxing)
 .debug_str     0x00002c78       0x9a .\CortexM0\ARM_GCC_493\Debug\start01.a(UART_PC_UART.o)
                                0x3ef (size before relaxing)
 .debug_str     0x00002d12       0xd5 .\CortexM0\ARM_GCC_493\Debug\start01.a(UART_XB_SPI_UART.o)
                                0x2f6 (size before relaxing)
 .debug_str     0x00002de7       0x45 .\CortexM0\ARM_GCC_493\Debug\start01.a(UART_XB_SPI_UART_INT.o)
                                0x1ef (size before relaxing)
 .debug_str     0x00002e2c       0x45 .\CortexM0\ARM_GCC_493\Debug\start01.a(UART_PC_SPI_UART_INT.o)
                                0x2b1 (size before relaxing)

.debug_loc      0x00000000     0x493b
 *(.debug_loc)
 .debug_loc     0x00000000       0x37 .\CortexM0\ARM_GCC_493\Debug\main.o
 .debug_loc     0x00000037       0x55 .\CortexM0\ARM_GCC_493\Debug\LED.o
 .debug_loc     0x0000008c       0xce .\CortexM0\ARM_GCC_493\Debug\display.o
 .debug_loc     0x0000015a      0x204 .\CortexM0\ARM_GCC_493\Debug\RTC_WDT.o
 .debug_loc     0x0000035e      0x1ee .\CortexM0\ARM_GCC_493\Debug\network.o
 .debug_loc     0x0000054c       0x28 .\CortexM0\ARM_GCC_493\Debug\database.o
 .debug_loc     0x00000574       0x58 .\CortexM0\ARM_GCC_493\Debug\wait_timer.o
 .debug_loc     0x000005cc      0x11f .\CortexM0\ARM_GCC_493\Debug\crc16.o
 .debug_loc     0x000006eb      0x216 .\CortexM0\ARM_GCC_493\Debug\crc32.o
 .debug_loc     0x00000901      0x35f .\CortexM0\ARM_GCC_493\Debug\svt.o
 .debug_loc     0x00000c60      0x14f .\CortexM0\ARM_GCC_493\Debug\Cm0Start.o
 .debug_loc     0x00000daf       0xa9 .\CortexM0\ARM_GCC_493\Debug\start01.a(cyfitter_cfg.o)
 .debug_loc     0x00000e58      0x5b5 .\CortexM0\ARM_GCC_493\Debug\start01.a(CyLib.o)
 .debug_loc     0x0000140d      0x9d5 .\CortexM0\ARM_GCC_493\Debug\start01.a(CyLFClk.o)
 .debug_loc     0x00001de2       0x82 .\CortexM0\ARM_GCC_493\Debug\start01.a(Int_Timer_Led.o)
 .debug_loc     0x00001e64       0xa2 .\CortexM0\ARM_GCC_493\Debug\start01.a(LED_PIN.o)
 .debug_loc     0x00001f06      0x547 .\CortexM0\ARM_GCC_493\Debug\start01.a(Timer_LED.o)
 .debug_loc     0x0000244d      0x3e3 .\CortexM0\ARM_GCC_493\Debug\start01.a(LCD.o)
 .debug_loc     0x00002830     0x13ee .\CortexM0\ARM_GCC_493\Debug\start01.a(RTC.o)
 .debug_loc     0x00003c1e       0xa2 .\CortexM0\ARM_GCC_493\Debug\start01.a(GatePin.o)
 .debug_loc     0x00003cc0       0x7e .\CortexM0\ARM_GCC_493\Debug\start01.a(UART_XB.o)
 .debug_loc     0x00003d3e      0x173 .\CortexM0\ARM_GCC_493\Debug\start01.a(UART_XB_UART.o)
 .debug_loc     0x00003eb1      0x547 .\CortexM0\ARM_GCC_493\Debug\start01.a(Timer_Wait.o)
 .debug_loc     0x000043f8       0x82 .\CortexM0\ARM_GCC_493\Debug\start01.a(int_wait.o)
 .debug_loc     0x0000447a       0x82 .\CortexM0\ARM_GCC_493\Debug\start01.a(WDT0_ISR.o)
 .debug_loc     0x000044fc       0x7e .\CortexM0\ARM_GCC_493\Debug\start01.a(UART_PC.o)
 .debug_loc     0x0000457a      0x170 .\CortexM0\ARM_GCC_493\Debug\start01.a(UART_PC_SPI_UART.o)
 .debug_loc     0x000046ea      0x17e .\CortexM0\ARM_GCC_493\Debug\start01.a(UART_PC_UART.o)
 .debug_loc     0x00004868       0x96 .\CortexM0\ARM_GCC_493\Debug\start01.a(UART_XB_SPI_UART.o)
 .debug_loc     0x000048fe       0x3d .\CortexM0\ARM_GCC_493\Debug\start01.a(UART_PC_SPI_UART_INT.o)

.debug_macinfo
 *(.debug_macinfo)

.debug_ranges   0x00000000      0xc48
 *(.debug_ranges)
 .debug_ranges  0x00000000       0x30 .\CortexM0\ARM_GCC_493\Debug\main.o
 .debug_ranges  0x00000030       0x30 .\CortexM0\ARM_GCC_493\Debug\LED.o
 .debug_ranges  0x00000060       0x20 .\CortexM0\ARM_GCC_493\Debug\display.o
 .debug_ranges  0x00000080       0x50 .\CortexM0\ARM_GCC_493\Debug\RTC_WDT.o
 .debug_ranges  0x000000d0       0x10 .\CortexM0\ARM_GCC_493\Debug\gate.o
 .debug_ranges  0x000000e0       0x30 .\CortexM0\ARM_GCC_493\Debug\network.o
 .debug_ranges  0x00000110       0x18 .\CortexM0\ARM_GCC_493\Debug\database.o
 .debug_ranges  0x00000128       0x20 .\CortexM0\ARM_GCC_493\Debug\wait_timer.o
 .debug_ranges  0x00000148       0x18 .\CortexM0\ARM_GCC_493\Debug\crc16.o
 .debug_ranges  0x00000160       0x28 .\CortexM0\ARM_GCC_493\Debug\crc32.o
 .debug_ranges  0x00000188       0x30 .\CortexM0\ARM_GCC_493\Debug\svt.o
 .debug_ranges  0x000001b8       0x38 .\CortexM0\ARM_GCC_493\Debug\Cm0Start.o
 .debug_ranges  0x000001f0       0x20 .\CortexM0\ARM_GCC_493\Debug\start01.a(cyfitter_cfg.o)
 .debug_ranges  0x00000210      0x168 .\CortexM0\ARM_GCC_493\Debug\start01.a(CyLib.o)
 .debug_ranges  0x00000378      0x128 .\CortexM0\ARM_GCC_493\Debug\start01.a(CyLFClk.o)
 .debug_ranges  0x000004a0       0x70 .\CortexM0\ARM_GCC_493\Debug\start01.a(Int_Timer_Led.o)
 .debug_ranges  0x00000510       0x38 .\CortexM0\ARM_GCC_493\Debug\start01.a(LED_PIN.o)
 .debug_ranges  0x00000548      0x148 .\CortexM0\ARM_GCC_493\Debug\start01.a(Timer_LED.o)
 .debug_ranges  0x00000690       0x88 .\CortexM0\ARM_GCC_493\Debug\start01.a(LCD.o)
 .debug_ranges  0x00000718       0xb0 .\CortexM0\ARM_GCC_493\Debug\start01.a(RTC.o)
 .debug_ranges  0x000007c8       0x38 .\CortexM0\ARM_GCC_493\Debug\start01.a(GatePin.o)
 .debug_ranges  0x00000800       0x60 .\CortexM0\ARM_GCC_493\Debug\start01.a(UART_XB.o)
 .debug_ranges  0x00000860       0x50 .\CortexM0\ARM_GCC_493\Debug\start01.a(UART_XB_UART.o)
 .debug_ranges  0x000008b0      0x148 .\CortexM0\ARM_GCC_493\Debug\start01.a(Timer_Wait.o)
 .debug_ranges  0x000009f8       0x70 .\CortexM0\ARM_GCC_493\Debug\start01.a(int_wait.o)
 .debug_ranges  0x00000a68       0x70 .\CortexM0\ARM_GCC_493\Debug\start01.a(WDT0_ISR.o)
 .debug_ranges  0x00000ad8       0x60 .\CortexM0\ARM_GCC_493\Debug\start01.a(UART_PC.o)
 .debug_ranges  0x00000b38       0x50 .\CortexM0\ARM_GCC_493\Debug\start01.a(UART_PC_SPI_UART.o)
 .debug_ranges  0x00000b88       0x50 .\CortexM0\ARM_GCC_493\Debug\start01.a(UART_PC_UART.o)
 .debug_ranges  0x00000bd8       0x50 .\CortexM0\ARM_GCC_493\Debug\start01.a(UART_XB_SPI_UART.o)
 .debug_ranges  0x00000c28       0x10 .\CortexM0\ARM_GCC_493\Debug\start01.a(UART_XB_SPI_UART_INT.o)
 .debug_ranges  0x00000c38       0x10 .\CortexM0\ARM_GCC_493\Debug\start01.a(UART_PC_SPI_UART_INT.o)

.comment        0x00000000       0x70
 .comment       0x00000000       0x70 .\CortexM0\ARM_GCC_493\Debug\main.o
                                 0x71 (size before relaxing)
 .comment       0x00000000       0x71 .\CortexM0\ARM_GCC_493\Debug\LED.o
 .comment       0x00000000       0x71 .\CortexM0\ARM_GCC_493\Debug\display.o
 .comment       0x00000000       0x71 .\CortexM0\ARM_GCC_493\Debug\RTC_WDT.o
 .comment       0x00000000       0x71 .\CortexM0\ARM_GCC_493\Debug\gate.o
 .comment       0x00000000       0x71 .\CortexM0\ARM_GCC_493\Debug\network.o
 .comment       0x00000000       0x71 .\CortexM0\ARM_GCC_493\Debug\database.o
 .comment       0x00000000       0x71 .\CortexM0\ARM_GCC_493\Debug\wait_timer.o
 .comment       0x00000000       0x71 .\CortexM0\ARM_GCC_493\Debug\crc16.o
 .comment       0x00000000       0x71 .\CortexM0\ARM_GCC_493\Debug\crc32.o
 .comment       0x00000000       0x71 .\CortexM0\ARM_GCC_493\Debug\svt.o
 .comment       0x00000000       0x71 .\CortexM0\ARM_GCC_493\Debug\cymetadata.o
 .comment       0x00000000       0x71 .\CortexM0\ARM_GCC_493\Debug\Cm0Start.o
 .comment       0x00000000       0x71 .\CortexM0\ARM_GCC_493\Debug\start01.a(cyfitter_cfg.o)
 .comment       0x00000000       0x71 .\CortexM0\ARM_GCC_493\Debug\start01.a(CyLib.o)
 .comment       0x00000000       0x71 .\CortexM0\ARM_GCC_493\Debug\start01.a(CyLFClk.o)
 .comment       0x00000000       0x71 .\CortexM0\ARM_GCC_493\Debug\start01.a(Int_Timer_Led.o)
 .comment       0x00000000       0x71 .\CortexM0\ARM_GCC_493\Debug\start01.a(LED_PIN.o)
 .comment       0x00000000       0x71 .\CortexM0\ARM_GCC_493\Debug\start01.a(Timer_LED.o)
 .comment       0x00000000       0x71 .\CortexM0\ARM_GCC_493\Debug\start01.a(LCD.o)
 .comment       0x00000000       0x71 .\CortexM0\ARM_GCC_493\Debug\start01.a(RTC.o)
 .comment       0x00000000       0x71 .\CortexM0\ARM_GCC_493\Debug\start01.a(GatePin.o)
 .comment       0x00000000       0x71 .\CortexM0\ARM_GCC_493\Debug\start01.a(UART_XB.o)
 .comment       0x00000000       0x71 .\CortexM0\ARM_GCC_493\Debug\start01.a(UART_XB_UART.o)
 .comment       0x00000000       0x71 .\CortexM0\ARM_GCC_493\Debug\start01.a(Timer_Wait.o)
 .comment       0x00000000       0x71 .\CortexM0\ARM_GCC_493\Debug\start01.a(int_wait.o)
 .comment       0x00000000       0x71 .\CortexM0\ARM_GCC_493\Debug\start01.a(WDT0_ISR.o)
 .comment       0x00000000       0x71 .\CortexM0\ARM_GCC_493\Debug\start01.a(UART_PC.o)
 .comment       0x00000000       0x71 .\CortexM0\ARM_GCC_493\Debug\start01.a(UART_PC_SPI_UART.o)
 .comment       0x00000000       0x71 .\CortexM0\ARM_GCC_493\Debug\start01.a(UART_PC_UART.o)
 .comment       0x00000000       0x71 .\CortexM0\ARM_GCC_493\Debug\start01.a(UART_XB_SPI_UART.o)
 .comment       0x00000000       0x71 .\CortexM0\ARM_GCC_493\Debug\start01.a(UART_XB_SPI_UART_INT.o)
 .comment       0x00000000       0x71 .\CortexM0\ARM_GCC_493\Debug\start01.a(UART_PC_SPI_UART_INT.o)

.debug_weaknames
 *(.debug_weaknames)

.debug_funcnames
 *(.debug_funcnames)

.debug_typenames
 *(.debug_typenames)

.debug_varnames
 *(.debug_varnames)

.note.gnu.arm.ident
 *(.note.gnu.arm.ident)

.ARM.attributes
                0x00000000       0x28
 *(.ARM.attributes)
 .ARM.attributes
                0x00000000       0x1e c:/program files (x86)/cypress/psoc creator/3.3/psoc creator/import/gnu/arm/4.9.3/bin/../lib/gcc/arm-none-eabi/4.9.3/armv6-m/crti.o
 .ARM.attributes
                0x0000001e       0x2c c:/program files (x86)/cypress/psoc creator/3.3/psoc creator/import/gnu/arm/4.9.3/bin/../lib/gcc/arm-none-eabi/4.9.3/armv6-m/crtbegin.o
 .ARM.attributes
                0x0000004a       0x1b c:/program files (x86)/cypress/psoc creator/3.3/psoc creator/import/gnu/arm/4.9.3/bin/../lib/gcc/arm-none-eabi/4.9.3/../../../../arm-none-eabi/lib/armv6-m/crt0.o
 .ARM.attributes
                0x00000065       0x31 .\CortexM0\ARM_GCC_493\Debug\main.o
 .ARM.attributes
                0x00000096       0x31 .\CortexM0\ARM_GCC_493\Debug\LED.o
 .ARM.attributes
                0x000000c7       0x31 .\CortexM0\ARM_GCC_493\Debug\display.o
 .ARM.attributes
                0x000000f8       0x31 .\CortexM0\ARM_GCC_493\Debug\RTC_WDT.o
 .ARM.attributes
                0x00000129       0x31 .\CortexM0\ARM_GCC_493\Debug\gate.o
 .ARM.attributes
                0x0000015a       0x31 .\CortexM0\ARM_GCC_493\Debug\network.o
 .ARM.attributes
                0x0000018b       0x31 .\CortexM0\ARM_GCC_493\Debug\database.o
 .ARM.attributes
                0x000001bc       0x31 .\CortexM0\ARM_GCC_493\Debug\wait_timer.o
 .ARM.attributes
                0x000001ed       0x31 .\CortexM0\ARM_GCC_493\Debug\crc16.o
 .ARM.attributes
                0x0000021e       0x31 .\CortexM0\ARM_GCC_493\Debug\crc32.o
 .ARM.attributes
                0x0000024f       0x31 .\CortexM0\ARM_GCC_493\Debug\svt.o
 .ARM.attributes
                0x00000280       0x31 .\CortexM0\ARM_GCC_493\Debug\cymetadata.o
 .ARM.attributes
                0x000002b1       0x31 .\CortexM0\ARM_GCC_493\Debug\Cm0Start.o
 .ARM.attributes
                0x000002e2       0x31 .\CortexM0\ARM_GCC_493\Debug\start01.a(cyfitter_cfg.o)
 .ARM.attributes
                0x00000313       0x31 .\CortexM0\ARM_GCC_493\Debug\start01.a(CyLib.o)
 .ARM.attributes
                0x00000344       0x31 .\CortexM0\ARM_GCC_493\Debug\start01.a(CyLFClk.o)
 .ARM.attributes
                0x00000375       0x31 .\CortexM0\ARM_GCC_493\Debug\start01.a(Int_Timer_Led.o)
 .ARM.attributes
                0x000003a6       0x31 .\CortexM0\ARM_GCC_493\Debug\start01.a(LED_PIN.o)
 .ARM.attributes
                0x000003d7       0x31 .\CortexM0\ARM_GCC_493\Debug\start01.a(Timer_LED.o)
 .ARM.attributes
                0x00000408       0x31 .\CortexM0\ARM_GCC_493\Debug\start01.a(LCD.o)
 .ARM.attributes
                0x00000439       0x31 .\CortexM0\ARM_GCC_493\Debug\start01.a(RTC.o)
 .ARM.attributes
                0x0000046a       0x31 .\CortexM0\ARM_GCC_493\Debug\start01.a(GatePin.o)
 .ARM.attributes
                0x0000049b       0x31 .\CortexM0\ARM_GCC_493\Debug\start01.a(UART_XB.o)
 .ARM.attributes
                0x000004cc       0x31 .\CortexM0\ARM_GCC_493\Debug\start01.a(UART_XB_UART.o)
 .ARM.attributes
                0x000004fd       0x31 .\CortexM0\ARM_GCC_493\Debug\start01.a(Timer_Wait.o)
 .ARM.attributes
                0x0000052e       0x31 .\CortexM0\ARM_GCC_493\Debug\start01.a(int_wait.o)
 .ARM.attributes
                0x0000055f       0x31 .\CortexM0\ARM_GCC_493\Debug\start01.a(WDT0_ISR.o)
 .ARM.attributes
                0x00000590       0x31 .\CortexM0\ARM_GCC_493\Debug\start01.a(UART_PC.o)
 .ARM.attributes
                0x000005c1       0x31 .\CortexM0\ARM_GCC_493\Debug\start01.a(UART_PC_SPI_UART.o)
 .ARM.attributes
                0x000005f2       0x31 .\CortexM0\ARM_GCC_493\Debug\start01.a(UART_PC_UART.o)
 .ARM.attributes
                0x00000623       0x21 .\CortexM0\ARM_GCC_493\Debug\start01.a(CyBootAsmGnu.o)
 .ARM.attributes
                0x00000644       0x31 .\CortexM0\ARM_GCC_493\Debug\start01.a(UART_XB_SPI_UART.o)
 .ARM.attributes
                0x00000675       0x31 .\CortexM0\ARM_GCC_493\Debug\start01.a(UART_XB_SPI_UART_INT.o)
 .ARM.attributes
                0x000006a6       0x31 .\CortexM0\ARM_GCC_493\Debug\start01.a(UART_PC_SPI_UART_INT.o)
 .ARM.attributes
                0x000006d7       0x1e c:/program files (x86)/cypress/psoc creator/3.3/psoc creator/import/gnu/arm/4.9.3/bin/../lib/gcc/arm-none-eabi/4.9.3/armv6-m\libgcc.a(_udivsi3.o)
 .ARM.attributes
                0x000006f5       0x1e c:/program files (x86)/cypress/psoc creator/3.3/psoc creator/import/gnu/arm/4.9.3/bin/../lib/gcc/arm-none-eabi/4.9.3/armv6-m\libgcc.a(_dvmd_tls.o)
 .ARM.attributes
                0x00000713       0x1e c:/program files (x86)/cypress/psoc creator/3.3/psoc creator/import/gnu/arm/4.9.3/bin/../lib/gcc/arm-none-eabi/4.9.3/armv6-m\libgcc.a(_aeabi_uldivmod.o)
 .ARM.attributes
                0x00000731       0x2c c:/program files (x86)/cypress/psoc creator/3.3/psoc creator/import/gnu/arm/4.9.3/bin/../lib/gcc/arm-none-eabi/4.9.3/armv6-m\libgcc.a(bpabi.o)
 .ARM.attributes
                0x0000075d       0x2c c:/program files (x86)/cypress/psoc creator/3.3/psoc creator/import/gnu/arm/4.9.3/bin/../lib/gcc/arm-none-eabi/4.9.3/armv6-m\libgcc.a(_muldi3.o)
 .ARM.attributes
                0x00000789       0x2c c:/program files (x86)/cypress/psoc creator/3.3/psoc creator/import/gnu/arm/4.9.3/bin/../lib/gcc/arm-none-eabi/4.9.3/armv6-m\libgcc.a(_divdi3.o)
 .ARM.attributes
                0x000007b5       0x2c c:/program files (x86)/cypress/psoc creator/3.3/psoc creator/import/gnu/arm/4.9.3/bin/../lib/gcc/arm-none-eabi/4.9.3/armv6-m\libgcc.a(_udivdi3.o)
 .ARM.attributes
                0x000007e1       0x1e c:/program files (x86)/cypress/psoc creator/3.3/psoc creator/import/gnu/arm/4.9.3/bin/../lib/gcc/arm-none-eabi/4.9.3/armv6-m\libgcc.a(_clzdi2.o)
 .ARM.attributes
                0x000007ff       0x1e c:/program files (x86)/cypress/psoc creator/3.3/psoc creator/import/gnu/arm/4.9.3/bin/../lib/gcc/arm-none-eabi/4.9.3/armv6-m\libgcc.a(_clzsi2.o)
 .ARM.attributes
                0x0000081d       0x2c c:/program files (x86)/cypress/psoc creator/3.3/psoc creator/import/gnu/arm/4.9.3/bin/../lib/gcc/arm-none-eabi/4.9.3/../../../../arm-none-eabi/lib/armv6-m\libg_nano.a(lib_a-errno.o)
 .ARM.attributes
                0x00000849       0x2c c:/program files (x86)/cypress/psoc creator/3.3/psoc creator/import/gnu/arm/4.9.3/bin/../lib/gcc/arm-none-eabi/4.9.3/../../../../arm-none-eabi/lib/armv6-m\libg_nano.a(lib_a-exit.o)
 .ARM.attributes
                0x00000875       0x2c c:/program files (x86)/cypress/psoc creator/3.3/psoc creator/import/gnu/arm/4.9.3/bin/../lib/gcc/arm-none-eabi/4.9.3/../../../../arm-none-eabi/lib/armv6-m\libg_nano.a(lib_a-impure.o)
 .ARM.attributes
                0x000008a1       0x2c c:/program files (x86)/cypress/psoc creator/3.3/psoc creator/import/gnu/arm/4.9.3/bin/../lib/gcc/arm-none-eabi/4.9.3/../../../../arm-none-eabi/lib/armv6-m\libg_nano.a(lib_a-init.o)
 .ARM.attributes
                0x000008cd       0x2c c:/program files (x86)/cypress/psoc creator/3.3/psoc creator/import/gnu/arm/4.9.3/bin/../lib/gcc/arm-none-eabi/4.9.3/../../../../arm-none-eabi/lib/armv6-m\libg_nano.a(lib_a-memcpy.o)
 .ARM.attributes
                0x000008f9       0x2c c:/program files (x86)/cypress/psoc creator/3.3/psoc creator/import/gnu/arm/4.9.3/bin/../lib/gcc/arm-none-eabi/4.9.3/../../../../arm-none-eabi/lib/armv6-m\libg_nano.a(lib_a-memset.o)
 .ARM.attributes
                0x00000925       0x2c c:/program files (x86)/cypress/psoc creator/3.3/psoc creator/import/gnu/arm/4.9.3/bin/../lib/gcc/arm-none-eabi/4.9.3/../../../../arm-none-eabi/lib/armv6-m\libg_nano.a(lib_a-sprintf.o)
 .ARM.attributes
                0x00000951       0x2c c:/program files (x86)/cypress/psoc creator/3.3/psoc creator/import/gnu/arm/4.9.3/bin/../lib/gcc/arm-none-eabi/4.9.3/../../../../arm-none-eabi/lib/armv6-m\libg_nano.a(lib_a-strcat.o)
 .ARM.attributes