Archive member included because of file (symbol)

.\CortexM0\ARM_GCC_493\Debug\start01.a(cyfitter_cfg.o)
                              .\CortexM0\ARM_GCC_493\Debug\Cm0Start.o (cyfitter_cfg)
.\CortexM0\ARM_GCC_493\Debug\start01.a(CyLib.o)
                              .\CortexM0\ARM_GCC_493\Debug\start01.a(cyfitter_cfg.o) (CyIntEnable)
.\CortexM0\ARM_GCC_493\Debug\start01.a(CyLFClk.o)
                              .\CortexM0\ARM_GCC_493\Debug\start01.a(cyfitter_cfg.o) (CySysWdtIsr)
.\CortexM0\ARM_GCC_493\Debug\start01.a(Int_Timer_Led.o)
                              .\CortexM0\ARM_GCC_493\Debug\LED.o (Int_Timer_Led_StartEx)
.\CortexM0\ARM_GCC_493\Debug\start01.a(LED_PIN.o)
                              .\CortexM0\ARM_GCC_493\Debug\LED.o (LED_PIN_Write)
.\CortexM0\ARM_GCC_493\Debug\start01.a(Timer_LED.o)
                              .\CortexM0\ARM_GCC_493\Debug\LED.o (Timer_LED_Stop)
.\CortexM0\ARM_GCC_493\Debug\start01.a(LCD.o)
                              .\CortexM0\ARM_GCC_493\Debug\display.o (LCD_PrintString)
.\CortexM0\ARM_GCC_493\Debug\start01.a(RTC.o)
                              .\CortexM0\ARM_GCC_493\Debug\RTC_WDT.o (RTC_Start)
.\CortexM0\ARM_GCC_493\Debug\start01.a(GatePin.o)
                              .\CortexM0\ARM_GCC_493\Debug\gate.o (GatePin_Read)
.\CortexM0\ARM_GCC_493\Debug\start01.a(CyBootAsmGnu.o)
                              .\CortexM0\ARM_GCC_493\Debug\start01.a(CyLib.o) (CyDelayCycles)
c:/program files (x86)/cypress/psoc creator/3.3/psoc creator/import/gnu/arm/4.9.3/bin/../lib/gcc/arm-none-eabi/4.9.3/armv6-m\libgcc.a(_udivsi3.o)
                              .\CortexM0\ARM_GCC_493\Debug\LED.o (__aeabi_uidiv)
c:/program files (x86)/cypress/psoc creator/3.3/psoc creator/import/gnu/arm/4.9.3/bin/../lib/gcc/arm-none-eabi/4.9.3/armv6-m\libgcc.a(_dvmd_tls.o)
                              c:/program files (x86)/cypress/psoc creator/3.3/psoc creator/import/gnu/arm/4.9.3/bin/../lib/gcc/arm-none-eabi/4.9.3/armv6-m\libgcc.a(_udivsi3.o) (__aeabi_idiv0)
c:/program files (x86)/cypress/psoc creator/3.3/psoc creator/import/gnu/arm/4.9.3/bin/../lib/gcc/arm-none-eabi/4.9.3/armv6-m\libgcc.a(_aeabi_uldivmod.o)
                              .\CortexM0\ARM_GCC_493\Debug\start01.a(RTC.o) (__aeabi_uldivmod)
c:/program files (x86)/cypress/psoc creator/3.3/psoc creator/import/gnu/arm/4.9.3/bin/../lib/gcc/arm-none-eabi/4.9.3/armv6-m\libgcc.a(bpabi.o)
                              c:/program files (x86)/cypress/psoc creator/3.3/psoc creator/import/gnu/arm/4.9.3/bin/../lib/gcc/arm-none-eabi/4.9.3/armv6-m\libgcc.a(_aeabi_uldivmod.o) (__gnu_uldivmod_helper)
c:/program files (x86)/cypress/psoc creator/3.3/psoc creator/import/gnu/arm/4.9.3/bin/../lib/gcc/arm-none-eabi/4.9.3/armv6-m\libgcc.a(_muldi3.o)
                              c:/program files (x86)/cypress/psoc creator/3.3/psoc creator/import/gnu/arm/4.9.3/bin/../lib/gcc/arm-none-eabi/4.9.3/armv6-m\libgcc.a(bpabi.o) (__aeabi_lmul)
c:/program files (x86)/cypress/psoc creator/3.3/psoc creator/import/gnu/arm/4.9.3/bin/../lib/gcc/arm-none-eabi/4.9.3/armv6-m\libgcc.a(_divdi3.o)
                              c:/program files (x86)/cypress/psoc creator/3.3/psoc creator/import/gnu/arm/4.9.3/bin/../lib/gcc/arm-none-eabi/4.9.3/armv6-m\libgcc.a(bpabi.o) (__divdi3)
c:/program files (x86)/cypress/psoc creator/3.3/psoc creator/import/gnu/arm/4.9.3/bin/../lib/gcc/arm-none-eabi/4.9.3/armv6-m\libgcc.a(_udivdi3.o)
                              c:/program files (x86)/cypress/psoc creator/3.3/psoc creator/import/gnu/arm/4.9.3/bin/../lib/gcc/arm-none-eabi/4.9.3/armv6-m\libgcc.a(bpabi.o) (__udivdi3)
c:/program files (x86)/cypress/psoc creator/3.3/psoc creator/import/gnu/arm/4.9.3/bin/../lib/gcc/arm-none-eabi/4.9.3/armv6-m\libgcc.a(_clzdi2.o)
                              c:/program files (x86)/cypress/psoc creator/3.3/psoc creator/import/gnu/arm/4.9.3/bin/../lib/gcc/arm-none-eabi/4.9.3/armv6-m\libgcc.a(_divdi3.o) (__clzdi2)
c:/program files (x86)/cypress/psoc creator/3.3/psoc creator/import/gnu/arm/4.9.3/bin/../lib/gcc/arm-none-eabi/4.9.3/armv6-m\libgcc.a(_clzsi2.o)
                              c:/program files (x86)/cypress/psoc creator/3.3/psoc creator/import/gnu/arm/4.9.3/bin/../lib/gcc/arm-none-eabi/4.9.3/armv6-m\libgcc.a(_clzdi2.o) (__clzsi2)
c:/program files (x86)/cypress/psoc creator/3.3/psoc creator/import/gnu/arm/4.9.3/bin/../lib/gcc/arm-none-eabi/4.9.3/../../../../arm-none-eabi/lib/armv6-m\libg_nano.a(lib_a-errno.o)
                              .\CortexM0\ARM_GCC_493\Debug\Cm0Start.o (__errno)
c:/program files (x86)/cypress/psoc creator/3.3/psoc creator/import/gnu/arm/4.9.3/bin/../lib/gcc/arm-none-eabi/4.9.3/../../../../arm-none-eabi/lib/armv6-m\libg_nano.a(lib_a-exit.o)
                              c:/program files (x86)/cypress/psoc creator/3.3/psoc creator/import/gnu/arm/4.9.3/bin/../lib/gcc/arm-none-eabi/4.9.3/../../../../arm-none-eabi/lib/armv6-m/crt0.o (exit)
[...]
Memory Configuration

Name             Origin             Length             Attributes
rom              0x00000000         0x00008000         xr
ram              0x20000000         0x00001000         xrw
*default*        0x00000000         0xffffffff

Linker script and memory map

LOAD c:/program files (x86)/cypress/psoc creator/3.3/psoc creator/import/gnu/arm/4.9.3/bin/../lib/gcc/arm-none-eabi/4.9.3/armv6-m/crti.o
LOAD c:/program files (x86)/cypress/psoc creator/3.3/psoc creator/import/gnu/arm/4.9.3/bin/../lib/gcc/arm-none-eabi/4.9.3/armv6-m/crtbegin.o
LOAD c:/program files (x86)/cypress/psoc creator/3.3/psoc creator/import/gnu/arm/4.9.3/bin/../lib/gcc/arm-none-eabi/4.9.3/../../../../arm-none-eabi/lib/armv6-m/crt0.o
START GROUP
LOAD .\CortexM0\ARM_GCC_493\Debug\main.o
LOAD .\CortexM0\ARM_GCC_493\Debug\LED.o
LOAD .\CortexM0\ARM_GCC_493\Debug\display.o
LOAD .\CortexM0\ARM_GCC_493\Debug\RTC_WDT.o
LOAD .\CortexM0\ARM_GCC_493\Debug\gate.o
LOAD .\CortexM0\ARM_GCC_493\Debug\cymetadata.o
LOAD .\CortexM0\ARM_GCC_493\Debug\Cm0Start.o
LOAD .\CortexM0\ARM_GCC_493\Debug\start01.a
LOAD C:\Program Files (x86)\Cypress\PSoC Creator\3.3\PSoC Creator\psoc\content\cycomponentlibrary\CyComponentLibrary.cylib\CortexM0\ARM_GCC_493\Debug\CyComponentLibrary.a
END GROUP
START GROUP
LOAD c:/program files (x86)/cypress/psoc creator/3.3/psoc creator/import/gnu/arm/4.9.3/bin/../lib/gcc/arm-none-eabi/4.9.3/armv6-m\libgcc.a
LOAD c:/program files (x86)/cypress/psoc creator/3.3/psoc creator/import/gnu/arm/4.9.3/bin/../lib/gcc/arm-none-eabi/4.9.3/../../../../arm-none-eabi/lib/armv6-m\libg_nano.a
LOAD c:/program files (x86)/cypress/psoc creator/3.3/psoc creator/import/gnu/arm/4.9.3/bin/../lib/gcc/arm-none-eabi/4.9.3/../../../../arm-none-eabi/lib/armv6-m\libc_nano.a
END GROUP
START GROUP
LOAD c:/program files (x86)/cypress/psoc creator/3.3/psoc creator/import/gnu/arm/4.9.3/bin/../lib/gcc/arm-none-eabi/4.9.3/armv6-m\libgcc.a
LOAD c:/program files (x86)/cypress/psoc creator/3.3/psoc creator/import/gnu/arm/4.9.3/bin/../lib/gcc/arm-none-eabi/4.9.3/../../../../arm-none-eabi/lib/armv6-m\libc_nano.a
END GROUP
LOAD c:/program files (x86)/cypress/psoc creator/3.3/psoc creator/import/gnu/arm/4.9.3/bin/../lib/gcc/arm-none-eabi/4.9.3/armv6-m/crtend.o
LOAD c:/program files (x86)/cypress/psoc creator/3.3/psoc creator/import/gnu/arm/4.9.3/bin/../lib/gcc/arm-none-eabi/4.9.3/armv6-m/crtn.o
START GROUP
LOAD c:/program files (x86)/cypress/psoc creator/3.3/psoc creator/import/gnu/arm/4.9.3/bin/../lib/gcc/arm-none-eabi/4.9.3/armv6-m\libgcc.a
LOAD c:/program files (x86)/cypress/psoc creator/3.3/psoc creator/import/gnu/arm/4.9.3/bin/../lib/gcc/arm-none-eabi/4.9.3/../../../../arm-none-eabi/lib/armv6-m\libc.a
LOAD c:/program files (x86)/cypress/psoc creator/3.3/psoc creator/import/gnu/arm/4.9.3/bin/../lib/gcc/arm-none-eabi/4.9.3/../../../../arm-none-eabi/lib/armv6-m\libnosys.a
END GROUP
                0x00000000                CY_APPL_ORIGIN = 0x0
                0x00000080                CY_FLASH_ROW_SIZE = 0x80
                0x00000001                CY_APPL_NUM = 0x1
                0x00000001                CY_APPL_MAX = 0x1
                0x00000040                CY_METADATA_SIZE = 0x40
                0x00000000                CY_APPL_LOADABLE = 0x0
                0x00000000                CY_CHECKSUM_EXCLUDE_SIZE = ALIGN (0x0, CY_FLASH_ROW_SIZE)
                0x00000000                CY_APP_FOR_STACK_AND_COPIER = 0x0
                0x200001d8                PROVIDE (__cy_heap_start, _end)
                0x00000001                PROVIDE (__cy_region_num, ((__cy_regions_end - __cy_regions) / 0x10))
                0x20001000                PROVIDE (__cy_stack, (ORIGIN (ram) + 0x1000))
                0x20000c00                PROVIDE (__cy_heap_end, (__cy_stack - 0x400))

.cybootloader   0x00000000        0x0
 *(.cybootloader)
                0x00000000                appl1_start = CY_APPL_ORIGIN?CY_APPL_ORIGIN:ALIGN (CY_FLASH_ROW_SIZE)
                0x00003f80                appl2_start = (appl1_start + ALIGN ((((0x8000 - appl1_start) - (0x2 * CY_FLASH_ROW_SIZE)) / 0x2), CY_FLASH_ROW_SIZE))
                0x00000000                appl_start = (CY_APPL_NUM == 0x1)?appl1_start:appl2_start
                0x00000001                cy_project_type_bootloader = (appl_start == 0x0)?0x1:0x0
                0x00000000                cy_project_type_app_for_stack_and_copier = (CY_APP_FOR_STACK_AND_COPIER == 0x1)?0x1:0x0

.text           0x00000000     0x175a
 CREATE_OBJECT_SYMBOLS
                0x00000000                PROVIDE (__cy_interrupt_vector, RomVectors)
 *(.romvectors)
 .romvectors    0x00000000       0x10 .\CortexM0\ARM_GCC_493\Debug\Cm0Start.o
                0x00000000                RomVectors
                0x00000001                ASSERT ((. != __cy_interrupt_vector), No interrupt vector)
                0x00000001                ASSERT (CY_APPL_ORIGIN?(SIZEOF (.cybootloader) <= CY_APPL_ORIGIN):0x1, Wrong image location)
                0x00000010                PROVIDE (__cy_reset, Reset)
 *(.text.Reset)
 .text.Reset    0x00000010        0x8 .\CortexM0\ARM_GCC_493\Debug\Cm0Start.o
                0x00000010                Reset
                0x00000001                ASSERT ((. != __cy_reset), No reset code)
 *(.psocinit)
 .psocinit      0x00000018      0x134 .\CortexM0\ARM_GCC_493\Debug\start01.a(cyfitter_cfg.o)
                0x00000090                cyfitter_cfg
                0x0000014c                . = MAX (., 0x100)
 *(.text .text.* .gnu.linkonce.t.*)
 .text          0x0000014c       0x60 c:/program files (x86)/cypress/psoc creator/3.3/psoc creator/import/gnu/arm/4.9.3/bin/../lib/gcc/arm-none-eabi/4.9.3/armv6-m/crtbegin.o
 .text.RTC_GetMinutes
                0x000001ac       0x14 .\CortexM0\ARM_GCC_493\Debug\main.o
 .text.SystemInit
                0x000001c0       0x18 .\CortexM0\ARM_GCC_493\Debug\main.o
                0x000001c0                SystemInit
 .text.SystemReadyToStart
                0x000001d8       0x14 .\CortexM0\ARM_GCC_493\Debug\main.o
                0x000001d8                SystemReadyToStart
 .text.SkierStart
                0x000001ec       0x28 .\CortexM0\ARM_GCC_493\Debug\main.o
                0x000001ec                SkierStart
 .text.ErrorStarted
                0x00000214       0x14 .\CortexM0\ARM_GCC_493\Debug\main.o
                0x00000214                ErrorStarted
 .text.main     0x00000228       0x1c .\CortexM0\ARM_GCC_493\Debug\main.o
                0x00000228                main
 .text.LedHandler
                0x00000244       0x18 .\CortexM0\ARM_GCC_493\Debug\LED.o
                0x00000244                LedHandler
 .text.LedInit  0x0000025c       0x24 .\CortexM0\ARM_GCC_493\Debug\LED.o
                0x0000025c                LedInit
 .text.LedBlink
                0x00000280       0x1c .\CortexM0\ARM_GCC_493\Debug\LED.o
                0x00000280                LedBlink
 .text.SetLedState
                0x0000029c       0x10 .\CortexM0\ARM_GCC_493\Debug\LED.o
                0x0000029c                SetLedState
 .text.DisplayConfig
                0x000002ac        0x8 .\CortexM0\ARM_GCC_493\Debug\display.o
                0x000002ac                DisplayConfig
 .text.DisplayPrintf
                0x000002b4       0x20 .\CortexM0\ARM_GCC_493\Debug\display.o
                0x000002b4                DisplayPrintf
 .text.RTC_WDT_Init
                0x000002d4        0x8 .\CortexM0\ARM_GCC_493\Debug\RTC_WDT.o
                0x000002d4                RTC_WDT_Init
 .text.GateOpen
                0x000002dc       0x14 .\CortexM0\ARM_GCC_493\Debug\gate.o
                0x000002dc                GateOpen
 .text.IntDefaultHandler
                0x000002f0        0x4 .\CortexM0\ARM_GCC_493\Debug\Cm0Start.o
                0x000002f0                IntDefaultHandler
 .text._sbrk    0x000002f4       0x30 .\CortexM0\ARM_GCC_493\Debug\Cm0Start.o
                0x000002f4                _sbrk
 .text.Start_c  0x00000324       0x48 .\CortexM0\ARM_GCC_493\Debug\Cm0Start.o
                0x00000324                Start_c
 .text.initialize_psoc
                0x0000036c       0x48 .\CortexM0\ARM_GCC_493\Debug\Cm0Start.o
                0x0000036c                initialize_psoc
 .text.CYMEMZERO
                0x000003b4        0xc .\CortexM0\ARM_GCC_493\Debug\start01.a(cyfitter_cfg.o)
 .text.CyIntEnable
                0x000003c0       0x14 .\CortexM0\ARM_GCC_493\Debug\start01.a(CyLib.o)
                0x000003c0                CyIntEnable
 .text.CyHalt   0x000003d4        0x4 .\CortexM0\ARM_GCC_493\Debug\start01.a(CyLib.o)
                0x000003d4                CyHalt
 .text.CyIntSetVector
                0x000003d8       0x24 .\CortexM0\ARM_GCC_493\Debug\start01.a(CyLib.o)
                0x000003d8                CyIntSetVector
 .text.CyDelay  0x000003fc       0x30 .\CortexM0\ARM_GCC_493\Debug\start01.a(CyLib.o)
                0x000003fc                CyDelay
 .text.CyDelayUs
                0x0000042c       0x14 .\CortexM0\ARM_GCC_493\Debug\start01.a(CyLib.o)
                0x0000042c                CyDelayUs
 .text.CySysClkWriteImoFreq
                0x00000440      0x164 .\CortexM0\ARM_GCC_493\Debug\start01.a(CyLib.o)
                0x00000440                CySysClkWriteImoFreq
 .text.CySysWdtLocked
                0x000005a4       0x14 .\CortexM0\ARM_GCC_493\Debug\start01.a(CyLFClk.o)
 .text.CySysWdtLock
                0x000005b8       0x1c .\CortexM0\ARM_GCC_493\Debug\start01.a(CyLFClk.o)
                0x000005b8                CySysWdtLock
 .text.CySysWdtUnlock
                0x000005d4       0x30 .\CortexM0\ARM_GCC_493\Debug\start01.a(CyLFClk.o)
                0x000005d4                CySysWdtUnlock
 .text.CySysWdtClearInterrupt
                0x00000604       0x4c .\CortexM0\ARM_GCC_493\Debug\start01.a(CyLFClk.o)
                0x00000604                CySysWdtClearInterrupt
 .text.CySysWdtIsr
                0x00000650       0xa4 .\CortexM0\ARM_GCC_493\Debug\start01.a(CyLFClk.o)
                0x00000650                CySysWdtIsr
 .text.Int_Timer_Led_SetVector
                0x000006f4        0xc .\CortexM0\ARM_GCC_493\Debug\start01.a(Int_Timer_Led.o)
                0x000006f4                Int_Timer_Led_SetVector
 .text.Int_Timer_Led_SetPriority
                0x00000700       0x20 .\CortexM0\ARM_GCC_493\Debug\start01.a(Int_Timer_Led.o)
                0x00000700                Int_Timer_Led_SetPriority
 .text.Int_Timer_Led_Enable
                0x00000720       0x10 .\CortexM0\ARM_GCC_493\Debug\start01.a(Int_Timer_Led.o)
                0x00000720                Int_Timer_Led_Enable
 .text.Int_Timer_Led_Disable
                0x00000730       0x10 .\CortexM0\ARM_GCC_493\Debug\start01.a(Int_Timer_Led.o)
                0x00000730                Int_Timer_Led_Disable
 .text.Int_Timer_Led_StartEx
                0x00000740       0x1c .\CortexM0\ARM_GCC_493\Debug\start01.a(Int_Timer_Led.o)
                0x00000740                Int_Timer_Led_StartEx
 .text.LED_PIN_Write
                0x0000075c       0x18 .\CortexM0\ARM_GCC_493\Debug\start01.a(LED_PIN.o)
                0x0000075c                LED_PIN_Write
 .text.LED_PIN_Read
                0x00000774       0x10 .\CortexM0\ARM_GCC_493\Debug\start01.a(LED_PIN.o)
                0x00000774                LED_PIN_Read
 .text.Timer_LED_Stop
                0x00000784       0x1c .\CortexM0\ARM_GCC_493\Debug\start01.a(Timer_LED.o)
                0x00000784                Timer_LED_Stop
 .text.Timer_LED_WriteCounter
                0x000007a0       0x10 .\CortexM0\ARM_GCC_493\Debug\start01.a(Timer_LED.o)
                0x000007a0                Timer_LED_WriteCounter
 .text.Timer_LED_WritePeriod
                0x000007b0       0x10 .\CortexM0\ARM_GCC_493\Debug\start01.a(Timer_LED.o)
                0x000007b0                Timer_LED_WritePeriod
 .text.Timer_LED_ReadPeriod
                0x000007c0       0x10 .\CortexM0\ARM_GCC_493\Debug\start01.a(Timer_LED.o)
                0x000007c0                Timer_LED_ReadPeriod
 .text.Timer_LED_WriteCompare
                0x000007d0       0x10 .\CortexM0\ARM_GCC_493\Debug\start01.a(Timer_LED.o)
                0x000007d0                Timer_LED_WriteCompare
 .text.Timer_LED_TriggerCommand
                0x000007e0       0x1c .\CortexM0\ARM_GCC_493\Debug\start01.a(Timer_LED.o)
                0x000007e0                Timer_LED_TriggerCommand
 .text.Timer_LED_Enable
                0x000007fc       0x24 .\CortexM0\ARM_GCC_493\Debug\start01.a(Timer_LED.o)
                0x000007fc                Timer_LED_Enable
 .text.Timer_LED_SetInterruptMode
                0x00000820        0xc .\CortexM0\ARM_GCC_493\Debug\start01.a(Timer_LED.o)
                0x00000820                Timer_LED_SetInterruptMode
 .text.Timer_LED_Init
                0x0000082c       0x38 .\CortexM0\ARM_GCC_493\Debug\start01.a(Timer_LED.o)
                0x0000082c                Timer_LED_Init
 .text.Timer_LED_ClearInterrupt
                0x00000864        0xc .\CortexM0\ARM_GCC_493\Debug\start01.a(Timer_LED.o)
                0x00000864                Timer_LED_ClearInterrupt
 .text.LCD_WrCntrlNib
                0x00000870       0x34 .\CortexM0\ARM_GCC_493\Debug\start01.a(LCD.o)
 .text.LCD_WrDatNib
                0x000008a4       0x44 .\CortexM0\ARM_GCC_493\Debug\start01.a(LCD.o)
 .text.LCD_IsReady
                0x000008e8       0xb4 .\CortexM0\ARM_GCC_493\Debug\start01.a(LCD.o)
                0x000008e8                LCD_IsReady
 .text.LCD_WriteData
                0x0000099c       0x18 .\CortexM0\ARM_GCC_493\Debug\start01.a(LCD.o)
                0x0000099c                LCD_WriteData
 .text.LCD_PrintString
                0x000009b4       0x1c .\CortexM0\ARM_GCC_493\Debug\start01.a(LCD.o)
                0x000009b4                LCD_PrintString
 .text.LCD_WriteControl
                0x000009d0       0x18 .\CortexM0\ARM_GCC_493\Debug\start01.a(LCD.o)
                0x000009d0                LCD_WriteControl
 .text.LCD_Init
                0x000009e8       0x6c .\CortexM0\ARM_GCC_493\Debug\start01.a(LCD.o)
                0x000009e8                LCD_Init
 .text.LCD_Enable
                0x00000a54       0x14 .\CortexM0\ARM_GCC_493\Debug\start01.a(LCD.o)
                0x00000a54                LCD_Enable
 .text.LCD_Start
                0x00000a68       0x20 .\CortexM0\ARM_GCC_493\Debug\start01.a(LCD.o)
                0x00000a68                LCD_Start
 .text.LCD_Position
                0x00000a88       0x3c .\CortexM0\ARM_GCC_493\Debug\start01.a(LCD.o)
                0x00000a88                LCD_Position
 .text.RTC_DateTimeToUnix
                0x00000ac4      0x1b0 .\CortexM0\ARM_GCC_493\Debug\start01.a(RTC.o)
                0x00000ac4                RTC_DateTimeToUnix
 .text.RTC_SetDateAndTime
                0x00000c74       0xbc .\CortexM0\ARM_GCC_493\Debug\start01.a(RTC.o)
                0x00000c74                RTC_SetDateAndTime
 .text.RTC_Init
                0x00000d30       0x40 .\CortexM0\ARM_GCC_493\Debug\start01.a(RTC.o)
                0x00000d30                RTC_Init
 .text.RTC_Start
                0x00000d70       0x14 .\CortexM0\ARM_GCC_493\Debug\start01.a(RTC.o)
                0x00000d70                RTC_Start
 .text.GatePin_Read
                0x00000d84       0x10 .\CortexM0\ARM_GCC_493\Debug\start01.a(GatePin.o)
                0x00000d84                GatePin_Read
 *fill*         0x00000d94        0x4 
 .text          0x00000d98       0x28 .\CortexM0\ARM_GCC_493\Debug\start01.a(CyBootAsmGnu.o)
                0x00000d98                CyDelayCycles
                0x00000dac                CyEnterCriticalSection
                0x00000db4                CyExitCriticalSection
 .text          0x00000dc0      0x120 c:/program files (x86)/cypress/psoc creator/3.3/psoc creator/import/gnu/arm/4.9.3/bin/../lib/gcc/arm-none-eabi/4.9.3/armv6-m\libgcc.a(_udivsi3.o)
                0x00000dc0                __aeabi_uidiv
                0x00000dc0                __udivsi3
                0x00000ecc                __aeabi_uidivmod
 .text          0x00000ee0        0x4 c:/program files (x86)/cypress/psoc creator/3.3/psoc creator/import/gnu/arm/4.9.3/bin/../lib/gcc/arm-none-eabi/4.9.3/armv6-m\libgcc.a(_dvmd_tls.o)
                0x00000ee0                __aeabi_idiv0
                0x00000ee0                __aeabi_ldiv0
 .text.__errno  0x00000ee4        0xc c:/program files (x86)/cypress/psoc creator/3.3/psoc creator/import/gnu/arm/4.9.3/bin/../lib/gcc/arm-none-eabi/4.9.3/../../../../arm-none-eabi/lib/armv6-m\libg_nano.a(lib_a-errno.o)
                0x00000ee4                __errno
 .text.__libc_init_array
                0x00000ef0       0x4c c:/program files (x86)/cypress/psoc creator/3.3/psoc creator/import/gnu/arm/4.9.3/bin/../lib/gcc/arm-none-eabi/4.9.3/../../../../arm-none-eabi/lib/armv6-m\libg_nano.a(lib_a-init.o)
                0x00000ef0                __libc_init_array
 .text.memset   0x00000f3c       0x10 c:/program files (x86)/cypress/psoc creator/3.3/psoc creator/import/gnu/arm/4.9.3/bin/../lib/gcc/arm-none-eabi/4.9.3/../../../../arm-none-eabi/lib/armv6-m\libg_nano.a(lib_a-memset.o)
                0x00000f3c                memset
 .text.sprintf  0x00000f4c       0x44 c:/program files (x86)/cypress/psoc creator/3.3/psoc creator/import/gnu/arm/4.9.3/bin/../lib/gcc/arm-none-eabi/4.9.3/../../../../arm-none-eabi/lib/armv6-m\libg_nano.a(lib_a-sprintf.o)
                0x00000f4c                siprintf
                0x00000f4c                sprintf
 .text.__ssputs_r
                0x00000f90       0xc0 c:/program files (x86)/cypress/psoc creator/3.3/psoc creator/import/gnu/arm/4.9.3/bin/../lib/gcc/arm-none-eabi/4.9.3/../../../../arm-none-eabi/lib/armv6-m\libg_nano.a(lib_a-nano-svfprintf.o)
                0x00000f90                __ssputs_r
 .text._svfprintf_r
                0x00001050      0x1ec c:/program files (x86)/cypress/psoc creator/3.3/psoc creator/import/gnu/arm/4.9.3/bin/../lib/gcc/arm-none-eabi/4.9.3/../../../../arm-none-eabi/lib/armv6-m\libg_nano.a(lib_a-nano-svfprintf.o)
                0x00001050                _svfiprintf_r
                0x00001050                _svfprintf_r
 .text._printf_common
                0x0000123c       0xdc c:/program files (x86)/cypress/psoc creator/3.3/psoc creator/import/gnu/arm/4.9.3/bin/../lib/gcc/arm-none-eabi/4.9.3/../../../../arm-none-eabi/lib/armv6-m\libg_nano.a(lib_a-nano-vfprintf_i.o)
                0x0000123c                _printf_common
 .text._printf_i
                0x00001318      0x230 c:/program files (x86)/cypress/psoc creator/3.3/psoc creator/import/gnu/arm/4.9.3/bin/../lib/gcc/arm-none-eabi/4.9.3/../../../../arm-none-eabi/lib/armv6-m\libg_nano.a(lib_a-nano-vfprintf_i.o)
                0x00001318                _printf_i
 .text.memchr   0x00001548       0x16 c:/program files (x86)/cypress/psoc creator/3.3/psoc creator/import/gnu/arm/4.9.3/bin/../lib/gcc/arm-none-eabi/4.9.3/../../../../arm-none-eabi/lib/armv6-m\libg_nano.a(lib_a-memchr.o)
                0x00001548                memchr
 .text.memcpy   0x0000155e       0x12 c:/program files (x86)/cypress/psoc creator/3.3/psoc creator/import/gnu/arm/4.9.3/bin/../lib/gcc/arm-none-eabi/4.9.3/../../../../arm-none-eabi/lib/armv6-m\libg_nano.a(lib_a-memcpy.o)
                0x0000155e                memcpy
 .text.memmove  0x00001570       0x28 c:/program files (x86)/cypress/psoc creator/3.3/psoc creator/import/gnu/arm/4.9.3/bin/../lib/gcc/arm-none-eabi/4.9.3/../../../../arm-none-eabi/lib/armv6-m\libg_nano.a(lib_a-memmove.o)
                0x00001570                memmove
 .text._free_r  0x00001598       0x8c c:/program files (x86)/cypress/psoc creator/3.3/psoc creator/import/gnu/arm/4.9.3/bin/../lib/gcc/arm-none-eabi/4.9.3/../../../../arm-none-eabi/lib/armv6-m\libg_nano.a(lib_a-nano-freer.o)
                0x00001598                _free_r
 .text._malloc_r
                0x00001624       0xb0 c:/program files (x86)/cypress/psoc creator/3.3/psoc creator/import/gnu/arm/4.9.3/bin/../lib/gcc/arm-none-eabi/4.9.3/../../../../arm-none-eabi/lib/armv6-m\libg_nano.a(lib_a-nano-mallocr.o)
                0x00001624                _malloc_r
 .text._realloc_r
                0x000016d4       0x4c c:/program files (x86)/cypress/psoc creator/3.3/psoc creator/import/gnu/arm/4.9.3/bin/../lib/gcc/arm-none-eabi/4.9.3/../../../../arm-none-eabi/lib/armv6-m\libg_nano.a(lib_a-nano-reallocr.o)
                0x000016d4                _realloc_r
 .text._sbrk_r  0x00001720       0x24 c:/program files (x86)/cypress/psoc creator/3.3/psoc creator/import/gnu/arm/4.9.3/bin/../lib/gcc/arm-none-eabi/4.9.3/../../../../arm-none-eabi/lib/armv6-m\libg_nano.a(lib_a-sbrkr.o)
                0x00001720                _sbrk_r
 .text._malloc_usable_size_r
                0x00001744       0x16 c:/program files (x86)/cypress/psoc creator/3.3/psoc creator/import/gnu/arm/4.9.3/bin/../lib/gcc/arm-none-eabi/4.9.3/../../../../arm-none-eabi/lib/armv6-m\libg_nano.a(lib_a-nano-msizer.o)
                0x00001744                _malloc_usable_size_r
 *(.plt)
 *(.gnu.warning)
 *(.glue_7t)
 .glue_7t       0x00000000        0x0 linker stubs
 *(.glue_7)
 .glue_7        0x00000000        0x0 linker stubs
 *(.vfp11_veneer)
 .vfp11_veneer  0x00000000        0x0 linker stubs
 *(.bootloader)
 *(.ARM.extab* .gnu.linkonce.armextab.*)
 *(.gcc_except_table)

.v4_bx          0x0000175c        0x0
 .v4_bx         0x00000000        0x0 linker stubs

.iplt           0x0000175c        0x0
 .iplt          0x00000000        0x0 c:/program files (x86)/cypress/psoc creator/3.3/psoc creator/import/gnu/arm/4.9.3/bin/../lib/gcc/arm-none-eabi/4.9.3/armv6-m/crtbegin.o

.eh_frame_hdr
 *(.eh_frame_hdr)

.eh_frame       0x0000175c        0x4
 *(.eh_frame)
 .eh_frame      0x0000175c        0x0 c:/program files (x86)/cypress/psoc creator/3.3/psoc creator/import/gnu/arm/4.9.3/bin/../lib/gcc/arm-none-eabi/4.9.3/armv6-m/crtbegin.o
 .eh_frame      0x0000175c        0x4 c:/program files (x86)/cypress/psoc creator/3.3/psoc creator/import/gnu/arm/4.9.3/bin/../lib/gcc/arm-none-eabi/4.9.3/armv6-m/crtend.o
                0x00001760                PROVIDE (__exidx_start, .)

.ARM.exidx
 *(.ARM.exidx* .gnu.linkonce.armexidx.*)
                0x00001760                __exidx_end = .

.rodata         0x00001760       0xf0
 *(.rodata .rodata.* .gnu.linkonce.r.*)
 .rodata.str1.4
                0x00001760       0x12 .\CortexM0\ARM_GCC_493\Debug\main.o
                                 0x14 (size before relaxing)
 *fill*         0x00001772        0x2 
 .rodata.str1.4
                0x00001774        0xc .\CortexM0\ARM_GCC_493\Debug\display.o
 .rodata        0x00001780        0xc .\CortexM0\ARM_GCC_493\Debug\start01.a(cyfitter_cfg.o)
 .rodata        0x0000178c       0x30 .\CortexM0\ARM_GCC_493\Debug\start01.a(CyLib.o)
                0x0000178c                cyImoFreqMhz2Reg
 .rodata        0x000017bc       0x24 .\CortexM0\ARM_GCC_493\Debug\start01.a(RTC.o)
                0x000017bc                RTC_daysBeforeMonthTbl
                0x000017d4                RTC_daysInMonthTbl
 .rodata.str1.1
                0x000017e0        0x2 c:/program files (x86)/cypress/psoc creator/3.3/psoc creator/import/gnu/arm/4.9.3/bin/../lib/gcc/arm-none-eabi/4.9.3/../../../../arm-none-eabi/lib/armv6-m\libg_nano.a(lib_a-impure.o)
 .rodata.str1.1
                0x000017e2       0x11 c:/program files (x86)/cypress/psoc creator/3.3/psoc creator/import/gnu/arm/4.9.3/bin/../lib/gcc/arm-none-eabi/4.9.3/../../../../arm-none-eabi/lib/armv6-m\libg_nano.a(lib_a-nano-svfprintf.o)
 .rodata.str1.1
                0x000017f3       0x22 c:/program files (x86)/cypress/psoc creator/3.3/psoc creator/import/gnu/arm/4.9.3/bin/../lib/gcc/arm-none-eabi/4.9.3/../../../../arm-none-eabi/lib/armv6-m\libg_nano.a(lib_a-nano-vfprintf_i.o)
                0x00001818                . = ALIGN (0x4)
 *fill*         0x00001815        0x3 
 *(.init)
 .init          0x00001818        0x4 c:/program files (x86)/cypress/psoc creator/3.3/psoc creator/import/gnu/arm/4.9.3/bin/../lib/gcc/arm-none-eabi/4.9.3/armv6-m/crti.o
                0x00001818                _init
 .init          0x0000181c        0x8 c:/program files (x86)/cypress/psoc creator/3.3/psoc creator/import/gnu/arm/4.9.3/bin/../lib/gcc/arm-none-eabi/4.9.3/armv6-m/crtn.o
                0x00001824                . = ALIGN (0x4)
                0x00001824                __preinit_array_start = .
 *(.preinit_array)
                0x00001824                __preinit_array_end = .
                0x00001824                . = ALIGN (0x4)
                0x00001824                __init_array_start = .
 *(SORT(.init_array.*))
 *(.init_array)
 .init_array    0x00001824        0x4 c:/program files (x86)/cypress/psoc creator/3.3/psoc creator/import/gnu/arm/4.9.3/bin/../lib/gcc/arm-none-eabi/4.9.3/armv6-m/crtbegin.o
 .init_array    0x00001828        0x4 .\CortexM0\ARM_GCC_493\Debug\Cm0Start.o
                0x0000182c                __init_array_end = .
                0x0000182c                . = ALIGN (0x4)
 *(.fini)
 .fini          0x0000182c        0x4 c:/program files (x86)/cypress/psoc creator/3.3/psoc creator/import/gnu/arm/4.9.3/bin/../lib/gcc/arm-none-eabi/4.9.3/armv6-m/crti.o
                0x0000182c                _fini
 .fini          0x00001830        0x8 c:/program files (x86)/cypress/psoc creator/3.3/psoc creator/import/gnu/arm/4.9.3/bin/../lib/gcc/arm-none-eabi/4.9.3/armv6-m/crtn.o
                0x00001838                . = ALIGN (0x4)
                0x00001838                __fini_array_start = .
 *(.fini_array)
 .fini_array    0x00001838        0x4 c:/program files (x86)/cypress/psoc creator/3.3/psoc creator/import/gnu/arm/4.9.3/bin/../lib/gcc/arm-none-eabi/4.9.3/armv6-m/crtbegin.o
 *(SORT(.fini_array.*))
                0x0000183c                __fini_array_end = .
                0x0000183c                . = ALIGN (0x4)
 *crtbegin.o(.ctors)
 *(EXCLUDE_FILE(*crtend.o) .ctors)
 *(SORT(.ctors.*))
 *crtend.o(.ctors)
                0x0000183c                . = ALIGN (0x4)
 *crtbegin.o(.dtors)
 *(EXCLUDE_FILE(*crtend.o) .dtors)
 *(SORT(.dtors.*))
 *crtend.o(.dtors)
                0x0000183c                . = ALIGN (0x4)
                0x0000183c                __cy_regions = .
                0x0000183c        0x4 LONG 0x1850 __cy_region_init_ram
                0x00001840        0x4 LONG 0x200000c8 __cy_region_start_data
                0x00001844        0x4 LONG 0x80 __cy_region_init_size_ram
                0x00001848        0x4 LONG 0x90 __cy_region_zero_size_ram
                0x0000184c                __cy_regions_end = .
                0x00001850                . = ALIGN (0x8)
 *fill*         0x0000184c        0x4 
                0x00001850                _etext = .

.cy_checksum_exclude
                0x00001850        0x0
 *(.cy_checksum_exclude)

.ramvectors     0x20000000       0xc0
                0x20000000                __cy_region_start_ram = .
 *(.ramvectors)
 .ramvectors    0x20000000       0xc0 .\CortexM0\ARM_GCC_493\Debug\Cm0Start.o
                0x20000000                CyRamVectors

.noinit         0x200000c0        0x4
 *(.noinit)
 .noinit        0x200000c0        0x4 .\CortexM0\ARM_GCC_493\Debug\Cm0Start.o

.data           0x200000c8       0x80 load address 0x00001850
                0x200000c8                __cy_region_start_data = .
 *(.jcr)
 .jcr           0x200000c8        0x0 c:/program files (x86)/cypress/psoc creator/3.3/psoc creator/import/gnu/arm/4.9.3/bin/../lib/gcc/arm-none-eabi/4.9.3/armv6-m/crtbegin.o
 .jcr           0x200000c8        0x4 c:/program files (x86)/cypress/psoc creator/3.3/psoc creator/import/gnu/arm/4.9.3/bin/../lib/gcc/arm-none-eabi/4.9.3/armv6-m/crtend.o
 *(.got.plt)
 *(.got)
 *(.shdata)
 *(.data .data.* .gnu.linkonce.d.*)
 .data          0x200000cc        0x4 .\CortexM0\ARM_GCC_493\Debug\Cm0Start.o
 .data          0x200000d0       0x10 .\CortexM0\ARM_GCC_493\Debug\start01.a(CyLib.o)
                0x200000d0                cydelay32kMs
                0x200000d4                cydelayFreqKhz
                0x200000d8                cydelayFreqMhz
                0x200000dc                cydelayFreqHz
 .data          0x200000e0        0x4 .\CortexM0\ARM_GCC_493\Debug\start01.a(CyLFClk.o)
 .data.impure_data
                0x200000e4       0x60 c:/program files (x86)/cypress/psoc creator/3.3/psoc creator/import/gnu/arm/4.9.3/bin/../lib/gcc/arm-none-eabi/4.9.3/../../../../arm-none-eabi/lib/armv6-m\libg_nano.a(lib_a-impure.o)
 .data._impure_ptr
                0x20000144        0x4 c:/program files (x86)/cypress/psoc creator/3.3/psoc creator/import/gnu/arm/4.9.3/bin/../lib/gcc/arm-none-eabi/4.9.3/../../../../arm-none-eabi/lib/armv6-m\libg_nano.a(lib_a-impure.o)
                0x20000144                _impure_ptr
                0x20000148                . = ALIGN (0x8)
 *(.ram)
                0x20000148                _edata = .

.igot.plt       0x20000148        0x0 load address 0x000018d0
 .igot.plt      0x00000000        0x0 c:/program files (x86)/cypress/psoc creator/3.3/psoc creator/import/gnu/arm/4.9.3/bin/../lib/gcc/arm-none-eabi/4.9.3/armv6-m/crtbegin.o

.bss            0x20000148       0x90 load address 0x000018d0
                0x20000148                PROVIDE (__bss_start__, .)
 *(.shbss)
 *(.bss .bss.* .gnu.linkonce.b.*)
 .bss           0x20000148       0x1c c:/program files (x86)/cypress/psoc creator/3.3/psoc creator/import/gnu/arm/4.9.3/bin/../lib/gcc/arm-none-eabi/4.9.3/armv6-m/crtbegin.o
 .bss           0x20000164       0x20 .\CortexM0\ARM_GCC_493\Debug\start01.a(CyLFClk.o)
 .bss           0x20000184        0x2 .\CortexM0\ARM_GCC_493\Debug\start01.a(LCD.o)
                0x20000184                LCD_enableState
                0x20000185                LCD_initVar
 *fill*         0x20000186        0x2 
 .bss           0x20000188       0x10 .\CortexM0\ARM_GCC_493\Debug\start01.a(RTC.o)
 .bss.__malloc_sbrk_start
                0x20000198        0x4 c:/program files (x86)/cypress/psoc creator/3.3/psoc creator/import/gnu/arm/4.9.3/bin/../lib/gcc/arm-none-eabi/4.9.3/../../../../arm-none-eabi/lib/armv6-m\libg_nano.a(lib_a-nano-mallocr.o)
                0x20000198                __malloc_sbrk_start
 .bss.__malloc_free_list
                0x2000019c        0x4 c:/program files (x86)/cypress/psoc creator/3.3/psoc creator/import/gnu/arm/4.9.3/bin/../lib/gcc/arm-none-eabi/4.9.3/../../../../arm-none-eabi/lib/armv6-m\libg_nano.a(lib_a-nano-mallocr.o)
                0x2000019c                __malloc_free_list
 *(COMMON)
 COMMON         0x200001a0        0x1 .\CortexM0\ARM_GCC_493\Debug\LED.o
                0x200001a0                LED_InitValue
 *fill*         0x200001a1        0x7 
 COMMON         0x200001a8       0x28 .\CortexM0\ARM_GCC_493\Debug\start01.a(RTC.o)
                0x200001a8                RTC_initVar
                0x200001ac                RTC_currentTimeDate
                0x200001bc                RTC_alarmCurStatus
                0x200001c0                RTC_dstStatus
                0x200001c8                RTC_unixTime
 COMMON         0x200001d0        0x4 c:/program files (x86)/cypress/psoc creator/3.3/psoc creator/import/gnu/arm/4.9.3/bin/../lib/gcc/arm-none-eabi/4.9.3/../../../../arm-none-eabi/lib/armv6-m\libg_nano.a(lib_a-reent.o)
                0x200001d0                errno
                0x200001d8                . = ALIGN (0x8)
 *fill*         0x200001d4        0x4 
 *(.ram.b)
                0x200001d8                _end = .
                0x200001d8                __end = .
                0x200001d8                PROVIDE (end, .)
                0x200001d8                PROVIDE (__bss_end__, .)
                0x00001850                __cy_region_init_ram = LOADADDR (.data)
                0x00000080                __cy_region_init_size_ram = (_edata - ADDR (.data))
                0x00000090                __cy_region_zero_size_ram = (_end - _edata)

.heap           0x200001d8       0x80 load address 0x000018d0
                0x200001d8                . = _end
                0x20000258                . = (. + 0x80)
 *fill*         0x200001d8       0x80 
                0x20000258                __cy_heap_limit = .

.stack          0x20000c00      0x400
                0x20000c00                __cy_stack_limit = .
                0x20001000                . = (. + 0x400)
 *fill*         0x20000c00      0x400 
                0x00000001                ASSERT ((__cy_stack_limit >= __cy_heap_limit), region RAM overflowed with stack)
                0x00000000                cy_checksum_exclude_size = (CY_APPL_LOADABLE == 0x1)?SIZEOF (.cy_checksum_exclude):0x0
                0x00000001                ASSERT ((cy_checksum_exclude_size <= CY_CHECKSUM_EXCLUDE_SIZE), CY_BOOT: Section .cy_checksum_exclude size exceedes specified limit.)
                0x00007fc0                cyloadermeta_start = (cy_project_type_bootloader || cy_project_type_app_for_stack_and_copier)?(0x8000 - CY_METADATA_SIZE):0xf0000000

.cyloadermeta
 *(.cyloadermeta)
                0x00007fc0                cyloadablemeta_start = cy_project_type_app_for_stack_and_copier?((0x8000 - CY_FLASH_ROW_SIZE) - CY_METADATA_SIZE):((0x8000 - (CY_FLASH_ROW_SIZE * (CY_APPL_NUM - 0x1))) - CY_METADATA_SIZE)

.cyloadablemeta
 *(.cyloadablemeta)

.cyflashprotect
                0x90400000       0x20
 *(.cyflashprotect)
 .cyflashprotect
                0x90400000       0x20 .\CortexM0\ARM_GCC_493\Debug\cymetadata.o
                0x90400000                cy_meta_flashprotect

.cymeta         0x90500000        0xc
 *(.cymeta)
 .cymeta        0x90500000        0xc .\CortexM0\ARM_GCC_493\Debug\cymetadata.o
                0x90500000                cy_metadata

.cychipprotect  0x90600000        0x4
 *(.cychipprotect)
 .cychipprotect
                0x90600000        0x4 .\CortexM0\ARM_GCC_493\Debug\cymetadata.o
                0x90600000                cy_meta_chipprotect

.rel.dyn        0x000018d0        0x0 load address 0x90600004
 .rel.iplt      0x00000000        0x0 c:/program files (x86)/cypress/psoc creator/3.3/psoc creator/import/gnu/arm/4.9.3/bin/../lib/gcc/arm-none-eabi/4.9.3/armv6-m/crtbegin.o

.stab
 *(.stab)

.stabstr
 *(.stabstr)

.debug
 *(.debug)

.line
 *(.line)

.debug_srcinfo
 *(.debug_srcinfo)

.debug_sfnames
 *(.debug_sfnames)

.debug_aranges  0x00000000      0x820
 *(.debug_aranges)
 .debug_aranges
                0x00000000       0x48 .\CortexM0\ARM_GCC_493\Debug\main.o
 .debug_aranges
                0x00000048       0x40 .\CortexM0\ARM_GCC_493\Debug\LED.o
 .debug_aranges
                0x00000088       0x28 .\CortexM0\ARM_GCC_493\Debug\display.o
 .debug_aranges
                0x000000b0       0x30 .\CortexM0\ARM_GCC_493\Debug\RTC_WDT.o
 .debug_aranges
                0x000000e0       0x20 .\CortexM0\ARM_GCC_493\Debug\gate.o
 .debug_aranges
                0x00000100       0x18 .\CortexM0\ARM_GCC_493\Debug\cymetadata.o
 .debug_aranges
                0x00000118       0x48 .\CortexM0\ARM_GCC_493\Debug\Cm0Start.o
 .debug_aranges
                0x00000160       0x30 .\CortexM0\ARM_GCC_493\Debug\start01.a(cyfitter_cfg.o)
 .debug_aranges
                0x00000190      0x178 .\CortexM0\ARM_GCC_493\Debug\start01.a(CyLib.o)
 .debug_aranges
                0x00000308      0x138 .\CortexM0\ARM_GCC_493\Debug\start01.a(CyLFClk.o)
 .debug_aranges
                0x00000440       0x80 .\CortexM0\ARM_GCC_493\Debug\start01.a(Int_Timer_Led.o)
 .debug_aranges
                0x000004c0       0x48 .\CortexM0\ARM_GCC_493\Debug\start01.a(LED_PIN.o)
 .debug_aranges
                0x00000508      0x158 .\CortexM0\ARM_GCC_493\Debug\start01.a(Timer_LED.o)
 .debug_aranges
                0x00000660       0x98 .\CortexM0\ARM_GCC_493\Debug\start01.a(LCD.o)
 .debug_aranges
                0x000006f8       0xc0 .\CortexM0\ARM_GCC_493\Debug\start01.a(RTC.o)
 .debug_aranges
                0x000007b8       0x48 .\CortexM0\ARM_GCC_493\Debug\start01.a(GatePin.o)
 .debug_aranges
                0x00000800       0x20 .\CortexM0\ARM_GCC_493\Debug\start01.a(CyBootAsmGnu.o)

.debug_pubnames
 *(.debug_pubnames)

.debug_info     0x00000000     0x4ea6
 *(.debug_info .gnu.linkonce.wi.*)
 .debug_info    0x00000000      0x311 .\CortexM0\ARM_GCC_493\Debug\main.o
 .debug_info    0x00000311      0x294 .\CortexM0\ARM_GCC_493\Debug\LED.o
 .debug_info    0x000005a5      0x162 .\CortexM0\ARM_GCC_493\Debug\display.o
 .debug_info    0x00000707      0x116 .\CortexM0\ARM_GCC_493\Debug\RTC_WDT.o
 .debug_info    0x0000081d       0xc9 .\CortexM0\ARM_GCC_493\Debug\gate.o
 .debug_info    0x000008e6       0xfe .\CortexM0\ARM_GCC_493\Debug\cymetadata.o
 .debug_info    0x000009e4      0x38c .\CortexM0\ARM_GCC_493\Debug\Cm0Start.o
 .debug_info    0x00000d70      0x293 .\CortexM0\ARM_GCC_493\Debug\start01.a(cyfitter_cfg.o)
 .debug_info    0x00001003      0xad1 .\CortexM0\ARM_GCC_493\Debug\start01.a(CyLib.o)
 .debug_info    0x00001ad4      0xcfc .\CortexM0\ARM_GCC_493\Debug\start01.a(CyLFClk.o)
 .debug_info    0x000027d0      0x300 .\CortexM0\ARM_GCC_493\Debug\start01.a(Int_Timer_Led.o)
 .debug_info    0x00002ad0      0x19d .\CortexM0\ARM_GCC_493\Debug\start01.a(LED_PIN.o)
 .debug_info    0x00002c6d      0x904 .\CortexM0\ARM_GCC_493\Debug\start01.a(Timer_LED.o)
 .debug_info    0x00003571      0x722 .\CortexM0\ARM_GCC_493\Debug\start01.a(LCD.o)
 .debug_info    0x00003c93      0xfd0 .\CortexM0\ARM_GCC_493\Debug\start01.a(RTC.o)
 .debug_info    0x00004c63      0x19d .\CortexM0\ARM_GCC_493\Debug\start01.a(GatePin.o)
 .debug_info    0x00004e00       0xa6 .\CortexM0\ARM_GCC_493\Debug\start01.a(CyBootAsmGnu.o)

.debug_abbrev   0x00000000     0x15ec
 *(.debug_abbrev)
 .debug_abbrev  0x00000000      0x1c2 .\CortexM0\ARM_GCC_493\Debug\main.o
 .debug_abbrev  0x000001c2      0x14c .\CortexM0\ARM_GCC_493\Debug\LED.o
 .debug_abbrev  0x0000030e       0xca .\CortexM0\ARM_GCC_493\Debug\display.o
 .debug_abbrev  0x000003d8       0xac .\CortexM0\ARM_GCC_493\Debug\RTC_WDT.o
 .debug_abbrev  0x00000484       0x71 .\CortexM0\ARM_GCC_493\Debug\gate.o
 .debug_abbrev  0x000004f5       0x5d .\CortexM0\ARM_GCC_493\Debug\cymetadata.o
 .debug_abbrev  0x00000552      0x1fe .\CortexM0\ARM_GCC_493\Debug\Cm0Start.o
 .debug_abbrev  0x00000750      0x18c .\CortexM0\ARM_GCC_493\Debug\start01.a(cyfitter_cfg.o)
 .debug_abbrev  0x000008dc      0x20d .\CortexM0\ARM_GCC_493\Debug\start01.a(CyLib.o)
 .debug_abbrev  0x00000ae9      0x23b .\CortexM0\ARM_GCC_493\Debug\start01.a(CyLFClk.o)
 .debug_abbrev  0x00000d24      0x1b4 .\CortexM0\ARM_GCC_493\Debug\start01.a(Int_Timer_Led.o)
 .debug_abbrev  0x00000ed8       0xc8 .\CortexM0\ARM_GCC_493\Debug\start01.a(LED_PIN.o)
 .debug_abbrev  0x00000fa0      0x133 .\CortexM0\ARM_GCC_493\Debug\start01.a(Timer_LED.o)
 .debug_abbrev  0x000010d3      0x18b .\CortexM0\ARM_GCC_493\Debug\start01.a(LCD.o)
 .debug_abbrev  0x0000125e      0x2b2 .\CortexM0\ARM_GCC_493\Debug\start01.a(RTC.o)
 .debug_abbrev  0x00001510       0xc8 .\CortexM0\ARM_GCC_493\Debug\start01.a(GatePin.o)
 .debug_abbrev  0x000015d8       0x14 .\CortexM0\ARM_GCC_493\Debug\start01.a(CyBootAsmGnu.o)

.debug_line     0x00000000     0x1ffd
 *(.debug_line)
 .debug_line    0x00000000      0x210 .\CortexM0\ARM_GCC_493\Debug\main.o
 .debug_line    0x00000210      0x1cf .\CortexM0\ARM_GCC_493\Debug\LED.o
 .debug_line    0x000003df       0x7d .\CortexM0\ARM_GCC_493\Debug\display.o
 .debug_line    0x0000045c      0x175 .\CortexM0\ARM_GCC_493\Debug\RTC_WDT.o
 .debug_line    0x000005d1       0x6d .\CortexM0\ARM_GCC_493\Debug\gate.o
 .debug_line    0x0000063e       0x53 .\CortexM0\ARM_GCC_493\Debug\cymetadata.o
 .debug_line    0x00000691      0x248 .\CortexM0\ARM_GCC_493\Debug\Cm0Start.o
 .debug_line    0x000008d9      0x135 .\CortexM0\ARM_GCC_493\Debug\start01.a(cyfitter_cfg.o)
 .debug_line    0x00000a0e      0x44b .\CortexM0\ARM_GCC_493\Debug\start01.a(CyLib.o)
 .debug_line    0x00000e59      0x469 .\CortexM0\ARM_GCC_493\Debug\start01.a(CyLFClk.o)
 .debug_line    0x000012c2      0x172 .\CortexM0\ARM_GCC_493\Debug\start01.a(Int_Timer_Led.o)
 .debug_line    0x00001434       0xc1 .\CortexM0\ARM_GCC_493\Debug\start01.a(LED_PIN.o)
 .debug_line    0x000014f5      0x380 .\CortexM0\ARM_GCC_493\Debug\start01.a(Timer_LED.o)
 .debug_line    0x00001875      0x1e8 .\CortexM0\ARM_GCC_493\Debug\start01.a(LCD.o)
 .debug_line    0x00001a5d      0x474 .\CortexM0\ARM_GCC_493\Debug\start01.a(RTC.o)
 .debug_line    0x00001ed1       0xc1 .\CortexM0\ARM_GCC_493\Debug\start01.a(GatePin.o)
 .debug_line    0x00001f92       0x6b .\CortexM0\ARM_GCC_493\Debug\start01.a(CyBootAsmGnu.o)

.debug_frame    0x00000000     0x18d8
 *(.debug_frame)
 .debug_frame   0x00000000       0xac .\CortexM0\ARM_GCC_493\Debug\main.o
 .debug_frame   0x000000ac       0x90 .\CortexM0\ARM_GCC_493\Debug\LED.o
 .debug_frame   0x0000013c       0x48 .\CortexM0\ARM_GCC_493\Debug\display.o
 .debug_frame   0x00000184       0x4c .\CortexM0\ARM_GCC_493\Debug\RTC_WDT.o
 .debug_frame   0x000001d0       0x2c .\CortexM0\ARM_GCC_493\Debug\gate.o
 .debug_frame   0x000001fc       0xb0 .\CortexM0\ARM_GCC_493\Debug\Cm0Start.o
 .debug_frame   0x000002ac       0x68 .\CortexM0\ARM_GCC_493\Debug\start01.a(cyfitter_cfg.o)
 .debug_frame   0x00000314      0x3d0 .\CortexM0\ARM_GCC_493\Debug\start01.a(CyLib.o)
 .debug_frame   0x000006e4      0x3a8 .\CortexM0\ARM_GCC_493\Debug\start01.a(CyLFClk.o)
 .debug_frame   0x00000a8c      0x110 .\CortexM0\ARM_GCC_493\Debug\start01.a(Int_Timer_Led.o)
 .debug_frame   0x00000b9c       0x70 .\CortexM0\ARM_GCC_493\Debug\start01.a(LED_PIN.o)
 .debug_frame   0x00000c0c      0x390 .\CortexM0\ARM_GCC_493\Debug\start01.a(Timer_LED.o)
 .debug_frame   0x00000f9c      0x1f0 .\CortexM0\ARM_GCC_493\Debug\start01.a(LCD.o)
 .debug_frame   0x0000118c      0x288 .\CortexM0\ARM_GCC_493\Debug\start01.a(RTC.o)
 .debug_frame   0x00001414       0x70 .\CortexM0\ARM_GCC_493\Debug\start01.a(GatePin.o)
 .debug_frame   0x00001484       0x20 c:/program files (x86)/cypress/psoc creator/3.3/psoc creator/import/gnu/arm/4.9.3/bin/../lib/gcc/arm-none-eabi/4.9.3/armv6-m\libgcc.a(_udivsi3.o)
 .debug_frame   0x000014a4       0x50 c:/program files (x86)/cypress/psoc creator/3.3/psoc creator/import/gnu/arm/4.9.3/bin/../lib/gcc/arm-none-eabi/4.9.3/armv6-m\libgcc.a(bpabi.o)
 .debug_frame   0x000014f4       0x34 c:/program files (x86)/cypress/psoc creator/3.3/psoc creator/import/gnu/arm/4.9.3/bin/../lib/gcc/arm-none-eabi/4.9.3/armv6-m\libgcc.a(_muldi3.o)
 .debug_frame   0x00001528       0x3c c:/program files (x86)/cypress/psoc creator/3.3/psoc creator/import/gnu/arm/4.9.3/bin/../lib/gcc/arm-none-eabi/4.9.3/armv6-m\libgcc.a(_divdi3.o)
 .debug_frame   0x00001564       0x3c c:/program files (x86)/cypress/psoc creator/3.3/psoc creator/import/gnu/arm/4.9.3/bin/../lib/gcc/arm-none-eabi/4.9.3/armv6-m\libgcc.a(_udivdi3.o)
 .debug_frame   0x000015a0       0x20 c:/program files (x86)/cypress/psoc creator/3.3/psoc creator/import/gnu/arm/4.9.3/bin/../lib/gcc/arm-none-eabi/4.9.3/../../../../arm-none-eabi/lib/armv6-m\libg_nano.a(lib_a-errno.o)
 .debug_frame   0x000015c0       0x28 c:/program files (x86)/cypress/psoc creator/3.3/psoc creator/import/gnu/arm/4.9.3/bin/../lib/gcc/arm-none-eabi/4.9.3/../../../../arm-none-eabi/lib/armv6-m\libg_nano.a(lib_a-exit.o)
 .debug_frame   0x000015e8       0x2c c:/program files (x86)/cypress/psoc creator/3.3/psoc creator/import/gnu/arm/4.9.3/bin/../lib/gcc/arm-none-eabi/4.9.3/../../../../arm-none-eabi/lib/armv6-m\libg_nano.a(lib_a-init.o)
 .debug_frame   0x00001614       0x20 c:/program files (x86)/cypress/psoc creator/3.3/psoc creator/import/gnu/arm/4.9.3/bin/../lib/gcc/arm-none-eabi/4.9.3/../../../../arm-none-eabi/lib/armv6-m\libg_nano.a(lib_a-memset.o)
 .debug_frame   0x00001634       0x50 c:/program files (x86)/cypress/psoc creator/3.3/psoc creator/import/gnu/arm/4.9.3/bin/../lib/gcc/arm-none-eabi/4.9.3/../../../../arm-none-eabi/lib/armv6-m\libg_nano.a(lib_a-sprintf.o)
 .debug_frame   0x00001684       0x74 c:/program files (x86)/cypress/psoc creator/3.3/psoc creator/import/gnu/arm/4.9.3/bin/../lib/gcc/arm-none-eabi/4.9.3/../../../../arm-none-eabi/lib/armv6-m\libg_nano.a(lib_a-nano-svfprintf.o)
 .debug_frame   0x000016f8       0x54 c:/program files (x86)/cypress/psoc creator/3.3/psoc creator/import/gnu/arm/4.9.3/bin/../lib/gcc/arm-none-eabi/4.9.3/../../../../arm-none-eabi/lib/armv6-m\libg_nano.a(lib_a-nano-vfprintf_i.o)
 .debug_frame   0x0000174c       0x20 c:/program files (x86)/cypress/psoc creator/3.3/psoc creator/import/gnu/arm/4.9.3/bin/../lib/gcc/arm-none-eabi/4.9.3/../../../../arm-none-eabi/lib/armv6-m\libg_nano.a(lib_a-memchr.o)
 .debug_frame   0x0000176c       0x28 c:/program files (x86)/cypress/psoc creator/3.3/psoc creator/import/gnu/arm/4.9.3/bin/../lib/gcc/arm-none-eabi/4.9.3/../../../../arm-none-eabi/lib/armv6-m\libg_nano.a(lib_a-memcpy.o)
 .debug_frame   0x00001794       0x28 c:/program files (x86)/cypress/psoc creator/3.3/psoc creator/import/gnu/arm/4.9.3/bin/../lib/gcc/arm-none-eabi/4.9.3/../../../../arm-none-eabi/lib/armv6-m\libg_nano.a(lib_a-memmove.o)
 .debug_frame   0x000017bc       0x2c c:/program files (x86)/cypress/psoc creator/3.3/psoc creator/import/gnu/arm/4.9.3/bin/../lib/gcc/arm-none-eabi/4.9.3/../../../../arm-none-eabi/lib/armv6-m\libg_nano.a(lib_a-nano-freer.o)
 .debug_frame   0x000017e8       0x2c c:/program files (x86)/cypress/psoc creator/3.3/psoc creator/import/gnu/arm/4.9.3/bin/../lib/gcc/arm-none-eabi/4.9.3/../../../../arm-none-eabi/lib/armv6-m\libg_nano.a(lib_a-nano-mallocr.o)
 .debug_frame   0x00001814       0x30 c:/program files (x86)/cypress/psoc creator/3.3/psoc creator/import/gnu/arm/4.9.3/bin/../lib/gcc/arm-none-eabi/4.9.3/../../../../arm-none-eabi/lib/armv6-m\libg_nano.a(lib_a-nano-reallocr.o)
 .debug_frame   0x00001844       0x2c c:/program files (x86)/cypress/psoc creator/3.3/psoc creator/import/gnu/arm/4.9.3/bin/../lib/gcc/arm-none-eabi/4.9.3/../../../../arm-none-eabi/lib/armv6-m\libg_nano.a(lib_a-sbrkr.o)
 .debug_frame   0x00001870       0x20 c:/program files (x86)/cypress/psoc creator/3.3/psoc creator/import/gnu/arm/4.9.3/bin/../lib/gcc/arm-none-eabi/4.9.3/../../../../arm-none-eabi/lib/armv6-m\libg_nano.a(lib_a-nano-msizer.o)
 .debug_frame   0x00001890       0x48 c:/program files (x86)/cypress/psoc creator/3.3/psoc creator/import/gnu/arm/4.9.3/bin/../lib/gcc/arm-none-eabi/4.9.3/../../../../arm-none-eabi/lib/armv6-m\libg_nano.a(lib_a-reent.o)

.debug_str      0x00000000     0x1bb6
 *(.debug_str)
 .debug_str     0x00000000      0x243 .\CortexM0\ARM_GCC_493\Debug\main.o
                                0x296 (size before relaxing)
 .debug_str     0x00000243       0xf5 .\CortexM0\ARM_GCC_493\Debug\LED.o
                                0x2e2 (size before relaxing)
 .debug_str     0x00000338       0x41 .\CortexM0\ARM_GCC_493\Debug\display.o
                                0x1e6 (size before relaxing)
 .debug_str     0x00000379       0x2e .\CortexM0\ARM_GCC_493\Debug\RTC_WDT.o
                                0x1e6 (size before relaxing)
 .debug_str     0x000003a7       0x16 .\CortexM0\ARM_GCC_493\Debug\gate.o
                                0x1ae (size before relaxing)
 .debug_str     0x000003bd       0x5b .\CortexM0\ARM_GCC_493\Debug\cymetadata.o
                                0x1e4 (size before relaxing)
 .debug_str     0x00000418      0x14f .\CortexM0\ARM_GCC_493\Debug\Cm0Start.o
                                0x30b (size before relaxing)
 .debug_str     0x00000567       0x9d .\CortexM0\ARM_GCC_493\Debug\start01.a(cyfitter_cfg.o)
                                0x261 (size before relaxing)
 .debug_str     0x00000604      0x4aa .\CortexM0\ARM_GCC_493\Debug\start01.a(CyLib.o)
                                0x69f (size before relaxing)
 .debug_str     0x00000aae      0x539 .\CortexM0\ARM_GCC_493\Debug\start01.a(CyLFClk.o)
                                0x747 (size before relaxing)
 .debug_str     0x00000fe7      0x151 .\CortexM0\ARM_GCC_493\Debug\start01.a(Int_Timer_Led.o)
                                0x364 (size before relaxing)
 .debug_str     0x00001138       0xa0 .\CortexM0\ARM_GCC_493\Debug\start01.a(LED_PIN.o)
                                0x25a (size before relaxing)
 .debug_str     0x000011d8      0x41d .\CortexM0\ARM_GCC_493\Debug\start01.a(Timer_LED.o)
                                0x663 (size before relaxing)
 .debug_str     0x000015f5      0x147 .\CortexM0\ARM_GCC_493\Debug\start01.a(LCD.o)
                                0x336 (size before relaxing)
 .debug_str     0x0000173c      0x3f0 .\CortexM0\ARM_GCC_493\Debug\start01.a(RTC.o)
                                0x5d6 (size before relaxing)
 .debug_str     0x00001b2c       0x8a .\CortexM0\ARM_GCC_493\Debug\start01.a(GatePin.o)
                                0x25a (size before relaxing)

.debug_loc      0x00000000     0x313f
 *(.debug_loc)
 .debug_loc     0x00000000       0x5e .\CortexM0\ARM_GCC_493\Debug\main.o
 .debug_loc     0x0000005e       0x55 .\CortexM0\ARM_GCC_493\Debug\LED.o
 .debug_loc     0x000000b3       0x2c .\CortexM0\ARM_GCC_493\Debug\display.o
 .debug_loc     0x000000df      0x14f .\CortexM0\ARM_GCC_493\Debug\Cm0Start.o
 .debug_loc     0x0000022e       0xa9 .\CortexM0\ARM_GCC_493\Debug\start01.a(cyfitter_cfg.o)
 .debug_loc     0x000002d7      0x5b5 .\CortexM0\ARM_GCC_493\Debug\start01.a(CyLib.o)
 .debug_loc     0x0000088c      0x9d5 .\CortexM0\ARM_GCC_493\Debug\start01.a(CyLFClk.o)
 .debug_loc     0x00001261       0x82 .\CortexM0\ARM_GCC_493\Debug\start01.a(Int_Timer_Led.o)
 .debug_loc     0x000012e3       0xa2 .\CortexM0\ARM_GCC_493\Debug\start01.a(LED_PIN.o)
 .debug_loc     0x00001385      0x547 .\CortexM0\ARM_GCC_493\Debug\start01.a(Timer_LED.o)
 .debug_loc     0x000018cc      0x3e3 .\CortexM0\ARM_GCC_493\Debug\start01.a(LCD.o)
 .debug_loc     0x00001caf     0x13ee .\CortexM0\ARM_GCC_493\Debug\start01.a(RTC.o)
 .debug_loc     0x0000309d       0xa2 .\CortexM0\ARM_GCC_493\Debug\start01.a(GatePin.o)

.debug_macinfo
 *(.debug_macinfo)

.debug_ranges   0x00000000      0x6f8
 *(.debug_ranges)
 .debug_ranges  0x00000000       0x38 .\CortexM0\ARM_GCC_493\Debug\main.o
 .debug_ranges  0x00000038       0x30 .\CortexM0\ARM_GCC_493\Debug\LED.o
 .debug_ranges  0x00000068       0x18 .\CortexM0\ARM_GCC_493\Debug\display.o
 .debug_ranges  0x00000080       0x20 .\CortexM0\ARM_GCC_493\Debug\RTC_WDT.o
 .debug_ranges  0x000000a0       0x10 .\CortexM0\ARM_GCC_493\Debug\gate.o
 .debug_ranges  0x000000b0       0x38 .\CortexM0\ARM_GCC_493\Debug\Cm0Start.o
 .debug_ranges  0x000000e8       0x20 .\CortexM0\ARM_GCC_493\Debug\start01.a(cyfitter_cfg.o)
 .debug_ranges  0x00000108      0x168 .\CortexM0\ARM_GCC_493\Debug\start01.a(CyLib.o)
 .debug_ranges  0x00000270      0x128 .\CortexM0\ARM_GCC_493\Debug\start01.a(CyLFClk.o)
 .debug_ranges  0x00000398       0x70 .\CortexM0\ARM_GCC_493\Debug\start01.a(Int_Timer_Led.o)
 .debug_ranges  0x00000408       0x38 .\CortexM0\ARM_GCC_493\Debug\start01.a(LED_PIN.o)
 .debug_ranges  0x00000440      0x148 .\CortexM0\ARM_GCC_493\Debug\start01.a(Timer_LED.o)
 .debug_ranges  0x00000588       0x88 .\CortexM0\ARM_GCC_493\Debug\start01.a(LCD.o)
 .debug_ranges  0x00000610       0xb0 .\CortexM0\ARM_GCC_493\Debug\start01.a(RTC.o)
 .debug_ranges  0x000006c0       0x38 .\CortexM0\ARM_GCC_493\Debug\start01.a(GatePin.o)

.comment        0x00000000       0x70
 .comment       0x00000000       0x70 .\CortexM0\ARM_GCC_493\Debug\main.o
                                 0x71 (size before relaxing)
 .comment       0x00000000       0x71 .\CortexM0\ARM_GCC_493\Debug\LED.o
 .comment       0x00000000       0x71 .\CortexM0\ARM_GCC_493\Debug\display.o
 .comment       0x00000000       0x71 .\CortexM0\ARM_GCC_493\Debug\RTC_WDT.o
 .comment       0x00000000       0x71 .\CortexM0\ARM_GCC_493\Debug\gate.o
 .comment       0x00000000       0x71 .\CortexM0\ARM_GCC_493\Debug\cymetadata.o
 .comment       0x00000000       0x71 .\CortexM0\ARM_GCC_493\Debug\Cm0Start.o
 .comment       0x00000000       0x71 .\CortexM0\ARM_GCC_493\Debug\start01.a(cyfitter_cfg.o)
 .comment       0x00000000       0x71 .\CortexM0\ARM_GCC_493\Debug\start01.a(CyLib.o)
 .comment       0x00000000       0x71 .\CortexM0\ARM_GCC_493\Debug\start01.a(CyLFClk.o)
 .comment       0x00000000       0x71 .\CortexM0\ARM_GCC_493\Debug\start01.a(Int_Timer_Led.o)
 .comment       0x00000000       0x71 .\CortexM0\ARM_GCC_493\Debug\start01.a(LED_PIN.o)
 .comment       0x00000000       0x71 .\CortexM0\ARM_GCC_493\Debug\start01.a(Timer_LED.o)
 .comment       0x00000000       0x71 .\CortexM0\ARM_GCC_493\Debug\start01.a(LCD.o)
 .comment       0x00000000       0x71 .\CortexM0\ARM_GCC_493\Debug\start01.a(RTC.o)
 .comment       0x00000000       0x71 .\CortexM0\ARM_GCC_493\Debug\start01.a(GatePin.o)

.debug_weaknames
 *(.debug_weaknames)

.debug_funcnames
 *(.debug_funcnames)

.debug_typenames
 *(.debug_typenames)

.debug_varnames
 *(.debug_varnames)

.note.gnu.arm.ident
 *(.note.gnu.arm.ident)

.ARM.attributes
                0x00000000       0x28
 *(.ARM.attributes)
 .ARM.attributes
                0x00000000       0x1e c:/program files (x86)/cypress/psoc creator/3.3/psoc creator/import/gnu/arm/4.9.3/bin/../lib/gcc/arm-none-eabi/4.9.3/armv6-m/crti.o
 .ARM.attributes
                0x0000001e       0x2c c:/program files (x86)/cypress/psoc creator/3.3/psoc creator/import/gnu/arm/4.9.3/bin/../lib/gcc/arm-none-eabi/4.9.3/armv6-m/crtbegin.o
 .ARM.attributes
                0x0000004a       0x1b c:/program files (x86)/cypress/psoc creator/3.3/psoc creator/import/gnu/arm/4.9.3/bin/../lib/gcc/arm-none-eabi/4.9.3/../../../../arm-none-eabi/lib/armv6-m/crt0.o
 .ARM.attributes
                0x00000065       0x31 .\CortexM0\ARM_GCC_493\Debug\main.o
 .ARM.attributes
                0x00000096       0x31 .\CortexM0\ARM_GCC_493\Debug\LED.o
 .ARM.attributes
                0x000000c7       0x31 .\CortexM0\ARM_GCC_493\Debug\display.o
 .ARM.attributes
                0x000000f8       0x31 .\CortexM0\ARM_GCC_493\Debug\RTC_WDT.o
 .ARM.attributes
                0x00000129       0x31 .\CortexM0\ARM_GCC_493\Debug\gate.o
 .ARM.attributes
                0x0000015a       0x31 .\CortexM0\ARM_GCC_493\Debug\cymetadata.o
 .ARM.attributes
                0x0000018b       0x31 .\CortexM0\ARM_GCC_493\Debug\Cm0Start.o
 .ARM.attributes
                0x000001bc       0x31 .\CortexM0\ARM_GCC_493\Debug\start01.a(cyfitter_cfg.o)
 .ARM.attributes
                0x000001ed       0x31 .\CortexM0\ARM_GCC_493\Debug\start01.a(CyLib.o)
 .ARM.attributes
                0x0000021e       0x31 .\CortexM0\ARM_GCC_493\Debug\start01.a(CyLFClk.o)
 .ARM.attributes
                0x0000024f       0x31 .\CortexM0\ARM_GCC_493\Debug\start01.a(Int_Timer_Led.o)
 .ARM.attributes
                0x00000280       0x31 .\CortexM0\ARM_GCC_493\Debug\start01.a(LED_PIN.o)
 .ARM.attributes
                0x000002b1       0x31 .\CortexM0\ARM_GCC_493\Debug\start01.a(Timer_LED.o)
 .ARM.attributes
                0x000002e2       0x31 .\CortexM0\ARM_GCC_493\Debug\start01.a(LCD.o)
 .ARM.attributes
                0x00000313       0x31 .\CortexM0\ARM_GCC_493\Debug\start01.a(RTC.o)
 .ARM.attributes
                0x00000344       0x31 .\CortexM0\ARM_GCC_493\Debug\start01.a(GatePin.o)
 .ARM.attributes
                0x00000375       0x21 .\CortexM0\ARM_GCC_493\Debug\start01.a(CyBootAsmGnu.o)
 .ARM.attributes
                0x00000396       0x1e c:/program files (x86)/cypress/psoc creator/3.3/psoc creator/import/gnu/arm/4.9.3/bin/../lib/gcc/arm-none-eabi/4.9.3/armv6-m\libgcc.a(_udivsi3.o)
 .ARM.attributes
                0x000003b4       0x1e c:/program files (x86)/cypress/psoc creator/3.3/psoc creator/import/gnu/arm/4.9.3/bin/../lib/gcc/arm-none-eabi/4.9.3/armv6-m\libgcc.a(_dvmd_tls.o)
 .ARM.attributes
                0x000003d2       0x1e c:/program files (x86)/cypress/psoc creator/3.3/psoc creator/import/gnu/arm/4.9.3/bin/../lib/gcc/arm-none-eabi/4.9.3/armv6-m\libgcc.a(_aeabi_uldivmod.o)
 .ARM.attributes
                0x000003f0       0x2c c:/program files (x86)/cypress/psoc creator/3.3/psoc creator/import/gnu/arm/4.9.3/bin/../lib/gcc/arm-none-eabi/4.9.3/armv6-m\libgcc.a(bpabi.o)
 .ARM.attributes
                0x0000041c       0x2c c:/program files (x86)/cypress/psoc creator/3.3/psoc creator/import/gnu/arm/4.9.3/bin/../lib/gcc/arm-none-eabi/4.9.3/armv6-m\libgcc.a(_muldi3.o)
 .ARM.attributes
                0x00000448       0x2c c:/program files (x86)/cypress/psoc creator/3.3/psoc creator/import/gnu/arm/4.9.3/bin/../lib/gcc/arm-none-eabi/4.9.3/armv6-m\libgcc.a(_divdi3.o)
 .ARM.attributes
                0x00000474       0x2c c:/program files (x86)/cypress/psoc creator/3.3/psoc creator/import/gnu/arm/4.9.3/bin/../lib/gcc/arm-none-eabi/4.9.3/armv6-m\libgcc.a(_udivdi3.o)
 .ARM.attributes
                0x000004a0       0x1e c:/program files (x86)/cypress/psoc creator/3.3/psoc creator/import/gnu/arm/4.9.3/bin/../lib/gcc/arm-none-eabi/4.9.3/armv6-m\libgcc.a(_clzdi2.o)
 .ARM.attributes
                0x000004be       0x1e c:/program files (x86)/cypress/psoc creator/3.3/psoc creator/import/gnu/arm/4.9.3/bin/../lib/gcc/arm-none-eabi/4.9.3/armv6-m\libgcc.a(_clzsi2.o)
 .ARM.attributes
                0x000004dc       0x2c c:/program files (x86)/cypress/psoc creator/3.3/psoc creator/import/gnu/arm/4.9.3/bin/../lib/gcc/arm-none-eabi/4.9.3/../../../../arm-none-eabi/lib/armv6-m\libg_nano.a(lib_a-errno.o)
 .ARM.attributes
                0x00000508       0x2c c:/program files (x86)/cypress/psoc creator/3.3/psoc creator/import/gnu/arm/4.9.3/bin/../lib/gcc/arm-none-eabi/4.9.3/../../../../arm-none-eabi/lib/armv6-m\libg_nano.a(lib_a-exit.o)
 .ARM.attributes
                0x00000534       0x2c c:/program files (x86)/cypress/psoc creator/3.3/psoc creator/import/gnu/arm/4.9.3/bin/../lib/gcc/arm-none-eabi/4.9.3/../../../../arm-none-eabi/lib/armv6-m\libg_nano.a(lib_a-impure.o)
 .ARM.attributes
                0x00000560       0x2c c:/program files (x86)/cypress/psoc creator/3.3/psoc creator/import/gnu/arm/4.9.3/bin/../lib/gcc/arm-none-eabi/4.9.3/../../../../arm-none-eabi/lib/armv6-m\libg_nano.a(lib_a-init.o)
 .ARM.attributes
                0x0000058c       0x2c c:/program files (x86)/cypress/psoc creator/3.3/psoc creator/import/gnu/arm/4.9.3/bin/../lib/gcc/arm-none-eabi/4.9.3/../../../../arm-none-eabi/lib/armv6-m\libg_nano.a(lib_a-memset.o)
 .ARM.attributes
                0x000005b8       0x2c c:/program files (x86)/cypress/psoc creator/3.3/psoc creator/import/gnu/arm/4.9.3/bin/../lib/gcc/arm-none-eabi/4.9.3/../../../../arm-none-eabi/lib/armv6-m\libg_nano.a(lib_a-sprintf.o)
 .ARM.attributes
                0x000005e4       0x2c c:/program files (x86)/cypress/psoc creator/3.3/psoc creator/import/gnu/arm/4.9.3/bin/../lib/gcc/arm-none-eabi/4.9.3/../../../../arm-none-eabi/lib/armv6-m\libg_nano.a(lib_a-nano-svfprintf.o)
 .ARM.attributes
                0x00000610       0x2c c:/program files (x86)/cypress/psoc creator/3.3/psoc creator/import/gnu/arm/4.9.3/bin/../lib/gcc/arm-none-eabi/4.9.3/../../../../arm-none-eabi/lib/armv6-m\libg_nano.a(lib_a-nano-vfprintf_i.o)
 .ARM.attributes
                0x0000063c       0x2c c:/program files (x86)/cypress/psoc creator/3.3/psoc creator/import/gnu/arm/4.9.3/bin/../lib/gcc/arm-none-eabi/4.9.3/../../../../arm-none-eabi/lib/armv6-m\libg_nano.a(lib_a-memchr.o)
 .ARM.attributes
                0x00000668       0x2c c:/program files (x86)/cypress/psoc creator/3.3/psoc creator/import/gnu/arm/4.9.3/bin/../lib/gcc/arm-none-eabi/4.9.3/../../../../arm-none-eabi/lib/armv6-m\libg_nano.a(lib_a-memcpy.o)
 .ARM.attributes
                0x00000694       0x2c c:/program files (x86)/cypress/psoc creator/3.3/psoc creator/import/gnu/arm/4.9.3/bin/../lib/gcc/arm-none-eabi/4.9.3/../../../../arm-none-eabi/lib/armv6-m\libg_nano.a(lib_a-memmove.o)
 .ARM.attributes
                0x000006c0       0x2c c:/program files (x86)/cypress/psoc creator/3.3/psoc creator/import/gnu/arm/4.9.3/bin/../lib/gcc/arm-none-eabi/4.9.3/../../../../arm-none-eabi/lib/armv6-m\libg_nano.a(lib_a-nano-freer.o)
 .ARM.attributes
                0x000006ec       0x2c c:/program files (x86)/cypress/psoc creator/3.3/psoc creator/import/gnu/arm/4.9.3/bin/../lib/gcc/arm-none-eabi/4.9.3/../../../../arm-none-eabi/lib/armv6-m\libg_nano.a(lib_a-nano-mallocr.o)
 .ARM.attributes
                0x00000718       0x2c c:/program files (x86)/cypress/psoc creator/3.3/psoc creator/import/gnu/arm/4.9.3/bin/../lib/gcc/arm-none-eabi/4.9.3/../../../../arm-none-eabi/lib/armv6-m\libg_nano.a(lib_a-nano-reallocr.o)
 .ARM.attributes
                0x00000744       0x2c c:/program files (x86)/cypress/psoc creator/3.3/psoc creator/import/gnu/arm/4.9.3/bin/../lib/gcc/arm-none-eabi/4.9.3/../../../../arm-none-eabi/lib/armv6-m\libg_nano.a(lib_a-sbrkr.o)
 .ARM.attributes
                0x00000770       0x2c c:/program files (x86)/cypress/psoc creator/3.3/psoc creator/import/gnu/arm/4.9.3/bin/../lib/gcc/arm-none-eabi/4.9.3/../../../../arm-none-eabi/lib/armv6-m\libg_nano.a(lib_a-nano-msizer.o)
 .ARM.attributes
                0x0000079c       0x2c c:/program files (x86)/cypress/psoc creator/3.3/psoc creator/import/gnu/arm/4.9.3/bin/../lib/gcc/arm-none-eabi/4.9.3/../../../../arm-none-eabi/lib/armv6-m\libg_nano.a(lib_a-reent.o)
 .ARM.attributes
                0x000007c8       0x2c c:/program files (x86)/cypress/psoc creator/3.3/psoc creator/import/gnu/arm/4.9.3/bin/../lib/gcc/arm-none-eabi/4.9.3/armv6-m/crtend.o
 .ARM.attributes
                0x000007f4       0x1e c:/program files (x86)/cypress/psoc creator/3.3/psoc creator/import/gnu/arm/4.9.3/bin/../lib/gcc/arm-none-eabi/4.9.3/armv6-m/crtn.o

/DISCARD/
 *(.note.GNU-stack)
OUTPUT(.\CortexM0\ARM_GCC_493\Debug\start01.elf elf32-littlearm)
