Archive member included because of file (symbol)

.\CortexM0\ARM_GCC_493\Debug\Start01.a(cyfitter_cfg.o)
                              .\CortexM0\ARM_GCC_493\Debug\Cm0Start.o (cyfitter_cfg)
.\CortexM0\ARM_GCC_493\Debug\Start01.a(int_start.o)
                              .\CortexM0\ARM_GCC_493\Debug\main.o (int_start_StartEx)
.\CortexM0\ARM_GCC_493\Debug\Start01.a(CyBootAsmGnu.o)
                              .\CortexM0\ARM_GCC_493\Debug\Start01.a(int_start.o) (CyEnterCriticalSection)
.\CortexM0\ARM_GCC_493\Debug\Start01.a(CyLib.o)
                              .\CortexM0\ARM_GCC_493\Debug\Start01.a(cyfitter_cfg.o) (CyIntEnable)
.\CortexM0\ARM_GCC_493\Debug\Start01.a(CyLFClk.o)
                              .\CortexM0\ARM_GCC_493\Debug\Start01.a(cyfitter_cfg.o) (CySysWdtIsr)
.\CortexM0\ARM_GCC_493\Debug\Start01.a(start.o)
                              .\CortexM0\ARM_GCC_493\Debug\main.o (start_ClearInterrupt)
.\CortexM0\ARM_GCC_493\Debug\Start01.a(led_red.o)
                              .\CortexM0\ARM_GCC_493\Debug\main.o (led_red_Write)
.\CortexM0\ARM_GCC_493\Debug\Start01.a(led_blue.o)
                              .\CortexM0\ARM_GCC_493\Debug\main.o (led_blue_Write)
.\CortexM0\ARM_GCC_493\Debug\Start01.a(xbee.o)
                              .\CortexM0\ARM_GCC_493\Debug\main.o (xbee_Start)
.\CortexM0\ARM_GCC_493\Debug\Start01.a(xbee_SPI_UART.o)
                              .\CortexM0\ARM_GCC_493\Debug\main.o (xbee_SpiUartWriteTxData)
.\CortexM0\ARM_GCC_493\Debug\Start01.a(xbee_UART.o)
                              .\CortexM0\ARM_GCC_493\Debug\Start01.a(xbee.o) (xbee_UartInit)
.\CortexM0\ARM_GCC_493\Debug\Start01.a(cancel.o)
                              .\CortexM0\ARM_GCC_493\Debug\main.o (cancel_ClearInterrupt)
.\CortexM0\ARM_GCC_493\Debug\Start01.a(int_cancel.o)
                              .\CortexM0\ARM_GCC_493\Debug\main.o (int_cancel_StartEx)
.\CortexM0\ARM_GCC_493\Debug\Start01.a(display.o)
                              .\CortexM0\ARM_GCC_493\Debug\main.o (display_PrintString)
.\CortexM0\ARM_GCC_493\Debug\Start01.a(timer.o)
                              .\CortexM0\ARM_GCC_493\Debug\main.o (timer_Stop)
.\CortexM0\ARM_GCC_493\Debug\Start01.a(isr.o)
                              .\CortexM0\ARM_GCC_493\Debug\main.o (isr_StartEx)
c:/program files (x86)/cypress/psoc creator/3.3/psoc creator/import/gnu/arm/4.9.3/bin/../lib/gcc/arm-none-eabi/4.9.3/armv6-m\libgcc.a(_udivsi3.o)
                              .\CortexM0\ARM_GCC_493\Debug\Start01.a(CyLib.o) (__aeabi_uidiv)
c:/program files (x86)/cypress/psoc creator/3.3/psoc creator/import/gnu/arm/4.9.3/bin/../lib/gcc/arm-none-eabi/4.9.3/armv6-m\libgcc.a(_dvmd_tls.o)
                              c:/program files (x86)/cypress/psoc creator/3.3/psoc creator/import/gnu/arm/4.9.3/bin/../lib/gcc/arm-none-eabi/4.9.3/armv6-m\libgcc.a(_udivsi3.o) (__aeabi_idiv0)
c:/program files (x86)/cypress/psoc creator/3.3/psoc creator/import/gnu/arm/4.9.3/bin/../lib/gcc/arm-none-eabi/4.9.3/../../../../arm-none-eabi/lib/armv6-m\libg_nano.a(lib_a-errno.o)
                              .\CortexM0\ARM_GCC_493\Debug\Cm0Start.o (__errno)
c:/program files (x86)/cypress/psoc creator/3.3/psoc creator/import/gnu/arm/4.9.3/bin/../lib/gcc/arm-none-eabi/4.9.3/../../../../arm-none-eabi/lib/armv6-m\libg_nano.a(lib_a-exit.o)
                              c:/program files (x86)/cypress/psoc creator/3.3/psoc creator/import/gnu/arm/4.9.3/bin/../lib/gcc/arm-none-eabi/4.9.3/../../../../arm-none-eabi/lib/armv6-m/crt0.o (exit)
c:/program files (x86)/cypress/psoc creator/3.3/psoc creator/import/gnu/arm/4.9.3/bin/../lib/gcc/arm-none-eabi/4.9.3/../../../../arm-none-eabi/lib/armv6-m\libg_nano.a(lib_a-impure.o)
                              c:/program files (x86)/cypress/psoc creator/3.3/psoc creator/import/gnu/arm/4.9.3/bin/../lib/gcc/arm-none-eabi/4.9.3/../../../../arm-none-eabi/lib/armv6-m\libg_nano.a(lib_a-exit.o) (_global_impure_ptr)
c:/program files (x86)/cypress/psoc creator/3.3/psoc creator/import/gnu/arm/4.9.3/bin/../lib/gcc/arm-none-eabi/4.9.3/../../../../arm-none-eabi/lib/armv6-m\libg_nano.a(lib_a-init.o)
                              c:/program files (x86)/cypress/psoc creator/3.3/psoc creator/import/gnu/arm/4.9.3/bin/../lib/gcc/arm-none-eabi/4.9.3/../../../../arm-none-eabi/lib/armv6-m/crt0.o (__libc_init_array)
c:/program files (x86)/cypress/psoc creator/3.3/psoc creator/import/gnu/arm/4.9.3/bin/../lib/gcc/arm-none-eabi/4.9.3/../../../../arm-none-eabi/lib/armv6-m\libg_nano.a(lib_a-memset.o)
                              c:/program files (x86)/cypress/psoc creator/3.3/psoc creator/import/gnu/arm/4.9.3/bin/../lib/gcc/arm-none-eabi/4.9.3/../../../../arm-none-eabi/lib/armv6-m/crt0.o (memset)

Discarded input sections

 .text          0x00000000        0x0 c:/program files (x86)/cypress/psoc creator/3.3/psoc creator/import/gnu/arm/4.9.3/bin/../lib/gcc/arm-none-eabi/4.9.3/armv6-m/crti.o
 .data          0x00000000        0x0 c:/program files (x86)/cypress/psoc creator/3.3/psoc creator/import/gnu/arm/4.9.3/bin/../lib/gcc/arm-none-eabi/4.9.3/armv6-m/crti.o
 .bss           0x00000000        0x0 c:/program files (x86)/cypress/psoc creator/3.3/psoc creator/import/gnu/arm/4.9.3/bin/../lib/gcc/arm-none-eabi/4.9.3/armv6-m/crti.o
 .data          0x00000000        0x4 c:/program files (x86)/cypress/psoc creator/3.3/psoc creator/import/gnu/arm/4.9.3/bin/../lib/gcc/arm-none-eabi/4.9.3/armv6-m/crtbegin.o
 .text          0x00000000       0x78 c:/program files (x86)/cypress/psoc creator/3.3/psoc creator/import/gnu/arm/4.9.3/bin/../lib/gcc/arm-none-eabi/4.9.3/../../../../arm-none-eabi/lib/armv6-m/crt0.o
 .data          0x00000000        0x0 c:/program files (x86)/cypress/psoc creator/3.3/psoc creator/import/gnu/arm/4.9.3/bin/../lib/gcc/arm-none-eabi/4.9.3/../../../../arm-none-eabi/lib/armv6-m/crt0.o
 .bss           0x00000000        0x0 c:/program files (x86)/cypress/psoc creator/3.3/psoc creator/import/gnu/arm/4.9.3/bin/../lib/gcc/arm-none-eabi/4.9.3/../../../../arm-none-eabi/lib/armv6-m/crt0.o
 .ARM.extab     0x00000000        0x0 c:/program files (x86)/cypress/psoc creator/3.3/psoc creator/import/gnu/arm/4.9.3/bin/../lib/gcc/arm-none-eabi/4.9.3/../../../../arm-none-eabi/lib/armv6-m/crt0.o
 .ARM.exidx     0x00000000        0x8 c:/program files (x86)/cypress/psoc creator/3.3/psoc creator/import/gnu/arm/4.9.3/bin/../lib/gcc/arm-none-eabi/4.9.3/../../../../arm-none-eabi/lib/armv6-m/crt0.o
 .text          0x00000000        0x0 .\CortexM0\ARM_GCC_493\Debug\main.o
 .data          0x00000000        0x0 .\CortexM0\ARM_GCC_493\Debug\main.o
 .text          0x00000000        0x0 .\CortexM0\ARM_GCC_493\Debug\cymetadata.o
 .data          0x00000000        0x0 .\CortexM0\ARM_GCC_493\Debug\cymetadata.o
 .bss           0x00000000        0x0 .\CortexM0\ARM_GCC_493\Debug\cymetadata.o
 .text          0x00000000        0x0 .\CortexM0\ARM_GCC_493\Debug\Cm0Start.o
 .data          0x00000000        0x4 .\CortexM0\ARM_GCC_493\Debug\Cm0Start.o
 .bss           0x00000000        0x0 .\CortexM0\ARM_GCC_493\Debug\Cm0Start.o
 .text._exit    0x00000000        0xc .\CortexM0\ARM_GCC_493\Debug\Cm0Start.o
 .text._sbrk    0x00000000       0x30 .\CortexM0\ARM_GCC_493\Debug\Cm0Start.o
 .text          0x00000000        0x0 .\CortexM0\ARM_GCC_493\Debug\Start01.a(cyfitter_cfg.o)
 .data          0x00000000        0x0 .\CortexM0\ARM_GCC_493\Debug\Start01.a(cyfitter_cfg.o)
 .bss           0x00000000        0x0 .\CortexM0\ARM_GCC_493\Debug\Start01.a(cyfitter_cfg.o)
 .text          0x00000000        0x0 .\CortexM0\ARM_GCC_493\Debug\Start01.a(int_start.o)
 .data          0x00000000        0x0 .\CortexM0\ARM_GCC_493\Debug\Start01.a(int_start.o)
 .bss           0x00000000        0x0 .\CortexM0\ARM_GCC_493\Debug\Start01.a(int_start.o)
 .text.int_start_Interrupt
                0x00000000        0x4 .\CortexM0\ARM_GCC_493\Debug\Start01.a(int_start.o)
 .text.int_start_GetVector
                0x00000000        0xc .\CortexM0\ARM_GCC_493\Debug\Start01.a(int_start.o)
 .text.int_start_GetPriority
                0x00000000       0x10 .\CortexM0\ARM_GCC_493\Debug\Start01.a(int_start.o)
 .text.int_start_GetState
                0x00000000       0x10 .\CortexM0\ARM_GCC_493\Debug\Start01.a(int_start.o)
 .text.int_start_Start
                0x00000000       0x1c .\CortexM0\ARM_GCC_493\Debug\Start01.a(int_start.o)
 .text.int_start_Stop
                0x00000000       0x14 .\CortexM0\ARM_GCC_493\Debug\Start01.a(int_start.o)
 .text.int_start_SetPending
                0x00000000        0xc .\CortexM0\ARM_GCC_493\Debug\Start01.a(int_start.o)
 .text.int_start_ClearPending
                0x00000000        0xc .\CortexM0\ARM_GCC_493\Debug\Start01.a(int_start.o)
 .data          0x00000000        0x0 .\CortexM0\ARM_GCC_493\Debug\Start01.a(CyBootAsmGnu.o)
 .bss           0x00000000        0x0 .\CortexM0\ARM_GCC_493\Debug\Start01.a(CyBootAsmGnu.o)
 .text          0x00000000        0x0 .\CortexM0\ARM_GCC_493\Debug\Start01.a(CyLib.o)
 .bss           0x00000000       0x18 .\CortexM0\ARM_GCC_493\Debug\Start01.a(CyLib.o)
 .text.CySysClkImoStart
                0x00000000       0x14 .\CortexM0\ARM_GCC_493\Debug\Start01.a(CyLib.o)
 .text.CySysClkImoStop
                0x00000000       0x10 .\CortexM0\ARM_GCC_493\Debug\Start01.a(CyLib.o)
 .text.CySysClkWriteHfclkDirect
                0x00000000       0x20 .\CortexM0\ARM_GCC_493\Debug\Start01.a(CyLib.o)
 .text.CySysClkGetSysclkSource
                0x00000000       0x1c .\CortexM0\ARM_GCC_493\Debug\Start01.a(CyLib.o)
 .text.CySysClkWriteSysclkDiv
                0x00000000       0x28 .\CortexM0\ARM_GCC_493\Debug\Start01.a(CyLib.o)
 .text.CySysLvdDisable
                0x00000000       0x20 .\CortexM0\ARM_GCC_493\Debug\Start01.a(CyLib.o)
 .text.CySysLvdGetInterruptSource
                0x00000000       0x10 .\CortexM0\ARM_GCC_493\Debug\Start01.a(CyLib.o)
 .text.CySysLvdClearInterrupt
                0x00000000        0xc .\CortexM0\ARM_GCC_493\Debug\Start01.a(CyLib.o)
 .text.CySysGetResetReason
                0x00000000       0x14 .\CortexM0\ARM_GCC_493\Debug\Start01.a(CyLib.o)
 .text.CyDisableInts
                0x00000000       0x10 .\CortexM0\ARM_GCC_493\Debug\Start01.a(CyLib.o)
 .text.CyEnableInts
                0x00000000        0xc .\CortexM0\ARM_GCC_493\Debug\Start01.a(CyLib.o)
 .text.CyIntGetState
                0x00000000       0x18 .\CortexM0\ARM_GCC_493\Debug\Start01.a(CyLib.o)
 .text.CyIntDisable
                0x00000000       0x14 .\CortexM0\ARM_GCC_493\Debug\Start01.a(CyLib.o)
 .text.CyIntSetPending
                0x00000000       0x14 .\CortexM0\ARM_GCC_493\Debug\Start01.a(CyLib.o)
 .text.CyIntClearPending
                0x00000000       0x14 .\CortexM0\ARM_GCC_493\Debug\Start01.a(CyLib.o)
 .text.CyIntSetSysVector
                0x00000000       0x20 .\CortexM0\ARM_GCC_493\Debug\Start01.a(CyLib.o)
 .text.CyIntGetSysVector
                0x00000000       0x1c .\CortexM0\ARM_GCC_493\Debug\Start01.a(CyLib.o)
 .text.CyIntGetVector
                0x00000000       0x20 .\CortexM0\ARM_GCC_493\Debug\Start01.a(CyLib.o)
 .text.CyIntSetPriority
                0x00000000       0x4c .\CortexM0\ARM_GCC_493\Debug\Start01.a(CyLib.o)
 .text.CyIntGetPriority
                0x00000000       0x2c .\CortexM0\ARM_GCC_493\Debug\Start01.a(CyLib.o)
 .text.CySoftwareReset
                0x00000000       0x18 .\CortexM0\ARM_GCC_493\Debug\Start01.a(CyLib.o)
 .text.CySysLvdEnable
                0x00000000       0x44 .\CortexM0\ARM_GCC_493\Debug\Start01.a(CyLib.o)
 .text.CyDelayFreq
                0x00000000       0x4c .\CortexM0\ARM_GCC_493\Debug\Start01.a(CyLib.o)
 .text.CySysTickStop
                0x00000000       0x10 .\CortexM0\ARM_GCC_493\Debug\Start01.a(CyLib.o)
 .text.CySysTickEnableInterrupt
                0x00000000       0x10 .\CortexM0\ARM_GCC_493\Debug\Start01.a(CyLib.o)
 .text.CySysTickEnable
                0x00000000       0x18 .\CortexM0\ARM_GCC_493\Debug\Start01.a(CyLib.o)
 .text.CySysTickDisableInterrupt
                0x00000000       0x10 .\CortexM0\ARM_GCC_493\Debug\Start01.a(CyLib.o)
 .text.CySysTickSetReload
                0x00000000       0x10 .\CortexM0\ARM_GCC_493\Debug\Start01.a(CyLib.o)
 .text.CySysTickGetReload
                0x00000000       0x10 .\CortexM0\ARM_GCC_493\Debug\Start01.a(CyLib.o)
 .text.CySysTickGetValue
                0x00000000       0x10 .\CortexM0\ARM_GCC_493\Debug\Start01.a(CyLib.o)
 .text.CySysTickGetCountFlag
                0x00000000       0x10 .\CortexM0\ARM_GCC_493\Debug\Start01.a(CyLib.o)
 .text.CySysTickServiceCallbacks
                0x00000000       0x28 .\CortexM0\ARM_GCC_493\Debug\Start01.a(CyLib.o)
 .text.CySysTickClear
                0x00000000        0xc .\CortexM0\ARM_GCC_493\Debug\Start01.a(CyLib.o)
 .text.CySysTickInit
                0x00000000       0x44 .\CortexM0\ARM_GCC_493\Debug\Start01.a(CyLib.o)
 .text.CySysTickStart
                0x00000000       0x20 .\CortexM0\ARM_GCC_493\Debug\Start01.a(CyLib.o)
 .text.CySysTickSetCallback
                0x00000000       0x10 .\CortexM0\ARM_GCC_493\Debug\Start01.a(CyLib.o)
 .text.CySysTickGetCallback
                0x00000000        0xc .\CortexM0\ARM_GCC_493\Debug\Start01.a(CyLib.o)
 .text.CyGetUniqueId
                0x00000000       0x70 .\CortexM0\ARM_GCC_493\Debug\Start01.a(CyLib.o)
 .text          0x00000000        0x0 .\CortexM0\ARM_GCC_493\Debug\Start01.a(CyLFClk.o)
 .text.CySysClkIloEnabled
                0x00000000       0x14 .\CortexM0\ARM_GCC_493\Debug\Start01.a(CyLFClk.o)
 .text.CySysClkIloStart
                0x00000000       0x14 .\CortexM0\ARM_GCC_493\Debug\Start01.a(CyLFClk.o)
 .text.CySysWdtGetEnabledStatus
                0x00000000       0x24 .\CortexM0\ARM_GCC_493\Debug\Start01.a(CyLFClk.o)
 .text.CySysWdtSetMode
                0x00000000       0x38 .\CortexM0\ARM_GCC_493\Debug\Start01.a(CyLFClk.o)
 .text.CySysClkLfclkPosedgeRestore
                0x00000000       0x2c .\CortexM0\ARM_GCC_493\Debug\Start01.a(CyLFClk.o)
 .text.CySysWdtGetMode
                0x00000000       0x14 .\CortexM0\ARM_GCC_493\Debug\Start01.a(CyLFClk.o)
 .text.CySysWdtSetClearOnMatch
                0x00000000       0x38 .\CortexM0\ARM_GCC_493\Debug\Start01.a(CyLFClk.o)
 .text.CySysWdtGetClearOnMatch
                0x00000000       0x24 .\CortexM0\ARM_GCC_493\Debug\Start01.a(CyLFClk.o)
 .text.CySysWdtEnable
                0x00000000       0x40 .\CortexM0\ARM_GCC_493\Debug\Start01.a(CyLFClk.o)
 .text.CySysWdtDisable
                0x00000000       0x44 .\CortexM0\ARM_GCC_493\Debug\Start01.a(CyLFClk.o)
 .text.CySysWdtSetCascade
                0x00000000       0x34 .\CortexM0\ARM_GCC_493\Debug\Start01.a(CyLFClk.o)
 .text.CySysWdtGetCascade
                0x00000000       0x14 .\CortexM0\ARM_GCC_493\Debug\Start01.a(CyLFClk.o)
 .text.CySysWdtSetMatch
                0x00000000       0x3c .\CortexM0\ARM_GCC_493\Debug\Start01.a(CyLFClk.o)
 .text.CySysWdtSetToggleBit
                0x00000000       0x2c .\CortexM0\ARM_GCC_493\Debug\Start01.a(CyLFClk.o)
 .text.CySysWdtGetToggleBit
                0x00000000       0x10 .\CortexM0\ARM_GCC_493\Debug\Start01.a(CyLFClk.o)
 .text.CySysWdtGetMatch
                0x00000000       0x20 .\CortexM0\ARM_GCC_493\Debug\Start01.a(CyLFClk.o)
 .text.CySysWdtGetCount
                0x00000000       0x3c .\CortexM0\ARM_GCC_493\Debug\Start01.a(CyLFClk.o)
 .text.CySysClkLfclkPosedgeCatch
                0x00000000       0x74 .\CortexM0\ARM_GCC_493\Debug\Start01.a(CyLFClk.o)
 .text.CySysClkIloStop
                0x00000000       0x38 .\CortexM0\ARM_GCC_493\Debug\Start01.a(CyLFClk.o)
 .text.CySysWdtGetInterruptSource
                0x00000000       0x14 .\CortexM0\ARM_GCC_493\Debug\Start01.a(CyLFClk.o)
 .text.CySysWdtResetCounters
                0x00000000       0x20 .\CortexM0\ARM_GCC_493\Debug\Start01.a(CyLFClk.o)
 .text.CySysWdtSetInterruptCallback
                0x00000000       0x20 .\CortexM0\ARM_GCC_493\Debug\Start01.a(CyLFClk.o)
 .text.CySysWdtGetInterruptCallback
                0x00000000       0x20 .\CortexM0\ARM_GCC_493\Debug\Start01.a(CyLFClk.o)
 .text.CySysWdtEnableCounterIsr
                0x00000000       0x34 .\CortexM0\ARM_GCC_493\Debug\Start01.a(CyLFClk.o)
 .text.CySysWdtDisableCounterIsr
                0x00000000       0x28 .\CortexM0\ARM_GCC_493\Debug\Start01.a(CyLFClk.o)
 .text.CySysTimerDelayUntilMatch
                0x00000000       0x6c .\CortexM0\ARM_GCC_493\Debug\Start01.a(CyLFClk.o)
 .text.CySysTimerDelay
                0x00000000       0x3c .\CortexM0\ARM_GCC_493\Debug\Start01.a(CyLFClk.o)
 .text.CySysWatchdogFeed
                0x00000000       0x60 .\CortexM0\ARM_GCC_493\Debug\Start01.a(CyLFClk.o)
 .rodata        0x00000000        0xc .\CortexM0\ARM_GCC_493\Debug\Start01.a(CyLFClk.o)
 .text          0x00000000        0x0 .\CortexM0\ARM_GCC_493\Debug\Start01.a(start.o)
 .data          0x00000000        0x0 .\CortexM0\ARM_GCC_493\Debug\Start01.a(start.o)
 .bss           0x00000000        0x0 .\CortexM0\ARM_GCC_493\Debug\Start01.a(start.o)
 .text.start_SetDriveMode
                0x00000000       0x18 .\CortexM0\ARM_GCC_493\Debug\Start01.a(start.o)
 .text.start_Write
                0x00000000       0x18 .\CortexM0\ARM_GCC_493\Debug\Start01.a(start.o)
 .text.start_Read
                0x00000000       0x10 .\CortexM0\ARM_GCC_493\Debug\Start01.a(start.o)
 .text.start_ReadDataReg
                0x00000000       0x10 .\CortexM0\ARM_GCC_493\Debug\Start01.a(start.o)
 .text.start_SetInterruptMode
                0x00000000       0x14 .\CortexM0\ARM_GCC_493\Debug\Start01.a(start.o)
 .text          0x00000000        0x0 .\CortexM0\ARM_GCC_493\Debug\Start01.a(led_red.o)
 .data          0x00000000        0x0 .\CortexM0\ARM_GCC_493\Debug\Start01.a(led_red.o)
 .bss           0x00000000        0x0 .\CortexM0\ARM_GCC_493\Debug\Start01.a(led_red.o)
 .text.led_red_SetDriveMode
                0x00000000       0x18 .\CortexM0\ARM_GCC_493\Debug\Start01.a(led_red.o)
 .text.led_red_ReadDataReg
                0x00000000       0x10 .\CortexM0\ARM_GCC_493\Debug\Start01.a(led_red.o)
 .text.led_red_SetInterruptMode
                0x00000000       0x14 .\CortexM0\ARM_GCC_493\Debug\Start01.a(led_red.o)
 .text.led_red_ClearInterrupt
                0x00000000       0x14 .\CortexM0\ARM_GCC_493\Debug\Start01.a(led_red.o)
 .text          0x00000000        0x0 .\CortexM0\ARM_GCC_493\Debug\Start01.a(led_blue.o)
 .data          0x00000000        0x0 .\CortexM0\ARM_GCC_493\Debug\Start01.a(led_blue.o)
 .bss           0x00000000        0x0 .\CortexM0\ARM_GCC_493\Debug\Start01.a(led_blue.o)
 .text.led_blue_SetDriveMode
                0x00000000       0x18 .\CortexM0\ARM_GCC_493\Debug\Start01.a(led_blue.o)
 .text.led_blue_ReadDataReg
                0x00000000       0x10 .\CortexM0\ARM_GCC_493\Debug\Start01.a(led_blue.o)
 .text.led_blue_SetInterruptMode
                0x00000000       0x14 .\CortexM0\ARM_GCC_493\Debug\Start01.a(led_blue.o)
 .text.led_blue_ClearInterrupt
                0x00000000       0x14 .\CortexM0\ARM_GCC_493\Debug\Start01.a(led_blue.o)
 .text          0x00000000        0x0 .\CortexM0\ARM_GCC_493\Debug\Start01.a(xbee.o)
 .data          0x00000000        0x0 .\CortexM0\ARM_GCC_493\Debug\Start01.a(xbee.o)
 .text.xbee_ScbModeStop
                0x00000000        0x8 .\CortexM0\ARM_GCC_493\Debug\Start01.a(xbee.o)
 .text.xbee_Stop
                0x00000000       0x20 .\CortexM0\ARM_GCC_493\Debug\Start01.a(xbee.o)
 .text.xbee_SetRxFifoLevel
                0x00000000       0x14 .\CortexM0\ARM_GCC_493\Debug\Start01.a(xbee.o)
 .text.xbee_SetTxFifoLevel
                0x00000000       0x14 .\CortexM0\ARM_GCC_493\Debug\Start01.a(xbee.o)
 .text.xbee_I2CSlaveNackGeneration
                0x00000000       0x3c .\CortexM0\ARM_GCC_493\Debug\Start01.a(xbee.o)
 .text          0x00000000        0x0 .\CortexM0\ARM_GCC_493\Debug\Start01.a(xbee_SPI_UART.o)
 .data          0x00000000        0x0 .\CortexM0\ARM_GCC_493\Debug\Start01.a(xbee_SPI_UART.o)
 .bss           0x00000000        0x0 .\CortexM0\ARM_GCC_493\Debug\Start01.a(xbee_SPI_UART.o)
 .text.xbee_SpiUartReadRxData
                0x00000000        0xc .\CortexM0\ARM_GCC_493\Debug\Start01.a(xbee_SPI_UART.o)
 .text.xbee_SpiUartGetRxBufferSize
                0x00000000       0x10 .\CortexM0\ARM_GCC_493\Debug\Start01.a(xbee_SPI_UART.o)
 .text.xbee_SpiUartClearRxBuffer
                0x00000000       0x20 .\CortexM0\ARM_GCC_493\Debug\Start01.a(xbee_SPI_UART.o)
 .text.xbee_SpiUartPutArray
                0x00000000       0x18 .\CortexM0\ARM_GCC_493\Debug\Start01.a(xbee_SPI_UART.o)
 .text.xbee_SpiUartGetTxBufferSize
                0x00000000       0x10 .\CortexM0\ARM_GCC_493\Debug\Start01.a(xbee_SPI_UART.o)
 .text.xbee_SpiUartClearTxBuffer
                0x00000000       0x20 .\CortexM0\ARM_GCC_493\Debug\Start01.a(xbee_SPI_UART.o)
 .text.xbee_SpiUartDisableIntRx
                0x00000000       0x10 .\CortexM0\ARM_GCC_493\Debug\Start01.a(xbee_SPI_UART.o)
 .text.xbee_SpiUartDisableIntTx
                0x00000000       0x10 .\CortexM0\ARM_GCC_493\Debug\Start01.a(xbee_SPI_UART.o)
 .text          0x00000000        0x0 .\CortexM0\ARM_GCC_493\Debug\Start01.a(xbee_UART.o)
 .data          0x00000000        0x0 .\CortexM0\ARM_GCC_493\Debug\Start01.a(xbee_UART.o)
 .bss           0x00000000        0x0 .\CortexM0\ARM_GCC_493\Debug\Start01.a(xbee_UART.o)
 .text.xbee_UartStop
                0x00000000       0x14 .\CortexM0\ARM_GCC_493\Debug\Start01.a(xbee_UART.o)
 .text.xbee_UartSetRxAddress
                0x00000000       0x14 .\CortexM0\ARM_GCC_493\Debug\Start01.a(xbee_UART.o)
 .text.xbee_UartSetRxAddressMask
                0x00000000       0x18 .\CortexM0\ARM_GCC_493\Debug\Start01.a(xbee_UART.o)
 .text.xbee_UartGetChar
                0x00000000       0x2c .\CortexM0\ARM_GCC_493\Debug\Start01.a(xbee_UART.o)
 .text.xbee_UartGetByte
                0x00000000       0x30 .\CortexM0\ARM_GCC_493\Debug\Start01.a(xbee_UART.o)
 .text.xbee_UartPutCRLF
                0x00000000       0x14 .\CortexM0\ARM_GCC_493\Debug\Start01.a(xbee_UART.o)
 .text          0x00000000        0x0 .\CortexM0\ARM_GCC_493\Debug\Start01.a(cancel.o)
 .data          0x00000000        0x0 .\CortexM0\ARM_GCC_493\Debug\Start01.a(cancel.o)
 .bss           0x00000000        0x0 .\CortexM0\ARM_GCC_493\Debug\Start01.a(cancel.o)
 .text.cancel_SetDriveMode
                0x00000000       0x18 .\CortexM0\ARM_GCC_493\Debug\Start01.a(cancel.o)
 .text.cancel_Write
                0x00000000       0x18 .\CortexM0\ARM_GCC_493\Debug\Start01.a(cancel.o)
 .text.cancel_Read
                0x00000000       0x10 .\CortexM0\ARM_GCC_493\Debug\Start01.a(cancel.o)
 .text.cancel_ReadDataReg
                0x00000000       0x10 .\CortexM0\ARM_GCC_493\Debug\Start01.a(cancel.o)
 .text.cancel_SetInterruptMode
                0x00000000       0x14 .\CortexM0\ARM_GCC_493\Debug\Start01.a(cancel.o)
 .text          0x00000000        0x0 .\CortexM0\ARM_GCC_493\Debug\Start01.a(int_cancel.o)
 .data          0x00000000        0x0 .\CortexM0\ARM_GCC_493\Debug\Start01.a(int_cancel.o)
 .bss           0x00000000        0x0 .\CortexM0\ARM_GCC_493\Debug\Start01.a(int_cancel.o)
 .text.int_cancel_Interrupt
                0x00000000        0x4 .\CortexM0\ARM_GCC_493\Debug\Start01.a(int_cancel.o)
 .text.int_cancel_GetVector
                0x00000000        0xc .\CortexM0\ARM_GCC_493\Debug\Start01.a(int_cancel.o)
 .text.int_cancel_GetPriority
                0x00000000        0xc .\CortexM0\ARM_GCC_493\Debug\Start01.a(int_cancel.o)
 .text.int_cancel_GetState
                0x00000000       0x14 .\CortexM0\ARM_GCC_493\Debug\Start01.a(int_cancel.o)
 .text.int_cancel_Start
                0x00000000       0x1c .\CortexM0\ARM_GCC_493\Debug\Start01.a(int_cancel.o)
 .text.int_cancel_Stop
                0x00000000       0x14 .\CortexM0\ARM_GCC_493\Debug\Start01.a(int_cancel.o)
 .text.int_cancel_SetPending
                0x00000000        0xc .\CortexM0\ARM_GCC_493\Debug\Start01.a(int_cancel.o)
 .text.int_cancel_ClearPending
                0x00000000        0xc .\CortexM0\ARM_GCC_493\Debug\Start01.a(int_cancel.o)
 .text          0x00000000        0x0 .\CortexM0\ARM_GCC_493\Debug\Start01.a(display.o)
 .data          0x00000000        0x0 .\CortexM0\ARM_GCC_493\Debug\Start01.a(display.o)
 .text.display_Stop
                0x00000000       0x14 .\CortexM0\ARM_GCC_493\Debug\Start01.a(display.o)
 .text.display_PrintInt8
                0x00000000       0x20 .\CortexM0\ARM_GCC_493\Debug\Start01.a(display.o)
 .text.display_PrintInt16
                0x00000000       0x14 .\CortexM0\ARM_GCC_493\Debug\Start01.a(display.o)
 .text.display_PrintInt32
                0x00000000       0x1c .\CortexM0\ARM_GCC_493\Debug\Start01.a(display.o)
 .rodata        0x00000000       0x10 .\CortexM0\ARM_GCC_493\Debug\Start01.a(display.o)
 .text          0x00000000        0x0 .\CortexM0\ARM_GCC_493\Debug\Start01.a(timer.o)
 .data          0x00000000        0x0 .\CortexM0\ARM_GCC_493\Debug\Start01.a(timer.o)
 .text.timer_SetMode
                0x00000000       0x28 .\CortexM0\ARM_GCC_493\Debug\Start01.a(timer.o)
 .text.timer_SetQDMode
                0x00000000       0x28 .\CortexM0\ARM_GCC_493\Debug\Start01.a(timer.o)
 .text.timer_SetPrescaler
                0x00000000       0x28 .\CortexM0\ARM_GCC_493\Debug\Start01.a(timer.o)
 .text.timer_SetOneShot
                0x00000000       0x2c .\CortexM0\ARM_GCC_493\Debug\Start01.a(timer.o)
 .text.timer_SetPWMMode
                0x00000000       0x10 .\CortexM0\ARM_GCC_493\Debug\Start01.a(timer.o)
 .text.timer_SetPWMSyncKill
                0x00000000       0x28 .\CortexM0\ARM_GCC_493\Debug\Start01.a(timer.o)
 .text.timer_SetPWMStopOnKill
                0x00000000       0x28 .\CortexM0\ARM_GCC_493\Debug\Start01.a(timer.o)
 .text.timer_SetPWMDeadTime
                0x00000000       0x2c .\CortexM0\ARM_GCC_493\Debug\Start01.a(timer.o)
 .text.timer_SetPWMInvert
                0x00000000       0x28 .\CortexM0\ARM_GCC_493\Debug\Start01.a(timer.o)
 .text.timer_ReadCounter
                0x00000000       0x10 .\CortexM0\ARM_GCC_493\Debug\Start01.a(timer.o)
 .text.timer_SetCounterMode
                0x00000000       0x28 .\CortexM0\ARM_GCC_493\Debug\Start01.a(timer.o)
 .text.timer_ReadPeriod
                0x00000000       0x10 .\CortexM0\ARM_GCC_493\Debug\Start01.a(timer.o)
 .text.timer_SetCompareSwap
                0x00000000       0x24 .\CortexM0\ARM_GCC_493\Debug\Start01.a(timer.o)
 .text.timer_WritePeriodBuf
                0x00000000       0x10 .\CortexM0\ARM_GCC_493\Debug\Start01.a(timer.o)
 .text.timer_ReadPeriodBuf
                0x00000000       0x10 .\CortexM0\ARM_GCC_493\Debug\Start01.a(timer.o)
 .text.timer_SetPeriodSwap
                0x00000000       0x28 .\CortexM0\ARM_GCC_493\Debug\Start01.a(timer.o)
 .text.timer_ReadCompare
                0x00000000       0x10 .\CortexM0\ARM_GCC_493\Debug\Start01.a(timer.o)
 .text.timer_WriteCompareBuf
                0x00000000       0x10 .\CortexM0\ARM_GCC_493\Debug\Start01.a(timer.o)
 .text.timer_ReadCompareBuf
                0x00000000       0x10 .\CortexM0\ARM_GCC_493\Debug\Start01.a(timer.o)
 .text.timer_ReadCapture
                0x00000000       0x10 .\CortexM0\ARM_GCC_493\Debug\Start01.a(timer.o)
 .text.timer_ReadCaptureBuf
                0x00000000       0x10 .\CortexM0\ARM_GCC_493\Debug\Start01.a(timer.o)
 .text.timer_SetCaptureMode
                0x00000000       0x24 .\CortexM0\ARM_GCC_493\Debug\Start01.a(timer.o)
 .text.timer_SetReloadMode
                0x00000000       0x24 .\CortexM0\ARM_GCC_493\Debug\Start01.a(timer.o)
 .text.timer_SetStartMode
                0x00000000       0x28 .\CortexM0\ARM_GCC_493\Debug\Start01.a(timer.o)
 .text.timer_SetStopMode
                0x00000000       0x24 .\CortexM0\ARM_GCC_493\Debug\Start01.a(timer.o)
 .text.timer_SetCountMode
                0x00000000       0x24 .\CortexM0\ARM_GCC_493\Debug\Start01.a(timer.o)
 .text.timer_ReadStatus
                0x00000000       0x14 .\CortexM0\ARM_GCC_493\Debug\Start01.a(timer.o)
 .text.timer_GetInterruptSourceMasked
                0x00000000        0xc .\CortexM0\ARM_GCC_493\Debug\Start01.a(timer.o)
 .text.timer_GetInterruptSource
                0x00000000        0xc .\CortexM0\ARM_GCC_493\Debug\Start01.a(timer.o)
 .text.timer_SetInterrupt
                0x00000000        0xc .\CortexM0\ARM_GCC_493\Debug\Start01.a(timer.o)
 .text          0x00000000        0x0 .\CortexM0\ARM_GCC_493\Debug\Start01.a(isr.o)
 .data          0x00000000        0x0 .\CortexM0\ARM_GCC_493\Debug\Start01.a(isr.o)
 .bss           0x00000000        0x0 .\CortexM0\ARM_GCC_493\Debug\Start01.a(isr.o)
 .text.isr_Interrupt
                0x00000000        0x4 .\CortexM0\ARM_GCC_493\Debug\Start01.a(isr.o)
 .text.isr_GetVector
                0x00000000        0xc .\CortexM0\ARM_GCC_493\Debug\Start01.a(isr.o)
 .text.isr_GetPriority
                0x00000000       0x10 .\CortexM0\ARM_GCC_493\Debug\Start01.a(isr.o)
 .text.isr_GetState
                0x00000000       0x14 .\CortexM0\ARM_GCC_493\Debug\Start01.a(isr.o)
 .text.isr_Start
                0x00000000       0x1c .\CortexM0\ARM_GCC_493\Debug\Start01.a(isr.o)
 .text.isr_Stop
                0x00000000       0x14 .\CortexM0\ARM_GCC_493\Debug\Start01.a(isr.o)
 .text.isr_SetPending
                0x00000000       0x10 .\CortexM0\ARM_GCC_493\Debug\Start01.a(isr.o)
 .text.isr_ClearPending
                0x00000000       0x10 .\CortexM0\ARM_GCC_493\Debug\Start01.a(isr.o)
 .data          0x00000000        0x0 c:/program files (x86)/cypress/psoc creator/3.3/psoc creator/import/gnu/arm/4.9.3/bin/../lib/gcc/arm-none-eabi/4.9.3/armv6-m\libgcc.a(_udivsi3.o)
 .bss           0x00000000        0x0 c:/program files (x86)/cypress/psoc creator/3.3/psoc creator/import/gnu/arm/4.9.3/bin/../lib/gcc/arm-none-eabi/4.9.3/armv6-m\libgcc.a(_udivsi3.o)
 .data          0x00000000        0x0 c:/program files (x86)/cypress/psoc creator/3.3/psoc creator/import/gnu/arm/4.9.3/bin/../lib/gcc/arm-none-eabi/4.9.3/armv6-m\libgcc.a(_dvmd_tls.o)
 .bss           0x00000000        0x0 c:/program files (x86)/cypress/psoc creator/3.3/psoc creator/import/gnu/arm/4.9.3/bin/../lib/gcc/arm-none-eabi/4.9.3/armv6-m\libgcc.a(_dvmd_tls.o)
 .text          0x00000000        0x0 c:/program files (x86)/cypress/psoc creator/3.3/psoc creator/import/gnu/arm/4.9.3/bin/../lib/gcc/arm-none-eabi/4.9.3/../../../../arm-none-eabi/lib/armv6-m\libg_nano.a(lib_a-errno.o)
 .data          0x00000000        0x0 c:/program files (x86)/cypress/psoc creator/3.3/psoc creator/import/gnu/arm/4.9.3/bin/../lib/gcc/arm-none-eabi/4.9.3/../../../../arm-none-eabi/lib/armv6-m\libg_nano.a(lib_a-errno.o)
 .bss           0x00000000        0x0 c:/program files (x86)/cypress/psoc creator/3.3/psoc creator/import/gnu/arm/4.9.3/bin/../lib/gcc/arm-none-eabi/4.9.3/../../../../arm-none-eabi/lib/armv6-m\libg_nano.a(lib_a-errno.o)
 .text.__errno  0x00000000        0xc c:/program files (x86)/cypress/psoc creator/3.3/psoc creator/import/gnu/arm/4.9.3/bin/../lib/gcc/arm-none-eabi/4.9.3/../../../../arm-none-eabi/lib/armv6-m\libg_nano.a(lib_a-errno.o)
 .text          0x00000000        0x0 c:/program files (x86)/cypress/psoc creator/3.3/psoc creator/import/gnu/arm/4.9.3/bin/../lib/gcc/arm-none-eabi/4.9.3/../../../../arm-none-eabi/lib/armv6-m\libg_nano.a(lib_a-exit.o)
 .data          0x00000000        0x0 c:/program files (x86)/cypress/psoc creator/3.3/psoc creator/import/gnu/arm/4.9.3/bin/../lib/gcc/arm-none-eabi/4.9.3/../../../../arm-none-eabi/lib/armv6-m\libg_nano.a(lib_a-exit.o)
 .bss           0x00000000        0x0 c:/program files (x86)/cypress/psoc creator/3.3/psoc creator/import/gnu/arm/4.9.3/bin/../lib/gcc/arm-none-eabi/4.9.3/../../../../arm-none-eabi/lib/armv6-m\libg_nano.a(lib_a-exit.o)
 .text.exit     0x00000000       0x2c c:/program files (x86)/cypress/psoc creator/3.3/psoc creator/import/gnu/arm/4.9.3/bin/../lib/gcc/arm-none-eabi/4.9.3/../../../../arm-none-eabi/lib/armv6-m\libg_nano.a(lib_a-exit.o)
 .text          0x00000000        0x0 c:/program files (x86)/cypress/psoc creator/3.3/psoc creator/import/gnu/arm/4.9.3/bin/../lib/gcc/arm-none-eabi/4.9.3/../../../../arm-none-eabi/lib/armv6-m\libg_nano.a(lib_a-impure.o)
 .data          0x00000000        0x0 c:/program files (x86)/cypress/psoc creator/3.3/psoc creator/import/gnu/arm/4.9.3/bin/../lib/gcc/arm-none-eabi/4.9.3/../../../../arm-none-eabi/lib/armv6-m\libg_nano.a(lib_a-impure.o)
 .bss           0x00000000        0x0 c:/program files (x86)/cypress/psoc creator/3.3/psoc creator/import/gnu/arm/4.9.3/bin/../lib/gcc/arm-none-eabi/4.9.3/../../../../arm-none-eabi/lib/armv6-m\libg_nano.a(lib_a-impure.o)
 .data.impure_data
                0x00000000       0x60 c:/program files (x86)/cypress/psoc creator/3.3/psoc creator/import/gnu/arm/4.9.3/bin/../lib/gcc/arm-none-eabi/4.9.3/../../../../arm-none-eabi/lib/armv6-m\libg_nano.a(lib_a-impure.o)
 .data._impure_ptr
                0x00000000        0x4 c:/program files (x86)/cypress/psoc creator/3.3/psoc creator/import/gnu/arm/4.9.3/bin/../lib/gcc/arm-none-eabi/4.9.3/../../../../arm-none-eabi/lib/armv6-m\libg_nano.a(lib_a-impure.o)
 .rodata.str1.1
                0x00000000        0x2 c:/program files (x86)/cypress/psoc creator/3.3/psoc creator/import/gnu/arm/4.9.3/bin/../lib/gcc/arm-none-eabi/4.9.3/../../../../arm-none-eabi/lib/armv6-m\libg_nano.a(lib_a-impure.o)
 .rodata._global_impure_ptr
                0x00000000        0x4 c:/program files (x86)/cypress/psoc creator/3.3/psoc creator/import/gnu/arm/4.9.3/bin/../lib/gcc/arm-none-eabi/4.9.3/../../../../arm-none-eabi/lib/armv6-m\libg_nano.a(lib_a-impure.o)
 .text          0x00000000        0x0 c:/program files (x86)/cypress/psoc creator/3.3/psoc creator/import/gnu/arm/4.9.3/bin/../lib/gcc/arm-none-eabi/4.9.3/../../../../arm-none-eabi/lib/armv6-m\libg_nano.a(lib_a-init.o)
 .data          0x00000000        0x0 c:/program files (x86)/cypress/psoc creator/3.3/psoc creator/import/gnu/arm/4.9.3/bin/../lib/gcc/arm-none-eabi/4.9.3/../../../../arm-none-eabi/lib/armv6-m\libg_nano.a(lib_a-init.o)
 .bss           0x00000000        0x0 c:/program files (x86)/cypress/psoc creator/3.3/psoc creator/import/gnu/arm/4.9.3/bin/../lib/gcc/arm-none-eabi/4.9.3/../../../../arm-none-eabi/lib/armv6-m\libg_nano.a(lib_a-init.o)
 .text          0x00000000        0x0 c:/program files (x86)/cypress/psoc creator/3.3/psoc creator/import/gnu/arm/4.9.3/bin/../lib/gcc/arm-none-eabi/4.9.3/../../../../arm-none-eabi/lib/armv6-m\libg_nano.a(lib_a-memset.o)
 .data          0x00000000        0x0 c:/program files (x86)/cypress/psoc creator/3.3/psoc creator/import/gnu/arm/4.9.3/bin/../lib/gcc/arm-none-eabi/4.9.3/../../../../arm-none-eabi/lib/armv6-m\libg_nano.a(lib_a-memset.o)
 .bss           0x00000000        0x0 c:/program files (x86)/cypress/psoc creator/3.3/psoc creator/import/gnu/arm/4.9.3/bin/../lib/gcc/arm-none-eabi/4.9.3/../../../../arm-none-eabi/lib/armv6-m\libg_nano.a(lib_a-memset.o)
 .text          0x00000000        0x0 c:/program files (x86)/cypress/psoc creator/3.3/psoc creator/import/gnu/arm/4.9.3/bin/../lib/gcc/arm-none-eabi/4.9.3/armv6-m/crtend.o
 .data          0x00000000        0x0 c:/program files (x86)/cypress/psoc creator/3.3/psoc creator/import/gnu/arm/4.9.3/bin/../lib/gcc/arm-none-eabi/4.9.3/armv6-m/crtend.o
 .bss           0x00000000        0x0 c:/program files (x86)/cypress/psoc creator/3.3/psoc creator/import/gnu/arm/4.9.3/bin/../lib/gcc/arm-none-eabi/4.9.3/armv6-m/crtend.o
 .text          0x00000000        0x0 c:/program files (x86)/cypress/psoc creator/3.3/psoc creator/import/gnu/arm/4.9.3/bin/../lib/gcc/arm-none-eabi/4.9.3/armv6-m/crtn.o
 .data          0x00000000        0x0 c:/program files (x86)/cypress/psoc creator/3.3/psoc creator/import/gnu/arm/4.9.3/bin/../lib/gcc/arm-none-eabi/4.9.3/armv6-m/crtn.o
 .bss           0x00000000        0x0 c:/program files (x86)/cypress/psoc creator/3.3/psoc creator/import/gnu/arm/4.9.3/bin/../lib/gcc/arm-none-eabi/4.9.3/armv6-m/crtn.o

Memory Configuration

Name             Origin             Length             Attributes
rom              0x00000000         0x00008000         xr
ram              0x20000000         0x00001000         xrw
*default*        0x00000000         0xffffffff

Linker script and memory map

LOAD c:/program files (x86)/cypress/psoc creator/3.3/psoc creator/import/gnu/arm/4.9.3/bin/../lib/gcc/arm-none-eabi/4.9.3/armv6-m/crti.o
LOAD c:/program files (x86)/cypress/psoc creator/3.3/psoc creator/import/gnu/arm/4.9.3/bin/../lib/gcc/arm-none-eabi/4.9.3/armv6-m/crtbegin.o
LOAD c:/program files (x86)/cypress/psoc creator/3.3/psoc creator/import/gnu/arm/4.9.3/bin/../lib/gcc/arm-none-eabi/4.9.3/../../../../arm-none-eabi/lib/armv6-m/crt0.o
START GROUP
LOAD .\CortexM0\ARM_GCC_493\Debug\main.o
LOAD .\CortexM0\ARM_GCC_493\Debug\cymetadata.o
LOAD .\CortexM0\ARM_GCC_493\Debug\Cm0Start.o
LOAD .\CortexM0\ARM_GCC_493\Debug\Start01.a
LOAD C:\Program Files (x86)\Cypress\PSoC Creator\3.3\PSoC Creator\psoc\content\cycomponentlibrary\CyComponentLibrary.cylib\CortexM0\ARM_GCC_493\Debug\CyComponentLibrary.a
END GROUP
START GROUP
LOAD c:/program files (x86)/cypress/psoc creator/3.3/psoc creator/import/gnu/arm/4.9.3/bin/../lib/gcc/arm-none-eabi/4.9.3/armv6-m\libgcc.a
LOAD c:/program files (x86)/cypress/psoc creator/3.3/psoc creator/import/gnu/arm/4.9.3/bin/../lib/gcc/arm-none-eabi/4.9.3/../../../../arm-none-eabi/lib/armv6-m\libg_nano.a
LOAD c:/program files (x86)/cypress/psoc creator/3.3/psoc creator/import/gnu/arm/4.9.3/bin/../lib/gcc/arm-none-eabi/4.9.3/../../../../arm-none-eabi/lib/armv6-m\libc_nano.a
END GROUP
START GROUP
LOAD c:/program files (x86)/cypress/psoc creator/3.3/psoc creator/import/gnu/arm/4.9.3/bin/../lib/gcc/arm-none-eabi/4.9.3/armv6-m\libgcc.a
LOAD c:/program files (x86)/cypress/psoc creator/3.3/psoc creator/import/gnu/arm/4.9.3/bin/../lib/gcc/arm-none-eabi/4.9.3/../../../../arm-none-eabi/lib/armv6-m\libc_nano.a
END GROUP
LOAD c:/program files (x86)/cypress/psoc creator/3.3/psoc creator/import/gnu/arm/4.9.3/bin/../lib/gcc/arm-none-eabi/4.9.3/armv6-m/crtend.o
LOAD c:/program files (x86)/cypress/psoc creator/3.3/psoc creator/import/gnu/arm/4.9.3/bin/../lib/gcc/arm-none-eabi/4.9.3/armv6-m/crtn.o
START GROUP
LOAD c:/program files (x86)/cypress/psoc creator/3.3/psoc creator/import/gnu/arm/4.9.3/bin/../lib/gcc/arm-none-eabi/4.9.3/armv6-m\libgcc.a
LOAD c:/program files (x86)/cypress/psoc creator/3.3/psoc creator/import/gnu/arm/4.9.3/bin/../lib/gcc/arm-none-eabi/4.9.3/../../../../arm-none-eabi/lib/armv6-m\libc.a
LOAD c:/program files (x86)/cypress/psoc creator/3.3/psoc creator/import/gnu/arm/4.9.3/bin/../lib/gcc/arm-none-eabi/4.9.3/../../../../arm-none-eabi/lib/armv6-m\libnosys.a
END GROUP
                0x00000000                CY_APPL_ORIGIN = 0x0
                0x00000080                CY_FLASH_ROW_SIZE = 0x80
                0x00000001                CY_APPL_NUM = 0x1
                0x00000001                CY_APPL_MAX = 0x1
                0x00000040                CY_METADATA_SIZE = 0x40
                0x00000000                CY_APPL_LOADABLE = 0x0
                0x00000000                CY_CHECKSUM_EXCLUDE_SIZE = ALIGN (0x0, CY_FLASH_ROW_SIZE)
                0x00000000                CY_APP_FOR_STACK_AND_COPIER = 0x0
                0x20000128                PROVIDE (__cy_heap_start, _end)
                0x00000001                PROVIDE (__cy_region_num, ((__cy_regions_end - __cy_regions) / 0x10))
                0x20001000                PROVIDE (__cy_stack, (ORIGIN (ram) + 0x1000))
                0x20000c00                PROVIDE (__cy_heap_end, (__cy_stack - 0x400))

.cybootloader   0x00000000        0x0
 *(.cybootloader)
                0x00000000                appl1_start = CY_APPL_ORIGIN?CY_APPL_ORIGIN:ALIGN (CY_FLASH_ROW_SIZE)
                0x00003f80                appl2_start = (appl1_start + ALIGN ((((0x8000 - appl1_start) - (0x2 * CY_FLASH_ROW_SIZE)) / 0x2), CY_FLASH_ROW_SIZE))
                0x00000000                appl_start = (CY_APPL_NUM == 0x1)?appl1_start:appl2_start
                0x00000001                cy_project_type_bootloader = (appl_start == 0x0)?0x1:0x0
                0x00000000                cy_project_type_app_for_stack_and_copier = (CY_APP_FOR_STACK_AND_COPIER == 0x1)?0x1:0x0

.text           0x00000000      0xf78
 CREATE_OBJECT_SYMBOLS
                0x00000000                PROVIDE (__cy_interrupt_vector, RomVectors)
 *(.romvectors)
 .romvectors    0x00000000       0x10 .\CortexM0\ARM_GCC_493\Debug\Cm0Start.o
                0x00000000                RomVectors
                0x00000001                ASSERT ((. != __cy_interrupt_vector), No interrupt vector)
                0x00000001                ASSERT (CY_APPL_ORIGIN?(SIZEOF (.cybootloader) <= CY_APPL_ORIGIN):0x1, Wrong image location)
                0x00000010                PROVIDE (__cy_reset, Reset)
 *(.text.Reset)
 .text.Reset    0x00000010        0x8 .\CortexM0\ARM_GCC_493\Debug\Cm0Start.o
                0x00000010                Reset
                0x00000001                ASSERT ((. != __cy_reset), No reset code)
 *(.psocinit)
 .psocinit      0x00000018      0x19c .\CortexM0\ARM_GCC_493\Debug\Start01.a(cyfitter_cfg.o)
                0x000000a8                cyfitter_cfg
                0x000001b4                . = MAX (., 0x100)
 *(.text .text.* .gnu.linkonce.t.*)
 .text          0x000001b4       0x60 c:/program files (x86)/cypress/psoc creator/3.3/psoc creator/import/gnu/arm/4.9.3/bin/../lib/gcc/arm-none-eabi/4.9.3/armv6-m/crtbegin.o
 .text.startHandler
                0x00000214       0x34 .\CortexM0\ARM_GCC_493\Debug\main.o
                0x00000214                startHandler
 .text.cancelHandler
                0x00000248       0x38 .\CortexM0\ARM_GCC_493\Debug\main.o
                0x00000248                cancelHandler
 .text.isrHandler
                0x00000280       0x18 .\CortexM0\ARM_GCC_493\Debug\main.o
                0x00000280                isrHandler
 .text.led_indication
                0x00000298       0x80 .\CortexM0\ARM_GCC_493\Debug\main.o
                0x00000298                led_indication
 .text.display_indication
                0x00000318       0x48 .\CortexM0\ARM_GCC_493\Debug\main.o
                0x00000318                display_indication
 .text.main     0x00000360       0x34 .\CortexM0\ARM_GCC_493\Debug\main.o
                0x00000360                main
 .text.IntDefaultHandler
                0x00000394        0x4 .\CortexM0\ARM_GCC_493\Debug\Cm0Start.o
                0x00000394                IntDefaultHandler
 .text.Start_c  0x00000398       0x48 .\CortexM0\ARM_GCC_493\Debug\Cm0Start.o
                0x00000398                Start_c
 .text.initialize_psoc
                0x000003e0       0x48 .\CortexM0\ARM_GCC_493\Debug\Cm0Start.o
                0x000003e0                initialize_psoc
 .text.CYMEMZERO
                0x00000428        0xc .\CortexM0\ARM_GCC_493\Debug\Start01.a(cyfitter_cfg.o)
 .text.int_start_SetVector
                0x00000434        0xc .\CortexM0\ARM_GCC_493\Debug\Start01.a(int_start.o)
                0x00000434                int_start_SetVector
 .text.int_start_SetPriority
                0x00000440       0x20 .\CortexM0\ARM_GCC_493\Debug\Start01.a(int_start.o)
                0x00000440                int_start_SetPriority
 .text.int_start_Enable
                0x00000460        0xc .\CortexM0\ARM_GCC_493\Debug\Start01.a(int_start.o)
                0x00000460                int_start_Enable
 .text.int_start_Disable
                0x0000046c        0xc .\CortexM0\ARM_GCC_493\Debug\Start01.a(int_start.o)
                0x0000046c                int_start_Disable
 .text.int_start_StartEx
                0x00000478       0x1c .\CortexM0\ARM_GCC_493\Debug\Start01.a(int_start.o)
                0x00000478                int_start_StartEx
 *fill*         0x00000494        0x4 
 .text          0x00000498       0x28 .\CortexM0\ARM_GCC_493\Debug\Start01.a(CyBootAsmGnu.o)
                0x00000498                CyDelayCycles
                0x000004ac                CyEnterCriticalSection
                0x000004b4                CyExitCriticalSection
 .text.CyIntEnable
                0x000004c0       0x14 .\CortexM0\ARM_GCC_493\Debug\Start01.a(CyLib.o)
                0x000004c0                CyIntEnable
 .text.CyHalt   0x000004d4        0x4 .\CortexM0\ARM_GCC_493\Debug\Start01.a(CyLib.o)
                0x000004d4                CyHalt
 .text.CyIntSetVector
                0x000004d8       0x24 .\CortexM0\ARM_GCC_493\Debug\Start01.a(CyLib.o)
                0x000004d8                CyIntSetVector
 .text.CyDelay  0x000004fc       0x30 .\CortexM0\ARM_GCC_493\Debug\Start01.a(CyLib.o)
                0x000004fc                CyDelay
 .text.CyDelayUs
                0x0000052c       0x14 .\CortexM0\ARM_GCC_493\Debug\Start01.a(CyLib.o)
                0x0000052c                CyDelayUs
 .text.CySysClkWriteImoFreq
                0x00000540      0x164 .\CortexM0\ARM_GCC_493\Debug\Start01.a(CyLib.o)
                0x00000540                CySysClkWriteImoFreq
 .text.CySysWdtLocked
                0x000006a4       0x14 .\CortexM0\ARM_GCC_493\Debug\Start01.a(CyLFClk.o)
 .text.CySysWdtLock
                0x000006b8       0x1c .\CortexM0\ARM_GCC_493\Debug\Start01.a(CyLFClk.o)
                0x000006b8                CySysWdtLock
 .text.CySysWdtUnlock
                0x000006d4       0x30 .\CortexM0\ARM_GCC_493\Debug\Start01.a(CyLFClk.o)
                0x000006d4                CySysWdtUnlock
 .text.CySysWdtClearInterrupt
                0x00000704       0x4c .\CortexM0\ARM_GCC_493\Debug\Start01.a(CyLFClk.o)
                0x00000704                CySysWdtClearInterrupt
 .text.CySysWdtIsr
                0x00000750       0xa4 .\CortexM0\ARM_GCC_493\Debug\Start01.a(CyLFClk.o)
                0x00000750                CySysWdtIsr
 .text.start_ClearInterrupt
                0x000007f4       0x14 .\CortexM0\ARM_GCC_493\Debug\Start01.a(start.o)
                0x000007f4                start_ClearInterrupt
 .text.led_red_Write
                0x00000808       0x18 .\CortexM0\ARM_GCC_493\Debug\Start01.a(led_red.o)
                0x00000808                led_red_Write
 .text.led_red_Read
                0x00000820       0x10 .\CortexM0\ARM_GCC_493\Debug\Start01.a(led_red.o)
                0x00000820                led_red_Read
 .text.led_blue_Write
                0x00000830       0x18 .\CortexM0\ARM_GCC_493\Debug\Start01.a(led_blue.o)
                0x00000830                led_blue_Write
 .text.led_blue_Read
                0x00000848       0x10 .\CortexM0\ARM_GCC_493\Debug\Start01.a(led_blue.o)
                0x00000848                led_blue_Read
 .text.xbee_ScbModePostEnable
                0x00000858        0x8 .\CortexM0\ARM_GCC_493\Debug\Start01.a(xbee.o)
 .text.xbee_Init
                0x00000860        0x8 .\CortexM0\ARM_GCC_493\Debug\Start01.a(xbee.o)
                0x00000860                xbee_Init
 .text.xbee_Enable
                0x00000868       0x18 .\CortexM0\ARM_GCC_493\Debug\Start01.a(xbee.o)
                0x00000868                xbee_Enable
 .text.xbee_Start
                0x00000880       0x20 .\CortexM0\ARM_GCC_493\Debug\Start01.a(xbee.o)
                0x00000880                xbee_Start
 .text.xbee_SpiUartWriteTxData
                0x000008a0       0x1c .\CortexM0\ARM_GCC_493\Debug\Start01.a(xbee_SPI_UART.o)
                0x000008a0                xbee_SpiUartWriteTxData
 .text.xbee_UartInit
                0x000008bc       0x90 .\CortexM0\ARM_GCC_493\Debug\Start01.a(xbee_UART.o)
                0x000008bc                xbee_UartInit
 .text.xbee_UartPostEnable
                0x0000094c       0x1c .\CortexM0\ARM_GCC_493\Debug\Start01.a(xbee_UART.o)
                0x0000094c                xbee_UartPostEnable
 .text.xbee_UartPutString
                0x00000968       0x18 .\CortexM0\ARM_GCC_493\Debug\Start01.a(xbee_UART.o)
                0x00000968                xbee_UartPutString
 .text.cancel_ClearInterrupt
                0x00000980       0x14 .\CortexM0\ARM_GCC_493\Debug\Start01.a(cancel.o)
                0x00000980                cancel_ClearInterrupt
 .text.int_cancel_SetVector
                0x00000994        0xc .\CortexM0\ARM_GCC_493\Debug\Start01.a(int_cancel.o)
                0x00000994                int_cancel_SetVector
 .text.int_cancel_SetPriority
                0x000009a0       0x20 .\CortexM0\ARM_GCC_493\Debug\Start01.a(int_cancel.o)
                0x000009a0                int_cancel_SetPriority
 .text.int_cancel_Enable
                0x000009c0        0xc .\CortexM0\ARM_GCC_493\Debug\Start01.a(int_cancel.o)
                0x000009c0                int_cancel_Enable
 .text.int_cancel_Disable
                0x000009cc        0xc .\CortexM0\ARM_GCC_493\Debug\Start01.a(int_cancel.o)
                0x000009cc                int_cancel_Disable
 .text.int_cancel_StartEx
                0x000009d8       0x1c .\CortexM0\ARM_GCC_493\Debug\Start01.a(int_cancel.o)
                0x000009d8                int_cancel_StartEx
 .text.display_WrCntrlNib
                0x000009f4       0x34 .\CortexM0\ARM_GCC_493\Debug\Start01.a(display.o)
 .text.display_WrDatNib
                0x00000a28       0x44 .\CortexM0\ARM_GCC_493\Debug\Start01.a(display.o)
 .text.display_IsReady
                0x00000a6c       0xb4 .\CortexM0\ARM_GCC_493\Debug\Start01.a(display.o)
                0x00000a6c                display_IsReady
 .text.display_WriteData
                0x00000b20       0x18 .\CortexM0\ARM_GCC_493\Debug\Start01.a(display.o)
                0x00000b20                display_WriteData
 .text.display_PrintString
                0x00000b38       0x1c .\CortexM0\ARM_GCC_493\Debug\Start01.a(display.o)
                0x00000b38                display_PrintString
 .text.display_PutChar
                0x00000b54        0x8 .\CortexM0\ARM_GCC_493\Debug\Start01.a(display.o)
                0x00000b54                display_PutChar
 .text.display_WriteControl
                0x00000b5c       0x18 .\CortexM0\ARM_GCC_493\Debug\Start01.a(display.o)
                0x00000b5c                display_WriteControl
 .text.display_Init
                0x00000b74       0x6c .\CortexM0\ARM_GCC_493\Debug\Start01.a(display.o)
                0x00000b74                display_Init
 .text.display_Enable
                0x00000be0       0x14 .\CortexM0\ARM_GCC_493\Debug\Start01.a(display.o)
                0x00000be0                display_Enable
 .text.display_Start
                0x00000bf4       0x20 .\CortexM0\ARM_GCC_493\Debug\Start01.a(display.o)
                0x00000bf4                display_Start
 .text.display_Position
                0x00000c14       0x3c .\CortexM0\ARM_GCC_493\Debug\Start01.a(display.o)
                0x00000c14                display_Position
 .text.display_PrintU32Number
                0x00000c50       0x48 .\CortexM0\ARM_GCC_493\Debug\Start01.a(display.o)
                0x00000c50                display_PrintU32Number
 .text.timer_Stop
                0x00000c98       0x1c .\CortexM0\ARM_GCC_493\Debug\Start01.a(timer.o)
                0x00000c98                timer_Stop
 .text.timer_WriteCounter
                0x00000cb4       0x10 .\CortexM0\ARM_GCC_493\Debug\Start01.a(timer.o)
                0x00000cb4                timer_WriteCounter
 .text.timer_WritePeriod
                0x00000cc4       0x10 .\CortexM0\ARM_GCC_493\Debug\Start01.a(timer.o)
                0x00000cc4                timer_WritePeriod
 .text.timer_WriteCompare
                0x00000cd4       0x10 .\CortexM0\ARM_GCC_493\Debug\Start01.a(timer.o)
                0x00000cd4                timer_WriteCompare
 .text.timer_TriggerCommand
                0x00000ce4       0x1c .\CortexM0\ARM_GCC_493\Debug\Start01.a(timer.o)
                0x00000ce4                timer_TriggerCommand
 .text.timer_Enable
                0x00000d00       0x24 .\CortexM0\ARM_GCC_493\Debug\Start01.a(timer.o)
                0x00000d00                timer_Enable
 .text.timer_SetInterruptMode
                0x00000d24        0xc .\CortexM0\ARM_GCC_493\Debug\Start01.a(timer.o)
                0x00000d24                timer_SetInterruptMode
 .text.timer_Init
                0x00000d30       0x34 .\CortexM0\ARM_GCC_493\Debug\Start01.a(timer.o)
                0x00000d30                timer_Init
 .text.timer_Start
                0x00000d64       0x20 .\CortexM0\ARM_GCC_493\Debug\Start01.a(timer.o)
                0x00000d64                timer_Start
 .text.timer_ClearInterrupt
                0x00000d84        0xc .\CortexM0\ARM_GCC_493\Debug\Start01.a(timer.o)
                0x00000d84                timer_ClearInterrupt
 .text.isr_SetVector
                0x00000d90        0xc .\CortexM0\ARM_GCC_493\Debug\Start01.a(isr.o)
                0x00000d90                isr_SetVector
 .text.isr_SetPriority
                0x00000d9c       0x20 .\CortexM0\ARM_GCC_493\Debug\Start01.a(isr.o)
                0x00000d9c                isr_SetPriority
 .text.isr_Enable
                0x00000dbc       0x10 .\CortexM0\ARM_GCC_493\Debug\Start01.a(isr.o)
                0x00000dbc                isr_Enable
 .text.isr_Disable
                0x00000dcc       0x10 .\CortexM0\ARM_GCC_493\Debug\Start01.a(isr.o)
                0x00000dcc                isr_Disable
 .text.isr_StartEx
                0x00000ddc       0x1c .\CortexM0\ARM_GCC_493\Debug\Start01.a(isr.o)
                0x00000ddc                isr_StartEx
 .text          0x00000df8      0x120 c:/program files (x86)/cypress/psoc creator/3.3/psoc creator/import/gnu/arm/4.9.3/bin/../lib/gcc/arm-none-eabi/4.9.3/armv6-m\libgcc.a(_udivsi3.o)
                0x00000df8                __aeabi_uidiv
                0x00000df8                __udivsi3
                0x00000f04                __aeabi_uidivmod
 .text          0x00000f18        0x4 c:/program files (x86)/cypress/psoc creator/3.3/psoc creator/import/gnu/arm/4.9.3/bin/../lib/gcc/arm-none-eabi/4.9.3/armv6-m\libgcc.a(_dvmd_tls.o)
                0x00000f18                __aeabi_idiv0
                0x00000f18                __aeabi_ldiv0
 .text.__libc_init_array
                0x00000f1c       0x4c c:/program files (x86)/cypress/psoc creator/3.3/psoc creator/import/gnu/arm/4.9.3/bin/../lib/gcc/arm-none-eabi/4.9.3/../../../../arm-none-eabi/lib/armv6-m\libg_nano.a(lib_a-init.o)
                0x00000f1c                __libc_init_array
 .text.memset   0x00000f68       0x10 c:/program files (x86)/cypress/psoc creator/3.3/psoc creator/import/gnu/arm/4.9.3/bin/../lib/gcc/arm-none-eabi/4.9.3/../../../../arm-none-eabi/lib/armv6-m\libg_nano.a(lib_a-memset.o)
                0x00000f68                memset
 *(.plt)
 *(.gnu.warning)
 *(.glue_7t)
 .glue_7t       0x00000000        0x0 linker stubs
 *(.glue_7)
 .glue_7        0x00000000        0x0 linker stubs
 *(.vfp11_veneer)
 .vfp11_veneer  0x00000000        0x0 linker stubs
 *(.bootloader)
 *(.ARM.extab* .gnu.linkonce.armextab.*)
 *(.gcc_except_table)

.v4_bx          0x00000f78        0x0
 .v4_bx         0x00000000        0x0 linker stubs

.iplt           0x00000f78        0x0
 .iplt          0x00000000        0x0 c:/program files (x86)/cypress/psoc creator/3.3/psoc creator/import/gnu/arm/4.9.3/bin/../lib/gcc/arm-none-eabi/4.9.3/armv6-m/crtbegin.o

.eh_frame_hdr
 *(.eh_frame_hdr)

.eh_frame       0x00000f78        0x4
 *(.eh_frame)
 .eh_frame      0x00000f78        0x0 c:/program files (x86)/cypress/psoc creator/3.3/psoc creator/import/gnu/arm/4.9.3/bin/../lib/gcc/arm-none-eabi/4.9.3/armv6-m/crtbegin.o
 .eh_frame      0x00000f78        0x4 c:/program files (x86)/cypress/psoc creator/3.3/psoc creator/import/gnu/arm/4.9.3/bin/../lib/gcc/arm-none-eabi/4.9.3/armv6-m/crtend.o
                0x00000f7c                PROVIDE (__exidx_start, .)

.ARM.exidx
 *(.ARM.exidx* .gnu.linkonce.armexidx.*)
                0x00000f7c                __exidx_end = .

.rodata         0x00000f7c       0x8c
 *(.rodata .rodata.* .gnu.linkonce.r.*)
 .rodata        0x00000f7c        0x4 .\CortexM0\ARM_GCC_493\Debug\main.o
 .rodata.str1.4
                0x00000f80       0x14 .\CortexM0\ARM_GCC_493\Debug\main.o
 .rodata        0x00000f94        0xc .\CortexM0\ARM_GCC_493\Debug\Start01.a(cyfitter_cfg.o)
 .rodata        0x00000fa0       0x30 .\CortexM0\ARM_GCC_493\Debug\Start01.a(CyLib.o)
                0x00000fa0                cyImoFreqMhz2Reg
                0x00000fd0                . = ALIGN (0x4)
 *(.init)
 .init          0x00000fd0        0x4 c:/program files (x86)/cypress/psoc creator/3.3/psoc creator/import/gnu/arm/4.9.3/bin/../lib/gcc/arm-none-eabi/4.9.3/armv6-m/crti.o
                0x00000fd0                _init
 .init          0x00000fd4        0x8 c:/program files (x86)/cypress/psoc creator/3.3/psoc creator/import/gnu/arm/4.9.3/bin/../lib/gcc/arm-none-eabi/4.9.3/armv6-m/crtn.o
                0x00000fdc                . = ALIGN (0x4)
                0x00000fdc                __preinit_array_start = .
 *(.preinit_array)
                0x00000fdc                __preinit_array_end = .
                0x00000fdc                . = ALIGN (0x4)
                0x00000fdc                __init_array_start = .
 *(SORT(.init_array.*))
 *(.init_array)
 .init_array    0x00000fdc        0x4 c:/program files (x86)/cypress/psoc creator/3.3/psoc creator/import/gnu/arm/4.9.3/bin/../lib/gcc/arm-none-eabi/4.9.3/armv6-m/crtbegin.o
 .init_array    0x00000fe0        0x4 .\CortexM0\ARM_GCC_493\Debug\Cm0Start.o
                0x00000fe4                __init_array_end = .
                0x00000fe4                . = ALIGN (0x4)
 *(.fini)
 .fini          0x00000fe4        0x4 c:/program files (x86)/cypress/psoc creator/3.3/psoc creator/import/gnu/arm/4.9.3/bin/../lib/gcc/arm-none-eabi/4.9.3/armv6-m/crti.o
                0x00000fe4                _fini
 .fini          0x00000fe8        0x8 c:/program files (x86)/cypress/psoc creator/3.3/psoc creator/import/gnu/arm/4.9.3/bin/../lib/gcc/arm-none-eabi/4.9.3/armv6-m/crtn.o
                0x00000ff0                . = ALIGN (0x4)
                0x00000ff0                __fini_array_start = .
 *(.fini_array)
 .fini_array    0x00000ff0        0x4 c:/program files (x86)/cypress/psoc creator/3.3/psoc creator/import/gnu/arm/4.9.3/bin/../lib/gcc/arm-none-eabi/4.9.3/armv6-m/crtbegin.o
 *(SORT(.fini_array.*))
                0x00000ff4                __fini_array_end = .
                0x00000ff4                . = ALIGN (0x4)
 *crtbegin.o(.ctors)
 *(EXCLUDE_FILE(*crtend.o) .ctors)
 *(SORT(.ctors.*))
 *crtend.o(.ctors)
                0x00000ff4                . = ALIGN (0x4)
 *crtbegin.o(.dtors)
 *(EXCLUDE_FILE(*crtend.o) .dtors)
 *(SORT(.dtors.*))
 *crtend.o(.dtors)
                0x00000ff4                . = ALIGN (0x4)
                0x00000ff4                __cy_regions = .
                0x00000ff4        0x4 LONG 0x1008 __cy_region_init_ram
                0x00000ff8        0x4 LONG 0x200000c8 __cy_region_start_data
                0x00000ffc        0x4 LONG 0x18 __cy_region_init_size_ram
                0x00001000        0x4 LONG 0x48 __cy_region_zero_size_ram
                0x00001004                __cy_regions_end = .
                0x00001008                . = ALIGN (0x8)
 *fill*         0x00001004        0x4 
                0x00001008                _etext = .

.cy_checksum_exclude
                0x00001008        0x0
 *(.cy_checksum_exclude)

.ramvectors     0x20000000       0xc0
                0x20000000                __cy_region_start_ram = .
 *(.ramvectors)
 .ramvectors    0x20000000       0xc0 .\CortexM0\ARM_GCC_493\Debug\Cm0Start.o
                0x20000000                CyRamVectors

.noinit         0x200000c0        0x4
 *(.noinit)
 .noinit        0x200000c0        0x4 .\CortexM0\ARM_GCC_493\Debug\Cm0Start.o

.data           0x200000c8       0x18 load address 0x00001008
                0x200000c8                __cy_region_start_data = .
 *(.jcr)
 .jcr           0x200000c8        0x0 c:/program files (x86)/cypress/psoc creator/3.3/psoc creator/import/gnu/arm/4.9.3/bin/../lib/gcc/arm-none-eabi/4.9.3/armv6-m/crtbegin.o
 .jcr           0x200000c8        0x4 c:/program files (x86)/cypress/psoc creator/3.3/psoc creator/import/gnu/arm/4.9.3/bin/../lib/gcc/arm-none-eabi/4.9.3/armv6-m/crtend.o
 *(.got.plt)
 *(.got)
 *(.shdata)
 *(.data .data.* .gnu.linkonce.d.*)
 .data          0x200000cc       0x10 .\CortexM0\ARM_GCC_493\Debug\Start01.a(CyLib.o)
                0x200000cc                cydelay32kMs
                0x200000d0                cydelayFreqKhz
                0x200000d4                cydelayFreqMhz
                0x200000d8                cydelayFreqHz
 .data          0x200000dc        0x4 .\CortexM0\ARM_GCC_493\Debug\Start01.a(CyLFClk.o)
                0x200000e0                . = ALIGN (0x8)
 *(.ram)
                0x200000e0                _edata = .

.igot.plt       0x200000e0        0x0 load address 0x00001020
 .igot.plt      0x00000000        0x0 c:/program files (x86)/cypress/psoc creator/3.3/psoc creator/import/gnu/arm/4.9.3/bin/../lib/gcc/arm-none-eabi/4.9.3/armv6-m/crtbegin.o

.bss            0x200000e0       0x48 load address 0x00001020
                0x200000e0                PROVIDE (__bss_start__, .)
 *(.shbss)
 *(.bss .bss.* .gnu.linkonce.b.*)
 .bss           0x200000e0       0x1c c:/program files (x86)/cypress/psoc creator/3.3/psoc creator/import/gnu/arm/4.9.3/bin/../lib/gcc/arm-none-eabi/4.9.3/armv6-m/crtbegin.o
 .bss           0x200000fc        0x8 .\CortexM0\ARM_GCC_493\Debug\main.o
                0x200000fc                skier
                0x20000100                startPress
                0x20000101                cancelPress
 .bss           0x20000104       0x1c .\CortexM0\ARM_GCC_493\Debug\Start01.a(CyLFClk.o)
 .bss           0x20000120        0x1 .\CortexM0\ARM_GCC_493\Debug\Start01.a(xbee.o)
                0x20000120                xbee_initVar
 .bss           0x20000121        0x2 .\CortexM0\ARM_GCC_493\Debug\Start01.a(display.o)
                0x20000121                display_enableState
                0x20000122                display_initVar
 .bss           0x20000123        0x1 .\CortexM0\ARM_GCC_493\Debug\Start01.a(timer.o)
                0x20000123                timer_initVar
 *(COMMON)
                0x20000128                . = ALIGN (0x8)
 *fill*         0x20000124        0x4 
 *(.ram.b)
                0x20000128                _end = .
                0x20000128                __end = .
                0x20000128                PROVIDE (end, .)
                0x20000128                PROVIDE (__bss_end__, .)
                0x00001008                __cy_region_init_ram = LOADADDR (.data)
                0x00000018                __cy_region_init_size_ram = (_edata - ADDR (.data))
                0x00000048                __cy_region_zero_size_ram = (_end - _edata)

.heap           0x20000128       0x80 load address 0x00001020
                0x20000128                . = _end
                0x200001a8                . = (. + 0x80)
 *fill*         0x20000128       0x80 
                0x200001a8                __cy_heap_limit = .

.stack          0x20000c00      0x400
                0x20000c00                __cy_stack_limit = .
                0x20001000                . = (. + 0x400)
 *fill*         0x20000c00      0x400 
                0x00000001                ASSERT ((__cy_stack_limit >= __cy_heap_limit), region RAM overflowed with stack)
                0x00000000                cy_checksum_exclude_size = (CY_APPL_LOADABLE == 0x1)?SIZEOF (.cy_checksum_exclude):0x0
                0x00000001                ASSERT ((cy_checksum_exclude_size <= CY_CHECKSUM_EXCLUDE_SIZE), CY_BOOT: Section .cy_checksum_exclude size exceedes specified limit.)
                0x00007fc0                cyloadermeta_start = (cy_project_type_bootloader || cy_project_type_app_for_stack_and_copier)?(0x8000 - CY_METADATA_SIZE):0xf0000000

.cyloadermeta
 *(.cyloadermeta)
                0x00007fc0                cyloadablemeta_start = cy_project_type_app_for_stack_and_copier?((0x8000 - CY_FLASH_ROW_SIZE) - CY_METADATA_SIZE):((0x8000 - (CY_FLASH_ROW_SIZE * (CY_APPL_NUM - 0x1))) - CY_METADATA_SIZE)

.cyloadablemeta
 *(.cyloadablemeta)

.cyflashprotect
                0x90400000       0x20
 *(.cyflashprotect)
 .cyflashprotect
                0x90400000       0x20 .\CortexM0\ARM_GCC_493\Debug\cymetadata.o
                0x90400000                cy_meta_flashprotect

.cymeta         0x90500000        0xc
 *(.cymeta)
 .cymeta        0x90500000        0xc .\CortexM0\ARM_GCC_493\Debug\cymetadata.o
                0x90500000                cy_metadata

.cychipprotect  0x90600000        0x4
 *(.cychipprotect)
 .cychipprotect
                0x90600000        0x4 .\CortexM0\ARM_GCC_493\Debug\cymetadata.o
                0x90600000                cy_meta_chipprotect

.rel.dyn        0x00001020        0x0 load address 0x90600004
 .rel.iplt      0x00000000        0x0 c:/program files (x86)/cypress/psoc creator/3.3/psoc creator/import/gnu/arm/4.9.3/bin/../lib/gcc/arm-none-eabi/4.9.3/armv6-m/crtbegin.o

.stab
 *(.stab)

.stabstr
 *(.stabstr)

.debug
 *(.debug)

.line
 *(.line)

.debug_srcinfo
 *(.debug_srcinfo)

.debug_sfnames
 *(.debug_sfnames)

.debug_aranges  0x00000000      0x940
 *(.debug_aranges)
 .debug_aranges
                0x00000000       0x48 .\CortexM0\ARM_GCC_493\Debug\main.o
 .debug_aranges
                0x00000048       0x18 .\CortexM0\ARM_GCC_493\Debug\cymetadata.o
 .debug_aranges
                0x00000060       0x48 .\CortexM0\ARM_GCC_493\Debug\Cm0Start.o
 .debug_aranges
                0x000000a8       0x30 .\CortexM0\ARM_GCC_493\Debug\Start01.a(cyfitter_cfg.o)
 .debug_aranges
                0x000000d8       0x80 .\CortexM0\ARM_GCC_493\Debug\Start01.a(int_start.o)
 .debug_aranges
                0x00000158       0x20 .\CortexM0\ARM_GCC_493\Debug\Start01.a(CyBootAsmGnu.o)
 .debug_aranges
                0x00000178      0x178 .\CortexM0\ARM_GCC_493\Debug\Start01.a(CyLib.o)
 .debug_aranges
                0x000002f0      0x120 .\CortexM0\ARM_GCC_493\Debug\Start01.a(CyLFClk.o)
 .debug_aranges
                0x00000410       0x48 .\CortexM0\ARM_GCC_493\Debug\Start01.a(start.o)
 .debug_aranges
                0x00000458       0x48 .\CortexM0\ARM_GCC_493\Debug\Start01.a(led_red.o)
 .debug_aranges
                0x000004a0       0x48 .\CortexM0\ARM_GCC_493\Debug\Start01.a(led_blue.o)
 .debug_aranges
                0x000004e8       0x60 .\CortexM0\ARM_GCC_493\Debug\Start01.a(xbee.o)
 .debug_aranges
                0x00000548       0x60 .\CortexM0\ARM_GCC_493\Debug\Start01.a(xbee_SPI_UART.o)
 .debug_aranges
                0x000005a8       0x60 .\CortexM0\ARM_GCC_493\Debug\Start01.a(xbee_UART.o)
 .debug_aranges
                0x00000608       0x48 .\CortexM0\ARM_GCC_493\Debug\Start01.a(cancel.o)
 .debug_aranges
                0x00000650       0x80 .\CortexM0\ARM_GCC_493\Debug\Start01.a(int_cancel.o)
 .debug_aranges
                0x000006d0       0x98 .\CortexM0\ARM_GCC_493\Debug\Start01.a(display.o)
 .debug_aranges
                0x00000768      0x158 .\CortexM0\ARM_GCC_493\Debug\Start01.a(timer.o)
 .debug_aranges
                0x000008c0       0x80 .\CortexM0\ARM_GCC_493\Debug\Start01.a(isr.o)

.debug_pubnames
 *(.debug_pubnames)

.debug_info     0x00000000     0x4a3a
 *(.debug_info .gnu.linkonce.wi.*)
 .debug_info    0x00000000      0x50d .\CortexM0\ARM_GCC_493\Debug\main.o
 .debug_info    0x0000050d       0xfe .\CortexM0\ARM_GCC_493\Debug\cymetadata.o
 .debug_info    0x0000060b      0x38e .\CortexM0\ARM_GCC_493\Debug\Cm0Start.o
 .debug_info    0x00000999      0x293 .\CortexM0\ARM_GCC_493\Debug\Start01.a(cyfitter_cfg.o)
 .debug_info    0x00000c2c      0x300 .\CortexM0\ARM_GCC_493\Debug\Start01.a(int_start.o)
 .debug_info    0x00000f2c       0xa0 .\CortexM0\ARM_GCC_493\Debug\Start01.a(CyBootAsmGnu.o)
 .debug_info    0x00000fcc      0xad1 .\CortexM0\ARM_GCC_493\Debug\Start01.a(CyLib.o)
 .debug_info    0x00001a9d      0xc23 .\CortexM0\ARM_GCC_493\Debug\Start01.a(CyLFClk.o)
 .debug_info    0x000026c0      0x19d .\CortexM0\ARM_GCC_493\Debug\Start01.a(start.o)
 .debug_info    0x0000285d      0x19d .\CortexM0\ARM_GCC_493\Debug\Start01.a(led_red.o)
 .debug_info    0x000029fa      0x19d .\CortexM0\ARM_GCC_493\Debug\Start01.a(led_blue.o)
 .debug_info    0x00002b97      0x21c .\CortexM0\ARM_GCC_493\Debug\Start01.a(xbee.o)
 .debug_info    0x00002db3      0x217 .\CortexM0\ARM_GCC_493\Debug\Start01.a(xbee_SPI_UART.o)
 .debug_info    0x00002fca      0x2ad .\CortexM0\ARM_GCC_493\Debug\Start01.a(xbee_UART.o)
 .debug_info    0x00003277      0x19d .\CortexM0\ARM_GCC_493\Debug\Start01.a(cancel.o)
 .debug_info    0x00003414      0x300 .\CortexM0\ARM_GCC_493\Debug\Start01.a(int_cancel.o)
 .debug_info    0x00003714      0x722 .\CortexM0\ARM_GCC_493\Debug\Start01.a(display.o)
 .debug_info    0x00003e36      0x904 .\CortexM0\ARM_GCC_493\Debug\Start01.a(timer.o)
 .debug_info    0x0000473a      0x300 .\CortexM0\ARM_GCC_493\Debug\Start01.a(isr.o)

.debug_abbrev   0x00000000     0x180b
 *(.debug_abbrev)
 .debug_abbrev  0x00000000      0x18a .\CortexM0\ARM_GCC_493\Debug\main.o
 .debug_abbrev  0x0000018a       0x5d .\CortexM0\ARM_GCC_493\Debug\cymetadata.o
 .debug_abbrev  0x000001e7      0x1d5 .\CortexM0\ARM_GCC_493\Debug\Cm0Start.o
 .debug_abbrev  0x000003bc      0x18c .\CortexM0\ARM_GCC_493\Debug\Start01.a(cyfitter_cfg.o)
 .debug_abbrev  0x00000548      0x1b4 .\CortexM0\ARM_GCC_493\Debug\Start01.a(int_start.o)
 .debug_abbrev  0x000006fc       0x14 .\CortexM0\ARM_GCC_493\Debug\Start01.a(CyBootAsmGnu.o)
 .debug_abbrev  0x00000710      0x20d .\CortexM0\ARM_GCC_493\Debug\Start01.a(CyLib.o)
 .debug_abbrev  0x0000091d      0x226 .\CortexM0\ARM_GCC_493\Debug\Start01.a(CyLFClk.o)
 .debug_abbrev  0x00000b43       0xc8 .\CortexM0\ARM_GCC_493\Debug\Start01.a(start.o)
 .debug_abbrev  0x00000c0b       0xc8 .\CortexM0\ARM_GCC_493\Debug\Start01.a(led_red.o)
 .debug_abbrev  0x00000cd3       0xc8 .\CortexM0\ARM_GCC_493\Debug\Start01.a(led_blue.o)
 .debug_abbrev  0x00000d9b       0xed .\CortexM0\ARM_GCC_493\Debug\Start01.a(xbee.o)
 .debug_abbrev  0x00000e88      0x169 .\CortexM0\ARM_GCC_493\Debug\Start01.a(xbee_SPI_UART.o)
 .debug_abbrev  0x00000ff1      0x12c .\CortexM0\ARM_GCC_493\Debug\Start01.a(xbee_UART.o)
 .debug_abbrev  0x0000111d       0xc8 .\CortexM0\ARM_GCC_493\Debug\Start01.a(cancel.o)
 .debug_abbrev  0x000011e5      0x1b4 .\CortexM0\ARM_GCC_493\Debug\Start01.a(int_cancel.o)
 .debug_abbrev  0x00001399      0x18b .\CortexM0\ARM_GCC_493\Debug\Start01.a(display.o)
 .debug_abbrev  0x00001524      0x133 .\CortexM0\ARM_GCC_493\Debug\Start01.a(timer.o)
 .debug_abbrev  0x00001657      0x1b4 .\CortexM0\ARM_GCC_493\Debug\Start01.a(isr.o)

.debug_line     0x00000000     0x1fb1
 *(.debug_line)
 .debug_line    0x00000000      0x2b3 .\CortexM0\ARM_GCC_493\Debug\main.o
 .debug_line    0x000002b3       0x53 .\CortexM0\ARM_GCC_493\Debug\cymetadata.o
 .debug_line    0x00000306      0x248 .\CortexM0\ARM_GCC_493\Debug\Cm0Start.o
 .debug_line    0x0000054e      0x13f .\CortexM0\ARM_GCC_493\Debug\Start01.a(cyfitter_cfg.o)
 .debug_line    0x0000068d      0x16a .\CortexM0\ARM_GCC_493\Debug\Start01.a(int_start.o)
 .debug_line    0x000007f7       0x69 .\CortexM0\ARM_GCC_493\Debug\Start01.a(CyBootAsmGnu.o)
 .debug_line    0x00000860      0x44b .\CortexM0\ARM_GCC_493\Debug\Start01.a(CyLib.o)
 .debug_line    0x00000cab      0x3fe .\CortexM0\ARM_GCC_493\Debug\Start01.a(CyLFClk.o)
 .debug_line    0x000010a9       0xbf .\CortexM0\ARM_GCC_493\Debug\Start01.a(start.o)
 .debug_line    0x00001168       0xc1 .\CortexM0\ARM_GCC_493\Debug\Start01.a(led_red.o)
 .debug_line    0x00001229       0xc2 .\CortexM0\ARM_GCC_493\Debug\Start01.a(led_blue.o)
 .debug_line    0x000012eb      0x140 .\CortexM0\ARM_GCC_493\Debug\Start01.a(xbee.o)
 .debug_line    0x0000142b      0x133 .\CortexM0\ARM_GCC_493\Debug\Start01.a(xbee_SPI_UART.o)
 .debug_line    0x0000155e      0x154 .\CortexM0\ARM_GCC_493\Debug\Start01.a(xbee_UART.o)
 .debug_line    0x000016b2       0xc0 .\CortexM0\ARM_GCC_493\Debug\Start01.a(cancel.o)
 .debug_line    0x00001772      0x16f .\CortexM0\ARM_GCC_493\Debug\Start01.a(int_cancel.o)
 .debug_line    0x000018e1      0x1ec .\CortexM0\ARM_GCC_493\Debug\Start01.a(display.o)
 .debug_line    0x00001acd      0x37c .\CortexM0\ARM_GCC_493\Debug\Start01.a(timer.o)
 .debug_line    0x00001e49      0x168 .\CortexM0\ARM_GCC_493\Debug\Start01.a(isr.o)

.debug_frame    0x00000000     0x16a8
 *(.debug_frame)
 .debug_frame   0x00000000       0xbc .\CortexM0\ARM_GCC_493\Debug\main.o
 .debug_frame   0x000000bc       0xb0 .\CortexM0\ARM_GCC_493\Debug\Cm0Start.o
 .debug_frame   0x0000016c       0x68 .\CortexM0\ARM_GCC_493\Debug\Start01.a(cyfitter_cfg.o)
 .debug_frame   0x000001d4      0x110 .\CortexM0\ARM_GCC_493\Debug\Start01.a(int_start.o)
 .debug_frame   0x000002e4      0x3d0 .\CortexM0\ARM_GCC_493\Debug\Start01.a(CyLib.o)
 .debug_frame   0x000006b4      0x368 .\CortexM0\ARM_GCC_493\Debug\Start01.a(CyLFClk.o)
 .debug_frame   0x00000a1c       0x70 .\CortexM0\ARM_GCC_493\Debug\Start01.a(start.o)
 .debug_frame   0x00000a8c       0x70 .\CortexM0\ARM_GCC_493\Debug\Start01.a(led_red.o)
 .debug_frame   0x00000afc       0x70 .\CortexM0\ARM_GCC_493\Debug\Start01.a(led_blue.o)
 .debug_frame   0x00000b6c       0xe8 .\CortexM0\ARM_GCC_493\Debug\Start01.a(xbee.o)
 .debug_frame   0x00000c54       0xb0 .\CortexM0\ARM_GCC_493\Debug\Start01.a(xbee_SPI_UART.o)
 .debug_frame   0x00000d04       0xe0 .\CortexM0\ARM_GCC_493\Debug\Start01.a(xbee_UART.o)
 .debug_frame   0x00000de4       0x70 .\CortexM0\ARM_GCC_493\Debug\Start01.a(cancel.o)
 .debug_frame   0x00000e54      0x110 .\CortexM0\ARM_GCC_493\Debug\Start01.a(int_cancel.o)
 .debug_frame   0x00000f64      0x1f0 .\CortexM0\ARM_GCC_493\Debug\Start01.a(display.o)
 .debug_frame   0x00001154      0x390 .\CortexM0\ARM_GCC_493\Debug\Start01.a(timer.o)
 .debug_frame   0x000014e4      0x110 .\CortexM0\ARM_GCC_493\Debug\Start01.a(isr.o)
 .debug_frame   0x000015f4       0x20 c:/program files (x86)/cypress/psoc creator/3.3/psoc creator/import/gnu/arm/4.9.3/bin/../lib/gcc/arm-none-eabi/4.9.3/armv6-m\libgcc.a(_udivsi3.o)
 .debug_frame   0x00001614       0x20 c:/program files (x86)/cypress/psoc creator/3.3/psoc creator/import/gnu/arm/4.9.3/bin/../lib/gcc/arm-none-eabi/4.9.3/../../../../arm-none-eabi/lib/armv6-m\libg_nano.a(lib_a-errno.o)
 .debug_frame   0x00001634       0x28 c:/program files (x86)/cypress/psoc creator/3.3/psoc creator/import/gnu/arm/4.9.3/bin/../lib/gcc/arm-none-eabi/4.9.3/../../../../arm-none-eabi/lib/armv6-m\libg_nano.a(lib_a-exit.o)
 .debug_frame   0x0000165c       0x2c c:/program files (x86)/cypress/psoc creator/3.3/psoc creator/import/gnu/arm/4.9.3/bin/../lib/gcc/arm-none-eabi/4.9.3/../../../../arm-none-eabi/lib/armv6-m\libg_nano.a(lib_a-init.o)
 .debug_frame   0x00001688       0x20 c:/program files (x86)/cypress/psoc creator/3.3/psoc creator/import/gnu/arm/4.9.3/bin/../lib/gcc/arm-none-eabi/4.9.3/../../../../arm-none-eabi/lib/armv6-m\libg_nano.a(lib_a-memset.o)

.debug_str      0x00000000     0x1bca
 *(.debug_str)
 .debug_str     0x00000000      0x35e .\CortexM0\ARM_GCC_493\Debug\main.o
                                0x3a0 (size before relaxing)
 .debug_str     0x0000035e       0x5b .\CortexM0\ARM_GCC_493\Debug\cymetadata.o
                                0x1de (size before relaxing)
 .debug_str     0x000003b9      0x156 .\CortexM0\ARM_GCC_493\Debug\Cm0Start.o
                                0x305 (size before relaxing)
 .debug_str     0x0000050f       0x96 .\CortexM0\ARM_GCC_493\Debug\Start01.a(cyfitter_cfg.o)
                                0x25b (size before relaxing)
 .debug_str     0x000005a5      0x162 .\CortexM0\ARM_GCC_493\Debug\Start01.a(int_start.o)
                                0x326 (size before relaxing)
 .debug_str     0x00000707      0x464 .\CortexM0\ARM_GCC_493\Debug\Start01.a(CyLib.o)
                                0x699 (size before relaxing)
 .debug_str     0x00000b6b      0x476 .\CortexM0\ARM_GCC_493\Debug\Start01.a(CyLFClk.o)
                                0x663 (size before relaxing)
 .debug_str     0x00000fe1       0x98 .\CortexM0\ARM_GCC_493\Debug\Start01.a(start.o)
                                0x246 (size before relaxing)
 .debug_str     0x00001079       0x7c .\CortexM0\ARM_GCC_493\Debug\Start01.a(led_red.o)
                                0x254 (size before relaxing)
 .debug_str     0x000010f5       0x81 .\CortexM0\ARM_GCC_493\Debug\Start01.a(led_blue.o)
                                0x25b (size before relaxing)
 .debug_str     0x00001176      0x105 .\CortexM0\ARM_GCC_493\Debug\Start01.a(xbee.o)
                                0x2a0 (size before relaxing)
 .debug_str     0x0000127b      0x11f .\CortexM0\ARM_GCC_493\Debug\Start01.a(xbee_SPI_UART.o)
                                0x2d2 (size before relaxing)
 .debug_str     0x0000139a       0xc2 .\CortexM0\ARM_GCC_493\Debug\Start01.a(xbee_UART.o)
                                0x2ef (size before relaxing)
 .debug_str     0x0000145c       0x7a .\CortexM0\ARM_GCC_493\Debug\Start01.a(cancel.o)
                                0x24d (size before relaxing)
 .debug_str     0x000014d6      0x11b .\CortexM0\ARM_GCC_493\Debug\Start01.a(int_cancel.o)
                                0x334 (size before relaxing)
 .debug_str     0x000015f1      0x15d .\CortexM0\ARM_GCC_493\Debug\Start01.a(display.o)
                                0x380 (size before relaxing)
 .debug_str     0x0000174e      0x3bc .\CortexM0\ARM_GCC_493\Debug\Start01.a(timer.o)
                                0x5b5 (size before relaxing)
 .debug_str     0x00001b0a       0xc0 .\CortexM0\ARM_GCC_493\Debug\Start01.a(isr.o)
                                0x2d2 (size before relaxing)

.debug_loc      0x00000000     0x1f7f
 *(.debug_loc)
 .debug_loc     0x00000000       0x34 .\CortexM0\ARM_GCC_493\Debug\main.o
 .debug_loc     0x00000034      0x14f .\CortexM0\ARM_GCC_493\Debug\Cm0Start.o
 .debug_loc     0x00000183       0xa9 .\CortexM0\ARM_GCC_493\Debug\Start01.a(cyfitter_cfg.o)
 .debug_loc     0x0000022c       0x82 .\CortexM0\ARM_GCC_493\Debug\Start01.a(int_start.o)
 .debug_loc     0x000002ae      0x5b5 .\CortexM0\ARM_GCC_493\Debug\Start01.a(CyLib.o)
 .debug_loc     0x00000863      0x7df .\CortexM0\ARM_GCC_493\Debug\Start01.a(CyLFClk.o)
 .debug_loc     0x00001042       0xa2 .\CortexM0\ARM_GCC_493\Debug\Start01.a(start.o)
 .debug_loc     0x000010e4       0xa2 .\CortexM0\ARM_GCC_493\Debug\Start01.a(led_red.o)
 .debug_loc     0x00001186       0xa2 .\CortexM0\ARM_GCC_493\Debug\Start01.a(led_blue.o)
 .debug_loc     0x00001228       0x7e .\CortexM0\ARM_GCC_493\Debug\Start01.a(xbee.o)
 .debug_loc     0x000012a6       0x96 .\CortexM0\ARM_GCC_493\Debug\Start01.a(xbee_SPI_UART.o)
 .debug_loc     0x0000133c      0x173 .\CortexM0\ARM_GCC_493\Debug\Start01.a(xbee_UART.o)
 .debug_loc     0x000014af       0xa2 .\CortexM0\ARM_GCC_493\Debug\Start01.a(cancel.o)
 .debug_loc     0x00001551       0x82 .\CortexM0\ARM_GCC_493\Debug\Start01.a(int_cancel.o)
 .debug_loc     0x000015d3      0x3e3 .\CortexM0\ARM_GCC_493\Debug\Start01.a(display.o)
 .debug_loc     0x000019b6      0x547 .\CortexM0\ARM_GCC_493\Debug\Start01.a(timer.o)
 .debug_loc     0x00001efd       0x82 .\CortexM0\ARM_GCC_493\Debug\Start01.a(isr.o)

.debug_macinfo
 *(.debug_macinfo)

.debug_ranges   0x00000000      0x7f8
 *(.debug_ranges)
 .debug_ranges  0x00000000       0x38 .\CortexM0\ARM_GCC_493\Debug\main.o
 .debug_ranges  0x00000038       0x38 .\CortexM0\ARM_GCC_493\Debug\Cm0Start.o
 .debug_ranges  0x00000070       0x20 .\CortexM0\ARM_GCC_493\Debug\Start01.a(cyfitter_cfg.o)
 .debug_ranges  0x00000090       0x70 .\CortexM0\ARM_GCC_493\Debug\Start01.a(int_start.o)
 .debug_ranges  0x00000100      0x168 .\CortexM0\ARM_GCC_493\Debug\Start01.a(CyLib.o)
 .debug_ranges  0x00000268      0x110 .\CortexM0\ARM_GCC_493\Debug\Start01.a(CyLFClk.o)
 .debug_ranges  0x00000378       0x38 .\CortexM0\ARM_GCC_493\Debug\Start01.a(start.o)
 .debug_ranges  0x000003b0       0x38 .\CortexM0\ARM_GCC_493\Debug\Start01.a(led_red.o)
 .debug_ranges  0x000003e8       0x38 .\CortexM0\ARM_GCC_493\Debug\Start01.a(led_blue.o)
 .debug_ranges  0x00000420       0x50 .\CortexM0\ARM_GCC_493\Debug\Start01.a(xbee.o)
 .debug_ranges  0x00000470       0x50 .\CortexM0\ARM_GCC_493\Debug\Start01.a(xbee_SPI_UART.o)
 .debug_ranges  0x000004c0       0x50 .\CortexM0\ARM_GCC_493\Debug\Start01.a(xbee_UART.o)
 .debug_ranges  0x00000510       0x38 .\CortexM0\ARM_GCC_493\Debug\Start01.a(cancel.o)
 .debug_ranges  0x00000548       0x70 .\CortexM0\ARM_GCC_493\Debug\Start01.a(int_cancel.o)
 .debug_ranges  0x000005b8       0x88 .\CortexM0\ARM_GCC_493\Debug\Start01.a(display.o)
 .debug_ranges  0x00000640      0x148 .\CortexM0\ARM_GCC_493\Debug\Start01.a(timer.o)
 .debug_ranges  0x00000788       0x70 .\CortexM0\ARM_GCC_493\Debug\Start01.a(isr.o)

.comment        0x00000000       0x70
 .comment       0x00000000       0x70 .\CortexM0\ARM_GCC_493\Debug\main.o
                                 0x71 (size before relaxing)
 .comment       0x00000000       0x71 .\CortexM0\ARM_GCC_493\Debug\cymetadata.o
 .comment       0x00000000       0x71 .\CortexM0\ARM_GCC_493\Debug\Cm0Start.o
 .comment       0x00000000       0x71 .\CortexM0\ARM_GCC_493\Debug\Start01.a(cyfitter_cfg.o)
 .comment       0x00000000       0x71 .\CortexM0\ARM_GCC_493\Debug\Start01.a(int_start.o)
 .comment       0x00000000       0x71 .\CortexM0\ARM_GCC_493\Debug\Start01.a(CyLib.o)
 .comment       0x00000000       0x71 .\CortexM0\ARM_GCC_493\Debug\Start01.a(CyLFClk.o)
 .comment       0x00000000       0x71 .\CortexM0\ARM_GCC_493\Debug\Start01.a(start.o)
 .comment       0x00000000       0x71 .\CortexM0\ARM_GCC_493\Debug\Start01.a(led_red.o)
 .comment       0x00000000       0x71 .\CortexM0\ARM_GCC_493\Debug\Start01.a(led_blue.o)
 .comment       0x00000000       0x71 .\CortexM0\ARM_GCC_493\Debug\Start01.a(xbee.o)
 .comment       0x00000000       0x71 .\CortexM0\ARM_GCC_493\Debug\Start01.a(xbee_SPI_UART.o)
 .comment       0x00000000       0x71 .\CortexM0\ARM_GCC_493\Debug\Start01.a(xbee_UART.o)
 .comment       0x00000000       0x71 .\CortexM0\ARM_GCC_493\Debug\Start01.a(cancel.o)
 .comment       0x00000000       0x71 .\CortexM0\ARM_GCC_493\Debug\Start01.a(int_cancel.o)
 .comment       0x00000000       0x71 .\CortexM0\ARM_GCC_493\Debug\Start01.a(display.o)
 .comment       0x00000000       0x71 .\CortexM0\ARM_GCC_493\Debug\Start01.a(timer.o)
 .comment       0x00000000       0x71 .\CortexM0\ARM_GCC_493\Debug\Start01.a(isr.o)

.debug_weaknames
 *(.debug_weaknames)

.debug_funcnames
 *(.debug_funcnames)

.debug_typenames
 *(.debug_typenames)

.debug_varnames
 *(.debug_varnames)

.note.gnu.arm.ident
 *(.note.gnu.arm.ident)

.ARM.attributes
                0x00000000       0x28
 *(.ARM.attributes)
 .ARM.attributes
                0x00000000       0x1e c:/program files (x86)/cypress/psoc creator/3.3/psoc creator/import/gnu/arm/4.9.3/bin/../lib/gcc/arm-none-eabi/4.9.3/armv6-m/crti.o
 .ARM.attributes
                0x0000001e       0x2c c:/program files (x86)/cypress/psoc creator/3.3/psoc creator/import/gnu/arm/4.9.3/bin/../lib/gcc/arm-none-eabi/4.9.3/armv6-m/crtbegin.o
 .ARM.attributes
                0x0000004a       0x1b c:/program files (x86)/cypress/psoc creator/3.3/psoc creator/import/gnu/arm/4.9.3/bin/../lib/gcc/arm-none-eabi/4.9.3/../../../../arm-none-eabi/lib/armv6-m/crt0.o
 .ARM.attributes
                0x00000065       0x31 .\CortexM0\ARM_GCC_493\Debug\main.o
 .ARM.attributes
                0x00000096       0x31 .\CortexM0\ARM_GCC_493\Debug\cymetadata.o
 .ARM.attributes
                0x000000c7       0x31 .\CortexM0\ARM_GCC_493\Debug\Cm0Start.o
 .ARM.attributes
                0x000000f8       0x31 .\CortexM0\ARM_GCC_493\Debug\Start01.a(cyfitter_cfg.o)
 .ARM.attributes
                0x00000129       0x31 .\CortexM0\ARM_GCC_493\Debug\Start01.a(int_start.o)
 .ARM.attributes
                0x0000015a       0x21 .\CortexM0\ARM_GCC_493\Debug\Start01.a(CyBootAsmGnu.o)
 .ARM.attributes
                0x0000017b       0x31 .\CortexM0\ARM_GCC_493\Debug\Start01.a(CyLib.o)
 .ARM.attributes
                0x000001ac       0x31 .\CortexM0\ARM_GCC_493\Debug\Start01.a(CyLFClk.o)
 .ARM.attributes
                0x000001dd       0x31 .\CortexM0\ARM_GCC_493\Debug\Start01.a(start.o)
 .ARM.attributes
                0x0000020e       0x31 .\CortexM0\ARM_GCC_493\Debug\Start01.a(led_red.o)
 .ARM.attributes
                0x0000023f       0x31 .\CortexM0\ARM_GCC_493\Debug\Start01.a(led_blue.o)
 .ARM.attributes
                0x00000270       0x31 .\CortexM0\ARM_GCC_493\Debug\Start01.a(xbee.o)
 .ARM.attributes
                0x000002a1       0x31 .\CortexM0\ARM_GCC_493\Debug\Start01.a(xbee_SPI_UART.o)
 .ARM.attributes
                0x000002d2       0x31 .\CortexM0\ARM_GCC_493\Debug\Start01.a(xbee_UART.o)
 .ARM.attributes
                0x00000303       0x31 .\CortexM0\ARM_GCC_493\Debug\Start01.a(cancel.o)
 .ARM.attributes
                0x00000334       0x31 .\CortexM0\ARM_GCC_493\Debug\Start01.a(int_cancel.o)
 .ARM.attributes
                0x00000365       0x31 .\CortexM0\ARM_GCC_493\Debug\Start01.a(display.o)
 .ARM.attributes
                0x00000396       0x31 .\CortexM0\ARM_GCC_493\Debug\Start01.a(timer.o)
 .ARM.attributes
                0x000003c7       0x31 .\CortexM0\ARM_GCC_493\Debug\Start01.a(isr.o)
 .ARM.attributes
                0x000003f8       0x1e c:/program files (x86)/cypress/psoc creator/3.3/psoc creator/import/gnu/arm/4.9.3/bin/../lib/gcc/arm-none-eabi/4.9.3/armv6-m\libgcc.a(_udivsi3.o)
 .ARM.attributes
                0x00000416       0x1e c:/program files (x86)/cypress/psoc creator/3.3/psoc creator/import/gnu/arm/4.9.3/bin/../lib/gcc/arm-none-eabi/4.9.3/armv6-m\libgcc.a(_dvmd_tls.o)
 .ARM.attributes
                0x00000434       0x2c c:/program files (x86)/cypress/psoc creator/3.3/psoc creator/import/gnu/arm/4.9.3/bin/../lib/gcc/arm-none-eabi/4.9.3/../../../../arm-none-eabi/lib/armv6-m\libg_nano.a(lib_a-errno.o)
 .ARM.attributes
                0x00000460       0x2c c:/program files (x86)/cypress/psoc creator/3.3/psoc creator/import/gnu/arm/4.9.3/bin/../lib/gcc/arm-none-eabi/4.9.3/../../../../arm-none-eabi/lib/armv6-m\libg_nano.a(lib_a-exit.o)
 .ARM.attributes
                0x0000048c       0x2c c:/program files (x86)/cypress/psoc creator/3.3/psoc creator/import/gnu/arm/4.9.3/bin/../lib/gcc/arm-none-eabi/4.9.3/../../../../arm-none-eabi/lib/armv6-m\libg_nano.a(lib_a-impure.o)
 .ARM.attributes
                0x000004b8       0x2c c:/program files (x86)/cypress/psoc creator/3.3/psoc creator/import/gnu/arm/4.9.3/bin/../lib/gcc/arm-none-eabi/4.9.3/../../../../arm-none-eabi/lib/armv6-m\libg_nano.a(lib_a-init.o)
 .ARM.attributes
                0x000004e4       0x2c c:/program files (x86)/cypress/psoc creator/3.3/psoc creator/import/gnu/arm/4.9.3/bin/../lib/gcc/arm-none-eabi/4.9.3/../../../../arm-none-eabi/lib/armv6-m\libg_nano.a(lib_a-memset.o)
 .ARM.attributes
                0x00000510       0x2c c:/program files (x86)/cypress/psoc creator/3.3/psoc creator/import/gnu/arm/4.9.3/bin/../lib/gcc/arm-none-eabi/4.9.3/armv6-m/crtend.o
 .ARM.attributes
                0x0000053c       0x1e c:/program files (x86)/cypress/psoc creator/3.3/psoc creator/import/gnu/arm/4.9.3/bin/../lib/gcc/arm-none-eabi/4.9.3/armv6-m/crtn.o

/DISCARD/
 *(.note.GNU-stack)
OUTPUT(.\CortexM0\ARM_GCC_493\Debug\Start01.elf elf32-littlearm)
