Archive member included because of file (symbol)

.\CortexM0\ARM_GCC_493\Debug\start_v11.a(cyfitter_cfg.o)
                              .\CortexM0\ARM_GCC_493\Debug\Cm0Start.o (cyfitter_cfg)
.\CortexM0\ARM_GCC_493\Debug\start_v11.a(CyLib.o)
                              .\CortexM0\ARM_GCC_493\Debug\start_v11.a(cyfitter_cfg.o) (CySysClkWriteImoFreq)
.\CortexM0\ARM_GCC_493\Debug\start_v11.a(CyLFClk.o)
                              .\CortexM0\ARM_GCC_493\Debug\start_v11.a(cyfitter_cfg.o) (CySysClkWcoStart)
.\CortexM0\ARM_GCC_493\Debug\start_v11.a(RTC.o)
                              .\CortexM0\ARM_GCC_493\Debug\RTC_WDT.o (RTC_Start)
.\CortexM0\ARM_GCC_493\Debug\start_v11.a(GatePin.o)
                              .\CortexM0\ARM_GCC_493\Debug\gate.o (GatePin_ClearInterrupt)
.\CortexM0\ARM_GCC_493\Debug\start_v11.a(Timer_LED.o)
                              .\CortexM0\ARM_GCC_493\Debug\LED.o (Timer_LED_Init)
.\CortexM0\ARM_GCC_493\Debug\start_v11.a(Int_Timer_Led.o)
                              .\CortexM0\ARM_GCC_493\Debug\LED.o (Int_Timer_Led_StartEx)
.\CortexM0\ARM_GCC_493\Debug\start_v11.a(UART_XB.o)
                              .\CortexM0\ARM_GCC_493\Debug\network.o (UART_XB_Start)
.\CortexM0\ARM_GCC_493\Debug\start_v11.a(UART_XB_SPI_UART.o)
                              .\CortexM0\ARM_GCC_493\Debug\network.o (UART_XB_SpiUartGetRxBufferSize)
.\CortexM0\ARM_GCC_493\Debug\start_v11.a(UART_XB_UART.o)
                              .\CortexM0\ARM_GCC_493\Debug\start_v11.a(UART_XB.o) (UART_XB_UartInit)
.\CortexM0\ARM_GCC_493\Debug\start_v11.a(SwSPI_Master.o)
                              .\CortexM0\ARM_GCC_493\Debug\LCD5110_Graph.o (SwSPI_Master_SendByte)
.\CortexM0\ARM_GCC_493\Debug\start_v11.a(GATE_INT.o)
                              .\CortexM0\ARM_GCC_493\Debug\gate.o (GATE_INT_Disable)
.\CortexM0\ARM_GCC_493\Debug\start_v11.a(debug.o)
                              .\CortexM0\ARM_GCC_493\Debug\RTC_WDT.o (debug_Write)
.\CortexM0\ARM_GCC_493\Debug\start_v11.a(ADC.o)
                              .\CortexM0\ARM_GCC_493\Debug\batt.o (ADC_Start)
.\CortexM0\ARM_GCC_493\Debug\start_v11.a(ADC_INT.o)
                              .\CortexM0\ARM_GCC_493\Debug\start_v11.a(ADC.o) (ADC_ISR)
.\CortexM0\ARM_GCC_493\Debug\start_v11.a(CE.o)
                              .\CortexM0\ARM_GCC_493\Debug\LCD5110_Graph.o (CE_Write)
.\CortexM0\ARM_GCC_493\Debug\start_v11.a(RST.o)
                              .\CortexM0\ARM_GCC_493\Debug\LCD5110_Graph.o (RST_Write)
.\CortexM0\ARM_GCC_493\Debug\start_v11.a(DC.o)
                              .\CortexM0\ARM_GCC_493\Debug\LCD5110_Graph.o (DC_Write)
.\CortexM0\ARM_GCC_493\Debug\start_v11.a(LCD_BL.o)
                              .\CortexM0\ARM_GCC_493\Debug\display.o (LCD_BL_Write)
.\CortexM0\ARM_GCC_493\Debug\start_v11.a(TimerTestMode.o)
                              .\CortexM0\ARM_GCC_493\Debug\testMode.o (TimerTestMode_WriteCompare)
.\CortexM0\ARM_GCC_493\Debug\start_v11.a(Int_timerTestMode.o)
                              .\CortexM0\ARM_GCC_493\Debug\testMode.o (Int_timerTestMode_StartEx)
.\CortexM0\ARM_GCC_493\Debug\start_v11.a(Pin_testMode.o)
                              .\CortexM0\ARM_GCC_493\Debug\testMode.o (Pin_testMode_Write)
.\CortexM0\ARM_GCC_493\Debug\start_v11.a(SW_RunTestMode.o)
                              .\CortexM0\ARM_GCC_493\Debug\testMode.o (SW_RunTestMode_Read)
.\CortexM0\ARM_GCC_493\Debug\start_v11.a(LED_RED_PIN.o)
                              .\CortexM0\ARM_GCC_493\Debug\LED.o (LED_RED_PIN_Write)
.\CortexM0\ARM_GCC_493\Debug\start_v11.a(LED_GREEN_PIN.o)
                              .\CortexM0\ARM_GCC_493\Debug\LED.o (LED_GREEN_PIN_Write)
.\CortexM0\ARM_GCC_493\Debug\start_v11.a(Timer.o)
                              .\CortexM0\ARM_GCC_493\Debug\taskAutomat.o (Timer_Start)
.\CortexM0\ARM_GCC_493\Debug\start_v11.a(isr_timer.o)
                              .\CortexM0\ARM_GCC_493\Debug\taskAutomat.o (isr_timer_StartEx)
.\CortexM0\ARM_GCC_493\Debug\start_v11.a(BtnUp.o)
                              .\CortexM0\ARM_GCC_493\Debug\Buttons.o (BtnUp_Read)
.\CortexM0\ARM_GCC_493\Debug\start_v11.a(BtnDown.o)
                              .\CortexM0\ARM_GCC_493\Debug\Buttons.o (BtnDown_Read)
.\CortexM0\ARM_GCC_493\Debug\start_v11.a(BUTT_DOWN_INT.o)
                              .\CortexM0\ARM_GCC_493\Debug\Buttons.o (BUTT_DOWN_INT_Disable)
.\CortexM0\ARM_GCC_493\Debug\start_v11.a(BUTT_UP_INT.o)
                              .\CortexM0\ARM_GCC_493\Debug\Buttons.o (BUTT_UP_INT_Disable)
.\CortexM0\ARM_GCC_493\Debug\start_v11.a(CyBootAsmGnu.o)
                              .\CortexM0\ARM_GCC_493\Debug\start_v11.a(cyfitter_cfg.o) (CyDelayCycles)
.\CortexM0\ARM_GCC_493\Debug\start_v11.a(UART_XB_SPI_UART_INT.o)
                              .\CortexM0\ARM_GCC_493\Debug\start_v11.a(UART_XB_UART.o) (UART_XB_SPI_UART_ISR)
c:/program files (x86)/cypress/psoc creator/4.0/psoc creator/import/gnu/arm/4.9.3/bin/../lib/gcc/arm-none-eabi/4.9.3/armv6-m\libgcc.a(_udivsi3.o)
[...]
Memory Configuration

Name             Origin             Length             Attributes
rom              0x00000000         0x00020000         xr
ram              0x20000000         0x00004000         xrw
*default*        0x00000000         0xffffffff

Linker script and memory map

LOAD c:/program files (x86)/cypress/psoc creator/4.0/psoc creator/import/gnu/arm/4.9.3/bin/../lib/gcc/arm-none-eabi/4.9.3/armv6-m/crti.o
LOAD c:/program files (x86)/cypress/psoc creator/4.0/psoc creator/import/gnu/arm/4.9.3/bin/../lib/gcc/arm-none-eabi/4.9.3/armv6-m/crtbegin.o
LOAD c:/program files (x86)/cypress/psoc creator/4.0/psoc creator/import/gnu/arm/4.9.3/bin/../lib/gcc/arm-none-eabi/4.9.3/../../../../arm-none-eabi/lib/armv6-m/crt0.o
START GROUP
LOAD .\CortexM0\ARM_GCC_493\Debug\RTC_WDT.o
LOAD .\CortexM0\ARM_GCC_493\Debug\display.o
LOAD .\CortexM0\ARM_GCC_493\Debug\DefaultFonts.o
LOAD .\CortexM0\ARM_GCC_493\Debug\Graphics.o
LOAD .\CortexM0\ARM_GCC_493\Debug\LCD5110_Graph.o
LOAD .\CortexM0\ARM_GCC_493\Debug\gate.o
LOAD .\CortexM0\ARM_GCC_493\Debug\LED.o
LOAD .\CortexM0\ARM_GCC_493\Debug\crc32.o
LOAD .\CortexM0\ARM_GCC_493\Debug\svt.o
LOAD .\CortexM0\ARM_GCC_493\Debug\ntp.o
LOAD .\CortexM0\ARM_GCC_493\Debug\network.o
LOAD .\CortexM0\ARM_GCC_493\Debug\batt.o
LOAD .\CortexM0\ARM_GCC_493\Debug\testMode.o
LOAD .\CortexM0\ARM_GCC_493\Debug\taskAutomat.o
LOAD .\CortexM0\ARM_GCC_493\Debug\Buttons.o
LOAD .\CortexM0\ARM_GCC_493\Debug\main.o
LOAD .\CortexM0\ARM_GCC_493\Debug\cymetadata.o
LOAD .\CortexM0\ARM_GCC_493\Debug\Cm0Start.o
LOAD .\CortexM0\ARM_GCC_493\Debug\start_v11.a
LOAD C:\Program Files (x86)\Cypress\PSoC Creator\4.0\PSoC Creator\psoc\content\cycomponentlibrary\CyComponentLibrary.cylib\CortexM0\ARM_GCC_493\Debug\CyComponentLibrary.a
END GROUP
START GROUP
LOAD c:/program files (x86)/cypress/psoc creator/4.0/psoc creator/import/gnu/arm/4.9.3/bin/../lib/gcc/arm-none-eabi/4.9.3/armv6-m\libgcc.a
LOAD c:/program files (x86)/cypress/psoc creator/4.0/psoc creator/import/gnu/arm/4.9.3/bin/../lib/gcc/arm-none-eabi/4.9.3/../../../../arm-none-eabi/lib/armv6-m\libg.a
LOAD c:/program files (x86)/cypress/psoc creator/4.0/psoc creator/import/gnu/arm/4.9.3/bin/../lib/gcc/arm-none-eabi/4.9.3/../../../../arm-none-eabi/lib/armv6-m\libc.a
END GROUP
LOAD c:/program files (x86)/cypress/psoc creator/4.0/psoc creator/import/gnu/arm/4.9.3/bin/../lib/gcc/arm-none-eabi/4.9.3/armv6-m/crtend.o
LOAD c:/program files (x86)/cypress/psoc creator/4.0/psoc creator/import/gnu/arm/4.9.3/bin/../lib/gcc/arm-none-eabi/4.9.3/armv6-m/crtn.o
START GROUP
LOAD c:/program files (x86)/cypress/psoc creator/4.0/psoc creator/import/gnu/arm/4.9.3/bin/../lib/gcc/arm-none-eabi/4.9.3/armv6-m\libgcc.a
LOAD c:/program files (x86)/cypress/psoc creator/4.0/psoc creator/import/gnu/arm/4.9.3/bin/../lib/gcc/arm-none-eabi/4.9.3/../../../../arm-none-eabi/lib/armv6-m\libc.a
LOAD c:/program files (x86)/cypress/psoc creator/4.0/psoc creator/import/gnu/arm/4.9.3/bin/../lib/gcc/arm-none-eabi/4.9.3/../../../../arm-none-eabi/lib/armv6-m\libnosys.a
END GROUP
                0x00000000                CY_APPL_ORIGIN = 0x0
                0x00000080                CY_FLASH_ROW_SIZE = 0x80
                0x00000001                CY_APPL_NUM = 0x1
                0x00000001                CY_APPL_MAX = 0x1
                0x00000040                CY_METADATA_SIZE = 0x40
                0x00000000                CY_APPL_LOADABLE = 0x0
                0x00000000                CY_CHECKSUM_EXCLUDE_SIZE = ALIGN (0x0, CY_FLASH_ROW_SIZE)
                0x00000000                CY_APP_FOR_STACK_AND_COPIER = 0x0
                0x20001388                PROVIDE (__cy_heap_start, _end)
                0x00000001                PROVIDE (__cy_region_num, ((__cy_regions_end - __cy_regions) / 0x10))
                0x20004000                PROVIDE (__cy_stack, (ORIGIN (ram) + 0x4000))
                0x20003800                PROVIDE (__cy_heap_end, (__cy_stack - 0x800))

.cybootloader   0x00000000        0x0
 *(.cybootloader)
                0x00000000                appl1_start = CY_APPL_ORIGIN?CY_APPL_ORIGIN:ALIGN (CY_FLASH_ROW_SIZE)
                0x0000ff80                appl2_start = (appl1_start + ALIGN ((((0x20000 - appl1_start) - (0x2 * CY_FLASH_ROW_SIZE)) / 0x2), CY_FLASH_ROW_SIZE))
                0x00000000                appl_start = (CY_APPL_NUM == 0x1)?appl1_start:appl2_start
                0x00000001                cy_project_type_bootloader = (appl_start == 0x0)?0x1:0x0
                0x00000000                cy_project_type_app_for_stack_and_copier = (CY_APP_FOR_STACK_AND_COPIER == 0x1)?0x1:0x0

.text           0x00000000    0x13070
 CREATE_OBJECT_SYMBOLS
                0x00000000                PROVIDE (__cy_interrupt_vector, RomVectors)
 *(.romvectors)
 .romvectors    0x00000000       0x10 .\CortexM0\ARM_GCC_493\Debug\Cm0Start.o
                0x00000000                RomVectors
                0x00000001                ASSERT ((. != __cy_interrupt_vector), No interrupt vector)
                0x00000001                ASSERT (CY_APPL_ORIGIN?(SIZEOF (.cybootloader) <= CY_APPL_ORIGIN):0x1, Wrong image location)
                0x00000010                PROVIDE (__cy_reset, Reset)
 *(.text.Reset)
 .text.Reset    0x00000010        0x8 .\CortexM0\ARM_GCC_493\Debug\Cm0Start.o
                0x00000010                Reset
                0x00000001                ASSERT ((. != __cy_reset), No reset code)
 *(.psocinit)
 .psocinit      0x00000018      0x32c .\CortexM0\ARM_GCC_493\Debug\start_v11.a(cyfitter_cfg.o)
                0x000001b0                cyfitter_cfg
                0x00000344                . = MAX (., 0x100)
 *(.text .text.* .gnu.linkonce.t.*)
 .text          0x00000344        0x0 c:/program files (x86)/cypress/psoc creator/4.0/psoc creator/import/gnu/arm/4.9.3/bin/../lib/gcc/arm-none-eabi/4.9.3/armv6-m/crti.o
 .text          0x00000344       0x60 c:/program files (x86)/cypress/psoc creator/4.0/psoc creator/import/gnu/arm/4.9.3/bin/../lib/gcc/arm-none-eabi/4.9.3/armv6-m/crtbegin.o
 .text          0x000003a4       0x78 c:/program files (x86)/cypress/psoc creator/4.0/psoc creator/import/gnu/arm/4.9.3/bin/../lib/gcc/arm-none-eabi/4.9.3/../../../../arm-none-eabi/lib/armv6-m/crt0.o
                0x000003a4                _start
                0x000003a4                _mainCRTStartup
 .text          0x0000041c        0x0 .\CortexM0\ARM_GCC_493\Debug\RTC_WDT.o
 .text.RTC_IsBitSet
                0x0000041c       0x24 .\CortexM0\ARM_GCC_493\Debug\RTC_WDT.o
 .text.RTC_GetSecond
                0x00000440       0x30 .\CortexM0\ARM_GCC_493\Debug\RTC_WDT.o
 .text.RTC_GetMinutes
                0x00000470       0x38 .\CortexM0\ARM_GCC_493\Debug\RTC_WDT.o
 .text.RTC_GetHours
                0x000004a8       0x38 .\CortexM0\ARM_GCC_493\Debug\RTC_WDT.o
 .text.RTC_GetAmPm
                0x000004e0       0x20 .\CortexM0\ARM_GCC_493\Debug\RTC_WDT.o
 .text.CallBackCounter
                0x00000500       0x3c .\CortexM0\ARM_GCC_493\Debug\RTC_WDT.o
                0x00000500                CallBackCounter
 .text.RTC_WDT_Init
                0x0000053c       0x24 .\CortexM0\ARM_GCC_493\Debug\RTC_WDT.o
                0x0000053c                RTC_WDT_Init
 .text.RTCgetTime
                0x00000560      0x3f8 .\CortexM0\ARM_GCC_493\Debug\RTC_WDT.o
                0x00000560                RTCgetTime
 .text.RTCGetUnixTime
                0x00000958       0x14 .\CortexM0\ARM_GCC_493\Debug\RTC_WDT.o
                0x00000958                RTCGetUnixTime
 .text.RTCgetHours
                0x0000096c       0x78 .\CortexM0\ARM_GCC_493\Debug\RTC_WDT.o
                0x0000096c                RTCgetHours
 .text.RTCgetMinutes
                0x000009e4       0x90 .\CortexM0\ARM_GCC_493\Debug\RTC_WDT.o
                0x000009e4                RTCgetMinutes
 .text.RTCgetSecond
                0x00000a74       0x6c .\CortexM0\ARM_GCC_493\Debug\RTC_WDT.o
                0x00000a74                RTCgetSecond
 .text.RTCgetMiliecond
                0x00000ae0       0x80 .\CortexM0\ARM_GCC_493\Debug\RTC_WDT.o
                0x00000ae0                RTCgetMiliecond
 .text.RTCgetRecentMs
                0x00000b60       0x14 .\CortexM0\ARM_GCC_493\Debug\RTC_WDT.o
                0x00000b60                RTCgetRecentMs
 .text.RTCSync  0x00000b74       0x30 .\CortexM0\ARM_GCC_493\Debug\RTC_WDT.o
                0x00000b74                RTCSync
 .text          0x00000ba4        0x0 .\CortexM0\ARM_GCC_493\Debug\display.o
 .text.RTC_GetSecond
                0x00000ba4       0x30 .\CortexM0\ARM_GCC_493\Debug\display.o
 .text.RTC_GetMinutes
                0x00000bd4       0x38 .\CortexM0\ARM_GCC_493\Debug\display.o
 .text.RTC_GetHours
                0x00000c0c       0x38 .\CortexM0\ARM_GCC_493\Debug\display.o
 .text.DisplayStart
                0x00000c44       0x40 .\CortexM0\ARM_GCC_493\Debug\display.o
                0x00000c44                DisplayStart
 .text.Display  0x00000c84       0x88 .\CortexM0\ARM_GCC_493\Debug\display.o
                0x00000c84                Display
 .text.DisplayIndicatorSD
                0x00000d0c       0x48 .\CortexM0\ARM_GCC_493\Debug\display.o
                0x00000d0c                DisplayIndicatorSD
 .text.DisplayIndicatorNetwork
                0x00000d54       0x68 .\CortexM0\ARM_GCC_493\Debug\display.o
                0x00000d54                DisplayIndicatorNetwork
 .text.DisplayNetworkQuality
                0x00000dbc       0xf4 .\CortexM0\ARM_GCC_493\Debug\display.o
                0x00000dbc                DisplayNetworkQuality
 .text.DisplayRealTime
                0x00000eb0       0x68 .\CortexM0\ARM_GCC_493\Debug\display.o
                0x00000eb0                DisplayRealTime
 .text.DisplayLoading
                0x00000f18       0x10 .\CortexM0\ARM_GCC_493\Debug\display.o
                0x00000f18                DisplayLoading
 .text.DisplayBattVoltage
                0x00000f28      0x174 .\CortexM0\ARM_GCC_493\Debug\display.o
                0x00000f28                DisplayBattVoltage
 .text.DisplayLastSkierTime
                0x0000109c       0x8c .\CortexM0\ARM_GCC_493\Debug\display.o
                0x0000109c                DisplayLastSkierTime
 .text.DisplayNumSkierOnWay
                0x00001128       0x40 .\CortexM0\ARM_GCC_493\Debug\display.o
                0x00001128                DisplayNumSkierOnWay
 .text.DisplayTestMode
                0x00001168       0x48 .\CortexM0\ARM_GCC_493\Debug\display.o
                0x00001168                DisplayTestMode
 .text.DisplaBacklightOn
                0x000011b0       0x10 .\CortexM0\ARM_GCC_493\Debug\display.o
                0x000011b0                DisplaBacklightOn
 .text.DisplaBacklightOff
                0x000011c0       0x10 .\CortexM0\ARM_GCC_493\Debug\display.o
                0x000011c0                DisplaBacklightOff
 .text.DisplayIDskier
                0x000011d0       0xd4 .\CortexM0\ARM_GCC_493\Debug\display.o
                0x000011d0                DisplayIDskier
 .text          0x000012a4        0x0 .\CortexM0\ARM_GCC_493\Debug\DefaultFonts.o
 .text          0x000012a4        0x0 .\CortexM0\ARM_GCC_493\Debug\Graphics.o
 .text          0x000012a4        0x0 .\CortexM0\ARM_GCC_493\Debug\LCD5110_Graph.o
 .text._convert_float
                0x000012a4       0x40 .\CortexM0\ARM_GCC_493\Debug\LCD5110_Graph.o
                0x000012a4                _convert_float
 .text._LCD_Write
                0x000012e4       0x44 .\CortexM0\ARM_GCC_493\Debug\LCD5110_Graph.o
                0x000012e4                _LCD_Write
 .text.InitLCD  0x00001328       0xa4 .\CortexM0\ARM_GCC_493\Debug\LCD5110_Graph.o
                0x00001328                InitLCD
 .text.setContrast
                0x000013cc       0x54 .\CortexM0\ARM_GCC_493\Debug\LCD5110_Graph.o
                0x000013cc                setContrast
 .text.enableSleep
                0x00001420       0x4c .\CortexM0\ARM_GCC_493\Debug\LCD5110_Graph.o
                0x00001420                enableSleep
 .text.disableSleep
                0x0000146c       0x5c .\CortexM0\ARM_GCC_493\Debug\LCD5110_Graph.o
                0x0000146c                disableSleep
 .text.update   0x000014c8       0x58 .\CortexM0\ARM_GCC_493\Debug\LCD5110_Graph.o
                0x000014c8                update
 .text.clrScr   0x00001520       0x30 .\CortexM0\ARM_GCC_493\Debug\LCD5110_Graph.o
                0x00001520                clrScr
 .text.fillScr  0x00001550       0x30 .\CortexM0\ARM_GCC_493\Debug\LCD5110_Graph.o
                0x00001550                fillScr
 .text.invert   0x00001580       0x2c .\CortexM0\ARM_GCC_493\Debug\LCD5110_Graph.o
                0x00001580                invert
 .text.setPixel
                0x000015ac       0x74 .\CortexM0\ARM_GCC_493\Debug\LCD5110_Graph.o
                0x000015ac                setPixel
 .text.clrPixel
                0x00001620       0x78 .\CortexM0\ARM_GCC_493\Debug\LCD5110_Graph.o
                0x00001620                clrPixel
 .text.invPixel
                0x00001698       0xb4 .\CortexM0\ARM_GCC_493\Debug\LCD5110_Graph.o
                0x00001698                invPixel
 .text.invertText
                0x0000174c       0x2c .\CortexM0\ARM_GCC_493\Debug\LCD5110_Graph.o
                0x0000174c                invertText
 .text.print    0x00001778       0x98 .\CortexM0\ARM_GCC_493\Debug\LCD5110_Graph.o
                0x00001778                print
 .text.prints   0x00001810       0x24 .\CortexM0\ARM_GCC_493\Debug\LCD5110_Graph.o
                0x00001810                prints
 .text.printNumI
                0x00001834      0x1a8 .\CortexM0\ARM_GCC_493\Debug\LCD5110_Graph.o
                0x00001834                printNumI
 .text.printNumF
                0x000019dc      0x154 .\CortexM0\ARM_GCC_493\Debug\LCD5110_Graph.o
                0x000019dc                printNumF
 .text._print_char
                0x00001b30      0x2b4 .\CortexM0\ARM_GCC_493\Debug\LCD5110_Graph.o
                0x00001b30                _print_char
 .text.setFont  0x00001de4       0x48 .\CortexM0\ARM_GCC_493\Debug\LCD5110_Graph.o
                0x00001de4                setFont
 .text.drawHLine
                0x00001e2c       0x98 .\CortexM0\ARM_GCC_493\Debug\LCD5110_Graph.o
                0x00001e2c                drawHLine
 .text.clrHLine
                0x00001ec4       0x9c .\CortexM0\ARM_GCC_493\Debug\LCD5110_Graph.o
                0x00001ec4                clrHLine
 .text.drawVLine
                0x00001f60       0x58 .\CortexM0\ARM_GCC_493\Debug\LCD5110_Graph.o
                0x00001f60                drawVLine
 .text.clrVLine
                0x00001fb8       0x58 .\CortexM0\ARM_GCC_493\Debug\LCD5110_Graph.o
                0x00001fb8                clrVLine
 .text.drawLine
                0x00002010      0x2c0 .\CortexM0\ARM_GCC_493\Debug\LCD5110_Graph.o
                0x00002010                drawLine
 .text.clrLine  0x000022d0      0x2c0 .\CortexM0\ARM_GCC_493\Debug\LCD5110_Graph.o
                0x000022d0                clrLine
 .text.drawRect
                0x00002590       0x90 .\CortexM0\ARM_GCC_493\Debug\LCD5110_Graph.o
                0x00002590                drawRect
 .text.clrRect  0x00002620       0x90 .\CortexM0\ARM_GCC_493\Debug\LCD5110_Graph.o
                0x00002620                clrRect
 .text.drawRoundRect
                0x000026b0      0x10c .\CortexM0\ARM_GCC_493\Debug\LCD5110_Graph.o
                0x000026b0                drawRoundRect
 .text.clrRoundRect
                0x000027bc      0x10c .\CortexM0\ARM_GCC_493\Debug\LCD5110_Graph.o
                0x000027bc                clrRoundRect
 .text.drawCircle
                0x000028c8      0x1cc .\CortexM0\ARM_GCC_493\Debug\LCD5110_Graph.o
                0x000028c8                drawCircle
 .text.clrCircle
                0x00002a94      0x1cc .\CortexM0\ARM_GCC_493\Debug\LCD5110_Graph.o
                0x00002a94                clrCircle
 .text.drawBitmap
                0x00002c60       0xcc .\CortexM0\ARM_GCC_493\Debug\LCD5110_Graph.o
                0x00002c60                drawBitmap
 .text          0x00002d2c        0x0 .\CortexM0\ARM_GCC_493\Debug\gate.o
 .text.GATE_INTERRUPT
                0x00002d2c       0x3c .\CortexM0\ARM_GCC_493\Debug\gate.o
                0x00002d2c                GATE_INTERRUPT
 .text.GateInit
                0x00002d68       0x28 .\CortexM0\ARM_GCC_493\Debug\gate.o
                0x00002d68                GateInit
 .text.GateIsOpen
                0x00002d90       0x20 .\CortexM0\ARM_GCC_493\Debug\gate.o
                0x00002d90                GateIsOpen
 .text.AllowNextSkier
                0x00002db0       0x10 .\CortexM0\ARM_GCC_493\Debug\gate.o
                0x00002db0                AllowNextSkier
 .text.DisAllowNextSkier
                0x00002dc0       0x20 .\CortexM0\ARM_GCC_493\Debug\gate.o
                0x00002dc0                DisAllowNextSkier
 .text.GetStartTime
                0x00002de0       0x2c .\CortexM0\ARM_GCC_493\Debug\gate.o
                0x00002de0                GetStartTime
 .text          0x00002e0c        0x0 .\CortexM0\ARM_GCC_493\Debug\LED.o
 .text.LedInit  0x00002e0c       0x2c .\CortexM0\ARM_GCC_493\Debug\LED.o
                0x00002e0c                LedInit
 .text.LedHandler
                0x00002e38       0x20 .\CortexM0\ARM_GCC_493\Debug\LED.o
                0x00002e38                LedHandler
 .text.LedRedBlink
                0x00002e58       0x34 .\CortexM0\ARM_GCC_493\Debug\LED.o
                0x00002e58                LedRedBlink
 .text.SetLedsState
                0x00002e8c       0x30 .\CortexM0\ARM_GCC_493\Debug\LED.o
                0x00002e8c                SetLedsState
 .text          0x00002ebc        0x0 .\CortexM0\ARM_GCC_493\Debug\crc32.o
 .text.crc32_update
                0x00002ebc       0x50 .\CortexM0\ARM_GCC_493\Debug\crc32.o
                0x00002ebc                crc32_update
 .text.crc32_calc_block
                0x00002f0c       0x44 .\CortexM0\ARM_GCC_493\Debug\crc32.o
                0x00002f0c                crc32_calc_block
 .text.crc32_calc
                0x00002f50       0x30 .\CortexM0\ARM_GCC_493\Debug\crc32.o
                0x00002f50                crc32_calc
 .text.crc32_init_tab
                0x00002f80       0x6c .\CortexM0\ARM_GCC_493\Debug\crc32.o
 .text          0x00002fec        0x0 .\CortexM0\ARM_GCC_493\Debug\svt.o
 .text.UnpackData
                0x00002fec      0x464 .\CortexM0\ARM_GCC_493\Debug\svt.o
                0x00002fec                UnpackData
 .text.DecodeByte
                0x00003450       0x50 .\CortexM0\ARM_GCC_493\Debug\svt.o
                0x00003450                DecodeByte
 .text.CheckSymb
                0x000034a0       0x34 .\CortexM0\ARM_GCC_493\Debug\svt.o
                0x000034a0                CheckSymb
 .text.ResetPacket
                0x000034d4       0x3c .\CortexM0\ARM_GCC_493\Debug\svt.o
                0x000034d4                ResetPacket
 .text.PackData
                0x00003510      0x158 .\CortexM0\ARM_GCC_493\Debug\svt.o
                0x00003510                PackData
 .text          0x00003668        0x0 .\CortexM0\ARM_GCC_493\Debug\ntp.o
 .text.NtpUnpackData
                0x00003668      0x268 .\CortexM0\ARM_GCC_493\Debug\ntp.o
                0x00003668                NtpUnpackData
 .text.NtpDecodeByte
                0x000038d0       0x50 .\CortexM0\ARM_GCC_493\Debug\ntp.o
                0x000038d0                NtpDecodeByte
 .text.NtpCheckSymb
                0x00003920       0x34 .\CortexM0\ARM_GCC_493\Debug\ntp.o
                0x00003920                NtpCheckSymb
 .text.NtpResetPacket
                0x00003954       0x2c .\CortexM0\ARM_GCC_493\Debug\ntp.o
                0x00003954                NtpResetPacket
 .text          0x00003980        0x0 .\CortexM0\ARM_GCC_493\Debug\network.o
 .text.CallBackNetworkCounter
                0x00003980       0x54 .\CortexM0\ARM_GCC_493\Debug\network.o
                0x00003980                CallBackNetworkCounter
 .text.InitNetwork
                0x000039d4       0x58 .\CortexM0\ARM_GCC_493\Debug\network.o
                0x000039d4                InitNetwork
 .text.CustomInterruptHandler
                0x00003a2c      0x164 .\CortexM0\ARM_GCC_493\Debug\network.o
                0x00003a2c                CustomInterruptHandler
 .text.SendData
                0x00003b90       0xf8 .\CortexM0\ARM_GCC_493\Debug\network.o
                0x00003b90                SendData
 .text.NetworkStatus
                0x00003c88       0x14 .\CortexM0\ARM_GCC_493\Debug\network.o
                0x00003c88                NetworkStatus
 .text.SendSkierStart
                0x00003c9c       0x30 .\CortexM0\ARM_GCC_493\Debug\network.o
                0x00003c9c                SendSkierStart
 .text.FinReady
                0x00003ccc       0x14 .\CortexM0\ARM_GCC_493\Debug\network.o
                0x00003ccc                FinReady
 .text.FinWriteInDB
                0x00003ce0       0x28 .\CortexM0\ARM_GCC_493\Debug\network.o
                0x00003ce0                FinWriteInDB
 .text.IsRebootFinishFlag
                0x00003d08       0x44 .\CortexM0\ARM_GCC_493\Debug\network.o
                0x00003d08                IsRebootFinishFlag
 .text.SetRebootFlag
                0x00003d4c       0x14 .\CortexM0\ARM_GCC_493\Debug\network.o
                0x00003d4c                SetRebootFlag
 .text.ClearRebootFlag
                0x00003d60       0x1c .\CortexM0\ARM_GCC_493\Debug\network.o
                0x00003d60                ClearRebootFlag
 .text.NetworkReadTestModeStatus
                0x00003d7c       0x14 .\CortexM0\ARM_GCC_493\Debug\network.o
                0x00003d7c                NetworkReadTestModeStatus
 .text.NetworkSendTestModeStatus
                0x00003d90       0x2c .\CortexM0\ARM_GCC_493\Debug\network.o
                0x00003d90                NetworkSendTestModeStatus
 .text.NetworkQuality
                0x00003dbc       0x60 .\CortexM0\ARM_GCC_493\Debug\network.o
                0x00003dbc                NetworkQuality
 .text.NTPsync  0x00003e1c      0x274 .\CortexM0\ARM_GCC_493\Debug\network.o
                0x00003e1c                NTPsync
 .text.NTPsendTime
                0x00004090       0x68 .\CortexM0\ARM_GCC_493\Debug\network.o
                0x00004090                NTPsendTime
 .text          0x000040f8        0x0 .\CortexM0\ARM_GCC_493\Debug\batt.o
 .text.BattADC_Init
                0x000040f8       0x18 .\CortexM0\ARM_GCC_493\Debug\batt.o
                0x000040f8                BattADC_Init
 .text.ReadBattVoltage
                0x00004110       0x34 .\CortexM0\ARM_GCC_493\Debug\batt.o
                0x00004110                ReadBattVoltage
 .text          0x00004144        0x0 .\CortexM0\ARM_GCC_493\Debug\testMode.o
 .text.testModeHandler
                0x00004144       0x30 .\CortexM0\ARM_GCC_493\Debug\testMode.o
                0x00004144                testModeHandler
 .text.TestMode
                0x00004174      0x10c .\CortexM0\ARM_GCC_493\Debug\testMode.o
                0x00004174                TestMode
 .text.TestMode_UpdateNewRandomTime
                0x00004280       0x3c .\CortexM0\ARM_GCC_493\Debug\testMode.o
                0x00004280                TestMode_UpdateNewRandomTime
 .text.ReadSwitchState
                0x000042bc       0x80 .\CortexM0\ARM_GCC_493\Debug\testMode.o
                0x000042bc                ReadSwitchState
 .text.ReadNetworkState
                0x0000433c       0x74 .\CortexM0\ARM_GCC_493\Debug\testMode.o
                0x0000433c                ReadNetworkState
 .text.AllowNextTestSkier
                0x000043b0       0x14 .\CortexM0\ARM_GCC_493\Debug\testMode.o
                0x000043b0                AllowNextTestSkier
 .text          0x000043c4        0x0 .\CortexM0\ARM_GCC_493\Debug\taskAutomat.o
 .text.TIMER_HANDLER
                0x000043c4       0x8c .\CortexM0\ARM_GCC_493\Debug\taskAutomat.o
                0x000043c4                TIMER_HANDLER
 .text.TaskCheck
                0x00004450       0x48 .\CortexM0\ARM_GCC_493\Debug\taskAutomat.o
                0x00004450                TaskCheck
 .text.TaskTimerInit
                0x00004498       0x3c .\CortexM0\ARM_GCC_493\Debug\taskAutomat.o
                0x00004498                TaskTimerInit
 .text.SetTaskTimer
                0x000044d4       0x8c .\CortexM0\ARM_GCC_493\Debug\taskAutomat.o
                0x000044d4                SetTaskTimer
 .text.Action1  0x00004560       0x24 .\CortexM0\ARM_GCC_493\Debug\taskAutomat.o
                0x00004560                Action1
 .text.Action2  0x00004584       0x3c .\CortexM0\ARM_GCC_493\Debug\taskAutomat.o
                0x00004584                Action2
 .text.Action3  0x000045c0       0x2c .\CortexM0\ARM_GCC_493\Debug\taskAutomat.o
                0x000045c0                Action3
 .text.Action4  0x000045ec       0x14 .\CortexM0\ARM_GCC_493\Debug\taskAutomat.o
                0x000045ec                Action4
 .text.Action5  0x00004600       0x14 .\CortexM0\ARM_GCC_493\Debug\taskAutomat.o
                0x00004600                Action5
 .text          0x00004614        0x0 .\CortexM0\ARM_GCC_493\Debug\Buttons.o
 .text.BUTT_UP_INTERRUPT
                0x00004614       0x1c .\CortexM0\ARM_GCC_493\Debug\Buttons.o
                0x00004614                BUTT_UP_INTERRUPT
 .text.BUTT_DOWN_INTERRUPT
                0x00004630       0x1c .\CortexM0\ARM_GCC_493\Debug\Buttons.o
                0x00004630                BUTT_DOWN_INTERRUPT
 .text.ButtInit
                0x0000464c       0x30 .\CortexM0\ARM_GCC_493\Debug\Buttons.o
                0x0000464c                ButtInit
 .text.ButtCheck
                0x0000467c       0xc8 .\CortexM0\ARM_GCC_493\Debug\Buttons.o
                0x0000467c                ButtCheck
 .text.ReadIdSkier
                0x00004744       0x14 .\CortexM0\ARM_GCC_493\Debug\Buttons.o
                0x00004744                ReadIdSkier
 .text          0x00004758        0x0 .\CortexM0\ARM_GCC_493\Debug\main.o
 .text.main     0x00004758       0xb4 .\CortexM0\ARM_GCC_493\Debug\main.o
                0x00004758                main
 .text.SystemInit
                0x0000480c       0x68 .\CortexM0\ARM_GCC_493\Debug\main.o
                0x0000480c                SystemInit
 .text.TimeSynchronize
                0x00004874       0x8c .\CortexM0\ARM_GCC_493\Debug\main.o
                0x00004874                TimeSynchronize
 .text.GetFinishStatus
                0x00004900       0x68 .\CortexM0\ARM_GCC_493\Debug\main.o
                0x00004900                GetFinishStatus
 .text.CheckGate
                0x00004968       0x5c .\CortexM0\ARM_GCC_493\Debug\main.o
                0x00004968                CheckGate
 .text.SaveResult
                0x000049c4       0x68 .\CortexM0\ARM_GCC_493\Debug\main.o
                0x000049c4                SaveResult
 .text.Delay    0x00004a2c       0x24 .\CortexM0\ARM_GCC_493\Debug\main.o
                0x00004a2c                Delay
 .text          0x00004a50        0x0 .\CortexM0\ARM_GCC_493\Debug\cymetadata.o
 .text          0x00004a50        0x0 .\CortexM0\ARM_GCC_493\Debug\Cm0Start.o
 .text.IntDefaultHandler
                0x00004a50        0x8 .\CortexM0\ARM_GCC_493\Debug\Cm0Start.o
                0x00004a50                IntDefaultHandler
 .text._exit    0x00004a58       0x14 .\CortexM0\ARM_GCC_493\Debug\Cm0Start.o
                0x00004a58                _exit
 .text._sbrk    0x00004a6c       0x54 .\CortexM0\ARM_GCC_493\Debug\Cm0Start.o
                0x00004a6c                _sbrk
 .text.Start_c  0x00004ac0       0x98 .\CortexM0\ARM_GCC_493\Debug\Cm0Start.o
                0x00004ac0                Start_c
 .text.initialize_psoc
                0x00004b58       0x70 .\CortexM0\ARM_GCC_493\Debug\Cm0Start.o
                0x00004b58                initialize_psoc
 .text          0x00004bc8        0x0 .\CortexM0\ARM_GCC_493\Debug\start_v11.a(cyfitter_cfg.o)
 .text.CYMEMZERO
                0x00004bc8       0x20 .\CortexM0\ARM_GCC_493\Debug\start_v11.a(cyfitter_cfg.o)
 .text.CYCONFIGCPY
                0x00004be8       0x24 .\CortexM0\ARM_GCC_493\Debug\start_v11.a(cyfitter_cfg.o)
 .text.CYCONFIGCPYCODE
                0x00004c0c       0x24 .\CortexM0\ARM_GCC_493\Debug\start_v11.a(cyfitter_cfg.o)
 .text.cfg_write_bytes32
                0x00004c30       0x80 .\CortexM0\ARM_GCC_493\Debug\start_v11.a(cyfitter_cfg.o)
 .text.AnalogSetDefault
                0x00004cb0       0x44 .\CortexM0\ARM_GCC_493\Debug\start_v11.a(cyfitter_cfg.o)
 .text.SetAnalogRoutingPumps
                0x00004cf4       0x40 .\CortexM0\ARM_GCC_493\Debug\start_v11.a(cyfitter_cfg.o)
                0x00004cf4                SetAnalogRoutingPumps
 .text          0x00004d34        0x0 .\CortexM0\ARM_GCC_493\Debug\start_v11.a(CyLib.o)
 .text.CySysClkImoStart
                0x00004d34       0x1c .\CortexM0\ARM_GCC_493\Debug\start_v11.a(CyLib.o)
                0x00004d34                CySysClkImoStart
 .text.CySysClkImoStop
                0x00004d50       0x18 .\CortexM0\ARM_GCC_493\Debug\start_v11.a(CyLib.o)
                0x00004d50                CySysClkImoStop
 .text.CySysClkWriteHfclkDirect
                0x00004d68       0x48 .\CortexM0\ARM_GCC_493\Debug\start_v11.a(CyLib.o)
                0x00004d68                CySysClkWriteHfclkDirect
 .text.CySysClkGetSysclkSource
                0x00004db0       0x34 .\CortexM0\ARM_GCC_493\Debug\start_v11.a(CyLib.o)
                0x00004db0                CySysClkGetSysclkSource
 .text.CySysClkWriteSysclkDiv
                0x00004de4       0x44 .\CortexM0\ARM_GCC_493\Debug\start_v11.a(CyLib.o)
                0x00004de4                CySysClkWriteSysclkDiv
 .text.CySysClkWriteImoFreq
                0x00004e28       0x98 .\CortexM0\ARM_GCC_493\Debug\start_v11.a(CyLib.o)
                0x00004e28                CySysClkWriteImoFreq
 .text.CySysClkEcoStart
                0x00004ec0       0x74 .\CortexM0\ARM_GCC_493\Debug\start_v11.a(CyLib.o)
                0x00004ec0                CySysClkEcoStart
 .text.CySysClkEcoStop
                0x00004f34       0x2c .\CortexM0\ARM_GCC_493\Debug\start_v11.a(CyLib.o)
                0x00004f34                CySysClkEcoStop
 .text.CySysClkEcoReadStatus
                0x00004f60       0x20 .\CortexM0\ARM_GCC_493\Debug\start_v11.a(CyLib.o)
                0x00004f60                CySysClkEcoReadStatus
 .text.CySysClkWriteEcoDiv
                0x00004f80       0x58 .\CortexM0\ARM_GCC_493\Debug\start_v11.a(CyLib.o)
                0x00004f80                CySysClkWriteEcoDiv
 .text.CySysLvdEnable
                0x00004fd8       0x60 .\CortexM0\ARM_GCC_493\Debug\start_v11.a(CyLib.o)
                0x00004fd8                CySysLvdEnable
 .text.CySysLvdDisable
                0x00005038       0x28 .\CortexM0\ARM_GCC_493\Debug\start_v11.a(CyLib.o)
                0x00005038                CySysLvdDisable
 .text.CySysLvdGetInterruptSource
                0x00005060       0x18 .\CortexM0\ARM_GCC_493\Debug\start_v11.a(CyLib.o)
                0x00005060                CySysLvdGetInterruptSource
 .text.CySysLvdClearInterrupt
                0x00005078       0x14 .\CortexM0\ARM_GCC_493\Debug\start_v11.a(CyLib.o)
                0x00005078                CySysLvdClearInterrupt
 .text.CySysGetResetReason
                0x0000508c       0x30 .\CortexM0\ARM_GCC_493\Debug\start_v11.a(CyLib.o)
                0x0000508c                CySysGetResetReason
 .text.CyDisableInts
                0x000050bc       0x24 .\CortexM0\ARM_GCC_493\Debug\start_v11.a(CyLib.o)
                0x000050bc                CyDisableInts
 .text.CyEnableInts
                0x000050e0       0x18 .\CortexM0\ARM_GCC_493\Debug\start_v11.a(CyLib.o)
                0x000050e0                CyEnableInts
 .text.CyIntSetSysVector
                0x000050f8       0x48 .\CortexM0\ARM_GCC_493\Debug\start_v11.a(CyLib.o)
                0x000050f8                CyIntSetSysVector
 .text.CyIntGetSysVector
                0x00005140       0x34 .\CortexM0\ARM_GCC_493\Debug\start_v11.a(CyLib.o)
                0x00005140                CyIntGetSysVector
 .text.CyIntSetVector
                0x00005174       0x4c .\CortexM0\ARM_GCC_493\Debug\start_v11.a(CyLib.o)
                0x00005174                CyIntSetVector
 .text.CyIntGetVector
                0x000051c0       0x38 .\CortexM0\ARM_GCC_493\Debug\start_v11.a(CyLib.o)
                0x000051c0                CyIntGetVector
 .text.CyIntSetPriority
                0x000051f8       0xa8 .\CortexM0\ARM_GCC_493\Debug\start_v11.a(CyLib.o)
                0x000051f8                CyIntSetPriority
 .text.CyIntGetPriority
                0x000052a0       0x5c .\CortexM0\ARM_GCC_493\Debug\start_v11.a(CyLib.o)
                0x000052a0                CyIntGetPriority
 .text.CyIntEnable
                0x000052fc       0x28 .\CortexM0\ARM_GCC_493\Debug\start_v11.a(CyLib.o)
                0x000052fc                CyIntEnable
 .text.CyIntGetState
                0x00005324       0x30 .\CortexM0\ARM_GCC_493\Debug\start_v11.a(CyLib.o)
                0x00005324                CyIntGetState
 .text.CyIntDisable
                0x00005354       0x28 .\CortexM0\ARM_GCC_493\Debug\start_v11.a(CyLib.o)
                0x00005354                CyIntDisable
 .text.CyIntSetPending
                0x0000537c       0x28 .\CortexM0\ARM_GCC_493\Debug\start_v11.a(CyLib.o)
                0x0000537c                CyIntSetPending
 .text.CyIntClearPending
                0x000053a4       0x28 .\CortexM0\ARM_GCC_493\Debug\start_v11.a(CyLib.o)
                0x000053a4                CyIntClearPending
 .text.CyHalt   0x000053cc       0x14 .\CortexM0\ARM_GCC_493\Debug\start_v11.a(CyLib.o)
                0x000053cc                CyHalt
 .text.CySoftwareReset
                0x000053e0       0x20 .\CortexM0\ARM_GCC_493\Debug\start_v11.a(CyLib.o)
                0x000053e0                CySoftwareReset
 .text.CyDelay  0x00005400       0x48 .\CortexM0\ARM_GCC_493\Debug\start_v11.a(CyLib.o)
                0x00005400                CyDelay
 .text.CyDelayUs
                0x00005448       0x28 .\CortexM0\ARM_GCC_493\Debug\start_v11.a(CyLib.o)
                0x00005448                CyDelayUs
 .text.CyDelayFreq
                0x00005470       0x84 .\CortexM0\ARM_GCC_493\Debug\start_v11.a(CyLib.o)
                0x00005470                CyDelayFreq
 .text.CySysTickStart
                0x000054f4       0x24 .\CortexM0\ARM_GCC_493\Debug\start_v11.a(CyLib.o)
                0x000054f4                CySysTickStart
 .text.CySysTickInit
                0x00005518       0x64 .\CortexM0\ARM_GCC_493\Debug\start_v11.a(CyLib.o)
                0x00005518                CySysTickInit
 .text.CySysTickEnable
                0x0000557c       0x1c .\CortexM0\ARM_GCC_493\Debug\start_v11.a(CyLib.o)
                0x0000557c                CySysTickEnable
 .text.CySysTickStop
                0x00005598       0x18 .\CortexM0\ARM_GCC_493\Debug\start_v11.a(CyLib.o)
                0x00005598                CySysTickStop
 .text.CySysTickEnableInterrupt
                0x000055b0       0x18 .\CortexM0\ARM_GCC_493\Debug\start_v11.a(CyLib.o)
                0x000055b0                CySysTickEnableInterrupt
 .text.CySysTickDisableInterrupt
                0x000055c8       0x18 .\CortexM0\ARM_GCC_493\Debug\start_v11.a(CyLib.o)
                0x000055c8                CySysTickDisableInterrupt
 .text.CySysTickSetReload
                0x000055e0       0x1c .\CortexM0\ARM_GCC_493\Debug\start_v11.a(CyLib.o)
                0x000055e0                CySysTickSetReload
 .text.CySysTickGetReload
                0x000055fc       0x18 .\CortexM0\ARM_GCC_493\Debug\start_v11.a(CyLib.o)
                0x000055fc                CySysTickGetReload
 .text.CySysTickGetValue
                0x00005614       0x18 .\CortexM0\ARM_GCC_493\Debug\start_v11.a(CyLib.o)
                0x00005614                CySysTickGetValue
 .text.CySysTickSetClockSource
                0x0000562c       0x34 .\CortexM0\ARM_GCC_493\Debug\start_v11.a(CyLib.o)
                0x0000562c                CySysTickSetClockSource
 .text.CySysTickGetCountFlag
                0x00005660       0x18 .\CortexM0\ARM_GCC_493\Debug\start_v11.a(CyLib.o)
                0x00005660                CySysTickGetCountFlag
 .text.CySysTickClear
                0x00005678       0x14 .\CortexM0\ARM_GCC_493\Debug\start_v11.a(CyLib.o)
                0x00005678                CySysTickClear
 .text.CySysTickSetCallback
                0x0000568c       0x2c .\CortexM0\ARM_GCC_493\Debug\start_v11.a(CyLib.o)
                0x0000568c                CySysTickSetCallback
 .text.CySysTickGetCallback
                0x000056b8       0x1c .\CortexM0\ARM_GCC_493\Debug\start_v11.a(CyLib.o)
                0x000056b8                CySysTickGetCallback
 .text.CySysTickServiceCallbacks
                0x000056d4       0x44 .\CortexM0\ARM_GCC_493\Debug\start_v11.a(CyLib.o)
 .text.CyGetUniqueId
                0x00005718       0xc0 .\CortexM0\ARM_GCC_493\Debug\start_v11.a(CyLib.o)
                0x00005718                CyGetUniqueId
 .text          0x000057d8        0x0 .\CortexM0\ARM_GCC_493\Debug\start_v11.a(CyLFClk.o)
 .text.CySysClkWcoSetHighPowerMode
                0x000057d8       0x48 .\CortexM0\ARM_GCC_493\Debug\start_v11.a(CyLFClk.o)
 .text.CySysClkWcoSetLowPowerMode
                0x00005820       0x48 .\CortexM0\ARM_GCC_493\Debug\start_v11.a(CyLFClk.o)
 .text.CySysClkIloStart
                0x00005868       0x1c .\CortexM0\ARM_GCC_493\Debug\start_v11.a(CyLFClk.o)
                0x00005868                CySysClkIloStart
 .text.CySysClkIloStop
                0x00005884       0x60 .\CortexM0\ARM_GCC_493\Debug\start_v11.a(CyLFClk.o)
                0x00005884                CySysClkIloStop
 .text.CySysClkIloStartMeasurement
                0x000058e4       0x6c .\CortexM0\ARM_GCC_493\Debug\start_v11.a(CyLFClk.o)
                0x000058e4                CySysClkIloStartMeasurement
 .text.CySysClkIloStopMeasurement
                0x00005950       0x1c .\CortexM0\ARM_GCC_493\Debug\start_v11.a(CyLFClk.o)
                0x00005950                CySysClkIloStopMeasurement
 .text.CySysClkIloCompensate
                0x0000596c      0x15c .\CortexM0\ARM_GCC_493\Debug\start_v11.a(CyLFClk.o)
                0x0000596c                CySysClkIloCompensate
 .text.CySysClkIloEnabled
                0x00005ac8       0x1c .\CortexM0\ARM_GCC_493\Debug\start_v11.a(CyLFClk.o)
 .text.CySysClkIloTrim
                0x00005ae4      0x124 .\CortexM0\ARM_GCC_493\Debug\start_v11.a(CyLFClk.o)
                0x00005ae4                CySysClkIloTrim
 .text.CySysClkIloUpdateTrimReg
                0x00005c08       0xfc .\CortexM0\ARM_GCC_493\Debug\start_v11.a(CyLFClk.o)
                0x00005c08                CySysClkIloUpdateTrimReg
 .text.CySysClkIloRestoreFactoryTrim
                0x00005d04       0x4c .\CortexM0\ARM_GCC_493\Debug\start_v11.a(CyLFClk.o)
                0x00005d04                CySysClkIloRestoreFactoryTrim
 .text.CySysClkGetLfclkSource
                0x00005d50       0x20 .\CortexM0\ARM_GCC_493\Debug\start_v11.a(CyLFClk.o)
 .text.CySysClkSetLfclkSource
                0x00005d70       0x54 .\CortexM0\ARM_GCC_493\Debug\start_v11.a(CyLFClk.o)
                0x00005d70                CySysClkSetLfclkSource
 .text.CySysClkWcoStart
                0x00005dc4       0x20 .\CortexM0\ARM_GCC_493\Debug\start_v11.a(CyLFClk.o)
                0x00005dc4                CySysClkWcoStart
 .text.CySysClkWcoStop
                0x00005de4       0x5c .\CortexM0\ARM_GCC_493\Debug\start_v11.a(CyLFClk.o)
                0x00005de4                CySysClkWcoStop
 .text.CySysClkWcoEnabled
                0x00005e40       0x1c .\CortexM0\ARM_GCC_493\Debug\start_v11.a(CyLFClk.o)
                0x00005e40                CySysClkWcoEnabled
 .text.CySysClkWcoSetPowerMode
                0x00005e5c       0x40 .\CortexM0\ARM_GCC_493\Debug\start_v11.a(CyLFClk.o)
                0x00005e5c                CySysClkWcoSetPowerMode
 .text.CySysClkWcoClockOutSelect
                0x00005e9c       0x3c .\CortexM0\ARM_GCC_493\Debug\start_v11.a(CyLFClk.o)
                0x00005e9c                CySysClkWcoClockOutSelect
 .text.CySysWdtLock
                0x00005ed8       0x34 .\CortexM0\ARM_GCC_493\Debug\start_v11.a(CyLFClk.o)
                0x00005ed8                CySysWdtLock
 .text.CySysWdtLocked
                0x00005f0c       0x20 .\CortexM0\ARM_GCC_493\Debug\start_v11.a(CyLFClk.o)
 .text.CySysWdtUnlock
                0x00005f2c       0x4c .\CortexM0\ARM_GCC_493\Debug\start_v11.a(CyLFClk.o)
                0x00005f2c                CySysWdtUnlock
 .text.CySysWdtGetEnabledStatus
                0x00005f78       0x30 .\CortexM0\ARM_GCC_493\Debug\start_v11.a(CyLFClk.o)
                0x00005f78                CySysWdtGetEnabledStatus
 .text.CySysWdtSetMode
                0x00005fa8       0x58 .\CortexM0\ARM_GCC_493\Debug\start_v11.a(CyLFClk.o)
                0x00005fa8                CySysWdtSetMode
 .text.CySysWdtGetMode
                0x00006000       0x24 .\CortexM0\ARM_GCC_493\Debug\start_v11.a(CyLFClk.o)
                0x00006000                CySysWdtGetMode
 .text.CySysWdtSetClearOnMatch
                0x00006024       0x6c .\CortexM0\ARM_GCC_493\Debug\start_v11.a(CyLFClk.o)
                0x00006024                CySysWdtSetClearOnMatch
 .text.CySysWdtGetClearOnMatch
                0x00006090       0x40 .\CortexM0\ARM_GCC_493\Debug\start_v11.a(CyLFClk.o)
                0x00006090                CySysWdtGetClearOnMatch
 .text.CySysWdtEnable
                0x000060d0       0x60 .\CortexM0\ARM_GCC_493\Debug\start_v11.a(CyLFClk.o)
                0x000060d0                CySysWdtEnable
 .text.CySysWdtDisable
                0x00006130       0x68 .\CortexM0\ARM_GCC_493\Debug\start_v11.a(CyLFClk.o)
                0x00006130                CySysWdtDisable
 .text.CySysWdtSetCascade
                0x00006198       0x58 .\CortexM0\ARM_GCC_493\Debug\start_v11.a(CyLFClk.o)
                0x00006198                CySysWdtSetCascade
 .text.CySysWdtGetCascade
                0x000061f0       0x1c .\CortexM0\ARM_GCC_493\Debug\start_v11.a(CyLFClk.o)
                0x000061f0                CySysWdtGetCascade
 .text.CySysWdtSetMatch
                0x0000620c       0x90 .\CortexM0\ARM_GCC_493\Debug\start_v11.a(CyLFClk.o)
                0x0000620c                CySysWdtSetMatch
 .text.CySysWdtSetToggleBit
                0x0000629c       0x44 .\CortexM0\ARM_GCC_493\Debug\start_v11.a(CyLFClk.o)
                0x0000629c                CySysWdtSetToggleBit
 .text.CySysWdtGetToggleBit
                0x000062e0       0x18 .\CortexM0\ARM_GCC_493\Debug\start_v11.a(CyLFClk.o)
                0x000062e0                CySysWdtGetToggleBit
 .text.CySysWdtGetMatch
                0x000062f8       0x40 .\CortexM0\ARM_GCC_493\Debug\start_v11.a(CyLFClk.o)
                0x000062f8                CySysWdtGetMatch
 .text.CySysWdtGetCount
                0x00006338       0x54 .\CortexM0\ARM_GCC_493\Debug\start_v11.a(CyLFClk.o)
                0x00006338                CySysWdtGetCount
 .text.CySysWdtGetInterruptSource
                0x0000638c       0x1c .\CortexM0\ARM_GCC_493\Debug\start_v11.a(CyLFClk.o)
                0x0000638c                CySysWdtGetInterruptSource
 .text.CySysWdtClearInterrupt
                0x000063a8       0x70 .\CortexM0\ARM_GCC_493\Debug\start_v11.a(CyLFClk.o)
                0x000063a8                CySysWdtClearInterrupt
 .text.CySysWdtResetCounters
                0x00006418       0x34 .\CortexM0\ARM_GCC_493\Debug\start_v11.a(CyLFClk.o)
                0x00006418                CySysWdtResetCounters
 .text.CySysWdtSetInterruptCallback
                0x0000644c       0x40 .\CortexM0\ARM_GCC_493\Debug\start_v11.a(CyLFClk.o)
                0x0000644c                CySysWdtSetInterruptCallback
 .text.CySysWdtGetInterruptCallback
                0x0000648c       0x34 .\CortexM0\ARM_GCC_493\Debug\start_v11.a(CyLFClk.o)
                0x0000648c                CySysWdtGetInterruptCallback
 .text.CySysWdtEnableCounterIsr
                0x000064c0       0x50 .\CortexM0\ARM_GCC_493\Debug\start_v11.a(CyLFClk.o)
                0x000064c0                CySysWdtEnableCounterIsr
 .text.CySysWdtDisableCounterIsr
                0x00006510       0x38 .\CortexM0\ARM_GCC_493\Debug\start_v11.a(CyLFClk.o)
                0x00006510                CySysWdtDisableCounterIsr
 .text.CySysWdtIsr
                0x00006548       0xe8 .\CortexM0\ARM_GCC_493\Debug\start_v11.a(CyLFClk.o)
                0x00006548                CySysWdtIsr
 .text.CySysWatchdogFeed
                0x00006630       0x88 .\CortexM0\ARM_GCC_493\Debug\start_v11.a(CyLFClk.o)
                0x00006630                CySysWatchdogFeed
 .text.CySysClkLfclkPosedgeCatch
                0x000066b8       0x98 .\CortexM0\ARM_GCC_493\Debug\start_v11.a(CyLFClk.o)
 .text.CySysClkLfclkPosedgeRestore
                0x00006750       0x3c .\CortexM0\ARM_GCC_493\Debug\start_v11.a(CyLFClk.o)
 .text.CySysTimerDelay
                0x0000678c       0x6c .\CortexM0\ARM_GCC_493\Debug\start_v11.a(CyLFClk.o)
                0x0000678c                CySysTimerDelay
 .text.CySysTimerDelayUntilMatch
                0x000067f8       0xac .\CortexM0\ARM_GCC_493\Debug\start_v11.a(CyLFClk.o)
                0x000067f8                CySysTimerDelayUntilMatch
 .text          0x000068a4        0x0 .\CortexM0\ARM_GCC_493\Debug\start_v11.a(RTC.o)
 .text.RTC_IsBitSet
                0x000068a4       0x24 .\CortexM0\ARM_GCC_493\Debug\start_v11.a(RTC.o)
 .text.RTC_LeapYear
                0x000068c8       0x44 .\CortexM0\ARM_GCC_493\Debug\start_v11.a(RTC.o)
 .text.RTC_GetSecond
                0x0000690c       0x30 .\CortexM0\ARM_GCC_493\Debug\start_v11.a(RTC.o)
 .text.RTC_GetMinutes
                0x0000693c       0x38 .\CortexM0\ARM_GCC_493\Debug\start_v11.a(RTC.o)
 .text.RTC_GetHours
                0x00006974       0x38 .\CortexM0\ARM_GCC_493\Debug\start_v11.a(RTC.o)
 .text.RTC_GetAmPm
                0x000069ac       0x20 .\CortexM0\ARM_GCC_493\Debug\start_v11.a(RTC.o)
 .text.RTC_GetDay
                0x000069cc       0x38 .\CortexM0\ARM_GCC_493\Debug\start_v11.a(RTC.o)
 .text.RTC_GetMonth
                0x00006a04       0x38 .\CortexM0\ARM_GCC_493\Debug\start_v11.a(RTC.o)
 .text.RTC_GetYear
                0x00006a3c       0x5c .\CortexM0\ARM_GCC_493\Debug\start_v11.a(RTC.o)
 .text.RTC_GetTimeFormat
                0x00006a98       0x20 .\CortexM0\ARM_GCC_493\Debug\start_v11.a(RTC.o)
 .text.RTC_ConstructTime
                0x00006ab8       0xa0 .\CortexM0\ARM_GCC_493\Debug\start_v11.a(RTC.o)
 .text.RTC_ConstructDate
                0x00006b58       0xd8 .\CortexM0\ARM_GCC_493\Debug\start_v11.a(RTC.o)
 .text.RTC_GetDayOfWeek
                0x00006c30       0x88 .\CortexM0\ARM_GCC_493\Debug\start_v11.a(RTC.o)
 .text.RTC_Start
                0x00006cb8       0x18 .\CortexM0\ARM_GCC_493\Debug\start_v11.a(RTC.o)
                0x00006cb8                RTC_Start
 .text.RTC_Stop
                0x00006cd0        0x8 .\CortexM0\ARM_GCC_493\Debug\start_v11.a(RTC.o)
                0x00006cd0                RTC_Stop
 .text.RTC_Init
                0x00006cd8       0x70 .\CortexM0\ARM_GCC_493\Debug\start_v11.a(RTC.o)
                0x00006cd8                RTC_Init
 .text.RTC_SetDateAndTime
                0x00006d48       0x74 .\CortexM0\ARM_GCC_493\Debug\start_v11.a(RTC.o)
                0x00006d48                RTC_SetDateAndTime
 .text.RTC_SetUnixTime
                0x00006dbc       0x34 .\CortexM0\ARM_GCC_493\Debug\start_v11.a(RTC.o)
                0x00006dbc                RTC_SetUnixTime
 .text.RTC_GetUnixTime
                0x00006df0       0x18 .\CortexM0\ARM_GCC_493\Debug\start_v11.a(RTC.o)
                0x00006df0                RTC_GetUnixTime
 .text.RTC_SetPeriod
                0x00006e08       0x24 .\CortexM0\ARM_GCC_493\Debug\start_v11.a(RTC.o)
                0x00006e08                RTC_SetPeriod
 .text.RTC_GetPeriod
                0x00006e2c       0x14 .\CortexM0\ARM_GCC_493\Debug\start_v11.a(RTC.o)
                0x00006e2c                RTC_GetPeriod
 .text.RTC_GetRefOneSec
                0x00006e40       0x14 .\CortexM0\ARM_GCC_493\Debug\start_v11.a(RTC.o)
                0x00006e40                RTC_GetRefOneSec
 .text.RTC_GetDateAndTime
                0x00006e54       0x3c .\CortexM0\ARM_GCC_493\Debug\start_v11.a(RTC.o)
                0x00006e54                RTC_GetDateAndTime
 .text.RTC_GetTime
                0x00006e90       0x44 .\CortexM0\ARM_GCC_493\Debug\start_v11.a(RTC.o)
                0x00006e90                RTC_GetTime
 .text.RTC_GetDate
                0x00006ed4       0x44 .\CortexM0\ARM_GCC_493\Debug\start_v11.a(RTC.o)
                0x00006ed4                RTC_GetDate
 .text.RTC_ReadStatus
                0x00006f18       0x80 .\CortexM0\ARM_GCC_493\Debug\start_v11.a(RTC.o)
                0x00006f18                RTC_ReadStatus
 .text.RTC_ConvertBCDToDec
                0x00006f98       0x50 .\CortexM0\ARM_GCC_493\Debug\start_v11.a(RTC.o)
                0x00006f98                RTC_ConvertBCDToDec
 .text.RTC_ConvertDecToBCD
                0x00006fe8       0x60 .\CortexM0\ARM_GCC_493\Debug\start_v11.a(RTC.o)
                0x00006fe8                RTC_ConvertDecToBCD
 .text.RTC_Update
                0x00007048       0x4c .\CortexM0\ARM_GCC_493\Debug\start_v11.a(RTC.o)
                0x00007048                RTC_Update
 .text.RTC_DateTimeToUnix
                0x00007094      0x190 .\CortexM0\ARM_GCC_493\Debug\start_v11.a(RTC.o)
                0x00007094                RTC_DateTimeToUnix
 .text.RTC_UnixToDateTime
                0x00007224      0x2ac .\CortexM0\ARM_GCC_493\Debug\start_v11.a(RTC.o)
                0x00007224                RTC_UnixToDateTime
 .text.RTC_RelativeToFixed
                0x000074d0       0x84 .\CortexM0\ARM_GCC_493\Debug\start_v11.a(RTC.o)
                0x000074d0                RTC_RelativeToFixed
 .text.RTC_DaysInMonth
                0x00007554       0x3c .\CortexM0\ARM_GCC_493\Debug\start_v11.a(RTC.o)
                0x00007554                RTC_DaysInMonth
 .text.RTC_DaysBeforeMonth
                0x00007590       0x3c .\CortexM0\ARM_GCC_493\Debug\start_v11.a(RTC.o)
                0x00007590                RTC_DaysBeforeMonth
 .text          0x000075cc        0x0 .\CortexM0\ARM_GCC_493\Debug\start_v11.a(GatePin.o)
 .text.GatePin_SetDriveMode
                0x000075cc       0x2c .\CortexM0\ARM_GCC_493\Debug\start_v11.a(GatePin.o)
                0x000075cc                GatePin_SetDriveMode
 .text.GatePin_Write
                0x000075f8       0x4c .\CortexM0\ARM_GCC_493\Debug\start_v11.a(GatePin.o)
                0x000075f8                GatePin_Write
 .text.GatePin_Read
                0x00007644       0x1c .\CortexM0\ARM_GCC_493\Debug\start_v11.a(GatePin.o)
                0x00007644                GatePin_Read
 .text.GatePin_ReadDataReg
                0x00007660       0x1c .\CortexM0\ARM_GCC_493\Debug\start_v11.a(GatePin.o)
                0x00007660                GatePin_ReadDataReg
 .text.GatePin_SetInterruptMode
                0x0000767c       0x40 .\CortexM0\ARM_GCC_493\Debug\start_v11.a(GatePin.o)
                0x0000767c                GatePin_SetInterruptMode
 .text.GatePin_ClearInterrupt
                0x000076bc       0x30 .\CortexM0\ARM_GCC_493\Debug\start_v11.a(GatePin.o)
                0x000076bc                GatePin_ClearInterrupt
 .text          0x000076ec        0x0 .\CortexM0\ARM_GCC_493\Debug\start_v11.a(Timer_LED.o)
 .text.Timer_LED_Init
                0x000076ec       0x40 .\CortexM0\ARM_GCC_493\Debug\start_v11.a(Timer_LED.o)
                0x000076ec                Timer_LED_Init
 .text.Timer_LED_Enable
                0x0000772c       0x38 .\CortexM0\ARM_GCC_493\Debug\start_v11.a(Timer_LED.o)
                0x0000772c                Timer_LED_Enable
 .text.Timer_LED_Start
                0x00007764       0x24 .\CortexM0\ARM_GCC_493\Debug\start_v11.a(Timer_LED.o)
                0x00007764                Timer_LED_Start
 .text.Timer_LED_Stop
                0x00007788       0x30 .\CortexM0\ARM_GCC_493\Debug\start_v11.a(Timer_LED.o)
                0x00007788                Timer_LED_Stop
 .text.Timer_LED_SetMode
                0x000077b8       0x48 .\CortexM0\ARM_GCC_493\Debug\start_v11.a(Timer_LED.o)
                0x000077b8                Timer_LED_SetMode
 .text.Timer_LED_SetQDMode
                0x00007800       0x48 .\CortexM0\ARM_GCC_493\Debug\start_v11.a(Timer_LED.o)
                0x00007800                Timer_LED_SetQDMode
 .text.Timer_LED_SetPrescaler
                0x00007848       0x48 .\CortexM0\ARM_GCC_493\Debug\start_v11.a(Timer_LED.o)
                0x00007848                Timer_LED_SetPrescaler
 .text.Timer_LED_SetOneShot
                0x00007890       0x4c .\CortexM0\ARM_GCC_493\Debug\start_v11.a(Timer_LED.o)
                0x00007890                Timer_LED_SetOneShot
 .text.Timer_LED_SetPWMMode
                0x000078dc       0x1c .\CortexM0\ARM_GCC_493\Debug\start_v11.a(Timer_LED.o)
                0x000078dc                Timer_LED_SetPWMMode
 .text.Timer_LED_SetPWMSyncKill
                0x000078f8       0x48 .\CortexM0\ARM_GCC_493\Debug\start_v11.a(Timer_LED.o)
                0x000078f8                Timer_LED_SetPWMSyncKill
 .text.Timer_LED_SetPWMStopOnKill
                0x00007940       0x48 .\CortexM0\ARM_GCC_493\Debug\start_v11.a(Timer_LED.o)
                0x00007940                Timer_LED_SetPWMStopOnKill
 .text.Timer_LED_SetPWMDeadTime
                0x00007988       0x4c .\CortexM0\ARM_GCC_493\Debug\start_v11.a(Timer_LED.o)
                0x00007988                Timer_LED_SetPWMDeadTime
 .text.Timer_LED_SetPWMInvert
                0x000079d4       0x48 .\CortexM0\ARM_GCC_493\Debug\start_v11.a(Timer_LED.o)
                0x000079d4                Timer_LED_SetPWMInvert
 .text.Timer_LED_WriteCounter
                0x00007a1c       0x1c .\CortexM0\ARM_GCC_493\Debug\start_v11.a(Timer_LED.o)
                0x00007a1c                Timer_LED_WriteCounter
 .text.Timer_LED_ReadCounter
                0x00007a38       0x18 .\CortexM0\ARM_GCC_493\Debug\start_v11.a(Timer_LED.o)
                0x00007a38                Timer_LED_ReadCounter
 .text.Timer_LED_SetCounterMode
                0x00007a50       0x48 .\CortexM0\ARM_GCC_493\Debug\start_v11.a(Timer_LED.o)
                0x00007a50                Timer_LED_SetCounterMode
 .text.Timer_LED_WritePeriod
                0x00007a98       0x1c .\CortexM0\ARM_GCC_493\Debug\start_v11.a(Timer_LED.o)
                0x00007a98                Timer_LED_WritePeriod
 .text.Timer_LED_ReadPeriod
                0x00007ab4       0x18 .\CortexM0\ARM_GCC_493\Debug\start_v11.a(Timer_LED.o)
                0x00007ab4                Timer_LED_ReadPeriod
 .text.Timer_LED_SetCompareSwap
                0x00007acc       0x48 .\CortexM0\ARM_GCC_493\Debug\start_v11.a(Timer_LED.o)
                0x00007acc                Timer_LED_SetCompareSwap
 .text.Timer_LED_WritePeriodBuf
                0x00007b14       0x1c .\CortexM0\ARM_GCC_493\Debug\start_v11.a(Timer_LED.o)
                0x00007b14                Timer_LED_WritePeriodBuf
 .text.Timer_LED_ReadPeriodBuf
                0x00007b30       0x18 .\CortexM0\ARM_GCC_493\Debug\start_v11.a(Timer_LED.o)
                0x00007b30                Timer_LED_ReadPeriodBuf
 .text.Timer_LED_SetPeriodSwap
                0x00007b48       0x48 .\CortexM0\ARM_GCC_493\Debug\start_v11.a(Timer_LED.o)
                0x00007b48                Timer_LED_SetPeriodSwap
 .text.Timer_LED_WriteCompare
                0x00007b90       0x1c .\CortexM0\ARM_GCC_493\Debug\start_v11.a(Timer_LED.o)
                0x00007b90                Timer_LED_WriteCompare
 .text.Timer_LED_ReadCompare
                0x00007bac       0x18 .\CortexM0\ARM_GCC_493\Debug\start_v11.a(Timer_LED.o)
                0x00007bac                Timer_LED_ReadCompare
 .text.Timer_LED_WriteCompareBuf
                0x00007bc4       0x1c .\CortexM0\ARM_GCC_493\Debug\start_v11.a(Timer_LED.o)
                0x00007bc4                Timer_LED_WriteCompareBuf
 .text.Timer_LED_ReadCompareBuf
                0x00007be0       0x18 .\CortexM0\ARM_GCC_493\Debug\start_v11.a(Timer_LED.o)
                0x00007be0                Timer_LED_ReadCompareBuf
 .text.Timer_LED_ReadCapture
                0x00007bf8       0x18 .\CortexM0\ARM_GCC_493\Debug\start_v11.a(Timer_LED.o)
                0x00007bf8                Timer_LED_ReadCapture
 .text.Timer_LED_ReadCaptureBuf
                0x00007c10       0x18 .\CortexM0\ARM_GCC_493\Debug\start_v11.a(Timer_LED.o)
                0x00007c10                Timer_LED_ReadCaptureBuf
 .text.Timer_LED_SetCaptureMode
                0x00007c28       0x44 .\CortexM0\ARM_GCC_493\Debug\start_v11.a(Timer_LED.o)
                0x00007c28                Timer_LED_SetCaptureMode
 .text.Timer_LED_SetReloadMode
                0x00007c6c       0x44 .\CortexM0\ARM_GCC_493\Debug\start_v11.a(Timer_LED.o)
                0x00007c6c                Timer_LED_SetReloadMode
 .text.Timer_LED_SetStartMode
                0x00007cb0       0x48 .\CortexM0\ARM_GCC_493\Debug\start_v11.a(Timer_LED.o)
                0x00007cb0                Timer_LED_SetStartMode
 .text.Timer_LED_SetStopMode
                0x00007cf8       0x44 .\CortexM0\ARM_GCC_493\Debug\start_v11.a(Timer_LED.o)
                0x00007cf8                Timer_LED_SetStopMode
 .text.Timer_LED_SetCountMode
                0x00007d3c       0x44 .\CortexM0\ARM_GCC_493\Debug\start_v11.a(Timer_LED.o)
                0x00007d3c                Timer_LED_SetCountMode
 .text.Timer_LED_TriggerCommand
                0x00007d80       0x38 .\CortexM0\ARM_GCC_493\Debug\start_v11.a(Timer_LED.o)
                0x00007d80                Timer_LED_TriggerCommand
 .text.Timer_LED_ReadStatus
                0x00007db8       0x20 .\CortexM0\ARM_GCC_493\Debug\start_v11.a(Timer_LED.o)
                0x00007db8                Timer_LED_ReadStatus
 .text.Timer_LED_SetInterruptMode
                0x00007dd8       0x18 .\CortexM0\ARM_GCC_493\Debug\start_v11.a(Timer_LED.o)
                0x00007dd8                Timer_LED_SetInterruptMode
 .text.Timer_LED_GetInterruptSourceMasked
                0x00007df0       0x14 .\CortexM0\ARM_GCC_493\Debug\start_v11.a(Timer_LED.o)
                0x00007df0                Timer_LED_GetInterruptSourceMasked
 .text.Timer_LED_GetInterruptSource
                0x00007e04       0x14 .\CortexM0\ARM_GCC_493\Debug\start_v11.a(Timer_LED.o)
                0x00007e04                Timer_LED_GetInterruptSource
 .text.Timer_LED_ClearInterrupt
                0x00007e18       0x18 .\CortexM0\ARM_GCC_493\Debug\start_v11.a(Timer_LED.o)
                0x00007e18                Timer_LED_ClearInterrupt
 .text.Timer_LED_SetInterrupt
                0x00007e30       0x18 .\CortexM0\ARM_GCC_493\Debug\start_v11.a(Timer_LED.o)
                0x00007e30                Timer_LED_SetInterrupt
 .text          0x00007e48        0x0 .\CortexM0\ARM_GCC_493\Debug\start_v11.a(Int_Timer_Led.o)
 .text.Int_Timer_Led_Start
                0x00007e48       0x24 .\CortexM0\ARM_GCC_493\Debug\start_v11.a(Int_Timer_Led.o)
                0x00007e48                Int_Timer_Led_Start
 .text.Int_Timer_Led_StartEx
                0x00007e6c       0x24 .\CortexM0\ARM_GCC_493\Debug\start_v11.a(Int_Timer_Led.o)
                0x00007e6c                Int_Timer_Led_StartEx
 .text.Int_Timer_Led_Stop
                0x00007e90       0x18 .\CortexM0\ARM_GCC_493\Debug\start_v11.a(Int_Timer_Led.o)
                0x00007e90                Int_Timer_Led_Stop
 .text.Int_Timer_Led_Interrupt
                0x00007ea8        0x8 .\CortexM0\ARM_GCC_493\Debug\start_v11.a(Int_Timer_Led.o)
                0x00007ea8                Int_Timer_Led_Interrupt
 .text.Int_Timer_Led_SetVector
                0x00007eb0       0x1c .\CortexM0\ARM_GCC_493\Debug\start_v11.a(Int_Timer_Led.o)
                0x00007eb0                Int_Timer_Led_SetVector
 .text.Int_Timer_Led_GetVector
                0x00007ecc       0x14 .\CortexM0\ARM_GCC_493\Debug\start_v11.a(Int_Timer_Led.o)
                0x00007ecc                Int_Timer_Led_GetVector
 .text.Int_Timer_Led_SetPriority
                0x00007ee0       0x50 .\CortexM0\ARM_GCC_493\Debug\start_v11.a(Int_Timer_Led.o)
                0x00007ee0                Int_Timer_Led_SetPriority
 .text.Int_Timer_Led_GetPriority
                0x00007f30       0x2c .\CortexM0\ARM_GCC_493\Debug\start_v11.a(Int_Timer_Led.o)
                0x00007f30                Int_Timer_Led_GetPriority
 .text.Int_Timer_Led_Enable
                0x00007f5c       0x14 .\CortexM0\ARM_GCC_493\Debug\start_v11.a(Int_Timer_Led.o)
                0x00007f5c                Int_Timer_Led_Enable
 .text.Int_Timer_Led_GetState
                0x00007f70       0x20 .\CortexM0\ARM_GCC_493\Debug\start_v11.a(Int_Timer_Led.o)
                0x00007f70                Int_Timer_Led_GetState
 .text.Int_Timer_Led_Disable
                0x00007f90       0x14 .\CortexM0\ARM_GCC_493\Debug\start_v11.a(Int_Timer_Led.o)
                0x00007f90                Int_Timer_Led_Disable
 .text.Int_Timer_Led_SetPending
                0x00007fa4       0x14 .\CortexM0\ARM_GCC_493\Debug\start_v11.a(Int_Timer_Led.o)
                0x00007fa4                Int_Timer_Led_SetPending
 .text.Int_Timer_Led_ClearPending
                0x00007fb8       0x14 .\CortexM0\ARM_GCC_493\Debug\start_v11.a(Int_Timer_Led.o)
                0x00007fb8                Int_Timer_Led_ClearPending
 .text          0x00007fcc        0x0 .\CortexM0\ARM_GCC_493\Debug\start_v11.a(UART_XB.o)
 .text.UART_XB_Init
                0x00007fcc        0xc .\CortexM0\ARM_GCC_493\Debug\start_v11.a(UART_XB.o)
                0x00007fcc                UART_XB_Init
 .text.UART_XB_Enable
                0x00007fd8       0x24 .\CortexM0\ARM_GCC_493\Debug\start_v11.a(UART_XB.o)
                0x00007fd8                UART_XB_Enable
 .text.UART_XB_Start
                0x00007ffc       0x24 .\CortexM0\ARM_GCC_493\Debug\start_v11.a(UART_XB.o)
                0x00007ffc                UART_XB_Start
 .text.UART_XB_Stop
                0x00008020       0x34 .\CortexM0\ARM_GCC_493\Debug\start_v11.a(UART_XB.o)
                0x00008020                UART_XB_Stop
 .text.UART_XB_SetRxFifoLevel
                0x00008054       0x34 .\CortexM0\ARM_GCC_493\Debug\start_v11.a(UART_XB.o)
                0x00008054                UART_XB_SetRxFifoLevel
 .text.UART_XB_SetTxFifoLevel
                0x00008088       0x34 .\CortexM0\ARM_GCC_493\Debug\start_v11.a(UART_XB.o)
                0x00008088                UART_XB_SetTxFifoLevel
 .text.UART_XB_SetCustomInterruptHandler
                0x000080bc       0x18 .\CortexM0\ARM_GCC_493\Debug\start_v11.a(UART_XB.o)
                0x000080bc                UART_XB_SetCustomInterruptHandler
 .text.UART_XB_ScbEnableIntr
                0x000080d4       0x10 .\CortexM0\ARM_GCC_493\Debug\start_v11.a(UART_XB.o)
 .text.UART_XB_ScbModePostEnable
                0x000080e4        0xc .\CortexM0\ARM_GCC_493\Debug\start_v11.a(UART_XB.o)
 .text.UART_XB_ScbModeStop
                0x000080f0        0xc .\CortexM0\ARM_GCC_493\Debug\start_v11.a(UART_XB.o)
 .text          0x000080fc        0x0 .\CortexM0\ARM_GCC_493\Debug\start_v11.a(UART_XB_SPI_UART.o)
 .text.UART_XB_SpiUartReadRxData
                0x000080fc       0x50 .\CortexM0\ARM_GCC_493\Debug\start_v11.a(UART_XB_SPI_UART.o)
                0x000080fc                UART_XB_SpiUartReadRxData
 .text.UART_XB_SpiUartGetRxBufferSize
                0x0000814c       0x40 .\CortexM0\ARM_GCC_493\Debug\start_v11.a(UART_XB_SPI_UART.o)
                0x0000814c                UART_XB_SpiUartGetRxBufferSize
 .text.UART_XB_SpiUartClearRxBuffer
                0x0000818c       0x60 .\CortexM0\ARM_GCC_493\Debug\start_v11.a(UART_XB_SPI_UART.o)
                0x0000818c                UART_XB_SpiUartClearRxBuffer
 .text.UART_XB_SpiUartWriteTxData
                0x000081ec       0x98 .\CortexM0\ARM_GCC_493\Debug\start_v11.a(UART_XB_SPI_UART.o)
                0x000081ec                UART_XB_SpiUartWriteTxData
 .text.UART_XB_SpiUartPutArray
                0x00008284       0x34 .\CortexM0\ARM_GCC_493\Debug\start_v11.a(UART_XB_SPI_UART.o)
                0x00008284                UART_XB_SpiUartPutArray
 .text.UART_XB_SpiUartGetTxBufferSize
                0x000082b8       0x40 .\CortexM0\ARM_GCC_493\Debug\start_v11.a(UART_XB_SPI_UART.o)
                0x000082b8                UART_XB_SpiUartGetTxBufferSize
 .text.UART_XB_SpiUartClearTxBuffer
                0x000082f8       0x64 .\CortexM0\ARM_GCC_493\Debug\start_v11.a(UART_XB_SPI_UART.o)
                0x000082f8                UART_XB_SpiUartClearTxBuffer
 .text.UART_XB_SpiUartDisableIntRx
                0x0000835c       0x20 .\CortexM0\ARM_GCC_493\Debug\start_v11.a(UART_XB_SPI_UART.o)
                0x0000835c                UART_XB_SpiUartDisableIntRx
 .text.UART_XB_SpiUartDisableIntTx
                0x0000837c       0x20 .\CortexM0\ARM_GCC_493\Debug\start_v11.a(UART_XB_SPI_UART.o)
                0x0000837c                UART_XB_SpiUartDisableIntTx
 .text          0x0000839c        0x0 .\CortexM0\ARM_GCC_493\Debug\start_v11.a(UART_XB_UART.o)
 .text.UART_XB_UartInit
                0x0000839c      0x10c .\CortexM0\ARM_GCC_493\Debug\start_v11.a(UART_XB_UART.o)
                0x0000839c                UART_XB_UartInit
 .text.UART_XB_UartPostEnable
                0x000084a8       0x34 .\CortexM0\ARM_GCC_493\Debug\start_v11.a(UART_XB_UART.o)
                0x000084a8                UART_XB_UartPostEnable
 .text.UART_XB_UartStop
                0x000084dc       0x38 .\CortexM0\ARM_GCC_493\Debug\start_v11.a(UART_XB_UART.o)
                0x000084dc                UART_XB_UartStop
 .text.UART_XB_UartSetRxAddress
                0x00008514       0x34 .\CortexM0\ARM_GCC_493\Debug\start_v11.a(UART_XB_UART.o)
                0x00008514                UART_XB_UartSetRxAddress
 .text.UART_XB_UartSetRxAddressMask
                0x00008548       0x34 .\CortexM0\ARM_GCC_493\Debug\start_v11.a(UART_XB_UART.o)
                0x00008548                UART_XB_UartSetRxAddressMask
 .text.UART_XB_UartGetChar
                0x0000857c       0x40 .\CortexM0\ARM_GCC_493\Debug\start_v11.a(UART_XB_UART.o)
                0x0000857c                UART_XB_UartGetChar
 .text.UART_XB_UartGetByte
                0x000085bc       0x68 .\CortexM0\ARM_GCC_493\Debug\start_v11.a(UART_XB_UART.o)
                0x000085bc                UART_XB_UartGetByte
 .text.UART_XB_UartSetRtsPolarity
                0x00008624       0x38 .\CortexM0\ARM_GCC_493\Debug\start_v11.a(UART_XB_UART.o)
                0x00008624                UART_XB_UartSetRtsPolarity
 .text.UART_XB_UartSetRtsFifoLevel
                0x0000865c       0x34 .\CortexM0\ARM_GCC_493\Debug\start_v11.a(UART_XB_UART.o)
                0x0000865c                UART_XB_UartSetRtsFifoLevel
 .text.UART_XB_UartPutString
                0x00008690       0x34 .\CortexM0\ARM_GCC_493\Debug\start_v11.a(UART_XB_UART.o)
                0x00008690                UART_XB_UartPutString
 .text.UART_XB_UartPutCRLF
                0x000086c4       0x24 .\CortexM0\ARM_GCC_493\Debug\start_v11.a(UART_XB_UART.o)
                0x000086c4                UART_XB_UartPutCRLF
 .text.UART_XB_UartEnableCts
                0x000086e8       0x1c .\CortexM0\ARM_GCC_493\Debug\start_v11.a(UART_XB_UART.o)
                0x000086e8                UART_XB_UartEnableCts
 .text.UART_XB_UartDisableCts
                0x00008704       0x1c .\CortexM0\ARM_GCC_493\Debug\start_v11.a(UART_XB_UART.o)
                0x00008704                UART_XB_UartDisableCts
 .text.UART_XB_UartSetCtsPolarity
                0x00008720       0x38 .\CortexM0\ARM_GCC_493\Debug\start_v11.a(UART_XB_UART.o)
                0x00008720                UART_XB_UartSetCtsPolarity
 .text          0x00008758        0x0 .\CortexM0\ARM_GCC_493\Debug\start_v11.a(SwSPI_Master.o)
 .text.SwSPI_Master_Init
                0x00008758       0x34 .\CortexM0\ARM_GCC_493\Debug\start_v11.a(SwSPI_Master.o)
                0x00008758                SwSPI_Master_Init
 .text.SwSPI_Master_ChipSelect
                0x0000878c        0x8 .\CortexM0\ARM_GCC_493\Debug\start_v11.a(SwSPI_Master.o)
                0x0000878c                SwSPI_Master_ChipSelect
 .text.SwSPI_Master_ChipDeselect
                0x00008794        0x8 .\CortexM0\ARM_GCC_493\Debug\start_v11.a(SwSPI_Master.o)
                0x00008794                SwSPI_Master_ChipDeselect
 .text.SwSPI_Master_SendByte
                0x0000879c       0x98 .\CortexM0\ARM_GCC_493\Debug\start_v11.a(SwSPI_Master.o)
                0x0000879c                SwSPI_Master_SendByte
 .text.SwSPI_Master_SendBuff
                0x00008834       0x4c .\CortexM0\ARM_GCC_493\Debug\start_v11.a(SwSPI_Master.o)
                0x00008834                SwSPI_Master_SendBuff
 .text.SwSPI_Master_RecvByte
                0x00008880       0x98 .\CortexM0\ARM_GCC_493\Debug\start_v11.a(SwSPI_Master.o)
                0x00008880                SwSPI_Master_RecvByte
 .text.SwSPI_Master_RecvBuff
                0x00008918       0x4c .\CortexM0\ARM_GCC_493\Debug\start_v11.a(SwSPI_Master.o)
                0x00008918                SwSPI_Master_RecvBuff
 .text.SwSPI_Master_ReadAndWriteByte
                0x00008964       0xc8 .\CortexM0\ARM_GCC_493\Debug\start_v11.a(SwSPI_Master.o)
                0x00008964                SwSPI_Master_ReadAndWriteByte
 .text          0x00008a2c        0x0 .\CortexM0\ARM_GCC_493\Debug\start_v11.a(GATE_INT.o)
 .text.GATE_INT_Start
                0x00008a2c       0x24 .\CortexM0\ARM_GCC_493\Debug\start_v11.a(GATE_INT.o)
                0x00008a2c                GATE_INT_Start
 .text.GATE_INT_StartEx
                0x00008a50       0x24 .\CortexM0\ARM_GCC_493\Debug\start_v11.a(GATE_INT.o)
                0x00008a50                GATE_INT_StartEx
 .text.GATE_INT_Stop
                0x00008a74       0x18 .\CortexM0\ARM_GCC_493\Debug\start_v11.a(GATE_INT.o)
                0x00008a74                GATE_INT_Stop
 .text.GATE_INT_Interrupt
                0x00008a8c        0x8 .\CortexM0\ARM_GCC_493\Debug\start_v11.a(GATE_INT.o)
                0x00008a8c                GATE_INT_Interrupt
 .text.GATE_INT_SetVector
                0x00008a94       0x18 .\CortexM0\ARM_GCC_493\Debug\start_v11.a(GATE_INT.o)
                0x00008a94                GATE_INT_SetVector
 .text.GATE_INT_GetVector
                0x00008aac       0x14 .\CortexM0\ARM_GCC_493\Debug\start_v11.a(GATE_INT.o)
                0x00008aac                GATE_INT_GetVector
 .text.GATE_INT_SetPriority
                0x00008ac0       0x4c .\CortexM0\ARM_GCC_493\Debug\start_v11.a(GATE_INT.o)
                0x00008ac0                GATE_INT_SetPriority
 .text.GATE_INT_GetPriority
                0x00008b0c       0x2c .\CortexM0\ARM_GCC_493\Debug\start_v11.a(GATE_INT.o)
                0x00008b0c                GATE_INT_GetPriority
 .text.GATE_INT_Enable
                0x00008b38       0x14 .\CortexM0\ARM_GCC_493\Debug\start_v11.a(GATE_INT.o)
                0x00008b38                GATE_INT_Enable
 .text.GATE_INT_GetState
                0x00008b4c       0x20 .\CortexM0\ARM_GCC_493\Debug\start_v11.a(GATE_INT.o)
                0x00008b4c                GATE_INT_GetState
 .text.GATE_INT_Disable
                0x00008b6c       0x14 .\CortexM0\ARM_GCC_493\Debug\start_v11.a(GATE_INT.o)
                0x00008b6c                GATE_INT_Disable
 .text.GATE_INT_SetPending
                0x00008b80       0x14 .\CortexM0\ARM_GCC_493\Debug\start_v11.a(GATE_INT.o)
                0x00008b80                GATE_INT_SetPending
 .text.GATE_INT_ClearPending
                0x00008b94       0x14 .\CortexM0\ARM_GCC_493\Debug\start_v11.a(GATE_INT.o)
                0x00008b94                GATE_INT_ClearPending
 .text          0x00008ba8        0x0 .\CortexM0\ARM_GCC_493\Debug\start_v11.a(debug.o)
 .text.debug_SetDriveMode
                0x00008ba8       0x2c .\CortexM0\ARM_GCC_493\Debug\start_v11.a(debug.o)
                0x00008ba8                debug_SetDriveMode
 .text.debug_Write
                0x00008bd4       0x48 .\CortexM0\ARM_GCC_493\Debug\start_v11.a(debug.o)
                0x00008bd4                debug_Write
 .text.debug_Read
                0x00008c1c       0x1c .\CortexM0\ARM_GCC_493\Debug\start_v11.a(debug.o)
                0x00008c1c                debug_Read
 .text.debug_ReadDataReg
                0x00008c38       0x1c .\CortexM0\ARM_GCC_493\Debug\start_v11.a(debug.o)
                0x00008c38                debug_ReadDataReg
 .text.debug_SetInterruptMode
                0x00008c54       0x40 .\CortexM0\ARM_GCC_493\Debug\start_v11.a(debug.o)
                0x00008c54                debug_SetInterruptMode
 .text.debug_ClearInterrupt
                0x00008c94       0x2c .\CortexM0\ARM_GCC_493\Debug\start_v11.a(debug.o)
                0x00008c94                debug_ClearInterrupt
 .text          0x00008cc0        0x0 .\CortexM0\ARM_GCC_493\Debug\start_v11.a(ADC.o)
 .text.ADC_Start
                0x00008cc0       0x24 .\CortexM0\ARM_GCC_493\Debug\start_v11.a(ADC.o)
                0x00008cc0                ADC_Start
 .text.ADC_Init
                0x00008ce4      0x1d0 .\CortexM0\ARM_GCC_493\Debug\start_v11.a(ADC.o)
                0x00008ce4                ADC_Init
 .text.ADC_Enable
                0x00008eb4       0x38 .\CortexM0\ARM_GCC_493\Debug\start_v11.a(ADC.o)
                0x00008eb4                ADC_Enable
 .text.ADC_Stop
                0x00008eec       0x18 .\CortexM0\ARM_GCC_493\Debug\start_v11.a(ADC.o)
                0x00008eec                ADC_Stop
 .text.ADC_StartConvert
                0x00008f04       0x1c .\CortexM0\ARM_GCC_493\Debug\start_v11.a(ADC.o)
                0x00008f04                ADC_StartConvert
 .text.ADC_StopConvert
                0x00008f20       0x1c .\CortexM0\ARM_GCC_493\Debug\start_v11.a(ADC.o)
                0x00008f20                ADC_StopConvert
 .text.ADC_IsEndConversion
                0x00008f3c       0x48 .\CortexM0\ARM_GCC_493\Debug\start_v11.a(ADC.o)
                0x00008f3c                ADC_IsEndConversion
 .text.ADC_GetResult16
                0x00008f84       0x44 .\CortexM0\ARM_GCC_493\Debug\start_v11.a(ADC.o)
                0x00008f84                ADC_GetResult16
 .text.ADC_SetChanMask
                0x00008fc8       0x1c .\CortexM0\ARM_GCC_493\Debug\start_v11.a(ADC.o)
                0x00008fc8                ADC_SetChanMask
 .text.ADC_SetLowLimit
                0x00008fe4       0x30 .\CortexM0\ARM_GCC_493\Debug\start_v11.a(ADC.o)
                0x00008fe4                ADC_SetLowLimit
 .text.ADC_SetHighLimit
                0x00009014       0x2c .\CortexM0\ARM_GCC_493\Debug\start_v11.a(ADC.o)
                0x00009014                ADC_SetHighLimit
 .text.ADC_SetLimitMask
                0x00009040       0x1c .\CortexM0\ARM_GCC_493\Debug\start_v11.a(ADC.o)
                0x00009040                ADC_SetLimitMask
 .text.ADC_SetSatMask
                0x0000905c       0x1c .\CortexM0\ARM_GCC_493\Debug\start_v11.a(ADC.o)
                0x0000905c                ADC_SetSatMask
 .text.ADC_SetOffset
                0x00009078       0x30 .\CortexM0\ARM_GCC_493\Debug\start_v11.a(ADC.o)
                0x00009078                ADC_SetOffset
 .text.ADC_SetGain
                0x000090a8       0x2c .\CortexM0\ARM_GCC_493\Debug\start_v11.a(ADC.o)
                0x000090a8                ADC_SetGain
 .text.ADC_CountsTo_mVolts
                0x000090d4       0xa4 .\CortexM0\ARM_GCC_493\Debug\start_v11.a(ADC.o)
                0x000090d4                ADC_CountsTo_mVolts
 .text.ADC_CountsTo_uVolts
                0x00009178       0x90 .\CortexM0\ARM_GCC_493\Debug\start_v11.a(ADC.o)
                0x00009178                ADC_CountsTo_uVolts
 .text.ADC_CountsTo_Volts
                0x00009208       0x80 .\CortexM0\ARM_GCC_493\Debug\start_v11.a(ADC.o)
                0x00009208                ADC_CountsTo_Volts
 .text          0x00009288        0x0 .\CortexM0\ARM_GCC_493\Debug\start_v11.a(ADC_INT.o)
 .text.ADC_ISR  0x00009288       0x1c .\CortexM0\ARM_GCC_493\Debug\start_v11.a(ADC_INT.o)
                0x00009288                ADC_ISR
 .text          0x000092a4        0x0 .\CortexM0\ARM_GCC_493\Debug\start_v11.a(CE.o)
 .text.CE_SetDriveMode
                0x000092a4       0x30 .\CortexM0\ARM_GCC_493\Debug\start_v11.a(CE.o)
                0x000092a4                CE_SetDriveMode
 .text.CE_Write
                0x000092d4       0x4c .\CortexM0\ARM_GCC_493\Debug\start_v11.a(CE.o)
                0x000092d4                CE_Write
 .text.CE_Read  0x00009320       0x1c .\CortexM0\ARM_GCC_493\Debug\start_v11.a(CE.o)
                0x00009320                CE_Read
 .text.CE_ReadDataReg
                0x0000933c       0x1c .\CortexM0\ARM_GCC_493\Debug\start_v11.a(CE.o)
                0x0000933c                CE_ReadDataReg
 .text.CE_SetInterruptMode
                0x00009358       0x40 .\CortexM0\ARM_GCC_493\Debug\start_v11.a(CE.o)
                0x00009358                CE_SetInterruptMode
 .text.CE_ClearInterrupt
                0x00009398       0x30 .\CortexM0\ARM_GCC_493\Debug\start_v11.a(CE.o)
                0x00009398                CE_ClearInterrupt
 .text          0x000093c8        0x0 .\CortexM0\ARM_GCC_493\Debug\start_v11.a(RST.o)
 .text.RST_SetDriveMode
                0x000093c8       0x30 .\CortexM0\ARM_GCC_493\Debug\start_v11.a(RST.o)
                0x000093c8                RST_SetDriveMode
 .text.RST_Write
                0x000093f8       0x4c .\CortexM0\ARM_GCC_493\Debug\start_v11.a(RST.o)
                0x000093f8                RST_Write
 .text.RST_Read
                0x00009444       0x1c .\CortexM0\ARM_GCC_493\Debug\start_v11.a(RST.o)
                0x00009444                RST_Read
 .text.RST_ReadDataReg
                0x00009460       0x1c .\CortexM0\ARM_GCC_493\Debug\start_v11.a(RST.o)
                0x00009460                RST_ReadDataReg
 .text.RST_SetInterruptMode
                0x0000947c       0x40 .\CortexM0\ARM_GCC_493\Debug\start_v11.a(RST.o)
                0x0000947c                RST_SetInterruptMode
 .text.RST_ClearInterrupt
                0x000094bc       0x30 .\CortexM0\ARM_GCC_493\Debug\start_v11.a(RST.o)
                0x000094bc                RST_ClearInterrupt
 .text          0x000094ec        0x0 .\CortexM0\ARM_GCC_493\Debug\start_v11.a(DC.o)
 .text.DC_SetDriveMode
                0x000094ec       0x30 .\CortexM0\ARM_GCC_493\Debug\start_v11.a(DC.o)
                0x000094ec                DC_SetDriveMode
 .text.DC_Write
                0x0000951c       0x4c .\CortexM0\ARM_GCC_493\Debug\start_v11.a(DC.o)
                0x0000951c                DC_Write
 .text.DC_Read  0x00009568       0x1c .\CortexM0\ARM_GCC_493\Debug\start_v11.a(DC.o)
                0x00009568                DC_Read
 .text.DC_ReadDataReg
                0x00009584       0x1c .\CortexM0\ARM_GCC_493\Debug\start_v11.a(DC.o)
                0x00009584                DC_ReadDataReg
 .text.DC_SetInterruptMode
                0x000095a0       0x40 .\CortexM0\ARM_GCC_493\Debug\start_v11.a(DC.o)
                0x000095a0                DC_SetInterruptMode
 .text.DC_ClearInterrupt
                0x000095e0       0x30 .\CortexM0\ARM_GCC_493\Debug\start_v11.a(DC.o)
                0x000095e0                DC_ClearInterrupt
 .text          0x00009610        0x0 .\CortexM0\ARM_GCC_493\Debug\start_v11.a(LCD_BL.o)
 .text.LCD_BL_SetDriveMode
                0x00009610       0x30 .\CortexM0\ARM_GCC_493\Debug\start_v11.a(LCD_BL.o)
                0x00009610                LCD_BL_SetDriveMode
 .text.LCD_BL_Write
                0x00009640       0x4c .\CortexM0\ARM_GCC_493\Debug\start_v11.a(LCD_BL.o)
                0x00009640                LCD_BL_Write
 .text.LCD_BL_Read
                0x0000968c       0x1c .\CortexM0\ARM_GCC_493\Debug\start_v11.a(LCD_BL.o)
                0x0000968c                LCD_BL_Read
 .text.LCD_BL_ReadDataReg
                0x000096a8       0x1c .\CortexM0\ARM_GCC_493\Debug\start_v11.a(LCD_BL.o)
                0x000096a8                LCD_BL_ReadDataReg
 .text.LCD_BL_SetInterruptMode
                0x000096c4       0x40 .\CortexM0\ARM_GCC_493\Debug\start_v11.a(LCD_BL.o)
                0x000096c4                LCD_BL_SetInterruptMode
 .text.LCD_BL_ClearInterrupt
                0x00009704       0x30 .\CortexM0\ARM_GCC_493\Debug\start_v11.a(LCD_BL.o)
                0x00009704                LCD_BL_ClearInterrupt
 .text          0x00009734        0x0 .\CortexM0\ARM_GCC_493\Debug\start_v11.a(TimerTestMode.o)
 .text.TimerTestMode_Init
                0x00009734       0x44 .\CortexM0\ARM_GCC_493\Debug\start_v11.a(TimerTestMode.o)
                0x00009734                TimerTestMode_Init
 .text.TimerTestMode_Enable
                0x00009778       0x38 .\CortexM0\ARM_GCC_493\Debug\start_v11.a(TimerTestMode.o)
                0x00009778                TimerTestMode_Enable
 .text.TimerTestMode_Start
                0x000097b0       0x24 .\CortexM0\ARM_GCC_493\Debug\start_v11.a(TimerTestMode.o)
                0x000097b0                TimerTestMode_Start
 .text.TimerTestMode_Stop
                0x000097d4       0x30 .\CortexM0\ARM_GCC_493\Debug\start_v11.a(TimerTestMode.o)
                0x000097d4                TimerTestMode_Stop
 .text.TimerTestMode_SetMode
                0x00009804       0x48 .\CortexM0\ARM_GCC_493\Debug\start_v11.a(TimerTestMode.o)
                0x00009804                TimerTestMode_SetMode
 .text.TimerTestMode_SetQDMode
                0x0000984c       0x48 .\CortexM0\ARM_GCC_493\Debug\start_v11.a(TimerTestMode.o)
                0x0000984c                TimerTestMode_SetQDMode
 .text.TimerTestMode_SetPrescaler
                0x00009894       0x48 .\CortexM0\ARM_GCC_493\Debug\start_v11.a(TimerTestMode.o)
                0x00009894                TimerTestMode_SetPrescaler
 .text.TimerTestMode_SetOneShot
                0x000098dc       0x4c .\CortexM0\ARM_GCC_493\Debug\start_v11.a(TimerTestMode.o)
                0x000098dc                TimerTestMode_SetOneShot
 .text.TimerTestMode_SetPWMMode
                0x00009928       0x1c .\CortexM0\ARM_GCC_493\Debug\start_v11.a(TimerTestMode.o)
                0x00009928                TimerTestMode_SetPWMMode
 .text.TimerTestMode_SetPWMSyncKill
                0x00009944       0x48 .\CortexM0\ARM_GCC_493\Debug\start_v11.a(TimerTestMode.o)
                0x00009944                TimerTestMode_SetPWMSyncKill
 .text.TimerTestMode_SetPWMStopOnKill
                0x0000998c       0x48 .\CortexM0\ARM_GCC_493\Debug\start_v11.a(TimerTestMode.o)
                0x0000998c                TimerTestMode_SetPWMStopOnKill
 .text.TimerTestMode_SetPWMDeadTime
                0x000099d4       0x4c .\CortexM0\ARM_GCC_493\Debug\start_v11.a(TimerTestMode.o)
                0x000099d4                TimerTestMode_SetPWMDeadTime
 .text.TimerTestMode_SetPWMInvert
                0x00009a20       0x48 .\CortexM0\ARM_GCC_493\Debug\start_v11.a(TimerTestMode.o)
                0x00009a20                TimerTestMode_SetPWMInvert
 .text.TimerTestMode_WriteCounter
                0x00009a68       0x1c .\CortexM0\ARM_GCC_493\Debug\start_v11.a(TimerTestMode.o)
                0x00009a68                TimerTestMode_WriteCounter
 .text.TimerTestMode_ReadCounter
                0x00009a84       0x18 .\CortexM0\ARM_GCC_493\Debug\start_v11.a(TimerTestMode.o)
                0x00009a84                TimerTestMode_ReadCounter
 .text.TimerTestMode_SetCounterMode
                0x00009a9c       0x48 .\CortexM0\ARM_GCC_493\Debug\start_v11.a(TimerTestMode.o)
                0x00009a9c                TimerTestMode_SetCounterMode
 .text.TimerTestMode_WritePeriod
                0x00009ae4       0x1c .\CortexM0\ARM_GCC_493\Debug\start_v11.a(TimerTestMode.o)
                0x00009ae4                TimerTestMode_WritePeriod
 .text.TimerTestMode_ReadPeriod
                0x00009b00       0x18 .\CortexM0\ARM_GCC_493\Debug\start_v11.a(TimerTestMode.o)
                0x00009b00                TimerTestMode_ReadPeriod
 .text.TimerTestMode_SetCompareSwap
                0x00009b18       0x48 .\CortexM0\ARM_GCC_493\Debug\start_v11.a(TimerTestMode.o)
                0x00009b18                TimerTestMode_SetCompareSwap
 .text.TimerTestMode_WritePeriodBuf
                0x00009b60       0x1c .\CortexM0\ARM_GCC_493\Debug\start_v11.a(TimerTestMode.o)
                0x00009b60                TimerTestMode_WritePeriodBuf
 .text.TimerTestMode_ReadPeriodBuf
                0x00009b7c       0x18 .\CortexM0\ARM_GCC_493\Debug\start_v11.a(TimerTestMode.o)
                0x00009b7c                TimerTestMode_ReadPeriodBuf
 .text.TimerTestMode_SetPeriodSwap
                0x00009b94       0x48 .\CortexM0\ARM_GCC_493\Debug\start_v11.a(TimerTestMode.o)
                0x00009b94                TimerTestMode_SetPeriodSwap
 .text.TimerTestMode_WriteCompare
                0x00009bdc       0x1c .\CortexM0\ARM_GCC_493\Debug\start_v11.a(TimerTestMode.o)
                0x00009bdc                TimerTestMode_WriteCompare
 .text.TimerTestMode_ReadCompare
                0x00009bf8       0x18 .\CortexM0\ARM_GCC_493\Debug\start_v11.a(TimerTestMode.o)
                0x00009bf8                TimerTestMode_ReadCompare
 .text.TimerTestMode_WriteCompareBuf
                0x00009c10       0x1c .\CortexM0\ARM_GCC_493\Debug\start_v11.a(TimerTestMode.o)
                0x00009c10                TimerTestMode_WriteCompareBuf
 .text.TimerTestMode_ReadCompareBuf
                0x00009c2c       0x18 .\CortexM0\ARM_GCC_493\Debug\start_v11.a(TimerTestMode.o)
                0x00009c2c                TimerTestMode_ReadCompareBuf
 .text.TimerTestMode_ReadCapture
                0x00009c44       0x18 .\CortexM0\ARM_GCC_493\Debug\start_v11.a(TimerTestMode.o)
                0x00009c44                TimerTestMode_ReadCapture
 .text.TimerTestMode_ReadCaptureBuf
                0x00009c5c       0x18 .\CortexM0\ARM_GCC_493\Debug\start_v11.a(TimerTestMode.o)
                0x00009c5c                TimerTestMode_ReadCaptureBuf
 .text.TimerTestMode_SetCaptureMode
                0x00009c74       0x44 .\CortexM0\ARM_GCC_493\Debug\start_v11.a(TimerTestMode.o)
                0x00009c74                TimerTestMode_SetCaptureMode
 .text.TimerTestMode_SetReloadMode
                0x00009cb8       0x44 .\CortexM0\ARM_GCC_493\Debug\start_v11.a(TimerTestMode.o)
                0x00009cb8                TimerTestMode_SetReloadMode
 .text.TimerTestMode_SetStartMode
                0x00009cfc       0x48 .\CortexM0\ARM_GCC_493\Debug\start_v11.a(TimerTestMode.o)
                0x00009cfc                TimerTestMode_SetStartMode
 .text.TimerTestMode_SetStopMode
                0x00009d44       0x44 .\CortexM0\ARM_GCC_493\Debug\start_v11.a(TimerTestMode.o)
                0x00009d44                TimerTestMode_SetStopMode
 .text.TimerTestMode_SetCountMode
                0x00009d88       0x44 .\CortexM0\ARM_GCC_493\Debug\start_v11.a(TimerTestMode.o)
                0x00009d88                TimerTestMode_SetCountMode
 .text.TimerTestMode_TriggerCommand
                0x00009dcc       0x38 .\CortexM0\ARM_GCC_493\Debug\start_v11.a(TimerTestMode.o)
                0x00009dcc                TimerTestMode_TriggerCommand
 .text.TimerTestMode_ReadStatus
                0x00009e04       0x20 .\CortexM0\ARM_GCC_493\Debug\start_v11.a(TimerTestMode.o)
                0x00009e04                TimerTestMode_ReadStatus
 .text.TimerTestMode_SetInterruptMode
                0x00009e24       0x18 .\CortexM0\ARM_GCC_493\Debug\start_v11.a(TimerTestMode.o)
                0x00009e24                TimerTestMode_SetInterruptMode
 .text.TimerTestMode_GetInterruptSourceMasked
                0x00009e3c       0x14 .\CortexM0\ARM_GCC_493\Debug\start_v11.a(TimerTestMode.o)
                0x00009e3c                TimerTestMode_GetInterruptSourceMasked
 .text.TimerTestMode_GetInterruptSource
                0x00009e50       0x14 .\CortexM0\ARM_GCC_493\Debug\start_v11.a(TimerTestMode.o)
                0x00009e50                TimerTestMode_GetInterruptSource
 .text.TimerTestMode_ClearInterrupt
                0x00009e64       0x18 .\CortexM0\ARM_GCC_493\Debug\start_v11.a(TimerTestMode.o)
                0x00009e64                TimerTestMode_ClearInterrupt
 .text.TimerTestMode_SetInterrupt
                0x00009e7c       0x18 .\CortexM0\ARM_GCC_493\Debug\start_v11.a(TimerTestMode.o)
                0x00009e7c                TimerTestMode_SetInterrupt
 .text          0x00009e94        0x0 .\CortexM0\ARM_GCC_493\Debug\start_v11.a(Int_timerTestMode.o)
 .text.Int_timerTestMode_Start
                0x00009e94       0x24 .\CortexM0\ARM_GCC_493\Debug\start_v11.a(Int_timerTestMode.o)
                0x00009e94                Int_timerTestMode_Start
 .text.Int_timerTestMode_StartEx
                0x00009eb8       0x24 .\CortexM0\ARM_GCC_493\Debug\start_v11.a(Int_timerTestMode.o)
                0x00009eb8                Int_timerTestMode_StartEx
 .text.Int_timerTestMode_Stop
                0x00009edc       0x18 .\CortexM0\ARM_GCC_493\Debug\start_v11.a(Int_timerTestMode.o)
                0x00009edc                Int_timerTestMode_Stop
 .text.Int_timerTestMode_Interrupt
                0x00009ef4        0x8 .\CortexM0\ARM_GCC_493\Debug\start_v11.a(Int_timerTestMode.o)
                0x00009ef4                Int_timerTestMode_Interrupt
 .text.Int_timerTestMode_SetVector
                0x00009efc       0x1c .\CortexM0\ARM_GCC_493\Debug\start_v11.a(Int_timerTestMode.o)
                0x00009efc                Int_timerTestMode_SetVector
 .text.Int_timerTestMode_GetVector
                0x00009f18       0x14 .\CortexM0\ARM_GCC_493\Debug\start_v11.a(Int_timerTestMode.o)
                0x00009f18                Int_timerTestMode_GetVector
 .text.Int_timerTestMode_SetPriority
                0x00009f2c       0x4c .\CortexM0\ARM_GCC_493\Debug\start_v11.a(Int_timerTestMode.o)
                0x00009f2c                Int_timerTestMode_SetPriority
 .text.Int_timerTestMode_GetPriority
                0x00009f78       0x2c .\CortexM0\ARM_GCC_493\Debug\start_v11.a(Int_timerTestMode.o)
                0x00009f78                Int_timerTestMode_GetPriority
 .text.Int_timerTestMode_Enable
                0x00009fa4       0x14 .\CortexM0\ARM_GCC_493\Debug\start_v11.a(Int_timerTestMode.o)
                0x00009fa4                Int_timerTestMode_Enable
 .text.Int_timerTestMode_GetState
                0x00009fb8       0x20 .\CortexM0\ARM_GCC_493\Debug\start_v11.a(Int_timerTestMode.o)
                0x00009fb8                Int_timerTestMode_GetState
 .text.Int_timerTestMode_Disable
                0x00009fd8       0x14 .\CortexM0\ARM_GCC_493\Debug\start_v11.a(Int_timerTestMode.o)
                0x00009fd8                Int_timerTestMode_Disable
 .text.Int_timerTestMode_SetPending
                0x00009fec       0x14 .\CortexM0\ARM_GCC_493\Debug\start_v11.a(Int_timerTestMode.o)
                0x00009fec                Int_timerTestMode_SetPending
 .text.Int_timerTestMode_ClearPending
                0x0000a000       0x14 .\CortexM0\ARM_GCC_493\Debug\start_v11.a(Int_timerTestMode.o)
                0x0000a000                Int_timerTestMode_ClearPending
 .text          0x0000a014        0x0 .\CortexM0\ARM_GCC_493\Debug\start_v11.a(Pin_testMode.o)
 .text.Pin_testMode_SetDriveMode
                0x0000a014       0x30 .\CortexM0\ARM_GCC_493\Debug\start_v11.a(Pin_testMode.o)
                0x0000a014                Pin_testMode_SetDriveMode
 .text.Pin_testMode_Write
                0x0000a044       0x48 .\CortexM0\ARM_GCC_493\Debug\start_v11.a(Pin_testMode.o)
                0x0000a044                Pin_testMode_Write
 .text.Pin_testMode_Read
                0x0000a08c       0x1c .\CortexM0\ARM_GCC_493\Debug\start_v11.a(Pin_testMode.o)
                0x0000a08c                Pin_testMode_Read
 .text.Pin_testMode_ReadDataReg
                0x0000a0a8       0x1c .\CortexM0\ARM_GCC_493\Debug\start_v11.a(Pin_testMode.o)
                0x0000a0a8                Pin_testMode_ReadDataReg
 .text.Pin_testMode_SetInterruptMode
                0x0000a0c4       0x40 .\CortexM0\ARM_GCC_493\Debug\start_v11.a(Pin_testMode.o)
                0x0000a0c4                Pin_testMode_SetInterruptMode
 .text.Pin_testMode_ClearInterrupt
                0x0000a104       0x30 .\CortexM0\ARM_GCC_493\Debug\start_v11.a(Pin_testMode.o)
                0x0000a104                Pin_testMode_ClearInterrupt
 .text          0x0000a134        0x0 .\CortexM0\ARM_GCC_493\Debug\start_v11.a(SW_RunTestMode.o)
 .text.SW_RunTestMode_SetDriveMode
                0x0000a134       0x30 .\CortexM0\ARM_GCC_493\Debug\start_v11.a(SW_RunTestMode.o)
                0x0000a134                SW_RunTestMode_SetDriveMode
 .text.SW_RunTestMode_Write
                0x0000a164       0x4c .\CortexM0\ARM_GCC_493\Debug\start_v11.a(SW_RunTestMode.o)
                0x0000a164                SW_RunTestMode_Write
 .text.SW_RunTestMode_Read
                0x0000a1b0       0x1c .\CortexM0\ARM_GCC_493\Debug\start_v11.a(SW_RunTestMode.o)
                0x0000a1b0                SW_RunTestMode_Read
 .text.SW_RunTestMode_ReadDataReg
                0x0000a1cc       0x1c .\CortexM0\ARM_GCC_493\Debug\start_v11.a(SW_RunTestMode.o)
                0x0000a1cc                SW_RunTestMode_ReadDataReg
 .text.SW_RunTestMode_SetInterruptMode
                0x0000a1e8       0x40 .\CortexM0\ARM_GCC_493\Debug\start_v11.a(SW_RunTestMode.o)
                0x0000a1e8                SW_RunTestMode_SetInterruptMode
 .text.SW_RunTestMode_ClearInterrupt
                0x0000a228       0x30 .\CortexM0\ARM_GCC_493\Debug\start_v11.a(SW_RunTestMode.o)
                0x0000a228                SW_RunTestMode_ClearInterrupt
 .text          0x0000a258        0x0 .\CortexM0\ARM_GCC_493\Debug\start_v11.a(LED_RED_PIN.o)
 .text.LED_RED_PIN_SetDriveMode
                0x0000a258       0x30 .\CortexM0\ARM_GCC_493\Debug\start_v11.a(LED_RED_PIN.o)
                0x0000a258                LED_RED_PIN_SetDriveMode
 .text.LED_RED_PIN_Write
                0x0000a288       0x4c .\CortexM0\ARM_GCC_493\Debug\start_v11.a(LED_RED_PIN.o)
                0x0000a288                LED_RED_PIN_Write
 .text.LED_RED_PIN_Read
                0x0000a2d4       0x1c .\CortexM0\ARM_GCC_493\Debug\start_v11.a(LED_RED_PIN.o)
                0x0000a2d4                LED_RED_PIN_Read