Archive member included because of file (symbol)

.\CortexM0\ARM_GCC_493\Debug\fin_v0.a(cyfitter_cfg.o)
                              .\CortexM0\ARM_GCC_493\Debug\Cm0Start.o (cyfitter_cfg)
.\CortexM0\ARM_GCC_493\Debug\fin_v0.a(CyBootAsmGnu.o)
                              .\CortexM0\ARM_GCC_493\Debug\fin_v0.a(cyfitter_cfg.o) (CyDelayCycles)
.\CortexM0\ARM_GCC_493\Debug\fin_v0.a(CyLib.o)
                              .\CortexM0\ARM_GCC_493\Debug\fin_v0.a(cyfitter_cfg.o) (CySysClkWriteImoFreq)
.\CortexM0\ARM_GCC_493\Debug\fin_v0.a(CyLFClk.o)
                              .\CortexM0\ARM_GCC_493\Debug\fin_v0.a(cyfitter_cfg.o) (CySysClkWcoStart)
.\CortexM0\ARM_GCC_493\Debug\fin_v0.a(RTC.o)
                              .\CortexM0\ARM_GCC_493\Debug\RTC_WDT.o (RTC_Start)
.\CortexM0\ARM_GCC_493\Debug\fin_v0.a(I2C.o)
                              .\CortexM0\ARM_GCC_493\Debug\DS1307.o (I2C_Start)
.\CortexM0\ARM_GCC_493\Debug\fin_v0.a(I2C_I2C.o)
                              .\CortexM0\ARM_GCC_493\Debug\fin_v0.a(I2C.o) (I2C_I2CInit)
.\CortexM0\ARM_GCC_493\Debug\fin_v0.a(I2C_I2C_MASTER.o)
                              .\CortexM0\ARM_GCC_493\Debug\fin_v0.a(I2C_I2C.o) (I2C_mstrStatus)
.\CortexM0\ARM_GCC_493\Debug\fin_v0.a(LCD.o)
                              .\CortexM0\ARM_GCC_493\Debug\display.o (LCD_Start)
.\CortexM0\ARM_GCC_493\Debug\fin_v0.a(LCD_CustChars.o)
                              .\CortexM0\ARM_GCC_493\Debug\fin_v0.a(LCD.o) (LCD_customFonts)
.\CortexM0\ARM_GCC_493\Debug\fin_v0.a(GatePin.o)
                              .\CortexM0\ARM_GCC_493\Debug\gate.o (GatePin_ClearInterrupt)
.\CortexM0\ARM_GCC_493\Debug\fin_v0.a(Timer_LED.o)
                              .\CortexM0\ARM_GCC_493\Debug\LED.o (Timer_LED_Init)
.\CortexM0\ARM_GCC_493\Debug\fin_v0.a(Int_Timer_Led.o)
                              .\CortexM0\ARM_GCC_493\Debug\LED.o (Int_Timer_Led_StartEx)
.\CortexM0\ARM_GCC_493\Debug\fin_v0.a(LED_PIN.o)
                              .\CortexM0\ARM_GCC_493\Debug\LED.o (LED_PIN_Write)
.\CortexM0\ARM_GCC_493\Debug\fin_v0.a(UART_XB.o)
                              .\CortexM0\ARM_GCC_493\Debug\network.o (UART_XB_Start)
.\CortexM0\ARM_GCC_493\Debug\fin_v0.a(UART_XB_SPI_UART.o)
                              .\CortexM0\ARM_GCC_493\Debug\network.o (UART_XB_SpiUartGetRxBufferSize)
.\CortexM0\ARM_GCC_493\Debug\fin_v0.a(UART_XB_UART.o)
                              .\CortexM0\ARM_GCC_493\Debug\fin_v0.a(UART_XB.o) (UART_XB_UartInit)
.\CortexM0\ARM_GCC_493\Debug\fin_v0.a(SwSPI_Master.o)
                              .\CortexM0\ARM_GCC_493\Debug\sdcard.o (SwSPI_Master_SendBuff)
.\CortexM0\ARM_GCC_493\Debug\fin_v0.a(GATE_INT.o)
                              .\CortexM0\ARM_GCC_493\Debug\gate.o (GATE_INT_Disable)
.\CortexM0\ARM_GCC_493\Debug\fin_v0.a(AppDelay.o)
                              .\CortexM0\ARM_GCC_493\Debug\myDelay.o (AppDelay_WriteCounter)
.\CortexM0\ARM_GCC_493\Debug\fin_v0.a(SW_UART_DEBUG.o)
                              .\CortexM0\ARM_GCC_493\Debug\network.o (SW_UART_DEBUG_PutString)
.\CortexM0\ARM_GCC_493\Debug\fin_v0.a(SDinsert.o)
                              .\CortexM0\ARM_GCC_493\Debug\myDelay.o (SDinsert_Read)
.\CortexM0\ARM_GCC_493\Debug\fin_v0.a(debug.o)
                              .\CortexM0\ARM_GCC_493\Debug\RTC_WDT.o (debug_Write)
.\CortexM0\ARM_GCC_493\Debug\fin_v0.a(cyutils.o)
                              .\CortexM0\ARM_GCC_493\Debug\fin_v0.a(AppDelay.o) (CySetReg24)
.\CortexM0\ARM_GCC_493\Debug\fin_v0.a(I2C_I2C_INT.o)
                              .\CortexM0\ARM_GCC_493\Debug\fin_v0.a(I2C_I2C.o) (I2C_I2C_ISR)
.\CortexM0\ARM_GCC_493\Debug\fin_v0.a(UART_XB_SPI_UART_INT.o)
                              .\CortexM0\ARM_GCC_493\Debug\fin_v0.a(UART_XB_UART.o) (UART_XB_SPI_UART_ISR)
.\CortexM0\ARM_GCC_493\Debug\fin_v0.a(SW_UART_DEBUG_AsmGnu.o)
                              .\CortexM0\ARM_GCC_493\Debug\fin_v0.a(SW_UART_DEBUG.o) (SW_UART_DEBUG_PutChar)
c:/program files (x86)/cypress/psoc creator/3.3/psoc creator/import/gnu/arm/4.9.3/bin/../lib/gcc/arm-none-eabi/4.9.3/armv6-m\libgcc.a(_udivsi3.o)
                              .\CortexM0\ARM_GCC_493\Debug\DS1307.o (__aeabi_uidiv)
c:/program files (x86)/cypress/psoc creator/3.3/psoc creator/import/gnu/arm/4.9.3/bin/../lib/gcc/arm-none-eabi/4.9.3/armv6-m\libgcc.a(_divsi3.o)
                              .\CortexM0\ARM_GCC_493\Debug\fin_v0.a(CyLFClk.o) (__aeabi_idiv)
c:/program files (x86)/cypress/psoc creator/3.3/psoc creator/import/gnu/arm/4.9.3/bin/../lib/gcc/arm-none-eabi/4.9.3/armv6-m\libgcc.a(_dvmd_tls.o)
                              c:/program files (x86)/cypress/psoc creator/3.3/psoc creator/import/gnu/arm/4.9.3/bin/../lib/gcc/arm-none-eabi/4.9.3/armv6-m\libgcc.a(_udivsi3.o) (__aeabi_idiv0)
c:/program files (x86)/cypress/psoc creator/3.3/psoc creator/import/gnu/arm/4.9.3/bin/../lib/gcc/arm-none-eabi/4.9.3/armv6-m\libgcc.a(_aeabi_uldivmod.o)
[...]
Memory Configuration

Name             Origin             Length             Attributes
rom              0x00000000         0x00020000         xr
ram              0x20000000         0x00004000         xrw
*default*        0x00000000         0xffffffff

Linker script and memory map

LOAD c:/program files (x86)/cypress/psoc creator/3.3/psoc creator/import/gnu/arm/4.9.3/bin/../lib/gcc/arm-none-eabi/4.9.3/armv6-m/crti.o
LOAD c:/program files (x86)/cypress/psoc creator/3.3/psoc creator/import/gnu/arm/4.9.3/bin/../lib/gcc/arm-none-eabi/4.9.3/armv6-m/crtbegin.o
LOAD c:/program files (x86)/cypress/psoc creator/3.3/psoc creator/import/gnu/arm/4.9.3/bin/../lib/gcc/arm-none-eabi/4.9.3/../../../../arm-none-eabi/lib/armv6-m/crt0.o
START GROUP
LOAD .\CortexM0\ARM_GCC_493\Debug\RTC_WDT.o
LOAD .\CortexM0\ARM_GCC_493\Debug\DS1307.o
LOAD .\CortexM0\ARM_GCC_493\Debug\display.o
LOAD .\CortexM0\ARM_GCC_493\Debug\ff.o
LOAD .\CortexM0\ARM_GCC_493\Debug\rtc_fat.o
LOAD .\CortexM0\ARM_GCC_493\Debug\sdcard.o
LOAD .\CortexM0\ARM_GCC_493\Debug\gate.o
LOAD .\CortexM0\ARM_GCC_493\Debug\database.o
LOAD .\CortexM0\ARM_GCC_493\Debug\logResult.o
LOAD .\CortexM0\ARM_GCC_493\Debug\LED.o
LOAD .\CortexM0\ARM_GCC_493\Debug\crc32.o
LOAD .\CortexM0\ARM_GCC_493\Debug\network.o
LOAD .\CortexM0\ARM_GCC_493\Debug\svt.o
LOAD .\CortexM0\ARM_GCC_493\Debug\ntp.o
LOAD .\CortexM0\ARM_GCC_493\Debug\myDelay.o
LOAD .\CortexM0\ARM_GCC_493\Debug\main.o
LOAD .\CortexM0\ARM_GCC_493\Debug\cymetadata.o
LOAD .\CortexM0\ARM_GCC_493\Debug\Cm0Start.o
LOAD .\CortexM0\ARM_GCC_493\Debug\fin_v0.a
LOAD C:\Program Files (x86)\Cypress\PSoC Creator\3.3\PSoC Creator\psoc\content\cycomponentlibrary\CyComponentLibrary.cylib\CortexM0\ARM_GCC_493\Debug\CyComponentLibrary.a
END GROUP
START GROUP
LOAD c:/program files (x86)/cypress/psoc creator/3.3/psoc creator/import/gnu/arm/4.9.3/bin/../lib/gcc/arm-none-eabi/4.9.3/armv6-m\libgcc.a
LOAD c:/program files (x86)/cypress/psoc creator/3.3/psoc creator/import/gnu/arm/4.9.3/bin/../lib/gcc/arm-none-eabi/4.9.3/../../../../arm-none-eabi/lib/armv6-m\libg_nano.a
LOAD c:/program files (x86)/cypress/psoc creator/3.3/psoc creator/import/gnu/arm/4.9.3/bin/../lib/gcc/arm-none-eabi/4.9.3/../../../../arm-none-eabi/lib/armv6-m\libc_nano.a
END GROUP
START GROUP
LOAD c:/program files (x86)/cypress/psoc creator/3.3/psoc creator/import/gnu/arm/4.9.3/bin/../lib/gcc/arm-none-eabi/4.9.3/armv6-m\libgcc.a
LOAD c:/program files (x86)/cypress/psoc creator/3.3/psoc creator/import/gnu/arm/4.9.3/bin/../lib/gcc/arm-none-eabi/4.9.3/../../../../arm-none-eabi/lib/armv6-m\libc_nano.a
END GROUP
LOAD c:/program files (x86)/cypress/psoc creator/3.3/psoc creator/import/gnu/arm/4.9.3/bin/../lib/gcc/arm-none-eabi/4.9.3/armv6-m/crtend.o
LOAD c:/program files (x86)/cypress/psoc creator/3.3/psoc creator/import/gnu/arm/4.9.3/bin/../lib/gcc/arm-none-eabi/4.9.3/armv6-m/crtn.o
START GROUP
LOAD c:/program files (x86)/cypress/psoc creator/3.3/psoc creator/import/gnu/arm/4.9.3/bin/../lib/gcc/arm-none-eabi/4.9.3/armv6-m\libgcc.a
LOAD c:/program files (x86)/cypress/psoc creator/3.3/psoc creator/import/gnu/arm/4.9.3/bin/../lib/gcc/arm-none-eabi/4.9.3/../../../../arm-none-eabi/lib/armv6-m\libc.a
LOAD c:/program files (x86)/cypress/psoc creator/3.3/psoc creator/import/gnu/arm/4.9.3/bin/../lib/gcc/arm-none-eabi/4.9.3/../../../../arm-none-eabi/lib/armv6-m\libnosys.a
END GROUP
                0x00000000                CY_APPL_ORIGIN = 0x0
                0x00000080                CY_FLASH_ROW_SIZE = 0x80
                0x00000001                CY_APPL_NUM = 0x1
                0x00000001                CY_APPL_MAX = 0x1
                0x00000040                CY_METADATA_SIZE = 0x40
                0x00000000                CY_APPL_LOADABLE = 0x0
                0x00000000                CY_CHECKSUM_EXCLUDE_SIZE = ALIGN (0x0, CY_FLASH_ROW_SIZE)
                0x00000000                CY_APP_FOR_STACK_AND_COPIER = 0x0
                0x20002dd8                PROVIDE (__cy_heap_start, _end)
                0x00000001                PROVIDE (__cy_region_num, ((__cy_regions_end - __cy_regions) / 0x10))
                0x20004000                PROVIDE (__cy_stack, (ORIGIN (ram) + 0x4000))
                0x20003800                PROVIDE (__cy_heap_end, (__cy_stack - 0x800))

.cybootloader   0x00000000        0x0
 *(.cybootloader)
                0x00000000                appl1_start = CY_APPL_ORIGIN?CY_APPL_ORIGIN:ALIGN (CY_FLASH_ROW_SIZE)
                0x0000ff80                appl2_start = (appl1_start + ALIGN ((((0x20000 - appl1_start) - (0x2 * CY_FLASH_ROW_SIZE)) / 0x2), CY_FLASH_ROW_SIZE))
                0x00000000                appl_start = (CY_APPL_NUM == 0x1)?appl1_start:appl2_start
                0x00000001                cy_project_type_bootloader = (appl_start == 0x0)?0x1:0x0
                0x00000000                cy_project_type_app_for_stack_and_copier = (CY_APP_FOR_STACK_AND_COPIER == 0x1)?0x1:0x0

.text           0x00000000     0x995a
 CREATE_OBJECT_SYMBOLS
                0x00000000                PROVIDE (__cy_interrupt_vector, RomVectors)
 *(.romvectors)
 .romvectors    0x00000000       0x10 .\CortexM0\ARM_GCC_493\Debug\Cm0Start.o
                0x00000000                RomVectors
                0x00000001                ASSERT ((. != __cy_interrupt_vector), No interrupt vector)
                0x00000001                ASSERT (CY_APPL_ORIGIN?(SIZEOF (.cybootloader) <= CY_APPL_ORIGIN):0x1, Wrong image location)
                0x00000010                PROVIDE (__cy_reset, Reset)
 *(.text.Reset)
 .text.Reset    0x00000010        0x8 .\CortexM0\ARM_GCC_493\Debug\Cm0Start.o
                0x00000010                Reset
                0x00000001                ASSERT ((. != __cy_reset), No reset code)
 *(.psocinit)
 .psocinit      0x00000018      0x2e0 .\CortexM0\ARM_GCC_493\Debug\fin_v0.a(cyfitter_cfg.o)
                0x00000168                cyfitter_cfg
                0x000002f8                . = MAX (., 0x100)
 *(.text .text.* .gnu.linkonce.t.*)
 .text          0x000002f8       0x60 c:/program files (x86)/cypress/psoc creator/3.3/psoc creator/import/gnu/arm/4.9.3/bin/../lib/gcc/arm-none-eabi/4.9.3/armv6-m/crtbegin.o
 .text.CallBackCounter
                0x00000358       0x3c .\CortexM0\ARM_GCC_493\Debug\RTC_WDT.o
                0x00000358                CallBackCounter
 .text.RTC_WDT_Init
                0x00000394       0x24 .\CortexM0\ARM_GCC_493\Debug\RTC_WDT.o
                0x00000394                RTC_WDT_Init
 .text.RTCGetUnixTime
                0x000003b8       0x14 .\CortexM0\ARM_GCC_493\Debug\RTC_WDT.o
                0x000003b8                RTCGetUnixTime
 .text.RTCgetRecentMs
                0x000003cc       0x24 .\CortexM0\ARM_GCC_493\Debug\RTC_WDT.o
                0x000003cc                RTCgetRecentMs
 .text.RTC_GetSecond
                0x000003f0       0x30 .\CortexM0\ARM_GCC_493\Debug\display.o
 .text.RTC_GetMinutes
                0x00000420       0x38 .\CortexM0\ARM_GCC_493\Debug\display.o
 .text.RTC_GetHours
                0x00000458       0x38 .\CortexM0\ARM_GCC_493\Debug\display.o
 .text.DisplayConfig
                0x00000490        0xc .\CortexM0\ARM_GCC_493\Debug\display.o
                0x00000490                DisplayConfig
 .text.DisplayPrintf
                0x0000049c       0x2c .\CortexM0\ARM_GCC_493\Debug\display.o
                0x0000049c                DisplayPrintf
 .text.DisplayPutIndicatorSD
                0x000004c8       0x30 .\CortexM0\ARM_GCC_493\Debug\display.o
                0x000004c8                DisplayPutIndicatorSD
 .text.DisplayPutIndicatorNetwork
                0x000004f8       0x30 .\CortexM0\ARM_GCC_493\Debug\display.o
                0x000004f8                DisplayPutIndicatorNetwork
 .text.DisplayPrintfRealTime
                0x00000528       0x5c .\CortexM0\ARM_GCC_493\Debug\display.o
                0x00000528                DisplayPrintfRealTime
 .text.DisplayPrintLastTimeSkier
                0x00000584       0x60 .\CortexM0\ARM_GCC_493\Debug\display.o
                0x00000584                DisplayPrintLastTimeSkier
 .text.DisplayPrintNumSkierOnWay
                0x000005e4       0x38 .\CortexM0\ARM_GCC_493\Debug\display.o
                0x000005e4                DisplayPrintNumSkierOnWay
 .text.ld_word  0x0000061c       0x3c .\CortexM0\ARM_GCC_493\Debug\ff.o
 .text.ld_dword
                0x00000658       0x44 .\CortexM0\ARM_GCC_493\Debug\ff.o
 .text.st_word  0x0000069c       0x3c .\CortexM0\ARM_GCC_493\Debug\ff.o
 .text.st_dword
                0x000006d8       0x54 .\CortexM0\ARM_GCC_493\Debug\ff.o
 .text.mem_cpy  0x0000072c       0x3c .\CortexM0\ARM_GCC_493\Debug\ff.o
 .text.mem_set  0x00000768       0x30 .\CortexM0\ARM_GCC_493\Debug\ff.o
 .text.mem_cmp  0x00000798       0x4c .\CortexM0\ARM_GCC_493\Debug\ff.o
 .text.chk_chr  0x000007e4       0x34 .\CortexM0\ARM_GCC_493\Debug\ff.o
 .text.sync_window
                0x00000818       0xa0 .\CortexM0\ARM_GCC_493\Debug\ff.o
 .text.move_window
                0x000008b8       0x74 .\CortexM0\ARM_GCC_493\Debug\ff.o
 .text.sync_fs  0x0000092c      0x104 .\CortexM0\ARM_GCC_493\Debug\ff.o
 .text.clust2sect
                0x00000a30       0x38 .\CortexM0\ARM_GCC_493\Debug\ff.o
 .text.get_fat  0x00000a68      0x148 .\CortexM0\ARM_GCC_493\Debug\ff.o
 .text.put_fat  0x00000bb0      0x1fc .\CortexM0\ARM_GCC_493\Debug\ff.o
 .text.remove_chain
                0x00000dac       0xec .\CortexM0\ARM_GCC_493\Debug\ff.o
 .text.create_chain
                0x00000e98      0x15c .\CortexM0\ARM_GCC_493\Debug\ff.o
 .text.dir_sdi  0x00000ff4       0xfc .\CortexM0\ARM_GCC_493\Debug\ff.o
 .text.dir_next
                0x000010f0      0x198 .\CortexM0\ARM_GCC_493\Debug\ff.o
 .text.dir_alloc
                0x00001288       0xb8 .\CortexM0\ARM_GCC_493\Debug\ff.o
 .text.ld_clust
                0x00001340       0x40 .\CortexM0\ARM_GCC_493\Debug\ff.o
 .text.st_clust
                0x00001380       0x40 .\CortexM0\ARM_GCC_493\Debug\ff.o
 .text.dir_find
                0x000013c0       0xd8 .\CortexM0\ARM_GCC_493\Debug\ff.o
 .text.dir_register
                0x00001498       0x80 .\CortexM0\ARM_GCC_493\Debug\ff.o
 .text.create_name
                0x00001518      0x16c .\CortexM0\ARM_GCC_493\Debug\ff.o
 .text.follow_path
                0x00001684      0x110 .\CortexM0\ARM_GCC_493\Debug\ff.o
 .text.get_ldnumber
                0x00001794       0x84 .\CortexM0\ARM_GCC_493\Debug\ff.o
 .text.check_fs
                0x00001818       0xb0 .\CortexM0\ARM_GCC_493\Debug\ff.o
 .text.find_volume
                0x000018c8      0x4d8 .\CortexM0\ARM_GCC_493\Debug\ff.o
 .text.validate
                0x00001da0       0x78 .\CortexM0\ARM_GCC_493\Debug\ff.o
 .text.f_mount  0x00001e18       0x94 .\CortexM0\ARM_GCC_493\Debug\ff.o
                0x00001e18                f_mount
 .text.f_open   0x00001eac      0x3c0 .\CortexM0\ARM_GCC_493\Debug\ff.o
                0x00001eac                f_open
 .text.f_write  0x0000226c      0x2ec .\CortexM0\ARM_GCC_493\Debug\ff.o
                0x0000226c                f_write
 .text.f_sync   0x00002558      0x120 .\CortexM0\ARM_GCC_493\Debug\ff.o
                0x00002558                f_sync
 .text.f_close  0x00002678       0x58 .\CortexM0\ARM_GCC_493\Debug\ff.o
                0x00002678                f_close
 .text.putc_bfd
                0x000026d0       0x80 .\CortexM0\ARM_GCC_493\Debug\ff.o
 .text.putc_flush
                0x00002750       0x50 .\CortexM0\ARM_GCC_493\Debug\ff.o
 .text.putc_init
                0x000027a0       0x24 .\CortexM0\ARM_GCC_493\Debug\ff.o
 .text.f_printf
                0x000027c4      0x4ac .\CortexM0\ARM_GCC_493\Debug\ff.o
                0x000027c4                f_printf
 .text.xmit_mmc
                0x00002c70       0x24 .\CortexM0\ARM_GCC_493\Debug\sdcard.o
 .text.rcvr_mmc
                0x00002c94       0x2c .\CortexM0\ARM_GCC_493\Debug\sdcard.o
 .text.wait_ready
                0x00002cc0       0x48 .\CortexM0\ARM_GCC_493\Debug\sdcard.o
 .text.deselect
                0x00002d08       0x1c .\CortexM0\ARM_GCC_493\Debug\sdcard.o
 .text.select   0x00002d24       0x30 .\CortexM0\ARM_GCC_493\Debug\sdcard.o
 .text.rcvr_datablock
                0x00002d54       0x6c .\CortexM0\ARM_GCC_493\Debug\sdcard.o
 .text.xmit_datablock
                0x00002dc0       0x88 .\CortexM0\ARM_GCC_493\Debug\sdcard.o
 .text.send_cmd
                0x00002e48      0x140 .\CortexM0\ARM_GCC_493\Debug\sdcard.o
 .text.disk_status
                0x00002f88       0x28 .\CortexM0\ARM_GCC_493\Debug\sdcard.o
                0x00002f88                disk_status
 .text.disk_initialize
                0x00002fb0      0x1cc .\CortexM0\ARM_GCC_493\Debug\sdcard.o
                0x00002fb0                disk_initialize
 .text.disk_read
                0x0000317c       0xbc .\CortexM0\ARM_GCC_493\Debug\sdcard.o
                0x0000317c                disk_read
 .text.disk_write
                0x00003238       0xdc .\CortexM0\ARM_GCC_493\Debug\sdcard.o
                0x00003238                disk_write
 .text.disk_ioctl
                0x00003314      0x160 .\CortexM0\ARM_GCC_493\Debug\sdcard.o
                0x00003314                disk_ioctl
 .text.GATE_INTERRUPT
                0x00003474       0x40 .\CortexM0\ARM_GCC_493\Debug\gate.o
                0x00003474                GATE_INTERRUPT
 .text.GateInit
                0x000034b4       0x2c .\CortexM0\ARM_GCC_493\Debug\gate.o
                0x000034b4                GateInit
 .text.GateIsOpen
                0x000034e0       0x20 .\CortexM0\ARM_GCC_493\Debug\gate.o
                0x000034e0                GateIsOpen
 .text.AllowNextSkier
                0x00003500       0x14 .\CortexM0\ARM_GCC_493\Debug\gate.o
                0x00003500                AllowNextSkier
 .text.GetFinTime
                0x00003514       0x2c .\CortexM0\ARM_GCC_493\Debug\gate.o
                0x00003514                GetFinTime
 .text.InitBuff
                0x00003540       0x5c .\CortexM0\ARM_GCC_493\Debug\database.o
                0x00003540                InitBuff
 .text.putSkiOnWay
                0x0000359c       0x48 .\CortexM0\ARM_GCC_493\Debug\database.o
                0x0000359c                putSkiOnWay
 .text.getSkiFromWay
                0x000035e4       0x44 .\CortexM0\ARM_GCC_493\Debug\database.o
                0x000035e4                getSkiFromWay
 .text.WriteStartTime
                0x00003628       0x28 .\CortexM0\ARM_GCC_493\Debug\database.o
                0x00003628                WriteStartTime
 .text.WriteFinishTime
                0x00003650       0xac .\CortexM0\ARM_GCC_493\Debug\database.o
                0x00003650                WriteFinishTime
 .text.SkierOnWay
                0x000036fc       0x14 .\CortexM0\ARM_GCC_493\Debug\database.o
                0x000036fc                SkierOnWay
 .text.TimeOnWay
                0x00003710      0x108 .\CortexM0\ARM_GCC_493\Debug\database.o
                0x00003710                TimeOnWay
 .text.LastSecTimeOnWay
                0x00003818       0x4c .\CortexM0\ARM_GCC_493\Debug\database.o
                0x00003818                LastSecTimeOnWay
 .text.LastMillsTimeOnWay
                0x00003864       0x48 .\CortexM0\ARM_GCC_493\Debug\database.o
                0x00003864                LastMillsTimeOnWay
 .text.FifoGetSize
                0x000038ac       0x14 .\CortexM0\ARM_GCC_493\Debug\database.o
                0x000038ac                FifoGetSize
 .text.FifoPush
                0x000038c0       0x7c .\CortexM0\ARM_GCC_493\Debug\database.o
                0x000038c0                FifoPush
 .text.FifoGet  0x0000393c       0x68 .\CortexM0\ARM_GCC_493\Debug\database.o
                0x0000393c                FifoGet
 .text.FifoPushLast
                0x000039a4       0x34 .\CortexM0\ARM_GCC_493\Debug\database.o
                0x000039a4                FifoPushLast
 .text.RTC_GetSecond
                0x000039d8       0x30 .\CortexM0\ARM_GCC_493\Debug\logResult.o
 .text.RTC_GetMinutes
                0x00003a08       0x38 .\CortexM0\ARM_GCC_493\Debug\logResult.o
 .text.RTC_GetHours
                0x00003a40       0x38 .\CortexM0\ARM_GCC_493\Debug\logResult.o
 .text.RTC_GetDay
                0x00003a78       0x38 .\CortexM0\ARM_GCC_493\Debug\logResult.o
 .text.RTC_GetMonth
                0x00003ab0       0x38 .\CortexM0\ARM_GCC_493\Debug\logResult.o
 .text.RTC_GetYear
                0x00003ae8       0x5c .\CortexM0\ARM_GCC_493\Debug\logResult.o
 .text.LogStart
                0x00003b44       0x30 .\CortexM0\ARM_GCC_493\Debug\logResult.o
                0x00003b44                LogStart
 .text.WriteSkierResult
                0x00003b74      0x294 .\CortexM0\ARM_GCC_493\Debug\logResult.o
                0x00003b74                WriteSkierResult
 .text.LedInit  0x00003e08       0x2c .\CortexM0\ARM_GCC_493\Debug\LED.o
                0x00003e08                LedInit
 .text.LedHandler
                0x00003e34       0x20 .\CortexM0\ARM_GCC_493\Debug\LED.o
                0x00003e34                LedHandler
 .text.LedBlink
                0x00003e54       0x34 .\CortexM0\ARM_GCC_493\Debug\LED.o
                0x00003e54                LedBlink
 .text.SetLedState
                0x00003e88       0x20 .\CortexM0\ARM_GCC_493\Debug\LED.o
                0x00003e88                SetLedState
 .text.crc32_update
                0x00003ea8       0x50 .\CortexM0\ARM_GCC_493\Debug\crc32.o
                0x00003ea8                crc32_update
 .text.crc32_calc_block
                0x00003ef8       0x44 .\CortexM0\ARM_GCC_493\Debug\crc32.o
                0x00003ef8                crc32_calc_block
 .text.crc32_init_tab
                0x00003f3c       0x6c .\CortexM0\ARM_GCC_493\Debug\crc32.o
 .text.InitNetwork
                0x00003fa8       0x24 .\CortexM0\ARM_GCC_493\Debug\network.o
                0x00003fa8                InitNetwork
 .text.SendData
                0x00003fcc       0x98 .\CortexM0\ARM_GCC_493\Debug\network.o
                0x00003fcc                SendData
 .text.ReceiveData
                0x00004064      0x14c .\CortexM0\ARM_GCC_493\Debug\network.o
                0x00004064                ReceiveData
 .text.SendFinStatus
                0x000041b0       0x1c .\CortexM0\ARM_GCC_493\Debug\network.o
                0x000041b0                SendFinStatus
 .text.NetworkStatus
                0x000041cc       0x14 .\CortexM0\ARM_GCC_493\Debug\network.o
                0x000041cc                NetworkStatus
 .text.NTPsync  0x000041e0      0x2c0 .\CortexM0\ARM_GCC_493\Debug\network.o
                0x000041e0                NTPsync
 .text.NTPsendTime
                0x000044a0       0x4c .\CortexM0\ARM_GCC_493\Debug\network.o
 .text.NTPreceiveTime
                0x000044ec       0x9c .\CortexM0\ARM_GCC_493\Debug\network.o
 .text.NTPsetTimeToStart
                0x00004588       0x4c .\CortexM0\ARM_GCC_493\Debug\network.o
 .text.NTPcalculateTime
                0x000045d4       0xdc .\CortexM0\ARM_GCC_493\Debug\network.o
 .text.UnpackData
                0x000046b0      0x460 .\CortexM0\ARM_GCC_493\Debug\svt.o
                0x000046b0                UnpackData
 .text.DecodeByte
                0x00004b10       0x50 .\CortexM0\ARM_GCC_493\Debug\svt.o
                0x00004b10                DecodeByte
 .text.CheckSymb
                0x00004b60       0x34 .\CortexM0\ARM_GCC_493\Debug\svt.o
                0x00004b60                CheckSymb
 .text.ResetPacket
                0x00004b94       0x3c .\CortexM0\ARM_GCC_493\Debug\svt.o
                0x00004b94                ResetPacket
 .text.PackData
                0x00004bd0      0x158 .\CortexM0\ARM_GCC_493\Debug\svt.o
                0x00004bd0                PackData
 .text.NtpUnpackData
                0x00004d28      0x334 .\CortexM0\ARM_GCC_493\Debug\ntp.o
                0x00004d28                NtpUnpackData
 .text.NtpDecodeByte
                0x0000505c       0x50 .\CortexM0\ARM_GCC_493\Debug\ntp.o
                0x0000505c                NtpDecodeByte
 .text.NtpCheckSymb
                0x000050ac       0x34 .\CortexM0\ARM_GCC_493\Debug\ntp.o
                0x000050ac                NtpCheckSymb
 .text.NtpResetPacket
                0x000050e0       0x38 .\CortexM0\ARM_GCC_493\Debug\ntp.o
                0x000050e0                NtpResetPacket
 .text.MyDelay  0x00005118       0xb4 .\CortexM0\ARM_GCC_493\Debug\myDelay.o
                0x00005118                MyDelay
 .text.UserFunc_1
                0x000051cc       0x10 .\CortexM0\ARM_GCC_493\Debug\myDelay.o
 .text.UserFunc_2
                0x000051dc       0x90 .\CortexM0\ARM_GCC_493\Debug\myDelay.o
 .text.UserFunc_3
                0x0000526c       0x38 .\CortexM0\ARM_GCC_493\Debug\myDelay.o
 .text.UserFunc_4
                0x000052a4       0x18 .\CortexM0\ARM_GCC_493\Debug\myDelay.o
 .text.main     0x000052bc       0xb0 .\CortexM0\ARM_GCC_493\Debug\main.o
                0x000052bc                main
 .text.SystemInit
                0x0000536c       0x48 .\CortexM0\ARM_GCC_493\Debug\main.o
                0x0000536c                SystemInit
 .text.Ready    0x000053b4       0xcc .\CortexM0\ARM_GCC_493\Debug\main.o
                0x000053b4                Ready
 .text.CheckGate
                0x00005480       0x40 .\CortexM0\ARM_GCC_493\Debug\main.o
                0x00005480                CheckGate
 .text.SaveResult
                0x000054c0       0xb4 .\CortexM0\ARM_GCC_493\Debug\main.o
                0x000054c0                SaveResult
 .text.IntDefaultHandler
                0x00005574        0x8 .\CortexM0\ARM_GCC_493\Debug\Cm0Start.o
                0x00005574                IntDefaultHandler
 .text._sbrk    0x0000557c       0x50 .\CortexM0\ARM_GCC_493\Debug\Cm0Start.o
                0x0000557c                _sbrk
 .text.Start_c  0x000055cc       0x98 .\CortexM0\ARM_GCC_493\Debug\Cm0Start.o
                0x000055cc                Start_c
 .text.initialize_psoc
                0x00005664       0x70 .\CortexM0\ARM_GCC_493\Debug\Cm0Start.o
                0x00005664                initialize_psoc
 .text.CYMEMZERO
                0x000056d4       0x20 .\CortexM0\ARM_GCC_493\Debug\fin_v0.a(cyfitter_cfg.o)
 .text.cfg_write_bytes32
                0x000056f4       0x80 .\CortexM0\ARM_GCC_493\Debug\fin_v0.a(cyfitter_cfg.o)
 .text.AnalogSetDefault
                0x00005774       0x28 .\CortexM0\ARM_GCC_493\Debug\fin_v0.a(cyfitter_cfg.o)
 *fill*         0x0000579c        0x4 
 .text          0x000057a0       0x20 .\CortexM0\ARM_GCC_493\Debug\fin_v0.a(CyBootAsmGnu.o)
                0x000057a0                CyDelayCycles
                0x000057b2                CyEnterCriticalSection
                0x000057ba                CyExitCriticalSection
 .text.CySysClkWriteImoFreq
                0x000057c0       0x98 .\CortexM0\ARM_GCC_493\Debug\fin_v0.a(CyLib.o)
                0x000057c0                CySysClkWriteImoFreq
 .text.CySysClkEcoStart
                0x00005858       0x74 .\CortexM0\ARM_GCC_493\Debug\fin_v0.a(CyLib.o)
                0x00005858                CySysClkEcoStart
 .text.CySysClkEcoReadStatus
                0x000058cc       0x20 .\CortexM0\ARM_GCC_493\Debug\fin_v0.a(CyLib.o)
                0x000058cc                CySysClkEcoReadStatus
 .text.CyIntSetVector
                0x000058ec       0x4c .\CortexM0\ARM_GCC_493\Debug\fin_v0.a(CyLib.o)
                0x000058ec                CyIntSetVector
 .text.CyIntSetPriority
                0x00005938       0xa8 .\CortexM0\ARM_GCC_493\Debug\fin_v0.a(CyLib.o)
                0x00005938                CyIntSetPriority
 .text.CyIntEnable
                0x000059e0       0x28 .\CortexM0\ARM_GCC_493\Debug\fin_v0.a(CyLib.o)
                0x000059e0                CyIntEnable
 .text.CyIntDisable
                0x00005a08       0x28 .\CortexM0\ARM_GCC_493\Debug\fin_v0.a(CyLib.o)
                0x00005a08                CyIntDisable
 .text.CyHalt   0x00005a30       0x14 .\CortexM0\ARM_GCC_493\Debug\fin_v0.a(CyLib.o)
                0x00005a30                CyHalt
 .text.CyDelay  0x00005a44       0x48 .\CortexM0\ARM_GCC_493\Debug\fin_v0.a(CyLib.o)
                0x00005a44                CyDelay
 .text.CyDelayUs
                0x00005a8c       0x28 .\CortexM0\ARM_GCC_493\Debug\fin_v0.a(CyLib.o)
                0x00005a8c                CyDelayUs
 .text.CySysClkWcoSetHighPowerMode
                0x00005ab4       0x48 .\CortexM0\ARM_GCC_493\Debug\fin_v0.a(CyLFClk.o)
 .text.CySysClkWcoSetLowPowerMode
                0x00005afc       0x48 .\CortexM0\ARM_GCC_493\Debug\fin_v0.a(CyLFClk.o)
 .text.CySysClkWcoStart
                0x00005b44       0x20 .\CortexM0\ARM_GCC_493\Debug\fin_v0.a(CyLFClk.o)
                0x00005b44                CySysClkWcoStart
 .text.CySysClkWcoSetPowerMode
                0x00005b64       0x40 .\CortexM0\ARM_GCC_493\Debug\fin_v0.a(CyLFClk.o)
                0x00005b64                CySysClkWcoSetPowerMode
 .text.CySysWdtLock
                0x00005ba4       0x34 .\CortexM0\ARM_GCC_493\Debug\fin_v0.a(CyLFClk.o)
                0x00005ba4                CySysWdtLock
 .text.CySysWdtLocked
                0x00005bd8       0x20 .\CortexM0\ARM_GCC_493\Debug\fin_v0.a(CyLFClk.o)
 .text.CySysWdtUnlock
                0x00005bf8       0x4c .\CortexM0\ARM_GCC_493\Debug\fin_v0.a(CyLFClk.o)
                0x00005bf8                CySysWdtUnlock
 .text.CySysWdtClearInterrupt
                0x00005c44       0x70 .\CortexM0\ARM_GCC_493\Debug\fin_v0.a(CyLFClk.o)
                0x00005c44                CySysWdtClearInterrupt
 .text.CySysWdtSetInterruptCallback
                0x00005cb4       0x40 .\CortexM0\ARM_GCC_493\Debug\fin_v0.a(CyLFClk.o)
                0x00005cb4                CySysWdtSetInterruptCallback
 .text.CySysWdtIsr
                0x00005cf4       0xe8 .\CortexM0\ARM_GCC_493\Debug\fin_v0.a(CyLFClk.o)
                0x00005cf4                CySysWdtIsr
 .text.RTC_IsBitSet
                0x00005ddc       0x24 .\CortexM0\ARM_GCC_493\Debug\fin_v0.a(RTC.o)
 .text.RTC_LeapYear
                0x00005e00       0x44 .\CortexM0\ARM_GCC_493\Debug\fin_v0.a(RTC.o)
 .text.RTC_GetSecond
                0x00005e44       0x30 .\CortexM0\ARM_GCC_493\Debug\fin_v0.a(RTC.o)
 .text.RTC_GetMinutes
                0x00005e74       0x38 .\CortexM0\ARM_GCC_493\Debug\fin_v0.a(RTC.o)
 .text.RTC_GetHours
                0x00005eac       0x38 .\CortexM0\ARM_GCC_493\Debug\fin_v0.a(RTC.o)
 .text.RTC_GetAmPm
                0x00005ee4       0x20 .\CortexM0\ARM_GCC_493\Debug\fin_v0.a(RTC.o)
 .text.RTC_GetDay
                0x00005f04       0x38 .\CortexM0\ARM_GCC_493\Debug\fin_v0.a(RTC.o)
 .text.RTC_GetMonth
                0x00005f3c       0x38 .\CortexM0\ARM_GCC_493\Debug\fin_v0.a(RTC.o)
 .text.RTC_GetYear
                0x00005f74       0x5c .\CortexM0\ARM_GCC_493\Debug\fin_v0.a(RTC.o)
 .text.RTC_GetTimeFormat
                0x00005fd0       0x20 .\CortexM0\ARM_GCC_493\Debug\fin_v0.a(RTC.o)
 .text.RTC_ConstructTime
                0x00005ff0       0xa0 .\CortexM0\ARM_GCC_493\Debug\fin_v0.a(RTC.o)
 .text.RTC_ConstructDate
                0x00006090       0xd8 .\CortexM0\ARM_GCC_493\Debug\fin_v0.a(RTC.o)
 .text.RTC_GetDayOfWeek
                0x00006168       0x88 .\CortexM0\ARM_GCC_493\Debug\fin_v0.a(RTC.o)
 .text.RTC_Start
                0x000061f0       0x18 .\CortexM0\ARM_GCC_493\Debug\fin_v0.a(RTC.o)
                0x000061f0                RTC_Start
 .text.RTC_Init
                0x00006208       0x70 .\CortexM0\ARM_GCC_493\Debug\fin_v0.a(RTC.o)
                0x00006208                RTC_Init
 .text.RTC_SetDateAndTime
                0x00006278       0x74 .\CortexM0\ARM_GCC_493\Debug\fin_v0.a(RTC.o)
                0x00006278                RTC_SetDateAndTime
 .text.RTC_GetUnixTime
                0x000062ec       0x18 .\CortexM0\ARM_GCC_493\Debug\fin_v0.a(RTC.o)
                0x000062ec                RTC_GetUnixTime
 .text.RTC_GetTime
                0x00006304       0x44 .\CortexM0\ARM_GCC_493\Debug\fin_v0.a(RTC.o)
                0x00006304                RTC_GetTime
 .text.RTC_GetDate
                0x00006348       0x44 .\CortexM0\ARM_GCC_493\Debug\fin_v0.a(RTC.o)
                0x00006348                RTC_GetDate
 .text.RTC_Update
                0x0000638c       0x4c .\CortexM0\ARM_GCC_493\Debug\fin_v0.a(RTC.o)
                0x0000638c                RTC_Update
 .text.RTC_DateTimeToUnix
                0x000063d8      0x190 .\CortexM0\ARM_GCC_493\Debug\fin_v0.a(RTC.o)
                0x000063d8                RTC_DateTimeToUnix
 .text.RTC_UnixToDateTime
                0x00006568      0x2ac .\CortexM0\ARM_GCC_493\Debug\fin_v0.a(RTC.o)
                0x00006568                RTC_UnixToDateTime
 .text.RTC_DaysInMonth
                0x00006814       0x3c .\CortexM0\ARM_GCC_493\Debug\fin_v0.a(RTC.o)
                0x00006814                RTC_DaysInMonth
 .text.LCD_Init
                0x00006850       0x7c .\CortexM0\ARM_GCC_493\Debug\fin_v0.a(LCD.o)
                0x00006850                LCD_Init
 .text.LCD_Enable
                0x000068cc       0x18 .\CortexM0\ARM_GCC_493\Debug\fin_v0.a(LCD.o)
                0x000068cc                LCD_Enable
 .text.LCD_Start
                0x000068e4       0x24 .\CortexM0\ARM_GCC_493\Debug\fin_v0.a(LCD.o)
                0x000068e4                LCD_Start
 .text.LCD_Position
                0x00006908       0x74 .\CortexM0\ARM_GCC_493\Debug\fin_v0.a(LCD.o)
                0x00006908                LCD_Position
 .text.LCD_PrintString
                0x0000697c       0x58 .\CortexM0\ARM_GCC_493\Debug\fin_v0.a(LCD.o)
                0x0000697c                LCD_PrintString
 .text.LCD_PutChar
                0x000069d4       0x1c .\CortexM0\ARM_GCC_493\Debug\fin_v0.a(LCD.o)
                0x000069d4                LCD_PutChar
 .text.LCD_WriteData
                0x000069f0       0x48 .\CortexM0\ARM_GCC_493\Debug\fin_v0.a(LCD.o)
                0x000069f0                LCD_WriteData
 .text.LCD_WriteControl
                0x00006a38       0x48 .\CortexM0\ARM_GCC_493\Debug\fin_v0.a(LCD.o)
                0x00006a38                LCD_WriteControl
 .text.LCD_IsReady
                0x00006a80      0x100 .\CortexM0\ARM_GCC_493\Debug\fin_v0.a(LCD.o)
                0x00006a80                LCD_IsReady
 .text.LCD_WrDatNib
                0x00006b80       0x68 .\CortexM0\ARM_GCC_493\Debug\fin_v0.a(LCD.o)
 .text.LCD_WrCntrlNib
                0x00006be8       0x54 .\CortexM0\ARM_GCC_493\Debug\fin_v0.a(LCD.o)
 .text.LCD_LoadCustomFonts
                0x00006c3c       0x58 .\CortexM0\ARM_GCC_493\Debug\fin_v0.a(LCD_CustChars.o)
                0x00006c3c                LCD_LoadCustomFonts
 .text.GatePin_ClearInterrupt
                0x00006c94       0x30 .\CortexM0\ARM_GCC_493\Debug\fin_v0.a(GatePin.o)
                0x00006c94                GatePin_ClearInterrupt
 .text.Timer_LED_Init
                0x00006cc4       0x40 .\CortexM0\ARM_GCC_493\Debug\fin_v0.a(Timer_LED.o)
                0x00006cc4                Timer_LED_Init
 .text.Timer_LED_Enable
                0x00006d04       0x38 .\CortexM0\ARM_GCC_493\Debug\fin_v0.a(Timer_LED.o)
                0x00006d04                Timer_LED_Enable
 .text.Timer_LED_Stop
                0x00006d3c       0x30 .\CortexM0\ARM_GCC_493\Debug\fin_v0.a(Timer_LED.o)
                0x00006d3c                Timer_LED_Stop
 .text.Timer_LED_WriteCounter
                0x00006d6c       0x1c .\CortexM0\ARM_GCC_493\Debug\fin_v0.a(Timer_LED.o)
                0x00006d6c                Timer_LED_WriteCounter
 .text.Timer_LED_WritePeriod
                0x00006d88       0x1c .\CortexM0\ARM_GCC_493\Debug\fin_v0.a(Timer_LED.o)
                0x00006d88                Timer_LED_WritePeriod
 .text.Timer_LED_WriteCompare
                0x00006da4       0x1c .\CortexM0\ARM_GCC_493\Debug\fin_v0.a(Timer_LED.o)
                0x00006da4                Timer_LED_WriteCompare
 .text.Timer_LED_TriggerCommand
                0x00006dc0       0x38 .\CortexM0\ARM_GCC_493\Debug\fin_v0.a(Timer_LED.o)
                0x00006dc0                Timer_LED_TriggerCommand
 .text.Timer_LED_SetInterruptMode
                0x00006df8       0x18 .\CortexM0\ARM_GCC_493\Debug\fin_v0.a(Timer_LED.o)
                0x00006df8                Timer_LED_SetInterruptMode
 .text.Timer_LED_ClearInterrupt
                0x00006e10       0x18 .\CortexM0\ARM_GCC_493\Debug\fin_v0.a(Timer_LED.o)
                0x00006e10                Timer_LED_ClearInterrupt
 .text.Int_Timer_Led_StartEx
                0x00006e28       0x24 .\CortexM0\ARM_GCC_493\Debug\fin_v0.a(Int_Timer_Led.o)
                0x00006e28                Int_Timer_Led_StartEx
 .text.Int_Timer_Led_SetVector
                0x00006e4c       0x1c .\CortexM0\ARM_GCC_493\Debug\fin_v0.a(Int_Timer_Led.o)
                0x00006e4c                Int_Timer_Led_SetVector
 .text.Int_Timer_Led_SetPriority
                0x00006e68       0x50 .\CortexM0\ARM_GCC_493\Debug\fin_v0.a(Int_Timer_Led.o)
                0x00006e68                Int_Timer_Led_SetPriority
 .text.Int_Timer_Led_Enable
                0x00006eb8       0x14 .\CortexM0\ARM_GCC_493\Debug\fin_v0.a(Int_Timer_Led.o)
                0x00006eb8                Int_Timer_Led_Enable
 .text.Int_Timer_Led_Disable
                0x00006ecc       0x14 .\CortexM0\ARM_GCC_493\Debug\fin_v0.a(Int_Timer_Led.o)
                0x00006ecc                Int_Timer_Led_Disable
 .text.LED_PIN_Write
                0x00006ee0       0x48 .\CortexM0\ARM_GCC_493\Debug\fin_v0.a(LED_PIN.o)
                0x00006ee0                LED_PIN_Write
 .text.LED_PIN_Read
                0x00006f28       0x1c .\CortexM0\ARM_GCC_493\Debug\fin_v0.a(LED_PIN.o)
                0x00006f28                LED_PIN_Read
 .text.UART_XB_Init
                0x00006f44        0xc .\CortexM0\ARM_GCC_493\Debug\fin_v0.a(UART_XB.o)
                0x00006f44                UART_XB_Init
 .text.UART_XB_Enable
                0x00006f50       0x24 .\CortexM0\ARM_GCC_493\Debug\fin_v0.a(UART_XB.o)
                0x00006f50                UART_XB_Enable
 .text.UART_XB_Start
                0x00006f74       0x24 .\CortexM0\ARM_GCC_493\Debug\fin_v0.a(UART_XB.o)
                0x00006f74                UART_XB_Start
 .text.UART_XB_ScbEnableIntr
                0x00006f98       0x10 .\CortexM0\ARM_GCC_493\Debug\fin_v0.a(UART_XB.o)
 .text.UART_XB_ScbModePostEnable
                0x00006fa8        0xc .\CortexM0\ARM_GCC_493\Debug\fin_v0.a(UART_XB.o)
 .text.UART_XB_SpiUartReadRxData
                0x00006fb4       0x50 .\CortexM0\ARM_GCC_493\Debug\fin_v0.a(UART_XB_SPI_UART.o)
                0x00006fb4                UART_XB_SpiUartReadRxData
 .text.UART_XB_SpiUartGetRxBufferSize
                0x00007004       0x40 .\CortexM0\ARM_GCC_493\Debug\fin_v0.a(UART_XB_SPI_UART.o)
                0x00007004                UART_XB_SpiUartGetRxBufferSize
 .text.UART_XB_SpiUartClearRxBuffer
                0x00007044       0x60 .\CortexM0\ARM_GCC_493\Debug\fin_v0.a(UART_XB_SPI_UART.o)
                0x00007044                UART_XB_SpiUartClearRxBuffer
 .text.UART_XB_SpiUartWriteTxData
                0x000070a4       0x98 .\CortexM0\ARM_GCC_493\Debug\fin_v0.a(UART_XB_SPI_UART.o)
                0x000070a4                UART_XB_SpiUartWriteTxData
 .text.UART_XB_UartInit
                0x0000713c      0x10c .\CortexM0\ARM_GCC_493\Debug\fin_v0.a(UART_XB_UART.o)
                0x0000713c                UART_XB_UartInit
 .text.UART_XB_UartPostEnable
                0x00007248       0x2c .\CortexM0\ARM_GCC_493\Debug\fin_v0.a(UART_XB_UART.o)
                0x00007248                UART_XB_UartPostEnable
 .text.UART_XB_UartGetChar
                0x00007274       0x40 .\CortexM0\ARM_GCC_493\Debug\fin_v0.a(UART_XB_UART.o)
                0x00007274                UART_XB_UartGetChar
 .text.UART_XB_UartPutString
                0x000072b4       0x34 .\CortexM0\ARM_GCC_493\Debug\fin_v0.a(UART_XB_UART.o)
                0x000072b4                UART_XB_UartPutString
 .text.SwSPI_Master_SendByte
                0x000072e8       0x98 .\CortexM0\ARM_GCC_493\Debug\fin_v0.a(SwSPI_Master.o)
                0x000072e8                SwSPI_Master_SendByte
 .text.SwSPI_Master_SendBuff
                0x00007380       0x4c .\CortexM0\ARM_GCC_493\Debug\fin_v0.a(SwSPI_Master.o)
                0x00007380                SwSPI_Master_SendBuff
 .text.SwSPI_Master_RecvByte
                0x000073cc       0x98 .\CortexM0\ARM_GCC_493\Debug\fin_v0.a(SwSPI_Master.o)
                0x000073cc                SwSPI_Master_RecvByte
 .text.GATE_INT_StartEx
                0x00007464       0x24 .\CortexM0\ARM_GCC_493\Debug\fin_v0.a(GATE_INT.o)
                0x00007464                GATE_INT_StartEx
 .text.GATE_INT_SetVector
                0x00007488       0x18 .\CortexM0\ARM_GCC_493\Debug\fin_v0.a(GATE_INT.o)
                0x00007488                GATE_INT_SetVector
 .text.GATE_INT_SetPriority
                0x000074a0       0x50 .\CortexM0\ARM_GCC_493\Debug\fin_v0.a(GATE_INT.o)
                0x000074a0                GATE_INT_SetPriority
 .text.GATE_INT_Enable
                0x000074f0       0x14 .\CortexM0\ARM_GCC_493\Debug\fin_v0.a(GATE_INT.o)
                0x000074f0                GATE_INT_Enable
 .text.GATE_INT_Disable
                0x00007504       0x14 .\CortexM0\ARM_GCC_493\Debug\fin_v0.a(GATE_INT.o)
                0x00007504                GATE_INT_Disable
 .text.GATE_INT_ClearPending
                0x00007518       0x14 .\CortexM0\ARM_GCC_493\Debug\fin_v0.a(GATE_INT.o)
                0x00007518                GATE_INT_ClearPending
 .text.AppDelay_Init
                0x0000752c       0x54 .\CortexM0\ARM_GCC_493\Debug\fin_v0.a(AppDelay.o)
                0x0000752c                AppDelay_Init
 .text.AppDelay_Enable
                0x00007580       0x20 .\CortexM0\ARM_GCC_493\Debug\fin_v0.a(AppDelay.o)
                0x00007580                AppDelay_Enable
 .text.AppDelay_Start
                0x000075a0       0x24 .\CortexM0\ARM_GCC_493\Debug\fin_v0.a(AppDelay.o)
                0x000075a0                AppDelay_Start
 .text.AppDelay_Stop
                0x000075c4       0x1c .\CortexM0\ARM_GCC_493\Debug\fin_v0.a(AppDelay.o)
                0x000075c4                AppDelay_Stop
 .text.AppDelay_SetInterruptMode
                0x000075e0       0x20 .\CortexM0\ARM_GCC_493\Debug\fin_v0.a(AppDelay.o)
                0x000075e0                AppDelay_SetInterruptMode
 .text.AppDelay_ReadStatusRegister
                0x00007600       0x14 .\CortexM0\ARM_GCC_493\Debug\fin_v0.a(AppDelay.o)
                0x00007600                AppDelay_ReadStatusRegister
 .text.AppDelay_ReadPeriod
                0x00007614       0x18 .\CortexM0\ARM_GCC_493\Debug\fin_v0.a(AppDelay.o)
                0x00007614                AppDelay_ReadPeriod
 .text.AppDelay_WritePeriod
                0x0000762c       0x20 .\CortexM0\ARM_GCC_493\Debug\fin_v0.a(AppDelay.o)
                0x0000762c                AppDelay_WritePeriod
 .text.AppDelay_ReadCapture
                0x0000764c       0x18 .\CortexM0\ARM_GCC_493\Debug\fin_v0.a(AppDelay.o)
                0x0000764c                AppDelay_ReadCapture
 .text.AppDelay_WriteCounter
                0x00007664       0x20 .\CortexM0\ARM_GCC_493\Debug\fin_v0.a(AppDelay.o)
                0x00007664                AppDelay_WriteCounter
 .text.AppDelay_ReadCounter
                0x00007684       0x20 .\CortexM0\ARM_GCC_493\Debug\fin_v0.a(AppDelay.o)
                0x00007684                AppDelay_ReadCounter
 .text.AppDelay_ClearFIFO
                0x000076a4       0x1c .\CortexM0\ARM_GCC_493\Debug\fin_v0.a(AppDelay.o)
                0x000076a4                AppDelay_ClearFIFO
 .text.SW_UART_DEBUG_PutString
                0x000076c0       0x58 .\CortexM0\ARM_GCC_493\Debug\fin_v0.a(SW_UART_DEBUG.o)
                0x000076c0                SW_UART_DEBUG_PutString
 .text.SDinsert_Read
                0x00007718       0x1c .\CortexM0\ARM_GCC_493\Debug\fin_v0.a(SDinsert.o)
                0x00007718                SDinsert_Read
 .text.debug_Write
                0x00007734       0x4c .\CortexM0\ARM_GCC_493\Debug\fin_v0.a(debug.o)
                0x00007734                debug_Write
 .text.CySetReg24
                0x00007780       0x34 .\CortexM0\ARM_GCC_493\Debug\fin_v0.a(cyutils.o)
                0x00007780                CySetReg24
 .text.CyGetReg24
                0x000077b4       0x40 .\CortexM0\ARM_GCC_493\Debug\fin_v0.a(cyutils.o)
                0x000077b4                CyGetReg24
 .text.UART_XB_SPI_UART_ISR
                0x000077f4      0x114 .\CortexM0\ARM_GCC_493\Debug\fin_v0.a(UART_XB_SPI_UART_INT.o)
                0x000077f4                UART_XB_SPI_UART_ISR
 *fill*         0x00007908       0x18 
 .text          0x00007920       0xe0 .\CortexM0\ARM_GCC_493\Debug\fin_v0.a(SW_UART_DEBUG_AsmGnu.o)
                0x00007920                SW_UART_DEBUG_PutChar
 .text          0x00007a00      0x120 c:/program files (x86)/cypress/psoc creator/3.3/psoc creator/import/gnu/arm/4.9.3/bin/../lib/gcc/arm-none-eabi/4.9.3/armv6-m\libgcc.a(_udivsi3.o)
                0x00007a00                __aeabi_uidiv
                0x00007a00                __udivsi3
                0x00007b0c                __aeabi_uidivmod
 .text          0x00007b20        0x4 c:/program files (x86)/cypress/psoc creator/3.3/psoc creator/import/gnu/arm/4.9.3/bin/../lib/gcc/arm-none-eabi/4.9.3/armv6-m\libgcc.a(_dvmd_tls.o)
                0x00007b20                __aeabi_idiv0
                0x00007b20                __aeabi_ldiv0
 .text          0x00007b24       0x40 c:/program files (x86)/cypress/psoc creator/3.3/psoc creator/import/gnu/arm/4.9.3/bin/../lib/gcc/arm-none-eabi/4.9.3/armv6-m\libgcc.a(_aeabi_uldivmod.o)
                0x00007b24                __aeabi_uldivmod
 .text          0x00007b64       0x3c c:/program files (x86)/cypress/psoc creator/3.3/psoc creator/import/gnu/arm/4.9.3/bin/../lib/gcc/arm-none-eabi/4.9.3/armv6-m\libgcc.a(_fixunsdfsi.o)
                0x00007b64                __aeabi_d2uiz
                0x00007b64                __fixunsdfsi
 .text          0x00007ba0       0x6c c:/program files (x86)/cypress/psoc creator/3.3/psoc creator/import/gnu/arm/4.9.3/bin/../lib/gcc/arm-none-eabi/4.9.3/armv6-m\libgcc.a(bpabi.o)
                0x00007ba0                __gnu_ldivmod_helper
                0x00007bd8                __gnu_uldivmod_helper
 .text          0x00007c0c      0x648 c:/program files (x86)/cypress/psoc creator/3.3/psoc creator/import/gnu/arm/4.9.3/bin/../lib/gcc/arm-none-eabi/4.9.3/armv6-m\libgcc.a(divdf3.o)
                0x00007c0c                __aeabi_ddiv
 .text          0x00008254      0x6f4 c:/program files (x86)/cypress/psoc creator/3.3/psoc creator/import/gnu/arm/4.9.3/bin/../lib/gcc/arm-none-eabi/4.9.3/armv6-m\libgcc.a(subdf3.o)
                0x00008254                __aeabi_dsub
 .text          0x00008948       0x6c c:/program files (x86)/cypress/psoc creator/3.3/psoc creator/import/gnu/arm/4.9.3/bin/../lib/gcc/arm-none-eabi/4.9.3/armv6-m\libgcc.a(fixdfsi.o)
                0x00008948                __aeabi_d2iz
 .text          0x000089b4       0x64 c:/program files (x86)/cypress/psoc creator/3.3/psoc creator/import/gnu/arm/4.9.3/bin/../lib/gcc/arm-none-eabi/4.9.3/armv6-m\libgcc.a(floatunsidf.o)
                0x000089b4                __aeabi_ui2d
 .text          0x00008a18       0x7c c:/program files (x86)/cypress/psoc creator/3.3/psoc creator/import/gnu/arm/4.9.3/bin/../lib/gcc/arm-none-eabi/4.9.3/armv6-m\libgcc.a(_arm_cmpdf2.o)
                0x00008a18                __aeabi_cdrcmple
                0x00008a28                __aeabi_cdcmple
                0x00008a28                __aeabi_cdcmpeq
                0x00008a38                __aeabi_dcmpeq
                0x00008a44                __aeabi_dcmplt
                0x00008a58                __aeabi_dcmple
                0x00008a6c                __aeabi_dcmpgt
                0x00008a80                __aeabi_dcmpge
 .text          0x00008a94       0x3c c:/program files (x86)/cypress/psoc creator/3.3/psoc creator/import/gnu/arm/4.9.3/bin/../lib/gcc/arm-none-eabi/4.9.3/armv6-m\libgcc.a(_clzsi2.o)
                0x00008a94                __clzsi2
 .text          0x00008ad0       0x54 c:/program files (x86)/cypress/psoc creator/3.3/psoc creator/import/gnu/arm/4.9.3/bin/../lib/gcc/arm-none-eabi/4.9.3/armv6-m\libgcc.a(_muldi3.o)
                0x00008ad0                __muldi3
                0x00008ad0                __aeabi_lmul
 .text          0x00008b24      0x1f0 c:/program files (x86)/cypress/psoc creator/3.3/psoc creator/import/gnu/arm/4.9.3/bin/../lib/gcc/arm-none-eabi/4.9.3/armv6-m\libgcc.a(_divdi3.o)
                0x00008b24                __divdi3
 .text          0x00008d14      0x158 c:/program files (x86)/cypress/psoc creator/3.3/psoc creator/import/gnu/arm/4.9.3/bin/../lib/gcc/arm-none-eabi/4.9.3/armv6-m\libgcc.a(_udivdi3.o)
                0x00008d14                __udivdi3
 .text          0x00008e6c       0x88 c:/program files (x86)/cypress/psoc creator/3.3/psoc creator/import/gnu/arm/4.9.3/bin/../lib/gcc/arm-none-eabi/4.9.3/armv6-m\libgcc.a(eqdf2.o)
                0x00008e6c                __nedf2
                0x00008e6c                __eqdf2
 .text          0x00008ef4       0xe0 c:/program files (x86)/cypress/psoc creator/3.3/psoc creator/import/gnu/arm/4.9.3/bin/../lib/gcc/arm-none-eabi/4.9.3/armv6-m\libgcc.a(gedf2.o)
                0x00008ef4                __gedf2
                0x00008ef4                __gtdf2
 .text          0x00008fd4       0xcc c:/program files (x86)/cypress/psoc creator/3.3/psoc creator/import/gnu/arm/4.9.3/bin/../lib/gcc/arm-none-eabi/4.9.3/armv6-m\libgcc.a(ledf2.o)
                0x00008fd4                __ledf2
                0x00008fd4                __ltdf2
 .text          0x000090a0       0x18 c:/program files (x86)/cypress/psoc creator/3.3/psoc creator/import/gnu/arm/4.9.3/bin/../lib/gcc/arm-none-eabi/4.9.3/armv6-m\libgcc.a(_clzdi2.o)
                0x000090a0                __clzdi2
 .text.__errno  0x000090b8        0xc c:/program files (x86)/cypress/psoc creator/3.3/psoc creator/import/gnu/arm/4.9.3/bin/../lib/gcc/arm-none-eabi/4.9.3/../../../../arm-none-eabi/lib/armv6-m\libg_nano.a(lib_a-errno.o)
                0x000090b8                __errno
 .text.__libc_init_array
                0x000090c4       0x4c c:/program files (x86)/cypress/psoc creator/3.3/psoc creator/import/gnu/arm/4.9.3/bin/../lib/gcc/arm-none-eabi/4.9.3/../../../../arm-none-eabi/lib/armv6-m\libg_nano.a(lib_a-init.o)
                0x000090c4                __libc_init_array
 .text.memcpy   0x00009110       0x12 c:/program files (x86)/cypress/psoc creator/3.3/psoc creator/import/gnu/arm/4.9.3/bin/../lib/gcc/arm-none-eabi/4.9.3/../../../../arm-none-eabi/lib/armv6-m\libg_nano.a(lib_a-memcpy.o)
                0x00009110                memcpy
 .text.memset   0x00009122       0x10 c:/program files (x86)/cypress/psoc creator/3.3/psoc creator/import/gnu/arm/4.9.3/bin/../lib/gcc/arm-none-eabi/4.9.3/../../../../arm-none-eabi/lib/armv6-m\libg_nano.a(lib_a-memset.o)
                0x00009122                memset
 *fill*         0x00009132        0x2 
 .text.sprintf  0x00009134       0x44 c:/program files (x86)/cypress/psoc creator/3.3/psoc creator/import/gnu/arm/4.9.3/bin/../lib/gcc/arm-none-eabi/4.9.3/../../../../arm-none-eabi/lib/armv6-m\libg_nano.a(lib_a-sprintf.o)
                0x00009134                siprintf
                0x00009134                sprintf
 .text.strcat   0x00009178       0x1a c:/program files (x86)/cypress/psoc creator/3.3/psoc creator/import/gnu/arm/4.9.3/bin/../lib/gcc/arm-none-eabi/4.9.3/../../../../arm-none-eabi/lib/armv6-m\libg_nano.a(lib_a-strcat.o)
                0x00009178                strcat
 .text.strlen   0x00009192        0xe c:/program files (x86)/cypress/psoc creator/3.3/psoc creator/import/gnu/arm/4.9.3/bin/../lib/gcc/arm-none-eabi/4.9.3/../../../../arm-none-eabi/lib/armv6-m\libg_nano.a(lib_a-strlen.o)
                0x00009192                strlen
 .text.__ssputs_r
                0x000091a0       0xc0 c:/program files (x86)/cypress/psoc creator/3.3/psoc creator/import/gnu/arm/4.9.3/bin/../lib/gcc/arm-none-eabi/4.9.3/../../../../arm-none-eabi/lib/armv6-m\libg_nano.a(lib_a-nano-svfprintf.o)
                0x000091a0                __ssputs_r
 .text._svfprintf_r
                0x00009260      0x1ec c:/program files (x86)/cypress/psoc creator/3.3/psoc creator/import/gnu/arm/4.9.3/bin/../lib/gcc/arm-none-eabi/4.9.3/../../../../arm-none-eabi/lib/armv6-m\libg_nano.a(lib_a-nano-svfprintf.o)
                0x00009260                _svfiprintf_r
                0x00009260                _svfprintf_r
 .text._printf_common
                0x0000944c       0xdc c:/program files (x86)/cypress/psoc creator/3.3/psoc creator/import/gnu/arm/4.9.3/bin/../lib/gcc/arm-none-eabi/4.9.3/../../../../arm-none-eabi/lib/armv6-m\libg_nano.a(lib_a-nano-vfprintf_i.o)
                0x0000944c                _printf_common
 .text._printf_i
                0x00009528      0x230 c:/program files (x86)/cypress/psoc creator/3.3/psoc creator/import/gnu/arm/4.9.3/bin/../lib/gcc/arm-none-eabi/4.9.3/../../../../arm-none-eabi/lib/armv6-m\libg_nano.a(lib_a-nano-vfprintf_i.o)
                0x00009528                _printf_i
 .text.memchr   0x00009758       0x16 c:/program files (x86)/cypress/psoc creator/3.3/psoc creator/import/gnu/arm/4.9.3/bin/../lib/gcc/arm-none-eabi/4.9.3/../../../../arm-none-eabi/lib/armv6-m\libg_nano.a(lib_a-memchr.o)
                0x00009758                memchr
 .text.memmove  0x0000976e       0x28 c:/program files (x86)/cypress/psoc creator/3.3/psoc creator/import/gnu/arm/4.9.3/bin/../lib/gcc/arm-none-eabi/4.9.3/../../../../arm-none-eabi/lib/armv6-m\libg_nano.a(lib_a-memmove.o)
                0x0000976e                memmove
 *fill*         0x00009796        0x2 
 .text._free_r  0x00009798       0x8c c:/program files (x86)/cypress/psoc creator/3.3/psoc creator/import/gnu/arm/4.9.3/bin/../lib/gcc/arm-none-eabi/4.9.3/../../../../arm-none-eabi/lib/armv6-m\libg_nano.a(lib_a-nano-freer.o)
                0x00009798                _free_r
 .text._malloc_r
                0x00009824       0xb0 c:/program files (x86)/cypress/psoc creator/3.3/psoc creator/import/gnu/arm/4.9.3/bin/../lib/gcc/arm-none-eabi/4.9.3/../../../../arm-none-eabi/lib/armv6-m\libg_nano.a(lib_a-nano-mallocr.o)
                0x00009824                _malloc_r
 .text._realloc_r
                0x000098d4       0x4c c:/program files (x86)/cypress/psoc creator/3.3/psoc creator/import/gnu/arm/4.9.3/bin/../lib/gcc/arm-none-eabi/4.9.3/../../../../arm-none-eabi/lib/armv6-m\libg_nano.a(lib_a-nano-reallocr.o)
                0x000098d4                _realloc_r
 .text._sbrk_r  0x00009920       0x24 c:/program files (x86)/cypress/psoc creator/3.3/psoc creator/import/gnu/arm/4.9.3/bin/../lib/gcc/arm-none-eabi/4.9.3/../../../../arm-none-eabi/lib/armv6-m\libg_nano.a(lib_a-sbrkr.o)
                0x00009920                _sbrk_r
 .text._malloc_usable_size_r
                0x00009944       0x16 c:/program files (x86)/cypress/psoc creator/3.3/psoc creator/import/gnu/arm/4.9.3/bin/../lib/gcc/arm-none-eabi/4.9.3/../../../../arm-none-eabi/lib/armv6-m\libg_nano.a(lib_a-nano-msizer.o)
                0x00009944                _malloc_usable_size_r
 *(.plt)
 *(.gnu.warning)
 *(.glue_7t)
 .glue_7t       0x00000000        0x0 linker stubs
 *(.glue_7)
 .glue_7        0x00000000        0x0 linker stubs
 *(.vfp11_veneer)
 .vfp11_veneer  0x00000000        0x0 linker stubs
 *(.bootloader)
 *(.ARM.extab* .gnu.linkonce.armextab.*)
 *(.gcc_except_table)

.v4_bx          0x0000995c        0x0
 .v4_bx         0x00000000        0x0 linker stubs

.iplt           0x0000995c        0x0
 .iplt          0x00000000        0x0 c:/program files (x86)/cypress/psoc creator/3.3/psoc creator/import/gnu/arm/4.9.3/bin/../lib/gcc/arm-none-eabi/4.9.3/armv6-m/crtbegin.o

.eh_frame_hdr
 *(.eh_frame_hdr)

.eh_frame       0x0000995c        0x4
 *(.eh_frame)
 .eh_frame      0x0000995c        0x0 c:/program files (x86)/cypress/psoc creator/3.3/psoc creator/import/gnu/arm/4.9.3/bin/../lib/gcc/arm-none-eabi/4.9.3/armv6-m/crtbegin.o
 .eh_frame      0x0000995c        0x4 c:/program files (x86)/cypress/psoc creator/3.3/psoc creator/import/gnu/arm/4.9.3/bin/../lib/gcc/arm-none-eabi/4.9.3/armv6-m/crtend.o
                0x00009960                PROVIDE (__exidx_start, .)

.ARM.exidx      0x00009960        0x8
 *(.ARM.exidx* .gnu.linkonce.armexidx.*)
 .ARM.exidx     0x00009960        0x8 c:/program files (x86)/cypress/psoc creator/3.3/psoc creator/import/gnu/arm/4.9.3/bin/../lib/gcc/arm-none-eabi/4.9.3/armv6-m\libgcc.a(_divdi3.o)
 .ARM.exidx     0x00009968        0x0 c:/program files (x86)/cypress/psoc creator/3.3/psoc creator/import/gnu/arm/4.9.3/bin/../lib/gcc/arm-none-eabi/4.9.3/armv6-m\libgcc.a(_udivdi3.o)
                                  0x8 (size before relaxing)
                0x00009968                __exidx_end = .

.rodata         0x00009968      0x5f8
 *(.rodata .rodata.* .gnu.linkonce.r.*)
 .rodata        0x00009968       0x44 .\CortexM0\ARM_GCC_493\Debug\display.o
 .rodata        0x000099ac       0xec .\CortexM0\ARM_GCC_493\Debug\ff.o
 .rodata        0x00009a98       0xc4 .\CortexM0\ARM_GCC_493\Debug\logResult.o
 .rodata        0x00009b5c       0x64 .\CortexM0\ARM_GCC_493\Debug\network.o
 .rodata        0x00009bc0       0x6c .\CortexM0\ARM_GCC_493\Debug\svt.o
 .rodata        0x00009c2c       0x28 .\CortexM0\ARM_GCC_493\Debug\ntp.o
 .rodata        0x00009c54       0x6c .\CortexM0\ARM_GCC_493\Debug\main.o
 .rodata        0x00009cc0      0x15c .\CortexM0\ARM_GCC_493\Debug\fin_v0.a(cyfitter_cfg.o)
 .rodata        0x00009e1c       0x30 .\CortexM0\ARM_GCC_493\Debug\fin_v0.a(CyLib.o)
                0x00009e1c                cyImoFreqMhz2Reg
 .rodata        0x00009e4c       0x24 .\CortexM0\ARM_GCC_493\Debug\fin_v0.a(RTC.o)
                0x00009e4c                RTC_daysBeforeMonthTbl
                0x00009e64                RTC_daysInMonthTbl
 .rodata        0x00009e70       0x40 .\CortexM0\ARM_GCC_493\Debug\fin_v0.a(LCD_CustChars.o)
                0x00009e70                LCD_customFonts
 .rodata        0x00009eb0       0x40 c:/program files (x86)/cypress/psoc creator/3.3/psoc creator/import/gnu/arm/4.9.3/bin/../lib/gcc/arm-none-eabi/4.9.3/armv6-m\libgcc.a(divdf3.o)
 .rodata.str1.1
                0x00009ef0        0x2 c:/program files (x86)/cypress/psoc creator/3.3/psoc creator/import/gnu/arm/4.9.3/bin/../lib/gcc/arm-none-eabi/4.9.3/../../../../arm-none-eabi/lib/armv6-m\libg_nano.a(lib_a-impure.o)
 .rodata.str1.1
                0x00009ef2       0x11 c:/program files (x86)/cypress/psoc creator/3.3/psoc creator/import/gnu/arm/4.9.3/bin/../lib/gcc/arm-none-eabi/4.9.3/../../../../arm-none-eabi/lib/armv6-m\libg_nano.a(lib_a-nano-svfprintf.o)
 .rodata.str1.1
                0x00009f03       0x22 c:/program files (x86)/cypress/psoc creator/3.3/psoc creator/import/gnu/arm/4.9.3/bin/../lib/gcc/arm-none-eabi/4.9.3/../../../../arm-none-eabi/lib/armv6-m\libg_nano.a(lib_a-nano-vfprintf_i.o)
                0x00009f28                . = ALIGN (0x4)
 *fill*         0x00009f25        0x3 
 *(.init)
 .init          0x00009f28        0x4 c:/program files (x86)/cypress/psoc creator/3.3/psoc creator/import/gnu/arm/4.9.3/bin/../lib/gcc/arm-none-eabi/4.9.3/armv6-m/crti.o
                0x00009f28                _init
 .init          0x00009f2c        0x8 c:/program files (x86)/cypress/psoc creator/3.3/psoc creator/import/gnu/arm/4.9.3/bin/../lib/gcc/arm-none-eabi/4.9.3/armv6-m/crtn.o
                0x00009f34                . = ALIGN (0x4)
                0x00009f34                __preinit_array_start = .
 *(.preinit_array)
                0x00009f34                __preinit_array_end = .
                0x00009f34                . = ALIGN (0x4)
                0x00009f34                __init_array_start = .
 *(SORT(.init_array.*))
 *(.init_array)
 .init_array    0x00009f34        0x4 c:/program files (x86)/cypress/psoc creator/3.3/psoc creator/import/gnu/arm/4.9.3/bin/../lib/gcc/arm-none-eabi/4.9.3/armv6-m/crtbegin.o
 .init_array    0x00009f38        0x4 .\CortexM0\ARM_GCC_493\Debug\Cm0Start.o
                0x00009f3c                __init_array_end = .
                0x00009f3c                . = ALIGN (0x4)
 *(.fini)
 .fini          0x00009f3c        0x4 c:/program files (x86)/cypress/psoc creator/3.3/psoc creator/import/gnu/arm/4.9.3/bin/../lib/gcc/arm-none-eabi/4.9.3/armv6-m/crti.o
                0x00009f3c                _fini
 .fini          0x00009f40        0x8 c:/program files (x86)/cypress/psoc creator/3.3/psoc creator/import/gnu/arm/4.9.3/bin/../lib/gcc/arm-none-eabi/4.9.3/armv6-m/crtn.o
                0x00009f48                . = ALIGN (0x4)
                0x00009f48                __fini_array_start = .
 *(.fini_array)
 .fini_array    0x00009f48        0x4 c:/program files (x86)/cypress/psoc creator/3.3/psoc creator/import/gnu/arm/4.9.3/bin/../lib/gcc/arm-none-eabi/4.9.3/armv6-m/crtbegin.o
 *(SORT(.fini_array.*))
                0x00009f4c                __fini_array_end = .
                0x00009f4c                . = ALIGN (0x4)
 *crtbegin.o(.ctors)
 *(EXCLUDE_FILE(*crtend.o) .ctors)
 *(SORT(.ctors.*))
 *crtend.o(.ctors)
                0x00009f4c                . = ALIGN (0x4)
 *crtbegin.o(.dtors)
 *(EXCLUDE_FILE(*crtend.o) .dtors)
 *(SORT(.dtors.*))
 *crtend.o(.dtors)
                0x00009f4c                . = ALIGN (0x4)
                0x00009f4c                __cy_regions = .
                0x00009f4c        0x4 LONG 0x9f60 __cy_region_init_ram
                0x00009f50        0x4 LONG 0x200000c8 __cy_region_start_data
                0x00009f54        0x4 LONG 0x98 __cy_region_init_size_ram
                0x00009f58        0x4 LONG 0x2c78 __cy_region_zero_size_ram
                0x00009f5c                __cy_regions_end = .
                0x00009f60                . = ALIGN (0x8)
 *fill*         0x00009f5c        0x4 
                0x00009f60                _etext = .

.cy_checksum_exclude
                0x00009f60        0x0
 *(.cy_checksum_exclude)

.ramvectors     0x20000000       0xc0
                0x20000000                __cy_region_start_ram = .
 *(.ramvectors)
 .ramvectors    0x20000000       0xc0 .\CortexM0\ARM_GCC_493\Debug\Cm0Start.o
                0x20000000                CyRamVectors

.noinit         0x200000c0        0x4
 *(.noinit)
 .noinit        0x200000c0        0x4 .\CortexM0\ARM_GCC_493\Debug\Cm0Start.o

.data           0x200000c8       0x98 load address 0x00009f60
                0x200000c8                __cy_region_start_data = .
 *(.jcr)
 .jcr           0x200000c8        0x0 c:/program files (x86)/cypress/psoc creator/3.3/psoc creator/import/gnu/arm/4.9.3/bin/../lib/gcc/arm-none-eabi/4.9.3/armv6-m/crtbegin.o
 .jcr           0x200000c8        0x4 c:/program files (x86)/cypress/psoc creator/3.3/psoc creator/import/gnu/arm/4.9.3/bin/../lib/gcc/arm-none-eabi/4.9.3/armv6-m/crtend.o
 *(.got.plt)
 *(.got)
 *(.shdata)
 *(.data .data.* .gnu.linkonce.d.*)
 .data          0x200000cc        0x1 .\CortexM0\ARM_GCC_493\Debug\sdcard.o
 *fill*         0x200000cd        0x3 
 .data          0x200000d0        0x4 .\CortexM0\ARM_GCC_493\Debug\logResult.o
 .data          0x200000d4        0x4 .\CortexM0\ARM_GCC_493\Debug\Cm0Start.o
 .data          0x200000d8       0x10 .\CortexM0\ARM_GCC_493\Debug\fin_v0.a(CyLib.o)
                0x200000d8                cydelayFreqHz
                0x200000dc                cydelayFreqKhz
                0x200000e0                cydelayFreqMhz
                0x200000e4                cydelay32kMs
 .data          0x200000e8        0x8 .\CortexM0\ARM_GCC_493\Debug\fin_v0.a(CyLFClk.o)
 .data          0x200000f0        0x8 .\CortexM0\ARM_GCC_493\Debug\fin_v0.a(SW_UART_DEBUG.o)
                0x200000f0                SW_UART_DEBUG_pinNumber
                0x200000f4                SW_UART_DEBUG_pinDrAdress
 .data.impure_data
                0x200000f8       0x60 c:/program files (x86)/cypress/psoc creator/3.3/psoc creator/import/gnu/arm/4.9.3/bin/../lib/gcc/arm-none-eabi/4.9.3/../../../../arm-none-eabi/lib/armv6-m\libg_nano.a(lib_a-impure.o)
 .data._impure_ptr
                0x20000158        0x4 c:/program files (x86)/cypress/psoc creator/3.3/psoc creator/import/gnu/arm/4.9.3/bin/../lib/gcc/arm-none-eabi/4.9.3/../../../../arm-none-eabi/lib/armv6-m\libg_nano.a(lib_a-impure.o)
                0x20000158                _impure_ptr
                0x20000160                . = ALIGN (0x8)
 *fill*         0x2000015c        0x4 
 *(.ram)
                0x20000160                _edata = .

.igot.plt       0x20000160        0x0 load address 0x00009ff8
 .igot.plt      0x00000000        0x0 c:/program files (x86)/cypress/psoc creator/3.3/psoc creator/import/gnu/arm/4.9.3/bin/../lib/gcc/arm-none-eabi/4.9.3/armv6-m/crtbegin.o

.bss            0x20000160     0x2c78 load address 0x00009ff8
                0x20000160                PROVIDE (__bss_start__, .)
 *(.shbss)
 *(.bss .bss.* .gnu.linkonce.b.*)
 .bss           0x20000160       0x1c c:/program files (x86)/cypress/psoc creator/3.3/psoc creator/import/gnu/arm/4.9.3/bin/../lib/gcc/arm-none-eabi/4.9.3/armv6-m/crtbegin.o
 *fill*         0x2000017c        0x4 
 .bss           0x20000180       0x10 .\CortexM0\ARM_GCC_493\Debug\RTC_WDT.o
                0x20000188                RTCSyncWithDS
                0x2000018c                msRTC
 .bss           0x20000190       0x64 .\CortexM0\ARM_GCC_493\Debug\display.o
 .bss           0x200001f4        0x8 .\CortexM0\ARM_GCC_493\Debug\ff.o
 .bss           0x200001fc        0x1 .\CortexM0\ARM_GCC_493\Debug\sdcard.o
 *fill*         0x200001fd        0x3 
 .bss           0x20000200       0x10 .\CortexM0\ARM_GCC_493\Debug\gate.o
 .bss           0x20000210      0x404 .\CortexM0\ARM_GCC_493\Debug\crc32.o
 .bss           0x20000614        0x1 .\CortexM0\ARM_GCC_493\Debug\ntp.o
                0x20000614                NTP_STATE
 *fill*         0x20000615        0x3 
 .bss           0x20000618       0x68 .\CortexM0\ARM_GCC_493\Debug\myDelay.o
 .bss           0x20000680       0x80 .\CortexM0\ARM_GCC_493\Debug\main.o
 .bss           0x20000700       0x28 .\CortexM0\ARM_GCC_493\Debug\fin_v0.a(CyLFClk.o)
 .bss           0x20000728       0x10 .\CortexM0\ARM_GCC_493\Debug\fin_v0.a(RTC.o)
 .bss           0x20000738        0x2 .\CortexM0\ARM_GCC_493\Debug\fin_v0.a(LCD.o)
                0x20000738                LCD_enableState
                0x20000739                LCD_initVar
 *fill*         0x2000073a        0x2 
 .bss           0x2000073c        0x8 .\CortexM0\ARM_GCC_493\Debug\fin_v0.a(UART_XB.o)
                0x2000073c                UART_XB_initVar
                0x2000073e                UART_XB_IntrTxMask
                0x20000740                UART_XB_customIntrHandler
 .bss           0x20000744        0x1 .\CortexM0\ARM_GCC_493\Debug\fin_v0.a(AppDelay.o)
                0x20000744                AppDelay_initVar
 *fill*         0x20000745        0x3 
 .bss           0x20000748        0x4 .\CortexM0\ARM_GCC_493\Debug\fin_v0.a(SW_UART_DEBUG.o)
                0x20000748                SW_UART_DEBUG_pinPortNumber
 .bss.__malloc_sbrk_start
                0x2000074c        0x4 c:/program files (x86)/cypress/psoc creator/3.3/psoc creator/import/gnu/arm/4.9.3/bin/../lib/gcc/arm-none-eabi/4.9.3/../../../../arm-none-eabi/lib/armv6-m\libg_nano.a(lib_a-nano-mallocr.o)
                0x2000074c                __malloc_sbrk_start
 .bss.__malloc_free_list
                0x20000750        0x4 c:/program files (x86)/cypress/psoc creator/3.3/psoc creator/import/gnu/arm/4.9.3/bin/../lib/gcc/arm-none-eabi/4.9.3/../../../../arm-none-eabi/lib/armv6-m\libg_nano.a(lib_a-nano-mallocr.o)
                0x20000750                __malloc_free_list
 *(COMMON)
 *fill*         0x20000754        0x4 
 COMMON         0x20000758     0x2508 .\CortexM0\ARM_GCC_493\Debug\display.o
                0x20000758                fatFs
                0x20000988                skiersStarted
                0x2000098c                createFlag
                0x20000990                skierDB
                0x200025b0                currentSizeBuff
                0x200025b4                skiersFinished
                0x200025b8                fileO
                0x200027e0                fifo
                0x20002a58                bufferFifo
                0x20002bd8                bufferSkiersOnWay
                0x20002c58                currentElementFinish
                0x20002c5c                currentElementStart
 COMMON         0x20002c60        0x1 .\CortexM0\ARM_GCC_493\Debug\LED.o
                0x20002c60                LED_InitValue
 *fill*         0x20002c61        0x7 
 COMMON         0x20002c68       0x58 .\CortexM0\ARM_GCC_493\Debug\network.o
                0x20002c68                NtpLenChS
                0x20002c69                LenC
                0x20002c6a                NtpLenMsD1
                0x20002c70                outData
                0x20002c88                NtpLenId
                0x20002c89                LenChS
                0x20002c90                inData
                0x20002ca8                LenD1
                0x20002ca9                LenSeq
                0x20002caa                LenD2
                0x20002cab                NtpLenD2
                0x20002cac                networkStatus
                0x20002cb0                PROTO_STATE
                0x20002cb4                noConnect
                0x20002cb8                LenD3
                0x20002cb9                NtpLenD1
                0x20002cba                NtpLenMsD2
                0x20002cbc                numAttemps
 COMMON         0x20002cc0        0x1 .\CortexM0\ARM_GCC_493\Debug\main.o
                0x20002cc0                currentState
 *fill*         0x20002cc1        0x7 
 COMMON         0x20002cc8       0x28 .\CortexM0\ARM_GCC_493\Debug\fin_v0.a(RTC.o)
                0x20002cc8                RTC_initVar
                0x20002ccc                RTC_currentTimeDate
                0x20002cdc                RTC_alarmCurStatus
                0x20002ce0                RTC_dstStatus
                0x20002ce8                RTC_unixTime
 COMMON         0x20002cf0       0xe0 .\CortexM0\ARM_GCC_493\Debug\fin_v0.a(UART_XB_SPI_UART.o)
                0x20002cf0                UART_XB_rxBufferTail
                0x20002cf4                UART_XB_rxBufferOverflow
                0x20002cf8                UART_XB_txBufferHead
                0x20002cfc                UART_XB_txBufferInternal
                0x20002d60                UART_XB_rxBufferInternal
                0x20002dc8                UART_XB_rxBufferHead
                0x20002dcc                UART_XB_txBufferTail
 COMMON         0x20002dd0        0x4 c:/program files (x86)/cypress/psoc creator/3.3/psoc creator/import/gnu/arm/4.9.3/bin/../lib/gcc/arm-none-eabi/4.9.3/../../../../arm-none-eabi/lib/armv6-m\libg_nano.a(lib_a-reent.o)
                0x20002dd0                errno
                0x20002dd8                . = ALIGN (0x8)
 *fill*         0x20002dd4        0x4 
 *(.ram.b)
                0x20002dd8                _end = .
                0x20002dd8                __end = .
                0x20002dd8                PROVIDE (end, .)
                0x20002dd8                PROVIDE (__bss_end__, .)
                0x00009f60                __cy_region_init_ram = LOADADDR (.data)
                0x00000098                __cy_region_init_size_ram = (_edata - ADDR (.data))
                0x00002c78                __cy_region_zero_size_ram = (_end - _edata)

.heap           0x20002dd8       0x80 load address 0x00009ff8
                0x20002dd8                . = _end
                0x20002e58                . = (. + 0x80)
 *fill*         0x20002dd8       0x80 
                0x20002e58                __cy_heap_limit = .

.stack          0x20003800      0x800
                0x20003800                __cy_stack_limit = .
                0x20004000                . = (. + 0x800)
 *fill*         0x20003800      0x800 
                0x00000001                ASSERT ((__cy_stack_limit >= __cy_heap_limit), region RAM overflowed with stack)
                0x00000000                cy_checksum_exclude_size = (CY_APPL_LOADABLE == 0x1)?SIZEOF (.cy_checksum_exclude):0x0
                0x00000001                ASSERT ((cy_checksum_exclude_size <= CY_CHECKSUM_EXCLUDE_SIZE), CY_BOOT: Section .cy_checksum_exclude size exceedes specified limit.)
                0x0001ffc0                cyloadermeta_start = (cy_project_type_bootloader || cy_project_type_app_for_stack_and_copier)?(0x20000 - CY_METADATA_SIZE):0xf0000000

.cyloadermeta
 *(.cyloadermeta)
                0x0001ffc0                cyloadablemeta_start = cy_project_type_app_for_stack_and_copier?((0x20000 - CY_FLASH_ROW_SIZE) - CY_METADATA_SIZE):((0x20000 - (CY_FLASH_ROW_SIZE * (CY_APPL_NUM - 0x1))) - CY_METADATA_SIZE)

.cyloadablemeta
 *(.cyloadablemeta)

.cyflashprotect
                0x90400000       0x80
 *(.cyflashprotect)
 .cyflashprotect
                0x90400000       0x80 .\CortexM0\ARM_GCC_493\Debug\cymetadata.o
                0x90400000                cy_meta_flashprotect

.cymeta         0x90500000        0xc
 *(.cymeta)
 .cymeta        0x90500000        0xc .\CortexM0\ARM_GCC_493\Debug\cymetadata.o
                0x90500000                cy_metadata

.cychipprotect  0x90600000        0x4
 *(.cychipprotect)
 .cychipprotect
                0x90600000        0x4 .\CortexM0\ARM_GCC_493\Debug\cymetadata.o
                0x90600000                cy_meta_chipprotect

.rel.dyn        0x00009ff8        0x0 load address 0x90600004
 .rel.iplt      0x00000000        0x0 c:/program files (x86)/cypress/psoc creator/3.3/psoc creator/import/gnu/arm/4.9.3/bin/../lib/gcc/arm-none-eabi/4.9.3/armv6-m/crtbegin.o

.stab
 *(.stab)

.stabstr
 *(.stabstr)

.debug
 *(.debug)

.line
 *(.line)

.debug_srcinfo
 *(.debug_srcinfo)

.debug_sfnames
 *(.debug_sfnames)

.debug_aranges  0x00000000     0x1488
 *(.debug_aranges)
 .debug_aranges
                0x00000000       0x90 .\CortexM0\ARM_GCC_493\Debug\RTC_WDT.o
 .debug_aranges
                0x00000090       0x60 .\CortexM0\ARM_GCC_493\Debug\DS1307.o
 .debug_aranges
                0x000000f0       0x68 .\CortexM0\ARM_GCC_493\Debug\display.o
 .debug_aranges
                0x00000158      0x1d0 .\CortexM0\ARM_GCC_493\Debug\ff.o
 .debug_aranges
                0x00000328       0x60 .\CortexM0\ARM_GCC_493\Debug\rtc_fat.o
 .debug_aranges
                0x00000388       0x80 .\CortexM0\ARM_GCC_493\Debug\sdcard.o
 .debug_aranges
                0x00000408       0x40 .\CortexM0\ARM_GCC_493\Debug\gate.o
 .debug_aranges
                0x00000448       0x88 .\CortexM0\ARM_GCC_493\Debug\database.o
 .debug_aranges
                0x000004d0       0x58 .\CortexM0\ARM_GCC_493\Debug\logResult.o
 .debug_aranges
                0x00000528       0x40 .\CortexM0\ARM_GCC_493\Debug\LED.o
 .debug_aranges
                0x00000568       0x38 .\CortexM0\ARM_GCC_493\Debug\crc32.o
 .debug_aranges
                0x000005a0       0x68 .\CortexM0\ARM_GCC_493\Debug\network.o
 .debug_aranges
                0x00000608       0x40 .\CortexM0\ARM_GCC_493\Debug\svt.o
 .debug_aranges
                0x00000648       0x38 .\CortexM0\ARM_GCC_493\Debug\ntp.o
 .debug_aranges
                0x00000680       0x40 .\CortexM0\ARM_GCC_493\Debug\myDelay.o
 .debug_aranges
                0x000006c0       0x40 .\CortexM0\ARM_GCC_493\Debug\main.o
 .debug_aranges
                0x00000700       0x18 .\CortexM0\ARM_GCC_493\Debug\cymetadata.o
 .debug_aranges
                0x00000718       0x48 .\CortexM0\ARM_GCC_493\Debug\Cm0Start.o
 .debug_aranges
                0x00000760       0x50 .\CortexM0\ARM_GCC_493\Debug\fin_v0.a(cyfitter_cfg.o)
 .debug_aranges
                0x000007b0       0x20 .\CortexM0\ARM_GCC_493\Debug\fin_v0.a(CyBootAsmGnu.o)
 .debug_aranges
                0x000007d0      0x1a0 .\CortexM0\ARM_GCC_493\Debug\fin_v0.a(CyLib.o)
 .debug_aranges
                0x00000970      0x198 .\CortexM0\ARM_GCC_493\Debug\fin_v0.a(CyLFClk.o)
 .debug_aranges
                0x00000b08      0x128 .\CortexM0\ARM_GCC_493\Debug\fin_v0.a(RTC.o)
 .debug_aranges
                0x00000c30       0x68 .\CortexM0\ARM_GCC_493\Debug\fin_v0.a(I2C.o)
 .debug_aranges
                0x00000c98       0x28 .\CortexM0\ARM_GCC_493\Debug\fin_v0.a(I2C_I2C.o)
 .debug_aranges
                0x00000cc0       0x88 .\CortexM0\ARM_GCC_493\Debug\fin_v0.a(I2C_I2C_MASTER.o)
 .debug_aranges
                0x00000d48       0x98 .\CortexM0\ARM_GCC_493\Debug\fin_v0.a(LCD.o)
 .debug_aranges
                0x00000de0       0x20 .\CortexM0\ARM_GCC_493\Debug\fin_v0.a(LCD_CustChars.o)
 .debug_aranges
                0x00000e00       0x48 .\CortexM0\ARM_GCC_493\Debug\fin_v0.a(GatePin.o)
 .debug_aranges
                0x00000e48      0x158 .\CortexM0\ARM_GCC_493\Debug\fin_v0.a(Timer_LED.o)
 .debug_aranges
                0x00000fa0       0x80 .\CortexM0\ARM_GCC_493\Debug\fin_v0.a(Int_Timer_Led.o)
 .debug_aranges
                0x00001020       0x48 .\CortexM0\ARM_GCC_493\Debug\fin_v0.a(LED_PIN.o)
 .debug_aranges
                0x00001068       0x68 .\CortexM0\ARM_GCC_493\Debug\fin_v0.a(UART_XB.o)
 .debug_aranges
                0x000010d0       0x60 .\CortexM0\ARM_GCC_493\Debug\fin_v0.a(UART_XB_SPI_UART.o)
 .debug_aranges
                0x00001130       0x88 .\CortexM0\ARM_GCC_493\Debug\fin_v0.a(UART_XB_UART.o)
 .debug_aranges
                0x000011b8       0x58 .\CortexM0\ARM_GCC_493\Debug\fin_v0.a(SwSPI_Master.o)
 .debug_aranges
                0x00001210       0x80 .\CortexM0\ARM_GCC_493\Debug\fin_v0.a(GATE_INT.o)
 .debug_aranges
                0x00001290       0x90 .\CortexM0\ARM_GCC_493\Debug\fin_v0.a(AppDelay.o)
 .debug_aranges
                0x00001320       0x50 .\CortexM0\ARM_GCC_493\Debug\fin_v0.a(SW_UART_DEBUG.o)
 .debug_aranges
                0x00001370       0x48 .\CortexM0\ARM_GCC_493\Debug\fin_v0.a(SDinsert.o)
 .debug_aranges
                0x000013b8       0x48 .\CortexM0\ARM_GCC_493\Debug\fin_v0.a(debug.o)
 .debug_aranges
                0x00001400       0x28 .\CortexM0\ARM_GCC_493\Debug\fin_v0.a(cyutils.o)
 .debug_aranges
                0x00001428       0x20 .\CortexM0\ARM_GCC_493\Debug\fin_v0.a(I2C_I2C_INT.o)
 .debug_aranges
                0x00001448       0x20 .\CortexM0\ARM_GCC_493\Debug\fin_v0.a(UART_XB_SPI_UART_INT.o)
 .debug_aranges
                0x00001468       0x20 .\CortexM0\ARM_GCC_493\Debug\fin_v0.a(SW_UART_DEBUG_AsmGnu.o)

.debug_pubnames
 *(.debug_pubnames)

.debug_info     0x00000000     0xcb95
 *(.debug_info .gnu.linkonce.wi.*)
 .debug_info    0x00000000      0x406 .\CortexM0\ARM_GCC_493\Debug\RTC_WDT.o
 .debug_info    0x00000406      0x62a .\CortexM0\ARM_GCC_493\Debug\DS1307.o
 .debug_info    0x00000a30      0x6ec .\CortexM0\ARM_GCC_493\Debug\display.o
 .debug_info    0x0000111c     0x1c6a .\CortexM0\ARM_GCC_493\Debug\ff.o
 .debug_info    0x00002d86      0x316 .\CortexM0\ARM_GCC_493\Debug\rtc_fat.o
 .debug_info    0x0000309c      0x528 .\CortexM0\ARM_GCC_493\Debug\sdcard.o
 .debug_info    0x000035c4      0x5a3 .\CortexM0\ARM_GCC_493\Debug\gate.o
 .debug_info    0x00003b67      0x799 .\CortexM0\ARM_GCC_493\Debug\database.o
 .debug_info    0x00004300      0x812 .\CortexM0\ARM_GCC_493\Debug\logResult.o
 .debug_info    0x00004b12      0x183 .\CortexM0\ARM_GCC_493\Debug\LED.o
 .debug_info    0x00004c95      0x205 .\CortexM0\ARM_GCC_493\Debug\crc32.o
 .debug_info    0x00004e9a      0xc06 .\CortexM0\ARM_GCC_493\Debug\network.o
 .debug_info    0x00005aa0      0x402 .\CortexM0\ARM_GCC_493\Debug\svt.o
 .debug_info    0x00005ea2      0x306 .\CortexM0\ARM_GCC_493\Debug\ntp.o
 .debug_info    0x000061a8      0x87c .\CortexM0\ARM_GCC_493\Debug\myDelay.o
 .debug_info    0x00006a24      0x8af .\CortexM0\ARM_GCC_493\Debug\main.o
 .debug_info    0x000072d3       0xfe .\CortexM0\ARM_GCC_493\Debug\cymetadata.o
 .debug_info    0x000073d1      0x300 .\CortexM0\ARM_GCC_493\Debug\Cm0Start.o
 .debug_info    0x000076d1      0x357 .\CortexM0\ARM_GCC_493\Debug\fin_v0.a(cyfitter_cfg.o)
 .debug_info    0x00007a28       0xb0 .\CortexM0\ARM_GCC_493\Debug\fin_v0.a(CyBootAsmGnu.o)
 .debug_info    0x00007ad8      0x985 .\CortexM0\ARM_GCC_493\Debug\fin_v0.a(CyLib.o)
 .debug_info    0x0000845d      0xaa3 .\CortexM0\ARM_GCC_493\Debug\fin_v0.a(CyLFClk.o)
 .debug_info    0x00008f00      0xa4c .\CortexM0\ARM_GCC_493\Debug\fin_v0.a(RTC.o)
 .debug_info    0x0000994c      0x1e4 .\CortexM0\ARM_GCC_493\Debug\fin_v0.a(I2C.o)
 .debug_info    0x00009b30      0x11c .\CortexM0\ARM_GCC_493\Debug\fin_v0.a(I2C_I2C.o)
 .debug_info    0x00009c4c      0x469 .\CortexM0\ARM_GCC_493\Debug\fin_v0.a(I2C_I2C_MASTER.o)
 .debug_info    0x0000a0b5      0x3e8 .\CortexM0\ARM_GCC_493\Debug\fin_v0.a(LCD.o)
 .debug_info    0x0000a49d       0xf7 .\CortexM0\ARM_GCC_493\Debug\fin_v0.a(LCD_CustChars.o)
 .debug_info    0x0000a594      0x19a .\CortexM0\ARM_GCC_493\Debug\fin_v0.a(GatePin.o)
 .debug_info    0x0000a72e      0x6f4 .\CortexM0\ARM_GCC_493\Debug\fin_v0.a(Timer_LED.o)
 .debug_info    0x0000ae22      0x246 .\CortexM0\ARM_GCC_493\Debug\fin_v0.a(Int_Timer_Led.o)
 .debug_info    0x0000b068      0x19a .\CortexM0\ARM_GCC_493\Debug\fin_v0.a(LED_PIN.o)
 .debug_info    0x0000b202      0x201 .\CortexM0\ARM_GCC_493\Debug\fin_v0.a(UART_XB.o)
 .debug_info    0x0000b403      0x2f5 .\CortexM0\ARM_GCC_493\Debug\fin_v0.a(UART_XB_SPI_UART.o)
 .debug_info    0x0000b6f8      0x31d .\CortexM0\ARM_GCC_493\Debug\fin_v0.a(UART_XB_UART.o)
 .debug_info    0x0000ba15      0x287 .\CortexM0\ARM_GCC_493\Debug\fin_v0.a(SwSPI_Master.o)
 .debug_info    0x0000bc9c      0x246 .\CortexM0\ARM_GCC_493\Debug\fin_v0.a(GATE_INT.o)
 .debug_info    0x0000bee2      0x254 .\CortexM0\ARM_GCC_493\Debug\fin_v0.a(AppDelay.o)
 .debug_info    0x0000c136      0x222 .\CortexM0\ARM_GCC_493\Debug\fin_v0.a(SW_UART_DEBUG.o)
 .debug_info    0x0000c358      0x19a .\CortexM0\ARM_GCC_493\Debug\fin_v0.a(SDinsert.o)
 .debug_info    0x0000c4f2      0x19a .\CortexM0\ARM_GCC_493\Debug\fin_v0.a(debug.o)
 .debug_info    0x0000c68c      0x149 .\CortexM0\ARM_GCC_493\Debug\fin_v0.a(cyutils.o)
 .debug_info    0x0000c7d5      0x18b .\CortexM0\ARM_GCC_493\Debug\fin_v0.a(I2C_I2C_INT.o)
 .debug_info    0x0000c960      0x17d .\CortexM0\ARM_GCC_493\Debug\fin_v0.a(UART_XB_SPI_UART_INT.o)
 .debug_info    0x0000cadd       0xb8 .\CortexM0\ARM_GCC_493\Debug\fin_v0.a(SW_UART_DEBUG_AsmGnu.o)

.debug_abbrev   0x00000000     0x32b6
 *(.debug_abbrev)
 .debug_abbrev  0x00000000      0x18d .\CortexM0\ARM_GCC_493\Debug\RTC_WDT.o
 .debug_abbrev  0x0000018d      0x168 .\CortexM0\ARM_GCC_493\Debug\DS1307.o
 .debug_abbrev  0x000002f5      0x189 .\CortexM0\ARM_GCC_493\Debug\display.o
 .debug_abbrev  0x0000047e      0x1eb .\CortexM0\ARM_GCC_493\Debug\ff.o
 .debug_abbrev  0x00000669       0xce .\CortexM0\ARM_GCC_493\Debug\rtc_fat.o
 .debug_abbrev  0x00000737      0x163 .\CortexM0\ARM_GCC_493\Debug\sdcard.o
 .debug_abbrev  0x0000089a      0x13b .\CortexM0\ARM_GCC_493\Debug\gate.o
 .debug_abbrev  0x000009d5      0x1e2 .\CortexM0\ARM_GCC_493\Debug\database.o
 .debug_abbrev  0x00000bb7      0x16d .\CortexM0\ARM_GCC_493\Debug\logResult.o
 .debug_abbrev  0x00000d24       0xbf .\CortexM0\ARM_GCC_493\Debug\LED.o
 .debug_abbrev  0x00000de3       0xc2 .\CortexM0\ARM_GCC_493\Debug\crc32.o
 .debug_abbrev  0x00000ea5      0x227 .\CortexM0\ARM_GCC_493\Debug\network.o
 .debug_abbrev  0x000010cc      0x1a4 .\CortexM0\ARM_GCC_493\Debug\svt.o
 .debug_abbrev  0x00001270      0x122 .\CortexM0\ARM_GCC_493\Debug\ntp.o
 .debug_abbrev  0x00001392      0x154 .\CortexM0\ARM_GCC_493\Debug\myDelay.o
 .debug_abbrev  0x000014e6      0x142 .\CortexM0\ARM_GCC_493\Debug\main.o
 .debug_abbrev  0x00001628       0x5d .\CortexM0\ARM_GCC_493\Debug\cymetadata.o
 .debug_abbrev  0x00001685      0x1a5 .\CortexM0\ARM_GCC_493\Debug\Cm0Start.o
 .debug_abbrev  0x0000182a      0x18a .\CortexM0\ARM_GCC_493\Debug\fin_v0.a(cyfitter_cfg.o)
 .debug_abbrev  0x000019b4       0x14 .\CortexM0\ARM_GCC_493\Debug\fin_v0.a(CyBootAsmGnu.o)
 .debug_abbrev  0x000019c8      0x1a7 .\CortexM0\ARM_GCC_493\Debug\fin_v0.a(CyLib.o)
 .debug_abbrev  0x00001b6f      0x228 .\CortexM0\ARM_GCC_493\Debug\fin_v0.a(CyLFClk.o)
 .debug_abbrev  0x00001d97      0x212 .\CortexM0\ARM_GCC_493\Debug\fin_v0.a(RTC.o)
 .debug_abbrev  0x00001fa9       0xdb .\CortexM0\ARM_GCC_493\Debug\fin_v0.a(I2C.o)
 .debug_abbrev  0x00002084       0x90 .\CortexM0\ARM_GCC_493\Debug\fin_v0.a(I2C_I2C.o)
 .debug_abbrev  0x00002114      0x163 .\CortexM0\ARM_GCC_493\Debug\fin_v0.a(I2C_I2C_MASTER.o)
 .debug_abbrev  0x00002277      0x131 .\CortexM0\ARM_GCC_493\Debug\fin_v0.a(LCD.o)
 .debug_abbrev  0x000023a8       0xa2 .\CortexM0\ARM_GCC_493\Debug\fin_v0.a(LCD_CustChars.o)
 .debug_abbrev  0x0000244a       0xaa .\CortexM0\ARM_GCC_493\Debug\fin_v0.a(GatePin.o)
 .debug_abbrev  0x000024f4       0xfc .\CortexM0\ARM_GCC_493\Debug\fin_v0.a(Timer_LED.o)
 .debug_abbrev  0x000025f0      0x16a .\CortexM0\ARM_GCC_493\Debug\fin_v0.a(Int_Timer_Led.o)
 .debug_abbrev  0x0000275a       0xaa .\CortexM0\ARM_GCC_493\Debug\fin_v0.a(LED_PIN.o)
 .debug_abbrev  0x00002804       0xc5 .\CortexM0\ARM_GCC_493\Debug\fin_v0.a(UART_XB.o)
 .debug_abbrev  0x000028c9      0x149 .\CortexM0\ARM_GCC_493\Debug\fin_v0.a(UART_XB_SPI_UART.o)
 .debug_abbrev  0x00002a12       0xfd .\CortexM0\ARM_GCC_493\Debug\fin_v0.a(UART_XB_UART.o)
 .debug_abbrev  0x00002b0f       0xf0 .\CortexM0\ARM_GCC_493\Debug\fin_v0.a(SwSPI_Master.o)
 .debug_abbrev  0x00002bff      0x16a .\CortexM0\ARM_GCC_493\Debug\fin_v0.a(GATE_INT.o)
 .debug_abbrev  0x00002d69      0x14f .\CortexM0\ARM_GCC_493\Debug\fin_v0.a(AppDelay.o)
 .debug_abbrev  0x00002eb8       0xd2 .\CortexM0\ARM_GCC_493\Debug\fin_v0.a(SW_UART_DEBUG.o)
 .debug_abbrev  0x00002f8a       0xaa .\CortexM0\ARM_GCC_493\Debug\fin_v0.a(SDinsert.o)
 .debug_abbrev  0x00003034       0xaa .\CortexM0\ARM_GCC_493\Debug\fin_v0.a(debug.o)
 .debug_abbrev  0x000030de       0xa2 .\CortexM0\ARM_GCC_493\Debug\fin_v0.a(cyutils.o)
 .debug_abbrev  0x00003180       0x88 .\CortexM0\ARM_GCC_493\Debug\fin_v0.a(I2C_I2C_INT.o)
 .debug_abbrev  0x00003208       0x9a .\CortexM0\ARM_GCC_493\Debug\fin_v0.a(UART_XB_SPI_UART_INT.o)
 .debug_abbrev  0x000032a2       0x14 .\CortexM0\ARM_GCC_493\Debug\fin_v0.a(SW_UART_DEBUG_AsmGnu.o)

.debug_line     0x00000000     0x686a
 *(.debug_line)
 .debug_line    0x00000000      0x2c8 .\CortexM0\ARM_GCC_493\Debug\RTC_WDT.o
 .debug_line    0x000002c8      0x46f .\CortexM0\ARM_GCC_493\Debug\DS1307.o
 .debug_line    0x00000737      0x285 .\CortexM0\ARM_GCC_493\Debug\display.o
 .debug_line    0x000009bc     0x1016 .\CortexM0\ARM_GCC_493\Debug\ff.o
 .debug_line    0x000019d2      0x236 .\CortexM0\ARM_GCC_493\Debug\rtc_fat.o
 .debug_line    0x00001c08      0x2f9 .\CortexM0\ARM_GCC_493\Debug\sdcard.o
 .debug_line    0x00001f01      0x1dc .\CortexM0\ARM_GCC_493\Debug\gate.o
 .debug_line    0x000020dd      0x2a2 .\CortexM0\ARM_GCC_493\Debug\database.o
 .debug_line    0x0000237f      0x2e2 .\CortexM0\ARM_GCC_493\Debug\logResult.o
 .debug_line    0x00002661      0x1a7 .\CortexM0\ARM_GCC_493\Debug\LED.o
 .debug_line    0x00002808      0x1bf .\CortexM0\ARM_GCC_493\Debug\crc32.o
 .debug_line    0x000029c7      0x311 .\CortexM0\ARM_GCC_493\Debug\network.o
 .debug_line    0x00002cd8      0x259 .\CortexM0\ARM_GCC_493\Debug\svt.o
 .debug_line    0x00002f31      0x21b .\CortexM0\ARM_GCC_493\Debug\ntp.o
 .debug_line    0x0000314c      0x257 .\CortexM0\ARM_GCC_493\Debug\myDelay.o
 .debug_line    0x000033a3      0x2d9 .\CortexM0\ARM_GCC_493\Debug\main.o
 .debug_line    0x0000367c       0x53 .\CortexM0\ARM_GCC_493\Debug\cymetadata.o
 .debug_line    0x000036cf      0x1ca .\CortexM0\ARM_GCC_493\Debug\Cm0Start.o
 .debug_line    0x00003899      0x1b9 .\CortexM0\ARM_GCC_493\Debug\fin_v0.a(cyfitter_cfg.o)
 .debug_line    0x00003a52       0x6a .\CortexM0\ARM_GCC_493\Debug\fin_v0.a(CyBootAsmGnu.o)
 .debug_line    0x00003abc      0x4af .\CortexM0\ARM_GCC_493\Debug\fin_v0.a(CyLib.o)
 .debug_line    0x00003f6b      0x6ee .\CortexM0\ARM_GCC_493\Debug\fin_v0.a(CyLFClk.o)
 .debug_line    0x00004659      0x4b3 .\CortexM0\ARM_GCC_493\Debug\fin_v0.a(RTC.o)
 .debug_line    0x00004b0c      0x135 .\CortexM0\ARM_GCC_493\Debug\fin_v0.a(I2C.o)
 .debug_line    0x00004c41       0xb3 .\CortexM0\ARM_GCC_493\Debug\fin_v0.a(I2C_I2C.o)
 .debug_line    0x00004cf4      0x2bb .\CortexM0\ARM_GCC_493\Debug\fin_v0.a(I2C_I2C_MASTER.o)
 .debug_line    0x00004faf      0x1f0 .\CortexM0\ARM_GCC_493\Debug\fin_v0.a(LCD.o)
 .debug_line    0x0000519f       0x7d .\CortexM0\ARM_GCC_493\Debug\fin_v0.a(LCD_CustChars.o)
 .debug_line    0x0000521c       0xc1 .\CortexM0\ARM_GCC_493\Debug\fin_v0.a(GatePin.o)
 .debug_line    0x000052dd      0x375 .\CortexM0\ARM_GCC_493\Debug\fin_v0.a(Timer_LED.o)
 .debug_line    0x00005652      0x175 .\CortexM0\ARM_GCC_493\Debug\fin_v0.a(Int_Timer_Led.o)
 .debug_line    0x000057c7       0xc1 .\CortexM0\ARM_GCC_493\Debug\fin_v0.a(LED_PIN.o)
 .debug_line    0x00005888      0x136 .\CortexM0\ARM_GCC_493\Debug\fin_v0.a(UART_XB.o)
 .debug_line    0x000059be      0x165 .\CortexM0\ARM_GCC_493\Debug\fin_v0.a(UART_XB_SPI_UART.o)
 .debug_line    0x00005b23      0x1dc .\CortexM0\ARM_GCC_493\Debug\fin_v0.a(UART_XB_UART.o)
 .debug_line    0x00005cff      0x289 .\CortexM0\ARM_GCC_493\Debug\fin_v0.a(SwSPI_Master.o)
 .debug_line    0x00005f88      0x170 .\CortexM0\ARM_GCC_493\Debug\fin_v0.a(GATE_INT.o)
 .debug_line    0x000060f8      0x173 .\CortexM0\ARM_GCC_493\Debug\fin_v0.a(AppDelay.o)
 .debug_line    0x0000626b       0xeb .\CortexM0\ARM_GCC_493\Debug\fin_v0.a(SW_UART_DEBUG.o)
 .debug_line    0x00006356       0xc2 .\CortexM0\ARM_GCC_493\Debug\fin_v0.a(SDinsert.o)
 .debug_line    0x00006418       0xbf .\CortexM0\ARM_GCC_493\Debug\fin_v0.a(debug.o)
 .debug_line    0x000064d7       0x79 .\CortexM0\ARM_GCC_493\Debug\fin_v0.a(cyutils.o)
 .debug_line    0x00006550      0x1a3 .\CortexM0\ARM_GCC_493\Debug\fin_v0.a(I2C_I2C_INT.o)
 .debug_line    0x000066f3       0xcf .\CortexM0\ARM_GCC_493\Debug\fin_v0.a(UART_XB_SPI_UART_INT.o)
 .debug_line    0x000067c2       0xa8 .\CortexM0\ARM_GCC_493\Debug\fin_v0.a(SW_UART_DEBUG_AsmGnu.o)

.debug_frame    0x00000000     0x49e0
 *(.debug_frame)
 .debug_frame   0x00000000      0x218 .\CortexM0\ARM_GCC_493\Debug\RTC_WDT.o
 .debug_frame   0x00000218      0x14c .\CortexM0\ARM_GCC_493\Debug\DS1307.o
 .debug_frame   0x00000364      0x15c .\CortexM0\ARM_GCC_493\Debug\display.o
 .debug_frame   0x000004c0      0x768 .\CortexM0\ARM_GCC_493\Debug\ff.o
 .debug_frame   0x00000c28      0x12c .\CortexM0\ARM_GCC_493\Debug\rtc_fat.o
 .debug_frame   0x00000d54      0x1b8 .\CortexM0\ARM_GCC_493\Debug\sdcard.o
 .debug_frame   0x00000f0c       0xb0 .\CortexM0\ARM_GCC_493\Debug\gate.o
 .debug_frame   0x00000fbc      0x1f4 .\CortexM0\ARM_GCC_493\Debug\database.o
 .debug_frame   0x000011b0      0x11c .\CortexM0\ARM_GCC_493\Debug\logResult.o
 .debug_frame   0x000012cc       0xa8 .\CortexM0\ARM_GCC_493\Debug\LED.o
 .debug_frame   0x00001374       0x90 .\CortexM0\ARM_GCC_493\Debug\crc32.o
 .debug_frame   0x00001404      0x158 .\CortexM0\ARM_GCC_493\Debug\network.o
 .debug_frame   0x0000155c       0xc4 .\CortexM0\ARM_GCC_493\Debug\svt.o
 .debug_frame   0x00001620       0x94 .\CortexM0\ARM_GCC_493\Debug\ntp.o
 .debug_frame   0x000016b4       0xac .\CortexM0\ARM_GCC_493\Debug\myDelay.o
 .debug_frame   0x00001760       0xb0 .\CortexM0\ARM_GCC_493\Debug\main.o
 .debug_frame   0x00001810       0xc8 .\CortexM0\ARM_GCC_493\Debug\Cm0Start.o
 .debug_frame   0x000018d8       0xe8 .\CortexM0\ARM_GCC_493\Debug\fin_v0.a(cyfitter_cfg.o)
 .debug_frame   0x000019c0      0x608 .\CortexM0\ARM_GCC_493\Debug\fin_v0.a(CyLib.o)
 .debug_frame   0x00001fc8      0x5f8 .\CortexM0\ARM_GCC_493\Debug\fin_v0.a(CyLFClk.o)
 .debug_frame   0x000025c0      0x46c .\CortexM0\ARM_GCC_493\Debug\fin_v0.a(RTC.o)
 .debug_frame   0x00002a2c      0x134 .\CortexM0\ARM_GCC_493\Debug\fin_v0.a(I2C.o)
 .debug_frame   0x00002b60       0x48 .\CortexM0\ARM_GCC_493\Debug\fin_v0.a(I2C_I2C.o)
 .debug_frame   0x00002ba8      0x1c0 .\CortexM0\ARM_GCC_493\Debug\fin_v0.a(I2C_I2C_MASTER.o)
 .debug_frame   0x00002d68      0x200 .\CortexM0\ARM_GCC_493\Debug\fin_v0.a(LCD.o)
 .debug_frame   0x00002f68       0x30 .\CortexM0\ARM_GCC_493\Debug\fin_v0.a(LCD_CustChars.o)
 .debug_frame   0x00002f98       0xc8 .\CortexM0\ARM_GCC_493\Debug\fin_v0.a(GatePin.o)
 .debug_frame   0x00003060      0x52c .\CortexM0\ARM_GCC_493\Debug\fin_v0.a(Timer_LED.o)
 .debug_frame   0x0000358c      0x190 .\CortexM0\ARM_GCC_493\Debug\fin_v0.a(Int_Timer_Led.o)
 .debug_frame   0x0000371c       0xc8 .\CortexM0\ARM_GCC_493\Debug\fin_v0.a(LED_PIN.o)
 .debug_frame   0x000037e4      0x134 .\CortexM0\ARM_GCC_493\Debug\fin_v0.a(UART_XB.o)
 .debug_frame   0x00003918      0x128 .\CortexM0\ARM_GCC_493\Debug\fin_v0.a(UART_XB_SPI_UART.o)
 .debug_frame   0x00003a40      0x1bc .\CortexM0\ARM_GCC_493\Debug\fin_v0.a(UART_XB_UART.o)
 .debug_frame   0x00003bfc      0x108 .\CortexM0\ARM_GCC_493\Debug\fin_v0.a(SwSPI_Master.o)
 .debug_frame   0x00003d04      0x190 .\CortexM0\ARM_GCC_493\Debug\fin_v0.a(GATE_INT.o)
 .debug_frame   0x00003e94      0x1cc .\CortexM0\ARM_GCC_493\Debug\fin_v0.a(AppDelay.o)
 .debug_frame   0x00004060       0xe4 .\CortexM0\ARM_GCC_493\Debug\fin_v0.a(SW_UART_DEBUG.o)
 .debug_frame   0x00004144       0xc8 .\CortexM0\ARM_GCC_493\Debug\fin_v0.a(SDinsert.o)
 .debug_frame   0x0000420c       0xc8 .\CortexM0\ARM_GCC_493\Debug\fin_v0.a(debug.o)
 .debug_frame   0x000042d4       0x50 .\CortexM0\ARM_GCC_493\Debug\fin_v0.a(cyutils.o)
 .debug_frame   0x00004324       0x30 .\CortexM0\ARM_GCC_493\Debug\fin_v0.a(I2C_I2C_INT.o)
 .debug_frame   0x00004354       0x30 .\CortexM0\ARM_GCC_493\Debug\fin_v0.a(UART_XB_SPI_UART_INT.o)
 .debug_frame   0x00004384       0x20 c:/program files (x86)/cypress/psoc creator/3.3/psoc creator/import/gnu/arm/4.9.3/bin/../lib/gcc/arm-none-eabi/4.9.3/armv6-m\libgcc.a(_udivsi3.o)
 .debug_frame   0x000043a4       0x20 c:/program files (x86)/cypress/psoc creator/3.3/psoc creator/import/gnu/arm/4.9.3/bin/../lib/gcc/arm-none-eabi/4.9.3/armv6-m\libgcc.a(_divsi3.o)
 .debug_frame   0x000043c4       0x2c c:/program files (x86)/cypress/psoc creator/3.3/psoc creator/import/gnu/arm/4.9.3/bin/../lib/gcc/arm-none-eabi/4.9.3/armv6-m\libgcc.a(_fixunsdfsi.o)
 .debug_frame   0x000043f0       0x50 c:/program files (x86)/cypress/psoc creator/3.3/psoc creator/import/gnu/arm/4.9.3/bin/../lib/gcc/arm-none-eabi/4.9.3/armv6-m\libgcc.a(bpabi.o)
 .debug_frame   0x00004440       0x3c c:/program files (x86)/cypress/psoc creator/3.3/psoc creator/import/gnu/arm/4.9.3/bin/../lib/gcc/arm-none-eabi/4.9.3/armv6-m\libgcc.a(divdf3.o)
 .debug_frame   0x0000447c       0x3c c:/program files (x86)/cypress/psoc creator/3.3/psoc creator/import/gnu/arm/4.9.3/bin/../lib/gcc/arm-none-eabi/4.9.3/armv6-m\libgcc.a(subdf3.o)
 .debug_frame   0x000044b8       0x2c c:/program files (x86)/cypress/psoc creator/3.3/psoc creator/import/gnu/arm/4.9.3/bin/../lib/gcc/arm-none-eabi/4.9.3/armv6-m\libgcc.a(fixdfsi.o)
 .debug_frame   0x000044e4       0x28 c:/program files (x86)/cypress/psoc creator/3.3/psoc creator/import/gnu/arm/4.9.3/bin/../lib/gcc/arm-none-eabi/4.9.3/armv6-m\libgcc.a(floatunsidf.o)
 .debug_frame   0x0000450c       0x34 c:/program files (x86)/cypress/psoc creator/3.3/psoc creator/import/gnu/arm/4.9.3/bin/../lib/gcc/arm-none-eabi/4.9.3/armv6-m\libgcc.a(_muldi3.o)
 .debug_frame   0x00004540       0x3c c:/program files (x86)/cypress/psoc creator/3.3/psoc creator/import/gnu/arm/4.9.3/bin/../lib/gcc/arm-none-eabi/4.9.3/armv6-m\libgcc.a(_divdi3.o)
 .debug_frame   0x0000457c       0x3c c:/program files (x86)/cypress/psoc creator/3.3/psoc creator/import/gnu/arm/4.9.3/bin/../lib/gcc/arm-none-eabi/4.9.3/armv6-m\libgcc.a(_udivdi3.o)
 .debug_frame   0x000045b8       0x38 c:/program files (x86)/cypress/psoc creator/3.3/psoc creator/import/gnu/arm/4.9.3/bin/../lib/gcc/arm-none-eabi/4.9.3/armv6-m\libgcc.a(eqdf2.o)
 .debug_frame   0x000045f0       0x38 c:/program files (x86)/cypress/psoc creator/3.3/psoc creator/import/gnu/arm/4.9.3/bin/../lib/gcc/arm-none-eabi/4.9.3/armv6-m\libgcc.a(gedf2.o)
 .debug_frame   0x00004628       0x38 c:/program files (x86)/cypress/psoc creator/3.3/psoc creator/import/gnu/arm/4.9.3/bin/../lib/gcc/arm-none-eabi/4.9.3/armv6-m\libgcc.a(ledf2.o)
 .debug_frame   0x00004660       0x20 c:/program files (x86)/cypress/psoc creator/3.3/psoc creator/import/gnu/arm/4.9.3/bin/../lib/gcc/arm-none-eabi/4.9.3/../../../../arm-none-eabi/lib/armv6-m\libg_nano.a(lib_a-errno.o)
 .debug_frame   0x00004680       0x28 c:/program files (x86)/cypress/psoc creator/3.3/psoc creator/import/gnu/arm/4.9.3/bin/../lib/gcc/arm-none-eabi/4.9.3/../../../../arm-none-eabi/lib/armv6-m\libg_nano.a(lib_a-exit.o)
 .debug_frame   0x000046a8       0x2c c:/program files (x86)/cypress/psoc creator/3.3/psoc creator/import/gnu/arm/4.9.3/bin/../lib/gcc/arm-none-eabi/4.9.3/../../../../arm-none-eabi/lib/armv6-m\libg_nano.a(lib_a-init.o)
 .debug_frame   0x000046d4       0x28 c:/program files (x86)/cypress/psoc creator/3.3/psoc creator/import/gnu/arm/4.9.3/bin/../lib/gcc/arm-none-eabi/4.9.3/../../../../arm-none-eabi/lib/armv6-m\libg_nano.a(lib_a-memcpy.o)