Archive member included because of file (symbol)

.\CortexM0\ARM_GCC_493\Debug\start_v0.a(cyfitter_cfg.o)
                              .\CortexM0\ARM_GCC_493\Debug\Cm0Start.o (cyfitter_cfg)
.\CortexM0\ARM_GCC_493\Debug\start_v0.a(CyLib.o)
                              .\CortexM0\ARM_GCC_493\Debug\start_v0.a(cyfitter_cfg.o) (CySysClkWriteImoFreq)
.\CortexM0\ARM_GCC_493\Debug\start_v0.a(CyLFClk.o)
                              .\CortexM0\ARM_GCC_493\Debug\start_v0.a(cyfitter_cfg.o) (CySysClkWcoStart)
.\CortexM0\ARM_GCC_493\Debug\start_v0.a(RTC.o)
                              .\CortexM0\ARM_GCC_493\Debug\RTC_WDT.o (RTC_Start)
.\CortexM0\ARM_GCC_493\Debug\start_v0.a(LCD.o)
                              .\CortexM0\ARM_GCC_493\Debug\display.o (LCD_Start)
.\CortexM0\ARM_GCC_493\Debug\start_v0.a(LCD_CustChars.o)
                              .\CortexM0\ARM_GCC_493\Debug\start_v0.a(LCD.o) (LCD_customFonts)
.\CortexM0\ARM_GCC_493\Debug\start_v0.a(GatePin.o)
                              .\CortexM0\ARM_GCC_493\Debug\gate.o (GatePin_ClearInterrupt)
.\CortexM0\ARM_GCC_493\Debug\start_v0.a(Timer_LED.o)
                              .\CortexM0\ARM_GCC_493\Debug\LED.o (Timer_LED_Init)
.\CortexM0\ARM_GCC_493\Debug\start_v0.a(Int_Timer_Led.o)
                              .\CortexM0\ARM_GCC_493\Debug\LED.o (Int_Timer_Led_StartEx)
.\CortexM0\ARM_GCC_493\Debug\start_v0.a(LED_PIN.o)
                              .\CortexM0\ARM_GCC_493\Debug\LED.o (LED_PIN_Write)
.\CortexM0\ARM_GCC_493\Debug\start_v0.a(UART_XB.o)
                              .\CortexM0\ARM_GCC_493\Debug\network.o (UART_XB_Start)
.\CortexM0\ARM_GCC_493\Debug\start_v0.a(UART_XB_SPI_UART.o)
                              .\CortexM0\ARM_GCC_493\Debug\network.o (UART_XB_SpiUartGetRxBufferSize)
.\CortexM0\ARM_GCC_493\Debug\start_v0.a(UART_XB_UART.o)
                              .\CortexM0\ARM_GCC_493\Debug\start_v0.a(UART_XB.o) (UART_XB_UartInit)
.\CortexM0\ARM_GCC_493\Debug\start_v0.a(GATE_INT.o)
                              .\CortexM0\ARM_GCC_493\Debug\gate.o (GATE_INT_Disable)
.\CortexM0\ARM_GCC_493\Debug\start_v0.a(AppDelay.o)
                              .\CortexM0\ARM_GCC_493\Debug\myDelay.o (AppDelay_WriteCounter)
.\CortexM0\ARM_GCC_493\Debug\start_v0.a(debug.o)
                              .\CortexM0\ARM_GCC_493\Debug\RTC_WDT.o (debug_Write)
.\CortexM0\ARM_GCC_493\Debug\start_v0.a(CyBootAsmGnu.o)
                              .\CortexM0\ARM_GCC_493\Debug\start_v0.a(cyfitter_cfg.o) (CyDelayCycles)
.\CortexM0\ARM_GCC_493\Debug\start_v0.a(cyutils.o)
                              .\CortexM0\ARM_GCC_493\Debug\start_v0.a(AppDelay.o) (CySetReg24)
.\CortexM0\ARM_GCC_493\Debug\start_v0.a(UART_XB_SPI_UART_INT.o)
                              .\CortexM0\ARM_GCC_493\Debug\start_v0.a(UART_XB_UART.o) (UART_XB_SPI_UART_ISR)
c:/program files (x86)/cypress/psoc creator/4.0/psoc creator/import/gnu/arm/4.9.3/bin/../lib/gcc/arm-none-eabi/4.9.3/armv6-m\libgcc.a(_udivsi3.o)
                              .\CortexM0\ARM_GCC_493\Debug\LED.o (__aeabi_uidiv)
c:/program files (x86)/cypress/psoc creator/4.0/psoc creator/import/gnu/arm/4.9.3/bin/../lib/gcc/arm-none-eabi/4.9.3/armv6-m\libgcc.a(_divsi3.o)
                              .\CortexM0\ARM_GCC_493\Debug\start_v0.a(CyLFClk.o) (__aeabi_idiv)
c:/program files (x86)/cypress/psoc creator/4.0/psoc creator/import/gnu/arm/4.9.3/bin/../lib/gcc/arm-none-eabi/4.9.3/armv6-m\libgcc.a(_dvmd_tls.o)
                              c:/program files (x86)/cypress/psoc creator/4.0/psoc creator/import/gnu/arm/4.9.3/bin/../lib/gcc/arm-none-eabi/4.9.3/armv6-m\libgcc.a(_udivsi3.o) (__aeabi_idiv0)
c:/program files (x86)/cypress/psoc creator/4.0/psoc creator/import/gnu/arm/4.9.3/bin/../lib/gcc/arm-none-eabi/4.9.3/armv6-m\libgcc.a(_aeabi_uldivmod.o)
                              .\CortexM0\ARM_GCC_493\Debug\RTC_WDT.o (__aeabi_uldivmod)
c:/program files (x86)/cypress/psoc creator/4.0/psoc creator/import/gnu/arm/4.9.3/bin/../lib/gcc/arm-none-eabi/4.9.3/armv6-m\libgcc.a(_fixunsdfsi.o)
                              .\CortexM0\ARM_GCC_493\Debug\myDelay.o (__aeabi_d2uiz)
c:/program files (x86)/cypress/psoc creator/4.0/psoc creator/import/gnu/arm/4.9.3/bin/../lib/gcc/arm-none-eabi/4.9.3/armv6-m\libgcc.a(bpabi.o)
                              c:/program files (x86)/cypress/psoc creator/4.0/psoc creator/import/gnu/arm/4.9.3/bin/../lib/gcc/arm-none-eabi/4.9.3/armv6-m\libgcc.a(_aeabi_uldivmod.o) (__gnu_uldivmod_helper)
c:/program files (x86)/cypress/psoc creator/4.0/psoc creator/import/gnu/arm/4.9.3/bin/../lib/gcc/arm-none-eabi/4.9.3/armv6-m\libgcc.a(divdf3.o)
                              .\CortexM0\ARM_GCC_493\Debug\myDelay.o (__aeabi_ddiv)
c:/program files (x86)/cypress/psoc creator/4.0/psoc creator/import/gnu/arm/4.9.3/bin/../lib/gcc/arm-none-eabi/4.9.3/armv6-m\libgcc.a(subdf3.o)
[...]
Memory Configuration

Name             Origin             Length             Attributes
rom              0x00000000         0x00020000         xr
ram              0x20000000         0x00004000         xrw
*default*        0x00000000         0xffffffff

Linker script and memory map

LOAD c:/program files (x86)/cypress/psoc creator/4.0/psoc creator/import/gnu/arm/4.9.3/bin/../lib/gcc/arm-none-eabi/4.9.3/armv6-m/crti.o
LOAD c:/program files (x86)/cypress/psoc creator/4.0/psoc creator/import/gnu/arm/4.9.3/bin/../lib/gcc/arm-none-eabi/4.9.3/armv6-m/crtbegin.o
LOAD c:/program files (x86)/cypress/psoc creator/4.0/psoc creator/import/gnu/arm/4.9.3/bin/../lib/gcc/arm-none-eabi/4.9.3/../../../../arm-none-eabi/lib/armv6-m/crt0.o
START GROUP
LOAD .\CortexM0\ARM_GCC_493\Debug\RTC_WDT.o
LOAD .\CortexM0\ARM_GCC_493\Debug\display.o
LOAD .\CortexM0\ARM_GCC_493\Debug\gate.o
LOAD .\CortexM0\ARM_GCC_493\Debug\LED.o
LOAD .\CortexM0\ARM_GCC_493\Debug\crc32.o
LOAD .\CortexM0\ARM_GCC_493\Debug\svt.o
LOAD .\CortexM0\ARM_GCC_493\Debug\ntp.o
LOAD .\CortexM0\ARM_GCC_493\Debug\network.o
LOAD .\CortexM0\ARM_GCC_493\Debug\myDelay.o
LOAD .\CortexM0\ARM_GCC_493\Debug\main.o
LOAD .\CortexM0\ARM_GCC_493\Debug\cymetadata.o
LOAD .\CortexM0\ARM_GCC_493\Debug\Cm0Start.o
LOAD .\CortexM0\ARM_GCC_493\Debug\start_v0.a
LOAD C:\Program Files (x86)\Cypress\PSoC Creator\4.0\PSoC Creator\psoc\content\cycomponentlibrary\CyComponentLibrary.cylib\CortexM0\ARM_GCC_493\Debug\CyComponentLibrary.a
END GROUP
START GROUP
LOAD c:/program files (x86)/cypress/psoc creator/4.0/psoc creator/import/gnu/arm/4.9.3/bin/../lib/gcc/arm-none-eabi/4.9.3/armv6-m\libgcc.a
LOAD c:/program files (x86)/cypress/psoc creator/4.0/psoc creator/import/gnu/arm/4.9.3/bin/../lib/gcc/arm-none-eabi/4.9.3/../../../../arm-none-eabi/lib/armv6-m\libg_nano.a
LOAD c:/program files (x86)/cypress/psoc creator/4.0/psoc creator/import/gnu/arm/4.9.3/bin/../lib/gcc/arm-none-eabi/4.9.3/../../../../arm-none-eabi/lib/armv6-m\libc_nano.a
END GROUP
START GROUP
LOAD c:/program files (x86)/cypress/psoc creator/4.0/psoc creator/import/gnu/arm/4.9.3/bin/../lib/gcc/arm-none-eabi/4.9.3/armv6-m\libgcc.a
LOAD c:/program files (x86)/cypress/psoc creator/4.0/psoc creator/import/gnu/arm/4.9.3/bin/../lib/gcc/arm-none-eabi/4.9.3/../../../../arm-none-eabi/lib/armv6-m\libc_nano.a
END GROUP
LOAD c:/program files (x86)/cypress/psoc creator/4.0/psoc creator/import/gnu/arm/4.9.3/bin/../lib/gcc/arm-none-eabi/4.9.3/armv6-m/crtend.o
LOAD c:/program files (x86)/cypress/psoc creator/4.0/psoc creator/import/gnu/arm/4.9.3/bin/../lib/gcc/arm-none-eabi/4.9.3/armv6-m/crtn.o
START GROUP
LOAD c:/program files (x86)/cypress/psoc creator/4.0/psoc creator/import/gnu/arm/4.9.3/bin/../lib/gcc/arm-none-eabi/4.9.3/armv6-m\libgcc.a
LOAD c:/program files (x86)/cypress/psoc creator/4.0/psoc creator/import/gnu/arm/4.9.3/bin/../lib/gcc/arm-none-eabi/4.9.3/../../../../arm-none-eabi/lib/armv6-m\libc.a
LOAD c:/program files (x86)/cypress/psoc creator/4.0/psoc creator/import/gnu/arm/4.9.3/bin/../lib/gcc/arm-none-eabi/4.9.3/../../../../arm-none-eabi/lib/armv6-m\libnosys.a
END GROUP
                0x00000000                CY_APPL_ORIGIN = 0x0
                0x00000080                CY_FLASH_ROW_SIZE = 0x80
                0x00000001                CY_APPL_NUM = 0x1
                0x00000001                CY_APPL_MAX = 0x1
                0x00000040                CY_METADATA_SIZE = 0x40
                0x00000000                CY_APPL_LOADABLE = 0x0
                0x00000000                CY_CHECKSUM_EXCLUDE_SIZE = ALIGN (0x0, CY_FLASH_ROW_SIZE)
                0x00000000                CY_APP_FOR_STACK_AND_COPIER = 0x0
                0x20000830                PROVIDE (__cy_heap_start, _end)
                0x00000001                PROVIDE (__cy_region_num, ((__cy_regions_end - __cy_regions) / 0x10))
                0x20004000                PROVIDE (__cy_stack, (ORIGIN (ram) + 0x4000))
                0x20003800                PROVIDE (__cy_heap_end, (__cy_stack - 0x800))

.cybootloader   0x00000000        0x0
 *(.cybootloader)
                0x00000000                appl1_start = CY_APPL_ORIGIN?CY_APPL_ORIGIN:ALIGN (CY_FLASH_ROW_SIZE)
                0x0000ff80                appl2_start = (appl1_start + ALIGN ((((0x20000 - appl1_start) - (0x2 * CY_FLASH_ROW_SIZE)) / 0x2), CY_FLASH_ROW_SIZE))
                0x00000000                appl_start = (CY_APPL_NUM == 0x1)?appl1_start:appl2_start
                0x00000001                cy_project_type_bootloader = (appl_start == 0x0)?0x1:0x0
                0x00000000                cy_project_type_app_for_stack_and_copier = (CY_APP_FOR_STACK_AND_COPIER == 0x1)?0x1:0x0

.text           0x00000000     0x5bea
 CREATE_OBJECT_SYMBOLS
                0x00000000                PROVIDE (__cy_interrupt_vector, RomVectors)
 *(.romvectors)
 .romvectors    0x00000000       0x10 .\CortexM0\ARM_GCC_493\Debug\Cm0Start.o
                0x00000000                RomVectors
                0x00000001                ASSERT ((. != __cy_interrupt_vector), No interrupt vector)
                0x00000001                ASSERT (CY_APPL_ORIGIN?(SIZEOF (.cybootloader) <= CY_APPL_ORIGIN):0x1, Wrong image location)
                0x00000010                PROVIDE (__cy_reset, Reset)
 *(.text.Reset)
 .text.Reset    0x00000010        0x8 .\CortexM0\ARM_GCC_493\Debug\Cm0Start.o
                0x00000010                Reset
                0x00000001                ASSERT ((. != __cy_reset), No reset code)
 *(.psocinit)
 .psocinit      0x00000018      0x2a8 .\CortexM0\ARM_GCC_493\Debug\start_v0.a(cyfitter_cfg.o)
                0x00000150                cyfitter_cfg
                0x000002c0                . = MAX (., 0x100)
 *(.text .text.* .gnu.linkonce.t.*)
 .text          0x000002c0       0x60 c:/program files (x86)/cypress/psoc creator/4.0/psoc creator/import/gnu/arm/4.9.3/bin/../lib/gcc/arm-none-eabi/4.9.3/armv6-m/crtbegin.o
 .text.CallBackCounter
                0x00000320       0x3c .\CortexM0\ARM_GCC_493\Debug\RTC_WDT.o
                0x00000320                CallBackCounter
 .text.RTC_WDT_Init
                0x0000035c       0x24 .\CortexM0\ARM_GCC_493\Debug\RTC_WDT.o
                0x0000035c                RTC_WDT_Init
 .text.RTCGetUnixTime
                0x00000380       0x14 .\CortexM0\ARM_GCC_493\Debug\RTC_WDT.o
                0x00000380                RTCGetUnixTime
 .text.RTCgetRecentMs
                0x00000394       0x14 .\CortexM0\ARM_GCC_493\Debug\RTC_WDT.o
                0x00000394                RTCgetRecentMs
 .text.RTCSync  0x000003a8       0x30 .\CortexM0\ARM_GCC_493\Debug\RTC_WDT.o
                0x000003a8                RTCSync
 .text.RTC_GetSecond
                0x000003d8       0x30 .\CortexM0\ARM_GCC_493\Debug\display.o
 .text.RTC_GetMinutes
                0x00000408       0x38 .\CortexM0\ARM_GCC_493\Debug\display.o
 .text.RTC_GetHours
                0x00000440       0x38 .\CortexM0\ARM_GCC_493\Debug\display.o
 .text.DisplayStart
                0x00000478        0xc .\CortexM0\ARM_GCC_493\Debug\display.o
                0x00000478                DisplayStart
 .text.Display  0x00000484       0x2c .\CortexM0\ARM_GCC_493\Debug\display.o
                0x00000484                Display
 .text.DisplayIndicatorNetwork
                0x000004b0       0x30 .\CortexM0\ARM_GCC_493\Debug\display.o
                0x000004b0                DisplayIndicatorNetwork
 .text.DisplayRealTime
                0x000004e0       0x5c .\CortexM0\ARM_GCC_493\Debug\display.o
                0x000004e0                DisplayRealTime
 .text.DisplayLoading
                0x0000053c       0x4c .\CortexM0\ARM_GCC_493\Debug\display.o
                0x0000053c                DisplayLoading
 .text.GATE_INTERRUPT
                0x00000588       0x3c .\CortexM0\ARM_GCC_493\Debug\gate.o
                0x00000588                GATE_INTERRUPT
 .text.GateInit
                0x000005c4       0x28 .\CortexM0\ARM_GCC_493\Debug\gate.o
                0x000005c4                GateInit
 .text.GateIsOpen
                0x000005ec       0x20 .\CortexM0\ARM_GCC_493\Debug\gate.o
                0x000005ec                GateIsOpen
 .text.AllowNextSkier
                0x0000060c       0x10 .\CortexM0\ARM_GCC_493\Debug\gate.o
                0x0000060c                AllowNextSkier
 .text.DisAllowNextSkier
                0x0000061c       0x20 .\CortexM0\ARM_GCC_493\Debug\gate.o
                0x0000061c                DisAllowNextSkier
 .text.GetStartTime
                0x0000063c       0x2c .\CortexM0\ARM_GCC_493\Debug\gate.o
                0x0000063c                GetStartTime
 .text.LedInit  0x00000668       0x2c .\CortexM0\ARM_GCC_493\Debug\LED.o
                0x00000668                LedInit
 .text.LedHandler
                0x00000694       0x20 .\CortexM0\ARM_GCC_493\Debug\LED.o
                0x00000694                LedHandler
 .text.LedBlink
                0x000006b4       0x34 .\CortexM0\ARM_GCC_493\Debug\LED.o
                0x000006b4                LedBlink
 .text.SetLedState
                0x000006e8       0x20 .\CortexM0\ARM_GCC_493\Debug\LED.o
                0x000006e8                SetLedState
 .text.crc32_update
                0x00000708       0x50 .\CortexM0\ARM_GCC_493\Debug\crc32.o
                0x00000708                crc32_update
 .text.crc32_calc_block
                0x00000758       0x44 .\CortexM0\ARM_GCC_493\Debug\crc32.o
                0x00000758                crc32_calc_block
 .text.crc32_init_tab
                0x0000079c       0x6c .\CortexM0\ARM_GCC_493\Debug\crc32.o
 .text.UnpackData
                0x00000808      0x464 .\CortexM0\ARM_GCC_493\Debug\svt.o
                0x00000808                UnpackData
 .text.DecodeByte
                0x00000c6c       0x50 .\CortexM0\ARM_GCC_493\Debug\svt.o
                0x00000c6c                DecodeByte
 .text.CheckSymb
                0x00000cbc       0x34 .\CortexM0\ARM_GCC_493\Debug\svt.o
                0x00000cbc                CheckSymb
 .text.ResetPacket
                0x00000cf0       0x3c .\CortexM0\ARM_GCC_493\Debug\svt.o
                0x00000cf0                ResetPacket
 .text.PackData
                0x00000d2c      0x158 .\CortexM0\ARM_GCC_493\Debug\svt.o
                0x00000d2c                PackData
 .text.NtpUnpackData
                0x00000e84      0x268 .\CortexM0\ARM_GCC_493\Debug\ntp.o
                0x00000e84                NtpUnpackData
 .text.NtpDecodeByte
                0x000010ec       0x50 .\CortexM0\ARM_GCC_493\Debug\ntp.o
                0x000010ec                NtpDecodeByte
 .text.NtpCheckSymb
                0x0000113c       0x34 .\CortexM0\ARM_GCC_493\Debug\ntp.o
                0x0000113c                NtpCheckSymb
 .text.NtpResetPacket
                0x00001170       0x2c .\CortexM0\ARM_GCC_493\Debug\ntp.o
                0x00001170                NtpResetPacket
 .text.InitNetwork
                0x0000119c       0x34 .\CortexM0\ARM_GCC_493\Debug\network.o
                0x0000119c                InitNetwork
 .text.SendData
                0x000011d0       0xdc .\CortexM0\ARM_GCC_493\Debug\network.o
                0x000011d0                SendData
 .text.ReceiveData
                0x000012ac       0xcc .\CortexM0\ARM_GCC_493\Debug\network.o
                0x000012ac                ReceiveData
 .text.NetworkStatus
                0x00001378       0x14 .\CortexM0\ARM_GCC_493\Debug\network.o
                0x00001378                NetworkStatus
 .text.SendSkierStart
                0x0000138c       0x30 .\CortexM0\ARM_GCC_493\Debug\network.o
                0x0000138c                SendSkierStart
 .text.FinReady
                0x000013bc       0x14 .\CortexM0\ARM_GCC_493\Debug\network.o
                0x000013bc                FinReady
 .text.FinWriteInDB
                0x000013d0       0x28 .\CortexM0\ARM_GCC_493\Debug\network.o
                0x000013d0                FinWriteInDB
 .text.IsRebootFinishFlag
                0x000013f8       0x44 .\CortexM0\ARM_GCC_493\Debug\network.o
                0x000013f8                IsRebootFinishFlag
 .text.SetRebootFlag
                0x0000143c       0x14 .\CortexM0\ARM_GCC_493\Debug\network.o
                0x0000143c                SetRebootFlag
 .text.ClearRebootFlag
                0x00001450       0x1c .\CortexM0\ARM_GCC_493\Debug\network.o
                0x00001450                ClearRebootFlag
 .text.NTPsync  0x0000146c      0x1cc .\CortexM0\ARM_GCC_493\Debug\network.o
                0x0000146c                NTPsync
 .text.NTPreceiveTime
                0x00001638       0xdc .\CortexM0\ARM_GCC_493\Debug\network.o
                0x00001638                NTPreceiveTime
 .text.NTPsendTime
                0x00001714       0x60 .\CortexM0\ARM_GCC_493\Debug\network.o
                0x00001714                NTPsendTime
 .text.MyDelay  0x00001774       0xb0 .\CortexM0\ARM_GCC_493\Debug\myDelay.o
                0x00001774                MyDelay
 .text.UserFunc_1
                0x00001824       0x10 .\CortexM0\ARM_GCC_493\Debug\myDelay.o
 .text.UserFunc_2
                0x00001834        0xc .\CortexM0\ARM_GCC_493\Debug\myDelay.o
 .text.UserFunc_3
                0x00001840       0x20 .\CortexM0\ARM_GCC_493\Debug\myDelay.o
 .text.main     0x00001860       0xb8 .\CortexM0\ARM_GCC_493\Debug\main.o
                0x00001860                main
 .text.SystemInit
                0x00001918       0x34 .\CortexM0\ARM_GCC_493\Debug\main.o
                0x00001918                SystemInit
 .text.TimeSynchronize
                0x0000194c       0x88 .\CortexM0\ARM_GCC_493\Debug\main.o
                0x0000194c                TimeSynchronize
 .text.GetFinishStatus
                0x000019d4       0x60 .\CortexM0\ARM_GCC_493\Debug\main.o
                0x000019d4                GetFinishStatus
 .text.CheckGate
                0x00001a34       0x54 .\CortexM0\ARM_GCC_493\Debug\main.o
                0x00001a34                CheckGate
 .text.SaveResult
                0x00001a88       0x64 .\CortexM0\ARM_GCC_493\Debug\main.o
                0x00001a88                SaveResult
 .text.IntDefaultHandler
                0x00001aec        0x8 .\CortexM0\ARM_GCC_493\Debug\Cm0Start.o
                0x00001aec                IntDefaultHandler
 .text._sbrk    0x00001af4       0x50 .\CortexM0\ARM_GCC_493\Debug\Cm0Start.o
                0x00001af4                _sbrk
 .text.Start_c  0x00001b44       0x98 .\CortexM0\ARM_GCC_493\Debug\Cm0Start.o
                0x00001b44                Start_c
 .text.initialize_psoc
                0x00001bdc       0x70 .\CortexM0\ARM_GCC_493\Debug\Cm0Start.o
                0x00001bdc                initialize_psoc
 .text.CYMEMZERO
                0x00001c4c       0x20 .\CortexM0\ARM_GCC_493\Debug\start_v0.a(cyfitter_cfg.o)
 .text.cfg_write_bytes32
                0x00001c6c       0x80 .\CortexM0\ARM_GCC_493\Debug\start_v0.a(cyfitter_cfg.o)
 .text.AnalogSetDefault
                0x00001cec       0x28 .\CortexM0\ARM_GCC_493\Debug\start_v0.a(cyfitter_cfg.o)
 .text.CySysClkWriteImoFreq
                0x00001d14       0x98 .\CortexM0\ARM_GCC_493\Debug\start_v0.a(CyLib.o)
                0x00001d14                CySysClkWriteImoFreq
 .text.CySysClkEcoStart
                0x00001dac       0x74 .\CortexM0\ARM_GCC_493\Debug\start_v0.a(CyLib.o)
                0x00001dac                CySysClkEcoStart
 .text.CySysClkEcoReadStatus
                0x00001e20       0x20 .\CortexM0\ARM_GCC_493\Debug\start_v0.a(CyLib.o)
                0x00001e20                CySysClkEcoReadStatus
 .text.CyIntSetVector
                0x00001e40       0x4c .\CortexM0\ARM_GCC_493\Debug\start_v0.a(CyLib.o)
                0x00001e40                CyIntSetVector
 .text.CyIntSetPriority
                0x00001e8c       0xa8 .\CortexM0\ARM_GCC_493\Debug\start_v0.a(CyLib.o)
                0x00001e8c                CyIntSetPriority
 .text.CyIntEnable
                0x00001f34       0x28 .\CortexM0\ARM_GCC_493\Debug\start_v0.a(CyLib.o)
                0x00001f34                CyIntEnable
 .text.CyIntDisable
                0x00001f5c       0x28 .\CortexM0\ARM_GCC_493\Debug\start_v0.a(CyLib.o)
                0x00001f5c                CyIntDisable
 .text.CyHalt   0x00001f84       0x14 .\CortexM0\ARM_GCC_493\Debug\start_v0.a(CyLib.o)
                0x00001f84                CyHalt
 .text.CyDelay  0x00001f98       0x48 .\CortexM0\ARM_GCC_493\Debug\start_v0.a(CyLib.o)
                0x00001f98                CyDelay
 .text.CyDelayUs
                0x00001fe0       0x28 .\CortexM0\ARM_GCC_493\Debug\start_v0.a(CyLib.o)
                0x00001fe0                CyDelayUs
 .text.CySysClkWcoSetHighPowerMode
                0x00002008       0x48 .\CortexM0\ARM_GCC_493\Debug\start_v0.a(CyLFClk.o)
 .text.CySysClkWcoSetLowPowerMode
                0x00002050       0x48 .\CortexM0\ARM_GCC_493\Debug\start_v0.a(CyLFClk.o)
 .text.CySysClkWcoStart
                0x00002098       0x20 .\CortexM0\ARM_GCC_493\Debug\start_v0.a(CyLFClk.o)
                0x00002098                CySysClkWcoStart
 .text.CySysClkWcoSetPowerMode
                0x000020b8       0x40 .\CortexM0\ARM_GCC_493\Debug\start_v0.a(CyLFClk.o)
                0x000020b8                CySysClkWcoSetPowerMode
 .text.CySysWdtLock
                0x000020f8       0x34 .\CortexM0\ARM_GCC_493\Debug\start_v0.a(CyLFClk.o)
                0x000020f8                CySysWdtLock
 .text.CySysWdtLocked
                0x0000212c       0x20 .\CortexM0\ARM_GCC_493\Debug\start_v0.a(CyLFClk.o)
 .text.CySysWdtUnlock
                0x0000214c       0x4c .\CortexM0\ARM_GCC_493\Debug\start_v0.a(CyLFClk.o)
                0x0000214c                CySysWdtUnlock
 .text.CySysWdtClearInterrupt
                0x00002198       0x70 .\CortexM0\ARM_GCC_493\Debug\start_v0.a(CyLFClk.o)
                0x00002198                CySysWdtClearInterrupt
 .text.CySysWdtSetInterruptCallback
                0x00002208       0x40 .\CortexM0\ARM_GCC_493\Debug\start_v0.a(CyLFClk.o)
                0x00002208                CySysWdtSetInterruptCallback
 .text.CySysWdtIsr
                0x00002248       0xe8 .\CortexM0\ARM_GCC_493\Debug\start_v0.a(CyLFClk.o)
                0x00002248                CySysWdtIsr
 .text.RTC_IsBitSet
                0x00002330       0x24 .\CortexM0\ARM_GCC_493\Debug\start_v0.a(RTC.o)
 .text.RTC_LeapYear
                0x00002354       0x44 .\CortexM0\ARM_GCC_493\Debug\start_v0.a(RTC.o)
 .text.RTC_GetSecond
                0x00002398       0x30 .\CortexM0\ARM_GCC_493\Debug\start_v0.a(RTC.o)
 .text.RTC_GetMinutes
                0x000023c8       0x38 .\CortexM0\ARM_GCC_493\Debug\start_v0.a(RTC.o)
 .text.RTC_GetHours
                0x00002400       0x38 .\CortexM0\ARM_GCC_493\Debug\start_v0.a(RTC.o)
 .text.RTC_GetAmPm
                0x00002438       0x20 .\CortexM0\ARM_GCC_493\Debug\start_v0.a(RTC.o)
 .text.RTC_GetDay
                0x00002458       0x38 .\CortexM0\ARM_GCC_493\Debug\start_v0.a(RTC.o)
 .text.RTC_GetMonth
                0x00002490       0x38 .\CortexM0\ARM_GCC_493\Debug\start_v0.a(RTC.o)
 .text.RTC_GetYear
                0x000024c8       0x5c .\CortexM0\ARM_GCC_493\Debug\start_v0.a(RTC.o)
 .text.RTC_GetTimeFormat
                0x00002524       0x20 .\CortexM0\ARM_GCC_493\Debug\start_v0.a(RTC.o)
 .text.RTC_ConstructTime
                0x00002544       0xa0 .\CortexM0\ARM_GCC_493\Debug\start_v0.a(RTC.o)
 .text.RTC_ConstructDate
                0x000025e4       0xd8 .\CortexM0\ARM_GCC_493\Debug\start_v0.a(RTC.o)
 .text.RTC_GetDayOfWeek
                0x000026bc       0x88 .\CortexM0\ARM_GCC_493\Debug\start_v0.a(RTC.o)
 .text.RTC_Start
                0x00002744       0x18 .\CortexM0\ARM_GCC_493\Debug\start_v0.a(RTC.o)
                0x00002744                RTC_Start
 .text.RTC_Init
                0x0000275c       0x70 .\CortexM0\ARM_GCC_493\Debug\start_v0.a(RTC.o)
                0x0000275c                RTC_Init
 .text.RTC_SetDateAndTime
                0x000027cc       0x74 .\CortexM0\ARM_GCC_493\Debug\start_v0.a(RTC.o)
                0x000027cc                RTC_SetDateAndTime
 .text.RTC_SetUnixTime
                0x00002840       0x34 .\CortexM0\ARM_GCC_493\Debug\start_v0.a(RTC.o)
                0x00002840                RTC_SetUnixTime
 .text.RTC_GetUnixTime
                0x00002874       0x18 .\CortexM0\ARM_GCC_493\Debug\start_v0.a(RTC.o)
                0x00002874                RTC_GetUnixTime
 .text.RTC_GetTime
                0x0000288c       0x44 .\CortexM0\ARM_GCC_493\Debug\start_v0.a(RTC.o)
                0x0000288c                RTC_GetTime
 .text.RTC_Update
                0x000028d0       0x4c .\CortexM0\ARM_GCC_493\Debug\start_v0.a(RTC.o)
                0x000028d0                RTC_Update
 .text.RTC_DateTimeToUnix
                0x0000291c      0x190 .\CortexM0\ARM_GCC_493\Debug\start_v0.a(RTC.o)
                0x0000291c                RTC_DateTimeToUnix
 .text.RTC_UnixToDateTime
                0x00002aac      0x2ac .\CortexM0\ARM_GCC_493\Debug\start_v0.a(RTC.o)
                0x00002aac                RTC_UnixToDateTime
 .text.RTC_DaysInMonth
                0x00002d58       0x3c .\CortexM0\ARM_GCC_493\Debug\start_v0.a(RTC.o)
                0x00002d58                RTC_DaysInMonth
 .text.LCD_Init
                0x00002d94       0x7c .\CortexM0\ARM_GCC_493\Debug\start_v0.a(LCD.o)
                0x00002d94                LCD_Init
 .text.LCD_Enable
                0x00002e10       0x18 .\CortexM0\ARM_GCC_493\Debug\start_v0.a(LCD.o)
                0x00002e10                LCD_Enable
 .text.LCD_Start
                0x00002e28       0x24 .\CortexM0\ARM_GCC_493\Debug\start_v0.a(LCD.o)
                0x00002e28                LCD_Start
 .text.LCD_Position
                0x00002e4c       0x74 .\CortexM0\ARM_GCC_493\Debug\start_v0.a(LCD.o)
                0x00002e4c                LCD_Position
 .text.LCD_PrintString
                0x00002ec0       0x58 .\CortexM0\ARM_GCC_493\Debug\start_v0.a(LCD.o)
                0x00002ec0                LCD_PrintString
 .text.LCD_PutChar
                0x00002f18       0x1c .\CortexM0\ARM_GCC_493\Debug\start_v0.a(LCD.o)
                0x00002f18                LCD_PutChar
 .text.LCD_WriteData
                0x00002f34       0x48 .\CortexM0\ARM_GCC_493\Debug\start_v0.a(LCD.o)
                0x00002f34                LCD_WriteData
 .text.LCD_WriteControl
                0x00002f7c       0x48 .\CortexM0\ARM_GCC_493\Debug\start_v0.a(LCD.o)
                0x00002f7c                LCD_WriteControl
 .text.LCD_IsReady
                0x00002fc4      0x100 .\CortexM0\ARM_GCC_493\Debug\start_v0.a(LCD.o)
                0x00002fc4                LCD_IsReady
 .text.LCD_WrDatNib
                0x000030c4       0x68 .\CortexM0\ARM_GCC_493\Debug\start_v0.a(LCD.o)
 .text.LCD_WrCntrlNib
                0x0000312c       0x54 .\CortexM0\ARM_GCC_493\Debug\start_v0.a(LCD.o)
 .text.LCD_LoadCustomFonts
                0x00003180       0x58 .\CortexM0\ARM_GCC_493\Debug\start_v0.a(LCD_CustChars.o)
                0x00003180                LCD_LoadCustomFonts
 .text.GatePin_ClearInterrupt
                0x000031d8       0x30 .\CortexM0\ARM_GCC_493\Debug\start_v0.a(GatePin.o)
                0x000031d8                GatePin_ClearInterrupt
 .text.Timer_LED_Init
                0x00003208       0x40 .\CortexM0\ARM_GCC_493\Debug\start_v0.a(Timer_LED.o)
                0x00003208                Timer_LED_Init
 .text.Timer_LED_Enable
                0x00003248       0x38 .\CortexM0\ARM_GCC_493\Debug\start_v0.a(Timer_LED.o)
                0x00003248                Timer_LED_Enable
 .text.Timer_LED_Stop
                0x00003280       0x30 .\CortexM0\ARM_GCC_493\Debug\start_v0.a(Timer_LED.o)
                0x00003280                Timer_LED_Stop
 .text.Timer_LED_WriteCounter
                0x000032b0       0x1c .\CortexM0\ARM_GCC_493\Debug\start_v0.a(Timer_LED.o)
                0x000032b0                Timer_LED_WriteCounter
 .text.Timer_LED_WritePeriod
                0x000032cc       0x1c .\CortexM0\ARM_GCC_493\Debug\start_v0.a(Timer_LED.o)
                0x000032cc                Timer_LED_WritePeriod
 .text.Timer_LED_WriteCompare
                0x000032e8       0x1c .\CortexM0\ARM_GCC_493\Debug\start_v0.a(Timer_LED.o)
                0x000032e8                Timer_LED_WriteCompare
 .text.Timer_LED_TriggerCommand
                0x00003304       0x38 .\CortexM0\ARM_GCC_493\Debug\start_v0.a(Timer_LED.o)
                0x00003304                Timer_LED_TriggerCommand
 .text.Timer_LED_SetInterruptMode
                0x0000333c       0x18 .\CortexM0\ARM_GCC_493\Debug\start_v0.a(Timer_LED.o)
                0x0000333c                Timer_LED_SetInterruptMode
 .text.Timer_LED_ClearInterrupt
                0x00003354       0x18 .\CortexM0\ARM_GCC_493\Debug\start_v0.a(Timer_LED.o)
                0x00003354                Timer_LED_ClearInterrupt
 .text.Int_Timer_Led_StartEx
                0x0000336c       0x24 .\CortexM0\ARM_GCC_493\Debug\start_v0.a(Int_Timer_Led.o)
                0x0000336c                Int_Timer_Led_StartEx
 .text.Int_Timer_Led_SetVector
                0x00003390       0x1c .\CortexM0\ARM_GCC_493\Debug\start_v0.a(Int_Timer_Led.o)
                0x00003390                Int_Timer_Led_SetVector
 .text.Int_Timer_Led_SetPriority
                0x000033ac       0x50 .\CortexM0\ARM_GCC_493\Debug\start_v0.a(Int_Timer_Led.o)
                0x000033ac                Int_Timer_Led_SetPriority
 .text.Int_Timer_Led_Enable
                0x000033fc       0x14 .\CortexM0\ARM_GCC_493\Debug\start_v0.a(Int_Timer_Led.o)
                0x000033fc                Int_Timer_Led_Enable
 .text.Int_Timer_Led_Disable
                0x00003410       0x14 .\CortexM0\ARM_GCC_493\Debug\start_v0.a(Int_Timer_Led.o)
                0x00003410                Int_Timer_Led_Disable
 .text.LED_PIN_Write
                0x00003424       0x48 .\CortexM0\ARM_GCC_493\Debug\start_v0.a(LED_PIN.o)
                0x00003424                LED_PIN_Write
 .text.LED_PIN_Read
                0x0000346c       0x1c .\CortexM0\ARM_GCC_493\Debug\start_v0.a(LED_PIN.o)
                0x0000346c                LED_PIN_Read
 .text.UART_XB_Init
                0x00003488        0xc .\CortexM0\ARM_GCC_493\Debug\start_v0.a(UART_XB.o)
                0x00003488                UART_XB_Init
 .text.UART_XB_Enable
                0x00003494       0x24 .\CortexM0\ARM_GCC_493\Debug\start_v0.a(UART_XB.o)
                0x00003494                UART_XB_Enable
 .text.UART_XB_Start
                0x000034b8       0x24 .\CortexM0\ARM_GCC_493\Debug\start_v0.a(UART_XB.o)
                0x000034b8                UART_XB_Start
 .text.UART_XB_ScbEnableIntr
                0x000034dc       0x10 .\CortexM0\ARM_GCC_493\Debug\start_v0.a(UART_XB.o)
 .text.UART_XB_ScbModePostEnable
                0x000034ec        0xc .\CortexM0\ARM_GCC_493\Debug\start_v0.a(UART_XB.o)
 .text.UART_XB_SpiUartReadRxData
                0x000034f8       0x50 .\CortexM0\ARM_GCC_493\Debug\start_v0.a(UART_XB_SPI_UART.o)
                0x000034f8                UART_XB_SpiUartReadRxData
 .text.UART_XB_SpiUartGetRxBufferSize
                0x00003548       0x40 .\CortexM0\ARM_GCC_493\Debug\start_v0.a(UART_XB_SPI_UART.o)
                0x00003548                UART_XB_SpiUartGetRxBufferSize
 .text.UART_XB_SpiUartClearRxBuffer
                0x00003588       0x60 .\CortexM0\ARM_GCC_493\Debug\start_v0.a(UART_XB_SPI_UART.o)
                0x00003588                UART_XB_SpiUartClearRxBuffer
 .text.UART_XB_SpiUartWriteTxData
                0x000035e8       0x98 .\CortexM0\ARM_GCC_493\Debug\start_v0.a(UART_XB_SPI_UART.o)
                0x000035e8                UART_XB_SpiUartWriteTxData
 .text.UART_XB_UartInit
                0x00003680      0x10c .\CortexM0\ARM_GCC_493\Debug\start_v0.a(UART_XB_UART.o)
                0x00003680                UART_XB_UartInit
 .text.UART_XB_UartPostEnable
                0x0000378c       0x2c .\CortexM0\ARM_GCC_493\Debug\start_v0.a(UART_XB_UART.o)
                0x0000378c                UART_XB_UartPostEnable
 .text.UART_XB_UartGetChar
                0x000037b8       0x40 .\CortexM0\ARM_GCC_493\Debug\start_v0.a(UART_XB_UART.o)
                0x000037b8                UART_XB_UartGetChar
 .text.UART_XB_UartPutString
                0x000037f8       0x34 .\CortexM0\ARM_GCC_493\Debug\start_v0.a(UART_XB_UART.o)
                0x000037f8                UART_XB_UartPutString
 .text.GATE_INT_StartEx
                0x0000382c       0x24 .\CortexM0\ARM_GCC_493\Debug\start_v0.a(GATE_INT.o)
                0x0000382c                GATE_INT_StartEx
 .text.GATE_INT_SetVector
                0x00003850       0x18 .\CortexM0\ARM_GCC_493\Debug\start_v0.a(GATE_INT.o)
                0x00003850                GATE_INT_SetVector
 .text.GATE_INT_SetPriority
                0x00003868       0x50 .\CortexM0\ARM_GCC_493\Debug\start_v0.a(GATE_INT.o)
                0x00003868                GATE_INT_SetPriority
 .text.GATE_INT_Enable
                0x000038b8       0x14 .\CortexM0\ARM_GCC_493\Debug\start_v0.a(GATE_INT.o)
                0x000038b8                GATE_INT_Enable
 .text.GATE_INT_Disable
                0x000038cc       0x14 .\CortexM0\ARM_GCC_493\Debug\start_v0.a(GATE_INT.o)
                0x000038cc                GATE_INT_Disable
 .text.GATE_INT_ClearPending
                0x000038e0       0x14 .\CortexM0\ARM_GCC_493\Debug\start_v0.a(GATE_INT.o)
                0x000038e0                GATE_INT_ClearPending
 .text.AppDelay_Init
                0x000038f4       0x54 .\CortexM0\ARM_GCC_493\Debug\start_v0.a(AppDelay.o)
                0x000038f4                AppDelay_Init
 .text.AppDelay_Enable
                0x00003948       0x20 .\CortexM0\ARM_GCC_493\Debug\start_v0.a(AppDelay.o)
                0x00003948                AppDelay_Enable
 .text.AppDelay_Start
                0x00003968       0x24 .\CortexM0\ARM_GCC_493\Debug\start_v0.a(AppDelay.o)
                0x00003968                AppDelay_Start
 .text.AppDelay_Stop
                0x0000398c       0x1c .\CortexM0\ARM_GCC_493\Debug\start_v0.a(AppDelay.o)
                0x0000398c                AppDelay_Stop
 .text.AppDelay_SetInterruptMode
                0x000039a8       0x20 .\CortexM0\ARM_GCC_493\Debug\start_v0.a(AppDelay.o)
                0x000039a8                AppDelay_SetInterruptMode
 .text.AppDelay_ReadStatusRegister
                0x000039c8       0x14 .\CortexM0\ARM_GCC_493\Debug\start_v0.a(AppDelay.o)
                0x000039c8                AppDelay_ReadStatusRegister
 .text.AppDelay_ReadPeriod
                0x000039dc       0x18 .\CortexM0\ARM_GCC_493\Debug\start_v0.a(AppDelay.o)
                0x000039dc                AppDelay_ReadPeriod
 .text.AppDelay_WritePeriod
                0x000039f4       0x20 .\CortexM0\ARM_GCC_493\Debug\start_v0.a(AppDelay.o)
                0x000039f4                AppDelay_WritePeriod
 .text.AppDelay_ReadCapture
                0x00003a14       0x18 .\CortexM0\ARM_GCC_493\Debug\start_v0.a(AppDelay.o)
                0x00003a14                AppDelay_ReadCapture
 .text.AppDelay_WriteCounter
                0x00003a2c       0x20 .\CortexM0\ARM_GCC_493\Debug\start_v0.a(AppDelay.o)
                0x00003a2c                AppDelay_WriteCounter
 .text.AppDelay_ReadCounter
                0x00003a4c       0x20 .\CortexM0\ARM_GCC_493\Debug\start_v0.a(AppDelay.o)
                0x00003a4c                AppDelay_ReadCounter
 .text.AppDelay_ClearFIFO
                0x00003a6c       0x1c .\CortexM0\ARM_GCC_493\Debug\start_v0.a(AppDelay.o)
                0x00003a6c                AppDelay_ClearFIFO
 .text.debug_Write
                0x00003a88       0x4c .\CortexM0\ARM_GCC_493\Debug\start_v0.a(debug.o)
                0x00003a88                debug_Write
 *fill*         0x00003ad4        0x4 
 .text          0x00003ad8       0x20 .\CortexM0\ARM_GCC_493\Debug\start_v0.a(CyBootAsmGnu.o)
                0x00003ad8                CyDelayCycles
                0x00003aea                CyEnterCriticalSection
                0x00003af2                CyExitCriticalSection
 .text.CySetReg24
                0x00003af8       0x34 .\CortexM0\ARM_GCC_493\Debug\start_v0.a(cyutils.o)
                0x00003af8                CySetReg24
 .text.CyGetReg24
                0x00003b2c       0x40 .\CortexM0\ARM_GCC_493\Debug\start_v0.a(cyutils.o)
                0x00003b2c                CyGetReg24
 .text.UART_XB_SPI_UART_ISR
                0x00003b6c      0x114 .\CortexM0\ARM_GCC_493\Debug\start_v0.a(UART_XB_SPI_UART_INT.o)
                0x00003b6c                UART_XB_SPI_UART_ISR
 .text          0x00003c80      0x120 c:/program files (x86)/cypress/psoc creator/4.0/psoc creator/import/gnu/arm/4.9.3/bin/../lib/gcc/arm-none-eabi/4.9.3/armv6-m\libgcc.a(_udivsi3.o)
                0x00003c80                __aeabi_uidiv
                0x00003c80                __udivsi3
                0x00003d8c                __aeabi_uidivmod
 .text          0x00003da0        0x4 c:/program files (x86)/cypress/psoc creator/4.0/psoc creator/import/gnu/arm/4.9.3/bin/../lib/gcc/arm-none-eabi/4.9.3/armv6-m\libgcc.a(_dvmd_tls.o)
                0x00003da0                __aeabi_idiv0
                0x00003da0                __aeabi_ldiv0
 .text          0x00003da4       0x40 c:/program files (x86)/cypress/psoc creator/4.0/psoc creator/import/gnu/arm/4.9.3/bin/../lib/gcc/arm-none-eabi/4.9.3/armv6-m\libgcc.a(_aeabi_uldivmod.o)
                0x00003da4                __aeabi_uldivmod
 .text          0x00003de4       0x3c c:/program files (x86)/cypress/psoc creator/4.0/psoc creator/import/gnu/arm/4.9.3/bin/../lib/gcc/arm-none-eabi/4.9.3/armv6-m\libgcc.a(_fixunsdfsi.o)
                0x00003de4                __aeabi_d2uiz
                0x00003de4                __fixunsdfsi
 .text          0x00003e20       0x6c c:/program files (x86)/cypress/psoc creator/4.0/psoc creator/import/gnu/arm/4.9.3/bin/../lib/gcc/arm-none-eabi/4.9.3/armv6-m\libgcc.a(bpabi.o)
                0x00003e20                __gnu_ldivmod_helper
                0x00003e58                __gnu_uldivmod_helper
 .text          0x00003e8c      0x648 c:/program files (x86)/cypress/psoc creator/4.0/psoc creator/import/gnu/arm/4.9.3/bin/../lib/gcc/arm-none-eabi/4.9.3/armv6-m\libgcc.a(divdf3.o)
                0x00003e8c                __aeabi_ddiv
 .text          0x000044d4      0x6f4 c:/program files (x86)/cypress/psoc creator/4.0/psoc creator/import/gnu/arm/4.9.3/bin/../lib/gcc/arm-none-eabi/4.9.3/armv6-m\libgcc.a(subdf3.o)
                0x000044d4                __aeabi_dsub
 .text          0x00004bc8       0x6c c:/program files (x86)/cypress/psoc creator/4.0/psoc creator/import/gnu/arm/4.9.3/bin/../lib/gcc/arm-none-eabi/4.9.3/armv6-m\libgcc.a(fixdfsi.o)
                0x00004bc8                __aeabi_d2iz
 .text          0x00004c34       0x64 c:/program files (x86)/cypress/psoc creator/4.0/psoc creator/import/gnu/arm/4.9.3/bin/../lib/gcc/arm-none-eabi/4.9.3/armv6-m\libgcc.a(floatunsidf.o)
                0x00004c34                __aeabi_ui2d
 .text          0x00004c98       0x7c c:/program files (x86)/cypress/psoc creator/4.0/psoc creator/import/gnu/arm/4.9.3/bin/../lib/gcc/arm-none-eabi/4.9.3/armv6-m\libgcc.a(_arm_cmpdf2.o)
                0x00004c98                __aeabi_cdrcmple
                0x00004ca8                __aeabi_cdcmple
                0x00004ca8                __aeabi_cdcmpeq
                0x00004cb8                __aeabi_dcmpeq
                0x00004cc4                __aeabi_dcmplt
                0x00004cd8                __aeabi_dcmple
                0x00004cec                __aeabi_dcmpgt
                0x00004d00                __aeabi_dcmpge
 .text          0x00004d14       0x3c c:/program files (x86)/cypress/psoc creator/4.0/psoc creator/import/gnu/arm/4.9.3/bin/../lib/gcc/arm-none-eabi/4.9.3/armv6-m\libgcc.a(_clzsi2.o)
                0x00004d14                __clzsi2
 .text          0x00004d50       0x54 c:/program files (x86)/cypress/psoc creator/4.0/psoc creator/import/gnu/arm/4.9.3/bin/../lib/gcc/arm-none-eabi/4.9.3/armv6-m\libgcc.a(_muldi3.o)
                0x00004d50                __muldi3
                0x00004d50                __aeabi_lmul
 .text          0x00004da4      0x1f0 c:/program files (x86)/cypress/psoc creator/4.0/psoc creator/import/gnu/arm/4.9.3/bin/../lib/gcc/arm-none-eabi/4.9.3/armv6-m\libgcc.a(_divdi3.o)
                0x00004da4                __divdi3
 .text          0x00004f94      0x158 c:/program files (x86)/cypress/psoc creator/4.0/psoc creator/import/gnu/arm/4.9.3/bin/../lib/gcc/arm-none-eabi/4.9.3/armv6-m\libgcc.a(_udivdi3.o)
                0x00004f94                __udivdi3
 .text          0x000050ec       0x88 c:/program files (x86)/cypress/psoc creator/4.0/psoc creator/import/gnu/arm/4.9.3/bin/../lib/gcc/arm-none-eabi/4.9.3/armv6-m\libgcc.a(eqdf2.o)
                0x000050ec                __nedf2
                0x000050ec                __eqdf2
 .text          0x00005174       0xe0 c:/program files (x86)/cypress/psoc creator/4.0/psoc creator/import/gnu/arm/4.9.3/bin/../lib/gcc/arm-none-eabi/4.9.3/armv6-m\libgcc.a(gedf2.o)
                0x00005174                __gedf2
                0x00005174                __gtdf2
 .text          0x00005254       0xcc c:/program files (x86)/cypress/psoc creator/4.0/psoc creator/import/gnu/arm/4.9.3/bin/../lib/gcc/arm-none-eabi/4.9.3/armv6-m\libgcc.a(ledf2.o)
                0x00005254                __ledf2
                0x00005254                __ltdf2
 .text          0x00005320       0x18 c:/program files (x86)/cypress/psoc creator/4.0/psoc creator/import/gnu/arm/4.9.3/bin/../lib/gcc/arm-none-eabi/4.9.3/armv6-m\libgcc.a(_clzdi2.o)
                0x00005320                __clzdi2
 .text.__errno  0x00005338        0xc c:/program files (x86)/cypress/psoc creator/4.0/psoc creator/import/gnu/arm/4.9.3/bin/../lib/gcc/arm-none-eabi/4.9.3/../../../../arm-none-eabi/lib/armv6-m\libg_nano.a(lib_a-errno.o)
                0x00005338                __errno
 .text.__libc_init_array
                0x00005344       0x4c c:/program files (x86)/cypress/psoc creator/4.0/psoc creator/import/gnu/arm/4.9.3/bin/../lib/gcc/arm-none-eabi/4.9.3/../../../../arm-none-eabi/lib/armv6-m\libg_nano.a(lib_a-init.o)
                0x00005344                __libc_init_array
 .text.memcpy   0x00005390       0x12 c:/program files (x86)/cypress/psoc creator/4.0/psoc creator/import/gnu/arm/4.9.3/bin/../lib/gcc/arm-none-eabi/4.9.3/../../../../arm-none-eabi/lib/armv6-m\libg_nano.a(lib_a-memcpy.o)
                0x00005390                memcpy
 .text.memset   0x000053a2       0x10 c:/program files (x86)/cypress/psoc creator/4.0/psoc creator/import/gnu/arm/4.9.3/bin/../lib/gcc/arm-none-eabi/4.9.3/../../../../arm-none-eabi/lib/armv6-m\libg_nano.a(lib_a-memset.o)
                0x000053a2                memset
 *fill*         0x000053b2        0x2 
 .text.sprintf  0x000053b4       0x44 c:/program files (x86)/cypress/psoc creator/4.0/psoc creator/import/gnu/arm/4.9.3/bin/../lib/gcc/arm-none-eabi/4.9.3/../../../../arm-none-eabi/lib/armv6-m\libg_nano.a(lib_a-sprintf.o)
                0x000053b4                siprintf
                0x000053b4                sprintf
 .text.strcat   0x000053f8       0x1a c:/program files (x86)/cypress/psoc creator/4.0/psoc creator/import/gnu/arm/4.9.3/bin/../lib/gcc/arm-none-eabi/4.9.3/../../../../arm-none-eabi/lib/armv6-m\libg_nano.a(lib_a-strcat.o)
                0x000053f8                strcat
 .text.strcpy   0x00005412       0x10 c:/program files (x86)/cypress/psoc creator/4.0/psoc creator/import/gnu/arm/4.9.3/bin/../lib/gcc/arm-none-eabi/4.9.3/../../../../arm-none-eabi/lib/armv6-m\libg_nano.a(lib_a-strcpy.o)
                0x00005412                strcpy
 .text.strlen   0x00005422        0xe c:/program files (x86)/cypress/psoc creator/4.0/psoc creator/import/gnu/arm/4.9.3/bin/../lib/gcc/arm-none-eabi/4.9.3/../../../../arm-none-eabi/lib/armv6-m\libg_nano.a(lib_a-strlen.o)
                0x00005422                strlen
 .text.__ssputs_r
                0x00005430       0xc0 c:/program files (x86)/cypress/psoc creator/4.0/psoc creator/import/gnu/arm/4.9.3/bin/../lib/gcc/arm-none-eabi/4.9.3/../../../../arm-none-eabi/lib/armv6-m\libg_nano.a(lib_a-nano-svfprintf.o)
                0x00005430                __ssputs_r
 .text._svfprintf_r
                0x000054f0      0x1ec c:/program files (x86)/cypress/psoc creator/4.0/psoc creator/import/gnu/arm/4.9.3/bin/../lib/gcc/arm-none-eabi/4.9.3/../../../../arm-none-eabi/lib/armv6-m\libg_nano.a(lib_a-nano-svfprintf.o)
                0x000054f0                _svfiprintf_r
                0x000054f0                _svfprintf_r
 .text._printf_common
                0x000056dc       0xdc c:/program files (x86)/cypress/psoc creator/4.0/psoc creator/import/gnu/arm/4.9.3/bin/../lib/gcc/arm-none-eabi/4.9.3/../../../../arm-none-eabi/lib/armv6-m\libg_nano.a(lib_a-nano-vfprintf_i.o)
                0x000056dc                _printf_common
 .text._printf_i
                0x000057b8      0x230 c:/program files (x86)/cypress/psoc creator/4.0/psoc creator/import/gnu/arm/4.9.3/bin/../lib/gcc/arm-none-eabi/4.9.3/../../../../arm-none-eabi/lib/armv6-m\libg_nano.a(lib_a-nano-vfprintf_i.o)
                0x000057b8                _printf_i
 .text.memchr   0x000059e8       0x16 c:/program files (x86)/cypress/psoc creator/4.0/psoc creator/import/gnu/arm/4.9.3/bin/../lib/gcc/arm-none-eabi/4.9.3/../../../../arm-none-eabi/lib/armv6-m\libg_nano.a(lib_a-memchr.o)
                0x000059e8                memchr
 .text.memmove  0x000059fe       0x28 c:/program files (x86)/cypress/psoc creator/4.0/psoc creator/import/gnu/arm/4.9.3/bin/../lib/gcc/arm-none-eabi/4.9.3/../../../../arm-none-eabi/lib/armv6-m\libg_nano.a(lib_a-memmove.o)
                0x000059fe                memmove
 *fill*         0x00005a26        0x2 
 .text._free_r  0x00005a28       0x8c c:/program files (x86)/cypress/psoc creator/4.0/psoc creator/import/gnu/arm/4.9.3/bin/../lib/gcc/arm-none-eabi/4.9.3/../../../../arm-none-eabi/lib/armv6-m\libg_nano.a(lib_a-nano-freer.o)
                0x00005a28                _free_r
 .text._malloc_r
                0x00005ab4       0xb0 c:/program files (x86)/cypress/psoc creator/4.0/psoc creator/import/gnu/arm/4.9.3/bin/../lib/gcc/arm-none-eabi/4.9.3/../../../../arm-none-eabi/lib/armv6-m\libg_nano.a(lib_a-nano-mallocr.o)
                0x00005ab4                _malloc_r
 .text._realloc_r
                0x00005b64       0x4c c:/program files (x86)/cypress/psoc creator/4.0/psoc creator/import/gnu/arm/4.9.3/bin/../lib/gcc/arm-none-eabi/4.9.3/../../../../arm-none-eabi/lib/armv6-m\libg_nano.a(lib_a-nano-reallocr.o)
                0x00005b64                _realloc_r
 .text._sbrk_r  0x00005bb0       0x24 c:/program files (x86)/cypress/psoc creator/4.0/psoc creator/import/gnu/arm/4.9.3/bin/../lib/gcc/arm-none-eabi/4.9.3/../../../../arm-none-eabi/lib/armv6-m\libg_nano.a(lib_a-sbrkr.o)
                0x00005bb0                _sbrk_r
 .text._malloc_usable_size_r
                0x00005bd4       0x16 c:/program files (x86)/cypress/psoc creator/4.0/psoc creator/import/gnu/arm/4.9.3/bin/../lib/gcc/arm-none-eabi/4.9.3/../../../../arm-none-eabi/lib/armv6-m\libg_nano.a(lib_a-nano-msizer.o)
                0x00005bd4                _malloc_usable_size_r
 *(.plt)
 *(.gnu.warning)
 *(.glue_7t)
 .glue_7t       0x00000000        0x0 linker stubs
 *(.glue_7)
 .glue_7        0x00000000        0x0 linker stubs
 *(.vfp11_veneer)
 .vfp11_veneer  0x00000000        0x0 linker stubs
 *(.bootloader)
 *(.ARM.extab* .gnu.linkonce.armextab.*)
 *(.gcc_except_table)

.v4_bx          0x00005bec        0x0
 .v4_bx         0x00000000        0x0 linker stubs

.iplt           0x00005bec        0x0
 .iplt          0x00000000        0x0 c:/program files (x86)/cypress/psoc creator/4.0/psoc creator/import/gnu/arm/4.9.3/bin/../lib/gcc/arm-none-eabi/4.9.3/armv6-m/crtbegin.o

.eh_frame_hdr
 *(.eh_frame_hdr)

.eh_frame       0x00005bec        0x4
 *(.eh_frame)
 .eh_frame      0x00005bec        0x0 c:/program files (x86)/cypress/psoc creator/4.0/psoc creator/import/gnu/arm/4.9.3/bin/../lib/gcc/arm-none-eabi/4.9.3/armv6-m/crtbegin.o
 .eh_frame      0x00005bec        0x4 c:/program files (x86)/cypress/psoc creator/4.0/psoc creator/import/gnu/arm/4.9.3/bin/../lib/gcc/arm-none-eabi/4.9.3/armv6-m/crtend.o
                0x00005bf0                PROVIDE (__exidx_start, .)

.ARM.exidx      0x00005bf0        0x8
 *(.ARM.exidx* .gnu.linkonce.armexidx.*)
 .ARM.exidx     0x00005bf0        0x8 c:/program files (x86)/cypress/psoc creator/4.0/psoc creator/import/gnu/arm/4.9.3/bin/../lib/gcc/arm-none-eabi/4.9.3/armv6-m\libgcc.a(_divdi3.o)
 .ARM.exidx     0x00005bf8        0x0 c:/program files (x86)/cypress/psoc creator/4.0/psoc creator/import/gnu/arm/4.9.3/bin/../lib/gcc/arm-none-eabi/4.9.3/armv6-m\libgcc.a(_udivdi3.o)
                                  0x8 (size before relaxing)
                0x00005bf8                __exidx_end = .

.rodata         0x00005bf8      0x420
 *(.rodata .rodata.* .gnu.linkonce.r.*)
 .rodata        0x00005bf8       0x34 .\CortexM0\ARM_GCC_493\Debug\display.o
 .rodata        0x00005c2c       0x6c .\CortexM0\ARM_GCC_493\Debug\svt.o
 .rodata        0x00005c98       0x20 .\CortexM0\ARM_GCC_493\Debug\ntp.o
 .rodata        0x00005cb8       0x30 .\CortexM0\ARM_GCC_493\Debug\network.o
 .rodata        0x00005ce8       0x90 .\CortexM0\ARM_GCC_493\Debug\main.o
 .rodata        0x00005d78      0x15c .\CortexM0\ARM_GCC_493\Debug\start_v0.a(cyfitter_cfg.o)
 .rodata        0x00005ed4       0x30 .\CortexM0\ARM_GCC_493\Debug\start_v0.a(CyLib.o)
                0x00005ed4                cyImoFreqMhz2Reg
 .rodata        0x00005f04       0x24 .\CortexM0\ARM_GCC_493\Debug\start_v0.a(RTC.o)
                0x00005f04                RTC_daysBeforeMonthTbl
                0x00005f1c                RTC_daysInMonthTbl
 .rodata        0x00005f28       0x40 .\CortexM0\ARM_GCC_493\Debug\start_v0.a(LCD_CustChars.o)
                0x00005f28                LCD_customFonts
 .rodata        0x00005f68       0x40 c:/program files (x86)/cypress/psoc creator/4.0/psoc creator/import/gnu/arm/4.9.3/bin/../lib/gcc/arm-none-eabi/4.9.3/armv6-m\libgcc.a(divdf3.o)
 .rodata.str1.1
                0x00005fa8        0x2 c:/program files (x86)/cypress/psoc creator/4.0/psoc creator/import/gnu/arm/4.9.3/bin/../lib/gcc/arm-none-eabi/4.9.3/../../../../arm-none-eabi/lib/armv6-m\libg_nano.a(lib_a-impure.o)
 .rodata.str1.1
                0x00005faa       0x11 c:/program files (x86)/cypress/psoc creator/4.0/psoc creator/import/gnu/arm/4.9.3/bin/../lib/gcc/arm-none-eabi/4.9.3/../../../../arm-none-eabi/lib/armv6-m\libg_nano.a(lib_a-nano-svfprintf.o)
 .rodata.str1.1
                0x00005fbb       0x22 c:/program files (x86)/cypress/psoc creator/4.0/psoc creator/import/gnu/arm/4.9.3/bin/../lib/gcc/arm-none-eabi/4.9.3/../../../../arm-none-eabi/lib/armv6-m\libg_nano.a(lib_a-nano-vfprintf_i.o)
                0x00005fe0                . = ALIGN (0x4)
 *fill*         0x00005fdd        0x3 
 *(.init)
 .init          0x00005fe0        0x4 c:/program files (x86)/cypress/psoc creator/4.0/psoc creator/import/gnu/arm/4.9.3/bin/../lib/gcc/arm-none-eabi/4.9.3/armv6-m/crti.o
                0x00005fe0                _init
 .init          0x00005fe4        0x8 c:/program files (x86)/cypress/psoc creator/4.0/psoc creator/import/gnu/arm/4.9.3/bin/../lib/gcc/arm-none-eabi/4.9.3/armv6-m/crtn.o
                0x00005fec                . = ALIGN (0x4)
                0x00005fec                __preinit_array_start = .
 *(.preinit_array)
                0x00005fec                __preinit_array_end = .
                0x00005fec                . = ALIGN (0x4)
                0x00005fec                __init_array_start = .
 *(SORT(.init_array.*))
 *(.init_array)
 .init_array    0x00005fec        0x4 c:/program files (x86)/cypress/psoc creator/4.0/psoc creator/import/gnu/arm/4.9.3/bin/../lib/gcc/arm-none-eabi/4.9.3/armv6-m/crtbegin.o
 .init_array    0x00005ff0        0x4 .\CortexM0\ARM_GCC_493\Debug\Cm0Start.o
                0x00005ff4                __init_array_end = .
                0x00005ff4                . = ALIGN (0x4)
 *(.fini)
 .fini          0x00005ff4        0x4 c:/program files (x86)/cypress/psoc creator/4.0/psoc creator/import/gnu/arm/4.9.3/bin/../lib/gcc/arm-none-eabi/4.9.3/armv6-m/crti.o
                0x00005ff4                _fini
 .fini          0x00005ff8        0x8 c:/program files (x86)/cypress/psoc creator/4.0/psoc creator/import/gnu/arm/4.9.3/bin/../lib/gcc/arm-none-eabi/4.9.3/armv6-m/crtn.o
                0x00006000                . = ALIGN (0x4)
                0x00006000                __fini_array_start = .
 *(.fini_array)
 .fini_array    0x00006000        0x4 c:/program files (x86)/cypress/psoc creator/4.0/psoc creator/import/gnu/arm/4.9.3/bin/../lib/gcc/arm-none-eabi/4.9.3/armv6-m/crtbegin.o
 *(SORT(.fini_array.*))
                0x00006004                __fini_array_end = .
                0x00006004                . = ALIGN (0x4)
 *crtbegin.o(.ctors)
 *(EXCLUDE_FILE(*crtend.o) .ctors)
 *(SORT(.ctors.*))
 *crtend.o(.ctors)
                0x00006004                . = ALIGN (0x4)
 *crtbegin.o(.dtors)
 *(EXCLUDE_FILE(*crtend.o) .dtors)
 *(SORT(.dtors.*))
 *crtend.o(.dtors)
                0x00006004                . = ALIGN (0x4)
                0x00006004                __cy_regions = .
                0x00006004        0x4 LONG 0x6018 __cy_region_init_ram
                0x00006008        0x4 LONG 0x200000c8 __cy_region_start_data
                0x0000600c        0x4 LONG 0x88 __cy_region_init_size_ram
                0x00006010        0x4 LONG 0x6e0 __cy_region_zero_size_ram
                0x00006014                __cy_regions_end = .
                0x00006018                . = ALIGN (0x8)
 *fill*         0x00006014        0x4 
                0x00006018                _etext = .

.cy_checksum_exclude
                0x00006018        0x0
 *(.cy_checksum_exclude)

.ramvectors     0x20000000       0xc0
                0x20000000                __cy_region_start_ram = .
 *(.ramvectors)
 .ramvectors    0x20000000       0xc0 .\CortexM0\ARM_GCC_493\Debug\Cm0Start.o
                0x20000000                CyRamVectors

.noinit         0x200000c0        0x4
 *(.noinit)
 .noinit        0x200000c0        0x4 .\CortexM0\ARM_GCC_493\Debug\Cm0Start.o

.data           0x200000c8       0x88 load address 0x00006018
                0x200000c8                __cy_region_start_data = .
 *(.jcr)
 .jcr           0x200000c8        0x0 c:/program files (x86)/cypress/psoc creator/4.0/psoc creator/import/gnu/arm/4.9.3/bin/../lib/gcc/arm-none-eabi/4.9.3/armv6-m/crtbegin.o
 .jcr           0x200000c8        0x4 c:/program files (x86)/cypress/psoc creator/4.0/psoc creator/import/gnu/arm/4.9.3/bin/../lib/gcc/arm-none-eabi/4.9.3/armv6-m/crtend.o
 *(.got.plt)
 *(.got)
 *(.shdata)
 *(.data .data.* .gnu.linkonce.d.*)
 .data          0x200000cc        0x4 .\CortexM0\ARM_GCC_493\Debug\Cm0Start.o
 .data          0x200000d0       0x10 .\CortexM0\ARM_GCC_493\Debug\start_v0.a(CyLib.o)
                0x200000d0                cydelayFreqHz
                0x200000d4                cydelayFreqKhz
                0x200000d8                cydelayFreqMhz
                0x200000dc                cydelay32kMs
 .data          0x200000e0        0x8 .\CortexM0\ARM_GCC_493\Debug\start_v0.a(CyLFClk.o)
 .data.impure_data
                0x200000e8       0x60 c:/program files (x86)/cypress/psoc creator/4.0/psoc creator/import/gnu/arm/4.9.3/bin/../lib/gcc/arm-none-eabi/4.9.3/../../../../arm-none-eabi/lib/armv6-m\libg_nano.a(lib_a-impure.o)
 .data._impure_ptr
                0x20000148        0x4 c:/program files (x86)/cypress/psoc creator/4.0/psoc creator/import/gnu/arm/4.9.3/bin/../lib/gcc/arm-none-eabi/4.9.3/../../../../arm-none-eabi/lib/armv6-m\libg_nano.a(lib_a-impure.o)
                0x20000148                _impure_ptr
                0x20000150                . = ALIGN (0x8)
 *fill*         0x2000014c        0x4 
 *(.ram)
                0x20000150                _edata = .

.igot.plt       0x20000150        0x0 load address 0x000060a0
 .igot.plt      0x00000000        0x0 c:/program files (x86)/cypress/psoc creator/4.0/psoc creator/import/gnu/arm/4.9.3/bin/../lib/gcc/arm-none-eabi/4.9.3/armv6-m/crtbegin.o

.bss            0x20000150      0x6e0 load address 0x000060a0
                0x20000150                PROVIDE (__bss_start__, .)
 *(.shbss)
 *(.bss .bss.* .gnu.linkonce.b.*)
 .bss           0x20000150       0x1c c:/program files (x86)/cypress/psoc creator/4.0/psoc creator/import/gnu/arm/4.9.3/bin/../lib/gcc/arm-none-eabi/4.9.3/armv6-m/crtbegin.o
 *fill*         0x2000016c        0x4 
 .bss           0x20000170       0x10 .\CortexM0\ARM_GCC_493\Debug\RTC_WDT.o
 .bss           0x20000180       0x64 .\CortexM0\ARM_GCC_493\Debug\display.o
 *fill*         0x200001e4        0x4 
 .bss           0x200001e8       0x10 .\CortexM0\ARM_GCC_493\Debug\gate.o
 .bss           0x200001f8      0x404 .\CortexM0\ARM_GCC_493\Debug\crc32.o
 .bss           0x200005fc        0x1 .\CortexM0\ARM_GCC_493\Debug\ntp.o
                0x200005fc                NTP_STATE
 *fill*         0x200005fd        0x3 
 .bss           0x20000600        0xc .\CortexM0\ARM_GCC_493\Debug\network.o
 .bss           0x2000060c        0x4 .\CortexM0\ARM_GCC_493\Debug\main.o
 .bss           0x20000610       0x28 .\CortexM0\ARM_GCC_493\Debug\start_v0.a(CyLFClk.o)
 .bss           0x20000638       0x10 .\CortexM0\ARM_GCC_493\Debug\start_v0.a(RTC.o)
 .bss           0x20000648        0x2 .\CortexM0\ARM_GCC_493\Debug\start_v0.a(LCD.o)
                0x20000648                LCD_enableState
                0x20000649                LCD_initVar
 *fill*         0x2000064a        0x2 
 .bss           0x2000064c        0x8 .\CortexM0\ARM_GCC_493\Debug\start_v0.a(UART_XB.o)
                0x2000064c                UART_XB_initVar
                0x2000064e                UART_XB_IntrTxMask
                0x20000650                UART_XB_customIntrHandler
 .bss           0x20000654        0x1 .\CortexM0\ARM_GCC_493\Debug\start_v0.a(AppDelay.o)
                0x20000654                AppDelay_initVar
 *fill*         0x20000655        0x3 
 .bss.__malloc_sbrk_start
                0x20000658        0x4 c:/program files (x86)/cypress/psoc creator/4.0/psoc creator/import/gnu/arm/4.9.3/bin/../lib/gcc/arm-none-eabi/4.9.3/../../../../arm-none-eabi/lib/armv6-m\libg_nano.a(lib_a-nano-mallocr.o)
                0x20000658                __malloc_sbrk_start
 .bss.__malloc_free_list
                0x2000065c        0x4 c:/program files (x86)/cypress/psoc creator/4.0/psoc creator/import/gnu/arm/4.9.3/bin/../lib/gcc/arm-none-eabi/4.9.3/../../../../arm-none-eabi/lib/armv6-m\libg_nano.a(lib_a-nano-mallocr.o)
                0x2000065c                __malloc_free_list
 *(COMMON)
 COMMON         0x20000660        0x1 .\CortexM0\ARM_GCC_493\Debug\LED.o
                0x20000660                LED_InitValue
 COMMON         0x20000661        0x7 .\CortexM0\ARM_GCC_493\Debug\svt.o
                0x20000661                LenC
                0x20000662                LenChS
                0x20000663                LenD1
                0x20000664                LenSeq
                0x20000665                LenD2
                0x20000666                PROTO_STATE
                0x20000667                LenD3
 COMMON         0x20000668        0x4 .\CortexM0\ARM_GCC_493\Debug\ntp.o
                0x20000668                NtpLenChS
                0x20000669                NtpLenMsD1
                0x2000066a                NtpLenId
                0x2000066b                NtpLenD1
 *fill*         0x2000066c        0x4 
 COMMON         0x20000670       0xac .\CortexM0\ARM_GCC_493\Debug\network.o
                0x20000670                outData
                0x20000688                inData
                0x200006a0                unixTime
                0x200006b0                millisTime
                0x200006b8                previousData
 COMMON         0x2000071c        0x1 .\CortexM0\ARM_GCC_493\Debug\main.o
                0x2000071c                currentState
 *fill*         0x2000071d        0x3 
 COMMON         0x20000720       0x28 .\CortexM0\ARM_GCC_493\Debug\start_v0.a(RTC.o)
                0x20000720                RTC_initVar
                0x20000724                RTC_currentTimeDate
                0x20000734                RTC_alarmCurStatus
                0x20000738                RTC_dstStatus
                0x20000740                RTC_unixTime
 COMMON         0x20000748       0xe0 .\CortexM0\ARM_GCC_493\Debug\start_v0.a(UART_XB_SPI_UART.o)
                0x20000748                UART_XB_rxBufferTail
                0x2000074c                UART_XB_rxBufferOverflow
                0x20000750                UART_XB_txBufferHead
                0x20000754                UART_XB_txBufferInternal
                0x200007b8                UART_XB_rxBufferInternal
                0x20000820                UART_XB_rxBufferHead
                0x20000824                UART_XB_txBufferTail
 COMMON         0x20000828        0x4 c:/program files (x86)/cypress/psoc creator/4.0/psoc creator/import/gnu/arm/4.9.3/bin/../lib/gcc/arm-none-eabi/4.9.3/../../../../arm-none-eabi/lib/armv6-m\libg_nano.a(lib_a-reent.o)
                0x20000828                errno
                0x20000830                . = ALIGN (0x8)
 *fill*         0x2000082c        0x4 
 *(.ram.b)
                0x20000830                _end = .
                0x20000830                __end = .
                0x20000830                PROVIDE (end, .)
                0x20000830                PROVIDE (__bss_end__, .)
                0x00006018                __cy_region_init_ram = LOADADDR (.data)
                0x00000088                __cy_region_init_size_ram = (_edata - ADDR (.data))
                0x000006e0                __cy_region_zero_size_ram = (_end - _edata)

.heap           0x20000830       0x80 load address 0x000060a0
                0x20000830                . = _end
                0x200008b0                . = (. + 0x80)
 *fill*         0x20000830       0x80 
                0x200008b0                __cy_heap_limit = .

.stack          0x20003800      0x800
                0x20003800                __cy_stack_limit = .
                0x20004000                . = (. + 0x800)
 *fill*         0x20003800      0x800 
                0x00000001                ASSERT ((__cy_stack_limit >= __cy_heap_limit), region RAM overflowed with stack)
                0x00000000                cy_checksum_exclude_size = (CY_APPL_LOADABLE == 0x1)?SIZEOF (.cy_checksum_exclude):0x0
                0x00000001                ASSERT ((cy_checksum_exclude_size <= CY_CHECKSUM_EXCLUDE_SIZE), CY_BOOT: Section .cy_checksum_exclude size exceedes specified limit.)
                0x0001ffc0                cyloadermeta_start = (cy_project_type_bootloader || cy_project_type_app_for_stack_and_copier)?(0x20000 - CY_METADATA_SIZE):0xf0000000

.cyloadermeta
 *(.cyloadermeta)
                0x0001ffc0                cyloadablemeta_start = cy_project_type_app_for_stack_and_copier?((0x20000 - CY_FLASH_ROW_SIZE) - CY_METADATA_SIZE):((0x20000 - (CY_FLASH_ROW_SIZE * (CY_APPL_NUM - 0x1))) - CY_METADATA_SIZE)

.cyloadablemeta
 *(.cyloadablemeta)

.cyflashprotect
                0x90400000       0x80
 *(.cyflashprotect)
 .cyflashprotect
                0x90400000       0x80 .\CortexM0\ARM_GCC_493\Debug\cymetadata.o
                0x90400000                cy_meta_flashprotect

.cymeta         0x90500000        0xc
 *(.cymeta)
 .cymeta        0x90500000        0xc .\CortexM0\ARM_GCC_493\Debug\cymetadata.o
                0x90500000                cy_metadata

.cychipprotect  0x90600000        0x4
 *(.cychipprotect)
 .cychipprotect
                0x90600000        0x4 .\CortexM0\ARM_GCC_493\Debug\cymetadata.o
                0x90600000                cy_meta_chipprotect

.rel.dyn        0x000060a0        0x0 load address 0x90600004
 .rel.iplt      0x00000000        0x0 c:/program files (x86)/cypress/psoc creator/4.0/psoc creator/import/gnu/arm/4.9.3/bin/../lib/gcc/arm-none-eabi/4.9.3/armv6-m/crtbegin.o

.stab
 *(.stab)

.stabstr
 *(.stabstr)

.debug
 *(.debug)

.line
 *(.line)

.debug_srcinfo
 *(.debug_srcinfo)

.debug_sfnames
 *(.debug_sfnames)

.debug_aranges  0x00000000      0xe68
 *(.debug_aranges)
 .debug_aranges
                0x00000000       0x90 .\CortexM0\ARM_GCC_493\Debug\RTC_WDT.o
 .debug_aranges
                0x00000090       0x60 .\CortexM0\ARM_GCC_493\Debug\display.o
 .debug_aranges
                0x000000f0       0x48 .\CortexM0\ARM_GCC_493\Debug\gate.o
 .debug_aranges
                0x00000138       0x38 .\CortexM0\ARM_GCC_493\Debug\LED.o
 .debug_aranges
                0x00000170       0x38 .\CortexM0\ARM_GCC_493\Debug\crc32.o
 .debug_aranges
                0x000001a8       0x40 .\CortexM0\ARM_GCC_493\Debug\svt.o
 .debug_aranges
                0x000001e8       0x38 .\CortexM0\ARM_GCC_493\Debug\ntp.o
 .debug_aranges
                0x00000220       0x88 .\CortexM0\ARM_GCC_493\Debug\network.o
 .debug_aranges
                0x000002a8       0x38 .\CortexM0\ARM_GCC_493\Debug\myDelay.o
 .debug_aranges
                0x000002e0       0x48 .\CortexM0\ARM_GCC_493\Debug\main.o
 .debug_aranges
                0x00000328       0x18 .\CortexM0\ARM_GCC_493\Debug\cymetadata.o
 .debug_aranges
                0x00000340       0x48 .\CortexM0\ARM_GCC_493\Debug\Cm0Start.o
 .debug_aranges
                0x00000388       0x50 .\CortexM0\ARM_GCC_493\Debug\start_v0.a(cyfitter_cfg.o)
 .debug_aranges
                0x000003d8      0x1a0 .\CortexM0\ARM_GCC_493\Debug\start_v0.a(CyLib.o)
 .debug_aranges
                0x00000578      0x198 .\CortexM0\ARM_GCC_493\Debug\start_v0.a(CyLFClk.o)
 .debug_aranges
                0x00000710      0x128 .\CortexM0\ARM_GCC_493\Debug\start_v0.a(RTC.o)
 .debug_aranges
                0x00000838       0x98 .\CortexM0\ARM_GCC_493\Debug\start_v0.a(LCD.o)
 .debug_aranges
                0x000008d0       0x20 .\CortexM0\ARM_GCC_493\Debug\start_v0.a(LCD_CustChars.o)
 .debug_aranges
                0x000008f0       0x48 .\CortexM0\ARM_GCC_493\Debug\start_v0.a(GatePin.o)
 .debug_aranges
                0x00000938      0x158 .\CortexM0\ARM_GCC_493\Debug\start_v0.a(Timer_LED.o)
 .debug_aranges
                0x00000a90       0x80 .\CortexM0\ARM_GCC_493\Debug\start_v0.a(Int_Timer_Led.o)
 .debug_aranges
                0x00000b10       0x48 .\CortexM0\ARM_GCC_493\Debug\start_v0.a(LED_PIN.o)
 .debug_aranges
                0x00000b58       0x68 .\CortexM0\ARM_GCC_493\Debug\start_v0.a(UART_XB.o)
 .debug_aranges
                0x00000bc0       0x60 .\CortexM0\ARM_GCC_493\Debug\start_v0.a(UART_XB_SPI_UART.o)
 .debug_aranges
                0x00000c20       0x88 .\CortexM0\ARM_GCC_493\Debug\start_v0.a(UART_XB_UART.o)
 .debug_aranges
                0x00000ca8       0x80 .\CortexM0\ARM_GCC_493\Debug\start_v0.a(GATE_INT.o)
 .debug_aranges
                0x00000d28       0x90 .\CortexM0\ARM_GCC_493\Debug\start_v0.a(AppDelay.o)
 .debug_aranges
                0x00000db8       0x48 .\CortexM0\ARM_GCC_493\Debug\start_v0.a(debug.o)
 .debug_aranges
                0x00000e00       0x20 .\CortexM0\ARM_GCC_493\Debug\start_v0.a(CyBootAsmGnu.o)
 .debug_aranges
                0x00000e20       0x28 .\CortexM0\ARM_GCC_493\Debug\start_v0.a(cyutils.o)
 .debug_aranges
                0x00000e48       0x20 .\CortexM0\ARM_GCC_493\Debug\start_v0.a(UART_XB_SPI_UART_INT.o)

.debug_pubnames
 *(.debug_pubnames)

.debug_info     0x00000000     0x64ac
 *(.debug_info .gnu.linkonce.wi.*)
 .debug_info    0x00000000      0x3ff .\CortexM0\ARM_GCC_493\Debug\RTC_WDT.o
 .debug_info    0x000003ff      0x281 .\CortexM0\ARM_GCC_493\Debug\display.o
 .debug_info    0x00000680      0x191 .\CortexM0\ARM_GCC_493\Debug\gate.o
 .debug_info    0x00000811      0x15f .\CortexM0\ARM_GCC_493\Debug\LED.o
 .debug_info    0x00000970      0x205 .\CortexM0\ARM_GCC_493\Debug\crc32.o
 .debug_info    0x00000b75      0x402 .\CortexM0\ARM_GCC_493\Debug\svt.o
 .debug_info    0x00000f77      0x2b4 .\CortexM0\ARM_GCC_493\Debug\ntp.o
 .debug_info    0x0000122b      0x65d .\CortexM0\ARM_GCC_493\Debug\network.o
 .debug_info    0x00001888      0x165 .\CortexM0\ARM_GCC_493\Debug\myDelay.o
 .debug_info    0x000019ed      0x1e4 .\CortexM0\ARM_GCC_493\Debug\main.o
 .debug_info    0x00001bd1       0xfe .\CortexM0\ARM_GCC_493\Debug\cymetadata.o
 .debug_info    0x00001ccf      0x300 .\CortexM0\ARM_GCC_493\Debug\Cm0Start.o
 .debug_info    0x00001fcf      0x357 .\CortexM0\ARM_GCC_493\Debug\start_v0.a(cyfitter_cfg.o)
 .debug_info    0x00002326      0x985 .\CortexM0\ARM_GCC_493\Debug\start_v0.a(CyLib.o)
 .debug_info    0x00002cab      0xaa3 .\CortexM0\ARM_GCC_493\Debug\start_v0.a(CyLFClk.o)
 .debug_info    0x0000374e      0xa4c .\CortexM0\ARM_GCC_493\Debug\start_v0.a(RTC.o)
 .debug_info    0x0000419a      0x3e8 .\CortexM0\ARM_GCC_493\Debug\start_v0.a(LCD.o)
 .debug_info    0x00004582       0xf7 .\CortexM0\ARM_GCC_493\Debug\start_v0.a(LCD_CustChars.o)
 .debug_info    0x00004679      0x19a .\CortexM0\ARM_GCC_493\Debug\start_v0.a(GatePin.o)
 .debug_info    0x00004813      0x6f4 .\CortexM0\ARM_GCC_493\Debug\start_v0.a(Timer_LED.o)
 .debug_info    0x00004f07      0x246 .\CortexM0\ARM_GCC_493\Debug\start_v0.a(Int_Timer_Led.o)
 .debug_info    0x0000514d      0x19a .\CortexM0\ARM_GCC_493\Debug\start_v0.a(LED_PIN.o)
 .debug_info    0x000052e7      0x201 .\CortexM0\ARM_GCC_493\Debug\start_v0.a(UART_XB.o)
 .debug_info    0x000054e8      0x2f5 .\CortexM0\ARM_GCC_493\Debug\start_v0.a(UART_XB_SPI_UART.o)
 .debug_info    0x000057dd      0x31d .\CortexM0\ARM_GCC_493\Debug\start_v0.a(UART_XB_UART.o)
 .debug_info    0x00005afa      0x246 .\CortexM0\ARM_GCC_493\Debug\start_v0.a(GATE_INT.o)
 .debug_info    0x00005d40      0x254 .\CortexM0\ARM_GCC_493\Debug\start_v0.a(AppDelay.o)
 .debug_info    0x00005f94      0x19a .\CortexM0\ARM_GCC_493\Debug\start_v0.a(debug.o)
 .debug_info    0x0000612e       0xb8 .\CortexM0\ARM_GCC_493\Debug\start_v0.a(CyBootAsmGnu.o)
 .debug_info    0x000061e6      0x149 .\CortexM0\ARM_GCC_493\Debug\start_v0.a(cyutils.o)
 .debug_info    0x0000632f      0x17d .\CortexM0\ARM_GCC_493\Debug\start_v0.a(UART_XB_SPI_UART_INT.o)

.debug_abbrev   0x00000000     0x2137
 *(.debug_abbrev)
 .debug_abbrev  0x00000000      0x180 .\CortexM0\ARM_GCC_493\Debug\RTC_WDT.o
 .debug_abbrev  0x00000180       0xfd .\CortexM0\ARM_GCC_493\Debug\display.o
 .debug_abbrev  0x0000027d       0xac .\CortexM0\ARM_GCC_493\Debug\gate.o
 .debug_abbrev  0x00000329       0xa5 .\CortexM0\ARM_GCC_493\Debug\LED.o
 .debug_abbrev  0x000003ce       0xc2 .\CortexM0\ARM_GCC_493\Debug\crc32.o
 .debug_abbrev  0x00000490      0x179 .\CortexM0\ARM_GCC_493\Debug\svt.o
 .debug_abbrev  0x00000609      0x122 .\CortexM0\ARM_GCC_493\Debug\ntp.o
 .debug_abbrev  0x0000072b      0x1f7 .\CortexM0\ARM_GCC_493\Debug\network.o
 .debug_abbrev  0x00000922       0xa4 .\CortexM0\ARM_GCC_493\Debug\myDelay.o
 .debug_abbrev  0x000009c6       0xb9 .\CortexM0\ARM_GCC_493\Debug\main.o
 .debug_abbrev  0x00000a7f       0x5d .\CortexM0\ARM_GCC_493\Debug\cymetadata.o
 .debug_abbrev  0x00000adc      0x1a5 .\CortexM0\ARM_GCC_493\Debug\Cm0Start.o
 .debug_abbrev  0x00000c81      0x18a .\CortexM0\ARM_GCC_493\Debug\start_v0.a(cyfitter_cfg.o)
 .debug_abbrev  0x00000e0b      0x1a7 .\CortexM0\ARM_GCC_493\Debug\start_v0.a(CyLib.o)
 .debug_abbrev  0x00000fb2      0x228 .\CortexM0\ARM_GCC_493\Debug\start_v0.a(CyLFClk.o)
 .debug_abbrev  0x000011da      0x212 .\CortexM0\ARM_GCC_493\Debug\start_v0.a(RTC.o)
 .debug_abbrev  0x000013ec      0x131 .\CortexM0\ARM_GCC_493\Debug\start_v0.a(LCD.o)
 .debug_abbrev  0x0000151d       0xa2 .\CortexM0\ARM_GCC_493\Debug\start_v0.a(LCD_CustChars.o)
 .debug_abbrev  0x000015bf       0xaa .\CortexM0\ARM_GCC_493\Debug\start_v0.a(GatePin.o)
 .debug_abbrev  0x00001669       0xfc .\CortexM0\ARM_GCC_493\Debug\start_v0.a(Timer_LED.o)
 .debug_abbrev  0x00001765      0x16a .\CortexM0\ARM_GCC_493\Debug\start_v0.a(Int_Timer_Led.o)
 .debug_abbrev  0x000018cf       0xaa .\CortexM0\ARM_GCC_493\Debug\start_v0.a(LED_PIN.o)
 .debug_abbrev  0x00001979       0xc5 .\CortexM0\ARM_GCC_493\Debug\start_v0.a(UART_XB.o)
 .debug_abbrev  0x00001a3e      0x149 .\CortexM0\ARM_GCC_493\Debug\start_v0.a(UART_XB_SPI_UART.o)
 .debug_abbrev  0x00001b87       0xfd .\CortexM0\ARM_GCC_493\Debug\start_v0.a(UART_XB_UART.o)
 .debug_abbrev  0x00001c84      0x16a .\CortexM0\ARM_GCC_493\Debug\start_v0.a(GATE_INT.o)
 .debug_abbrev  0x00001dee      0x14f .\CortexM0\ARM_GCC_493\Debug\start_v0.a(AppDelay.o)
 .debug_abbrev  0x00001f3d       0xaa .\CortexM0\ARM_GCC_493\Debug\start_v0.a(debug.o)
 .debug_abbrev  0x00001fe7       0x14 .\CortexM0\ARM_GCC_493\Debug\start_v0.a(CyBootAsmGnu.o)
 .debug_abbrev  0x00001ffb       0xa2 .\CortexM0\ARM_GCC_493\Debug\start_v0.a(cyutils.o)
 .debug_abbrev  0x0000209d       0x9a .\CortexM0\ARM_GCC_493\Debug\start_v0.a(UART_XB_SPI_UART_INT.o)

.debug_line     0x00000000     0x3b1b
 *(.debug_line)
 .debug_line    0x00000000      0x2c7 .\CortexM0\ARM_GCC_493\Debug\RTC_WDT.o
 .debug_line    0x000002c7      0x23f .\CortexM0\ARM_GCC_493\Debug\display.o
 .debug_line    0x00000506      0x19f .\CortexM0\ARM_GCC_493\Debug\gate.o
 .debug_line    0x000006a5      0x198 .\CortexM0\ARM_GCC_493\Debug\LED.o
 .debug_line    0x0000083d      0x1bd .\CortexM0\ARM_GCC_493\Debug\crc32.o
 .debug_line    0x000009fa      0x259 .\CortexM0\ARM_GCC_493\Debug\svt.o
 .debug_line    0x00000c53      0x1f7 .\CortexM0\ARM_GCC_493\Debug\ntp.o
 .debug_line    0x00000e4a      0x341 .\CortexM0\ARM_GCC_493\Debug\network.o
 .debug_line    0x0000118b      0x1af .\CortexM0\ARM_GCC_493\Debug\myDelay.o
 .debug_line    0x0000133a      0x1e7 .\CortexM0\ARM_GCC_493\Debug\main.o
 .debug_line    0x00001521       0x51 .\CortexM0\ARM_GCC_493\Debug\cymetadata.o
 .debug_line    0x00001572      0x1c8 .\CortexM0\ARM_GCC_493\Debug\Cm0Start.o
 .debug_line    0x0000173a      0x1b2 .\CortexM0\ARM_GCC_493\Debug\start_v0.a(cyfitter_cfg.o)
 .debug_line    0x000018ec      0x4ad .\CortexM0\ARM_GCC_493\Debug\start_v0.a(CyLib.o)
 .debug_line    0x00001d99      0x6ec .\CortexM0\ARM_GCC_493\Debug\start_v0.a(CyLFClk.o)
 .debug_line    0x00002485      0x49a .\CortexM0\ARM_GCC_493\Debug\start_v0.a(RTC.o)
 .debug_line    0x0000291f      0x1ee .\CortexM0\ARM_GCC_493\Debug\start_v0.a(LCD.o)
 .debug_line    0x00002b0d       0x7b .\CortexM0\ARM_GCC_493\Debug\start_v0.a(LCD_CustChars.o)
 .debug_line    0x00002b88       0xbf .\CortexM0\ARM_GCC_493\Debug\start_v0.a(GatePin.o)
 .debug_line    0x00002c47      0x373 .\CortexM0\ARM_GCC_493\Debug\start_v0.a(Timer_LED.o)
 .debug_line    0x00002fba      0x15c .\CortexM0\ARM_GCC_493\Debug\start_v0.a(Int_Timer_Led.o)
 .debug_line    0x00003116       0xbf .\CortexM0\ARM_GCC_493\Debug\start_v0.a(LED_PIN.o)
 .debug_line    0x000031d5      0x11d .\CortexM0\ARM_GCC_493\Debug\start_v0.a(UART_XB.o)
 .debug_line    0x000032f2      0x14c .\CortexM0\ARM_GCC_493\Debug\start_v0.a(UART_XB_SPI_UART.o)
 .debug_line    0x0000343e      0x1c3 .\CortexM0\ARM_GCC_493\Debug\start_v0.a(UART_XB_UART.o)
 .debug_line    0x00003601      0x157 .\CortexM0\ARM_GCC_493\Debug\start_v0.a(GATE_INT.o)
 .debug_line    0x00003758      0x171 .\CortexM0\ARM_GCC_493\Debug\start_v0.a(AppDelay.o)
 .debug_line    0x000038c9       0xbd .\CortexM0\ARM_GCC_493\Debug\start_v0.a(debug.o)
 .debug_line    0x00003986       0x68 .\CortexM0\ARM_GCC_493\Debug\start_v0.a(CyBootAsmGnu.o)
 .debug_line    0x000039ee       0x77 .\CortexM0\ARM_GCC_493\Debug\start_v0.a(cyutils.o)
 .debug_line    0x00003a65       0xb6 .\CortexM0\ARM_GCC_493\Debug\start_v0.a(UART_XB_SPI_UART_INT.o)

.debug_frame    0x00000000     0x358c
 *(.debug_frame)
 .debug_frame   0x00000000      0x220 .\CortexM0\ARM_GCC_493\Debug\RTC_WDT.o
 .debug_frame   0x00000220      0x134 .\CortexM0\ARM_GCC_493\Debug\display.o
 .debug_frame   0x00000354       0xcc .\CortexM0\ARM_GCC_493\Debug\gate.o
 .debug_frame   0x00000420       0x88 .\CortexM0\ARM_GCC_493\Debug\LED.o
 .debug_frame   0x000004a8       0x90 .\CortexM0\ARM_GCC_493\Debug\crc32.o
 .debug_frame   0x00000538       0xc0 .\CortexM0\ARM_GCC_493\Debug\svt.o
 .debug_frame   0x000005f8       0x94 .\CortexM0\ARM_GCC_493\Debug\ntp.o
 .debug_frame   0x0000068c      0x1dc .\CortexM0\ARM_GCC_493\Debug\network.o
 .debug_frame   0x00000868       0x88 .\CortexM0\ARM_GCC_493\Debug\myDelay.o
 .debug_frame   0x000008f0       0xcc .\CortexM0\ARM_GCC_493\Debug\main.o
 .debug_frame   0x000009bc       0xc8 .\CortexM0\ARM_GCC_493\Debug\Cm0Start.o
 .debug_frame   0x00000a84       0xe8 .\CortexM0\ARM_GCC_493\Debug\start_v0.a(cyfitter_cfg.o)
 .debug_frame   0x00000b6c      0x608 .\CortexM0\ARM_GCC_493\Debug\start_v0.a(CyLib.o)
 .debug_frame   0x00001174      0x5f8 .\CortexM0\ARM_GCC_493\Debug\start_v0.a(CyLFClk.o)
 .debug_frame   0x0000176c      0x46c .\CortexM0\ARM_GCC_493\Debug\start_v0.a(RTC.o)
 .debug_frame   0x00001bd8      0x200 .\CortexM0\ARM_GCC_493\Debug\start_v0.a(LCD.o)
 .debug_frame   0x00001dd8       0x30 .\CortexM0\ARM_GCC_493\Debug\start_v0.a(LCD_CustChars.o)
 .debug_frame   0x00001e08       0xc8 .\CortexM0\ARM_GCC_493\Debug\start_v0.a(GatePin.o)
 .debug_frame   0x00001ed0      0x52c .\CortexM0\ARM_GCC_493\Debug\start_v0.a(Timer_LED.o)
 .debug_frame   0x000023fc      0x190 .\CortexM0\ARM_GCC_493\Debug\start_v0.a(Int_Timer_Led.o)
 .debug_frame   0x0000258c       0xc8 .\CortexM0\ARM_GCC_493\Debug\start_v0.a(LED_PIN.o)
 .debug_frame   0x00002654      0x134 .\CortexM0\ARM_GCC_493\Debug\start_v0.a(UART_XB.o)
 .debug_frame   0x00002788      0x128 .\CortexM0\ARM_GCC_493\Debug\start_v0.a(UART_XB_SPI_UART.o)
 .debug_frame   0x000028b0      0x1bc .\CortexM0\ARM_GCC_493\Debug\start_v0.a(UART_XB_UART.o)
 .debug_frame   0x00002a6c      0x190 .\CortexM0\ARM_GCC_493\Debug\start_v0.a(GATE_INT.o)
 .debug_frame   0x00002bfc      0x1cc .\CortexM0\ARM_GCC_493\Debug\start_v0.a(AppDelay.o)
 .debug_frame   0x00002dc8       0xc8 .\CortexM0\ARM_GCC_493\Debug\start_v0.a(debug.o)
 .debug_frame   0x00002e90       0x50 .\CortexM0\ARM_GCC_493\Debug\start_v0.a(cyutils.o)
 .debug_frame   0x00002ee0       0x30 .\CortexM0\ARM_GCC_493\Debug\start_v0.a(UART_XB_SPI_UART_INT.o)
 .debug_frame   0x00002f10       0x20 c:/program files (x86)/cypress/psoc creator/4.0/psoc creator/import/gnu/arm/4.9.3/bin/../lib/gcc/arm-none-eabi/4.9.3/armv6-m\libgcc.a(_udivsi3.o)
 .debug_frame   0x00002f30       0x20 c:/program files (x86)/cypress/psoc creator/4.0/psoc creator/import/gnu/arm/4.9.3/bin/../lib/gcc/arm-none-eabi/4.9.3/armv6-m\libgcc.a(_divsi3.o)
 .debug_frame   0x00002f50       0x2c c:/program files (x86)/cypress/psoc creator/4.0/psoc creator/import/gnu/arm/4.9.3/bin/../lib/gcc/arm-none-eabi/4.9.3/armv6-m\libgcc.a(_fixunsdfsi.o)
 .debug_frame   0x00002f7c       0x50 c:/program files (x86)/cypress/psoc creator/4.0/psoc creator/import/gnu/arm/4.9.3/bin/../lib/gcc/arm-none-eabi/4.9.3/armv6-m\libgcc.a(bpabi.o)
 .debug_frame   0x00002fcc       0x3c c:/program files (x86)/cypress/psoc creator/4.0/psoc creator/import/gnu/arm/4.9.3/bin/../lib/gcc/arm-none-eabi/4.9.3/armv6-m\libgcc.a(divdf3.o)
 .debug_frame   0x00003008       0x3c c:/program files (x86)/cypress/psoc creator/4.0/psoc creator/import/gnu/arm/4.9.3/bin/../lib/gcc/arm-none-eabi/4.9.3/armv6-m\libgcc.a(subdf3.o)
 .debug_frame   0x00003044       0x2c c:/program files (x86)/cypress/psoc creator/4.0/psoc creator/import/gnu/arm/4.9.3/bin/../lib/gcc/arm-none-eabi/4.9.3/armv6-m\libgcc.a(fixdfsi.o)
 .debug_frame   0x00003070       0x28 c:/program files (x86)/cypress/psoc creator/4.0/psoc creator/import/gnu/arm/4.9.3/bin/../lib/gcc/arm-none-eabi/4.9.3/armv6-m\libgcc.a(floatunsidf.o)
 .debug_frame   0x00003098       0x34 c:/program files (x86)/cypress/psoc creator/4.0/psoc creator/import/gnu/arm/4.9.3/bin/../lib/gcc/arm-none-eabi/4.9.3/armv6-m\libgcc.a(_muldi3.o)
 .debug_frame   0x000030cc       0x3c c:/program files (x86)/cypress/psoc creator/4.0/psoc creator/import/gnu/arm/4.9.3/bin/../lib/gcc/arm-none-eabi/4.9.3/armv6-m\libgcc.a(_divdi3.o)
 .debug_frame   0x00003108       0x3c c:/program files (x86)/cypress/psoc creator/4.0/psoc creator/import/gnu/arm/4.9.3/bin/../lib/gcc/arm-none-eabi/4.9.3/armv6-m\libgcc.a(_udivdi3.o)
 .debug_frame   0x00003144       0x38 c:/program files (x86)/cypress/psoc creator/4.0/psoc creator/import/gnu/arm/4.9.3/bin/../lib/gcc/arm-none-eabi/4.9.3/armv6-m\libgcc.a(eqdf2.o)
 .debug_frame   0x0000317c       0x38 c:/program files (x86)/cypress/psoc creator/4.0/psoc creator/import/gnu/arm/4.9.3/bin/../lib/gcc/arm-none-eabi/4.9.3/armv6-m\libgcc.a(gedf2.o)
 .debug_frame   0x000031b4       0x38 c:/program files (x86)/cypress/psoc creator/4.0/psoc creator/import/gnu/arm/4.9.3/bin/../lib/gcc/arm-none-eabi/4.9.3/armv6-m\libgcc.a(ledf2.o)
 .debug_frame   0x000031ec       0x20 c:/program files (x86)/cypress/psoc creator/4.0/psoc creator/import/gnu/arm/4.9.3/bin/../lib/gcc/arm-none-eabi/4.9.3/../../../../arm-none-eabi/lib/armv6-m\libg_nano.a(lib_a-errno.o)
 .debug_frame   0x0000320c       0x28 c:/program files (x86)/cypress/psoc creator/4.0/psoc creator/import/gnu/arm/4.9.3/bin/../lib/gcc/arm-none-eabi/4.9.3/../../../../arm-none-eabi/lib/armv6-m\libg_nano.a(lib_a-exit.o)
 .debug_frame   0x00003234       0x2c c:/program files (x86)/cypress/psoc creator/4.0/psoc creator/import/gnu/arm/4.9.3/bin/../lib/gcc/arm-none-eabi/4.9.3/../../../../arm-none-eabi/lib/armv6-m\libg_nano.a(lib_a-init.o)
 .debug_frame   0x00003260       0x28 c:/program files (x86)/cypress/psoc creator/4.0/psoc creator/import/gnu/arm/4.9.3/bin/../lib/gcc/arm-none-eabi/4.9.3/../../../../arm-none-eabi/lib/armv6-m\libg_nano.a(lib_a-memcpy.o)
 .debug_frame   0x00003288       0x20 c:/program files (x86)/cypress/psoc creator/4.0/psoc creator/import/gnu/arm/4.9.3/bin/../lib/gcc/arm-none-eabi/4.9.3/../../../../arm-none-eabi/lib/armv6-m\libg_nano.a(lib_a-memset.o)
 .debug_frame   0x000032a8       0x50 c:/program files (x86)/cypress/psoc creator/4.0/psoc creator/import/gnu/arm/4.9.3/bin/../lib/gcc/arm-none-eabi/4.9.3/../../../../arm-none-eabi/lib/armv6-m\libg_nano.a(lib_a-sprintf.o)
 .debug_frame   0x000032f8       0x28 c:/program files (x86)/cypress/psoc creator/4.0/psoc creator/import/gnu/arm/4.9.3/bin/../lib/gcc/arm-none-eabi/4.9.3/../../../../arm-none-eabi/lib/armv6-m\libg_nano.a(lib_a-strcat.o)
 .debug_frame   0x00003320       0x20 c:/program files (x86)/cypress/psoc creator/4.0/psoc creator/import/gnu/arm/4.9.3/bin/../lib/gcc/arm-none-eabi/4.9.3/../../../../arm-none-eabi/lib/armv6-m\libg_nano.a(lib_a-strcpy.o)
 .debug_frame   0x00003340       0x20 c:/program files (x86)/cypress/psoc creator/4.0/psoc creator/import/gnu/arm/4.9.3/bin/../lib/gcc/arm-none-eabi/4.9.3/../../../../arm-none-eabi/lib/armv6-m\libg_nano.a(lib_a-strlen.o)
 .debug_frame   0x00003360       0x74 c:/program files (x86)/cypress/psoc creator/4.0/psoc creator/import/gnu/arm/4.9.3/bin/../lib/gcc/arm-none-eabi/4.9.3/../../../../arm-none-eabi/lib/armv6-m\libg_nano.a(lib_a-nano-svfprintf.o)
 .debug_frame   0x000033d4       0x54 c:/program files (x86)/cypress/psoc creator/4.0/psoc creator/import/gnu/arm/4.9.3/bin/../lib/gcc/arm-none-eabi/4.9.3/../../../../arm-none-eabi/lib/armv6-m\libg_nano.a(lib_a-nano-vfprintf_i.o)
 .debug_frame   0x00003428       0x20 c:/program files (x86)/cypress/psoc creator/4.0/psoc creator/import/gnu/arm/4.9.3/bin/../lib/gcc/arm-none-eabi/4.9.3/../../../../arm-none-eabi/lib/armv6-m\libg_nano.a(lib_a-memchr.o)
 .debug_frame   0x00003448       0x28 c:/program files (x86)/cypress/psoc creator/4.0/psoc creator/import/gnu/arm/4.9.3/bin/../lib/gcc/arm-none-eabi/4.9.3/../../../../arm-none-eabi/lib/armv6-m\libg_nano.a(lib_a-memmove.o)
 .debug_frame   0x00003470       0x2c c:/program files (x86)/cypress/psoc creator/4.0/psoc creator/import/gnu/arm/4.9.3/bin/../lib/gcc/arm-none-eabi/4.9.3/../../../../arm-none-eabi/lib/armv6-m\libg_nano.a(lib_a-nano-freer.o)
 .debug_frame   0x0000349c       0x2c c:/program files (x86)/cypress/psoc creator/4.0/psoc creator/import/gnu/arm/4.9.3/bin/../lib/gcc/arm-none-eabi/4.9.3/../../../../arm-none-eabi/lib/armv6-m\libg_nano.a(lib_a-nano-mallocr.o)
 .debug_frame   0x000034c8       0x30 c:/program files (x86)/cypress/psoc creator/4.0/psoc creator/import/gnu/arm/4.9.3/bin/../lib/gcc/arm-none-eabi/4.9.3/../../../../arm-none-eabi/lib/armv6-m\libg_nano.a(lib_a-nano-reallocr.o)
 .debug_frame   0x000034f8       0x2c c:/program files (x86)/cypress/psoc creator/4.0/psoc creator/import/gnu/arm/4.9.3/bin/../lib/gcc/arm-none-eabi/4.9.3/../../../../arm-none-eabi/lib/armv6-m\libg_nano.a(lib_a-sbrkr.o)
 .debug_frame   0x00003524       0x20 c:/program files (x86)/cypress/psoc creator/4.0/psoc creator/import/gnu/arm/4.9.3/bin/../lib/gcc/arm-none-eabi/4.9.3/../../../../arm-none-eabi/lib/armv6-m\libg_nano.a(lib_a-nano-msizer.o)
 .debug_frame   0x00003544       0x48 c:/program files (x86)/cypress/psoc creator/4.0/psoc creator/import/gnu/arm/4.9.3/bin/../lib/gcc/arm-none-eabi/4.9.3/../../../../arm-none-eabi/lib/armv6-m\libg_nano.a(lib_a-reent.o)

.debug_str      0x00000000     0x2e8c
 *(.debug_str)
 .debug_str     0x00000000      0x2c1 .\CortexM0\ARM_GCC_493\Debug\RTC_WDT.o
                                0x31e (size before relaxing)
 .debug_str     0x000002c1       0xc9 .\CortexM0\ARM_GCC_493\Debug\display.o
                                0x2cd (size before relaxing)
 .debug_str     0x0000038a       0x7e .\CortexM0\ARM_GCC_493\Debug\gate.o
                                0x25e (size before relaxing)
 .debug_str     0x00000408       0x5f .\CortexM0\ARM_GCC_493\Debug\LED.o
                                0x233 (size before relaxing)
 .debug_str     0x00000467       0x71 .\CortexM0\ARM_GCC_493\Debug\crc32.o
                                0x226 (size before relaxing)
 .debug_str     0x000004d8      0x100 .\CortexM0\ARM_GCC_493\Debug\svt.o
                                0x3b2 (size before relaxing)
 .debug_str     0x000005d8      0x171 .\CortexM0\ARM_GCC_493\Debug\ntp.o
                                0x363 (size before relaxing)
 .debug_str     0x00000749      0x24c .\CortexM0\ARM_GCC_493\Debug\network.o
                                0x495 (size before relaxing)
 .debug_str     0x00000995       0x68 .\CortexM0\ARM_GCC_493\Debug\myDelay.o
                                0x23a (size before relaxing)
 .debug_str     0x000009fd       0xaf .\CortexM0\ARM_GCC_493\Debug\main.o
                                0x275 (size before relaxing)
 .debug_str     0x00000aac       0x5f .\CortexM0\ARM_GCC_493\Debug\cymetadata.o
                                0x1f6 (size before relaxing)
 .debug_str     0x00000b0b      0x127 .\CortexM0\ARM_GCC_493\Debug\Cm0Start.o
                                0x2ea (size before relaxing)
 .debug_str     0x00000c32      0x102 .\CortexM0\ARM_GCC_493\Debug\start_v0.a(cyfitter_cfg.o)
                                0x2dc (size before relaxing)
 .debug_str     0x00000d34      0x4dd .\CortexM0\ARM_GCC_493\Debug\start_v0.a(CyLib.o)
                                0x6d5 (size before relaxing)
 .debug_str     0x00001211      0x723 .\CortexM0\ARM_GCC_493\Debug\start_v0.a(CyLFClk.o)
                                0x916 (size before relaxing)
 .debug_str     0x00001934      0x39b .\CortexM0\ARM_GCC_493\Debug\start_v0.a(RTC.o)
                                0x5e8 (size before relaxing)
 .debug_str     0x00001ccf      0x182 .\CortexM0\ARM_GCC_493\Debug\start_v0.a(LCD.o)
                                0x346 (size before relaxing)
 .debug_str     0x00001e51       0x46 .\CortexM0\ARM_GCC_493\Debug\start_v0.a(LCD_CustChars.o)
                                0x1fb (size before relaxing)
 .debug_str     0x00001e97       0xb9 .\CortexM0\ARM_GCC_493\Debug\start_v0.a(GatePin.o)
                                0x26c (size before relaxing)
 .debug_str     0x00001f50      0x487 .\CortexM0\ARM_GCC_493\Debug\start_v0.a(Timer_LED.o)
                                0x648 (size before relaxing)
 .debug_str     0x000023d7      0x165 .\CortexM0\ARM_GCC_493\Debug\start_v0.a(Int_Timer_Led.o)
                                0x349 (size before relaxing)
 .debug_str     0x0000253c       0x95 .\CortexM0\ARM_GCC_493\Debug\start_v0.a(LED_PIN.o)
                                0x26c (size before relaxing)
 .debug_str     0x000025d1      0x14a .\CortexM0\ARM_GCC_493\Debug\start_v0.a(UART_XB.o)
                                0x2fb (size before relaxing)
 .debug_str     0x0000271b      0x202 .\CortexM0\ARM_GCC_493\Debug\start_v0.a(UART_XB_SPI_UART.o)
                                0x3b7 (size before relaxing)
 .debug_str     0x0000291d      0x1af .\CortexM0\ARM_GCC_493\Debug\start_v0.a(UART_XB_UART.o)
                                0x402 (size before relaxing)
 .debug_str     0x00002acc      0x110 .\CortexM0\ARM_GCC_493\Debug\start_v0.a(GATE_INT.o)
                                0x303 (size before relaxing)
 .debug_str     0x00002bdc      0x1a2 .\CortexM0\ARM_GCC_493\Debug\start_v0.a(AppDelay.o)
                                0x360 (size before relaxing)
 .debug_str     0x00002d7e       0x87 .\CortexM0\ARM_GCC_493\Debug\start_v0.a(debug.o)
                                0x25e (size before relaxing)
 .debug_str     0x00002e05       0x44 .\CortexM0\ARM_GCC_493\Debug\start_v0.a(cyutils.o)
                                0x1e5 (size before relaxing)
 .debug_str     0x00002e49       0x43 .\CortexM0\ARM_GCC_493\Debug\start_v0.a(UART_XB_SPI_UART_INT.o)
                                0x2c3 (size before relaxing)

.debug_loc
 *(.debug_loc)

.debug_macinfo
 *(.debug_macinfo)

.debug_ranges   0x00000000      0xc60
 *(.debug_ranges)
 .debug_ranges  0x00000000       0x80 .\CortexM0\ARM_GCC_493\Debug\RTC_WDT.o
 .debug_ranges  0x00000080       0x50 .\CortexM0\ARM_GCC_493\Debug\display.o
 .debug_ranges  0x000000d0       0x38 .\CortexM0\ARM_GCC_493\Debug\gate.o
 .debug_ranges  0x00000108       0x28 .\CortexM0\ARM_GCC_493\Debug\LED.o
 .debug_ranges  0x00000130       0x28 .\CortexM0\ARM_GCC_493\Debug\crc32.o
 .debug_ranges  0x00000158       0x30 .\CortexM0\ARM_GCC_493\Debug\svt.o
 .debug_ranges  0x00000188       0x28 .\CortexM0\ARM_GCC_493\Debug\ntp.o
 .debug_ranges  0x000001b0       0x78 .\CortexM0\ARM_GCC_493\Debug\network.o
 .debug_ranges  0x00000228       0x28 .\CortexM0\ARM_GCC_493\Debug\myDelay.o
 .debug_ranges  0x00000250       0x38 .\CortexM0\ARM_GCC_493\Debug\main.o
 .debug_ranges  0x00000288       0x38 .\CortexM0\ARM_GCC_493\Debug\Cm0Start.o
 .debug_ranges  0x000002c0       0x40 .\CortexM0\ARM_GCC_493\Debug\start_v0.a(cyfitter_cfg.o)
 .debug_ranges  0x00000300      0x190 .\CortexM0\ARM_GCC_493\Debug\start_v0.a(CyLib.o)
 .debug_ranges  0x00000490      0x188 .\CortexM0\ARM_GCC_493\Debug\start_v0.a(CyLFClk.o)
 .debug_ranges  0x00000618      0x118 .\CortexM0\ARM_GCC_493\Debug\start_v0.a(RTC.o)
 .debug_ranges  0x00000730       0x88 .\CortexM0\ARM_GCC_493\Debug\start_v0.a(LCD.o)
 .debug_ranges  0x000007b8       0x10 .\CortexM0\ARM_GCC_493\Debug\start_v0.a(LCD_CustChars.o)
 .debug_ranges  0x000007c8       0x38 .\CortexM0\ARM_GCC_493\Debug\start_v0.a(GatePin.o)
 .debug_ranges  0x00000800      0x148 .\CortexM0\ARM_GCC_493\Debug\start_v0.a(Timer_LED.o)
 .debug_ranges  0x00000948       0x70 .\CortexM0\ARM_GCC_493\Debug\start_v0.a(Int_Timer_Led.o)
 .debug_ranges  0x000009b8       0x38 .\CortexM0\ARM_GCC_493\Debug\start_v0.a(LED_PIN.o)
 .debug_ranges  0x000009f0       0x58 .\CortexM0\ARM_GCC_493\Debug\start_v0.a(UART_XB.o)
 .debug_ranges  0x00000a48       0x50 .\CortexM0\ARM_GCC_493\Debug\start_v0.a(UART_XB_SPI_UART.o)
 .debug_ranges  0x00000a98       0x78 .\CortexM0\ARM_GCC_493\Debug\start_v0.a(UART_XB_UART.o)
 .debug_ranges  0x00000b10       0x70 .\CortexM0\ARM_GCC_493\Debug\start_v0.a(GATE_INT.o)
 .debug_ranges  0x00000b80       0x80 .\CortexM0\ARM_GCC_493\Debug\start_v0.a(AppDelay.o)
 .debug_ranges  0x00000c00       0x38 .\CortexM0\ARM_GCC_493\Debug\start_v0.a(debug.o)
 .debug_ranges  0x00000c38       0x18 .\CortexM0\ARM_GCC_493\Debug\start_v0.a(cyutils.o)
 .debug_ranges  0x00000c50       0x10 .\CortexM0\ARM_GCC_493\Debug\start_v0.a(UART_XB_SPI_UART_INT.o)

.comment        0x00000000       0x70
 .comment       0x00000000       0x70 .\CortexM0\ARM_GCC_493\Debug\RTC_WDT.o
                                 0x71 (size before relaxing)
 .comment       0x00000000       0x71 .\CortexM0\ARM_GCC_493\Debug\display.o
 .comment       0x00000000       0x71 .\CortexM0\ARM_GCC_493\Debug\gate.o
 .comment       0x00000000       0x71 .\CortexM0\ARM_GCC_493\Debug\LED.o
 .comment       0x00000000       0x71 .\CortexM0\ARM_GCC_493\Debug\crc32.o
 .comment       0x00000000       0x71 .\CortexM0\ARM_GCC_493\Debug\svt.o
 .comment       0x00000000       0x71 .\CortexM0\ARM_GCC_493\Debug\ntp.o
 .comment       0x00000000       0x71 .\CortexM0\ARM_GCC_493\Debug\network.o
 .comment       0x00000000       0x71 .\CortexM0\ARM_GCC_493\Debug\myDelay.o
 .comment       0x00000000       0x71 .\CortexM0\ARM_GCC_493\Debug\main.o
 .comment       0x00000000       0x71 .\CortexM0\ARM_GCC_493\Debug\cymetadata.o
 .comment       0x00000000       0x71 .\CortexM0\ARM_GCC_493\Debug\Cm0Start.o
 .comment       0x00000000       0x71 .\CortexM0\ARM_GCC_493\Debug\start_v0.a(cyfitter_cfg.o)
 .comment       0x00000000       0x71 .\CortexM0\ARM_GCC_493\Debug\start_v0.a(CyLib.o)
 .comment       0x00000000       0x71 .\CortexM0\ARM_GCC_493\Debug\start_v0.a(CyLFClk.o)
 .comment       0x00000000       0x71 .\CortexM0\ARM_GCC_493\Debug\start_v0.a(RTC.o)
 .comment       0x00000000       0x71 .\CortexM0\ARM_GCC_493\Debug\start_v0.a(LCD.o)
 .comment       0x00000000       0x71 .\CortexM0\ARM_GCC_493\Debug\start_v0.a(LCD_CustChars.o)
 .comment       0x00000000       0x71 .\CortexM0\ARM_GCC_493\Debug\start_v0.a(GatePin.o)
 .comment       0x00000000       0x71 .\CortexM0\ARM_GCC_493\Debug\start_v0.a(Timer_LED.o)
 .comment       0x00000000       0x71 .\CortexM0\ARM_GCC_493\Debug\start_v0.a(Int_Timer_Led.o)
 .comment       0x00000000       0x71 .\CortexM0\ARM_GCC_493\Debug\start_v0.a(LED_PIN.o)
 .comment       0x00000000       0x71 .\CortexM0\ARM_GCC_493\Debug\start_v0.a(UART_XB.o)
 .comment       0x00000000       0x71 .\CortexM0\ARM_GCC_493\Debug\start_v0.a(UART_XB_SPI_UART.o)
 .comment       0x00000000       0x71 .\CortexM0\ARM_GCC_493\Debug\start_v0.a(UART_XB_UART.o)
 .comment       0x00000000       0x71 .\CortexM0\ARM_GCC_493\Debug\start_v0.a(GATE_INT.o)
 .comment       0x00000000       0x71 .\CortexM0\ARM_GCC_493\Debug\start_v0.a(AppDelay.o)
 .comment       0x00000000       0x71 .\CortexM0\ARM_GCC_493\Debug\start_v0.a(debug.o)
 .comment       0x00000000       0x71 .\CortexM0\ARM_GCC_493\Debug\start_v0.a(cyutils.o)
 .comment       0x00000000       0x71 .\CortexM0\ARM_GCC_493\Debug\start_v0.a(UART_XB_SPI_UART_INT.o)

.debug_weaknames
 *(.debug_weaknames)

.debug_funcnames
 *(.debug_funcnames)

.debug_typenames
 *(.debug_typenames)

.debug_varnames
 *(.debug_varnames)

.note.gnu.arm.ident
 *(.note.gnu.arm.ident)

.ARM.attributes
                0x00000000       0x28
 *(.ARM.attributes)
 .ARM.attributes
                0x00000000       0x1e c:/program files (x86)/cypress/psoc creator/4.0/psoc creator/import/gnu/arm/4.9.3/bin/../lib/gcc/arm-none-eabi/4.9.3/armv6-m/crti.o
 .ARM.attributes
                0x0000001e       0x2c c:/program files (x86)/cypress/psoc creator/4.0/psoc creator/import/gnu/arm/4.9.3/bin/../lib/gcc/arm-none-eabi/4.9.3/armv6-m/crtbegin.o
 .ARM.attributes
                0x0000004a       0x1b c:/program files (x86)/cypress/psoc creator/4.0/psoc creator/import/gnu/arm/4.9.3/bin/../lib/gcc/arm-none-eabi/4.9.3/../../../../arm-none-eabi/lib/armv6-m/crt0.o
 .ARM.attributes
                0x00000065       0x31 .\CortexM0\ARM_GCC_493\Debug\RTC_WDT.o
 .ARM.attributes
                0x00000096       0x31 .\CortexM0\ARM_GCC_493\Debug\display.o
 .ARM.attributes
                0x000000c7       0x31 .\CortexM0\ARM_GCC_493\Debug\gate.o
 .ARM.attributes
                0x000000f8       0x31 .\CortexM0\ARM_GCC_493\Debug\LED.o
 .ARM.attributes
                0x00000129       0x31 .\CortexM0\ARM_GCC_493\Debug\crc32.o
 .ARM.attributes
                0x0000015a       0x31 .\CortexM0\ARM_GCC_493\Debug\svt.o
 .ARM.attributes
                0x0000018b       0x31 .\CortexM0\ARM_GCC_493\Debug\ntp.o
 .ARM.attributes
                0x000001bc       0x31 .\CortexM0\ARM_GCC_493\Debug\network.o
 .ARM.attributes
                0x000001ed       0x31 .\CortexM0\ARM_GCC_493\Debug\myDelay.o
 .ARM.attributes
                0x0000021e       0x31 .\CortexM0\ARM_GCC_493\Debug\main.o
 .ARM.attributes
                0x0000024f       0x31 .\CortexM0\ARM_GCC_493\Debug\cymetadata.o
 .ARM.attributes
                0x00000280       0x31 .\CortexM0\ARM_GCC_493\Debug\Cm0Start.o
 .ARM.attributes
                0x000002b1       0x31 .\CortexM0\ARM_GCC_493\Debug\start_v0.a(cyfitter_cfg.o)
 .ARM.attributes
                0x000002e2       0x31 .\CortexM0\ARM_GCC_493\Debug\start_v0.a(CyLib.o)
 .ARM.attributes
                0x00000313       0x31 .\CortexM0\ARM_GCC_493\Debug\start_v0.a(CyLFClk.o)
 .ARM.attributes
                0x00000344       0x31 .\CortexM0\ARM_GCC_493\Debug\start_v0.a(RTC.o)
 .ARM.attributes
                0x00000375       0x31 .\CortexM0\ARM_GCC_493\Debug\start_v0.a(LCD.o)
 .ARM.attributes
                0x000003a6       0x31 .\CortexM0\ARM_GCC_493\Debug\start_v0.a(LCD_CustChars.o)
 .ARM.attributes
                0x000003d7       0x31 .\CortexM0\ARM_GCC_493\Debug\start_v0.a(GatePin.o)
 .ARM.attributes
                0x00000408       0x31 .\CortexM0\ARM_GCC_493\Debug\start_v0.a(Timer_LED.o)
 .ARM.attributes
                0x00000439       0x31 .\CortexM0\ARM_GCC_493\Debug\start_v0.a(Int_Timer_Led.o)
 .ARM.attributes
                0x0000046a       0x31 .\CortexM0\ARM_GCC_493\Debug\start_v0.a(LED_PIN.o)
 .ARM.attributes
                0x0000049b       0x31 .\CortexM0\ARM_GCC_493\Debug\start_v0.a(UART_XB.o)
 .ARM.attributes
                0x000004cc       0x31 .\CortexM0\ARM_GCC_493\Debug\start_v0.a(UART_XB_SPI_UART.o)
 .ARM.attributes
                0x000004fd       0x31 .\CortexM0\ARM_GCC_493\Debug\start_v0.a(UART_XB_UART.o)
 .ARM.attributes
                0x0000052e       0x31 .\CortexM0\ARM_GCC_493\Debug\start_v0.a(GATE_INT.o)
 .ARM.attributes
                0x0000055f       0x31 .\CortexM0\ARM_GCC_493\Debug\start_v0.a(AppDelay.o)
 .ARM.attributes
                0x00000590       0x31 .\CortexM0\ARM_GCC_493\Debug\start_v0.a(debug.o)
 .ARM.attributes
                0x000005c1       0x21 .\CortexM0\ARM_GCC_493\Debug\start_v0.a(CyBootAsmGnu.o)
 .ARM.attributes
                0x000005e2       0x31 .\CortexM0\ARM_GCC_493\Debug\start_v0.a(cyutils.o)
 .ARM.attributes
                0x00000613       0x31 .\CortexM0\ARM_GCC_493\Debug\start_v0.a(UART_XB_SPI_UART_INT.o)