Archive member included because of file (symbol)

.\CortexM0\ARM_GCC_493\Debug\start_v0.a(cyfitter_cfg.o)
                              .\CortexM0\ARM_GCC_493\Debug\Cm0Start.o (cyfitter_cfg)
.\CortexM0\ARM_GCC_493\Debug\start_v0.a(CyLib.o)
                              .\CortexM0\ARM_GCC_493\Debug\start_v0.a(cyfitter_cfg.o) (CySysClkWriteImoFreq)
.\CortexM0\ARM_GCC_493\Debug\start_v0.a(CyLFClk.o)
                              .\CortexM0\ARM_GCC_493\Debug\start_v0.a(cyfitter_cfg.o) (CySysClkWcoStart)
.\CortexM0\ARM_GCC_493\Debug\start_v0.a(RTC.o)
                              .\CortexM0\ARM_GCC_493\Debug\RTC_WDT.o (RTC_Start)
.\CortexM0\ARM_GCC_493\Debug\start_v0.a(GatePin.o)
                              .\CortexM0\ARM_GCC_493\Debug\gate.o (GatePin_ClearInterrupt)
.\CortexM0\ARM_GCC_493\Debug\start_v0.a(Timer_LED.o)
                              .\CortexM0\ARM_GCC_493\Debug\LED.o (Timer_LED_Init)
.\CortexM0\ARM_GCC_493\Debug\start_v0.a(Int_Timer_Led.o)
                              .\CortexM0\ARM_GCC_493\Debug\LED.o (Int_Timer_Led_StartEx)
.\CortexM0\ARM_GCC_493\Debug\start_v0.a(LED_PIN.o)
                              .\CortexM0\ARM_GCC_493\Debug\LED.o (LED_PIN_Write)
.\CortexM0\ARM_GCC_493\Debug\start_v0.a(UART_XB.o)
                              .\CortexM0\ARM_GCC_493\Debug\network.o (UART_XB_Start)
.\CortexM0\ARM_GCC_493\Debug\start_v0.a(UART_XB_SPI_UART.o)
                              .\CortexM0\ARM_GCC_493\Debug\network.o (UART_XB_SpiUartGetRxBufferSize)
.\CortexM0\ARM_GCC_493\Debug\start_v0.a(UART_XB_UART.o)
                              .\CortexM0\ARM_GCC_493\Debug\start_v0.a(UART_XB.o) (UART_XB_UartInit)
.\CortexM0\ARM_GCC_493\Debug\start_v0.a(GATE_INT.o)
                              .\CortexM0\ARM_GCC_493\Debug\gate.o (GATE_INT_Disable)
.\CortexM0\ARM_GCC_493\Debug\start_v0.a(AppDelay.o)
                              .\CortexM0\ARM_GCC_493\Debug\myDelay.o (AppDelay_WriteCounter)
.\CortexM0\ARM_GCC_493\Debug\start_v0.a(debug.o)
                              .\CortexM0\ARM_GCC_493\Debug\RTC_WDT.o (debug_Write)
.\CortexM0\ARM_GCC_493\Debug\start_v0.a(ADC.o)
                              .\CortexM0\ARM_GCC_493\Debug\batt.o (ADC_Start)
.\CortexM0\ARM_GCC_493\Debug\start_v0.a(ADC_INT.o)
                              .\CortexM0\ARM_GCC_493\Debug\start_v0.a(ADC.o) (ADC_ISR)
.\CortexM0\ARM_GCC_493\Debug\start_v0.a(SPIM.o)
                              .\CortexM0\ARM_GCC_493\Debug\LCD5110_Graph.o (SPIM_Start)
.\CortexM0\ARM_GCC_493\Debug\start_v0.a(RST.o)
                              .\CortexM0\ARM_GCC_493\Debug\LCD5110_Graph.o (RST_Write)
.\CortexM0\ARM_GCC_493\Debug\start_v0.a(DC.o)
                              .\CortexM0\ARM_GCC_493\Debug\LCD5110_Graph.o (DC_Write)
.\CortexM0\ARM_GCC_493\Debug\start_v0.a(LCD_BL.o)
                              .\CortexM0\ARM_GCC_493\Debug\display.o (LCD_BL_Write)
.\CortexM0\ARM_GCC_493\Debug\start_v0.a(CyBootAsmGnu.o)
                              .\CortexM0\ARM_GCC_493\Debug\start_v0.a(cyfitter_cfg.o) (CyDelayCycles)
.\CortexM0\ARM_GCC_493\Debug\start_v0.a(UART_XB_SPI_UART_INT.o)
                              .\CortexM0\ARM_GCC_493\Debug\start_v0.a(UART_XB_UART.o) (UART_XB_SPI_UART_ISR)
c:/program files (x86)/cypress/psoc creator/4.0/psoc creator/import/gnu/arm/4.9.3/bin/../lib/gcc/arm-none-eabi/4.9.3/armv6-m\libgcc.a(_udivsi3.o)
                              .\CortexM0\ARM_GCC_493\Debug\display.o (__aeabi_uidiv)
c:/program files (x86)/cypress/psoc creator/4.0/psoc creator/import/gnu/arm/4.9.3/bin/../lib/gcc/arm-none-eabi/4.9.3/armv6-m\libgcc.a(_divsi3.o)
                              .\CortexM0\ARM_GCC_493\Debug\LCD5110_Graph.o (__aeabi_idiv)
c:/program files (x86)/cypress/psoc creator/4.0/psoc creator/import/gnu/arm/4.9.3/bin/../lib/gcc/arm-none-eabi/4.9.3/armv6-m\libgcc.a(_dvmd_tls.o)
                              c:/program files (x86)/cypress/psoc creator/4.0/psoc creator/import/gnu/arm/4.9.3/bin/../lib/gcc/arm-none-eabi/4.9.3/armv6-m\libgcc.a(_udivsi3.o) (__aeabi_idiv0)
c:/program files (x86)/cypress/psoc creator/4.0/psoc creator/import/gnu/arm/4.9.3/bin/../lib/gcc/arm-none-eabi/4.9.3/armv6-m\libgcc.a(_arm_cmpdf2.o)
                              .\CortexM0\ARM_GCC_493\Debug\LCD5110_Graph.o (__aeabi_dcmplt)
c:/program files (x86)/cypress/psoc creator/4.0/psoc creator/import/gnu/arm/4.9.3/bin/../lib/gcc/arm-none-eabi/4.9.3/armv6-m\libgcc.a(_arm_cmpsf2.o)
                              .\CortexM0\ARM_GCC_493\Debug\display.o (__aeabi_fcmplt)
c:/program files (x86)/cypress/psoc creator/4.0/psoc creator/import/gnu/arm/4.9.3/bin/../lib/gcc/arm-none-eabi/4.9.3/armv6-m\libgcc.a(_aeabi_ldivmod.o)
                              .\CortexM0\ARM_GCC_493\Debug\start_v0.a(ADC.o) (__aeabi_ldivmod)
c:/program files (x86)/cypress/psoc creator/4.0/psoc creator/import/gnu/arm/4.9.3/bin/../lib/gcc/arm-none-eabi/4.9.3/armv6-m\libgcc.a(_aeabi_uldivmod.o)
                              .\CortexM0\ARM_GCC_493\Debug\RTC_WDT.o (__aeabi_uldivmod)
[...]
Memory Configuration

Name             Origin             Length             Attributes
rom              0x00000000         0x00020000         xr
ram              0x20000000         0x00004000         xrw
*default*        0x00000000         0xffffffff

Linker script and memory map

LOAD c:/program files (x86)/cypress/psoc creator/4.0/psoc creator/import/gnu/arm/4.9.3/bin/../lib/gcc/arm-none-eabi/4.9.3/armv6-m/crti.o
LOAD c:/program files (x86)/cypress/psoc creator/4.0/psoc creator/import/gnu/arm/4.9.3/bin/../lib/gcc/arm-none-eabi/4.9.3/armv6-m/crtbegin.o
LOAD c:/program files (x86)/cypress/psoc creator/4.0/psoc creator/import/gnu/arm/4.9.3/bin/../lib/gcc/arm-none-eabi/4.9.3/../../../../arm-none-eabi/lib/armv6-m/crt0.o
START GROUP
LOAD .\CortexM0\ARM_GCC_493\Debug\RTC_WDT.o
LOAD .\CortexM0\ARM_GCC_493\Debug\display.o
LOAD .\CortexM0\ARM_GCC_493\Debug\DefaultFonts.o
LOAD .\CortexM0\ARM_GCC_493\Debug\Graphics.o
LOAD .\CortexM0\ARM_GCC_493\Debug\LCD5110_Graph.o
LOAD .\CortexM0\ARM_GCC_493\Debug\gate.o
LOAD .\CortexM0\ARM_GCC_493\Debug\LED.o
LOAD .\CortexM0\ARM_GCC_493\Debug\crc32.o
LOAD .\CortexM0\ARM_GCC_493\Debug\svt.o
LOAD .\CortexM0\ARM_GCC_493\Debug\ntp.o
LOAD .\CortexM0\ARM_GCC_493\Debug\network.o
LOAD .\CortexM0\ARM_GCC_493\Debug\myDelay.o
LOAD .\CortexM0\ARM_GCC_493\Debug\batt.o
LOAD .\CortexM0\ARM_GCC_493\Debug\main.o
LOAD .\CortexM0\ARM_GCC_493\Debug\cymetadata.o
LOAD .\CortexM0\ARM_GCC_493\Debug\Cm0Start.o
LOAD .\CortexM0\ARM_GCC_493\Debug\start_v0.a
LOAD C:\Program Files (x86)\Cypress\PSoC Creator\4.0\PSoC Creator\psoc\content\cycomponentlibrary\CyComponentLibrary.cylib\CortexM0\ARM_GCC_493\Debug\CyComponentLibrary.a
END GROUP
START GROUP
LOAD c:/program files (x86)/cypress/psoc creator/4.0/psoc creator/import/gnu/arm/4.9.3/bin/../lib/gcc/arm-none-eabi/4.9.3/armv6-m\libgcc.a
LOAD c:/program files (x86)/cypress/psoc creator/4.0/psoc creator/import/gnu/arm/4.9.3/bin/../lib/gcc/arm-none-eabi/4.9.3/../../../../arm-none-eabi/lib/armv6-m\libg.a
LOAD c:/program files (x86)/cypress/psoc creator/4.0/psoc creator/import/gnu/arm/4.9.3/bin/../lib/gcc/arm-none-eabi/4.9.3/../../../../arm-none-eabi/lib/armv6-m\libc.a
END GROUP
LOAD c:/program files (x86)/cypress/psoc creator/4.0/psoc creator/import/gnu/arm/4.9.3/bin/../lib/gcc/arm-none-eabi/4.9.3/armv6-m/crtend.o
LOAD c:/program files (x86)/cypress/psoc creator/4.0/psoc creator/import/gnu/arm/4.9.3/bin/../lib/gcc/arm-none-eabi/4.9.3/armv6-m/crtn.o
START GROUP
LOAD c:/program files (x86)/cypress/psoc creator/4.0/psoc creator/import/gnu/arm/4.9.3/bin/../lib/gcc/arm-none-eabi/4.9.3/armv6-m\libgcc.a
LOAD c:/program files (x86)/cypress/psoc creator/4.0/psoc creator/import/gnu/arm/4.9.3/bin/../lib/gcc/arm-none-eabi/4.9.3/../../../../arm-none-eabi/lib/armv6-m\libc.a
LOAD c:/program files (x86)/cypress/psoc creator/4.0/psoc creator/import/gnu/arm/4.9.3/bin/../lib/gcc/arm-none-eabi/4.9.3/../../../../arm-none-eabi/lib/armv6-m\libnosys.a
END GROUP
                0x00000000                CY_APPL_ORIGIN = 0x0
                0x00000080                CY_FLASH_ROW_SIZE = 0x80
                0x00000001                CY_APPL_NUM = 0x1
                0x00000001                CY_APPL_MAX = 0x1
                0x00000040                CY_METADATA_SIZE = 0x40
                0x00000000                CY_APPL_LOADABLE = 0x0
                0x00000000                CY_CHECKSUM_EXCLUDE_SIZE = ALIGN (0x0, CY_FLASH_ROW_SIZE)
                0x00000000                CY_APP_FOR_STACK_AND_COPIER = 0x0
                0x200012b0                PROVIDE (__cy_heap_start, _end)
                0x00000001                PROVIDE (__cy_region_num, ((__cy_regions_end - __cy_regions) / 0x10))
                0x20004000                PROVIDE (__cy_stack, (ORIGIN (ram) + 0x4000))
                0x20003800                PROVIDE (__cy_heap_end, (__cy_stack - 0x800))

.cybootloader   0x00000000        0x0
 *(.cybootloader)
                0x00000000                appl1_start = CY_APPL_ORIGIN?CY_APPL_ORIGIN:ALIGN (CY_FLASH_ROW_SIZE)
                0x0000ff80                appl2_start = (appl1_start + ALIGN ((((0x20000 - appl1_start) - (0x2 * CY_FLASH_ROW_SIZE)) / 0x2), CY_FLASH_ROW_SIZE))
                0x00000000                appl_start = (CY_APPL_NUM == 0x1)?appl1_start:appl2_start
                0x00000001                cy_project_type_bootloader = (appl_start == 0x0)?0x1:0x0
                0x00000000                cy_project_type_app_for_stack_and_copier = (CY_APP_FOR_STACK_AND_COPIER == 0x1)?0x1:0x0

.text           0x00000000     0xb13c
 CREATE_OBJECT_SYMBOLS
                0x00000000                PROVIDE (__cy_interrupt_vector, RomVectors)
 *(.romvectors)
 .romvectors    0x00000000       0x10 .\CortexM0\ARM_GCC_493\Debug\Cm0Start.o
                0x00000000                RomVectors
                0x00000001                ASSERT ((. != __cy_interrupt_vector), No interrupt vector)
                0x00000001                ASSERT (CY_APPL_ORIGIN?(SIZEOF (.cybootloader) <= CY_APPL_ORIGIN):0x1, Wrong image location)
                0x00000010                PROVIDE (__cy_reset, Reset)
 *(.text.Reset)
 .text.Reset    0x00000010        0x8 .\CortexM0\ARM_GCC_493\Debug\Cm0Start.o
                0x00000010                Reset
                0x00000001                ASSERT ((. != __cy_reset), No reset code)
 *(.psocinit)
 .psocinit      0x00000018      0x3ec .\CortexM0\ARM_GCC_493\Debug\start_v0.a(cyfitter_cfg.o)
                0x000001a0                cyfitter_cfg
                0x00000404                . = MAX (., 0x100)
 *(.text .text.* .gnu.linkonce.t.*)
 .text          0x00000404       0x60 c:/program files (x86)/cypress/psoc creator/4.0/psoc creator/import/gnu/arm/4.9.3/bin/../lib/gcc/arm-none-eabi/4.9.3/armv6-m/crtbegin.o
 .text.CallBackCounter
                0x00000464       0x3c .\CortexM0\ARM_GCC_493\Debug\RTC_WDT.o
                0x00000464                CallBackCounter
 .text.RTC_WDT_Init
                0x000004a0       0x24 .\CortexM0\ARM_GCC_493\Debug\RTC_WDT.o
                0x000004a0                RTC_WDT_Init
 .text.RTCGetUnixTime
                0x000004c4       0x14 .\CortexM0\ARM_GCC_493\Debug\RTC_WDT.o
                0x000004c4                RTCGetUnixTime
 .text.RTCgetRecentMs
                0x000004d8       0x14 .\CortexM0\ARM_GCC_493\Debug\RTC_WDT.o
                0x000004d8                RTCgetRecentMs
 .text.RTC_GetSecond
                0x000004ec       0x30 .\CortexM0\ARM_GCC_493\Debug\display.o
 .text.RTC_GetMinutes
                0x0000051c       0x38 .\CortexM0\ARM_GCC_493\Debug\display.o
 .text.RTC_GetHours
                0x00000554       0x38 .\CortexM0\ARM_GCC_493\Debug\display.o
 .text.DisplayStart
                0x0000058c       0x40 .\CortexM0\ARM_GCC_493\Debug\display.o
                0x0000058c                DisplayStart
 .text.Display  0x000005cc       0x3c .\CortexM0\ARM_GCC_493\Debug\display.o
                0x000005cc                Display
 .text.DisplayIndicatorNetwork
                0x00000608       0x68 .\CortexM0\ARM_GCC_493\Debug\display.o
                0x00000608                DisplayIndicatorNetwork
 .text.DisplayRealTime
                0x00000670       0x68 .\CortexM0\ARM_GCC_493\Debug\display.o
                0x00000670                DisplayRealTime
 .text.DisplayBattVoltage
                0x000006d8      0x174 .\CortexM0\ARM_GCC_493\Debug\display.o
                0x000006d8                DisplayBattVoltage
 .text._LCD_Write
                0x0000084c       0x38 .\CortexM0\ARM_GCC_493\Debug\LCD5110_Graph.o
                0x0000084c                _LCD_Write
 .text.InitLCD  0x00000884       0xa8 .\CortexM0\ARM_GCC_493\Debug\LCD5110_Graph.o
                0x00000884                InitLCD
 .text.update   0x0000092c       0x58 .\CortexM0\ARM_GCC_493\Debug\LCD5110_Graph.o
                0x0000092c                update
 .text.clrScr   0x00000984       0x30 .\CortexM0\ARM_GCC_493\Debug\LCD5110_Graph.o
                0x00000984                clrScr
 .text.setPixel
                0x000009b4       0x74 .\CortexM0\ARM_GCC_493\Debug\LCD5110_Graph.o
                0x000009b4                setPixel
 .text.clrPixel
                0x00000a28       0x78 .\CortexM0\ARM_GCC_493\Debug\LCD5110_Graph.o
                0x00000a28                clrPixel
 .text.print    0x00000aa0       0x98 .\CortexM0\ARM_GCC_493\Debug\LCD5110_Graph.o
                0x00000aa0                print
 .text._print_char
                0x00000b38      0x2b4 .\CortexM0\ARM_GCC_493\Debug\LCD5110_Graph.o
                0x00000b38                _print_char
 .text.setFont  0x00000dec       0x48 .\CortexM0\ARM_GCC_493\Debug\LCD5110_Graph.o
                0x00000dec                setFont
 .text.drawVLine
                0x00000e34       0x58 .\CortexM0\ARM_GCC_493\Debug\LCD5110_Graph.o
                0x00000e34                drawVLine
 .text.clrVLine
                0x00000e8c       0x58 .\CortexM0\ARM_GCC_493\Debug\LCD5110_Graph.o
                0x00000e8c                clrVLine
 .text.drawBitmap
                0x00000ee4       0xcc .\CortexM0\ARM_GCC_493\Debug\LCD5110_Graph.o
                0x00000ee4                drawBitmap
 .text.GATE_INTERRUPT
                0x00000fb0       0x3c .\CortexM0\ARM_GCC_493\Debug\gate.o
                0x00000fb0                GATE_INTERRUPT
 .text.GateInit
                0x00000fec       0x28 .\CortexM0\ARM_GCC_493\Debug\gate.o
                0x00000fec                GateInit
 .text.GateIsOpen
                0x00001014       0x20 .\CortexM0\ARM_GCC_493\Debug\gate.o
                0x00001014                GateIsOpen
 .text.AllowNextSkier
                0x00001034       0x10 .\CortexM0\ARM_GCC_493\Debug\gate.o
                0x00001034                AllowNextSkier
 .text.DisAllowNextSkier
                0x00001044       0x20 .\CortexM0\ARM_GCC_493\Debug\gate.o
                0x00001044                DisAllowNextSkier
 .text.GetStartTime
                0x00001064       0x2c .\CortexM0\ARM_GCC_493\Debug\gate.o
                0x00001064                GetStartTime
 .text.LedInit  0x00001090       0x2c .\CortexM0\ARM_GCC_493\Debug\LED.o
                0x00001090                LedInit
 .text.LedHandler
                0x000010bc       0x20 .\CortexM0\ARM_GCC_493\Debug\LED.o
                0x000010bc                LedHandler
 .text.LedBlink
                0x000010dc       0x34 .\CortexM0\ARM_GCC_493\Debug\LED.o
                0x000010dc                LedBlink
 .text.SetLedState
                0x00001110       0x20 .\CortexM0\ARM_GCC_493\Debug\LED.o
                0x00001110                SetLedState
 .text.crc32_update
                0x00001130       0x50 .\CortexM0\ARM_GCC_493\Debug\crc32.o
                0x00001130                crc32_update
 .text.crc32_calc_block
                0x00001180       0x44 .\CortexM0\ARM_GCC_493\Debug\crc32.o
                0x00001180                crc32_calc_block
 .text.crc32_init_tab
                0x000011c4       0x6c .\CortexM0\ARM_GCC_493\Debug\crc32.o
 .text.UnpackData
                0x00001230      0x464 .\CortexM0\ARM_GCC_493\Debug\svt.o
                0x00001230                UnpackData
 .text.DecodeByte
                0x00001694       0x50 .\CortexM0\ARM_GCC_493\Debug\svt.o
                0x00001694                DecodeByte
 .text.CheckSymb
                0x000016e4       0x34 .\CortexM0\ARM_GCC_493\Debug\svt.o
                0x000016e4                CheckSymb
 .text.ResetPacket
                0x00001718       0x3c .\CortexM0\ARM_GCC_493\Debug\svt.o
                0x00001718                ResetPacket
 .text.PackData
                0x00001754      0x158 .\CortexM0\ARM_GCC_493\Debug\svt.o
                0x00001754                PackData
 .text.NtpUnpackData
                0x000018ac      0x268 .\CortexM0\ARM_GCC_493\Debug\ntp.o
                0x000018ac                NtpUnpackData
 .text.NtpDecodeByte
                0x00001b14       0x50 .\CortexM0\ARM_GCC_493\Debug\ntp.o
                0x00001b14                NtpDecodeByte
 .text.NtpCheckSymb
                0x00001b64       0x34 .\CortexM0\ARM_GCC_493\Debug\ntp.o
                0x00001b64                NtpCheckSymb
 .text.NtpResetPacket
                0x00001b98       0x2c .\CortexM0\ARM_GCC_493\Debug\ntp.o
                0x00001b98                NtpResetPacket
 .text.InitNetwork
                0x00001bc4       0x40 .\CortexM0\ARM_GCC_493\Debug\network.o
                0x00001bc4                InitNetwork
 .text.CustomInterruptHandler
                0x00001c04       0xa0 .\CortexM0\ARM_GCC_493\Debug\network.o
                0x00001c04                CustomInterruptHandler
 .text.SendData
                0x00001ca4       0xdc .\CortexM0\ARM_GCC_493\Debug\network.o
                0x00001ca4                SendData
 .text.ReceiveData
                0x00001d80       0xcc .\CortexM0\ARM_GCC_493\Debug\network.o
                0x00001d80                ReceiveData
 .text.NetworkStatus
                0x00001e4c       0x14 .\CortexM0\ARM_GCC_493\Debug\network.o
                0x00001e4c                NetworkStatus
 .text.SendSkierStart
                0x00001e60       0x30 .\CortexM0\ARM_GCC_493\Debug\network.o
                0x00001e60                SendSkierStart
 .text.FinReady
                0x00001e90       0x14 .\CortexM0\ARM_GCC_493\Debug\network.o
                0x00001e90                FinReady
 .text.FinWriteInDB
                0x00001ea4       0x28 .\CortexM0\ARM_GCC_493\Debug\network.o
                0x00001ea4                FinWriteInDB
 .text.IsRebootFinishFlag
                0x00001ecc       0x44 .\CortexM0\ARM_GCC_493\Debug\network.o
                0x00001ecc                IsRebootFinishFlag
 .text.SetRebootFlag
                0x00001f10       0x14 .\CortexM0\ARM_GCC_493\Debug\network.o
                0x00001f10                SetRebootFlag
 .text.ClearRebootFlag
                0x00001f24       0x1c .\CortexM0\ARM_GCC_493\Debug\network.o
                0x00001f24                ClearRebootFlag
 .text.MyDelay  0x00001f40       0x84 .\CortexM0\ARM_GCC_493\Debug\myDelay.o
                0x00001f40                MyDelay
 .text.UserFunc_1
                0x00001fc4       0x10 .\CortexM0\ARM_GCC_493\Debug\myDelay.o
 .text.UserFunc_2
                0x00001fd4       0x18 .\CortexM0\ARM_GCC_493\Debug\myDelay.o
 .text.UserFunc_3
                0x00001fec       0x20 .\CortexM0\ARM_GCC_493\Debug\myDelay.o
 .text.BattADC_Init
                0x0000200c       0x18 .\CortexM0\ARM_GCC_493\Debug\batt.o
                0x0000200c                BattADC_Init
 .text.ReadBattVoltage
                0x00002024       0x34 .\CortexM0\ARM_GCC_493\Debug\batt.o
                0x00002024                ReadBattVoltage
 .text.main     0x00002058       0xb8 .\CortexM0\ARM_GCC_493\Debug\main.o
                0x00002058                main
 .text.SystemInit
                0x00002110       0x38 .\CortexM0\ARM_GCC_493\Debug\main.o
                0x00002110                SystemInit
 .text.TimeSynchronize
                0x00002148       0x58 .\CortexM0\ARM_GCC_493\Debug\main.o
                0x00002148                TimeSynchronize
 .text.GetFinishStatus
                0x000021a0       0x60 .\CortexM0\ARM_GCC_493\Debug\main.o
                0x000021a0                GetFinishStatus
 .text.CheckGate
                0x00002200       0x54 .\CortexM0\ARM_GCC_493\Debug\main.o
                0x00002200                CheckGate
 .text.SaveResult
                0x00002254       0x64 .\CortexM0\ARM_GCC_493\Debug\main.o
                0x00002254                SaveResult
 .text.IntDefaultHandler
                0x000022b8        0x8 .\CortexM0\ARM_GCC_493\Debug\Cm0Start.o
                0x000022b8                IntDefaultHandler
 .text._sbrk    0x000022c0       0x54 .\CortexM0\ARM_GCC_493\Debug\Cm0Start.o
                0x000022c0                _sbrk
 .text.Start_c  0x00002314       0x98 .\CortexM0\ARM_GCC_493\Debug\Cm0Start.o
                0x00002314                Start_c
 .text.initialize_psoc
                0x000023ac       0x70 .\CortexM0\ARM_GCC_493\Debug\Cm0Start.o
                0x000023ac                initialize_psoc
 .text.CYMEMZERO
                0x0000241c       0x20 .\CortexM0\ARM_GCC_493\Debug\start_v0.a(cyfitter_cfg.o)
 .text.CYCONFIGCPYCODE
                0x0000243c       0x24 .\CortexM0\ARM_GCC_493\Debug\start_v0.a(cyfitter_cfg.o)
 .text.cfg_write_bytes32
                0x00002460       0x80 .\CortexM0\ARM_GCC_493\Debug\start_v0.a(cyfitter_cfg.o)
 .text.AnalogSetDefault
                0x000024e0       0x44 .\CortexM0\ARM_GCC_493\Debug\start_v0.a(cyfitter_cfg.o)
 .text.SetAnalogRoutingPumps
                0x00002524       0x40 .\CortexM0\ARM_GCC_493\Debug\start_v0.a(cyfitter_cfg.o)
                0x00002524                SetAnalogRoutingPumps
 .text.CySysClkWriteImoFreq
                0x00002564       0x98 .\CortexM0\ARM_GCC_493\Debug\start_v0.a(CyLib.o)
                0x00002564                CySysClkWriteImoFreq
 .text.CySysClkEcoStart
                0x000025fc       0x74 .\CortexM0\ARM_GCC_493\Debug\start_v0.a(CyLib.o)
                0x000025fc                CySysClkEcoStart
 .text.CySysClkEcoReadStatus
                0x00002670       0x20 .\CortexM0\ARM_GCC_493\Debug\start_v0.a(CyLib.o)
                0x00002670                CySysClkEcoReadStatus
 .text.CyIntSetVector
                0x00002690       0x4c .\CortexM0\ARM_GCC_493\Debug\start_v0.a(CyLib.o)
                0x00002690                CyIntSetVector
 .text.CyIntSetPriority
                0x000026dc       0xa8 .\CortexM0\ARM_GCC_493\Debug\start_v0.a(CyLib.o)
                0x000026dc                CyIntSetPriority
 .text.CyIntEnable
                0x00002784       0x28 .\CortexM0\ARM_GCC_493\Debug\start_v0.a(CyLib.o)
                0x00002784                CyIntEnable
 .text.CyIntDisable
                0x000027ac       0x28 .\CortexM0\ARM_GCC_493\Debug\start_v0.a(CyLib.o)
                0x000027ac                CyIntDisable
 .text.CyHalt   0x000027d4       0x14 .\CortexM0\ARM_GCC_493\Debug\start_v0.a(CyLib.o)
                0x000027d4                CyHalt
 .text.CyDelay  0x000027e8       0x48 .\CortexM0\ARM_GCC_493\Debug\start_v0.a(CyLib.o)
                0x000027e8                CyDelay
 .text.CyDelayUs
                0x00002830       0x28 .\CortexM0\ARM_GCC_493\Debug\start_v0.a(CyLib.o)
                0x00002830                CyDelayUs
 .text.CySysClkWcoSetHighPowerMode
                0x00002858       0x48 .\CortexM0\ARM_GCC_493\Debug\start_v0.a(CyLFClk.o)
 .text.CySysClkWcoSetLowPowerMode
                0x000028a0       0x48 .\CortexM0\ARM_GCC_493\Debug\start_v0.a(CyLFClk.o)
 .text.CySysClkWcoStart
                0x000028e8       0x20 .\CortexM0\ARM_GCC_493\Debug\start_v0.a(CyLFClk.o)
                0x000028e8                CySysClkWcoStart
 .text.CySysClkWcoSetPowerMode
                0x00002908       0x40 .\CortexM0\ARM_GCC_493\Debug\start_v0.a(CyLFClk.o)
                0x00002908                CySysClkWcoSetPowerMode
 .text.CySysWdtLock
                0x00002948       0x34 .\CortexM0\ARM_GCC_493\Debug\start_v0.a(CyLFClk.o)
                0x00002948                CySysWdtLock
 .text.CySysWdtLocked
                0x0000297c       0x20 .\CortexM0\ARM_GCC_493\Debug\start_v0.a(CyLFClk.o)
 .text.CySysWdtUnlock
                0x0000299c       0x4c .\CortexM0\ARM_GCC_493\Debug\start_v0.a(CyLFClk.o)
                0x0000299c                CySysWdtUnlock
 .text.CySysWdtClearInterrupt
                0x000029e8       0x70 .\CortexM0\ARM_GCC_493\Debug\start_v0.a(CyLFClk.o)
                0x000029e8                CySysWdtClearInterrupt
 .text.CySysWdtSetInterruptCallback
                0x00002a58       0x40 .\CortexM0\ARM_GCC_493\Debug\start_v0.a(CyLFClk.o)
                0x00002a58                CySysWdtSetInterruptCallback
 .text.CySysWdtIsr
                0x00002a98       0xe8 .\CortexM0\ARM_GCC_493\Debug\start_v0.a(CyLFClk.o)
                0x00002a98                CySysWdtIsr
 .text.RTC_IsBitSet
                0x00002b80       0x24 .\CortexM0\ARM_GCC_493\Debug\start_v0.a(RTC.o)
 .text.RTC_LeapYear
                0x00002ba4       0x44 .\CortexM0\ARM_GCC_493\Debug\start_v0.a(RTC.o)
 .text.RTC_GetSecond
                0x00002be8       0x30 .\CortexM0\ARM_GCC_493\Debug\start_v0.a(RTC.o)
 .text.RTC_GetMinutes
                0x00002c18       0x38 .\CortexM0\ARM_GCC_493\Debug\start_v0.a(RTC.o)
 .text.RTC_GetHours
                0x00002c50       0x38 .\CortexM0\ARM_GCC_493\Debug\start_v0.a(RTC.o)
 .text.RTC_GetAmPm
                0x00002c88       0x20 .\CortexM0\ARM_GCC_493\Debug\start_v0.a(RTC.o)
 .text.RTC_GetDay
                0x00002ca8       0x38 .\CortexM0\ARM_GCC_493\Debug\start_v0.a(RTC.o)
 .text.RTC_GetMonth
                0x00002ce0       0x38 .\CortexM0\ARM_GCC_493\Debug\start_v0.a(RTC.o)
 .text.RTC_GetYear
                0x00002d18       0x5c .\CortexM0\ARM_GCC_493\Debug\start_v0.a(RTC.o)
 .text.RTC_GetTimeFormat
                0x00002d74       0x20 .\CortexM0\ARM_GCC_493\Debug\start_v0.a(RTC.o)
 .text.RTC_ConstructTime
                0x00002d94       0xa0 .\CortexM0\ARM_GCC_493\Debug\start_v0.a(RTC.o)
 .text.RTC_ConstructDate
                0x00002e34       0xd8 .\CortexM0\ARM_GCC_493\Debug\start_v0.a(RTC.o)
 .text.RTC_GetDayOfWeek
                0x00002f0c       0x88 .\CortexM0\ARM_GCC_493\Debug\start_v0.a(RTC.o)
 .text.RTC_Start
                0x00002f94       0x18 .\CortexM0\ARM_GCC_493\Debug\start_v0.a(RTC.o)
                0x00002f94                RTC_Start
 .text.RTC_Init
                0x00002fac       0x70 .\CortexM0\ARM_GCC_493\Debug\start_v0.a(RTC.o)
                0x00002fac                RTC_Init
 .text.RTC_SetDateAndTime
                0x0000301c       0x74 .\CortexM0\ARM_GCC_493\Debug\start_v0.a(RTC.o)
                0x0000301c                RTC_SetDateAndTime
 .text.RTC_GetUnixTime
                0x00003090       0x18 .\CortexM0\ARM_GCC_493\Debug\start_v0.a(RTC.o)
                0x00003090                RTC_GetUnixTime
 .text.RTC_GetTime
                0x000030a8       0x44 .\CortexM0\ARM_GCC_493\Debug\start_v0.a(RTC.o)
                0x000030a8                RTC_GetTime
 .text.RTC_Update
                0x000030ec       0x4c .\CortexM0\ARM_GCC_493\Debug\start_v0.a(RTC.o)
                0x000030ec                RTC_Update
 .text.RTC_DateTimeToUnix
                0x00003138      0x190 .\CortexM0\ARM_GCC_493\Debug\start_v0.a(RTC.o)
                0x00003138                RTC_DateTimeToUnix
 .text.RTC_UnixToDateTime
                0x000032c8      0x2ac .\CortexM0\ARM_GCC_493\Debug\start_v0.a(RTC.o)
                0x000032c8                RTC_UnixToDateTime
 .text.RTC_DaysInMonth
                0x00003574       0x3c .\CortexM0\ARM_GCC_493\Debug\start_v0.a(RTC.o)
                0x00003574                RTC_DaysInMonth
 .text.GatePin_ClearInterrupt
                0x000035b0       0x30 .\CortexM0\ARM_GCC_493\Debug\start_v0.a(GatePin.o)
                0x000035b0                GatePin_ClearInterrupt
 .text.Timer_LED_Init
                0x000035e0       0x40 .\CortexM0\ARM_GCC_493\Debug\start_v0.a(Timer_LED.o)
                0x000035e0                Timer_LED_Init
 .text.Timer_LED_Enable
                0x00003620       0x38 .\CortexM0\ARM_GCC_493\Debug\start_v0.a(Timer_LED.o)
                0x00003620                Timer_LED_Enable
 .text.Timer_LED_Stop
                0x00003658       0x30 .\CortexM0\ARM_GCC_493\Debug\start_v0.a(Timer_LED.o)
                0x00003658                Timer_LED_Stop
 .text.Timer_LED_WriteCounter
                0x00003688       0x1c .\CortexM0\ARM_GCC_493\Debug\start_v0.a(Timer_LED.o)
                0x00003688                Timer_LED_WriteCounter
 .text.Timer_LED_WritePeriod
                0x000036a4       0x1c .\CortexM0\ARM_GCC_493\Debug\start_v0.a(Timer_LED.o)
                0x000036a4                Timer_LED_WritePeriod
 .text.Timer_LED_WriteCompare
                0x000036c0       0x1c .\CortexM0\ARM_GCC_493\Debug\start_v0.a(Timer_LED.o)
                0x000036c0                Timer_LED_WriteCompare
 .text.Timer_LED_TriggerCommand
                0x000036dc       0x38 .\CortexM0\ARM_GCC_493\Debug\start_v0.a(Timer_LED.o)
                0x000036dc                Timer_LED_TriggerCommand
 .text.Timer_LED_SetInterruptMode
                0x00003714       0x18 .\CortexM0\ARM_GCC_493\Debug\start_v0.a(Timer_LED.o)
                0x00003714                Timer_LED_SetInterruptMode
 .text.Timer_LED_ClearInterrupt
                0x0000372c       0x18 .\CortexM0\ARM_GCC_493\Debug\start_v0.a(Timer_LED.o)
                0x0000372c                Timer_LED_ClearInterrupt
 .text.Int_Timer_Led_StartEx
                0x00003744       0x24 .\CortexM0\ARM_GCC_493\Debug\start_v0.a(Int_Timer_Led.o)
                0x00003744                Int_Timer_Led_StartEx
 .text.Int_Timer_Led_SetVector
                0x00003768       0x1c .\CortexM0\ARM_GCC_493\Debug\start_v0.a(Int_Timer_Led.o)
                0x00003768                Int_Timer_Led_SetVector
 .text.Int_Timer_Led_SetPriority
                0x00003784       0x50 .\CortexM0\ARM_GCC_493\Debug\start_v0.a(Int_Timer_Led.o)
                0x00003784                Int_Timer_Led_SetPriority
 .text.Int_Timer_Led_Enable
                0x000037d4       0x14 .\CortexM0\ARM_GCC_493\Debug\start_v0.a(Int_Timer_Led.o)
                0x000037d4                Int_Timer_Led_Enable
 .text.Int_Timer_Led_Disable
                0x000037e8       0x14 .\CortexM0\ARM_GCC_493\Debug\start_v0.a(Int_Timer_Led.o)
                0x000037e8                Int_Timer_Led_Disable
 .text.LED_PIN_Write
                0x000037fc       0x4c .\CortexM0\ARM_GCC_493\Debug\start_v0.a(LED_PIN.o)
                0x000037fc                LED_PIN_Write
 .text.LED_PIN_Read
                0x00003848       0x1c .\CortexM0\ARM_GCC_493\Debug\start_v0.a(LED_PIN.o)
                0x00003848                LED_PIN_Read
 .text.UART_XB_Init
                0x00003864        0xc .\CortexM0\ARM_GCC_493\Debug\start_v0.a(UART_XB.o)
                0x00003864                UART_XB_Init
 .text.UART_XB_Enable
                0x00003870       0x24 .\CortexM0\ARM_GCC_493\Debug\start_v0.a(UART_XB.o)
                0x00003870                UART_XB_Enable
 .text.UART_XB_Start
                0x00003894       0x24 .\CortexM0\ARM_GCC_493\Debug\start_v0.a(UART_XB.o)
                0x00003894                UART_XB_Start
 .text.UART_XB_SetCustomInterruptHandler
                0x000038b8       0x18 .\CortexM0\ARM_GCC_493\Debug\start_v0.a(UART_XB.o)
                0x000038b8                UART_XB_SetCustomInterruptHandler
 .text.UART_XB_ScbEnableIntr
                0x000038d0       0x10 .\CortexM0\ARM_GCC_493\Debug\start_v0.a(UART_XB.o)
 .text.UART_XB_ScbModePostEnable
                0x000038e0        0xc .\CortexM0\ARM_GCC_493\Debug\start_v0.a(UART_XB.o)
 .text.UART_XB_SpiUartReadRxData
                0x000038ec       0x50 .\CortexM0\ARM_GCC_493\Debug\start_v0.a(UART_XB_SPI_UART.o)
                0x000038ec                UART_XB_SpiUartReadRxData
 .text.UART_XB_SpiUartGetRxBufferSize
                0x0000393c       0x40 .\CortexM0\ARM_GCC_493\Debug\start_v0.a(UART_XB_SPI_UART.o)
                0x0000393c                UART_XB_SpiUartGetRxBufferSize
 .text.UART_XB_SpiUartClearRxBuffer
                0x0000397c       0x60 .\CortexM0\ARM_GCC_493\Debug\start_v0.a(UART_XB_SPI_UART.o)
                0x0000397c                UART_XB_SpiUartClearRxBuffer
 .text.UART_XB_SpiUartWriteTxData
                0x000039dc       0x98 .\CortexM0\ARM_GCC_493\Debug\start_v0.a(UART_XB_SPI_UART.o)
                0x000039dc                UART_XB_SpiUartWriteTxData
 .text.UART_XB_UartInit
                0x00003a74      0x10c .\CortexM0\ARM_GCC_493\Debug\start_v0.a(UART_XB_UART.o)
                0x00003a74                UART_XB_UartInit
 .text.UART_XB_UartPostEnable
                0x00003b80       0x2c .\CortexM0\ARM_GCC_493\Debug\start_v0.a(UART_XB_UART.o)
                0x00003b80                UART_XB_UartPostEnable
 .text.UART_XB_UartGetChar
                0x00003bac       0x40 .\CortexM0\ARM_GCC_493\Debug\start_v0.a(UART_XB_UART.o)
                0x00003bac                UART_XB_UartGetChar
 .text.UART_XB_UartPutString
                0x00003bec       0x34 .\CortexM0\ARM_GCC_493\Debug\start_v0.a(UART_XB_UART.o)
                0x00003bec                UART_XB_UartPutString
 .text.GATE_INT_StartEx
                0x00003c20       0x24 .\CortexM0\ARM_GCC_493\Debug\start_v0.a(GATE_INT.o)
                0x00003c20                GATE_INT_StartEx
 .text.GATE_INT_SetVector
                0x00003c44       0x18 .\CortexM0\ARM_GCC_493\Debug\start_v0.a(GATE_INT.o)
                0x00003c44                GATE_INT_SetVector
 .text.GATE_INT_SetPriority
                0x00003c5c       0x50 .\CortexM0\ARM_GCC_493\Debug\start_v0.a(GATE_INT.o)
                0x00003c5c                GATE_INT_SetPriority
 .text.GATE_INT_Enable
                0x00003cac       0x14 .\CortexM0\ARM_GCC_493\Debug\start_v0.a(GATE_INT.o)
                0x00003cac                GATE_INT_Enable
 .text.GATE_INT_Disable
                0x00003cc0       0x14 .\CortexM0\ARM_GCC_493\Debug\start_v0.a(GATE_INT.o)
                0x00003cc0                GATE_INT_Disable
 .text.GATE_INT_ClearPending
                0x00003cd4       0x14 .\CortexM0\ARM_GCC_493\Debug\start_v0.a(GATE_INT.o)
                0x00003cd4                GATE_INT_ClearPending
 .text.AppDelay_Init
                0x00003ce8       0x40 .\CortexM0\ARM_GCC_493\Debug\start_v0.a(AppDelay.o)
                0x00003ce8                AppDelay_Init
 .text.AppDelay_Enable
                0x00003d28       0x38 .\CortexM0\ARM_GCC_493\Debug\start_v0.a(AppDelay.o)
                0x00003d28                AppDelay_Enable
 .text.AppDelay_Start
                0x00003d60       0x24 .\CortexM0\ARM_GCC_493\Debug\start_v0.a(AppDelay.o)
                0x00003d60                AppDelay_Start
 .text.AppDelay_Stop
                0x00003d84       0x30 .\CortexM0\ARM_GCC_493\Debug\start_v0.a(AppDelay.o)
                0x00003d84                AppDelay_Stop
 .text.AppDelay_WriteCounter
                0x00003db4       0x1c .\CortexM0\ARM_GCC_493\Debug\start_v0.a(AppDelay.o)
                0x00003db4                AppDelay_WriteCounter
 .text.AppDelay_ReadCounter
                0x00003dd0       0x18 .\CortexM0\ARM_GCC_493\Debug\start_v0.a(AppDelay.o)
                0x00003dd0                AppDelay_ReadCounter
 .text.AppDelay_WritePeriod
                0x00003de8       0x1c .\CortexM0\ARM_GCC_493\Debug\start_v0.a(AppDelay.o)
                0x00003de8                AppDelay_WritePeriod
 .text.AppDelay_ReadPeriod
                0x00003e04       0x18 .\CortexM0\ARM_GCC_493\Debug\start_v0.a(AppDelay.o)
                0x00003e04                AppDelay_ReadPeriod
 .text.AppDelay_WriteCompare
                0x00003e1c       0x1c .\CortexM0\ARM_GCC_493\Debug\start_v0.a(AppDelay.o)
                0x00003e1c                AppDelay_WriteCompare
 .text.AppDelay_TriggerCommand
                0x00003e38       0x38 .\CortexM0\ARM_GCC_493\Debug\start_v0.a(AppDelay.o)
                0x00003e38                AppDelay_TriggerCommand
 .text.AppDelay_SetInterruptMode
                0x00003e70       0x18 .\CortexM0\ARM_GCC_493\Debug\start_v0.a(AppDelay.o)
                0x00003e70                AppDelay_SetInterruptMode
 .text.debug_Write
                0x00003e88       0x4c .\CortexM0\ARM_GCC_493\Debug\start_v0.a(debug.o)
                0x00003e88                debug_Write
 .text.ADC_Start
                0x00003ed4       0x24 .\CortexM0\ARM_GCC_493\Debug\start_v0.a(ADC.o)
                0x00003ed4                ADC_Start
 .text.ADC_Init
                0x00003ef8      0x1d0 .\CortexM0\ARM_GCC_493\Debug\start_v0.a(ADC.o)
                0x00003ef8                ADC_Init
 .text.ADC_Enable
                0x000040c8       0x38 .\CortexM0\ARM_GCC_493\Debug\start_v0.a(ADC.o)
                0x000040c8                ADC_Enable
 .text.ADC_StartConvert
                0x00004100       0x1c .\CortexM0\ARM_GCC_493\Debug\start_v0.a(ADC.o)
                0x00004100                ADC_StartConvert
 .text.ADC_IsEndConversion
                0x0000411c       0x48 .\CortexM0\ARM_GCC_493\Debug\start_v0.a(ADC.o)
                0x0000411c                ADC_IsEndConversion
 .text.ADC_GetResult16
                0x00004164       0x44 .\CortexM0\ARM_GCC_493\Debug\start_v0.a(ADC.o)
                0x00004164                ADC_GetResult16
 .text.ADC_CountsTo_Volts
                0x000041a8       0x80 .\CortexM0\ARM_GCC_493\Debug\start_v0.a(ADC.o)
                0x000041a8                ADC_CountsTo_Volts
 .text.ADC_ISR  0x00004228       0x1c .\CortexM0\ARM_GCC_493\Debug\start_v0.a(ADC_INT.o)
                0x00004228                ADC_ISR
 .text.SPIM_Init
                0x00004244       0x34 .\CortexM0\ARM_GCC_493\Debug\start_v0.a(SPIM.o)
                0x00004244                SPIM_Init
 .text.SPIM_Enable
                0x00004278       0x64 .\CortexM0\ARM_GCC_493\Debug\start_v0.a(SPIM.o)
                0x00004278                SPIM_Enable
 .text.SPIM_Start
                0x000042dc       0x24 .\CortexM0\ARM_GCC_493\Debug\start_v0.a(SPIM.o)
                0x000042dc                SPIM_Start
 .text.SPIM_EnableTxInt
                0x00004300        0x8 .\CortexM0\ARM_GCC_493\Debug\start_v0.a(SPIM.o)
                0x00004300                SPIM_EnableTxInt
 .text.SPIM_EnableRxInt
                0x00004308        0x8 .\CortexM0\ARM_GCC_493\Debug\start_v0.a(SPIM.o)
                0x00004308                SPIM_EnableRxInt
 .text.SPIM_ReadTxStatus
                0x00004310       0x20 .\CortexM0\ARM_GCC_493\Debug\start_v0.a(SPIM.o)
                0x00004310                SPIM_ReadTxStatus
 .text.SPIM_ReadRxStatus
                0x00004330       0x20 .\CortexM0\ARM_GCC_493\Debug\start_v0.a(SPIM.o)
                0x00004330                SPIM_ReadRxStatus
 .text.SPIM_WriteTxData
                0x00004350       0x34 .\CortexM0\ARM_GCC_493\Debug\start_v0.a(SPIM.o)
                0x00004350                SPIM_WriteTxData
 .text.SPIM_ClearFIFO
                0x00004384       0x60 .\CortexM0\ARM_GCC_493\Debug\start_v0.a(SPIM.o)
                0x00004384                SPIM_ClearFIFO
 .text.RST_Write
                0x000043e4       0x4c .\CortexM0\ARM_GCC_493\Debug\start_v0.a(RST.o)
                0x000043e4                RST_Write
 .text.DC_Write
                0x00004430       0x4c .\CortexM0\ARM_GCC_493\Debug\start_v0.a(DC.o)
                0x00004430                DC_Write
 .text.LCD_BL_Write
                0x0000447c       0x4c .\CortexM0\ARM_GCC_493\Debug\start_v0.a(LCD_BL.o)
                0x0000447c                LCD_BL_Write
 .text          0x000044c8       0x20 .\CortexM0\ARM_GCC_493\Debug\start_v0.a(CyBootAsmGnu.o)
                0x000044c8                CyDelayCycles
                0x000044da                CyEnterCriticalSection
                0x000044e2                CyExitCriticalSection
 .text.UART_XB_SPI_UART_ISR
                0x000044e8      0x114 .\CortexM0\ARM_GCC_493\Debug\start_v0.a(UART_XB_SPI_UART_INT.o)
                0x000044e8                UART_XB_SPI_UART_ISR
 .text          0x000045fc      0x120 c:/program files (x86)/cypress/psoc creator/4.0/psoc creator/import/gnu/arm/4.9.3/bin/../lib/gcc/arm-none-eabi/4.9.3/armv6-m\libgcc.a(_udivsi3.o)
                0x000045fc                __aeabi_uidiv
                0x000045fc                __udivsi3
                0x00004708                __aeabi_uidivmod
 .text          0x0000471c      0x1e0 c:/program files (x86)/cypress/psoc creator/4.0/psoc creator/import/gnu/arm/4.9.3/bin/../lib/gcc/arm-none-eabi/4.9.3/armv6-m\libgcc.a(_divsi3.o)
                0x0000471c                __divsi3
                0x0000471c                __aeabi_idiv
                0x000048e8                __aeabi_idivmod
 .text          0x000048fc        0x4 c:/program files (x86)/cypress/psoc creator/4.0/psoc creator/import/gnu/arm/4.9.3/bin/../lib/gcc/arm-none-eabi/4.9.3/armv6-m\libgcc.a(_dvmd_tls.o)
                0x000048fc                __aeabi_idiv0
                0x000048fc                __aeabi_ldiv0
 .text          0x00004900       0x7c c:/program files (x86)/cypress/psoc creator/4.0/psoc creator/import/gnu/arm/4.9.3/bin/../lib/gcc/arm-none-eabi/4.9.3/armv6-m\libgcc.a(_arm_cmpdf2.o)
                0x00004900                __aeabi_cdrcmple
                0x00004910                __aeabi_cdcmple
                0x00004910                __aeabi_cdcmpeq
                0x00004920                __aeabi_dcmpeq
                0x0000492c                __aeabi_dcmplt
                0x00004940                __aeabi_dcmple
                0x00004954                __aeabi_dcmpgt
                0x00004968                __aeabi_dcmpge
 .text          0x0000497c       0x74 c:/program files (x86)/cypress/psoc creator/4.0/psoc creator/import/gnu/arm/4.9.3/bin/../lib/gcc/arm-none-eabi/4.9.3/armv6-m\libgcc.a(_arm_cmpsf2.o)
                0x0000497c                __aeabi_cfrcmple
                0x00004984                __aeabi_cfcmpeq
                0x00004984                __aeabi_cfcmple
                0x00004994                __aeabi_fcmpeq
                0x000049a0                __aeabi_fcmplt
                0x000049b4                __aeabi_fcmple
                0x000049c8                __aeabi_fcmpgt
                0x000049dc                __aeabi_fcmpge
 .text          0x000049f0       0x40 c:/program files (x86)/cypress/psoc creator/4.0/psoc creator/import/gnu/arm/4.9.3/bin/../lib/gcc/arm-none-eabi/4.9.3/armv6-m\libgcc.a(_aeabi_uldivmod.o)
                0x000049f0                __aeabi_uldivmod
 .text          0x00004a30       0x54 c:/program files (x86)/cypress/psoc creator/4.0/psoc creator/import/gnu/arm/4.9.3/bin/../lib/gcc/arm-none-eabi/4.9.3/armv6-m\libgcc.a(_muldi3.o)
                0x00004a30                __muldi3
                0x00004a30                __aeabi_lmul
 .text          0x00004a84       0x6c c:/program files (x86)/cypress/psoc creator/4.0/psoc creator/import/gnu/arm/4.9.3/bin/../lib/gcc/arm-none-eabi/4.9.3/armv6-m\libgcc.a(bpabi.o)
                0x00004a84                __gnu_ldivmod_helper
                0x00004abc                __gnu_uldivmod_helper
 .text          0x00004af0      0x270 c:/program files (x86)/cypress/psoc creator/4.0/psoc creator/import/gnu/arm/4.9.3/bin/../lib/gcc/arm-none-eabi/4.9.3/armv6-m\libgcc.a(divsf3.o)
                0x00004af0                __aeabi_fdiv
 .text          0x00004d60       0x54 c:/program files (x86)/cypress/psoc creator/4.0/psoc creator/import/gnu/arm/4.9.3/bin/../lib/gcc/arm-none-eabi/4.9.3/armv6-m\libgcc.a(eqsf2.o)
                0x00004d60                __eqsf2
                0x00004d60                __nesf2
 .text          0x00004db4       0x94 c:/program files (x86)/cypress/psoc creator/4.0/psoc creator/import/gnu/arm/4.9.3/bin/../lib/gcc/arm-none-eabi/4.9.3/armv6-m\libgcc.a(gesf2.o)
                0x00004db4                __gesf2
                0x00004db4                __gtsf2
 .text          0x00004e48       0x8c c:/program files (x86)/cypress/psoc creator/4.0/psoc creator/import/gnu/arm/4.9.3/bin/../lib/gcc/arm-none-eabi/4.9.3/armv6-m\libgcc.a(lesf2.o)
                0x00004e48                __ltsf2
                0x00004e48                __lesf2
 .text          0x00004ed4      0x264 c:/program files (x86)/cypress/psoc creator/4.0/psoc creator/import/gnu/arm/4.9.3/bin/../lib/gcc/arm-none-eabi/4.9.3/armv6-m\libgcc.a(mulsf3.o)
                0x00004ed4                __aeabi_fmul
 .text          0x00005138       0x90 c:/program files (x86)/cypress/psoc creator/4.0/psoc creator/import/gnu/arm/4.9.3/bin/../lib/gcc/arm-none-eabi/4.9.3/armv6-m\libgcc.a(floatsisf.o)
                0x00005138                __aeabi_i2f
 .text          0x000051c8      0x650 c:/program files (x86)/cypress/psoc creator/4.0/psoc creator/import/gnu/arm/4.9.3/bin/../lib/gcc/arm-none-eabi/4.9.3/armv6-m\libgcc.a(adddf3.o)
                0x000051c8                __aeabi_dadd
 .text          0x00005818      0x648 c:/program files (x86)/cypress/psoc creator/4.0/psoc creator/import/gnu/arm/4.9.3/bin/../lib/gcc/arm-none-eabi/4.9.3/armv6-m\libgcc.a(divdf3.o)
                0x00005818                __aeabi_ddiv
 .text          0x00005e60       0x88 c:/program files (x86)/cypress/psoc creator/4.0/psoc creator/import/gnu/arm/4.9.3/bin/../lib/gcc/arm-none-eabi/4.9.3/armv6-m\libgcc.a(eqdf2.o)
                0x00005e60                __nedf2
                0x00005e60                __eqdf2
 .text          0x00005ee8       0xe0 c:/program files (x86)/cypress/psoc creator/4.0/psoc creator/import/gnu/arm/4.9.3/bin/../lib/gcc/arm-none-eabi/4.9.3/armv6-m\libgcc.a(gedf2.o)
                0x00005ee8                __gedf2
                0x00005ee8                __gtdf2
 .text          0x00005fc8       0xcc c:/program files (x86)/cypress/psoc creator/4.0/psoc creator/import/gnu/arm/4.9.3/bin/../lib/gcc/arm-none-eabi/4.9.3/armv6-m\libgcc.a(ledf2.o)
                0x00005fc8                __ledf2
                0x00005fc8                __ltdf2
 .text          0x00006094      0x6f4 c:/program files (x86)/cypress/psoc creator/4.0/psoc creator/import/gnu/arm/4.9.3/bin/../lib/gcc/arm-none-eabi/4.9.3/armv6-m\libgcc.a(subdf3.o)
                0x00006094                __aeabi_dsub
 .text          0x00006788       0x6c c:/program files (x86)/cypress/psoc creator/4.0/psoc creator/import/gnu/arm/4.9.3/bin/../lib/gcc/arm-none-eabi/4.9.3/armv6-m\libgcc.a(fixdfsi.o)
                0x00006788                __aeabi_d2iz
 .text          0x000067f4       0x78 c:/program files (x86)/cypress/psoc creator/4.0/psoc creator/import/gnu/arm/4.9.3/bin/../lib/gcc/arm-none-eabi/4.9.3/armv6-m\libgcc.a(floatsidf.o)
                0x000067f4                __aeabi_i2d
 .text          0x0000686c       0xa8 c:/program files (x86)/cypress/psoc creator/4.0/psoc creator/import/gnu/arm/4.9.3/bin/../lib/gcc/arm-none-eabi/4.9.3/armv6-m\libgcc.a(extendsfdf2.o)
                0x0000686c                __aeabi_f2d
 .text          0x00006914       0x3c c:/program files (x86)/cypress/psoc creator/4.0/psoc creator/import/gnu/arm/4.9.3/bin/../lib/gcc/arm-none-eabi/4.9.3/armv6-m\libgcc.a(_clzsi2.o)
                0x00006914                __clzsi2
 .text          0x00006950      0x1f0 c:/program files (x86)/cypress/psoc creator/4.0/psoc creator/import/gnu/arm/4.9.3/bin/../lib/gcc/arm-none-eabi/4.9.3/armv6-m\libgcc.a(_divdi3.o)
                0x00006950                __divdi3
 .text          0x00006b40      0x158 c:/program files (x86)/cypress/psoc creator/4.0/psoc creator/import/gnu/arm/4.9.3/bin/../lib/gcc/arm-none-eabi/4.9.3/armv6-m\libgcc.a(_udivdi3.o)
                0x00006b40                __udivdi3
 .text          0x00006c98       0x18 c:/program files (x86)/cypress/psoc creator/4.0/psoc creator/import/gnu/arm/4.9.3/bin/../lib/gcc/arm-none-eabi/4.9.3/armv6-m\libgcc.a(_clzdi2.o)
                0x00006c98                __clzdi2
 .text.__errno  0x00006cb0        0xc c:/program files (x86)/cypress/psoc creator/4.0/psoc creator/import/gnu/arm/4.9.3/bin/../lib/gcc/arm-none-eabi/4.9.3/../../../../arm-none-eabi/lib/armv6-m\libg.a(lib_a-errno.o)
                0x00006cb0                __errno
 .text.__libc_init_array
                0x00006cbc       0x48 c:/program files (x86)/cypress/psoc creator/4.0/psoc creator/import/gnu/arm/4.9.3/bin/../lib/gcc/arm-none-eabi/4.9.3/../../../../arm-none-eabi/lib/armv6-m\libg.a(lib_a-init.o)
                0x00006cbc                __libc_init_array
 .text.memcpy   0x00006d04       0x7c c:/program files (x86)/cypress/psoc creator/4.0/psoc creator/import/gnu/arm/4.9.3/bin/../lib/gcc/arm-none-eabi/4.9.3/../../../../arm-none-eabi/lib/armv6-m\libg.a(lib_a-memcpy.o)
                0x00006d04                memcpy
 .text.memset   0x00006d80       0x8c c:/program files (x86)/cypress/psoc creator/4.0/psoc creator/import/gnu/arm/4.9.3/bin/../lib/gcc/arm-none-eabi/4.9.3/../../../../arm-none-eabi/lib/armv6-m\libg.a(lib_a-memset.o)
                0x00006d80                memset
 .text.sprintf  0x00006e0c       0x44 c:/program files (x86)/cypress/psoc creator/4.0/psoc creator/import/gnu/arm/4.9.3/bin/../lib/gcc/arm-none-eabi/4.9.3/../../../../arm-none-eabi/lib/armv6-m\libg.a(lib_a-sprintf.o)
                0x00006e0c                sprintf
 .text.strcat   0x00006e50       0x50 c:/program files (x86)/cypress/psoc creator/4.0/psoc creator/import/gnu/arm/4.9.3/bin/../lib/gcc/arm-none-eabi/4.9.3/../../../../arm-none-eabi/lib/armv6-m\libg.a(lib_a-strcat.o)
                0x00006e50                strcat
 .text.strcpy   0x00006ea0       0x10 c:/program files (x86)/cypress/psoc creator/4.0/psoc creator/import/gnu/arm/4.9.3/bin/../lib/gcc/arm-none-eabi/4.9.3/../../../../arm-none-eabi/lib/armv6-m\libg.a(lib_a-strcpy.o)
                0x00006ea0                strcpy
 .text.strlen   0x00006eb0       0x68 c:/program files (x86)/cypress/psoc creator/4.0/psoc creator/import/gnu/arm/4.9.3/bin/../lib/gcc/arm-none-eabi/4.9.3/../../../../arm-none-eabi/lib/armv6-m\libg.a(lib_a-strlen.o)
                0x00006eb0                strlen
 .text.strncpy  0x00006f18       0x78 c:/program files (x86)/cypress/psoc creator/4.0/psoc creator/import/gnu/arm/4.9.3/bin/../lib/gcc/arm-none-eabi/4.9.3/../../../../arm-none-eabi/lib/armv6-m\libg.a(lib_a-strncpy.o)
                0x00006f18                strncpy
 .text._svfprintf_r
                0x00006f90     0x14e4 c:/program files (x86)/cypress/psoc creator/4.0/psoc creator/import/gnu/arm/4.9.3/bin/../lib/gcc/arm-none-eabi/4.9.3/../../../../arm-none-eabi/lib/armv6-m\libg.a(lib_a-svfprintf.o)
                0x00006f90                _svfprintf_r
 .text.startup.register_fini
                0x00008474       0x18 c:/program files (x86)/cypress/psoc creator/4.0/psoc creator/import/gnu/arm/4.9.3/bin/../lib/gcc/arm-none-eabi/4.9.3/../../../../arm-none-eabi/lib/armv6-m\libg.a(lib_a-__call_atexit.o)
 .text.atexit   0x0000848c       0x10 c:/program files (x86)/cypress/psoc creator/4.0/psoc creator/import/gnu/arm/4.9.3/bin/../lib/gcc/arm-none-eabi/4.9.3/../../../../arm-none-eabi/lib/armv6-m\libg.a(lib_a-atexit.o)
                0x0000848c                atexit
 .text.quorem   0x0000849c      0x158 c:/program files (x86)/cypress/psoc creator/4.0/psoc creator/import/gnu/arm/4.9.3/bin/../lib/gcc/arm-none-eabi/4.9.3/../../../../arm-none-eabi/lib/armv6-m\libg.a(lib_a-dtoa.o)
 .text._dtoa_r  0x000085f4      0xfb4 c:/program files (x86)/cypress/psoc creator/4.0/psoc creator/import/gnu/arm/4.9.3/bin/../lib/gcc/arm-none-eabi/4.9.3/../../../../arm-none-eabi/lib/armv6-m\libg.a(lib_a-dtoa.o)
                0x000085f4                _dtoa_r
 .text.__libc_fini_array
                0x000095a8       0x34 c:/program files (x86)/cypress/psoc creator/4.0/psoc creator/import/gnu/arm/4.9.3/bin/../lib/gcc/arm-none-eabi/4.9.3/../../../../arm-none-eabi/lib/armv6-m\libg.a(lib_a-fini.o)
                0x000095a8                __libc_fini_array
 .text._localeconv_r
                0x000095dc        0x8 c:/program files (x86)/cypress/psoc creator/4.0/psoc creator/import/gnu/arm/4.9.3/bin/../lib/gcc/arm-none-eabi/4.9.3/../../../../arm-none-eabi/lib/armv6-m\libg.a(lib_a-locale.o)
                0x000095dc                _localeconv_r
 .text._malloc_r
                0x000095e4      0x53c c:/program files (x86)/cypress/psoc creator/4.0/psoc creator/import/gnu/arm/4.9.3/bin/../lib/gcc/arm-none-eabi/4.9.3/../../../../arm-none-eabi/lib/armv6-m\libg.a(lib_a-mallocr.o)
                0x000095e4                _malloc_r
 .text.memchr   0x00009b20       0x84 c:/program files (x86)/cypress/psoc creator/4.0/psoc creator/import/gnu/arm/4.9.3/bin/../lib/gcc/arm-none-eabi/4.9.3/../../../../arm-none-eabi/lib/armv6-m\libg.a(lib_a-memchr.o)
                0x00009b20                memchr
 .text.__malloc_lock
                0x00009ba4        0x4 c:/program files (x86)/cypress/psoc creator/4.0/psoc creator/import/gnu/arm/4.9.3/bin/../lib/gcc/arm-none-eabi/4.9.3/../../../../arm-none-eabi/lib/armv6-m\libg.a(lib_a-mlock.o)
                0x00009ba4                __malloc_lock
 .text.__malloc_unlock
                0x00009ba8        0x4 c:/program files (x86)/cypress/psoc creator/4.0/psoc creator/import/gnu/arm/4.9.3/bin/../lib/gcc/arm-none-eabi/4.9.3/../../../../arm-none-eabi/lib/armv6-m\libg.a(lib_a-mlock.o)
                0x00009ba8                __malloc_unlock
 .text._Balloc  0x00009bac       0x50 c:/program files (x86)/cypress/psoc creator/4.0/psoc creator/import/gnu/arm/4.9.3/bin/../lib/gcc/arm-none-eabi/4.9.3/../../../../arm-none-eabi/lib/armv6-m\libg.a(lib_a-mprec.o)
                0x00009bac                _Balloc
 .text._Bfree   0x00009bfc       0x14 c:/program files (x86)/cypress/psoc creator/4.0/psoc creator/import/gnu/arm/4.9.3/bin/../lib/gcc/arm-none-eabi/4.9.3/../../../../arm-none-eabi/lib/armv6-m\libg.a(lib_a-mprec.o)
                0x00009bfc                _Bfree
 .text.__multadd
                0x00009c10       0x8c c:/program files (x86)/cypress/psoc creator/4.0/psoc creator/import/gnu/arm/4.9.3/bin/../lib/gcc/arm-none-eabi/4.9.3/../../../../arm-none-eabi/lib/armv6-m\libg.a(lib_a-mprec.o)
                0x00009c10                __multadd
 .text.__hi0bits
                0x00009c9c       0x3c c:/program files (x86)/cypress/psoc creator/4.0/psoc creator/import/gnu/arm/4.9.3/bin/../lib/gcc/arm-none-eabi/4.9.3/../../../../arm-none-eabi/lib/armv6-m\libg.a(lib_a-mprec.o)
                0x00009c9c                __hi0bits
 .text.__lo0bits
                0x00009cd8       0x5c c:/program files (x86)/cypress/psoc creator/4.0/psoc creator/import/gnu/arm/4.9.3/bin/../lib/gcc/arm-none-eabi/4.9.3/../../../../arm-none-eabi/lib/armv6-m\libg.a(lib_a-mprec.o)
                0x00009cd8                __lo0bits
 .text.__i2b    0x00009d34       0x14 c:/program files (x86)/cypress/psoc creator/4.0/psoc creator/import/gnu/arm/4.9.3/bin/../lib/gcc/arm-none-eabi/4.9.3/../../../../arm-none-eabi/lib/armv6-m\libg.a(lib_a-mprec.o)
                0x00009d34                __i2b
 .text.__multiply
                0x00009d48      0x15c c:/program files (x86)/cypress/psoc creator/4.0/psoc creator/import/gnu/arm/4.9.3/bin/../lib/gcc/arm-none-eabi/4.9.3/../../../../arm-none-eabi/lib/armv6-m\libg.a(lib_a-mprec.o)
                0x00009d48                __multiply
 .text.__pow5mult
                0x00009ea4       0xbc c:/program files (x86)/cypress/psoc creator/4.0/psoc creator/import/gnu/arm/4.9.3/bin/../lib/gcc/arm-none-eabi/4.9.3/../../../../arm-none-eabi/lib/armv6-m\libg.a(lib_a-mprec.o)
                0x00009ea4                __pow5mult
 .text.__lshift
                0x00009f60       0xcc c:/program files (x86)/cypress/psoc creator/4.0/psoc creator/import/gnu/arm/4.9.3/bin/../lib/gcc/arm-none-eabi/4.9.3/../../../../arm-none-eabi/lib/armv6-m\libg.a(lib_a-mprec.o)
                0x00009f60                __lshift
 .text.__mcmp   0x0000a02c       0x38 c:/program files (x86)/cypress/psoc creator/4.0/psoc creator/import/gnu/arm/4.9.3/bin/../lib/gcc/arm-none-eabi/4.9.3/../../../../arm-none-eabi/lib/armv6-m\libg.a(lib_a-mprec.o)
                0x0000a02c                __mcmp
 .text.__mdiff  0x0000a064       0xec c:/program files (x86)/cypress/psoc creator/4.0/psoc creator/import/gnu/arm/4.9.3/bin/../lib/gcc/arm-none-eabi/4.9.3/../../../../arm-none-eabi/lib/armv6-m\libg.a(lib_a-mprec.o)
                0x0000a064                __mdiff
 .text.__d2b    0x0000a150       0xbc c:/program files (x86)/cypress/psoc creator/4.0/psoc creator/import/gnu/arm/4.9.3/bin/../lib/gcc/arm-none-eabi/4.9.3/../../../../arm-none-eabi/lib/armv6-m\libg.a(lib_a-mprec.o)
                0x0000a150                __d2b
 .text.__fpclassifyd
                0x0000a20c       0x5c c:/program files (x86)/cypress/psoc creator/4.0/psoc creator/import/gnu/arm/4.9.3/bin/../lib/gcc/arm-none-eabi/4.9.3/../../../../arm-none-eabi/lib/armv6-m\libg.a(lib_a-s_fpclassify.o)
                0x0000a20c                __fpclassifyd
 .text._sbrk_r  0x0000a268       0x24 c:/program files (x86)/cypress/psoc creator/4.0/psoc creator/import/gnu/arm/4.9.3/bin/../lib/gcc/arm-none-eabi/4.9.3/../../../../arm-none-eabi/lib/armv6-m\libg.a(lib_a-sbrkr.o)
                0x0000a268                _sbrk_r
 .text.__ssprint_r
                0x0000a28c      0x12c c:/program files (x86)/cypress/psoc creator/4.0/psoc creator/import/gnu/arm/4.9.3/bin/../lib/gcc/arm-none-eabi/4.9.3/../../../../arm-none-eabi/lib/armv6-m\libg.a(lib_a-svfiprintf.o)
                0x0000a28c                __ssprint_r
 .text.__register_exitproc
                0x0000a3b8       0xd4 c:/program files (x86)/cypress/psoc creator/4.0/psoc creator/import/gnu/arm/4.9.3/bin/../lib/gcc/arm-none-eabi/4.9.3/../../../../arm-none-eabi/lib/armv6-m\libg.a(lib_a-__atexit.o)
                0x0000a3b8                __register_exitproc
 .text._calloc_r
                0x0000a48c       0x60 c:/program files (x86)/cypress/psoc creator/4.0/psoc creator/import/gnu/arm/4.9.3/bin/../lib/gcc/arm-none-eabi/4.9.3/../../../../arm-none-eabi/lib/armv6-m\libg.a(lib_a-callocr.o)
                0x0000a48c                _calloc_r
 .text._malloc_trim_r
                0x0000a4ec       0xa0 c:/program files (x86)/cypress/psoc creator/4.0/psoc creator/import/gnu/arm/4.9.3/bin/../lib/gcc/arm-none-eabi/4.9.3/../../../../arm-none-eabi/lib/armv6-m\libg.a(lib_a-freer.o)
                0x0000a4ec                _malloc_trim_r
 .text._free_r  0x0000a58c      0x1b0 c:/program files (x86)/cypress/psoc creator/4.0/psoc creator/import/gnu/arm/4.9.3/bin/../lib/gcc/arm-none-eabi/4.9.3/../../../../arm-none-eabi/lib/armv6-m\libg.a(lib_a-freer.o)
                0x0000a58c                _free_r
 .text.memmove  0x0000a73c       0x98 c:/program files (x86)/cypress/psoc creator/4.0/psoc creator/import/gnu/arm/4.9.3/bin/../lib/gcc/arm-none-eabi/4.9.3/../../../../arm-none-eabi/lib/armv6-m\libg.a(lib_a-memmove.o)
                0x0000a73c                memmove
 .text._realloc_r
                0x0000a7d4      0x3d0 c:/program files (x86)/cypress/psoc creator/4.0/psoc creator/import/gnu/arm/4.9.3/bin/../lib/gcc/arm-none-eabi/4.9.3/../../../../arm-none-eabi/lib/armv6-m\libg.a(lib_a-reallocr.o)
                0x0000a7d4                _realloc_r
 .text          0x0000aba4      0x534 c:/program files (x86)/cypress/psoc creator/4.0/psoc creator/import/gnu/arm/4.9.3/bin/../lib/gcc/arm-none-eabi/4.9.3/armv6-m\libgcc.a(muldf3.o)
                0x0000aba4                __aeabi_dmul
 .text          0x0000b0d8       0x64 c:/program files (x86)/cypress/psoc creator/4.0/psoc creator/import/gnu/arm/4.9.3/bin/../lib/gcc/arm-none-eabi/4.9.3/armv6-m\libgcc.a(floatunsidf.o)
                0x0000b0d8                __aeabi_ui2d
 *(.plt)
 *(.gnu.warning)
 *(.glue_7t)
 .glue_7t       0x00000000        0x0 linker stubs
 *(.glue_7)
 .glue_7        0x00000000        0x0 linker stubs
 *(.vfp11_veneer)
 .vfp11_veneer  0x00000000        0x0 linker stubs
 *(.bootloader)
 *(.ARM.extab* .gnu.linkonce.armextab.*)
 *(.gcc_except_table)

.v4_bx          0x0000b13c        0x0
 .v4_bx         0x00000000        0x0 linker stubs

.iplt           0x0000b13c        0x0
 .iplt          0x00000000        0x0 c:/program files (x86)/cypress/psoc creator/4.0/psoc creator/import/gnu/arm/4.9.3/bin/../lib/gcc/arm-none-eabi/4.9.3/armv6-m/crtbegin.o

.eh_frame_hdr
 *(.eh_frame_hdr)

.eh_frame       0x0000b13c        0x4
 *(.eh_frame)
 .eh_frame      0x0000b13c        0x0 c:/program files (x86)/cypress/psoc creator/4.0/psoc creator/import/gnu/arm/4.9.3/bin/../lib/gcc/arm-none-eabi/4.9.3/armv6-m/crtbegin.o
 .eh_frame      0x0000b13c        0x0 c:/program files (x86)/cypress/psoc creator/4.0/psoc creator/import/gnu/arm/4.9.3/bin/../lib/gcc/arm-none-eabi/4.9.3/../../../../arm-none-eabi/lib/armv6-m\libg.a(lib_a-strcmp.o)
                                 0x28 (size before relaxing)
 .eh_frame      0x0000b13c        0x4 c:/program files (x86)/cypress/psoc creator/4.0/psoc creator/import/gnu/arm/4.9.3/bin/../lib/gcc/arm-none-eabi/4.9.3/armv6-m/crtend.o
                0x0000b140                PROVIDE (__exidx_start, .)

.ARM.exidx      0x0000b140        0x8
 *(.ARM.exidx* .gnu.linkonce.armexidx.*)
 .ARM.exidx     0x0000b140        0x8 c:/program files (x86)/cypress/psoc creator/4.0/psoc creator/import/gnu/arm/4.9.3/bin/../lib/gcc/arm-none-eabi/4.9.3/armv6-m\libgcc.a(_divdi3.o)
 .ARM.exidx     0x0000b148        0x0 c:/program files (x86)/cypress/psoc creator/4.0/psoc creator/import/gnu/arm/4.9.3/bin/../lib/gcc/arm-none-eabi/4.9.3/armv6-m\libgcc.a(_udivdi3.o)
                                  0x8 (size before relaxing)
                0x0000b148                __exidx_end = .

.rodata         0x0000b148     0x1320
 *(.rodata .rodata.* .gnu.linkonce.r.*)
 .rodata        0x0000b148       0x14 .\CortexM0\ARM_GCC_493\Debug\display.o
 .rodata        0x0000b15c      0x6c8 .\CortexM0\ARM_GCC_493\Debug\DefaultFonts.o
                0x0000b15c                SmallFont
                0x0000b39c                MediumNumbers
                0x0000b4d8                BigNumbers
                0x0000b700                TinyFont
 .rodata        0x0000b824      0x424 .\CortexM0\ARM_GCC_493\Debug\Graphics.o
                0x0000b824                logoCypress
                0x0000ba1c                homeSkreenNull
                0x0000bc14                networkOn
                0x0000bc30                SDinsert
                0x0000bc3c                SDnoInsert
 .rodata        0x0000bc48       0x6c .\CortexM0\ARM_GCC_493\Debug\svt.o
 .rodata        0x0000bcb4       0x20 .\CortexM0\ARM_GCC_493\Debug\ntp.o
 .rodata        0x0000bcd4       0x30 .\CortexM0\ARM_GCC_493\Debug\network.o
 .rodata        0x0000bd04       0x80 .\CortexM0\ARM_GCC_493\Debug\main.o
 .rodata        0x0000bd84      0x230 .\CortexM0\ARM_GCC_493\Debug\start_v0.a(cyfitter_cfg.o)
 .rodata        0x0000bfb4       0x30 .\CortexM0\ARM_GCC_493\Debug\start_v0.a(CyLib.o)
                0x0000bfb4                cyImoFreqMhz2Reg
 .rodata        0x0000bfe4       0x24 .\CortexM0\ARM_GCC_493\Debug\start_v0.a(RTC.o)
                0x0000bfe4                RTC_daysBeforeMonthTbl
                0x0000bffc                RTC_daysInMonthTbl
 .rodata        0x0000c008       0x80 c:/program files (x86)/cypress/psoc creator/4.0/psoc creator/import/gnu/arm/4.9.3/bin/../lib/gcc/arm-none-eabi/4.9.3/armv6-m\libgcc.a(divsf3.o)
 .rodata        0x0000c088       0x40 c:/program files (x86)/cypress/psoc creator/4.0/psoc creator/import/gnu/arm/4.9.3/bin/../lib/gcc/arm-none-eabi/4.9.3/armv6-m\libgcc.a(mulsf3.o)
 .rodata        0x0000c0c8       0x40 c:/program files (x86)/cypress/psoc creator/4.0/psoc creator/import/gnu/arm/4.9.3/bin/../lib/gcc/arm-none-eabi/4.9.3/armv6-m\libgcc.a(divdf3.o)
 .rodata.str1.4
                0x0000c108        0x2 c:/program files (x86)/cypress/psoc creator/4.0/psoc creator/import/gnu/arm/4.9.3/bin/../lib/gcc/arm-none-eabi/4.9.3/../../../../arm-none-eabi/lib/armv6-m\libg.a(lib_a-impure.o)
                                  0x4 (size before relaxing)
 *fill*         0x0000c10a        0x2 
 .rodata._global_impure_ptr
                0x0000c10c        0x4 c:/program files (x86)/cypress/psoc creator/4.0/psoc creator/import/gnu/arm/4.9.3/bin/../lib/gcc/arm-none-eabi/4.9.3/../../../../arm-none-eabi/lib/armv6-m\libg.a(lib_a-impure.o)
                0x0000c10c                _global_impure_ptr
 .rodata._svfprintf_r
                0x0000c110      0x164 c:/program files (x86)/cypress/psoc creator/4.0/psoc creator/import/gnu/arm/4.9.3/bin/../lib/gcc/arm-none-eabi/4.9.3/../../../../arm-none-eabi/lib/armv6-m\libg.a(lib_a-svfprintf.o)
 .rodata.zeroes.6916
                0x0000c274       0x10 c:/program files (x86)/cypress/psoc creator/4.0/psoc creator/import/gnu/arm/4.9.3/bin/../lib/gcc/arm-none-eabi/4.9.3/../../../../arm-none-eabi/lib/armv6-m\libg.a(lib_a-svfprintf.o)
 .rodata.str1.4
                0x0000c284       0x42 c:/program files (x86)/cypress/psoc creator/4.0/psoc creator/import/gnu/arm/4.9.3/bin/../lib/gcc/arm-none-eabi/4.9.3/../../../../arm-none-eabi/lib/armv6-m\libg.a(lib_a-svfprintf.o)
                                 0x44 (size before relaxing)
 *fill*         0x0000c2c6        0x2 
 .rodata.blanks.6915
                0x0000c2c8       0x10 c:/program files (x86)/cypress/psoc creator/4.0/psoc creator/import/gnu/arm/4.9.3/bin/../lib/gcc/arm-none-eabi/4.9.3/../../../../arm-none-eabi/lib/armv6-m\libg.a(lib_a-svfprintf.o)
 .rodata.str1.4
                0x0000c2d8       0x10 c:/program files (x86)/cypress/psoc creator/4.0/psoc creator/import/gnu/arm/4.9.3/bin/../lib/gcc/arm-none-eabi/4.9.3/../../../../arm-none-eabi/lib/armv6-m\libg.a(lib_a-dtoa.o)
                                 0x14 (size before relaxing)
 .rodata.str1.4
                0x0000c2e8        0xc c:/program files (x86)/cypress/psoc creator/4.0/psoc creator/import/gnu/arm/4.9.3/bin/../lib/gcc/arm-none-eabi/4.9.3/../../../../arm-none-eabi/lib/armv6-m\libg.a(lib_a-locale.o)
                                 0x14 (size before relaxing)
 .rodata.p05.5296
                0x0000c2f4        0xc c:/program files (x86)/cypress/psoc creator/4.0/psoc creator/import/gnu/arm/4.9.3/bin/../lib/gcc/arm-none-eabi/4.9.3/../../../../arm-none-eabi/lib/armv6-m\libg.a(lib_a-mprec.o)
 .rodata.__mprec_tens
                0x0000c300       0xc8 c:/program files (x86)/cypress/psoc creator/4.0/psoc creator/import/gnu/arm/4.9.3/bin/../lib/gcc/arm-none-eabi/4.9.3/../../../../arm-none-eabi/lib/armv6-m\libg.a(lib_a-mprec.o)
                0x0000c300                __mprec_tens
 .rodata.__mprec_bigtens
                0x0000c3c8       0x28 c:/program files (x86)/cypress/psoc creator/4.0/psoc creator/import/gnu/arm/4.9.3/bin/../lib/gcc/arm-none-eabi/4.9.3/../../../../arm-none-eabi/lib/armv6-m\libg.a(lib_a-mprec.o)
                0x0000c3c8                __mprec_bigtens
 .rodata        0x0000c3f0       0x40 c:/program files (x86)/cypress/psoc creator/4.0/psoc creator/import/gnu/arm/4.9.3/bin/../lib/gcc/arm-none-eabi/4.9.3/armv6-m\libgcc.a(muldf3.o)
                0x0000c430                . = ALIGN (0x4)
 *(.init)
 .init          0x0000c430        0x4 c:/program files (x86)/cypress/psoc creator/4.0/psoc creator/import/gnu/arm/4.9.3/bin/../lib/gcc/arm-none-eabi/4.9.3/armv6-m/crti.o
                0x0000c430                _init
 .init          0x0000c434        0x8 c:/program files (x86)/cypress/psoc creator/4.0/psoc creator/import/gnu/arm/4.9.3/bin/../lib/gcc/arm-none-eabi/4.9.3/armv6-m/crtn.o
                0x0000c43c                . = ALIGN (0x4)
                0x0000c43c                __preinit_array_start = .
 *(.preinit_array)
                0x0000c43c                __preinit_array_end = .
                0x0000c43c                . = ALIGN (0x4)
                0x0000c43c                __init_array_start = .
 *(SORT(.init_array.*))
 .init_array.00000
                0x0000c43c        0x4 c:/program files (x86)/cypress/psoc creator/4.0/psoc creator/import/gnu/arm/4.9.3/bin/../lib/gcc/arm-none-eabi/4.9.3/../../../../arm-none-eabi/lib/armv6-m\libg.a(lib_a-__call_atexit.o)
 *(.init_array)
 .init_array    0x0000c440        0x4 c:/program files (x86)/cypress/psoc creator/4.0/psoc creator/import/gnu/arm/4.9.3/bin/../lib/gcc/arm-none-eabi/4.9.3/armv6-m/crtbegin.o
 .init_array    0x0000c444        0x4 .\CortexM0\ARM_GCC_493\Debug\Cm0Start.o
                0x0000c448                __init_array_end = .
                0x0000c448                . = ALIGN (0x4)
 *(.fini)
 .fini          0x0000c448        0x4 c:/program files (x86)/cypress/psoc creator/4.0/psoc creator/import/gnu/arm/4.9.3/bin/../lib/gcc/arm-none-eabi/4.9.3/armv6-m/crti.o
                0x0000c448                _fini
 .fini          0x0000c44c        0x8 c:/program files (x86)/cypress/psoc creator/4.0/psoc creator/import/gnu/arm/4.9.3/bin/../lib/gcc/arm-none-eabi/4.9.3/armv6-m/crtn.o
                0x0000c454                . = ALIGN (0x4)
                0x0000c454                __fini_array_start = .
 *(.fini_array)
 .fini_array    0x0000c454        0x4 c:/program files (x86)/cypress/psoc creator/4.0/psoc creator/import/gnu/arm/4.9.3/bin/../lib/gcc/arm-none-eabi/4.9.3/armv6-m/crtbegin.o
 *(SORT(.fini_array.*))
                0x0000c458                __fini_array_end = .
                0x0000c458                . = ALIGN (0x4)
 *crtbegin.o(.ctors)
 *(EXCLUDE_FILE(*crtend.o) .ctors)
 *(SORT(.ctors.*))
 *crtend.o(.ctors)
                0x0000c458                . = ALIGN (0x4)
 *crtbegin.o(.dtors)
 *(EXCLUDE_FILE(*crtend.o) .dtors)
 *(SORT(.dtors.*))
 *crtend.o(.dtors)
                0x0000c458                . = ALIGN (0x4)
                0x0000c458                __cy_regions = .
                0x0000c458        0x4 LONG 0xc468 __cy_region_init_ram
                0x0000c45c        0x4 LONG 0x200000c8 __cy_region_start_data
                0x0000c460        0x4 LONG 0x898 __cy_region_init_size_ram
                0x0000c464        0x4 LONG 0x950 __cy_region_zero_size_ram
                0x0000c468                __cy_regions_end = .
                0x0000c468                . = ALIGN (0x8)
                0x0000c468                _etext = .

.cy_checksum_exclude
                0x0000c468        0x0
 *(.cy_checksum_exclude)

.ramvectors     0x20000000       0xc0
                0x20000000                __cy_region_start_ram = .
 *(.ramvectors)
 .ramvectors    0x20000000       0xc0 .\CortexM0\ARM_GCC_493\Debug\Cm0Start.o
                0x20000000                CyRamVectors

.noinit         0x200000c0        0x4
 *(.noinit)
 .noinit        0x200000c0        0x4 .\CortexM0\ARM_GCC_493\Debug\Cm0Start.o

.data           0x200000c8      0x898 load address 0x0000c468
                0x200000c8                __cy_region_start_data = .
 *(.jcr)
 .jcr           0x200000c8        0x0 c:/program files (x86)/cypress/psoc creator/4.0/psoc creator/import/gnu/arm/4.9.3/bin/../lib/gcc/arm-none-eabi/4.9.3/armv6-m/crtbegin.o
 .jcr           0x200000c8        0x4 c:/program files (x86)/cypress/psoc creator/4.0/psoc creator/import/gnu/arm/4.9.3/bin/../lib/gcc/arm-none-eabi/4.9.3/armv6-m/crtend.o
 *(.got.plt)
 *(.got)
 *(.shdata)
 *(.data .data.* .gnu.linkonce.d.*)
 .data          0x200000cc        0x4 .\CortexM0\ARM_GCC_493\Debug\Cm0Start.o
 .data          0x200000d0       0x10 .\CortexM0\ARM_GCC_493\Debug\start_v0.a(CyLib.o)
                0x200000d0                cydelayFreqHz
                0x200000d4                cydelayFreqKhz
                0x200000d8                cydelayFreqMhz
                0x200000dc                cydelay32kMs
 .data          0x200000e0        0x8 .\CortexM0\ARM_GCC_493\Debug\start_v0.a(CyLFClk.o)
 .data.impure_data
                0x200000e8      0x428 c:/program files (x86)/cypress/psoc creator/4.0/psoc creator/import/gnu/arm/4.9.3/bin/../lib/gcc/arm-none-eabi/4.9.3/../../../../arm-none-eabi/lib/armv6-m\libg.a(lib_a-impure.o)
 .data._impure_ptr
                0x20000510        0x4 c:/program files (x86)/cypress/psoc creator/4.0/psoc creator/import/gnu/arm/4.9.3/bin/../lib/gcc/arm-none-eabi/4.9.3/../../../../arm-none-eabi/lib/armv6-m\libg.a(lib_a-impure.o)
                0x20000510                _impure_ptr
 .data.lconv    0x20000514       0x38 c:/program files (x86)/cypress/psoc creator/4.0/psoc creator/import/gnu/arm/4.9.3/bin/../lib/gcc/arm-none-eabi/4.9.3/../../../../arm-none-eabi/lib/armv6-m\libg.a(lib_a-locale.o)
 .data.__malloc_av_
                0x2000054c      0x408 c:/program files (x86)/cypress/psoc creator/4.0/psoc creator/import/gnu/arm/4.9.3/bin/../lib/gcc/arm-none-eabi/4.9.3/../../../../arm-none-eabi/lib/armv6-m\libg.a(lib_a-mallocr.o)
                0x2000054c                __malloc_av_
 .data.__malloc_trim_threshold
                0x20000954        0x4 c:/program files (x86)/cypress/psoc creator/4.0/psoc creator/import/gnu/arm/4.9.3/bin/../lib/gcc/arm-none-eabi/4.9.3/../../../../arm-none-eabi/lib/armv6-m\libg.a(lib_a-mallocr.o)
                0x20000954                __malloc_trim_threshold
 .data.__malloc_sbrk_base
                0x20000958        0x4 c:/program files (x86)/cypress/psoc creator/4.0/psoc creator/import/gnu/arm/4.9.3/bin/../lib/gcc/arm-none-eabi/4.9.3/../../../../arm-none-eabi/lib/armv6-m\libg.a(lib_a-mallocr.o)
                0x20000958                __malloc_sbrk_base
                0x20000960                . = ALIGN (0x8)
 *fill*         0x2000095c        0x4 
 *(.ram)
                0x20000960                _edata = .

.igot.plt       0x20000960        0x0 load address 0x0000cd00
 .igot.plt      0x00000000        0x0 c:/program files (x86)/cypress/psoc creator/4.0/psoc creator/import/gnu/arm/4.9.3/bin/../lib/gcc/arm-none-eabi/4.9.3/armv6-m/crtbegin.o

.bss            0x20000960      0x950 load address 0x0000cd00
                0x20000960                PROVIDE (__bss_start__, .)
 *(.shbss)
 *(.bss .bss.* .gnu.linkonce.b.*)
 .bss           0x20000960       0x1c c:/program files (x86)/cypress/psoc creator/4.0/psoc creator/import/gnu/arm/4.9.3/bin/../lib/gcc/arm-none-eabi/4.9.3/armv6-m/crtbegin.o
 *fill*         0x2000097c        0x4 
 .bss           0x20000980       0x10 .\CortexM0\ARM_GCC_493\Debug\RTC_WDT.o
 .bss           0x20000990       0x64 .\CortexM0\ARM_GCC_493\Debug\display.o
 *fill*         0x200009f4        0x4 
 .bss           0x200009f8       0x10 .\CortexM0\ARM_GCC_493\Debug\gate.o
 .bss           0x20000a08      0x404 .\CortexM0\ARM_GCC_493\Debug\crc32.o
 .bss           0x20000e0c        0x1 .\CortexM0\ARM_GCC_493\Debug\ntp.o
                0x20000e0c                NTP_STATE
 *fill*         0x20000e0d        0x3 
 .bss           0x20000e10       0x10 .\CortexM0\ARM_GCC_493\Debug\network.o
                0x20000e1c                onNtpSync
                0x20000e1d                flagStartSendPacket
                0x20000e1e                flagFinSendPacket
 .bss           0x20000e20        0x4 .\CortexM0\ARM_GCC_493\Debug\main.o
 .bss           0x20000e24       0x28 .\CortexM0\ARM_GCC_493\Debug\start_v0.a(CyLFClk.o)
 .bss           0x20000e4c       0x10 .\CortexM0\ARM_GCC_493\Debug\start_v0.a(RTC.o)
 .bss           0x20000e5c        0x8 .\CortexM0\ARM_GCC_493\Debug\start_v0.a(UART_XB.o)
                0x20000e5c                UART_XB_initVar
                0x20000e5e                UART_XB_IntrTxMask
                0x20000e60                UART_XB_customIntrHandler
 .bss           0x20000e64        0x1 .\CortexM0\ARM_GCC_493\Debug\start_v0.a(AppDelay.o)
                0x20000e64                AppDelay_initVar
 .bss           0x20000e65        0x1 .\CortexM0\ARM_GCC_493\Debug\start_v0.a(ADC.o)
                0x20000e65                ADC_initVar
 .bss           0x20000e66        0x1 .\CortexM0\ARM_GCC_493\Debug\start_v0.a(SPIM.o)
                0x20000e66                SPIM_initVar
 *fill*         0x20000e67        0x1 
 .bss.__malloc_max_total_mem
                0x20000e68        0x4 c:/program files (x86)/cypress/psoc creator/4.0/psoc creator/import/gnu/arm/4.9.3/bin/../lib/gcc/arm-none-eabi/4.9.3/../../../../arm-none-eabi/lib/armv6-m\libg.a(lib_a-mallocr.o)
                0x20000e68                __malloc_max_total_mem
 .bss.__malloc_max_sbrked_mem
                0x20000e6c        0x4 c:/program files (x86)/cypress/psoc creator/4.0/psoc creator/import/gnu/arm/4.9.3/bin/../lib/gcc/arm-none-eabi/4.9.3/../../../../arm-none-eabi/lib/armv6-m\libg.a(lib_a-mallocr.o)
                0x20000e6c                __malloc_max_sbrked_mem
 .bss.__malloc_top_pad
                0x20000e70        0x4 c:/program files (x86)/cypress/psoc creator/4.0/psoc creator/import/gnu/arm/4.9.3/bin/../lib/gcc/arm-none-eabi/4.9.3/../../../../arm-none-eabi/lib/armv6-m\libg.a(lib_a-mallocr.o)
                0x20000e70                __malloc_top_pad
 .bss.__malloc_current_mallinfo
                0x20000e74       0x28 c:/program files (x86)/cypress/psoc creator/4.0/psoc creator/import/gnu/arm/4.9.3/bin/../lib/gcc/arm-none-eabi/4.9.3/../../../../arm-none-eabi/lib/armv6-m\libg.a(lib_a-mallocr.o)
                0x20000e74                __malloc_current_mallinfo
 *(COMMON)
 COMMON         0x20000e9c      0x20c .\CortexM0\ARM_GCC_493\Debug\display.o
                0x20000e9c                _sleep
                0x20000ea0                scrbuf
                0x20001098                cfont
                0x200010a4                _contrast
 COMMON         0x200010a8        0x1 .\CortexM0\ARM_GCC_493\Debug\LED.o
                0x200010a8                LED_InitValue
 COMMON         0x200010a9        0x7 .\CortexM0\ARM_GCC_493\Debug\svt.o
                0x200010a9                LenC
                0x200010aa                LenChS
                0x200010ab                LenD1
                0x200010ac                LenSeq
                0x200010ad                LenD2
                0x200010ae                PROTO_STATE
                0x200010af                LenD3
 COMMON         0x200010b0        0x4 .\CortexM0\ARM_GCC_493\Debug\ntp.o
                0x200010b0                NtpLenChS
                0x200010b1                NtpLenMsD1
                0x200010b2                NtpLenId
                0x200010b3                NtpLenD1
 *fill*         0x200010b4        0x4 
 COMMON         0x200010b8       0xd4 .\CortexM0\ARM_GCC_493\Debug\network.o
                0x200010b8                IDreceivePacket
                0x200010c0                outData
                0x200010d8                recvDataNTP
                0x200010ec                ntpFlagReadyForReceive
                0x200010f0                inData
                0x20001108                unixTime
                0x20001118                resultReceive
                0x2000111c                ntpFlagEndReceivePacket
                0x20001120                millisTime
                0x20001128                previousData
 COMMON         0x2000118c        0x4 .\CortexM0\ARM_GCC_493\Debug\batt.o
                0x2000118c                voltage
 COMMON         0x20001190        0x1 .\CortexM0\ARM_GCC_493\Debug\main.o
                0x20001190                currentState
 *fill*         0x20001191        0x7 
 COMMON         0x20001198       0x28 .\CortexM0\ARM_GCC_493\Debug\start_v0.a(RTC.o)
                0x20001198                RTC_initVar
                0x2000119c                RTC_currentTimeDate
                0x200011ac                RTC_alarmCurStatus
                0x200011b0                RTC_dstStatus
                0x200011b8                RTC_unixTime
 COMMON         0x200011c0       0xe0 .\CortexM0\ARM_GCC_493\Debug\start_v0.a(UART_XB_SPI_UART.o)
                0x200011c0                UART_XB_rxBufferTail
                0x200011c4                UART_XB_rxBufferOverflow
                0x200011c8                UART_XB_txBufferHead
                0x200011cc                UART_XB_txBufferInternal
                0x20001230                UART_XB_rxBufferInternal
                0x20001298                UART_XB_rxBufferHead
                0x2000129c                UART_XB_txBufferTail
 COMMON         0x200012a0        0x6 .\CortexM0\ARM_GCC_493\Debug\start_v0.a(ADC.o)
                0x200012a0                ADC_countsPer10Volt
                0x200012a4                ADC_offset
 *fill*         0x200012a6        0x2 
 COMMON         0x200012a8        0x4 c:/program files (x86)/cypress/psoc creator/4.0/psoc creator/import/gnu/arm/4.9.3/bin/../lib/gcc/arm-none-eabi/4.9.3/../../../../arm-none-eabi/lib/armv6-m\libg.a(lib_a-reent.o)
                0x200012a8                errno
                0x200012b0                . = ALIGN (0x8)
 *fill*         0x200012ac        0x4 
 *(.ram.b)
                0x200012b0                _end = .
                0x200012b0                __end = .
                0x200012b0                PROVIDE (end, .)
                0x200012b0                PROVIDE (__bss_end__, .)
                0x0000c468                __cy_region_init_ram = LOADADDR (.data)
                0x00000898                __cy_region_init_size_ram = (_edata - ADDR (.data))
                0x00000950                __cy_region_zero_size_ram = (_end - _edata)

.heap           0x200012b0     0x1000 load address 0x0000cd00
                0x200012b0                . = _end
                0x200022b0                . = (. + 0x1000)
 *fill*         0x200012b0     0x1000 
                0x200022b0                __cy_heap_limit = .

.stack          0x20003800      0x800
                0x20003800                __cy_stack_limit = .
                0x20004000                . = (. + 0x800)
 *fill*         0x20003800      0x800 
                0x00000001                ASSERT ((__cy_stack_limit >= __cy_heap_limit), region RAM overflowed with stack)
                0x00000000                cy_checksum_exclude_size = (CY_APPL_LOADABLE == 0x1)?SIZEOF (.cy_checksum_exclude):0x0
                0x00000001                ASSERT ((cy_checksum_exclude_size <= CY_CHECKSUM_EXCLUDE_SIZE), CY_BOOT: Section .cy_checksum_exclude size exceedes specified limit.)
                0x0001ffc0                cyloadermeta_start = (cy_project_type_bootloader || cy_project_type_app_for_stack_and_copier)?(0x20000 - CY_METADATA_SIZE):0xf0000000

.cyloadermeta
 *(.cyloadermeta)
                0x0001ffc0                cyloadablemeta_start = cy_project_type_app_for_stack_and_copier?((0x20000 - CY_FLASH_ROW_SIZE) - CY_METADATA_SIZE):((0x20000 - (CY_FLASH_ROW_SIZE * (CY_APPL_NUM - 0x1))) - CY_METADATA_SIZE)

.cyloadablemeta
 *(.cyloadablemeta)

.cyflashprotect
                0x90400000       0x80
 *(.cyflashprotect)
 .cyflashprotect
                0x90400000       0x80 .\CortexM0\ARM_GCC_493\Debug\cymetadata.o
                0x90400000                cy_meta_flashprotect

.cymeta         0x90500000        0xc
 *(.cymeta)
 .cymeta        0x90500000        0xc .\CortexM0\ARM_GCC_493\Debug\cymetadata.o
                0x90500000                cy_metadata

.cychipprotect  0x90600000        0x4
 *(.cychipprotect)
 .cychipprotect
                0x90600000        0x4 .\CortexM0\ARM_GCC_493\Debug\cymetadata.o
                0x90600000                cy_meta_chipprotect

.rel.dyn        0x0000cd00        0x0 load address 0x90600004
 .rel.iplt      0x00000000        0x0 c:/program files (x86)/cypress/psoc creator/4.0/psoc creator/import/gnu/arm/4.9.3/bin/../lib/gcc/arm-none-eabi/4.9.3/armv6-m/crtbegin.o

.stab
 *(.stab)

.stabstr
 *(.stabstr)

.debug
 *(.debug)

.line
 *(.line)

.debug_srcinfo
 *(.debug_srcinfo)

.debug_sfnames
 *(.debug_sfnames)

.debug_aranges  0x00000000     0x1258
 *(.debug_aranges)
 .debug_aranges
                0x00000000       0x90 .\CortexM0\ARM_GCC_493\Debug\RTC_WDT.o
 .debug_aranges
                0x00000090       0x78 .\CortexM0\ARM_GCC_493\Debug\display.o
 .debug_aranges
                0x00000108       0x18 .\CortexM0\ARM_GCC_493\Debug\DefaultFonts.o
 .debug_aranges
                0x00000120       0x18 .\CortexM0\ARM_GCC_493\Debug\Graphics.o
 .debug_aranges
                0x00000138      0x120 .\CortexM0\ARM_GCC_493\Debug\LCD5110_Graph.o
 .debug_aranges
                0x00000258       0x48 .\CortexM0\ARM_GCC_493\Debug\gate.o
 .debug_aranges
                0x000002a0       0x38 .\CortexM0\ARM_GCC_493\Debug\LED.o
 .debug_aranges
                0x000002d8       0x38 .\CortexM0\ARM_GCC_493\Debug\crc32.o
 .debug_aranges
                0x00000310       0x40 .\CortexM0\ARM_GCC_493\Debug\svt.o
 .debug_aranges
                0x00000350       0x38 .\CortexM0\ARM_GCC_493\Debug\ntp.o
 .debug_aranges
                0x00000388       0x80 .\CortexM0\ARM_GCC_493\Debug\network.o
 .debug_aranges
                0x00000408       0x38 .\CortexM0\ARM_GCC_493\Debug\myDelay.o
 .debug_aranges
                0x00000440       0x28 .\CortexM0\ARM_GCC_493\Debug\batt.o
 .debug_aranges
                0x00000468       0x48 .\CortexM0\ARM_GCC_493\Debug\main.o
 .debug_aranges
                0x000004b0       0x18 .\CortexM0\ARM_GCC_493\Debug\cymetadata.o
 .debug_aranges
                0x000004c8       0x48 .\CortexM0\ARM_GCC_493\Debug\Cm0Start.o
 .debug_aranges
                0x00000510       0x58 .\CortexM0\ARM_GCC_493\Debug\start_v0.a(cyfitter_cfg.o)
 .debug_aranges
                0x00000568      0x1a0 .\CortexM0\ARM_GCC_493\Debug\start_v0.a(CyLib.o)
 .debug_aranges
                0x00000708      0x198 .\CortexM0\ARM_GCC_493\Debug\start_v0.a(CyLFClk.o)
 .debug_aranges
                0x000008a0      0x128 .\CortexM0\ARM_GCC_493\Debug\start_v0.a(RTC.o)
 .debug_aranges
                0x000009c8       0x48 .\CortexM0\ARM_GCC_493\Debug\start_v0.a(GatePin.o)
 .debug_aranges
                0x00000a10      0x158 .\CortexM0\ARM_GCC_493\Debug\start_v0.a(Timer_LED.o)
 .debug_aranges
                0x00000b68       0x80 .\CortexM0\ARM_GCC_493\Debug\start_v0.a(Int_Timer_Led.o)
 .debug_aranges
                0x00000be8       0x48 .\CortexM0\ARM_GCC_493\Debug\start_v0.a(LED_PIN.o)
 .debug_aranges
                0x00000c30       0x68 .\CortexM0\ARM_GCC_493\Debug\start_v0.a(UART_XB.o)
 .debug_aranges
                0x00000c98       0x60 .\CortexM0\ARM_GCC_493\Debug\start_v0.a(UART_XB_SPI_UART.o)
 .debug_aranges
                0x00000cf8       0x88 .\CortexM0\ARM_GCC_493\Debug\start_v0.a(UART_XB_UART.o)
 .debug_aranges
                0x00000d80       0x80 .\CortexM0\ARM_GCC_493\Debug\start_v0.a(GATE_INT.o)
 .debug_aranges
                0x00000e00      0x158 .\CortexM0\ARM_GCC_493\Debug\start_v0.a(AppDelay.o)
 .debug_aranges
                0x00000f58       0x48 .\CortexM0\ARM_GCC_493\Debug\start_v0.a(debug.o)
 .debug_aranges
                0x00000fa0       0xa8 .\CortexM0\ARM_GCC_493\Debug\start_v0.a(ADC.o)
 .debug_aranges
                0x00001048       0x20 .\CortexM0\ARM_GCC_493\Debug\start_v0.a(ADC_INT.o)
 .debug_aranges
                0x00001068       0xd8 .\CortexM0\ARM_GCC_493\Debug\start_v0.a(SPIM.o)
 .debug_aranges
                0x00001140       0x48 .\CortexM0\ARM_GCC_493\Debug\start_v0.a(RST.o)
 .debug_aranges
                0x00001188       0x48 .\CortexM0\ARM_GCC_493\Debug\start_v0.a(DC.o)
 .debug_aranges
                0x000011d0       0x48 .\CortexM0\ARM_GCC_493\Debug\start_v0.a(LCD_BL.o)
 .debug_aranges
                0x00001218       0x20 .\CortexM0\ARM_GCC_493\Debug\start_v0.a(CyBootAsmGnu.o)
 .debug_aranges
                0x00001238       0x20 .\CortexM0\ARM_GCC_493\Debug\start_v0.a(UART_XB_SPI_UART_INT.o)

.debug_pubnames
 *(.debug_pubnames)

.debug_info     0x00000000     0x855d
 *(.debug_info .gnu.linkonce.wi.*)
 .debug_info    0x00000000      0x3ff .\CortexM0\ARM_GCC_493\Debug\RTC_WDT.o
 .debug_info    0x000003ff      0x449 .\CortexM0\ARM_GCC_493\Debug\display.o
 .debug_info    0x00000848       0xc8 .\CortexM0\ARM_GCC_493\Debug\DefaultFonts.o
 .debug_info    0x00000910       0xcb .\CortexM0\ARM_GCC_493\Debug\Graphics.o
 .debug_info    0x000009db      0xf1d .\CortexM0\ARM_GCC_493\Debug\LCD5110_Graph.o
 .debug_info    0x000018f8      0x191 .\CortexM0\ARM_GCC_493\Debug\gate.o
 .debug_info    0x00001a89      0x15f .\CortexM0\ARM_GCC_493\Debug\LED.o
 .debug_info    0x00001be8      0x205 .\CortexM0\ARM_GCC_493\Debug\crc32.o
 .debug_info    0x00001ded      0x402 .\CortexM0\ARM_GCC_493\Debug\svt.o
 .debug_info    0x000021ef      0x2b4 .\CortexM0\ARM_GCC_493\Debug\ntp.o
 .debug_info    0x000024a3      0x63b .\CortexM0\ARM_GCC_493\Debug\network.o
 .debug_info    0x00002ade      0x165 .\CortexM0\ARM_GCC_493\Debug\myDelay.o
 .debug_info    0x00002c43       0xe8 .\CortexM0\ARM_GCC_493\Debug\batt.o
 .debug_info    0x00002d2b      0x1e4 .\CortexM0\ARM_GCC_493\Debug\main.o
 .debug_info    0x00002f0f       0xfe .\CortexM0\ARM_GCC_493\Debug\cymetadata.o
 .debug_info    0x0000300d      0x300 .\CortexM0\ARM_GCC_493\Debug\Cm0Start.o
 .debug_info    0x0000330d      0x46b .\CortexM0\ARM_GCC_493\Debug\start_v0.a(cyfitter_cfg.o)
 .debug_info    0x00003778      0x985 .\CortexM0\ARM_GCC_493\Debug\start_v0.a(CyLib.o)
 .debug_info    0x000040fd      0xaa3 .\CortexM0\ARM_GCC_493\Debug\start_v0.a(CyLFClk.o)
 .debug_info    0x00004ba0      0xa4c .\CortexM0\ARM_GCC_493\Debug\start_v0.a(RTC.o)
 .debug_info    0x000055ec      0x19a .\CortexM0\ARM_GCC_493\Debug\start_v0.a(GatePin.o)
 .debug_info    0x00005786      0x6f4 .\CortexM0\ARM_GCC_493\Debug\start_v0.a(Timer_LED.o)
 .debug_info    0x00005e7a      0x246 .\CortexM0\ARM_GCC_493\Debug\start_v0.a(Int_Timer_Led.o)
 .debug_info    0x000060c0      0x19a .\CortexM0\ARM_GCC_493\Debug\start_v0.a(LED_PIN.o)
 .debug_info    0x0000625a      0x201 .\CortexM0\ARM_GCC_493\Debug\start_v0.a(UART_XB.o)
 .debug_info    0x0000645b      0x2f5 .\CortexM0\ARM_GCC_493\Debug\start_v0.a(UART_XB_SPI_UART.o)
 .debug_info    0x00006750      0x31d .\CortexM0\ARM_GCC_493\Debug\start_v0.a(UART_XB_UART.o)
 .debug_info    0x00006a6d      0x246 .\CortexM0\ARM_GCC_493\Debug\start_v0.a(GATE_INT.o)
 .debug_info    0x00006cb3      0x6f4 .\CortexM0\ARM_GCC_493\Debug\start_v0.a(AppDelay.o)
 .debug_info    0x000073a7      0x19a .\CortexM0\ARM_GCC_493\Debug\start_v0.a(debug.o)
 .debug_info    0x00007541      0x47b .\CortexM0\ARM_GCC_493\Debug\start_v0.a(ADC.o)
 .debug_info    0x000079bc       0xc5 .\CortexM0\ARM_GCC_493\Debug\start_v0.a(ADC_INT.o)
 .debug_info    0x00007a81      0x3ed .\CortexM0\ARM_GCC_493\Debug\start_v0.a(SPIM.o)
 .debug_info    0x00007e6e      0x19a .\CortexM0\ARM_GCC_493\Debug\start_v0.a(RST.o)
 .debug_info    0x00008008      0x19a .\CortexM0\ARM_GCC_493\Debug\start_v0.a(DC.o)
 .debug_info    0x000081a2      0x19a .\CortexM0\ARM_GCC_493\Debug\start_v0.a(LCD_BL.o)
 .debug_info    0x0000833c       0xa4 .\CortexM0\ARM_GCC_493\Debug\start_v0.a(CyBootAsmGnu.o)
 .debug_info    0x000083e0      0x17d .\CortexM0\ARM_GCC_493\Debug\start_v0.a(UART_XB_SPI_UART_INT.o)

.debug_abbrev   0x00000000     0x2734
 *(.debug_abbrev)
 .debug_abbrev  0x00000000      0x180 .\CortexM0\ARM_GCC_493\Debug\RTC_WDT.o
 .debug_abbrev  0x00000180      0x181 .\CortexM0\ARM_GCC_493\Debug\display.o
 .debug_abbrev  0x00000301       0x45 .\CortexM0\ARM_GCC_493\Debug\DefaultFonts.o
 .debug_abbrev  0x00000346       0x4e .\CortexM0\ARM_GCC_493\Debug\Graphics.o
 .debug_abbrev  0x00000394      0x1e9 .\CortexM0\ARM_GCC_493\Debug\LCD5110_Graph.o
 .debug_abbrev  0x0000057d       0xac .\CortexM0\ARM_GCC_493\Debug\gate.o
 .debug_abbrev  0x00000629       0xa5 .\CortexM0\ARM_GCC_493\Debug\LED.o
 .debug_abbrev  0x000006ce       0xc2 .\CortexM0\ARM_GCC_493\Debug\crc32.o
 .debug_abbrev  0x00000790      0x179 .\CortexM0\ARM_GCC_493\Debug\svt.o
 .debug_abbrev  0x00000909      0x122 .\CortexM0\ARM_GCC_493\Debug\ntp.o
 .debug_abbrev  0x00000a2b      0x1d2 .\CortexM0\ARM_GCC_493\Debug\network.o
 .debug_abbrev  0x00000bfd       0xa4 .\CortexM0\ARM_GCC_493\Debug\myDelay.o
 .debug_abbrev  0x00000ca1       0x8b .\CortexM0\ARM_GCC_493\Debug\batt.o
 .debug_abbrev  0x00000d2c       0xb9 .\CortexM0\ARM_GCC_493\Debug\main.o
 .debug_abbrev  0x00000de5       0x5d .\CortexM0\ARM_GCC_493\Debug\cymetadata.o
 .debug_abbrev  0x00000e42      0x1a5 .\CortexM0\ARM_GCC_493\Debug\Cm0Start.o
 .debug_abbrev  0x00000fe7      0x1cd .\CortexM0\ARM_GCC_493\Debug\start_v0.a(cyfitter_cfg.o)
 .debug_abbrev  0x000011b4      0x1a7 .\CortexM0\ARM_GCC_493\Debug\start_v0.a(CyLib.o)
 .debug_abbrev  0x0000135b      0x228 .\CortexM0\ARM_GCC_493\Debug\start_v0.a(CyLFClk.o)
 .debug_abbrev  0x00001583      0x212 .\CortexM0\ARM_GCC_493\Debug\start_v0.a(RTC.o)
 .debug_abbrev  0x00001795       0xaa .\CortexM0\ARM_GCC_493\Debug\start_v0.a(GatePin.o)
 .debug_abbrev  0x0000183f       0xfc .\CortexM0\ARM_GCC_493\Debug\start_v0.a(Timer_LED.o)
 .debug_abbrev  0x0000193b      0x16a .\CortexM0\ARM_GCC_493\Debug\start_v0.a(Int_Timer_Led.o)
 .debug_abbrev  0x00001aa5       0xaa .\CortexM0\ARM_GCC_493\Debug\start_v0.a(LED_PIN.o)
 .debug_abbrev  0x00001b4f       0xc5 .\CortexM0\ARM_GCC_493\Debug\start_v0.a(UART_XB.o)
 .debug_abbrev  0x00001c14      0x149 .\CortexM0\ARM_GCC_493\Debug\start_v0.a(UART_XB_SPI_UART.o)
 .debug_abbrev  0x00001d5d       0xfd .\CortexM0\ARM_GCC_493\Debug\start_v0.a(UART_XB_UART.o)
 .debug_abbrev  0x00001e5a      0x16a .\CortexM0\ARM_GCC_493\Debug\start_v0.a(GATE_INT.o)
 .debug_abbrev  0x00001fc4       0xfc .\CortexM0\ARM_GCC_493\Debug\start_v0.a(AppDelay.o)
 .debug_abbrev  0x000020c0       0xaa .\CortexM0\ARM_GCC_493\Debug\start_v0.a(debug.o)
 .debug_abbrev  0x0000216a      0x163 .\CortexM0\ARM_GCC_493\Debug\start_v0.a(ADC.o)
 .debug_abbrev  0x000022cd       0x65 .\CortexM0\ARM_GCC_493\Debug\start_v0.a(ADC_INT.o)
 .debug_abbrev  0x00002332      0x156 .\CortexM0\ARM_GCC_493\Debug\start_v0.a(SPIM.o)
 .debug_abbrev  0x00002488       0xaa .\CortexM0\ARM_GCC_493\Debug\start_v0.a(RST.o)
 .debug_abbrev  0x00002532       0xaa .\CortexM0\ARM_GCC_493\Debug\start_v0.a(DC.o)
 .debug_abbrev  0x000025dc       0xaa .\CortexM0\ARM_GCC_493\Debug\start_v0.a(LCD_BL.o)
 .debug_abbrev  0x00002686       0x14 .\CortexM0\ARM_GCC_493\Debug\start_v0.a(CyBootAsmGnu.o)
 .debug_abbrev  0x0000269a       0x9a .\CortexM0\ARM_GCC_493\Debug\start_v0.a(UART_XB_SPI_UART_INT.o)

.debug_line     0x00000000     0x4c49
 *(.debug_line)
 .debug_line    0x00000000      0x2c7 .\CortexM0\ARM_GCC_493\Debug\RTC_WDT.o
 .debug_line    0x000002c7      0x2d1 .\CortexM0\ARM_GCC_493\Debug\display.o
 .debug_line    0x00000598       0x39 .\CortexM0\ARM_GCC_493\Debug\DefaultFonts.o
 .debug_line    0x000005d1       0x35 .\CortexM0\ARM_GCC_493\Debug\Graphics.o
 .debug_line    0x00000606      0x810 .\CortexM0\ARM_GCC_493\Debug\LCD5110_Graph.o
 .debug_line    0x00000e16      0x19f .\CortexM0\ARM_GCC_493\Debug\gate.o
 .debug_line    0x00000fb5      0x197 .\CortexM0\ARM_GCC_493\Debug\LED.o
 .debug_line    0x0000114c      0x1bd .\CortexM0\ARM_GCC_493\Debug\crc32.o
 .debug_line    0x00001309      0x259 .\CortexM0\ARM_GCC_493\Debug\svt.o
 .debug_line    0x00001562      0x1f7 .\CortexM0\ARM_GCC_493\Debug\ntp.o
 .debug_line    0x00001759      0x313 .\CortexM0\ARM_GCC_493\Debug\network.o
 .debug_line    0x00001a6c      0x1af .\CortexM0\ARM_GCC_493\Debug\myDelay.o
 .debug_line    0x00001c1b      0x14c .\CortexM0\ARM_GCC_493\Debug\batt.o
 .debug_line    0x00001d67      0x1e4 .\CortexM0\ARM_GCC_493\Debug\main.o
 .debug_line    0x00001f4b       0x51 .\CortexM0\ARM_GCC_493\Debug\cymetadata.o
 .debug_line    0x00001f9c      0x1c8 .\CortexM0\ARM_GCC_493\Debug\Cm0Start.o
 .debug_line    0x00002164      0x206 .\CortexM0\ARM_GCC_493\Debug\start_v0.a(cyfitter_cfg.o)
 .debug_line    0x0000236a      0x4ad .\CortexM0\ARM_GCC_493\Debug\start_v0.a(CyLib.o)
 .debug_line    0x00002817      0x6ec .\CortexM0\ARM_GCC_493\Debug\start_v0.a(CyLFClk.o)
 .debug_line    0x00002f03      0x49a .\CortexM0\ARM_GCC_493\Debug\start_v0.a(RTC.o)
 .debug_line    0x0000339d       0xbf .\CortexM0\ARM_GCC_493\Debug\start_v0.a(GatePin.o)
 .debug_line    0x0000345c      0x373 .\CortexM0\ARM_GCC_493\Debug\start_v0.a(Timer_LED.o)
 .debug_line    0x000037cf      0x15c .\CortexM0\ARM_GCC_493\Debug\start_v0.a(Int_Timer_Led.o)
 .debug_line    0x0000392b       0xbf .\CortexM0\ARM_GCC_493\Debug\start_v0.a(LED_PIN.o)
 .debug_line    0x000039ea      0x11d .\CortexM0\ARM_GCC_493\Debug\start_v0.a(UART_XB.o)
 .debug_line    0x00003b07      0x14c .\CortexM0\ARM_GCC_493\Debug\start_v0.a(UART_XB_SPI_UART.o)
 .debug_line    0x00003c53      0x1c3 .\CortexM0\ARM_GCC_493\Debug\start_v0.a(UART_XB_UART.o)
 .debug_line    0x00003e16      0x157 .\CortexM0\ARM_GCC_493\Debug\start_v0.a(GATE_INT.o)
 .debug_line    0x00003f6d      0x372 .\CortexM0\ARM_GCC_493\Debug\start_v0.a(AppDelay.o)
 .debug_line    0x000042df       0xbd .\CortexM0\ARM_GCC_493\Debug\start_v0.a(debug.o)
 .debug_line    0x0000439c      0x29a .\CortexM0\ARM_GCC_493\Debug\start_v0.a(ADC.o)
 .debug_line    0x00004636       0x62 .\CortexM0\ARM_GCC_493\Debug\start_v0.a(ADC_INT.o)
 .debug_line    0x00004698      0x260 .\CortexM0\ARM_GCC_493\Debug\start_v0.a(SPIM.o)
 .debug_line    0x000048f8       0xbb .\CortexM0\ARM_GCC_493\Debug\start_v0.a(RST.o)
 .debug_line    0x000049b3       0xba .\CortexM0\ARM_GCC_493\Debug\start_v0.a(DC.o)
 .debug_line    0x00004a6d       0xbe .\CortexM0\ARM_GCC_493\Debug\start_v0.a(LCD_BL.o)
 .debug_line    0x00004b2b       0x68 .\CortexM0\ARM_GCC_493\Debug\start_v0.a(CyBootAsmGnu.o)
 .debug_line    0x00004b93       0xb6 .\CortexM0\ARM_GCC_493\Debug\start_v0.a(UART_XB_SPI_UART_INT.o)

.debug_frame    0x00000000     0x4a2c
 *(.debug_frame)
 .debug_frame   0x00000000      0x220 .\CortexM0\ARM_GCC_493\Debug\RTC_WDT.o
 .debug_frame   0x00000220      0x19c .\CortexM0\ARM_GCC_493\Debug\display.o
 .debug_frame   0x000003bc      0x444 .\CortexM0\ARM_GCC_493\Debug\LCD5110_Graph.o
 .debug_frame   0x00000800       0xcc .\CortexM0\ARM_GCC_493\Debug\gate.o
 .debug_frame   0x000008cc       0x88 .\CortexM0\ARM_GCC_493\Debug\LED.o
 .debug_frame   0x00000954       0x90 .\CortexM0\ARM_GCC_493\Debug\crc32.o
 .debug_frame   0x000009e4       0xc0 .\CortexM0\ARM_GCC_493\Debug\svt.o
 .debug_frame   0x00000aa4       0x94 .\CortexM0\ARM_GCC_493\Debug\ntp.o
 .debug_frame   0x00000b38      0x1c4 .\CortexM0\ARM_GCC_493\Debug\network.o
 .debug_frame   0x00000cfc       0x84 .\CortexM0\ARM_GCC_493\Debug\myDelay.o
 .debug_frame   0x00000d80       0x4c .\CortexM0\ARM_GCC_493\Debug\batt.o
 .debug_frame   0x00000dcc       0xcc .\CortexM0\ARM_GCC_493\Debug\main.o
 .debug_frame   0x00000e98       0xc8 .\CortexM0\ARM_GCC_493\Debug\Cm0Start.o
 .debug_frame   0x00000f60      0x108 .\CortexM0\ARM_GCC_493\Debug\start_v0.a(cyfitter_cfg.o)
 .debug_frame   0x00001068      0x608 .\CortexM0\ARM_GCC_493\Debug\start_v0.a(CyLib.o)
 .debug_frame   0x00001670      0x5f8 .\CortexM0\ARM_GCC_493\Debug\start_v0.a(CyLFClk.o)
 .debug_frame   0x00001c68      0x46c .\CortexM0\ARM_GCC_493\Debug\start_v0.a(RTC.o)
 .debug_frame   0x000020d4       0xc8 .\CortexM0\ARM_GCC_493\Debug\start_v0.a(GatePin.o)
 .debug_frame   0x0000219c      0x52c .\CortexM0\ARM_GCC_493\Debug\start_v0.a(Timer_LED.o)
 .debug_frame   0x000026c8      0x190 .\CortexM0\ARM_GCC_493\Debug\start_v0.a(Int_Timer_Led.o)
 .debug_frame   0x00002858       0xc8 .\CortexM0\ARM_GCC_493\Debug\start_v0.a(LED_PIN.o)
 .debug_frame   0x00002920      0x134 .\CortexM0\ARM_GCC_493\Debug\start_v0.a(UART_XB.o)
 .debug_frame   0x00002a54      0x128 .\CortexM0\ARM_GCC_493\Debug\start_v0.a(UART_XB_SPI_UART.o)
 .debug_frame   0x00002b7c      0x1bc .\CortexM0\ARM_GCC_493\Debug\start_v0.a(UART_XB_UART.o)
 .debug_frame   0x00002d38      0x190 .\CortexM0\ARM_GCC_493\Debug\start_v0.a(GATE_INT.o)
 .debug_frame   0x00002ec8      0x52c .\CortexM0\ARM_GCC_493\Debug\start_v0.a(AppDelay.o)
 .debug_frame   0x000033f4       0xc8 .\CortexM0\ARM_GCC_493\Debug\start_v0.a(debug.o)