Archive member included because of file (symbol)

.\CortexM0\ARM_GCC_493\Debug\fin_v0.a(cyfitter_cfg.o)
                              .\CortexM0\ARM_GCC_493\Debug\Cm0Start.o (cyfitter_cfg)
.\CortexM0\ARM_GCC_493\Debug\fin_v0.a(CyBootAsmGnu.o)
                              .\CortexM0\ARM_GCC_493\Debug\fin_v0.a(cyfitter_cfg.o) (CyDelayCycles)
.\CortexM0\ARM_GCC_493\Debug\fin_v0.a(CyLib.o)
                              .\CortexM0\ARM_GCC_493\Debug\fin_v0.a(cyfitter_cfg.o) (CySysClkWriteImoFreq)
.\CortexM0\ARM_GCC_493\Debug\fin_v0.a(CyLFClk.o)
                              .\CortexM0\ARM_GCC_493\Debug\fin_v0.a(cyfitter_cfg.o) (CySysClkWcoStart)
.\CortexM0\ARM_GCC_493\Debug\fin_v0.a(RTC.o)
                              .\CortexM0\ARM_GCC_493\Debug\RTC_WDT.o (RTC_Start)
.\CortexM0\ARM_GCC_493\Debug\fin_v0.a(I2C.o)
                              .\CortexM0\ARM_GCC_493\Debug\DS1307.o (I2C_Start)
.\CortexM0\ARM_GCC_493\Debug\fin_v0.a(I2C_I2C.o)
                              .\CortexM0\ARM_GCC_493\Debug\fin_v0.a(I2C.o) (I2C_I2CInit)
.\CortexM0\ARM_GCC_493\Debug\fin_v0.a(I2C_I2C_MASTER.o)
                              .\CortexM0\ARM_GCC_493\Debug\fin_v0.a(I2C_I2C.o) (I2C_mstrStatus)
.\CortexM0\ARM_GCC_493\Debug\fin_v0.a(LCD.o)
                              .\CortexM0\ARM_GCC_493\Debug\display.o (LCD_Start)
.\CortexM0\ARM_GCC_493\Debug\fin_v0.a(LCD_CustChars.o)
                              .\CortexM0\ARM_GCC_493\Debug\fin_v0.a(LCD.o) (LCD_customFonts)
.\CortexM0\ARM_GCC_493\Debug\fin_v0.a(GatePin.o)
                              .\CortexM0\ARM_GCC_493\Debug\gate.o (GatePin_ClearInterrupt)
.\CortexM0\ARM_GCC_493\Debug\fin_v0.a(Timer_LED.o)
                              .\CortexM0\ARM_GCC_493\Debug\LED.o (Timer_LED_Init)
.\CortexM0\ARM_GCC_493\Debug\fin_v0.a(Int_Timer_Led.o)
                              .\CortexM0\ARM_GCC_493\Debug\LED.o (Int_Timer_Led_StartEx)
.\CortexM0\ARM_GCC_493\Debug\fin_v0.a(LED_PIN.o)
                              .\CortexM0\ARM_GCC_493\Debug\LED.o (LED_PIN_Write)
.\CortexM0\ARM_GCC_493\Debug\fin_v0.a(UART_XB.o)
                              .\CortexM0\ARM_GCC_493\Debug\network.o (UART_XB_Start)
.\CortexM0\ARM_GCC_493\Debug\fin_v0.a(UART_XB_SPI_UART.o)
                              .\CortexM0\ARM_GCC_493\Debug\network.o (UART_XB_SpiUartGetRxBufferSize)
.\CortexM0\ARM_GCC_493\Debug\fin_v0.a(UART_XB_UART.o)
                              .\CortexM0\ARM_GCC_493\Debug\fin_v0.a(UART_XB.o) (UART_XB_UartInit)
.\CortexM0\ARM_GCC_493\Debug\fin_v0.a(SwSPI_Master.o)
                              .\CortexM0\ARM_GCC_493\Debug\sdcard.o (SwSPI_Master_SendBuff)
.\CortexM0\ARM_GCC_493\Debug\fin_v0.a(GATE_INT.o)
                              .\CortexM0\ARM_GCC_493\Debug\gate.o (GATE_INT_Disable)
.\CortexM0\ARM_GCC_493\Debug\fin_v0.a(AppDelay.o)
                              .\CortexM0\ARM_GCC_493\Debug\myDelay.o (AppDelay_WriteCounter)
.\CortexM0\ARM_GCC_493\Debug\fin_v0.a(SW_UART_DEBUG.o)
                              .\CortexM0\ARM_GCC_493\Debug\network.o (SW_UART_DEBUG_Start)
.\CortexM0\ARM_GCC_493\Debug\fin_v0.a(SDinsert.o)
                              .\CortexM0\ARM_GCC_493\Debug\myDelay.o (SDinsert_Read)
.\CortexM0\ARM_GCC_493\Debug\fin_v0.a(cyutils.o)
                              .\CortexM0\ARM_GCC_493\Debug\fin_v0.a(AppDelay.o) (CySetReg24)
.\CortexM0\ARM_GCC_493\Debug\fin_v0.a(I2C_I2C_INT.o)
                              .\CortexM0\ARM_GCC_493\Debug\fin_v0.a(I2C_I2C.o) (I2C_I2C_ISR)
.\CortexM0\ARM_GCC_493\Debug\fin_v0.a(UART_XB_SPI_UART_INT.o)
                              .\CortexM0\ARM_GCC_493\Debug\fin_v0.a(UART_XB_UART.o) (UART_XB_SPI_UART_ISR)
.\CortexM0\ARM_GCC_493\Debug\fin_v0.a(SW_UART_DEBUG_AsmGnu.o)
                              .\CortexM0\ARM_GCC_493\Debug\fin_v0.a(SW_UART_DEBUG.o) (SW_UART_DEBUG_PutChar)
c:/program files (x86)/cypress/psoc creator/3.3/psoc creator/import/gnu/arm/4.9.3/bin/../lib/gcc/arm-none-eabi/4.9.3/armv6-m\libgcc.a(_udivsi3.o)
                              .\CortexM0\ARM_GCC_493\Debug\DS1307.o (__aeabi_uidiv)
c:/program files (x86)/cypress/psoc creator/3.3/psoc creator/import/gnu/arm/4.9.3/bin/../lib/gcc/arm-none-eabi/4.9.3/armv6-m\libgcc.a(_divsi3.o)
                              .\CortexM0\ARM_GCC_493\Debug\fin_v0.a(CyLFClk.o) (__aeabi_idiv)
c:/program files (x86)/cypress/psoc creator/3.3/psoc creator/import/gnu/arm/4.9.3/bin/../lib/gcc/arm-none-eabi/4.9.3/armv6-m\libgcc.a(_dvmd_tls.o)
                              c:/program files (x86)/cypress/psoc creator/3.3/psoc creator/import/gnu/arm/4.9.3/bin/../lib/gcc/arm-none-eabi/4.9.3/armv6-m\libgcc.a(_udivsi3.o) (__aeabi_idiv0)
c:/program files (x86)/cypress/psoc creator/3.3/psoc creator/import/gnu/arm/4.9.3/bin/../lib/gcc/arm-none-eabi/4.9.3/armv6-m\libgcc.a(_aeabi_uldivmod.o)
                              .\CortexM0\ARM_GCC_493\Debug\RTC_WDT.o (__aeabi_uldivmod)
[...]
Memory Configuration

Name             Origin             Length             Attributes
rom              0x00000000         0x00020000         xr
ram              0x20000000         0x00004000         xrw
*default*        0x00000000         0xffffffff

Linker script and memory map

LOAD c:/program files (x86)/cypress/psoc creator/3.3/psoc creator/import/gnu/arm/4.9.3/bin/../lib/gcc/arm-none-eabi/4.9.3/armv6-m/crti.o
LOAD c:/program files (x86)/cypress/psoc creator/3.3/psoc creator/import/gnu/arm/4.9.3/bin/../lib/gcc/arm-none-eabi/4.9.3/armv6-m/crtbegin.o
LOAD c:/program files (x86)/cypress/psoc creator/3.3/psoc creator/import/gnu/arm/4.9.3/bin/../lib/gcc/arm-none-eabi/4.9.3/../../../../arm-none-eabi/lib/armv6-m/crt0.o
START GROUP
LOAD .\CortexM0\ARM_GCC_493\Debug\RTC_WDT.o
LOAD .\CortexM0\ARM_GCC_493\Debug\DS1307.o
LOAD .\CortexM0\ARM_GCC_493\Debug\display.o
LOAD .\CortexM0\ARM_GCC_493\Debug\ff.o
LOAD .\CortexM0\ARM_GCC_493\Debug\rtc_fat.o
LOAD .\CortexM0\ARM_GCC_493\Debug\sdcard.o
LOAD .\CortexM0\ARM_GCC_493\Debug\gate.o
LOAD .\CortexM0\ARM_GCC_493\Debug\database.o
LOAD .\CortexM0\ARM_GCC_493\Debug\logResult.o
LOAD .\CortexM0\ARM_GCC_493\Debug\LED.o
LOAD .\CortexM0\ARM_GCC_493\Debug\crc32.o
LOAD .\CortexM0\ARM_GCC_493\Debug\network.o
LOAD .\CortexM0\ARM_GCC_493\Debug\svt.o
LOAD .\CortexM0\ARM_GCC_493\Debug\ntp.o
LOAD .\CortexM0\ARM_GCC_493\Debug\myDelay.o
LOAD .\CortexM0\ARM_GCC_493\Debug\main.o
LOAD .\CortexM0\ARM_GCC_493\Debug\debug.o
LOAD .\CortexM0\ARM_GCC_493\Debug\cymetadata.o
LOAD .\CortexM0\ARM_GCC_493\Debug\Cm0Start.o
LOAD .\CortexM0\ARM_GCC_493\Debug\fin_v0.a
LOAD C:\Program Files (x86)\Cypress\PSoC Creator\3.3\PSoC Creator\psoc\content\cycomponentlibrary\CyComponentLibrary.cylib\CortexM0\ARM_GCC_493\Debug\CyComponentLibrary.a
END GROUP
START GROUP
LOAD c:/program files (x86)/cypress/psoc creator/3.3/psoc creator/import/gnu/arm/4.9.3/bin/../lib/gcc/arm-none-eabi/4.9.3/armv6-m\libgcc.a
LOAD c:/program files (x86)/cypress/psoc creator/3.3/psoc creator/import/gnu/arm/4.9.3/bin/../lib/gcc/arm-none-eabi/4.9.3/../../../../arm-none-eabi/lib/armv6-m\libg_nano.a
LOAD c:/program files (x86)/cypress/psoc creator/3.3/psoc creator/import/gnu/arm/4.9.3/bin/../lib/gcc/arm-none-eabi/4.9.3/../../../../arm-none-eabi/lib/armv6-m\libc_nano.a
END GROUP
START GROUP
LOAD c:/program files (x86)/cypress/psoc creator/3.3/psoc creator/import/gnu/arm/4.9.3/bin/../lib/gcc/arm-none-eabi/4.9.3/armv6-m\libgcc.a
LOAD c:/program files (x86)/cypress/psoc creator/3.3/psoc creator/import/gnu/arm/4.9.3/bin/../lib/gcc/arm-none-eabi/4.9.3/../../../../arm-none-eabi/lib/armv6-m\libc_nano.a
END GROUP
LOAD c:/program files (x86)/cypress/psoc creator/3.3/psoc creator/import/gnu/arm/4.9.3/bin/../lib/gcc/arm-none-eabi/4.9.3/armv6-m/crtend.o
LOAD c:/program files (x86)/cypress/psoc creator/3.3/psoc creator/import/gnu/arm/4.9.3/bin/../lib/gcc/arm-none-eabi/4.9.3/armv6-m/crtn.o
START GROUP
LOAD c:/program files (x86)/cypress/psoc creator/3.3/psoc creator/import/gnu/arm/4.9.3/bin/../lib/gcc/arm-none-eabi/4.9.3/armv6-m\libgcc.a
LOAD c:/program files (x86)/cypress/psoc creator/3.3/psoc creator/import/gnu/arm/4.9.3/bin/../lib/gcc/arm-none-eabi/4.9.3/../../../../arm-none-eabi/lib/armv6-m\libc.a
LOAD c:/program files (x86)/cypress/psoc creator/3.3/psoc creator/import/gnu/arm/4.9.3/bin/../lib/gcc/arm-none-eabi/4.9.3/../../../../arm-none-eabi/lib/armv6-m\libnosys.a
END GROUP
                0x00000000                CY_APPL_ORIGIN = 0x0
                0x00000080                CY_FLASH_ROW_SIZE = 0x80
                0x00000001                CY_APPL_NUM = 0x1
                0x00000001                CY_APPL_MAX = 0x1
                0x00000040                CY_METADATA_SIZE = 0x40
                0x00000000                CY_APPL_LOADABLE = 0x0
                0x00000000                CY_CHECKSUM_EXCLUDE_SIZE = ALIGN (0x0, CY_FLASH_ROW_SIZE)
                0x00000000                CY_APP_FOR_STACK_AND_COPIER = 0x0
                0x20002d78                PROVIDE (__cy_heap_start, _end)
                0x00000001                PROVIDE (__cy_region_num, ((__cy_regions_end - __cy_regions) / 0x10))
                0x20004000                PROVIDE (__cy_stack, (ORIGIN (ram) + 0x4000))
                0x20003800                PROVIDE (__cy_heap_end, (__cy_stack - 0x800))

.cybootloader   0x00000000        0x0
 *(.cybootloader)
                0x00000000                appl1_start = CY_APPL_ORIGIN?CY_APPL_ORIGIN:ALIGN (CY_FLASH_ROW_SIZE)
                0x0000ff80                appl2_start = (appl1_start + ALIGN ((((0x20000 - appl1_start) - (0x2 * CY_FLASH_ROW_SIZE)) / 0x2), CY_FLASH_ROW_SIZE))
                0x00000000                appl_start = (CY_APPL_NUM == 0x1)?appl1_start:appl2_start
                0x00000001                cy_project_type_bootloader = (appl_start == 0x0)?0x1:0x0
                0x00000000                cy_project_type_app_for_stack_and_copier = (CY_APP_FOR_STACK_AND_COPIER == 0x1)?0x1:0x0

.text           0x00000000     0xb5da
 CREATE_OBJECT_SYMBOLS
                0x00000000                PROVIDE (__cy_interrupt_vector, RomVectors)
 *(.romvectors)
 .romvectors    0x00000000       0x10 .\CortexM0\ARM_GCC_493\Debug\Cm0Start.o
                0x00000000                RomVectors
                0x00000001                ASSERT ((. != __cy_interrupt_vector), No interrupt vector)
                0x00000001                ASSERT (CY_APPL_ORIGIN?(SIZEOF (.cybootloader) <= CY_APPL_ORIGIN):0x1, Wrong image location)
                0x00000010                PROVIDE (__cy_reset, Reset)
 *(.text.Reset)
 .text.Reset    0x00000010        0x8 .\CortexM0\ARM_GCC_493\Debug\Cm0Start.o
                0x00000010                Reset
                0x00000001                ASSERT ((. != __cy_reset), No reset code)
 *(.psocinit)
 .psocinit      0x00000018      0x2e0 .\CortexM0\ARM_GCC_493\Debug\fin_v0.a(cyfitter_cfg.o)
                0x00000168                cyfitter_cfg
                0x000002f8                . = MAX (., 0x100)
 *(.text .text.* .gnu.linkonce.t.*)
 .text          0x000002f8       0x60 c:/program files (x86)/cypress/psoc creator/3.3/psoc creator/import/gnu/arm/4.9.3/bin/../lib/gcc/arm-none-eabi/4.9.3/armv6-m/crtbegin.o
 .text.CallBackCounter
                0x00000358       0x3c .\CortexM0\ARM_GCC_493\Debug\RTC_WDT.o
                0x00000358                CallBackCounter
 .text.RTC_WDT_Init
                0x00000394       0x24 .\CortexM0\ARM_GCC_493\Debug\RTC_WDT.o
                0x00000394                RTC_WDT_Init
 .text.RTCGetUnixTime
                0x000003b8       0x14 .\CortexM0\ARM_GCC_493\Debug\RTC_WDT.o
                0x000003b8                RTCGetUnixTime
 .text.RTCgetRecentMs
                0x000003cc       0x14 .\CortexM0\ARM_GCC_493\Debug\RTC_WDT.o
                0x000003cc                RTCgetRecentMs
 .text.DS1307_ReadTimeToStruct
                0x000003e0      0x1fc .\CortexM0\ARM_GCC_493\Debug\DS1307.o
 .text.DS1307_WriteTimeFromStruct
                0x000005dc      0x1f4 .\CortexM0\ARM_GCC_493\Debug\DS1307.o
 .text.DS1307_ConstructTime
                0x000007d0       0xa0 .\CortexM0\ARM_GCC_493\Debug\DS1307.o
 .text.DS1307_ConstructDate
                0x00000870       0xe4 .\CortexM0\ARM_GCC_493\Debug\DS1307.o
 .text.DS1307_DateTimeToUnix
                0x00000954      0x2a8 .\CortexM0\ARM_GCC_493\Debug\DS1307.o
 .text.DS1307_GetUnixTime
                0x00000bfc       0x8c .\CortexM0\ARM_GCC_493\Debug\DS1307.o
                0x00000bfc                DS1307_GetUnixTime
 .text.DS1307_SetUnixTime
                0x00000c88      0x60c .\CortexM0\ARM_GCC_493\Debug\DS1307.o
                0x00000c88                DS1307_SetUnixTime
 .text.RTC_GetSecond
                0x00001294       0x30 .\CortexM0\ARM_GCC_493\Debug\display.o
 .text.RTC_GetMinutes
                0x000012c4       0x38 .\CortexM0\ARM_GCC_493\Debug\display.o
 .text.RTC_GetHours
                0x000012fc       0x38 .\CortexM0\ARM_GCC_493\Debug\display.o
 .text.DisplayStart
                0x00001334        0xc .\CortexM0\ARM_GCC_493\Debug\display.o
                0x00001334                DisplayStart
 .text.Display  0x00001340       0x2c .\CortexM0\ARM_GCC_493\Debug\display.o
                0x00001340                Display
 .text.DisplayIndicatorSD
                0x0000136c       0x30 .\CortexM0\ARM_GCC_493\Debug\display.o
                0x0000136c                DisplayIndicatorSD
 .text.DisplayIndicatorNetwork
                0x0000139c       0x30 .\CortexM0\ARM_GCC_493\Debug\display.o
                0x0000139c                DisplayIndicatorNetwork
 .text.DisplayRealTime
                0x000013cc       0x5c .\CortexM0\ARM_GCC_493\Debug\display.o
                0x000013cc                DisplayRealTime
 .text.DisplayLastSkierTime
                0x00001428       0x60 .\CortexM0\ARM_GCC_493\Debug\display.o
                0x00001428                DisplayLastSkierTime
 .text.DisplayNumSkierOnWay
                0x00001488       0x38 .\CortexM0\ARM_GCC_493\Debug\display.o
                0x00001488                DisplayNumSkierOnWay
 .text.DisplayLoading
                0x000014c0       0x4c .\CortexM0\ARM_GCC_493\Debug\display.o
                0x000014c0                DisplayLoading
 .text.ld_word  0x0000150c       0x3c .\CortexM0\ARM_GCC_493\Debug\ff.o
 .text.ld_dword
                0x00001548       0x44 .\CortexM0\ARM_GCC_493\Debug\ff.o
 .text.st_word  0x0000158c       0x3c .\CortexM0\ARM_GCC_493\Debug\ff.o
 .text.st_dword
                0x000015c8       0x54 .\CortexM0\ARM_GCC_493\Debug\ff.o
 .text.mem_cpy  0x0000161c       0x3c .\CortexM0\ARM_GCC_493\Debug\ff.o
 .text.mem_set  0x00001658       0x30 .\CortexM0\ARM_GCC_493\Debug\ff.o
 .text.mem_cmp  0x00001688       0x4c .\CortexM0\ARM_GCC_493\Debug\ff.o
 .text.chk_chr  0x000016d4       0x34 .\CortexM0\ARM_GCC_493\Debug\ff.o
 .text.sync_window
                0x00001708       0xa0 .\CortexM0\ARM_GCC_493\Debug\ff.o
 .text.move_window
                0x000017a8       0x74 .\CortexM0\ARM_GCC_493\Debug\ff.o
 .text.sync_fs  0x0000181c      0x104 .\CortexM0\ARM_GCC_493\Debug\ff.o
 .text.clust2sect
                0x00001920       0x38 .\CortexM0\ARM_GCC_493\Debug\ff.o
 .text.get_fat  0x00001958      0x148 .\CortexM0\ARM_GCC_493\Debug\ff.o
 .text.put_fat  0x00001aa0      0x1fc .\CortexM0\ARM_GCC_493\Debug\ff.o
 .text.remove_chain
                0x00001c9c       0xec .\CortexM0\ARM_GCC_493\Debug\ff.o
 .text.create_chain
                0x00001d88      0x15c .\CortexM0\ARM_GCC_493\Debug\ff.o
 .text.dir_sdi  0x00001ee4       0xfc .\CortexM0\ARM_GCC_493\Debug\ff.o
 .text.dir_next
                0x00001fe0      0x198 .\CortexM0\ARM_GCC_493\Debug\ff.o
 .text.dir_alloc
                0x00002178       0xb8 .\CortexM0\ARM_GCC_493\Debug\ff.o
 .text.ld_clust
                0x00002230       0x40 .\CortexM0\ARM_GCC_493\Debug\ff.o
 .text.st_clust
                0x00002270       0x40 .\CortexM0\ARM_GCC_493\Debug\ff.o
 .text.dir_find
                0x000022b0       0xd8 .\CortexM0\ARM_GCC_493\Debug\ff.o
 .text.dir_register
                0x00002388       0x80 .\CortexM0\ARM_GCC_493\Debug\ff.o
 .text.create_name
                0x00002408      0x16c .\CortexM0\ARM_GCC_493\Debug\ff.o
 .text.follow_path
                0x00002574      0x110 .\CortexM0\ARM_GCC_493\Debug\ff.o
 .text.get_ldnumber
                0x00002684       0x84 .\CortexM0\ARM_GCC_493\Debug\ff.o
 .text.check_fs
                0x00002708       0xb0 .\CortexM0\ARM_GCC_493\Debug\ff.o
 .text.find_volume
                0x000027b8      0x4d8 .\CortexM0\ARM_GCC_493\Debug\ff.o
 .text.validate
                0x00002c90       0x78 .\CortexM0\ARM_GCC_493\Debug\ff.o
 .text.f_mount  0x00002d08       0x94 .\CortexM0\ARM_GCC_493\Debug\ff.o
                0x00002d08                f_mount
 .text.f_open   0x00002d9c      0x3c0 .\CortexM0\ARM_GCC_493\Debug\ff.o
                0x00002d9c                f_open
 .text.f_write  0x0000315c      0x2ec .\CortexM0\ARM_GCC_493\Debug\ff.o
                0x0000315c                f_write
 .text.f_sync   0x00003448      0x120 .\CortexM0\ARM_GCC_493\Debug\ff.o
                0x00003448                f_sync
 .text.f_close  0x00003568       0x58 .\CortexM0\ARM_GCC_493\Debug\ff.o
                0x00003568                f_close
 .text.putc_bfd
                0x000035c0       0x80 .\CortexM0\ARM_GCC_493\Debug\ff.o
 .text.putc_flush
                0x00003640       0x50 .\CortexM0\ARM_GCC_493\Debug\ff.o
 .text.putc_init
                0x00003690       0x24 .\CortexM0\ARM_GCC_493\Debug\ff.o
 .text.f_printf
                0x000036b4      0x4ac .\CortexM0\ARM_GCC_493\Debug\ff.o
                0x000036b4                f_printf
 .text.xmit_mmc
                0x00003b60       0x24 .\CortexM0\ARM_GCC_493\Debug\sdcard.o
 .text.rcvr_mmc
                0x00003b84       0x2c .\CortexM0\ARM_GCC_493\Debug\sdcard.o
 .text.wait_ready
                0x00003bb0       0x48 .\CortexM0\ARM_GCC_493\Debug\sdcard.o
 .text.deselect
                0x00003bf8       0x1c .\CortexM0\ARM_GCC_493\Debug\sdcard.o
 .text.select   0x00003c14       0x30 .\CortexM0\ARM_GCC_493\Debug\sdcard.o
 .text.rcvr_datablock
                0x00003c44       0x6c .\CortexM0\ARM_GCC_493\Debug\sdcard.o
 .text.xmit_datablock
                0x00003cb0       0x88 .\CortexM0\ARM_GCC_493\Debug\sdcard.o
 .text.send_cmd
                0x00003d38      0x140 .\CortexM0\ARM_GCC_493\Debug\sdcard.o
 .text.disk_status
                0x00003e78       0x28 .\CortexM0\ARM_GCC_493\Debug\sdcard.o
                0x00003e78                disk_status
 .text.disk_initialize
                0x00003ea0      0x1cc .\CortexM0\ARM_GCC_493\Debug\sdcard.o
                0x00003ea0                disk_initialize
 .text.disk_read
                0x0000406c       0xbc .\CortexM0\ARM_GCC_493\Debug\sdcard.o
                0x0000406c                disk_read
 .text.disk_write
                0x00004128       0xdc .\CortexM0\ARM_GCC_493\Debug\sdcard.o
                0x00004128                disk_write
 .text.disk_ioctl
                0x00004204      0x160 .\CortexM0\ARM_GCC_493\Debug\sdcard.o
                0x00004204                disk_ioctl
 .text.GATE_INTERRUPT
                0x00004364       0x3c .\CortexM0\ARM_GCC_493\Debug\gate.o
                0x00004364                GATE_INTERRUPT
 .text.GateInit
                0x000043a0       0x28 .\CortexM0\ARM_GCC_493\Debug\gate.o
                0x000043a0                GateInit
 .text.GateIsOpen
                0x000043c8       0x20 .\CortexM0\ARM_GCC_493\Debug\gate.o
                0x000043c8                GateIsOpen
 .text.AllowNextSkier
                0x000043e8       0x10 .\CortexM0\ARM_GCC_493\Debug\gate.o
                0x000043e8                AllowNextSkier
 .text.GetFinTime
                0x000043f8       0x2c .\CortexM0\ARM_GCC_493\Debug\gate.o
                0x000043f8                GetFinTime
 .text.DataBaseStart
                0x00004424       0x28 .\CortexM0\ARM_GCC_493\Debug\database.o
                0x00004424                DataBaseStart
 .text.InitBuff
                0x0000444c       0x5c .\CortexM0\ARM_GCC_493\Debug\database.o
                0x0000444c                InitBuff
 .text.putSkiOnWay
                0x000044a8       0x48 .\CortexM0\ARM_GCC_493\Debug\database.o
                0x000044a8                putSkiOnWay
 .text.getSkiFromWay
                0x000044f0       0x44 .\CortexM0\ARM_GCC_493\Debug\database.o
                0x000044f0                getSkiFromWay
 .text.WriteStartTime
                0x00004534       0x24 .\CortexM0\ARM_GCC_493\Debug\database.o
                0x00004534                WriteStartTime
 .text.WriteFinishTime
                0x00004558       0xa8 .\CortexM0\ARM_GCC_493\Debug\database.o
                0x00004558                WriteFinishTime
 .text.SkierOnWay
                0x00004600       0x14 .\CortexM0\ARM_GCC_493\Debug\database.o
                0x00004600                SkierOnWay
 .text.TimeOnWay
                0x00004614      0x108 .\CortexM0\ARM_GCC_493\Debug\database.o
                0x00004614                TimeOnWay
 .text.LastSecTimeOnWay
                0x0000471c       0x4c .\CortexM0\ARM_GCC_493\Debug\database.o
                0x0000471c                LastSecTimeOnWay
 .text.LastMillsTimeOnWay
                0x00004768       0x48 .\CortexM0\ARM_GCC_493\Debug\database.o
                0x00004768                LastMillsTimeOnWay
 .text.FifoGetSize
                0x000047b0       0x14 .\CortexM0\ARM_GCC_493\Debug\database.o
                0x000047b0                FifoGetSize
 .text.FifoPush
                0x000047c4       0x7c .\CortexM0\ARM_GCC_493\Debug\database.o
                0x000047c4                FifoPush
 .text.FifoGet  0x00004840       0x68 .\CortexM0\ARM_GCC_493\Debug\database.o
                0x00004840                FifoGet
 .text.FifoPushLast
                0x000048a8       0x34 .\CortexM0\ARM_GCC_493\Debug\database.o
                0x000048a8                FifoPushLast
 .text.FifoGetLast
                0x000048dc       0x28 .\CortexM0\ARM_GCC_493\Debug\database.o
                0x000048dc                FifoGetLast
 .text.FifoPushLastFinished
                0x00004904       0x8c .\CortexM0\ARM_GCC_493\Debug\database.o
                0x00004904                FifoPushLastFinished
 .text.RTC_GetSecond
                0x00004990       0x30 .\CortexM0\ARM_GCC_493\Debug\logResult.o
 .text.RTC_GetMinutes
                0x000049c0       0x38 .\CortexM0\ARM_GCC_493\Debug\logResult.o
 .text.RTC_GetHours
                0x000049f8       0x38 .\CortexM0\ARM_GCC_493\Debug\logResult.o
 .text.RTC_GetDay
                0x00004a30       0x38 .\CortexM0\ARM_GCC_493\Debug\logResult.o
 .text.RTC_GetMonth
                0x00004a68       0x38 .\CortexM0\ARM_GCC_493\Debug\logResult.o
 .text.RTC_GetYear
                0x00004aa0       0x5c .\CortexM0\ARM_GCC_493\Debug\logResult.o
 .text.LogStart
                0x00004afc       0x30 .\CortexM0\ARM_GCC_493\Debug\logResult.o
                0x00004afc                LogStart
 .text.WriteSkierResult
                0x00004b2c      0x294 .\CortexM0\ARM_GCC_493\Debug\logResult.o
                0x00004b2c                WriteSkierResult
 .text.LedInit  0x00004dc0       0x2c .\CortexM0\ARM_GCC_493\Debug\LED.o
                0x00004dc0                LedInit
 .text.LedHandler
                0x00004dec       0x20 .\CortexM0\ARM_GCC_493\Debug\LED.o
                0x00004dec                LedHandler
 .text.LedBlink
                0x00004e0c       0x34 .\CortexM0\ARM_GCC_493\Debug\LED.o
                0x00004e0c                LedBlink
 .text.SetLedState
                0x00004e40       0x20 .\CortexM0\ARM_GCC_493\Debug\LED.o
                0x00004e40                SetLedState
 .text.crc32_update
                0x00004e60       0x50 .\CortexM0\ARM_GCC_493\Debug\crc32.o
                0x00004e60                crc32_update
 .text.crc32_calc_block
                0x00004eb0       0x44 .\CortexM0\ARM_GCC_493\Debug\crc32.o
                0x00004eb0                crc32_calc_block
 .text.crc32_init_tab
                0x00004ef4       0x6c .\CortexM0\ARM_GCC_493\Debug\crc32.o
 .text.InitNetwork
                0x00004f60       0x34 .\CortexM0\ARM_GCC_493\Debug\network.o
                0x00004f60                InitNetwork
 .text.SendData
                0x00004f94       0x9c .\CortexM0\ARM_GCC_493\Debug\network.o
                0x00004f94                SendData
 .text.ReceiveData
                0x00005030      0x170 .\CortexM0\ARM_GCC_493\Debug\network.o
                0x00005030                ReceiveData
 .text.SendFinStatus
                0x000051a0       0x1c .\CortexM0\ARM_GCC_493\Debug\network.o
                0x000051a0                SendFinStatus
 .text.NetworkStatus
                0x000051bc       0x14 .\CortexM0\ARM_GCC_493\Debug\network.o
                0x000051bc                NetworkStatus
 .text.IsRebootStartFlag
                0x000051d0       0x44 .\CortexM0\ARM_GCC_493\Debug\network.o
                0x000051d0                IsRebootStartFlag
 .text.ClearRebootFlag
                0x00005214       0x1c .\CortexM0\ARM_GCC_493\Debug\network.o
                0x00005214                ClearRebootFlag
 .text.SetRebootFlag
                0x00005230       0x14 .\CortexM0\ARM_GCC_493\Debug\network.o
                0x00005230                SetRebootFlag
 .text.NTPsync  0x00005244      0x2ac .\CortexM0\ARM_GCC_493\Debug\network.o
                0x00005244                NTPsync
 .text.SendRealTimeToStart
                0x000054f0       0xec .\CortexM0\ARM_GCC_493\Debug\network.o
                0x000054f0                SendRealTimeToStart
 .text.NTPsendTime
                0x000055dc       0x54 .\CortexM0\ARM_GCC_493\Debug\network.o
                0x000055dc                NTPsendTime
 .text.NTPreceiveTime
                0x00005630       0xa0 .\CortexM0\ARM_GCC_493\Debug\network.o
                0x00005630                NTPreceiveTime
 .text.NTPsetTimeToStart
                0x000056d0       0xc0 .\CortexM0\ARM_GCC_493\Debug\network.o
                0x000056d0                NTPsetTimeToStart
 .text.NTPcalculateTime
                0x00005790       0xf4 .\CortexM0\ARM_GCC_493\Debug\network.o
                0x00005790                NTPcalculateTime
 .text.UnpackData
                0x00005884      0x464 .\CortexM0\ARM_GCC_493\Debug\svt.o
                0x00005884                UnpackData
 .text.DecodeByte
                0x00005ce8       0x50 .\CortexM0\ARM_GCC_493\Debug\svt.o
                0x00005ce8                DecodeByte
 .text.CheckSymb
                0x00005d38       0x34 .\CortexM0\ARM_GCC_493\Debug\svt.o
                0x00005d38                CheckSymb
 .text.ResetPacket
                0x00005d6c       0x3c .\CortexM0\ARM_GCC_493\Debug\svt.o
                0x00005d6c                ResetPacket
 .text.PackData
                0x00005da8      0x158 .\CortexM0\ARM_GCC_493\Debug\svt.o
                0x00005da8                PackData
 .text.NtpUnpackData
                0x00005f00      0x334 .\CortexM0\ARM_GCC_493\Debug\ntp.o
                0x00005f00                NtpUnpackData
 .text.NtpDecodeByte
                0x00006234       0x50 .\CortexM0\ARM_GCC_493\Debug\ntp.o
                0x00006234                NtpDecodeByte
 .text.NtpCheckSymb
                0x00006284       0x34 .\CortexM0\ARM_GCC_493\Debug\ntp.o
                0x00006284                NtpCheckSymb
 .text.NtpResetPacket
                0x000062b8       0x38 .\CortexM0\ARM_GCC_493\Debug\ntp.o
                0x000062b8                NtpResetPacket
 .text.MyDelay  0x000062f0       0xb4 .\CortexM0\ARM_GCC_493\Debug\myDelay.o
                0x000062f0                MyDelay
 .text.UserFunc_1
                0x000063a4       0x10 .\CortexM0\ARM_GCC_493\Debug\myDelay.o
 .text.UserFunc_2
                0x000063b4       0x9c .\CortexM0\ARM_GCC_493\Debug\myDelay.o
 .text.UserFunc_3
                0x00006450       0x38 .\CortexM0\ARM_GCC_493\Debug\myDelay.o
 .text.UserFunc_4
                0x00006488       0x18 .\CortexM0\ARM_GCC_493\Debug\myDelay.o
 .text.main     0x000064a0       0xb8 .\CortexM0\ARM_GCC_493\Debug\main.o
                0x000064a0                main
 .text.SystemInit
                0x00006558       0xac .\CortexM0\ARM_GCC_493\Debug\main.o
                0x00006558                SystemInit
 .text.TimeSynchronize
                0x00006604       0x88 .\CortexM0\ARM_GCC_493\Debug\main.o
                0x00006604                TimeSynchronize
 .text.CheckReady
                0x0000668c       0xdc .\CortexM0\ARM_GCC_493\Debug\main.o
                0x0000668c                CheckReady
 .text.CheckGate
                0x00006768       0x40 .\CortexM0\ARM_GCC_493\Debug\main.o
                0x00006768                CheckGate
 .text.SaveResult
                0x000067a8       0x70 .\CortexM0\ARM_GCC_493\Debug\main.o
                0x000067a8                SaveResult
 .text.debug_Write
                0x00006818       0x4c .\CortexM0\ARM_GCC_493\Debug\debug.o
                0x00006818                debug_Write
 .text.IntDefaultHandler
                0x00006864        0x8 .\CortexM0\ARM_GCC_493\Debug\Cm0Start.o
                0x00006864                IntDefaultHandler
 .text._sbrk    0x0000686c       0x50 .\CortexM0\ARM_GCC_493\Debug\Cm0Start.o
                0x0000686c                _sbrk
 .text.Start_c  0x000068bc       0x98 .\CortexM0\ARM_GCC_493\Debug\Cm0Start.o
                0x000068bc                Start_c
 .text.initialize_psoc
                0x00006954       0x70 .\CortexM0\ARM_GCC_493\Debug\Cm0Start.o
                0x00006954                initialize_psoc
 .text.CYMEMZERO
                0x000069c4       0x20 .\CortexM0\ARM_GCC_493\Debug\fin_v0.a(cyfitter_cfg.o)
 .text.cfg_write_bytes32
                0x000069e4       0x80 .\CortexM0\ARM_GCC_493\Debug\fin_v0.a(cyfitter_cfg.o)
 .text.AnalogSetDefault
                0x00006a64       0x28 .\CortexM0\ARM_GCC_493\Debug\fin_v0.a(cyfitter_cfg.o)
 *fill*         0x00006a8c        0x4 
 .text          0x00006a90       0x20 .\CortexM0\ARM_GCC_493\Debug\fin_v0.a(CyBootAsmGnu.o)
                0x00006a90                CyDelayCycles
                0x00006aa2                CyEnterCriticalSection
                0x00006aaa                CyExitCriticalSection
 .text.CySysClkWriteImoFreq
                0x00006ab0       0x98 .\CortexM0\ARM_GCC_493\Debug\fin_v0.a(CyLib.o)
                0x00006ab0                CySysClkWriteImoFreq
 .text.CySysClkEcoStart
                0x00006b48       0x74 .\CortexM0\ARM_GCC_493\Debug\fin_v0.a(CyLib.o)
                0x00006b48                CySysClkEcoStart
 .text.CySysClkEcoReadStatus
                0x00006bbc       0x20 .\CortexM0\ARM_GCC_493\Debug\fin_v0.a(CyLib.o)
                0x00006bbc                CySysClkEcoReadStatus
 .text.CyIntSetVector
                0x00006bdc       0x4c .\CortexM0\ARM_GCC_493\Debug\fin_v0.a(CyLib.o)
                0x00006bdc                CyIntSetVector
 .text.CyIntSetPriority
                0x00006c28       0xa8 .\CortexM0\ARM_GCC_493\Debug\fin_v0.a(CyLib.o)
                0x00006c28                CyIntSetPriority
 .text.CyIntEnable
                0x00006cd0       0x28 .\CortexM0\ARM_GCC_493\Debug\fin_v0.a(CyLib.o)
                0x00006cd0                CyIntEnable
 .text.CyIntDisable
                0x00006cf8       0x28 .\CortexM0\ARM_GCC_493\Debug\fin_v0.a(CyLib.o)
                0x00006cf8                CyIntDisable
 .text.CyIntClearPending
                0x00006d20       0x28 .\CortexM0\ARM_GCC_493\Debug\fin_v0.a(CyLib.o)
                0x00006d20                CyIntClearPending
 .text.CyHalt   0x00006d48       0x14 .\CortexM0\ARM_GCC_493\Debug\fin_v0.a(CyLib.o)
                0x00006d48                CyHalt
 .text.CyDelay  0x00006d5c       0x48 .\CortexM0\ARM_GCC_493\Debug\fin_v0.a(CyLib.o)
                0x00006d5c                CyDelay
 .text.CyDelayUs
                0x00006da4       0x28 .\CortexM0\ARM_GCC_493\Debug\fin_v0.a(CyLib.o)
                0x00006da4                CyDelayUs
 .text.CySysClkWcoSetHighPowerMode
                0x00006dcc       0x48 .\CortexM0\ARM_GCC_493\Debug\fin_v0.a(CyLFClk.o)
 .text.CySysClkWcoSetLowPowerMode
                0x00006e14       0x48 .\CortexM0\ARM_GCC_493\Debug\fin_v0.a(CyLFClk.o)
 .text.CySysClkWcoStart
                0x00006e5c       0x20 .\CortexM0\ARM_GCC_493\Debug\fin_v0.a(CyLFClk.o)
                0x00006e5c                CySysClkWcoStart
 .text.CySysClkWcoSetPowerMode
                0x00006e7c       0x40 .\CortexM0\ARM_GCC_493\Debug\fin_v0.a(CyLFClk.o)
                0x00006e7c                CySysClkWcoSetPowerMode
 .text.CySysWdtLock
                0x00006ebc       0x34 .\CortexM0\ARM_GCC_493\Debug\fin_v0.a(CyLFClk.o)
                0x00006ebc                CySysWdtLock
 .text.CySysWdtLocked
                0x00006ef0       0x20 .\CortexM0\ARM_GCC_493\Debug\fin_v0.a(CyLFClk.o)
 .text.CySysWdtUnlock
                0x00006f10       0x4c .\CortexM0\ARM_GCC_493\Debug\fin_v0.a(CyLFClk.o)
                0x00006f10                CySysWdtUnlock
 .text.CySysWdtClearInterrupt
                0x00006f5c       0x70 .\CortexM0\ARM_GCC_493\Debug\fin_v0.a(CyLFClk.o)
                0x00006f5c                CySysWdtClearInterrupt
 .text.CySysWdtSetInterruptCallback
                0x00006fcc       0x40 .\CortexM0\ARM_GCC_493\Debug\fin_v0.a(CyLFClk.o)
                0x00006fcc                CySysWdtSetInterruptCallback
 .text.CySysWdtIsr
                0x0000700c       0xe8 .\CortexM0\ARM_GCC_493\Debug\fin_v0.a(CyLFClk.o)
                0x0000700c                CySysWdtIsr
 .text.RTC_IsBitSet
                0x000070f4       0x24 .\CortexM0\ARM_GCC_493\Debug\fin_v0.a(RTC.o)
 .text.RTC_LeapYear
                0x00007118       0x44 .\CortexM0\ARM_GCC_493\Debug\fin_v0.a(RTC.o)
 .text.RTC_GetSecond
                0x0000715c       0x30 .\CortexM0\ARM_GCC_493\Debug\fin_v0.a(RTC.o)
 .text.RTC_GetMinutes
                0x0000718c       0x38 .\CortexM0\ARM_GCC_493\Debug\fin_v0.a(RTC.o)
 .text.RTC_GetHours
                0x000071c4       0x38 .\CortexM0\ARM_GCC_493\Debug\fin_v0.a(RTC.o)
 .text.RTC_GetAmPm
                0x000071fc       0x20 .\CortexM0\ARM_GCC_493\Debug\fin_v0.a(RTC.o)
 .text.RTC_GetDay
                0x0000721c       0x38 .\CortexM0\ARM_GCC_493\Debug\fin_v0.a(RTC.o)
 .text.RTC_GetMonth
                0x00007254       0x38 .\CortexM0\ARM_GCC_493\Debug\fin_v0.a(RTC.o)
 .text.RTC_GetYear
                0x0000728c       0x5c .\CortexM0\ARM_GCC_493\Debug\fin_v0.a(RTC.o)
 .text.RTC_GetTimeFormat
                0x000072e8       0x20 .\CortexM0\ARM_GCC_493\Debug\fin_v0.a(RTC.o)
 .text.RTC_ConstructTime
                0x00007308       0xa0 .\CortexM0\ARM_GCC_493\Debug\fin_v0.a(RTC.o)
 .text.RTC_ConstructDate
                0x000073a8       0xd8 .\CortexM0\ARM_GCC_493\Debug\fin_v0.a(RTC.o)
 .text.RTC_GetDayOfWeek
                0x00007480       0x88 .\CortexM0\ARM_GCC_493\Debug\fin_v0.a(RTC.o)
 .text.RTC_Start
                0x00007508       0x18 .\CortexM0\ARM_GCC_493\Debug\fin_v0.a(RTC.o)
                0x00007508                RTC_Start
 .text.RTC_Init
                0x00007520       0x70 .\CortexM0\ARM_GCC_493\Debug\fin_v0.a(RTC.o)
                0x00007520                RTC_Init
 .text.RTC_SetDateAndTime
                0x00007590       0x74 .\CortexM0\ARM_GCC_493\Debug\fin_v0.a(RTC.o)
                0x00007590                RTC_SetDateAndTime
 .text.RTC_SetUnixTime
                0x00007604       0x34 .\CortexM0\ARM_GCC_493\Debug\fin_v0.a(RTC.o)
                0x00007604                RTC_SetUnixTime
 .text.RTC_GetUnixTime
                0x00007638       0x18 .\CortexM0\ARM_GCC_493\Debug\fin_v0.a(RTC.o)
                0x00007638                RTC_GetUnixTime
 .text.RTC_GetTime
                0x00007650       0x44 .\CortexM0\ARM_GCC_493\Debug\fin_v0.a(RTC.o)
                0x00007650                RTC_GetTime
 .text.RTC_GetDate
                0x00007694       0x44 .\CortexM0\ARM_GCC_493\Debug\fin_v0.a(RTC.o)
                0x00007694                RTC_GetDate
 .text.RTC_Update
                0x000076d8       0x4c .\CortexM0\ARM_GCC_493\Debug\fin_v0.a(RTC.o)
                0x000076d8                RTC_Update
 .text.RTC_DateTimeToUnix
                0x00007724      0x190 .\CortexM0\ARM_GCC_493\Debug\fin_v0.a(RTC.o)
                0x00007724                RTC_DateTimeToUnix
 .text.RTC_UnixToDateTime
                0x000078b4      0x2ac .\CortexM0\ARM_GCC_493\Debug\fin_v0.a(RTC.o)
                0x000078b4                RTC_UnixToDateTime
 .text.RTC_DaysInMonth
                0x00007b60       0x3c .\CortexM0\ARM_GCC_493\Debug\fin_v0.a(RTC.o)
                0x00007b60                RTC_DaysInMonth
 .text.I2C_Init
                0x00007b9c        0xc .\CortexM0\ARM_GCC_493\Debug\fin_v0.a(I2C.o)
                0x00007b9c                I2C_Init
 .text.I2C_Enable
                0x00007ba8       0x24 .\CortexM0\ARM_GCC_493\Debug\fin_v0.a(I2C.o)
                0x00007ba8                I2C_Enable
 .text.I2C_Start
                0x00007bcc       0x24 .\CortexM0\ARM_GCC_493\Debug\fin_v0.a(I2C.o)
                0x00007bcc                I2C_Start
 .text.I2C_Stop
                0x00007bf0       0x34 .\CortexM0\ARM_GCC_493\Debug\fin_v0.a(I2C.o)
                0x00007bf0                I2C_Stop
 .text.I2C_ScbEnableIntr
                0x00007c24       0x10 .\CortexM0\ARM_GCC_493\Debug\fin_v0.a(I2C.o)
 .text.I2C_ScbModePostEnable
                0x00007c34        0x8 .\CortexM0\ARM_GCC_493\Debug\fin_v0.a(I2C.o)
 .text.I2C_ScbModeStop
                0x00007c3c        0xc .\CortexM0\ARM_GCC_493\Debug\fin_v0.a(I2C.o)
 .text.I2C_I2CInit
                0x00007c48       0xd8 .\CortexM0\ARM_GCC_493\Debug\fin_v0.a(I2C_I2C.o)
                0x00007c48                I2C_I2CInit
 .text.I2C_I2CStop
                0x00007d20       0x14 .\CortexM0\ARM_GCC_493\Debug\fin_v0.a(I2C_I2C.o)
                0x00007d20                I2C_I2CStop
 .text.I2C_I2CMasterSendStart
                0x00007d34      0x110 .\CortexM0\ARM_GCC_493\Debug\fin_v0.a(I2C_I2C_MASTER.o)
                0x00007d34                I2C_I2CMasterSendStart
 .text.I2C_I2CMasterSendStop
                0x00007e44       0xc8 .\CortexM0\ARM_GCC_493\Debug\fin_v0.a(I2C_I2C_MASTER.o)
                0x00007e44                I2C_I2CMasterSendStop
 .text.I2C_I2CMasterWriteByte
                0x00007f0c       0xcc .\CortexM0\ARM_GCC_493\Debug\fin_v0.a(I2C_I2C_MASTER.o)
                0x00007f0c                I2C_I2CMasterWriteByte
 .text.I2C_I2CMasterReadByte
                0x00007fd8       0xa8 .\CortexM0\ARM_GCC_493\Debug\fin_v0.a(I2C_I2C_MASTER.o)
                0x00007fd8                I2C_I2CMasterReadByte
 .text.I2C_I2CMasterClearStatus
                0x00008080       0x30 .\CortexM0\ARM_GCC_493\Debug\fin_v0.a(I2C_I2C_MASTER.o)
                0x00008080                I2C_I2CMasterClearStatus
 .text.LCD_Init
                0x000080b0       0x7c .\CortexM0\ARM_GCC_493\Debug\fin_v0.a(LCD.o)
                0x000080b0                LCD_Init
 .text.LCD_Enable
                0x0000812c       0x18 .\CortexM0\ARM_GCC_493\Debug\fin_v0.a(LCD.o)
                0x0000812c                LCD_Enable
 .text.LCD_Start
                0x00008144       0x24 .\CortexM0\ARM_GCC_493\Debug\fin_v0.a(LCD.o)
                0x00008144                LCD_Start
 .text.LCD_Position
                0x00008168       0x74 .\CortexM0\ARM_GCC_493\Debug\fin_v0.a(LCD.o)
                0x00008168                LCD_Position
 .text.LCD_PrintString
                0x000081dc       0x58 .\CortexM0\ARM_GCC_493\Debug\fin_v0.a(LCD.o)
                0x000081dc                LCD_PrintString
 .text.LCD_PutChar
                0x00008234       0x1c .\CortexM0\ARM_GCC_493\Debug\fin_v0.a(LCD.o)
                0x00008234                LCD_PutChar
 .text.LCD_WriteData
                0x00008250       0x48 .\CortexM0\ARM_GCC_493\Debug\fin_v0.a(LCD.o)
                0x00008250                LCD_WriteData
 .text.LCD_WriteControl
                0x00008298       0x48 .\CortexM0\ARM_GCC_493\Debug\fin_v0.a(LCD.o)
                0x00008298                LCD_WriteControl
 .text.LCD_IsReady
                0x000082e0      0x100 .\CortexM0\ARM_GCC_493\Debug\fin_v0.a(LCD.o)
                0x000082e0                LCD_IsReady
 .text.LCD_WrDatNib
                0x000083e0       0x68 .\CortexM0\ARM_GCC_493\Debug\fin_v0.a(LCD.o)
 .text.LCD_WrCntrlNib
                0x00008448       0x54 .\CortexM0\ARM_GCC_493\Debug\fin_v0.a(LCD.o)
 .text.LCD_LoadCustomFonts
                0x0000849c       0x58 .\CortexM0\ARM_GCC_493\Debug\fin_v0.a(LCD_CustChars.o)
                0x0000849c                LCD_LoadCustomFonts
 .text.Timer_LED_Init
                0x000084f4       0x40 .\CortexM0\ARM_GCC_493\Debug\fin_v0.a(Timer_LED.o)
                0x000084f4                Timer_LED_Init
 .text.Timer_LED_Enable
                0x00008534       0x38 .\CortexM0\ARM_GCC_493\Debug\fin_v0.a(Timer_LED.o)
                0x00008534                Timer_LED_Enable
 .text.Timer_LED_Stop
                0x0000856c       0x30 .\CortexM0\ARM_GCC_493\Debug\fin_v0.a(Timer_LED.o)
                0x0000856c                Timer_LED_Stop
 .text.Timer_LED_WriteCounter
                0x0000859c       0x1c .\CortexM0\ARM_GCC_493\Debug\fin_v0.a(Timer_LED.o)
                0x0000859c                Timer_LED_WriteCounter
 .text.Timer_LED_WritePeriod
                0x000085b8       0x1c .\CortexM0\ARM_GCC_493\Debug\fin_v0.a(Timer_LED.o)
                0x000085b8                Timer_LED_WritePeriod
 .text.Timer_LED_WriteCompare
                0x000085d4       0x1c .\CortexM0\ARM_GCC_493\Debug\fin_v0.a(Timer_LED.o)
                0x000085d4                Timer_LED_WriteCompare
 .text.Timer_LED_TriggerCommand
                0x000085f0       0x38 .\CortexM0\ARM_GCC_493\Debug\fin_v0.a(Timer_LED.o)
                0x000085f0                Timer_LED_TriggerCommand
 .text.Timer_LED_SetInterruptMode
                0x00008628       0x18 .\CortexM0\ARM_GCC_493\Debug\fin_v0.a(Timer_LED.o)
                0x00008628                Timer_LED_SetInterruptMode
 .text.Timer_LED_ClearInterrupt
                0x00008640       0x18 .\CortexM0\ARM_GCC_493\Debug\fin_v0.a(Timer_LED.o)
                0x00008640                Timer_LED_ClearInterrupt
 .text.Int_Timer_Led_StartEx
                0x00008658       0x24 .\CortexM0\ARM_GCC_493\Debug\fin_v0.a(Int_Timer_Led.o)
                0x00008658                Int_Timer_Led_StartEx
 .text.Int_Timer_Led_SetVector
                0x0000867c       0x1c .\CortexM0\ARM_GCC_493\Debug\fin_v0.a(Int_Timer_Led.o)
                0x0000867c                Int_Timer_Led_SetVector
 .text.Int_Timer_Led_SetPriority
                0x00008698       0x50 .\CortexM0\ARM_GCC_493\Debug\fin_v0.a(Int_Timer_Led.o)
                0x00008698                Int_Timer_Led_SetPriority
 .text.Int_Timer_Led_Enable
                0x000086e8       0x14 .\CortexM0\ARM_GCC_493\Debug\fin_v0.a(Int_Timer_Led.o)
                0x000086e8                Int_Timer_Led_Enable
 .text.Int_Timer_Led_Disable
                0x000086fc       0x14 .\CortexM0\ARM_GCC_493\Debug\fin_v0.a(Int_Timer_Led.o)
                0x000086fc                Int_Timer_Led_Disable
 .text.LED_PIN_Write
                0x00008710       0x48 .\CortexM0\ARM_GCC_493\Debug\fin_v0.a(LED_PIN.o)
                0x00008710                LED_PIN_Write
 .text.LED_PIN_Read
                0x00008758       0x1c .\CortexM0\ARM_GCC_493\Debug\fin_v0.a(LED_PIN.o)
                0x00008758                LED_PIN_Read
 .text.UART_XB_Init
                0x00008774        0xc .\CortexM0\ARM_GCC_493\Debug\fin_v0.a(UART_XB.o)
                0x00008774                UART_XB_Init
 .text.UART_XB_Enable
                0x00008780       0x24 .\CortexM0\ARM_GCC_493\Debug\fin_v0.a(UART_XB.o)
                0x00008780                UART_XB_Enable
 .text.UART_XB_Start
                0x000087a4       0x24 .\CortexM0\ARM_GCC_493\Debug\fin_v0.a(UART_XB.o)
                0x000087a4                UART_XB_Start
 .text.UART_XB_ScbEnableIntr
                0x000087c8       0x10 .\CortexM0\ARM_GCC_493\Debug\fin_v0.a(UART_XB.o)
 .text.UART_XB_ScbModePostEnable
                0x000087d8        0xc .\CortexM0\ARM_GCC_493\Debug\fin_v0.a(UART_XB.o)
 .text.UART_XB_SpiUartReadRxData
                0x000087e4       0x50 .\CortexM0\ARM_GCC_493\Debug\fin_v0.a(UART_XB_SPI_UART.o)
                0x000087e4                UART_XB_SpiUartReadRxData
 .text.UART_XB_SpiUartGetRxBufferSize
                0x00008834       0x40 .\CortexM0\ARM_GCC_493\Debug\fin_v0.a(UART_XB_SPI_UART.o)
                0x00008834                UART_XB_SpiUartGetRxBufferSize
 .text.UART_XB_SpiUartClearRxBuffer
                0x00008874       0x60 .\CortexM0\ARM_GCC_493\Debug\fin_v0.a(UART_XB_SPI_UART.o)
                0x00008874                UART_XB_SpiUartClearRxBuffer
 .text.UART_XB_SpiUartWriteTxData
                0x000088d4       0x98 .\CortexM0\ARM_GCC_493\Debug\fin_v0.a(UART_XB_SPI_UART.o)
                0x000088d4                UART_XB_SpiUartWriteTxData
 .text.UART_XB_UartInit
                0x0000896c      0x10c .\CortexM0\ARM_GCC_493\Debug\fin_v0.a(UART_XB_UART.o)
                0x0000896c                UART_XB_UartInit
 .text.UART_XB_UartPostEnable
                0x00008a78       0x2c .\CortexM0\ARM_GCC_493\Debug\fin_v0.a(UART_XB_UART.o)
                0x00008a78                UART_XB_UartPostEnable
 .text.UART_XB_UartGetChar
                0x00008aa4       0x40 .\CortexM0\ARM_GCC_493\Debug\fin_v0.a(UART_XB_UART.o)
                0x00008aa4                UART_XB_UartGetChar
 .text.UART_XB_UartPutString
                0x00008ae4       0x34 .\CortexM0\ARM_GCC_493\Debug\fin_v0.a(UART_XB_UART.o)
                0x00008ae4                UART_XB_UartPutString
 .text.SwSPI_Master_SendByte
                0x00008b18       0x98 .\CortexM0\ARM_GCC_493\Debug\fin_v0.a(SwSPI_Master.o)
                0x00008b18                SwSPI_Master_SendByte
 .text.SwSPI_Master_SendBuff
                0x00008bb0       0x4c .\CortexM0\ARM_GCC_493\Debug\fin_v0.a(SwSPI_Master.o)
                0x00008bb0                SwSPI_Master_SendBuff
 .text.SwSPI_Master_RecvByte
                0x00008bfc       0x98 .\CortexM0\ARM_GCC_493\Debug\fin_v0.a(SwSPI_Master.o)
                0x00008bfc                SwSPI_Master_RecvByte
 .text.GATE_INT_StartEx
                0x00008c94       0x24 .\CortexM0\ARM_GCC_493\Debug\fin_v0.a(GATE_INT.o)
                0x00008c94                GATE_INT_StartEx
 .text.GATE_INT_SetVector
                0x00008cb8       0x18 .\CortexM0\ARM_GCC_493\Debug\fin_v0.a(GATE_INT.o)
                0x00008cb8                GATE_INT_SetVector
 .text.GATE_INT_SetPriority
                0x00008cd0       0x50 .\CortexM0\ARM_GCC_493\Debug\fin_v0.a(GATE_INT.o)
                0x00008cd0                GATE_INT_SetPriority
 .text.GATE_INT_Enable
                0x00008d20       0x14 .\CortexM0\ARM_GCC_493\Debug\fin_v0.a(GATE_INT.o)
                0x00008d20                GATE_INT_Enable
 .text.GATE_INT_Disable
                0x00008d34       0x14 .\CortexM0\ARM_GCC_493\Debug\fin_v0.a(GATE_INT.o)
                0x00008d34                GATE_INT_Disable
 .text.GATE_INT_ClearPending
                0x00008d48       0x14 .\CortexM0\ARM_GCC_493\Debug\fin_v0.a(GATE_INT.o)
                0x00008d48                GATE_INT_ClearPending
 .text.AppDelay_Init
                0x00008d5c       0x54 .\CortexM0\ARM_GCC_493\Debug\fin_v0.a(AppDelay.o)
                0x00008d5c                AppDelay_Init
 .text.AppDelay_Enable
                0x00008db0       0x20 .\CortexM0\ARM_GCC_493\Debug\fin_v0.a(AppDelay.o)
                0x00008db0                AppDelay_Enable
 .text.AppDelay_Start
                0x00008dd0       0x24 .\CortexM0\ARM_GCC_493\Debug\fin_v0.a(AppDelay.o)
                0x00008dd0                AppDelay_Start
 .text.AppDelay_Stop
                0x00008df4       0x1c .\CortexM0\ARM_GCC_493\Debug\fin_v0.a(AppDelay.o)
                0x00008df4                AppDelay_Stop
 .text.AppDelay_SetInterruptMode
                0x00008e10       0x20 .\CortexM0\ARM_GCC_493\Debug\fin_v0.a(AppDelay.o)
                0x00008e10                AppDelay_SetInterruptMode
 .text.AppDelay_ReadStatusRegister
                0x00008e30       0x14 .\CortexM0\ARM_GCC_493\Debug\fin_v0.a(AppDelay.o)
                0x00008e30                AppDelay_ReadStatusRegister
 .text.AppDelay_ReadPeriod
                0x00008e44       0x18 .\CortexM0\ARM_GCC_493\Debug\fin_v0.a(AppDelay.o)
                0x00008e44                AppDelay_ReadPeriod
 .text.AppDelay_WritePeriod
                0x00008e5c       0x20 .\CortexM0\ARM_GCC_493\Debug\fin_v0.a(AppDelay.o)
                0x00008e5c                AppDelay_WritePeriod
 .text.AppDelay_ReadCapture
                0x00008e7c       0x18 .\CortexM0\ARM_GCC_493\Debug\fin_v0.a(AppDelay.o)
                0x00008e7c                AppDelay_ReadCapture
 .text.AppDelay_WriteCounter
                0x00008e94       0x20 .\CortexM0\ARM_GCC_493\Debug\fin_v0.a(AppDelay.o)
                0x00008e94                AppDelay_WriteCounter
 .text.AppDelay_ReadCounter
                0x00008eb4       0x20 .\CortexM0\ARM_GCC_493\Debug\fin_v0.a(AppDelay.o)
                0x00008eb4                AppDelay_ReadCounter
 .text.AppDelay_ClearFIFO
                0x00008ed4       0x1c .\CortexM0\ARM_GCC_493\Debug\fin_v0.a(AppDelay.o)
                0x00008ed4                AppDelay_ClearFIFO
 .text.SW_UART_DEBUG_Start
                0x00008ef0        0x8 .\CortexM0\ARM_GCC_493\Debug\fin_v0.a(SW_UART_DEBUG.o)
                0x00008ef0                SW_UART_DEBUG_Start
 .text.SW_UART_DEBUG_PutString
                0x00008ef8       0x58 .\CortexM0\ARM_GCC_493\Debug\fin_v0.a(SW_UART_DEBUG.o)
                0x00008ef8                SW_UART_DEBUG_PutString
 .text.SDinsert_Read
                0x00008f50       0x1c .\CortexM0\ARM_GCC_493\Debug\fin_v0.a(SDinsert.o)
                0x00008f50                SDinsert_Read
 .text.CySetReg24
                0x00008f6c       0x34 .\CortexM0\ARM_GCC_493\Debug\fin_v0.a(cyutils.o)
                0x00008f6c                CySetReg24
 .text.CyGetReg24
                0x00008fa0       0x40 .\CortexM0\ARM_GCC_493\Debug\fin_v0.a(cyutils.o)
                0x00008fa0                CyGetReg24
 .text.I2C_I2C_ISR
                0x00008fe0      0x490 .\CortexM0\ARM_GCC_493\Debug\fin_v0.a(I2C_I2C_INT.o)
                0x00008fe0                I2C_I2C_ISR
 .text.UART_XB_SPI_UART_ISR
                0x00009470      0x114 .\CortexM0\ARM_GCC_493\Debug\fin_v0.a(UART_XB_SPI_UART_INT.o)
                0x00009470                UART_XB_SPI_UART_ISR
 *fill*         0x00009584       0x1c 
 .text          0x000095a0       0xe0 .\CortexM0\ARM_GCC_493\Debug\fin_v0.a(SW_UART_DEBUG_AsmGnu.o)
                0x000095a0                SW_UART_DEBUG_PutChar
 .text          0x00009680      0x120 c:/program files (x86)/cypress/psoc creator/3.3/psoc creator/import/gnu/arm/4.9.3/bin/../lib/gcc/arm-none-eabi/4.9.3/armv6-m\libgcc.a(_udivsi3.o)
                0x00009680                __aeabi_uidiv
                0x00009680                __udivsi3
                0x0000978c                __aeabi_uidivmod
 .text          0x000097a0        0x4 c:/program files (x86)/cypress/psoc creator/3.3/psoc creator/import/gnu/arm/4.9.3/bin/../lib/gcc/arm-none-eabi/4.9.3/armv6-m\libgcc.a(_dvmd_tls.o)
                0x000097a0                __aeabi_idiv0
                0x000097a0                __aeabi_ldiv0
 .text          0x000097a4       0x40 c:/program files (x86)/cypress/psoc creator/3.3/psoc creator/import/gnu/arm/4.9.3/bin/../lib/gcc/arm-none-eabi/4.9.3/armv6-m\libgcc.a(_aeabi_uldivmod.o)
                0x000097a4                __aeabi_uldivmod
 .text          0x000097e4       0x3c c:/program files (x86)/cypress/psoc creator/3.3/psoc creator/import/gnu/arm/4.9.3/bin/../lib/gcc/arm-none-eabi/4.9.3/armv6-m\libgcc.a(_fixunsdfsi.o)
                0x000097e4                __aeabi_d2uiz
                0x000097e4                __fixunsdfsi
 .text          0x00009820       0x6c c:/program files (x86)/cypress/psoc creator/3.3/psoc creator/import/gnu/arm/4.9.3/bin/../lib/gcc/arm-none-eabi/4.9.3/armv6-m\libgcc.a(bpabi.o)
                0x00009820                __gnu_ldivmod_helper
                0x00009858                __gnu_uldivmod_helper
 .text          0x0000988c      0x648 c:/program files (x86)/cypress/psoc creator/3.3/psoc creator/import/gnu/arm/4.9.3/bin/../lib/gcc/arm-none-eabi/4.9.3/armv6-m\libgcc.a(divdf3.o)
                0x0000988c                __aeabi_ddiv
 .text          0x00009ed4      0x6f4 c:/program files (x86)/cypress/psoc creator/3.3/psoc creator/import/gnu/arm/4.9.3/bin/../lib/gcc/arm-none-eabi/4.9.3/armv6-m\libgcc.a(subdf3.o)
                0x00009ed4                __aeabi_dsub
 .text          0x0000a5c8       0x6c c:/program files (x86)/cypress/psoc creator/3.3/psoc creator/import/gnu/arm/4.9.3/bin/../lib/gcc/arm-none-eabi/4.9.3/armv6-m\libgcc.a(fixdfsi.o)
                0x0000a5c8                __aeabi_d2iz
 .text          0x0000a634       0x64 c:/program files (x86)/cypress/psoc creator/3.3/psoc creator/import/gnu/arm/4.9.3/bin/../lib/gcc/arm-none-eabi/4.9.3/armv6-m\libgcc.a(floatunsidf.o)
                0x0000a634                __aeabi_ui2d
 .text          0x0000a698       0x7c c:/program files (x86)/cypress/psoc creator/3.3/psoc creator/import/gnu/arm/4.9.3/bin/../lib/gcc/arm-none-eabi/4.9.3/armv6-m\libgcc.a(_arm_cmpdf2.o)
                0x0000a698                __aeabi_cdrcmple
                0x0000a6a8                __aeabi_cdcmple
                0x0000a6a8                __aeabi_cdcmpeq
                0x0000a6b8                __aeabi_dcmpeq
                0x0000a6c4                __aeabi_dcmplt
                0x0000a6d8                __aeabi_dcmple
                0x0000a6ec                __aeabi_dcmpgt
                0x0000a700                __aeabi_dcmpge
 .text          0x0000a714       0x3c c:/program files (x86)/cypress/psoc creator/3.3/psoc creator/import/gnu/arm/4.9.3/bin/../lib/gcc/arm-none-eabi/4.9.3/armv6-m\libgcc.a(_clzsi2.o)
                0x0000a714                __clzsi2
 .text          0x0000a750       0x54 c:/program files (x86)/cypress/psoc creator/3.3/psoc creator/import/gnu/arm/4.9.3/bin/../lib/gcc/arm-none-eabi/4.9.3/armv6-m\libgcc.a(_muldi3.o)
                0x0000a750                __muldi3
                0x0000a750                __aeabi_lmul
 .text          0x0000a7a4      0x1f0 c:/program files (x86)/cypress/psoc creator/3.3/psoc creator/import/gnu/arm/4.9.3/bin/../lib/gcc/arm-none-eabi/4.9.3/armv6-m\libgcc.a(_divdi3.o)
                0x0000a7a4                __divdi3
 .text          0x0000a994      0x158 c:/program files (x86)/cypress/psoc creator/3.3/psoc creator/import/gnu/arm/4.9.3/bin/../lib/gcc/arm-none-eabi/4.9.3/armv6-m\libgcc.a(_udivdi3.o)
                0x0000a994                __udivdi3
 .text          0x0000aaec       0x88 c:/program files (x86)/cypress/psoc creator/3.3/psoc creator/import/gnu/arm/4.9.3/bin/../lib/gcc/arm-none-eabi/4.9.3/armv6-m\libgcc.a(eqdf2.o)
                0x0000aaec                __nedf2
                0x0000aaec                __eqdf2
 .text          0x0000ab74       0xe0 c:/program files (x86)/cypress/psoc creator/3.3/psoc creator/import/gnu/arm/4.9.3/bin/../lib/gcc/arm-none-eabi/4.9.3/armv6-m\libgcc.a(gedf2.o)
                0x0000ab74                __gedf2
                0x0000ab74                __gtdf2
 .text          0x0000ac54       0xcc c:/program files (x86)/cypress/psoc creator/3.3/psoc creator/import/gnu/arm/4.9.3/bin/../lib/gcc/arm-none-eabi/4.9.3/armv6-m\libgcc.a(ledf2.o)
                0x0000ac54                __ledf2
                0x0000ac54                __ltdf2
 .text          0x0000ad20       0x18 c:/program files (x86)/cypress/psoc creator/3.3/psoc creator/import/gnu/arm/4.9.3/bin/../lib/gcc/arm-none-eabi/4.9.3/armv6-m\libgcc.a(_clzdi2.o)
                0x0000ad20                __clzdi2
 .text.__errno  0x0000ad38        0xc c:/program files (x86)/cypress/psoc creator/3.3/psoc creator/import/gnu/arm/4.9.3/bin/../lib/gcc/arm-none-eabi/4.9.3/../../../../arm-none-eabi/lib/armv6-m\libg_nano.a(lib_a-errno.o)
                0x0000ad38                __errno
 .text.__libc_init_array
                0x0000ad44       0x4c c:/program files (x86)/cypress/psoc creator/3.3/psoc creator/import/gnu/arm/4.9.3/bin/../lib/gcc/arm-none-eabi/4.9.3/../../../../arm-none-eabi/lib/armv6-m\libg_nano.a(lib_a-init.o)
                0x0000ad44                __libc_init_array
 .text.memcpy   0x0000ad90       0x12 c:/program files (x86)/cypress/psoc creator/3.3/psoc creator/import/gnu/arm/4.9.3/bin/../lib/gcc/arm-none-eabi/4.9.3/../../../../arm-none-eabi/lib/armv6-m\libg_nano.a(lib_a-memcpy.o)
                0x0000ad90                memcpy
 .text.memset   0x0000ada2       0x10 c:/program files (x86)/cypress/psoc creator/3.3/psoc creator/import/gnu/arm/4.9.3/bin/../lib/gcc/arm-none-eabi/4.9.3/../../../../arm-none-eabi/lib/armv6-m\libg_nano.a(lib_a-memset.o)
                0x0000ada2                memset
 *fill*         0x0000adb2        0x2 
 .text.sprintf  0x0000adb4       0x44 c:/program files (x86)/cypress/psoc creator/3.3/psoc creator/import/gnu/arm/4.9.3/bin/../lib/gcc/arm-none-eabi/4.9.3/../../../../arm-none-eabi/lib/armv6-m\libg_nano.a(lib_a-sprintf.o)
                0x0000adb4                siprintf
                0x0000adb4                sprintf
 .text.strcat   0x0000adf8       0x1a c:/program files (x86)/cypress/psoc creator/3.3/psoc creator/import/gnu/arm/4.9.3/bin/../lib/gcc/arm-none-eabi/4.9.3/../../../../arm-none-eabi/lib/armv6-m\libg_nano.a(lib_a-strcat.o)
                0x0000adf8                strcat
 .text.strlen   0x0000ae12        0xe c:/program files (x86)/cypress/psoc creator/3.3/psoc creator/import/gnu/arm/4.9.3/bin/../lib/gcc/arm-none-eabi/4.9.3/../../../../arm-none-eabi/lib/armv6-m\libg_nano.a(lib_a-strlen.o)
                0x0000ae12                strlen
 .text.__ssputs_r
                0x0000ae20       0xc0 c:/program files (x86)/cypress/psoc creator/3.3/psoc creator/import/gnu/arm/4.9.3/bin/../lib/gcc/arm-none-eabi/4.9.3/../../../../arm-none-eabi/lib/armv6-m\libg_nano.a(lib_a-nano-svfprintf.o)
                0x0000ae20                __ssputs_r
 .text._svfprintf_r
                0x0000aee0      0x1ec c:/program files (x86)/cypress/psoc creator/3.3/psoc creator/import/gnu/arm/4.9.3/bin/../lib/gcc/arm-none-eabi/4.9.3/../../../../arm-none-eabi/lib/armv6-m\libg_nano.a(lib_a-nano-svfprintf.o)
                0x0000aee0                _svfiprintf_r
                0x0000aee0                _svfprintf_r
 .text._printf_common
                0x0000b0cc       0xdc c:/program files (x86)/cypress/psoc creator/3.3/psoc creator/import/gnu/arm/4.9.3/bin/../lib/gcc/arm-none-eabi/4.9.3/../../../../arm-none-eabi/lib/armv6-m\libg_nano.a(lib_a-nano-vfprintf_i.o)
                0x0000b0cc                _printf_common
 .text._printf_i
                0x0000b1a8      0x230 c:/program files (x86)/cypress/psoc creator/3.3/psoc creator/import/gnu/arm/4.9.3/bin/../lib/gcc/arm-none-eabi/4.9.3/../../../../arm-none-eabi/lib/armv6-m\libg_nano.a(lib_a-nano-vfprintf_i.o)
                0x0000b1a8                _printf_i
 .text.memchr   0x0000b3d8       0x16 c:/program files (x86)/cypress/psoc creator/3.3/psoc creator/import/gnu/arm/4.9.3/bin/../lib/gcc/arm-none-eabi/4.9.3/../../../../arm-none-eabi/lib/armv6-m\libg_nano.a(lib_a-memchr.o)
                0x0000b3d8                memchr
 .text.memmove  0x0000b3ee       0x28 c:/program files (x86)/cypress/psoc creator/3.3/psoc creator/import/gnu/arm/4.9.3/bin/../lib/gcc/arm-none-eabi/4.9.3/../../../../arm-none-eabi/lib/armv6-m\libg_nano.a(lib_a-memmove.o)
                0x0000b3ee                memmove
 *fill*         0x0000b416        0x2 
 .text._free_r  0x0000b418       0x8c c:/program files (x86)/cypress/psoc creator/3.3/psoc creator/import/gnu/arm/4.9.3/bin/../lib/gcc/arm-none-eabi/4.9.3/../../../../arm-none-eabi/lib/armv6-m\libg_nano.a(lib_a-nano-freer.o)
                0x0000b418                _free_r
 .text._malloc_r
                0x0000b4a4       0xb0 c:/program files (x86)/cypress/psoc creator/3.3/psoc creator/import/gnu/arm/4.9.3/bin/../lib/gcc/arm-none-eabi/4.9.3/../../../../arm-none-eabi/lib/armv6-m\libg_nano.a(lib_a-nano-mallocr.o)
                0x0000b4a4                _malloc_r
 .text._realloc_r
                0x0000b554       0x4c c:/program files (x86)/cypress/psoc creator/3.3/psoc creator/import/gnu/arm/4.9.3/bin/../lib/gcc/arm-none-eabi/4.9.3/../../../../arm-none-eabi/lib/armv6-m\libg_nano.a(lib_a-nano-reallocr.o)
                0x0000b554                _realloc_r
 .text._sbrk_r  0x0000b5a0       0x24 c:/program files (x86)/cypress/psoc creator/3.3/psoc creator/import/gnu/arm/4.9.3/bin/../lib/gcc/arm-none-eabi/4.9.3/../../../../arm-none-eabi/lib/armv6-m\libg_nano.a(lib_a-sbrkr.o)
                0x0000b5a0                _sbrk_r
 .text._malloc_usable_size_r
                0x0000b5c4       0x16 c:/program files (x86)/cypress/psoc creator/3.3/psoc creator/import/gnu/arm/4.9.3/bin/../lib/gcc/arm-none-eabi/4.9.3/../../../../arm-none-eabi/lib/armv6-m\libg_nano.a(lib_a-nano-msizer.o)
                0x0000b5c4                _malloc_usable_size_r
 *(.plt)
 *(.gnu.warning)
 *(.glue_7t)
 .glue_7t       0x00000000        0x0 linker stubs
 *(.glue_7)
 .glue_7        0x00000000        0x0 linker stubs
 *(.vfp11_veneer)
 .vfp11_veneer  0x00000000        0x0 linker stubs
 *(.bootloader)
 *(.ARM.extab* .gnu.linkonce.armextab.*)
 *(.gcc_except_table)

.v4_bx          0x0000b5dc        0x0
 .v4_bx         0x00000000        0x0 linker stubs

.iplt           0x0000b5dc        0x0
 .iplt          0x00000000        0x0 c:/program files (x86)/cypress/psoc creator/3.3/psoc creator/import/gnu/arm/4.9.3/bin/../lib/gcc/arm-none-eabi/4.9.3/armv6-m/crtbegin.o

.eh_frame_hdr
 *(.eh_frame_hdr)

.eh_frame       0x0000b5dc        0x4
 *(.eh_frame)
 .eh_frame      0x0000b5dc        0x0 c:/program files (x86)/cypress/psoc creator/3.3/psoc creator/import/gnu/arm/4.9.3/bin/../lib/gcc/arm-none-eabi/4.9.3/armv6-m/crtbegin.o
 .eh_frame      0x0000b5dc        0x4 c:/program files (x86)/cypress/psoc creator/3.3/psoc creator/import/gnu/arm/4.9.3/bin/../lib/gcc/arm-none-eabi/4.9.3/armv6-m/crtend.o
                0x0000b5e0                PROVIDE (__exidx_start, .)

.ARM.exidx      0x0000b5e0        0x8
 *(.ARM.exidx* .gnu.linkonce.armexidx.*)
 .ARM.exidx     0x0000b5e0        0x8 c:/program files (x86)/cypress/psoc creator/3.3/psoc creator/import/gnu/arm/4.9.3/bin/../lib/gcc/arm-none-eabi/4.9.3/armv6-m\libgcc.a(_divdi3.o)
 .ARM.exidx     0x0000b5e8        0x0 c:/program files (x86)/cypress/psoc creator/3.3/psoc creator/import/gnu/arm/4.9.3/bin/../lib/gcc/arm-none-eabi/4.9.3/armv6-m\libgcc.a(_udivdi3.o)
                                  0x8 (size before relaxing)
                0x0000b5e8                __exidx_end = .

.rodata         0x0000b5e8      0x6d0
 *(.rodata .rodata.* .gnu.linkonce.r.*)
 .rodata        0x0000b5e8       0x54 .\CortexM0\ARM_GCC_493\Debug\display.o
 .rodata        0x0000b63c       0xec .\CortexM0\ARM_GCC_493\Debug\ff.o
 .rodata        0x0000b728       0xd0 .\CortexM0\ARM_GCC_493\Debug\logResult.o
 .rodata        0x0000b7f8       0xd0 .\CortexM0\ARM_GCC_493\Debug\network.o
 .rodata        0x0000b8c8       0x6c .\CortexM0\ARM_GCC_493\Debug\svt.o
 .rodata        0x0000b934       0x28 .\CortexM0\ARM_GCC_493\Debug\ntp.o
 .rodata        0x0000b95c       0xbc .\CortexM0\ARM_GCC_493\Debug\main.o
 .rodata        0x0000ba18      0x15c .\CortexM0\ARM_GCC_493\Debug\fin_v0.a(cyfitter_cfg.o)
 .rodata        0x0000bb74       0x30 .\CortexM0\ARM_GCC_493\Debug\fin_v0.a(CyLib.o)
                0x0000bb74                cyImoFreqMhz2Reg
 .rodata        0x0000bba4       0x24 .\CortexM0\ARM_GCC_493\Debug\fin_v0.a(RTC.o)
                0x0000bba4                RTC_daysBeforeMonthTbl
                0x0000bbbc                RTC_daysInMonthTbl
 .rodata        0x0000bbc8       0x40 .\CortexM0\ARM_GCC_493\Debug\fin_v0.a(LCD_CustChars.o)
                0x0000bbc8                LCD_customFonts
 .rodata        0x0000bc08       0x40 c:/program files (x86)/cypress/psoc creator/3.3/psoc creator/import/gnu/arm/4.9.3/bin/../lib/gcc/arm-none-eabi/4.9.3/armv6-m\libgcc.a(divdf3.o)
 .rodata.str1.1
                0x0000bc48        0x2 c:/program files (x86)/cypress/psoc creator/3.3/psoc creator/import/gnu/arm/4.9.3/bin/../lib/gcc/arm-none-eabi/4.9.3/../../../../arm-none-eabi/lib/armv6-m\libg_nano.a(lib_a-impure.o)
 .rodata.str1.1
                0x0000bc4a       0x11 c:/program files (x86)/cypress/psoc creator/3.3/psoc creator/import/gnu/arm/4.9.3/bin/../lib/gcc/arm-none-eabi/4.9.3/../../../../arm-none-eabi/lib/armv6-m\libg_nano.a(lib_a-nano-svfprintf.o)
 .rodata.str1.1
                0x0000bc5b       0x22 c:/program files (x86)/cypress/psoc creator/3.3/psoc creator/import/gnu/arm/4.9.3/bin/../lib/gcc/arm-none-eabi/4.9.3/../../../../arm-none-eabi/lib/armv6-m\libg_nano.a(lib_a-nano-vfprintf_i.o)
                0x0000bc80                . = ALIGN (0x4)
 *fill*         0x0000bc7d        0x3 
 *(.init)
 .init          0x0000bc80        0x4 c:/program files (x86)/cypress/psoc creator/3.3/psoc creator/import/gnu/arm/4.9.3/bin/../lib/gcc/arm-none-eabi/4.9.3/armv6-m/crti.o
                0x0000bc80                _init
 .init          0x0000bc84        0x8 c:/program files (x86)/cypress/psoc creator/3.3/psoc creator/import/gnu/arm/4.9.3/bin/../lib/gcc/arm-none-eabi/4.9.3/armv6-m/crtn.o
                0x0000bc8c                . = ALIGN (0x4)
                0x0000bc8c                __preinit_array_start = .
 *(.preinit_array)
                0x0000bc8c                __preinit_array_end = .
                0x0000bc8c                . = ALIGN (0x4)
                0x0000bc8c                __init_array_start = .
 *(SORT(.init_array.*))
 *(.init_array)
 .init_array    0x0000bc8c        0x4 c:/program files (x86)/cypress/psoc creator/3.3/psoc creator/import/gnu/arm/4.9.3/bin/../lib/gcc/arm-none-eabi/4.9.3/armv6-m/crtbegin.o
 .init_array    0x0000bc90        0x4 .\CortexM0\ARM_GCC_493\Debug\Cm0Start.o
                0x0000bc94                __init_array_end = .
                0x0000bc94                . = ALIGN (0x4)
 *(.fini)
 .fini          0x0000bc94        0x4 c:/program files (x86)/cypress/psoc creator/3.3/psoc creator/import/gnu/arm/4.9.3/bin/../lib/gcc/arm-none-eabi/4.9.3/armv6-m/crti.o
                0x0000bc94                _fini
 .fini          0x0000bc98        0x8 c:/program files (x86)/cypress/psoc creator/3.3/psoc creator/import/gnu/arm/4.9.3/bin/../lib/gcc/arm-none-eabi/4.9.3/armv6-m/crtn.o
                0x0000bca0                . = ALIGN (0x4)
                0x0000bca0                __fini_array_start = .
 *(.fini_array)
 .fini_array    0x0000bca0        0x4 c:/program files (x86)/cypress/psoc creator/3.3/psoc creator/import/gnu/arm/4.9.3/bin/../lib/gcc/arm-none-eabi/4.9.3/armv6-m/crtbegin.o
 *(SORT(.fini_array.*))
                0x0000bca4                __fini_array_end = .
                0x0000bca4                . = ALIGN (0x4)
 *crtbegin.o(.ctors)
 *(EXCLUDE_FILE(*crtend.o) .ctors)
 *(SORT(.ctors.*))
 *crtend.o(.ctors)
                0x0000bca4                . = ALIGN (0x4)
 *crtbegin.o(.dtors)
 *(EXCLUDE_FILE(*crtend.o) .dtors)
 *(SORT(.dtors.*))
 *crtend.o(.dtors)
                0x0000bca4                . = ALIGN (0x4)
                0x0000bca4                __cy_regions = .
                0x0000bca4        0x4 LONG 0xbcb8 __cy_region_init_ram
                0x0000bca8        0x4 LONG 0x200000c8 __cy_region_start_data
                0x0000bcac        0x4 LONG 0xb8 __cy_region_init_size_ram
                0x0000bcb0        0x4 LONG 0x2bf8 __cy_region_zero_size_ram
                0x0000bcb4                __cy_regions_end = .
                0x0000bcb8                . = ALIGN (0x8)
 *fill*         0x0000bcb4        0x4 
                0x0000bcb8                _etext = .

.cy_checksum_exclude
                0x0000bcb8        0x0
 *(.cy_checksum_exclude)

.ramvectors     0x20000000       0xc0
                0x20000000                __cy_region_start_ram = .
 *(.ramvectors)
 .ramvectors    0x20000000       0xc0 .\CortexM0\ARM_GCC_493\Debug\Cm0Start.o
                0x20000000                CyRamVectors

.noinit         0x200000c0        0x4
 *(.noinit)
 .noinit        0x200000c0        0x4 .\CortexM0\ARM_GCC_493\Debug\Cm0Start.o

.data           0x200000c8       0xb8 load address 0x0000bcb8
                0x200000c8                __cy_region_start_data = .
 *(.jcr)
 .jcr           0x200000c8        0x0 c:/program files (x86)/cypress/psoc creator/3.3/psoc creator/import/gnu/arm/4.9.3/bin/../lib/gcc/arm-none-eabi/4.9.3/armv6-m/crtbegin.o
 .jcr           0x200000c8        0x4 c:/program files (x86)/cypress/psoc creator/3.3/psoc creator/import/gnu/arm/4.9.3/bin/../lib/gcc/arm-none-eabi/4.9.3/armv6-m/crtend.o
 *(.got.plt)
 *(.got)
 *(.shdata)
 *(.data .data.* .gnu.linkonce.d.*)
 .data          0x200000cc       0x24 .\CortexM0\ARM_GCC_493\Debug\DS1307.o
 .data          0x200000f0        0x1 .\CortexM0\ARM_GCC_493\Debug\sdcard.o
 *fill*         0x200000f1        0x3 
 .data          0x200000f4        0x4 .\CortexM0\ARM_GCC_493\Debug\logResult.o
 .data          0x200000f8        0x4 .\CortexM0\ARM_GCC_493\Debug\Cm0Start.o
 .data          0x200000fc       0x10 .\CortexM0\ARM_GCC_493\Debug\fin_v0.a(CyLib.o)
                0x200000fc                cydelayFreqHz
                0x20000100                cydelayFreqKhz
                0x20000104                cydelayFreqMhz
                0x20000108                cydelay32kMs
 .data          0x2000010c        0x8 .\CortexM0\ARM_GCC_493\Debug\fin_v0.a(CyLFClk.o)
 .data          0x20000114        0x8 .\CortexM0\ARM_GCC_493\Debug\fin_v0.a(SW_UART_DEBUG.o)
                0x20000114                SW_UART_DEBUG_pinNumber
                0x20000118                SW_UART_DEBUG_pinDrAdress
 .data.impure_data
                0x2000011c       0x60 c:/program files (x86)/cypress/psoc creator/3.3/psoc creator/import/gnu/arm/4.9.3/bin/../lib/gcc/arm-none-eabi/4.9.3/../../../../arm-none-eabi/lib/armv6-m\libg_nano.a(lib_a-impure.o)
 .data._impure_ptr
                0x2000017c        0x4 c:/program files (x86)/cypress/psoc creator/3.3/psoc creator/import/gnu/arm/4.9.3/bin/../lib/gcc/arm-none-eabi/4.9.3/../../../../arm-none-eabi/lib/armv6-m\libg_nano.a(lib_a-impure.o)
                0x2000017c                _impure_ptr
                0x20000180                . = ALIGN (0x8)
 *(.ram)
                0x20000180                _edata = .

.igot.plt       0x20000180        0x0 load address 0x0000bd70
 .igot.plt      0x00000000        0x0 c:/program files (x86)/cypress/psoc creator/3.3/psoc creator/import/gnu/arm/4.9.3/bin/../lib/gcc/arm-none-eabi/4.9.3/armv6-m/crtbegin.o

.bss            0x20000180     0x2bf8 load address 0x0000bd70
                0x20000180                PROVIDE (__bss_start__, .)
 *(.shbss)
 *(.bss .bss.* .gnu.linkonce.b.*)
 .bss           0x20000180       0x1c c:/program files (x86)/cypress/psoc creator/3.3/psoc creator/import/gnu/arm/4.9.3/bin/../lib/gcc/arm-none-eabi/4.9.3/armv6-m/crtbegin.o
 *fill*         0x2000019c        0x4 
 .bss           0x200001a0       0x18 .\CortexM0\ARM_GCC_493\Debug\RTC_WDT.o
 .bss           0x200001b8       0x68 .\CortexM0\ARM_GCC_493\Debug\display.o
 .bss           0x20000220        0x8 .\CortexM0\ARM_GCC_493\Debug\ff.o
 .bss           0x20000228        0x1 .\CortexM0\ARM_GCC_493\Debug\sdcard.o
 *fill*         0x20000229        0x7 
 .bss           0x20000230       0x18 .\CortexM0\ARM_GCC_493\Debug\gate.o
 .bss           0x20000248      0x404 .\CortexM0\ARM_GCC_493\Debug\crc32.o
 .bss           0x2000064c        0x8 .\CortexM0\ARM_GCC_493\Debug\network.o
 .bss           0x20000654        0x1 .\CortexM0\ARM_GCC_493\Debug\ntp.o
                0x20000654                NTP_STATE
 *fill*         0x20000655        0x1 
 .bss           0x20000656        0x2 .\CortexM0\ARM_GCC_493\Debug\myDelay.o
 .bss           0x20000658        0x8 .\CortexM0\ARM_GCC_493\Debug\main.o
 .bss           0x20000660       0x28 .\CortexM0\ARM_GCC_493\Debug\fin_v0.a(CyLFClk.o)
 .bss           0x20000688       0x10 .\CortexM0\ARM_GCC_493\Debug\fin_v0.a(RTC.o)
 .bss           0x20000698        0x8 .\CortexM0\ARM_GCC_493\Debug\fin_v0.a(I2C.o)
                0x20000698                I2C_initVar
                0x2000069c                I2C_customIntrHandler
 .bss           0x200006a0        0x2 .\CortexM0\ARM_GCC_493\Debug\fin_v0.a(LCD.o)
                0x200006a0                LCD_enableState
                0x200006a1                LCD_initVar
 *fill*         0x200006a2        0x2 
 .bss           0x200006a4        0x8 .\CortexM0\ARM_GCC_493\Debug\fin_v0.a(UART_XB.o)
                0x200006a4                UART_XB_initVar
                0x200006a6                UART_XB_IntrTxMask
                0x200006a8                UART_XB_customIntrHandler
 .bss           0x200006ac        0x1 .\CortexM0\ARM_GCC_493\Debug\fin_v0.a(AppDelay.o)
                0x200006ac                AppDelay_initVar
 *fill*         0x200006ad        0x3 
 .bss           0x200006b0        0x4 .\CortexM0\ARM_GCC_493\Debug\fin_v0.a(SW_UART_DEBUG.o)
                0x200006b0                SW_UART_DEBUG_pinPortNumber
 .bss.__malloc_sbrk_start
                0x200006b4        0x4 c:/program files (x86)/cypress/psoc creator/3.3/psoc creator/import/gnu/arm/4.9.3/bin/../lib/gcc/arm-none-eabi/4.9.3/../../../../arm-none-eabi/lib/armv6-m\libg_nano.a(lib_a-nano-mallocr.o)
                0x200006b4                __malloc_sbrk_start
 .bss.__malloc_free_list
                0x200006b8        0x4 c:/program files (x86)/cypress/psoc creator/3.3/psoc creator/import/gnu/arm/4.9.3/bin/../lib/gcc/arm-none-eabi/4.9.3/../../../../arm-none-eabi/lib/armv6-m\libg_nano.a(lib_a-nano-mallocr.o)
                0x200006b8                __malloc_free_list
 *(COMMON)
 COMMON         0x200006bc        0xa .\CortexM0\ARM_GCC_493\Debug\DS1307.o
                0x200006bc                DS1307_currentTimeDate
 *fill*         0x200006c6        0x2 
 COMMON         0x200006c8     0x20b0 .\CortexM0\ARM_GCC_493\Debug\database.o
                0x200006c8                skiersStarted
                0x200006d0                skierDB
                0x200022f0                currentSizeBuff
                0x200022f4                skiersFinished
                0x200022f8                fifo
                0x20002570                bufferFifo
                0x200026f0                bufferSkiersOnWay
                0x20002770                currentElementFinish
                0x20002774                currentElementStart
 COMMON         0x20002778      0x45c .\CortexM0\ARM_GCC_493\Debug\logResult.o
                0x20002778                fatFs
                0x200029a8                createFlag
                0x200029ac                fileO
 COMMON         0x20002bd4        0x1 .\CortexM0\ARM_GCC_493\Debug\LED.o
                0x20002bd4                LED_InitValue
 *fill*         0x20002bd5        0x3 
 COMMON         0x20002bd8       0x54 .\CortexM0\ARM_GCC_493\Debug\network.o
                0x20002bd8                outData
                0x20002bf0                inData
                0x20002c08                unixTime
                0x20002c18                networkStatus
                0x20002c1c                noConnect
                0x20002c20                millisTime
                0x20002c28                numAttemps
 COMMON         0x20002c2c        0x7 .\CortexM0\ARM_GCC_493\Debug\svt.o
                0x20002c2c                LenC
                0x20002c2d                LenChS
                0x20002c2e                LenD1
                0x20002c2f                LenSeq
                0x20002c30                LenD2
                0x20002c31                PROTO_STATE
                0x20002c32                LenD3
 COMMON         0x20002c33        0x6 .\CortexM0\ARM_GCC_493\Debug\ntp.o
                0x20002c33                NtpLenChS
                0x20002c34                NtpLenMsD1
                0x20002c35                NtpLenId
                0x20002c36                NtpLenD2
                0x20002c37                NtpLenD1
                0x20002c38                NtpLenMsD2
 COMMON         0x20002c39        0x1 .\CortexM0\ARM_GCC_493\Debug\main.o
                0x20002c39                currentState
 *fill*         0x20002c3a        0x6 
 COMMON         0x20002c40       0x28 .\CortexM0\ARM_GCC_493\Debug\fin_v0.a(RTC.o)
                0x20002c40                RTC_initVar
                0x20002c44                RTC_currentTimeDate
                0x20002c54                RTC_alarmCurStatus
                0x20002c58                RTC_dstStatus
                0x20002c60                RTC_unixTime
 COMMON         0x20002c68        0x1 .\CortexM0\ARM_GCC_493\Debug\fin_v0.a(I2C_I2C.o)
                0x20002c68                I2C_state
 *fill*         0x20002c69        0x3 
 COMMON         0x20002c6c       0x24 .\CortexM0\ARM_GCC_493\Debug\fin_v0.a(I2C_I2C_MASTER.o)
                0x20002c6c                I2C_mstrWrBufIndexTmp
                0x20002c70                I2C_mstrWrBufIndex
                0x20002c74                I2C_mstrWrBufSize
                0x20002c78                I2C_mstrStatus
                0x20002c7c                I2C_mstrRdBufPtr
                0x20002c80                I2C_mstrControl
                0x20002c84                I2C_mstrRdBufSize
                0x20002c88                I2C_mstrRdBufIndex
                0x20002c8c                I2C_mstrWrBufPtr
 COMMON         0x20002c90       0xe0 .\CortexM0\ARM_GCC_493\Debug\fin_v0.a(UART_XB_SPI_UART.o)
                0x20002c90                UART_XB_rxBufferTail
                0x20002c94                UART_XB_rxBufferOverflow
                0x20002c98                UART_XB_txBufferHead
                0x20002c9c                UART_XB_txBufferInternal
                0x20002d00                UART_XB_rxBufferInternal
                0x20002d68                UART_XB_rxBufferHead
                0x20002d6c                UART_XB_txBufferTail
 COMMON         0x20002d70        0x4 c:/program files (x86)/cypress/psoc creator/3.3/psoc creator/import/gnu/arm/4.9.3/bin/../lib/gcc/arm-none-eabi/4.9.3/../../../../arm-none-eabi/lib/armv6-m\libg_nano.a(lib_a-reent.o)
                0x20002d70                errno
                0x20002d78                . = ALIGN (0x8)
 *fill*         0x20002d74        0x4 
 *(.ram.b)
                0x20002d78                _end = .
                0x20002d78                __end = .
                0x20002d78                PROVIDE (end, .)
                0x20002d78                PROVIDE (__bss_end__, .)
                0x0000bcb8                __cy_region_init_ram = LOADADDR (.data)
                0x000000b8                __cy_region_init_size_ram = (_edata - ADDR (.data))
                0x00002bf8                __cy_region_zero_size_ram = (_end - _edata)

.heap           0x20002d78       0x80 load address 0x0000bd70
                0x20002d78                . = _end
                0x20002df8                . = (. + 0x80)
 *fill*         0x20002d78       0x80 
                0x20002df8                __cy_heap_limit = .

.stack          0x20003800      0x800
                0x20003800                __cy_stack_limit = .
                0x20004000                . = (. + 0x800)
 *fill*         0x20003800      0x800 
                0x00000001                ASSERT ((__cy_stack_limit >= __cy_heap_limit), region RAM overflowed with stack)
                0x00000000                cy_checksum_exclude_size = (CY_APPL_LOADABLE == 0x1)?SIZEOF (.cy_checksum_exclude):0x0
                0x00000001                ASSERT ((cy_checksum_exclude_size <= CY_CHECKSUM_EXCLUDE_SIZE), CY_BOOT: Section .cy_checksum_exclude size exceedes specified limit.)
                0x0001ffc0                cyloadermeta_start = (cy_project_type_bootloader || cy_project_type_app_for_stack_and_copier)?(0x20000 - CY_METADATA_SIZE):0xf0000000

.cyloadermeta
 *(.cyloadermeta)
                0x0001ffc0                cyloadablemeta_start = cy_project_type_app_for_stack_and_copier?((0x20000 - CY_FLASH_ROW_SIZE) - CY_METADATA_SIZE):((0x20000 - (CY_FLASH_ROW_SIZE * (CY_APPL_NUM - 0x1))) - CY_METADATA_SIZE)

.cyloadablemeta
 *(.cyloadablemeta)

.cyflashprotect
                0x90400000       0x80
 *(.cyflashprotect)
 .cyflashprotect
                0x90400000       0x80 .\CortexM0\ARM_GCC_493\Debug\cymetadata.o
                0x90400000                cy_meta_flashprotect

.cymeta         0x90500000        0xc
 *(.cymeta)
 .cymeta        0x90500000        0xc .\CortexM0\ARM_GCC_493\Debug\cymetadata.o
                0x90500000                cy_metadata

.cychipprotect  0x90600000        0x4
 *(.cychipprotect)
 .cychipprotect
                0x90600000        0x4 .\CortexM0\ARM_GCC_493\Debug\cymetadata.o
                0x90600000                cy_meta_chipprotect

.rel.dyn        0x0000bd70        0x0 load address 0x90600004
 .rel.iplt      0x00000000        0x0 c:/program files (x86)/cypress/psoc creator/3.3/psoc creator/import/gnu/arm/4.9.3/bin/../lib/gcc/arm-none-eabi/4.9.3/armv6-m/crtbegin.o

.stab
 *(.stab)

.stabstr
 *(.stabstr)

.debug
 *(.debug)

.line
 *(.line)

.debug_srcinfo
 *(.debug_srcinfo)

.debug_sfnames
 *(.debug_sfnames)

.debug_aranges  0x00000000     0x14c0
 *(.debug_aranges)
 .debug_aranges
                0x00000000       0x88 .\CortexM0\ARM_GCC_493\Debug\RTC_WDT.o
 .debug_aranges
                0x00000088       0x60 .\CortexM0\ARM_GCC_493\Debug\DS1307.o
 .debug_aranges
                0x000000e8       0x70 .\CortexM0\ARM_GCC_493\Debug\display.o
 .debug_aranges
                0x00000158      0x1d0 .\CortexM0\ARM_GCC_493\Debug\ff.o
 .debug_aranges
                0x00000328       0x60 .\CortexM0\ARM_GCC_493\Debug\rtc_fat.o
 .debug_aranges
                0x00000388       0x80 .\CortexM0\ARM_GCC_493\Debug\sdcard.o
 .debug_aranges
                0x00000408       0x48 .\CortexM0\ARM_GCC_493\Debug\gate.o
 .debug_aranges
                0x00000450       0x98 .\CortexM0\ARM_GCC_493\Debug\database.o
 .debug_aranges
                0x000004e8       0x58 .\CortexM0\ARM_GCC_493\Debug\logResult.o
 .debug_aranges
                0x00000540       0x38 .\CortexM0\ARM_GCC_493\Debug\LED.o
 .debug_aranges
                0x00000578       0x38 .\CortexM0\ARM_GCC_493\Debug\crc32.o
 .debug_aranges
                0x000005b0       0x88 .\CortexM0\ARM_GCC_493\Debug\network.o
 .debug_aranges
                0x00000638       0x40 .\CortexM0\ARM_GCC_493\Debug\svt.o
 .debug_aranges
                0x00000678       0x38 .\CortexM0\ARM_GCC_493\Debug\ntp.o
 .debug_aranges
                0x000006b0       0x40 .\CortexM0\ARM_GCC_493\Debug\myDelay.o
 .debug_aranges
                0x000006f0       0x48 .\CortexM0\ARM_GCC_493\Debug\main.o
 .debug_aranges
                0x00000738       0x48 .\CortexM0\ARM_GCC_493\Debug\debug.o
 .debug_aranges
                0x00000780       0x18 .\CortexM0\ARM_GCC_493\Debug\cymetadata.o
 .debug_aranges
                0x00000798       0x48 .\CortexM0\ARM_GCC_493\Debug\Cm0Start.o
 .debug_aranges
                0x000007e0       0x50 .\CortexM0\ARM_GCC_493\Debug\fin_v0.a(cyfitter_cfg.o)
 .debug_aranges
                0x00000830       0x20 .\CortexM0\ARM_GCC_493\Debug\fin_v0.a(CyBootAsmGnu.o)
 .debug_aranges
                0x00000850      0x1a0 .\CortexM0\ARM_GCC_493\Debug\fin_v0.a(CyLib.o)
 .debug_aranges
                0x000009f0      0x198 .\CortexM0\ARM_GCC_493\Debug\fin_v0.a(CyLFClk.o)
 .debug_aranges
                0x00000b88      0x128 .\CortexM0\ARM_GCC_493\Debug\fin_v0.a(RTC.o)
 .debug_aranges
                0x00000cb0       0x68 .\CortexM0\ARM_GCC_493\Debug\fin_v0.a(I2C.o)
 .debug_aranges
                0x00000d18       0x28 .\CortexM0\ARM_GCC_493\Debug\fin_v0.a(I2C_I2C.o)
 .debug_aranges
                0x00000d40       0x88 .\CortexM0\ARM_GCC_493\Debug\fin_v0.a(I2C_I2C_MASTER.o)
 .debug_aranges
                0x00000dc8       0x98 .\CortexM0\ARM_GCC_493\Debug\fin_v0.a(LCD.o)
 .debug_aranges
                0x00000e60       0x20 .\CortexM0\ARM_GCC_493\Debug\fin_v0.a(LCD_CustChars.o)
 .debug_aranges
                0x00000e80       0x48 .\CortexM0\ARM_GCC_493\Debug\fin_v0.a(GatePin.o)
 .debug_aranges
                0x00000ec8      0x158 .\CortexM0\ARM_GCC_493\Debug\fin_v0.a(Timer_LED.o)
 .debug_aranges
                0x00001020       0x80 .\CortexM0\ARM_GCC_493\Debug\fin_v0.a(Int_Timer_Led.o)
 .debug_aranges
                0x000010a0       0x48 .\CortexM0\ARM_GCC_493\Debug\fin_v0.a(LED_PIN.o)
 .debug_aranges
                0x000010e8       0x68 .\CortexM0\ARM_GCC_493\Debug\fin_v0.a(UART_XB.o)
 .debug_aranges
                0x00001150       0x60 .\CortexM0\ARM_GCC_493\Debug\fin_v0.a(UART_XB_SPI_UART.o)
 .debug_aranges
                0x000011b0       0x88 .\CortexM0\ARM_GCC_493\Debug\fin_v0.a(UART_XB_UART.o)
 .debug_aranges
                0x00001238       0x58 .\CortexM0\ARM_GCC_493\Debug\fin_v0.a(SwSPI_Master.o)
 .debug_aranges
                0x00001290       0x80 .\CortexM0\ARM_GCC_493\Debug\fin_v0.a(GATE_INT.o)
 .debug_aranges
                0x00001310       0x90 .\CortexM0\ARM_GCC_493\Debug\fin_v0.a(AppDelay.o)
 .debug_aranges
                0x000013a0       0x50 .\CortexM0\ARM_GCC_493\Debug\fin_v0.a(SW_UART_DEBUG.o)
 .debug_aranges
                0x000013f0       0x48 .\CortexM0\ARM_GCC_493\Debug\fin_v0.a(SDinsert.o)
 .debug_aranges
                0x00001438       0x28 .\CortexM0\ARM_GCC_493\Debug\fin_v0.a(cyutils.o)
 .debug_aranges
                0x00001460       0x20 .\CortexM0\ARM_GCC_493\Debug\fin_v0.a(I2C_I2C_INT.o)
 .debug_aranges
                0x00001480       0x20 .\CortexM0\ARM_GCC_493\Debug\fin_v0.a(UART_XB_SPI_UART_INT.o)
 .debug_aranges
                0x000014a0       0x20 .\CortexM0\ARM_GCC_493\Debug\fin_v0.a(SW_UART_DEBUG_AsmGnu.o)

.debug_pubnames
 *(.debug_pubnames)

.debug_info     0x00000000     0xb081
 *(.debug_info .gnu.linkonce.wi.*)
 .debug_info    0x00000000      0x400 .\CortexM0\ARM_GCC_493\Debug\RTC_WDT.o
 .debug_info    0x00000400      0x644 .\CortexM0\ARM_GCC_493\Debug\DS1307.o
 .debug_info    0x00000a44      0x320 .\CortexM0\ARM_GCC_493\Debug\display.o
 .debug_info    0x00000d64     0x1c6a .\CortexM0\ARM_GCC_493\Debug\ff.o
 .debug_info    0x000029ce      0x316 .\CortexM0\ARM_GCC_493\Debug\rtc_fat.o
 .debug_info    0x00002ce4      0x528 .\CortexM0\ARM_GCC_493\Debug\sdcard.o
 .debug_info    0x0000320c      0x1da .\CortexM0\ARM_GCC_493\Debug\gate.o
 .debug_info    0x000033e6      0x56d .\CortexM0\ARM_GCC_493\Debug\database.o
 .debug_info    0x00003953      0x6a4 .\CortexM0\ARM_GCC_493\Debug\logResult.o
 .debug_info    0x00003ff7      0x15f .\CortexM0\ARM_GCC_493\Debug\LED.o
 .debug_info    0x00004156      0x205 .\CortexM0\ARM_GCC_493\Debug\crc32.o
 .debug_info    0x0000435b      0x82d .\CortexM0\ARM_GCC_493\Debug\network.o
 .debug_info    0x00004b88      0x43b .\CortexM0\ARM_GCC_493\Debug\svt.o
 .debug_info    0x00004fc3      0x30d .\CortexM0\ARM_GCC_493\Debug\ntp.o
 .debug_info    0x000052d0      0x2aa .\CortexM0\ARM_GCC_493\Debug\myDelay.o
 .debug_info    0x0000557a      0x240 .\CortexM0\ARM_GCC_493\Debug\main.o
 .debug_info    0x000057ba      0x19a .\CortexM0\ARM_GCC_493\Debug\debug.o
 .debug_info    0x00005954       0xfe .\CortexM0\ARM_GCC_493\Debug\cymetadata.o
 .debug_info    0x00005a52      0x300 .\CortexM0\ARM_GCC_493\Debug\Cm0Start.o
 .debug_info    0x00005d52      0x357 .\CortexM0\ARM_GCC_493\Debug\fin_v0.a(cyfitter_cfg.o)
 .debug_info    0x000060a9       0xb0 .\CortexM0\ARM_GCC_493\Debug\fin_v0.a(CyBootAsmGnu.o)
 .debug_info    0x00006159      0x985 .\CortexM0\ARM_GCC_493\Debug\fin_v0.a(CyLib.o)
 .debug_info    0x00006ade      0xaa3 .\CortexM0\ARM_GCC_493\Debug\fin_v0.a(CyLFClk.o)
 .debug_info    0x00007581      0xa4c .\CortexM0\ARM_GCC_493\Debug\fin_v0.a(RTC.o)
 .debug_info    0x00007fcd      0x1e4 .\CortexM0\ARM_GCC_493\Debug\fin_v0.a(I2C.o)
 .debug_info    0x000081b1      0x11c .\CortexM0\ARM_GCC_493\Debug\fin_v0.a(I2C_I2C.o)
 .debug_info    0x000082cd      0x469 .\CortexM0\ARM_GCC_493\Debug\fin_v0.a(I2C_I2C_MASTER.o)
 .debug_info    0x00008736      0x3e8 .\CortexM0\ARM_GCC_493\Debug\fin_v0.a(LCD.o)
 .debug_info    0x00008b1e       0xf7 .\CortexM0\ARM_GCC_493\Debug\fin_v0.a(LCD_CustChars.o)
 .debug_info    0x00008c15      0x19a .\CortexM0\ARM_GCC_493\Debug\fin_v0.a(GatePin.o)
 .debug_info    0x00008daf      0x6f4 .\CortexM0\ARM_GCC_493\Debug\fin_v0.a(Timer_LED.o)
 .debug_info    0x000094a3      0x246 .\CortexM0\ARM_GCC_493\Debug\fin_v0.a(Int_Timer_Led.o)
 .debug_info    0x000096e9      0x19a .\CortexM0\ARM_GCC_493\Debug\fin_v0.a(LED_PIN.o)
 .debug_info    0x00009883      0x201 .\CortexM0\ARM_GCC_493\Debug\fin_v0.a(UART_XB.o)
 .debug_info    0x00009a84      0x2f5 .\CortexM0\ARM_GCC_493\Debug\fin_v0.a(UART_XB_SPI_UART.o)
 .debug_info    0x00009d79      0x31d .\CortexM0\ARM_GCC_493\Debug\fin_v0.a(UART_XB_UART.o)
 .debug_info    0x0000a096      0x28c .\CortexM0\ARM_GCC_493\Debug\fin_v0.a(SwSPI_Master.o)
 .debug_info    0x0000a322      0x246 .\CortexM0\ARM_GCC_493\Debug\fin_v0.a(GATE_INT.o)
 .debug_info    0x0000a568      0x254 .\CortexM0\ARM_GCC_493\Debug\fin_v0.a(AppDelay.o)
 .debug_info    0x0000a7bc      0x222 .\CortexM0\ARM_GCC_493\Debug\fin_v0.a(SW_UART_DEBUG.o)
 .debug_info    0x0000a9de      0x19a .\CortexM0\ARM_GCC_493\Debug\fin_v0.a(SDinsert.o)
 .debug_info    0x0000ab78      0x149 .\CortexM0\ARM_GCC_493\Debug\fin_v0.a(cyutils.o)
 .debug_info    0x0000acc1      0x18b .\CortexM0\ARM_GCC_493\Debug\fin_v0.a(I2C_I2C_INT.o)
 .debug_info    0x0000ae4c      0x17d .\CortexM0\ARM_GCC_493\Debug\fin_v0.a(UART_XB_SPI_UART_INT.o)
 .debug_info    0x0000afc9       0xb8 .\CortexM0\ARM_GCC_493\Debug\fin_v0.a(SW_UART_DEBUG_AsmGnu.o)

.debug_abbrev   0x00000000     0x30db
 *(.debug_abbrev)
 .debug_abbrev  0x00000000      0x191 .\CortexM0\ARM_GCC_493\Debug\RTC_WDT.o
 .debug_abbrev  0x00000191      0x182 .\CortexM0\ARM_GCC_493\Debug\DS1307.o
 .debug_abbrev  0x00000313      0x11d .\CortexM0\ARM_GCC_493\Debug\display.o
 .debug_abbrev  0x00000430      0x1eb .\CortexM0\ARM_GCC_493\Debug\ff.o
 .debug_abbrev  0x0000061b       0xce .\CortexM0\ARM_GCC_493\Debug\rtc_fat.o
 .debug_abbrev  0x000006e9      0x163 .\CortexM0\ARM_GCC_493\Debug\sdcard.o
 .debug_abbrev  0x0000084c       0xbd .\CortexM0\ARM_GCC_493\Debug\gate.o
 .debug_abbrev  0x00000909      0x1ed .\CortexM0\ARM_GCC_493\Debug\database.o
 .debug_abbrev  0x00000af6      0x14f .\CortexM0\ARM_GCC_493\Debug\logResult.o
 .debug_abbrev  0x00000c45       0xa5 .\CortexM0\ARM_GCC_493\Debug\LED.o
 .debug_abbrev  0x00000cea       0xc2 .\CortexM0\ARM_GCC_493\Debug\crc32.o
 .debug_abbrev  0x00000dac      0x220 .\CortexM0\ARM_GCC_493\Debug\network.o
 .debug_abbrev  0x00000fcc      0x19f .\CortexM0\ARM_GCC_493\Debug\svt.o
 .debug_abbrev  0x0000116b      0x131 .\CortexM0\ARM_GCC_493\Debug\ntp.o
 .debug_abbrev  0x0000129c       0xd8 .\CortexM0\ARM_GCC_493\Debug\myDelay.o
 .debug_abbrev  0x00001374       0xbb .\CortexM0\ARM_GCC_493\Debug\main.o
 .debug_abbrev  0x0000142f       0xaa .\CortexM0\ARM_GCC_493\Debug\debug.o
 .debug_abbrev  0x000014d9       0x5d .\CortexM0\ARM_GCC_493\Debug\cymetadata.o
 .debug_abbrev  0x00001536      0x1a5 .\CortexM0\ARM_GCC_493\Debug\Cm0Start.o
 .debug_abbrev  0x000016db      0x18a .\CortexM0\ARM_GCC_493\Debug\fin_v0.a(cyfitter_cfg.o)
 .debug_abbrev  0x00001865       0x14 .\CortexM0\ARM_GCC_493\Debug\fin_v0.a(CyBootAsmGnu.o)
 .debug_abbrev  0x00001879      0x1a7 .\CortexM0\ARM_GCC_493\Debug\fin_v0.a(CyLib.o)
 .debug_abbrev  0x00001a20      0x228 .\CortexM0\ARM_GCC_493\Debug\fin_v0.a(CyLFClk.o)
 .debug_abbrev  0x00001c48      0x212 .\CortexM0\ARM_GCC_493\Debug\fin_v0.a(RTC.o)
 .debug_abbrev  0x00001e5a       0xdb .\CortexM0\ARM_GCC_493\Debug\fin_v0.a(I2C.o)
 .debug_abbrev  0x00001f35       0x90 .\CortexM0\ARM_GCC_493\Debug\fin_v0.a(I2C_I2C.o)
 .debug_abbrev  0x00001fc5      0x163 .\CortexM0\ARM_GCC_493\Debug\fin_v0.a(I2C_I2C_MASTER.o)
 .debug_abbrev  0x00002128      0x131 .\CortexM0\ARM_GCC_493\Debug\fin_v0.a(LCD.o)
 .debug_abbrev  0x00002259       0xa2 .\CortexM0\ARM_GCC_493\Debug\fin_v0.a(LCD_CustChars.o)
 .debug_abbrev  0x000022fb       0xaa .\CortexM0\ARM_GCC_493\Debug\fin_v0.a(GatePin.o)
 .debug_abbrev  0x000023a5       0xfc .\CortexM0\ARM_GCC_493\Debug\fin_v0.a(Timer_LED.o)
 .debug_abbrev  0x000024a1      0x16a .\CortexM0\ARM_GCC_493\Debug\fin_v0.a(Int_Timer_Led.o)
 .debug_abbrev  0x0000260b       0xaa .\CortexM0\ARM_GCC_493\Debug\fin_v0.a(LED_PIN.o)
 .debug_abbrev  0x000026b5       0xc5 .\CortexM0\ARM_GCC_493\Debug\fin_v0.a(UART_XB.o)
 .debug_abbrev  0x0000277a      0x149 .\CortexM0\ARM_GCC_493\Debug\fin_v0.a(UART_XB_SPI_UART.o)
 .debug_abbrev  0x000028c3       0xfd .\CortexM0\ARM_GCC_493\Debug\fin_v0.a(UART_XB_UART.o)
 .debug_abbrev  0x000029c0      0x10e .\CortexM0\ARM_GCC_493\Debug\fin_v0.a(SwSPI_Master.o)
 .debug_abbrev  0x00002ace      0x16a .\CortexM0\ARM_GCC_493\Debug\fin_v0.a(GATE_INT.o)
 .debug_abbrev  0x00002c38      0x14f .\CortexM0\ARM_GCC_493\Debug\fin_v0.a(AppDelay.o)
 .debug_abbrev  0x00002d87       0xd2 .\CortexM0\ARM_GCC_493\Debug\fin_v0.a(SW_UART_DEBUG.o)
 .debug_abbrev  0x00002e59       0xaa .\CortexM0\ARM_GCC_493\Debug\fin_v0.a(SDinsert.o)
 .debug_abbrev  0x00002f03       0xa2 .\CortexM0\ARM_GCC_493\Debug\fin_v0.a(cyutils.o)
 .debug_abbrev  0x00002fa5       0x88 .\CortexM0\ARM_GCC_493\Debug\fin_v0.a(I2C_I2C_INT.o)
 .debug_abbrev  0x0000302d       0x9a .\CortexM0\ARM_GCC_493\Debug\fin_v0.a(UART_XB_SPI_UART_INT.o)
 .debug_abbrev  0x000030c7       0x14 .\CortexM0\ARM_GCC_493\Debug\fin_v0.a(SW_UART_DEBUG_AsmGnu.o)

.debug_line     0x00000000     0x6764
 *(.debug_line)
 .debug_line    0x00000000      0x2c1 .\CortexM0\ARM_GCC_493\Debug\RTC_WDT.o
 .debug_line    0x000002c1      0x44c .\CortexM0\ARM_GCC_493\Debug\DS1307.o
 .debug_line    0x0000070d      0x26d .\CortexM0\ARM_GCC_493\Debug\display.o
 .debug_line    0x0000097a     0x1016 .\CortexM0\ARM_GCC_493\Debug\ff.o
 .debug_line    0x00001990      0x236 .\CortexM0\ARM_GCC_493\Debug\rtc_fat.o
 .debug_line    0x00001bc6      0x2f9 .\CortexM0\ARM_GCC_493\Debug\sdcard.o
 .debug_line    0x00001ebf      0x1ae .\CortexM0\ARM_GCC_493\Debug\gate.o
 .debug_line    0x0000206d      0x2ad .\CortexM0\ARM_GCC_493\Debug\database.o
 .debug_line    0x0000231a      0x2d3 .\CortexM0\ARM_GCC_493\Debug\logResult.o
 .debug_line    0x000025ed      0x19a .\CortexM0\ARM_GCC_493\Debug\LED.o
 .debug_line    0x00002787      0x1bf .\CortexM0\ARM_GCC_493\Debug\crc32.o
 .debug_line    0x00002946      0x388 .\CortexM0\ARM_GCC_493\Debug\network.o
 .debug_line    0x00002cce      0x269 .\CortexM0\ARM_GCC_493\Debug\svt.o
 .debug_line    0x00002f37      0x21d .\CortexM0\ARM_GCC_493\Debug\ntp.o
 .debug_line    0x00003154      0x202 .\CortexM0\ARM_GCC_493\Debug\myDelay.o
 .debug_line    0x00003356      0x21c .\CortexM0\ARM_GCC_493\Debug\main.o
 .debug_line    0x00003572       0xbf .\CortexM0\ARM_GCC_493\Debug\debug.o
 .debug_line    0x00003631       0x53 .\CortexM0\ARM_GCC_493\Debug\cymetadata.o
 .debug_line    0x00003684      0x1ca .\CortexM0\ARM_GCC_493\Debug\Cm0Start.o
 .debug_line    0x0000384e      0x1b9 .\CortexM0\ARM_GCC_493\Debug\fin_v0.a(cyfitter_cfg.o)
 .debug_line    0x00003a07       0x6a .\CortexM0\ARM_GCC_493\Debug\fin_v0.a(CyBootAsmGnu.o)
 .debug_line    0x00003a71      0x4af .\CortexM0\ARM_GCC_493\Debug\fin_v0.a(CyLib.o)
 .debug_line    0x00003f20      0x6ee .\CortexM0\ARM_GCC_493\Debug\fin_v0.a(CyLFClk.o)
 .debug_line    0x0000460e      0x4b3 .\CortexM0\ARM_GCC_493\Debug\fin_v0.a(RTC.o)
 .debug_line    0x00004ac1      0x135 .\CortexM0\ARM_GCC_493\Debug\fin_v0.a(I2C.o)
 .debug_line    0x00004bf6       0xb3 .\CortexM0\ARM_GCC_493\Debug\fin_v0.a(I2C_I2C.o)
 .debug_line    0x00004ca9      0x2bb .\CortexM0\ARM_GCC_493\Debug\fin_v0.a(I2C_I2C_MASTER.o)
 .debug_line    0x00004f64      0x1f0 .\CortexM0\ARM_GCC_493\Debug\fin_v0.a(LCD.o)
 .debug_line    0x00005154       0x7d .\CortexM0\ARM_GCC_493\Debug\fin_v0.a(LCD_CustChars.o)
 .debug_line    0x000051d1       0xc1 .\CortexM0\ARM_GCC_493\Debug\fin_v0.a(GatePin.o)
 .debug_line    0x00005292      0x375 .\CortexM0\ARM_GCC_493\Debug\fin_v0.a(Timer_LED.o)
 .debug_line    0x00005607      0x175 .\CortexM0\ARM_GCC_493\Debug\fin_v0.a(Int_Timer_Led.o)
 .debug_line    0x0000577c       0xc1 .\CortexM0\ARM_GCC_493\Debug\fin_v0.a(LED_PIN.o)
 .debug_line    0x0000583d      0x136 .\CortexM0\ARM_GCC_493\Debug\fin_v0.a(UART_XB.o)
 .debug_line    0x00005973      0x165 .\CortexM0\ARM_GCC_493\Debug\fin_v0.a(UART_XB_SPI_UART.o)
 .debug_line    0x00005ad8      0x1dc .\CortexM0\ARM_GCC_493\Debug\fin_v0.a(UART_XB_UART.o)
 .debug_line    0x00005cb4      0x28d .\CortexM0\ARM_GCC_493\Debug\fin_v0.a(SwSPI_Master.o)
 .debug_line    0x00005f41      0x170 .\CortexM0\ARM_GCC_493\Debug\fin_v0.a(GATE_INT.o)
 .debug_line    0x000060b1      0x173 .\CortexM0\ARM_GCC_493\Debug\fin_v0.a(AppDelay.o)
 .debug_line    0x00006224       0xeb .\CortexM0\ARM_GCC_493\Debug\fin_v0.a(SW_UART_DEBUG.o)
 .debug_line    0x0000630f       0xc2 .\CortexM0\ARM_GCC_493\Debug\fin_v0.a(SDinsert.o)
 .debug_line    0x000063d1       0x79 .\CortexM0\ARM_GCC_493\Debug\fin_v0.a(cyutils.o)
 .debug_line    0x0000644a      0x1a3 .\CortexM0\ARM_GCC_493\Debug\fin_v0.a(I2C_I2C_INT.o)
 .debug_line    0x000065ed       0xcf .\CortexM0\ARM_GCC_493\Debug\fin_v0.a(UART_XB_SPI_UART_INT.o)
 .debug_line    0x000066bc       0xa8 .\CortexM0\ARM_GCC_493\Debug\fin_v0.a(SW_UART_DEBUG_AsmGnu.o)

.debug_frame    0x00000000     0x4ac4
 *(.debug_frame)
 .debug_frame   0x00000000      0x1f8 .\CortexM0\ARM_GCC_493\Debug\RTC_WDT.o
 .debug_frame   0x000001f8      0x14c .\CortexM0\ARM_GCC_493\Debug\DS1307.o
 .debug_frame   0x00000344      0x17c .\CortexM0\ARM_GCC_493\Debug\display.o